
> go-derivatives-ton@0.0.1 test-market-ton
> npm run build && jest ./tests/MarketTon.spec.ts --verbose


> go-derivatives-ton@0.0.1 build
> blueprint build Factory 1>/dev/null

  console.log
    User fee :-0.035626

      at createDeal (tests/MarketTon.spec.ts:1954:17)

  console.log
    User fee :-0.1193864

      at takeDeal (tests/MarketTon.spec.ts:2019:17)

  console.log
    [
      {
        address: 105818132960003171416304597453717637701794574747475969910003481004036112389684n,
        lt: 33000000n,
        prevTransactionHash: 80139877960423881356282591849828037911167540272534851095600829643156212393214n,
        prevTransactionLt: 9000000n,
        now: 1732922821,
        outMessagesCount: 1,
        oldStatus: 'active',
        endStatus: 'active',
        inMessage: {
          info: [Object],
          init: null,
          body: x{579378ED124D4474AEAC829C138B5598B5168CF79FD305630FA5D54299276449C_}
           x{D001}
            x{6200292EBCDAC4F8EB9DC3CA19668D2CB607CE2167A30233DDDBCAED2D106010E09C21DCD6500000000000000000000000000000E9626FBA000000000000000000000000}
             x{03DF94AA22408F0D180000001937A3FC9884_}
             x{03DF94AA23405F5E100000001937A3FC9884_}
        },
        outMessages: Dictionary { _key: [Object], _value: [Object], _map: [Map] },
        totalFees: { coins: 2020320n },
        stateUpdate: {
          oldHash: <Buffer 3b 5a 55 86 54 ae 3b 63 64 15 69 45 8d 13 1b 65 a2 c4 f6 6b 7d b4 c5 e0 26 1f 79 bf c8 fc af 49>,
          newHash: <Buffer de 26 f8 b4 eb 79 5b 7e c4 7d 20 ae c0 01 af 03 38 26 64 cf 28 9a 35 4b 1f 7c 06 6d 4c c5 b1 e3>
        },
        description: {
          type: 'generic',
          creditFirst: true,
          storagePhase: [Object],
          creditPhase: undefined,
          computePhase: [Object],
          actionPhase: [Object],
          bouncePhase: undefined,
          aborted: false,
          destroyed: false
        },
        raw: x{7E9F2F0D84B872955EA7531CD76AA1708C7F19E9781FF03939BD35BA547EE16340000000001F78A40B12D90427620A8A3A8C2E1C918ABE3EEA6B29274705D4AA23796C172231FA4FE0000000000895440674A4DC50003463DA7C0}
         x{E_}
          x{8801D3E5E1B0970E52ABD4EA639AED542E118FE33D2F03FE072737A6B74A8FDC2C6802BC9BC768926A23A5756414E09C5AACC5A8B467BCFE982B187D2EAA14C93B224E_}
           x{D001}
            x{6200292EBCDAC4F8EB9DC3CA19668D2CB607CE2167A30233DDDBCAED2D106010E09C21DCD6500000000000000000000000000000E9626FBA000000000000000000000000}
             x{03DF94AA22408F0D180000001937A3FC9884_}
             x{03DF94AA23405F5E100000001937A3FC9884_}
          x{DF_}
           x{6801D3E5E1B0970E52ABD4EA639AED542E118FE33D2F03FE072737A6B74A8FDC2C690014975E6D627C75CEE1E50CB346965B03E710B3D18119EEEDE57696883008704E10EE6B2800060C0F880000000003EF1482CE949B8A74B137DD0000000000000000000000004_}
            x{03DF94AA22408F0D180000001937A3FC9884_}
            x{03DF94AA23405F5E100000001937A3FC9884_}
         x{723B5A558654AE3B63641569458D131B65A2C4F66B7DB4C5E0261F79BFC8FCAF49DE26F8B4EB795B7EC47D20AEC001AF03382664CF289A354B1F7C066D4CC5B1E3}
         x{0CC0939506185E94844_}
          x{40F223138800000000000000000C800000000000000000000000000000000000000000000000000000000000000000000000000000000000000000000000000000000000000000000000000000002_}
          x{C98485D04C0C0F700000000000020000000000025D48D71B4DE6F23A1CD01FF00DFB86DF70B8D7385A77621FAD614DD469ED746640D022DC_},
        hash: [Function: hash],
        blockchainLogs: '[ 4][t 0][2024-10-30 23:27:01.685000][transaction.cpp:443]\tunpacking account E9F2F0D84B872955EA7531CD76AA1708C7F19E9781FF03939BD35BA547EE1634\n' +
          '[ 4][t 0][2024-10-30 23:27:01.685000][transaction.cpp:274]\tlast_paid=1730330821; cells=6 bits=821 public_cells=0\n' +
          '[ 4][t 0][2024-10-30 23:27:01.685000][transaction.cpp:504]\tend of Account.unpack() for 0:E9F2F0D84B872955EA7531CD76AA1708C7F19E9781FF03939BD35BA547EE1634 (balance = 1000000000000000ng ; last_trans_lt = 9000000..9000001)\n' +
          '[ 4][t 0][2024-10-30 23:27:01.685000][transaction.cpp:3655]\tblock random seed set to 0000000000000000000000000000000000000000000000000000000000000000\n' +
          '[ 4][t 0][2024-10-30 23:27:01.685000][transaction.cpp:788]\tstorage paid for a message: 4 cells, 842 bits\n' +
          '[ 4][t 0][2024-10-30 23:27:01.685000][transaction.cpp:802]\tcomputed fwd fees = 896800 + 0\n' +
          '[ 4][t 0][2024-10-30 23:27:01.686000][transaction.cpp:1236]\tgas limits: max=1000000, limit=0, credit=10000\n' +
          '[ 4][t 0][2024-10-30 23:27:01.686000][transaction.cpp:1575]\tin_msg_state is null\n' +
          '[ 4][t 0][2024-10-30 23:27:01.686000][transaction.cpp:1645]\tcreating VM\n' +
          '[ 4][t 0][2024-10-30 23:27:01.686000][transaction.cpp:1351]\tSmartContractInfo initialized with [ 124711402 0 0 1732922821 33000000 33000000 60210483465141978598827679003117970236339845468170532052053411751718225576024 [ 999999998952076 (null) ] CS{Cell{0275c00e9f2f0d84b872955ea7531cd76aa1708c7f19e9781ff03939bd35ba547ee163420c80cd43391606280000000002255105c0e35fa931a0001340} bits: 1..268; refs: 0..0} C{A7EC01478F770EF8F8B037CC7E42F0ABF0D85A50E1828C2394DAD1411691F2DE} C{D992502B94EA96E7B34E5D62FFB0C6FC73D78B3E61F11F0848FB3A1EB1AFC912} [ 0 (null) ] 151124 (null) [ CS{Cell{004dd06600000000000000000000000080000000000000fa00000000000001f4000000000003d09040} bits: 9..305; refs: 0..0} (null) CS{Cell{0094d1000000000000006400000000000f4240de000000002710000000000000000f42400000000002160ec0000000000000271000000000002625a00000000005f5e100000000003b9aca00} bits: 0..592; refs: 0..0} CS{Cell{0094d100000000000000640000000000009c40de000000000190000000000000000f424000000000000f4240000000000000271000000000009896800000000005f5e100000000003b9aca00} bits: 0..592; refs: 0..0} CS{Cell{0042ea000000000098968000000000271000000000000f424000000001800055555555} bits: 0..264; refs: 0..0} CS{Cell{0042ea0000000000061a800000000001900000000000009c4000000001800055555555} bits: 0..264; refs: 0..0} (null) ] 0 (null) ]\n' +
          '[ 4][t 0][2024-10-30 23:27:01.686000][transaction.cpp:1675]\tstarting VM\n' +
          '[ 4][t 0][2024-10-30 23:27:01.686000][transaction.cpp:1680]\tVM terminated with exit code 0\n' +
          '[ 3][t 0][2024-10-30 23:27:01.686000][transaction.cpp:1702]\tsteps: 50 gas: used=1937, max=1000000, limit=1000000, credit=0\n' +
          '[ 3][t 0][2024-10-30 23:27:01.686000][transaction.cpp:1704]\tout_of_gas=false, accepted=true, success=true, time=0.000185s\n' +
          '[ 4][t 0][2024-10-30 23:27:01.686000][transaction.cpp:1737]\tgas fees: 774800 = 26214400 * 1937 /2^16 ; price=26214400; flat rate=[40000 for 100]; remaining balance=999999998177276ng\n' +
          '[ 4][t 0][2024-10-30 23:27:01.686000][transaction.cpp:2448]\tstorage paid for a message: 2 cells, 282 bits\n' +
          '[ 4][t 0][2024-10-30 23:27:01.686000][transaction.cpp:2452]\tcomputed fwd fees = 592800 + 0\n',
        vmLogs: 'ULLSWAPIFNOT2\n' +
          'execute DUP\n' +
          'execute PUSHCONT x02D307D43001FB00\n' +
          'execute PUSHCONT x32\n' +
          'execute IFELSE\n' +
          'execute POP s2\n' +
          'execute implicit RET\n' +
          'execute SWAP\n' +
          'execute NOT\n' +
          'execute implicit RET\n' +
          'until loop body end\n' +
          'until loop terminated\n' +
          'execute 2DROP\n' +
          'execute implicit RET\n',
        debugLogs: '',
        events: [ [Object] ],
        parent: undefined,
        children: [ [Object] ],
        externals: []
      },
      {
        address: 37254810366437813475271750514734067285117962570475561289538093995582013161784n,
        lt: 34000000n,
        prevTransactionHash: 9438003812053678636955034714836384103838422866264889557803656321962821710941n,
        prevTransactionLt: 25000000n,
        now: 1732922821,
        outMessagesCount: 1,
        oldStatus: 'active',
        endStatus: 'active',
        inMessage: {
          info: [Object],
          init: null,
          body: x{E9626FBA000000000000000000000000}
           x{03DF94AA22408F0D180000001937A3FC9884_}
           x{03DF94AA23405F5E100000001937A3FC9884_}
        },
        outMessages: Dictionary { _key: [Object], _value: [Object], _map: [Map] },
        totalFees: { coins: 16763500n },
        stateUpdate: {
          oldHash: <Buffer 6c d2 65 e6 43 ca 04 b4 04 5b 3e c5 e8 c6 6a 1b 19 31 19 37 57 e1 16 31 b9 6f 41 a6 c6 98 35 fa>,
          newHash: <Buffer bc 78 d8 5e ad 5b 21 b0 34 64 7e 6c 8c d4 ab 02 b9 0e ff 28 15 5c 7b cf ee 4a e6 db 54 b0 24 48>
        },
        description: {
          type: 'generic',
          creditFirst: false,
          storagePhase: [Object],
          creditPhase: [Object],
          computePhase: [Object],
          actionPhase: [Object],
          bouncePhase: undefined,
          aborted: false,
          destroyed: false
        },
        raw: x{7525D79B589F1D73B879432CD1A596C0F9C42CF460467BBB795DA5A20C021C138000000000206CC8014DDB889E6184DC2FBE99DD80DA6E6947B6F0F75CBA8CA246F4DAB305612745D00000000017D7840674A4DC5000347FF94D8}
         x{E_}
          x{6801D3E5E1B0970E52ABD4EA639AED542E118FE33D2F03FE072737A6B74A8FDC2C690014975E6D627C75CEE1E50CB346965B03E710B3D18119EEEDE57696883008704E10EE6B2800060C0F880000000003EF1482CE949B8A74B137DD0000000000000000000000004_}
           x{03DF94AA22408F0D180000001937A3FC9884_}
           x{03DF94AA23405F5E100000001937A3FC9884_}
          x{DF_}
           x{6800A4BAF36B13E3AE770F28659A34B2D81F38859E8C08CF776F2BB4B441804382710004962180C9C942539E711306AE590BF872FC6FD35DF6C970D1776F9EA3202F3510EA5359EC060C523200000000040D9902CE949B8AC_}
            x{03DF94AA000000000000000022408F0D180000001937A3FC98811A02FAF080000000C9BD1FE4C42_}
             x{}
         x{726CD265E643CA04B4045B3EC5E8C66A1B1931193757E11631B96F41A6C69835FABC78D85EAD5B21B034647E6C8CD4AB02B90EFF28155C7BCFEE4AE6DB54B02448}
         x{04DDDA39490EE6B2801870A9A011_}
          x{4AAA0C3D090000000000000000025500000000000000000000000000000000000000000000000000000000000000000000000000000000000000000000000000000000000000000000000000000000}
          x{C9849ED04C0C521C00000000000400020000000282B9FBA1701CEDEEFCDB2F3592E550C2B80A145959543EAEF85C887C66360F8240D01FDC_},
        hash: [Function: hash],
        blockchainLogs: '[ 4][t 0][2024-10-30 23:27:01.689000][transaction.cpp:443]\tunpacking account 525D79B589F1D73B879432CD1A596C0F9C42CF460467BBB795DA5A20C021C138\n' +
          '[ 4][t 0][2024-10-30 23:27:01.689000][transaction.cpp:274]\tlast_paid=1730330821; cells=229 bits=83363 public_cells=0\n' +
          '[ 4][t 0][2024-10-30 23:27:01.689000][transaction.cpp:504]\tend of Account.unpack() for 0:525D79B589F1D73B879432CD1A596C0F9C42CF460467BBB795DA5A20C021C138 (balance = 2100000000ng ; last_trans_lt = 25000000..25000006)\n' +
          '[ 4][t 0][2024-10-30 23:27:01.689000][transaction.cpp:3655]\tblock random seed set to 0000000000000000000000000000000000000000000000000000000000000000\n' +
          '[ 4][t 0][2024-10-30 23:27:01.689000][transaction.cpp:1236]\tgas limits: max=1000000, limit=1000000, credit=0\n' +
          '[ 4][t 0][2024-10-30 23:27:01.689000][transaction.cpp:1575]\tin_msg_state is null\n' +
          '[ 4][t 0][2024-10-30 23:27:01.689000][transaction.cpp:1645]\tcreating VM\n' +
          '[ 4][t 0][2024-10-30 23:27:01.689000][transaction.cpp:1351]\tSmartContractInfo initialized with [ 124711402 0 0 1732922821 34000000 34000000 14068792954309835536948273256715513127174070948738620016199408580766834334284 [ 3092174363 (null) ] CS{Cell{0271c00525d79b589f1d73b879432cd1a596c0f9c42cf460467bbb795da5a20c021c1383cac05168c3391606280000000005f5e1191f4add401340} bits: 1..268; refs: 0..0} C{A7EC01478F770EF8F8B037CC7E42F0ABF0D85A50E1828C2394DAD1411691F2DE} C{42B6F0E46484EFC57B9508F6BA7EF42E7512023D5CB4ED5628DD1C7755D16E9D} [ 1000000000 (null) ] 7825637 (null) [ CS{Cell{004dd06600000000000000000000000080000000000000fa00000000000001f4000000000003d09040} bits: 9..305; refs: 0..0} (null) CS{Cell{0094d1000000000000006400000000000f4240de000000002710000000000000000f42400000000002160ec0000000000000271000000000002625a00000000005f5e100000000003b9aca00} bits: 0..592; refs: 0..0} CS{Cell{0094d100000000000000640000000000009c40de000000000190000000000000000f424000000000000f4240000000000000271000000000009896800000000005f5e100000000003b9aca00} bits: 0..592; refs: 0..0} CS{Cell{0042ea000000000098968000000000271000000000000f424000000001800055555555} bits: 0..264; refs: 0..0} CS{Cell{0042ea0000000000061a800000000001900000000000009c4000000001800055555555} bits: 0..264; refs: 0..0} (null) ] 0 (null) ]\n' +
          '[ 4][t 0][2024-10-30 23:27:01.690000][transaction.cpp:1675]\tstarting VM\n' +
          '[ 4][t 0][2024-10-30 23:27:01.691000][transaction.cpp:1680]\tVM terminated with exit code 0\n' +
          '[ 3][t 0][2024-10-30 23:27:01.691000][transaction.cpp:1702]\tsteps: 597 gas: used=21840, max=1000000, limit=1000000, credit=0\n' +
          '[ 3][t 0][2024-10-30 23:27:01.691000][transaction.cpp:1704]\tout_of_gas=false, accepted=true, success=true, time=0.000913s\n' +
          '[ 4][t 0][2024-10-30 23:27:01.691000][transaction.cpp:1737]\tgas fees: 8736000 = 26214400 * 21840 /2^16 ; price=26214400; flat rate=[40000 for 100]; remaining balance=3083438363ng\n' +
          '[ 3][t 0][2024-10-30 23:27:01.691000][transaction.cpp:2678]\tin try_action_reserve_currency(0)\n' +
          '[ 4][t 0][2024-10-30 23:27:01.691000][transaction.cpp:2684]\taction_reserve_currency: mode=0, reserve=2100000000ng, balance=3083438363ng, original balance=2092174363ng\n' +
          '[ 3][t 0][2024-10-30 23:27:01.691000][transaction.cpp:2729]\tchanged remaining balance to 983438363ng, reserved balance to 2100000000ng\n' +
          '[ 4][t 0][2024-10-30 23:27:01.691000][transaction.cpp:2448]\tstorage paid for a message: 2 cells, 314 bits\n' +
          '[ 4][t 0][2024-10-30 23:27:01.691000][transaction.cpp:2452]\tcomputed fwd fees = 605600 + 0\n',
        vmLogs: 'xecute EQUAL\n' +
          'execute THROWIF 137\n' +
          'execute PUSHPOW2 10\n' +
          'execute EQUAL\n' +
          'execute THROWIFNOT 136\n' +
          'execute STSLICER\n' +
          'execute ENDC\n' +
          'execute ROT\n' +
          'execute STREF\n' +
          'execute ENDC\n' +
          'execute SWAP\n' +
          'execute STREF\n' +
          'execute implicit RET\n' +
          'execute ENDC\n' +
          'execute POP c4\n' +
          'execute implicit RET\n',
        debugLogs: '',
        events: [ [Object] ],
        parent: {
          address: 105818132960003171416304597453717637701794574747475969910003481004036112389684n,
          lt: 33000000n,
          prevTransactionHash: 80139877960423881356282591849828037911167540272534851095600829643156212393214n,
          prevTransactionLt: 9000000n,
          now: 1732922821,
          outMessagesCount: 1,
          oldStatus: 'active',
          endStatus: 'active',
          inMessage: [Object],
          outMessages: [Dictionary],
          totalFees: [Object],
          stateUpdate: [Object],
          description: [Object],
          raw: x{7E9F2F0D84B872955EA7531CD76AA1708C7F19E9781FF03939BD35BA547EE16340000000001F78A40B12D90427620A8A3A8C2E1C918ABE3EEA6B29274705D4AA23796C172231FA4FE0000000000895440674A4DC50003463DA7C0}
           x{E_}
            x{8801D3E5E1B0970E52ABD4EA639AED542E118FE33D2F03FE072737A6B74A8FDC2C6802BC9BC768926A23A5756414E09C5AACC5A8B467BCFE982B187D2EAA14C93B224E_}
             x{D001}
              x{6200292EBCDAC4F8EB9DC3CA19668D2CB607CE2167A30233DDDBCAED2D106010E09C21DCD6500000000000000000000000000000E9626FBA000000000000000000000000}
               x{03DF94AA22408F0D180000001937A3FC9884_}
               x{03DF94AA23405F5E100000001937A3FC9884_}
            x{DF_}
             x{6801D3E5E1B0970E52ABD4EA639AED542E118FE33D2F03FE072737A6B74A8FDC2C690014975E6D627C75CEE1E50CB346965B03E710B3D18119EEEDE57696883008704E10EE6B2800060C0F880000000003EF1482CE949B8A74B137DD0000000000000000000000004_}
              x{03DF94AA22408F0D180000001937A3FC9884_}
              x{03DF94AA23405F5E100000001937A3FC9884_}
           x{723B5A558654AE3B63641569458D131B65A2C4F66B7DB4C5E0261F79BFC8FCAF49DE26F8B4EB795B7EC47D20AEC001AF03382664CF289A354B1F7C066D4CC5B1E3}
           x{0CC0939506185E94844_}
            x{40F223138800000000000000000C800000000000000000000000000000000000000000000000000000000000000000000000000000000000000000000000000000000000000000000000000000002_}
            x{C98485D04C0C0F700000000000020000000000025D48D71B4DE6F23A1CD01FF00DFB86DF70B8D7385A77621FAD614DD469ED746640D022DC_},
          hash: [Function: hash],
          blockchainLogs: '[ 4][t 0][2024-10-30 23:27:01.685000][transaction.cpp:443]\tunpacking account E9F2F0D84B872955EA7531CD76AA1708C7F19E9781FF03939BD35BA547EE1634\n' +
            '[ 4][t 0][2024-10-30 23:27:01.685000][transaction.cpp:274]\tlast_paid=1730330821; cells=6 bits=821 public_cells=0\n' +
            '[ 4][t 0][2024-10-30 23:27:01.685000][transaction.cpp:504]\tend of Account.unpack() for 0:E9F2F0D84B872955EA7531CD76AA1708C7F19E9781FF03939BD35BA547EE1634 (balance = 1000000000000000ng ; last_trans_lt = 9000000..9000001)\n' +
            '[ 4][t 0][2024-10-30 23:27:01.685000][transaction.cpp:3655]\tblock random seed set to 0000000000000000000000000000000000000000000000000000000000000000\n' +
            '[ 4][t 0][2024-10-30 23:27:01.685000][transaction.cpp:788]\tstorage paid for a message: 4 cells, 842 bits\n' +
            '[ 4][t 0][2024-10-30 23:27:01.685000][transaction.cpp:802]\tcomputed fwd fees = 896800 + 0\n' +
            '[ 4][t 0][2024-10-30 23:27:01.686000][transaction.cpp:1236]\tgas limits: max=1000000, limit=0, credit=10000\n' +
            '[ 4][t 0][2024-10-30 23:27:01.686000][transaction.cpp:1575]\tin_msg_state is null\n' +
            '[ 4][t 0][2024-10-30 23:27:01.686000][transaction.cpp:1645]\tcreating VM\n' +
            '[ 4][t 0][2024-10-30 23:27:01.686000][transaction.cpp:1351]\tSmartContractInfo initialized with [ 124711402 0 0 1732922821 33000000 33000000 60210483465141978598827679003117970236339845468170532052053411751718225576024 [ 999999998952076 (null) ] CS{Cell{0275c00e9f2f0d84b872955ea7531cd76aa1708c7f19e9781ff03939bd35ba547ee163420c80cd43391606280000000002255105c0e35fa931a0001340} bits: 1..268; refs: 0..0} C{A7EC01478F770EF8F8B037CC7E42F0ABF0D85A50E1828C2394DAD1411691F2DE} C{D992502B94EA96E7B34E5D62FFB0C6FC73D78B3E61F11F0848FB3A1EB1AFC912} [ 0 (null) ] 151124 (null) [ CS{Cell{004dd06600000000000000000000000080000000000000fa00000000000001f4000000000003d09040} bits: 9..305; refs: 0..0} (null) CS{Cell{0094d1000000000000006400000000000f4240de000000002710000000000000000f42400000000002160ec0000000000000271000000000002625a00000000005f5e100000000003b9aca00} bits: 0..592; refs: 0..0} CS{Cell{0094d100000000000000640000000000009c40de000000000190000000000000000f424000000000000f4240000000000000271000000000009896800000000005f5e100000000003b9aca00} bits: 0..592; refs: 0..0} CS{Cell{0042ea000000000098968000000000271000000000000f424000000001800055555555} bits: 0..264; refs: 0..0} CS{Cell{0042ea0000000000061a800000000001900000000000009c4000000001800055555555} bits: 0..264; refs: 0..0} (null) ] 0 (null) ]\n' +
            '[ 4][t 0][2024-10-30 23:27:01.686000][transaction.cpp:1675]\tstarting VM\n' +
            '[ 4][t 0][2024-10-30 23:27:01.686000][transaction.cpp:1680]\tVM terminated with exit code 0\n' +
            '[ 3][t 0][2024-10-30 23:27:01.686000][transaction.cpp:1702]\tsteps: 50 gas: used=1937, max=1000000, limit=1000000, credit=0\n' +
            '[ 3][t 0][2024-10-30 23:27:01.686000][transaction.cpp:1704]\tout_of_gas=false, accepted=true, success=true, time=0.000185s\n' +
            '[ 4][t 0][2024-10-30 23:27:01.686000][transaction.cpp:1737]\tgas fees: 774800 = 26214400 * 1937 /2^16 ; price=26214400; flat rate=[40000 for 100]; remaining balance=999999998177276ng\n' +
            '[ 4][t 0][2024-10-30 23:27:01.686000][transaction.cpp:2448]\tstorage paid for a message: 2 cells, 282 bits\n' +
            '[ 4][t 0][2024-10-30 23:27:01.686000][transaction.cpp:2452]\tcomputed fwd fees = 592800 + 0\n',
          vmLogs: 'ULLSWAPIFNOT2\n' +
            'execute DUP\n' +
            'execute PUSHCONT x02D307D43001FB00\n' +
            'execute PUSHCONT x32\n' +
            'execute IFELSE\n' +
            'execute POP s2\n' +
            'execute implicit RET\n' +
            'execute SWAP\n' +
            'execute NOT\n' +
            'execute implicit RET\n' +
            'until loop body end\n' +
            'until loop terminated\n' +
            'execute 2DROP\n' +
            'execute implicit RET\n',
          debugLogs: '',
          events: [Array],
          parent: undefined,
          children: [Array],
          externals: []
        },
        children: [ [Object] ],
        externals: []
      },
      {
        address: 8298038735212017995993598744482915721429218553349686891340117237129977838804n,
        lt: 35000000n,
        prevTransactionHash: 70654993227190308815742676492290967241636340254415293883131190554833545921803n,
        prevTransactionLt: 22000000n,
        now: 1732922821,
        outMessagesCount: 1,
        oldStatus: 'active',
        endStatus: 'active',
        inMessage: {
          info: [Object],
          init: null,
          body: x{03DF94AA000000000000000022408F0D180000001937A3FC98811A02FAF080000000C9BD1FE4C42_}
           x{}
        },
        outMessages: Dictionary { _key: [Object], _value: [Object], _map: [Map] },
        totalFees: { coins: 3697061n },
        stateUpdate: {
          oldHash: <Buffer 6c c3 87 49 cf 37 93 51 21 60 3d 4c 4d d9 65 ba 34 15 45 8a f9 97 c3 07 ed 88 34 f2 4d fb 30 19>,
          newHash: <Buffer 19 ed 94 ff b8 0c e6 0e e3 6b f9 ad 27 42 93 81 28 00 cc b7 8f 7f f4 bd 71 f9 31 6a 33 25 c8 6f>
        },
        description: {
          type: 'generic',
          creditFirst: false,
          storagePhase: [Object],
          creditPhase: [Object],
          computePhase: [Object],
          actionPhase: [Object],
          bouncePhase: undefined,
          aborted: false,
          destroyed: false
        },
        raw: x{7125886032725094E79C44C1AB9642FE1CBF1BF4D77DB25C345DDBE7A8C80BCD40000000002160EC09C354F1A8CFC3E80D5D70C972BA97F6D43667172A1438836BF5D58B2F2C9050B00000000014FB180674A4DC500034670D34A}
         x{E_}
          x{6800A4BAF36B13E3AE770F28659A34B2D81F38859E8C08CF776F2BB4B441804382710004962180C9C942539E711306AE590BF872FC6FD35DF6C970D1776F9EA3202F3510EA5359EC060C523200000000040D9902CE949B8A01EFCA550000000000000000112047868C0000000C9BD1FE4C408D017D784000000064DE8FF2621_}
           x{}
          x{DF_}
           x{680024B10C064E4A129CF388983572C85FC397E37E9AEFB64B868BBB7CF5190179A90014975E6D627C75CEE1E50CB346965B03E710B3D18119EEEDE57696883008704E10E948BFEC061479B600000000042C1D82CE949B8AC_}
            x{935FA9D10000000000000000}
             x{00000000000000000000000000000000000000000000000000000000000000220000000000000000000000000000000000000000000000000000000008F0D18001937A3FC988}
             x{00000000000000000000000000000000000000000000000000000000000000230000000000000000000000000000000000000000000000000000000005F5E10001937A3FC988}
         x{726CC38749CF37935121603D4C4DD965BA3415458AF997C307ED8834F24DFB301919ED94FFB80CE60EE36BF9AD274293812800CCB78F7FF4BD71F9316A3325C86F}
         x{04260E383890EA5359ED866696811_}
          x{441A8C3D09000000000000000000D800000000000000000000000000000000000000000000000000000000000000000000000000000000000000000000000000000000000000000000000000000000}
          x{C987ADA04C14799400000000000200000000000245E72AB5C45B88E05F4707342BF25AB5E9A7D17C442F28602F555473CCCEF4A841103C0C_},
        hash: [Function: hash],
        blockchainLogs: '[ 4][t 0][2024-10-30 23:27:01.693000][transaction.cpp:443]\tunpacking account 125886032725094E79C44C1AB9642FE1CBF1BF4D77DB25C345DDBE7A8C80BCD4\n' +
          '[ 4][t 0][2024-10-30 23:27:01.693000][transaction.cpp:274]\tlast_paid=1730330821; cells=15 bits=4281 public_cells=0\n' +
          '[ 4][t 0][2024-10-30 23:27:01.693000][transaction.cpp:504]\tend of Account.unpack() for 0:125886032725094E79C44C1AB9642FE1CBF1BF4D77DB25C345DDBE7A8C80BCD4 (balance = 0ng ; last_trans_lt = 22000000..22000002)\n' +
          '[ 4][t 0][2024-10-30 23:27:01.693000][transaction.cpp:3655]\tblock random seed set to 0000000000000000000000000000000000000000000000000000000000000000\n' +
          '[ 4][t 0][2024-10-30 23:27:01.694000][transaction.cpp:1236]\tgas limits: max=1000000, limit=1000000, credit=0\n' +
          '[ 4][t 0][2024-10-30 23:27:01.694000][transaction.cpp:1575]\tin_msg_state is null\n' +
          '[ 4][t 0][2024-10-30 23:27:01.694000][transaction.cpp:1645]\tcreating VM\n' +
          '[ 4][t 0][2024-10-30 23:27:01.694000][transaction.cpp:1351]\tSmartContractInfo initialized with [ 124711402 0 0 1732922821 35000000 35000000 82439665744655549942718375299244058949366754266342087607225540301749132006686 [ 982832763 (null) ] CS{Cell{0267c00125886032725094e79c44c1ab9642fe1cbf1bf4d77db25c345ddbe7a8c80bcd421e842e433916062800000000053ec6081340} bits: 1..268; refs: 0..0} C{A7EC01478F770EF8F8B037CC7E42F0ABF0D85A50E1828C2394DAD1411691F2DE} C{BF31B32BE5ACBAACCE8B48CCEB4C84B86023EA1F188E974030A4F420D26CF50F} [ 982832763 (null) ] 0 (null) [ CS{Cell{004dd06600000000000000000000000080000000000000fa00000000000001f4000000000003d09040} bits: 9..305; refs: 0..0} (null) CS{Cell{0094d1000000000000006400000000000f4240de000000002710000000000000000f42400000000002160ec0000000000000271000000000002625a00000000005f5e100000000003b9aca00} bits: 0..592; refs: 0..0} CS{Cell{0094d100000000000000640000000000009c40de000000000190000000000000000f424000000000000f4240000000000000271000000000009896800000000005f5e100000000003b9aca00} bits: 0..592; refs: 0..0} CS{Cell{0042ea000000000098968000000000271000000000000f424000000001800055555555} bits: 0..264; refs: 0..0} CS{Cell{0042ea0000000000061a800000000001900000000000009c4000000001800055555555} bits: 0..264; refs: 0..0} (null) ] 465948 (null) ]\n' +
          '[ 4][t 0][2024-10-30 23:27:01.694000][transaction.cpp:1675]\tstarting VM\n' +
          '[ 4][t 0][2024-10-30 23:27:01.694000][transaction.cpp:1680]\tVM terminated with exit code 0\n' +
          '[ 3][t 0][2024-10-30 23:27:01.694000][transaction.cpp:1702]\tsteps: 216 gas: used=8404, max=1000000, limit=1000000, credit=0\n' +
          '[ 3][t 0][2024-10-30 23:27:01.694000][transaction.cpp:1704]\tout_of_gas=false, accepted=true, success=true, time=0.000251s\n' +
          '[ 4][t 0][2024-10-30 23:27:01.694000][transaction.cpp:1737]\tgas fees: 3361600 = 26214400 * 8404 /2^16 ; price=26214400; flat rate=[40000 for 100]; remaining balance=979471163ng\n' +
          '[ 4][t 0][2024-10-30 23:27:01.694000][transaction.cpp:2448]\tstorage paid for a message: 3 cells, 1216 bits\n' +
          '[ 4][t 0][2024-10-30 23:27:01.694000][transaction.cpp:2452]\tcomputed fwd fees = 1006400 + 0\n',
        vmLogs: 'xecute PUSHINT -1\n' +
          'execute implicit RET\n' +
          'execute THROWIFNOT 130\n' +
          'execute NEWC\n' +
          'execute GETGLOB 3\n' +
          'execute SWAP\n' +
          'execute STREF\n' +
          'execute PUSHINT -1\n' +
          'execute SWAP\n' +
          'execute STI 1\n' +
          'execute SWAP\n' +
          'execute SWAP\n' +
          'execute STU 32\n' +
          'execute ENDC\n' +
          'execute POP c4\n' +
          'execute implicit RET\n',
        debugLogs: '',
        events: [ [Object] ],
        parent: {
          address: 37254810366437813475271750514734067285117962570475561289538093995582013161784n,
          lt: 34000000n,
          prevTransactionHash: 9438003812053678636955034714836384103838422866264889557803656321962821710941n,
          prevTransactionLt: 25000000n,
          now: 1732922821,
          outMessagesCount: 1,
          oldStatus: 'active',
          endStatus: 'active',
          inMessage: [Object],
          outMessages: [Dictionary],
          totalFees: [Object],
          stateUpdate: [Object],
          description: [Object],
          raw: x{7525D79B589F1D73B879432CD1A596C0F9C42CF460467BBB795DA5A20C021C138000000000206CC8014DDB889E6184DC2FBE99DD80DA6E6947B6F0F75CBA8CA246F4DAB305612745D00000000017D7840674A4DC5000347FF94D8}
           x{E_}
            x{6801D3E5E1B0970E52ABD4EA639AED542E118FE33D2F03FE072737A6B74A8FDC2C690014975E6D627C75CEE1E50CB346965B03E710B3D18119EEEDE57696883008704E10EE6B2800060C0F880000000003EF1482CE949B8A74B137DD0000000000000000000000004_}
             x{03DF94AA22408F0D180000001937A3FC9884_}
             x{03DF94AA23405F5E100000001937A3FC9884_}
            x{DF_}
             x{6800A4BAF36B13E3AE770F28659A34B2D81F38859E8C08CF776F2BB4B441804382710004962180C9C942539E711306AE590BF872FC6FD35DF6C970D1776F9EA3202F3510EA5359EC060C523200000000040D9902CE949B8AC_}
              x{03DF94AA000000000000000022408F0D180000001937A3FC98811A02FAF080000000C9BD1FE4C42_}
               x{}
           x{726CD265E643CA04B4045B3EC5E8C66A1B1931193757E11631B96F41A6C69835FABC78D85EAD5B21B034647E6C8CD4AB02B90EFF28155C7BCFEE4AE6DB54B02448}
           x{04DDDA39490EE6B2801870A9A011_}
            x{4AAA0C3D090000000000000000025500000000000000000000000000000000000000000000000000000000000000000000000000000000000000000000000000000000000000000000000000000000}
            x{C9849ED04C0C521C00000000000400020000000282B9FBA1701CEDEEFCDB2F3592E550C2B80A145959543EAEF85C887C66360F8240D01FDC_},
          hash: [Function: hash],
          blockchainLogs: '[ 4][t 0][2024-10-30 23:27:01.689000][transaction.cpp:443]\tunpacking account 525D79B589F1D73B879432CD1A596C0F9C42CF460467BBB795DA5A20C021C138\n' +
            '[ 4][t 0][2024-10-30 23:27:01.689000][transaction.cpp:274]\tlast_paid=1730330821; cells=229 bits=83363 public_cells=0\n' +
            '[ 4][t 0][2024-10-30 23:27:01.689000][transaction.cpp:504]\tend of Account.unpack() for 0:525D79B589F1D73B879432CD1A596C0F9C42CF460467BBB795DA5A20C021C138 (balance = 2100000000ng ; last_trans_lt = 25000000..25000006)\n' +
            '[ 4][t 0][2024-10-30 23:27:01.689000][transaction.cpp:3655]\tblock random seed set to 0000000000000000000000000000000000000000000000000000000000000000\n' +
            '[ 4][t 0][2024-10-30 23:27:01.689000][transaction.cpp:1236]\tgas limits: max=1000000, limit=1000000, credit=0\n' +
            '[ 4][t 0][2024-10-30 23:27:01.689000][transaction.cpp:1575]\tin_msg_state is null\n' +
            '[ 4][t 0][2024-10-30 23:27:01.689000][transaction.cpp:1645]\tcreating VM\n' +
            '[ 4][t 0][2024-10-30 23:27:01.689000][transaction.cpp:1351]\tSmartContractInfo initialized with [ 124711402 0 0 1732922821 34000000 34000000 14068792954309835536948273256715513127174070948738620016199408580766834334284 [ 3092174363 (null) ] CS{Cell{0271c00525d79b589f1d73b879432cd1a596c0f9c42cf460467bbb795da5a20c021c1383cac05168c3391606280000000005f5e1191f4add401340} bits: 1..268; refs: 0..0} C{A7EC01478F770EF8F8B037CC7E42F0ABF0D85A50E1828C2394DAD1411691F2DE} C{42B6F0E46484EFC57B9508F6BA7EF42E7512023D5CB4ED5628DD1C7755D16E9D} [ 1000000000 (null) ] 7825637 (null) [ CS{Cell{004dd06600000000000000000000000080000000000000fa00000000000001f4000000000003d09040} bits: 9..305; refs: 0..0} (null) CS{Cell{0094d1000000000000006400000000000f4240de000000002710000000000000000f42400000000002160ec0000000000000271000000000002625a00000000005f5e100000000003b9aca00} bits: 0..592; refs: 0..0} CS{Cell{0094d100000000000000640000000000009c40de000000000190000000000000000f424000000000000f4240000000000000271000000000009896800000000005f5e100000000003b9aca00} bits: 0..592; refs: 0..0} CS{Cell{0042ea000000000098968000000000271000000000000f424000000001800055555555} bits: 0..264; refs: 0..0} CS{Cell{0042ea0000000000061a800000000001900000000000009c4000000001800055555555} bits: 0..264; refs: 0..0} (null) ] 0 (null) ]\n' +
            '[ 4][t 0][2024-10-30 23:27:01.690000][transaction.cpp:1675]\tstarting VM\n' +
            '[ 4][t 0][2024-10-30 23:27:01.691000][transaction.cpp:1680]\tVM terminated with exit code 0\n' +
            '[ 3][t 0][2024-10-30 23:27:01.691000][transaction.cpp:1702]\tsteps: 597 gas: used=21840, max=1000000, limit=1000000, credit=0\n' +
            '[ 3][t 0][2024-10-30 23:27:01.691000][transaction.cpp:1704]\tout_of_gas=false, accepted=true, success=true, time=0.000913s\n' +
            '[ 4][t 0][2024-10-30 23:27:01.691000][transaction.cpp:1737]\tgas fees: 8736000 = 26214400 * 21840 /2^16 ; price=26214400; flat rate=[40000 for 100]; remaining balance=3083438363ng\n' +
            '[ 3][t 0][2024-10-30 23:27:01.691000][transaction.cpp:2678]\tin try_action_reserve_currency(0)\n' +
            '[ 4][t 0][2024-10-30 23:27:01.691000][transaction.cpp:2684]\taction_reserve_currency: mode=0, reserve=2100000000ng, balance=3083438363ng, original balance=2092174363ng\n' +
            '[ 3][t 0][2024-10-30 23:27:01.691000][transaction.cpp:2729]\tchanged remaining balance to 983438363ng, reserved balance to 2100000000ng\n' +
            '[ 4][t 0][2024-10-30 23:27:01.691000][transaction.cpp:2448]\tstorage paid for a message: 2 cells, 314 bits\n' +
            '[ 4][t 0][2024-10-30 23:27:01.691000][transaction.cpp:2452]\tcomputed fwd fees = 605600 + 0\n',
          vmLogs: 'xecute EQUAL\n' +
            'execute THROWIF 137\n' +
            'execute PUSHPOW2 10\n' +
            'execute EQUAL\n' +
            'execute THROWIFNOT 136\n' +
            'execute STSLICER\n' +
            'execute ENDC\n' +
            'execute ROT\n' +
            'execute STREF\n' +
            'execute ENDC\n' +
            'execute SWAP\n' +
            'execute STREF\n' +
            'execute implicit RET\n' +
            'execute ENDC\n' +
            'execute POP c4\n' +
            'execute implicit RET\n',
          debugLogs: '',
          events: [Array],
          parent: [Object],
          children: [Array],
          externals: []
        },
        children: [ [Object] ],
        externals: []
      },
      {
        address: 37254810366437813475271750514734067285117962570475561289538093995582013161784n,
        lt: 36000000n,
        prevTransactionHash: 63007688527929060310350600414515624384267033037338775757078404643905456447608n,
        prevTransactionLt: 34000000n,
        now: 1732922821,
        outMessagesCount: 1,
        oldStatus: 'active',
        endStatus: 'active',
        inMessage: {
          info: [Object],
          init: null,
          body: x{935FA9D10000000000000000}
           x{00000000000000000000000000000000000000000000000000000000000000220000000000000000000000000000000000000000000000000000000008F0D18001937A3FC988}
           x{00000000000000000000000000000000000000000000000000000000000000230000000000000000000000000000000000000000000000000000000005F5E10001937A3FC988}
        },
        outMessages: Dictionary { _key: [Object], _value: [Object], _map: [Map] },
        totalFees: { coins: 12012664n },
        stateUpdate: {
          oldHash: <Buffer bc 78 d8 5e ad 5b 21 b0 34 64 7e 6c 8c d4 ab 02 b9 0e ff 28 15 5c 7b cf ee 4a e6 db 54 b0 24 48>,
          newHash: <Buffer 6a 11 6d 59 94 8d d0 9c f1 5d c3 78 71 60 7b 81 cb 73 ba ac 46 0f 27 a4 8c c5 d8 1a b1 e7 c1 7f>
        },
        description: {
          type: 'generic',
          creditFirst: false,
          storagePhase: [Object],
          creditPhase: [Object],
          computePhase: [Object],
          actionPhase: [Object],
          bouncePhase: undefined,
          aborted: false,
          destroyed: false
        },
        raw: x{7525D79B589F1D73B879432CD1A596C0F9C42CF460467BBB795DA5A20C021C13800000000022551008B4D168248AED131CF651338C893DB058F0782BF33F36C08D1A132F73BDA2078000000000206CC80674A4DC50003476E98F0}
         x{E_}
          x{680024B10C064E4A129CF388983572C85FC397E37E9AEFB64B868BBB7CF5190179A90014975E6D627C75CEE1E50CB346965B03E710B3D18119EEEDE57696883008704E10E948BFEC061479B600000000042C1D82CE949B8A49AFD4E880000000000000004_}
           x{00000000000000000000000000000000000000000000000000000000000000220000000000000000000000000000000000000000000000000000000008F0D18001937A3FC988}
           x{00000000000000000000000000000000000000000000000000000000000000230000000000000000000000000000000000000000000000000000000005F5E10001937A3FC988}
          x{DF_}
           x{6800A4BAF36B13E3AE770F28659A34B2D81F38859E8C08CF776F2BB4B44180438271002E74930F029149EC08380972A5584C717AD4204A4455F097F5E5877CB40E86DA90E65816AC0609BBB000000000044AA202CE949B8AC_}
            x{E601F8E50000000000000000}
         x{72BC78D85EAD5B21B034647E6C8CD4AB02B90EFF28155C7BCFEE4AE6DB54B024486A116D59948DD09CF15DC37871607B81CB73BAAC460F27A48CC5D81AB1E7C17F}
         x{04090E948BFED8769BB211_}
          x{4E782C3D090000000000000000031700000000000000000000000000000000000000000000000000000000000000000000000000000000000000000000000000000000000000000000000000000000}
          x{C983A6604C09BBA000000000000400020000000388D0C29501CA01261A550F77F5936E7DB7CACEE37FC601F787453CB248E780324090190C_},
        hash: [Function: hash],
        blockchainLogs: '[ 4][t 0][2024-10-30 23:27:01.697000][transaction.cpp:443]\tunpacking account 525D79B589F1D73B879432CD1A596C0F9C42CF460467BBB795DA5A20C021C138\n' +
          '[ 4][t 0][2024-10-30 23:27:01.697000][transaction.cpp:274]\tlast_paid=1732922821; cells=232 bits=83682 public_cells=0\n' +
          '[ 4][t 0][2024-10-30 23:27:01.697000][transaction.cpp:504]\tend of Account.unpack() for 0:525D79B589F1D73B879432CD1A596C0F9C42CF460467BBB795DA5A20C021C138 (balance = 2100000000ng ; last_trans_lt = 34000000..34000002)\n' +
          '[ 4][t 0][2024-10-30 23:27:01.697000][transaction.cpp:3655]\tblock random seed set to 0000000000000000000000000000000000000000000000000000000000000000\n' +
          '[ 4][t 0][2024-10-30 23:27:01.697000][transaction.cpp:1236]\tgas limits: max=1000000, limit=1000000, credit=0\n' +
          '[ 4][t 0][2024-10-30 23:27:01.697000][transaction.cpp:1575]\tin_msg_state is null\n' +
          '[ 4][t 0][2024-10-30 23:27:01.697000][transaction.cpp:1645]\tcreating VM\n' +
          '[ 4][t 0][2024-10-30 23:27:01.697000][transaction.cpp:1351]\tSmartContractInfo initialized with [ 124711402 0 0 1732922821 36000000 36000000 14068792954309835536948273256715513127174070948738620016199408580766834334284 [ 3078464763 (null) ] CS{Cell{0271c00525d79b589f1d73b879432cd1a596c0f9c42cf460467bbb795da5a20c021c1383d0c051b8833a526e2800000000081b32091f4add401340} bits: 1..268; refs: 0..0} C{A7EC01478F770EF8F8B037CC7E42F0ABF0D85A50E1828C2394DAD1411691F2DE} C{42B6F0E46484EFC57B9508F6BA7EF42E7512023D5CB4ED5628DD1C7755D16E9D} [ 978464763 (null) ] 0 (null) [ CS{Cell{004dd06600000000000000000000000080000000000000fa00000000000001f4000000000003d09040} bits: 9..305; refs: 0..0} (null) CS{Cell{0094d1000000000000006400000000000f4240de000000002710000000000000000f42400000000002160ec0000000000000271000000000002625a00000000005f5e100000000003b9aca00} bits: 0..592; refs: 0..0} CS{Cell{0094d100000000000000640000000000009c40de000000000190000000000000000f424000000000000f4240000000000000271000000000009896800000000005f5e100000000003b9aca00} bits: 0..592; refs: 0..0} CS{Cell{0042ea000000000098968000000000271000000000000f424000000001800055555555} bits: 0..264; refs: 0..0} CS{Cell{0042ea0000000000061a800000000001900000000000009c4000000001800055555555} bits: 0..264; refs: 0..0} (null) ] 0 (null) ]\n' +
          '[ 4][t 0][2024-10-30 23:27:01.697000][transaction.cpp:1675]\tstarting VM\n' +
          '[ 4][t 0][2024-10-30 23:27:01.698000][transaction.cpp:1680]\tVM terminated with exit code 0\n' +
          '[ 3][t 0][2024-10-30 23:27:01.698000][transaction.cpp:1702]\tsteps: 791 gas: used=29633, max=1000000, limit=1000000, credit=0\n' +
          '[ 3][t 0][2024-10-30 23:27:01.698000][transaction.cpp:1704]\tout_of_gas=false, accepted=true, success=true, time=0.001053s\n' +
          '[ 4][t 0][2024-10-30 23:27:01.698000][transaction.cpp:1737]\tgas fees: 11853200 = 26214400 * 29633 /2^16 ; price=26214400; flat rate=[40000 for 100]; remaining balance=3066611563ng\n' +
          '[ 3][t 0][2024-10-30 23:27:01.698000][transaction.cpp:2678]\tin try_action_reserve_currency(0)\n' +
          '[ 4][t 0][2024-10-30 23:27:01.698000][transaction.cpp:2684]\taction_reserve_currency: mode=0, reserve=2100000000ng, balance=3066611563ng, original balance=2100000000ng\n' +
          '[ 3][t 0][2024-10-30 23:27:01.698000][transaction.cpp:2729]\tchanged remaining balance to 966611563ng, reserved balance to 2100000000ng\n' +
          '[ 4][t 0][2024-10-30 23:27:01.698000][transaction.cpp:2448]\tstorage paid for a message: 1 cells, 96 bits\n' +
          '[ 4][t 0][2024-10-30 23:27:01.698000][transaction.cpp:2452]\tcomputed fwd fees = 478400 + 0\n',
        vmLogs: 'xecute EQUAL\n' +
          'execute THROWIF 137\n' +
          'execute PUSHPOW2 10\n' +
          'execute EQUAL\n' +
          'execute THROWIFNOT 136\n' +
          'execute STSLICER\n' +
          'execute ENDC\n' +
          'execute ROT\n' +
          'execute STREF\n' +
          'execute ENDC\n' +
          'execute SWAP\n' +
          'execute STREF\n' +
          'execute implicit RET\n' +
          'execute ENDC\n' +
          'execute POP c4\n' +
          'execute implicit RET\n',
        debugLogs: '',
        events: [ [Object] ],
        parent: {
          address: 8298038735212017995993598744482915721429218553349686891340117237129977838804n,
          lt: 35000000n,
          prevTransactionHash: 70654993227190308815742676492290967241636340254415293883131190554833545921803n,
          prevTransactionLt: 22000000n,
          now: 1732922821,
          outMessagesCount: 1,
          oldStatus: 'active',
          endStatus: 'active',
          inMessage: [Object],
          outMessages: [Dictionary],
          totalFees: [Object],
          stateUpdate: [Object],
          description: [Object],
          raw: x{7125886032725094E79C44C1AB9642FE1CBF1BF4D77DB25C345DDBE7A8C80BCD40000000002160EC09C354F1A8CFC3E80D5D70C972BA97F6D43667172A1438836BF5D58B2F2C9050B00000000014FB180674A4DC500034670D34A}
           x{E_}
            x{6800A4BAF36B13E3AE770F28659A34B2D81F38859E8C08CF776F2BB4B441804382710004962180C9C942539E711306AE590BF872FC6FD35DF6C970D1776F9EA3202F3510EA5359EC060C523200000000040D9902CE949B8A01EFCA550000000000000000112047868C0000000C9BD1FE4C408D017D784000000064DE8FF2621_}
             x{}
            x{DF_}
             x{680024B10C064E4A129CF388983572C85FC397E37E9AEFB64B868BBB7CF5190179A90014975E6D627C75CEE1E50CB346965B03E710B3D18119EEEDE57696883008704E10E948BFEC061479B600000000042C1D82CE949B8AC_}
              x{935FA9D10000000000000000}
               x{00000000000000000000000000000000000000000000000000000000000000220000000000000000000000000000000000000000000000000000000008F0D18001937A3FC988}
               x{00000000000000000000000000000000000000000000000000000000000000230000000000000000000000000000000000000000000000000000000005F5E10001937A3FC988}
           x{726CC38749CF37935121603D4C4DD965BA3415458AF997C307ED8834F24DFB301919ED94FFB80CE60EE36BF9AD274293812800CCB78F7FF4BD71F9316A3325C86F}
           x{04260E383890EA5359ED866696811_}
            x{441A8C3D09000000000000000000D800000000000000000000000000000000000000000000000000000000000000000000000000000000000000000000000000000000000000000000000000000000}
            x{C987ADA04C14799400000000000200000000000245E72AB5C45B88E05F4707342BF25AB5E9A7D17C442F28602F555473CCCEF4A841103C0C_},
          hash: [Function: hash],
          blockchainLogs: '[ 4][t 0][2024-10-30 23:27:01.693000][transaction.cpp:443]\tunpacking account 125886032725094E79C44C1AB9642FE1CBF1BF4D77DB25C345DDBE7A8C80BCD4\n' +
            '[ 4][t 0][2024-10-30 23:27:01.693000][transaction.cpp:274]\tlast_paid=1730330821; cells=15 bits=4281 public_cells=0\n' +
            '[ 4][t 0][2024-10-30 23:27:01.693000][transaction.cpp:504]\tend of Account.unpack() for 0:125886032725094E79C44C1AB9642FE1CBF1BF4D77DB25C345DDBE7A8C80BCD4 (balance = 0ng ; last_trans_lt = 22000000..22000002)\n' +
            '[ 4][t 0][2024-10-30 23:27:01.693000][transaction.cpp:3655]\tblock random seed set to 0000000000000000000000000000000000000000000000000000000000000000\n' +
            '[ 4][t 0][2024-10-30 23:27:01.694000][transaction.cpp:1236]\tgas limits: max=1000000, limit=1000000, credit=0\n' +
            '[ 4][t 0][2024-10-30 23:27:01.694000][transaction.cpp:1575]\tin_msg_state is null\n' +
            '[ 4][t 0][2024-10-30 23:27:01.694000][transaction.cpp:1645]\tcreating VM\n' +
            '[ 4][t 0][2024-10-30 23:27:01.694000][transaction.cpp:1351]\tSmartContractInfo initialized with [ 124711402 0 0 1732922821 35000000 35000000 82439665744655549942718375299244058949366754266342087607225540301749132006686 [ 982832763 (null) ] CS{Cell{0267c00125886032725094e79c44c1ab9642fe1cbf1bf4d77db25c345ddbe7a8c80bcd421e842e433916062800000000053ec6081340} bits: 1..268; refs: 0..0} C{A7EC01478F770EF8F8B037CC7E42F0ABF0D85A50E1828C2394DAD1411691F2DE} C{BF31B32BE5ACBAACCE8B48CCEB4C84B86023EA1F188E974030A4F420D26CF50F} [ 982832763 (null) ] 0 (null) [ CS{Cell{004dd06600000000000000000000000080000000000000fa00000000000001f4000000000003d09040} bits: 9..305; refs: 0..0} (null) CS{Cell{0094d1000000000000006400000000000f4240de000000002710000000000000000f42400000000002160ec0000000000000271000000000002625a00000000005f5e100000000003b9aca00} bits: 0..592; refs: 0..0} CS{Cell{0094d100000000000000640000000000009c40de000000000190000000000000000f424000000000000f4240000000000000271000000000009896800000000005f5e100000000003b9aca00} bits: 0..592; refs: 0..0} CS{Cell{0042ea000000000098968000000000271000000000000f424000000001800055555555} bits: 0..264; refs: 0..0} CS{Cell{0042ea0000000000061a800000000001900000000000009c4000000001800055555555} bits: 0..264; refs: 0..0} (null) ] 465948 (null) ]\n' +
            '[ 4][t 0][2024-10-30 23:27:01.694000][transaction.cpp:1675]\tstarting VM\n' +
            '[ 4][t 0][2024-10-30 23:27:01.694000][transaction.cpp:1680]\tVM terminated with exit code 0\n' +
            '[ 3][t 0][2024-10-30 23:27:01.694000][transaction.cpp:1702]\tsteps: 216 gas: used=8404, max=1000000, limit=1000000, credit=0\n' +
            '[ 3][t 0][2024-10-30 23:27:01.694000][transaction.cpp:1704]\tout_of_gas=false, accepted=true, success=true, time=0.000251s\n' +
            '[ 4][t 0][2024-10-30 23:27:01.694000][transaction.cpp:1737]\tgas fees: 3361600 = 26214400 * 8404 /2^16 ; price=26214400; flat rate=[40000 for 100]; remaining balance=979471163ng\n' +
            '[ 4][t 0][2024-10-30 23:27:01.694000][transaction.cpp:2448]\tstorage paid for a message: 3 cells, 1216 bits\n' +
            '[ 4][t 0][2024-10-30 23:27:01.694000][transaction.cpp:2452]\tcomputed fwd fees = 1006400 + 0\n',
          vmLogs: 'xecute PUSHINT -1\n' +
            'execute implicit RET\n' +
            'execute THROWIFNOT 130\n' +
            'execute NEWC\n' +
            'execute GETGLOB 3\n' +
            'execute SWAP\n' +
            'execute STREF\n' +
            'execute PUSHINT -1\n' +
            'execute SWAP\n' +
            'execute STI 1\n' +
            'execute SWAP\n' +
            'execute SWAP\n' +
            'execute STU 32\n' +
            'execute ENDC\n' +
            'execute POP c4\n' +
            'execute implicit RET\n',
          debugLogs: '',
          events: [Array],
          parent: [Object],
          children: [Array],
          externals: []
        },
        children: [ [Object] ],
        externals: []
      },
      {
        address: 84049441022908470316622795825605090351520748406577698494615284512509455375210n,
        lt: 37000000n,
        prevTransactionHash: 96202702072594332808782071602670480976868097550205309328249669572264582266223n,
        prevTransactionLt: 29000000n,
        now: 1732922821,
        outMessagesCount: 1,
        oldStatus: 'active',
        endStatus: 'active',
        inMessage: { info: [Object], init: null, body: x{E601F8E50000000000000000} },
        outMessages: Dictionary { _key: [Object], _value: [Object], _map: [Map] },
        totalFees: { coins: 4689161n },
        stateUpdate: {
          oldHash: <Buffer 15 f1 84 a0 3c b0 fa 9c 60 0f cf 31 44 02 9b 5c e8 1e 8c e1 c1 86 83 f5 69 aa d2 4c 77 c6 df 32>,
          newHash: <Buffer c7 3a 05 6d 48 b4 94 c4 17 1c 44 e7 e9 72 ec 5e 6b 02 7d 67 e3 27 1b d0 d4 1f 4a 3a 4c 99 77 01>
        },
        description: {
          type: 'generic',
          creditFirst: false,
          storagePhase: [Object],
          creditPhase: [Object],
          computePhase: [Object],
          actionPhase: [Object],
          bouncePhase: undefined,
          aborted: false,
          destroyed: false
        },
        raw: x{7B9D24C3C0A4527B020E025CA956131C5EB5081291157C25FD7961DF2D03A1B6A0000000002349340D4B0CCBE67775184CBBE645969647B2A27D3CD69B5DEA6843BEF309900253D6F0000000001BA8140674A4DC50003468F1A12}
         x{E_}
          x{6800A4BAF36B13E3AE770F28659A34B2D81F38859E8C08CF776F2BB4B44180438271002E74930F029149EC08380972A5584C717AD4204A4455F097F5E5877CB40E86DA90E65816AC0609BBB000000000044AA202CE949B8A7300FC7280000000000000004_}
          x{DF_}
           x{680173A49878148A4F6041C04B952AC2638BD6A1025222AF84BFAF2C3BE5A07436D50014975E6D627C75CEE1E50CB346965B03E710B3D18119EEEDE57696883008704E10E51839CC0610D45E0000000004692682CE949B8AC_}
            x{B687AB17000000000000000000000000}
             x{02202FAF080202FAF08021DCD65001CC4B4021DCD650033916062B397F7E2B3916062B3A526E280000000800000004_}
              x{801028CD38D6A9FB165BB1D27554DCBBC8B7A064E07EF4C3832956828113614F545_}
         x{7215F184A03CB0FA9C600FCF3144029B5CE81E8CE1C18683F569AAD24C77C6DF32C73A056D48B494C4171C44E7E972EC5E6B027D67E3271BD0D41F4A3A4C997701}
         x{04C32FDA090E65816AD866D31211_}
          x{445E2C3D09000000000000000000FE00000000000000000000000000000000000000000000000000000000000000000000000000000000000000000000000000000000000000000000000000000000}
          x{C9864FA04C10D44400000000000400020000000363C1E21EC2CB5DD148A3B54040622EC73F7CAA129D24CC086648E62B0AA5B6C041102E0C_},
        hash: [Function: hash],
        blockchainLogs: '[ 4][t 0][2024-10-30 23:27:01.701000][transaction.cpp:443]\tunpacking account B9D24C3C0A4527B020E025CA956131C5EB5081291157C25FD7961DF2D03A1B6A\n' +
          '[ 4][t 0][2024-10-30 23:27:01.701000][transaction.cpp:274]\tlast_paid=1730330821; cells=28 bits=7123 public_cells=0\n' +
          '[ 4][t 0][2024-10-30 23:27:01.701000][transaction.cpp:504]\tend of Account.unpack() for 0:B9D24C3C0A4527B020E025CA956131C5EB5081291157C25FD7961DF2D03A1B6A (balance = 10000000ng ; last_trans_lt = 29000000..29000002)\n' +
          '[ 4][t 0][2024-10-30 23:27:01.701000][transaction.cpp:3655]\tblock random seed set to 0000000000000000000000000000000000000000000000000000000000000000\n' +
          '[ 4][t 0][2024-10-30 23:27:01.701000][transaction.cpp:1236]\tgas limits: max=1000000, limit=1000000, credit=0\n' +
          '[ 4][t 0][2024-10-30 23:27:01.701000][transaction.cpp:1575]\tin_msg_state is null\n' +
          '[ 4][t 0][2024-10-30 23:27:01.701000][transaction.cpp:1645]\tcreating VM\n' +
          '[ 4][t 0][2024-10-30 23:27:01.701000][transaction.cpp:1351]\tSmartContractInfo initialized with [ 124711402 0 0 1732922821 37000000 37000000 84630195367514639409622924175749312199831056191303332875639359062248049886761 [ 975297731 (null) ] CS{Cell{026dc00b9d24c3c0a4527b020e025ca956131c5eb5081291157c25fd7961df2d03a1b6a23886f4c3391606280000000006ea0508e625a01340} bits: 1..268; refs: 0..0} C{A7EC01478F770EF8F8B037CC7E42F0ABF0D85A50E1828C2394DAD1411691F2DE} C{F2179DCD5CFD8A1E113288591FFB7A5E10E107D0D2C36DF69E40398023DAA7B1} [ 966133163 (null) ] 835432 (null) [ CS{Cell{004dd06600000000000000000000000080000000000000fa00000000000001f4000000000003d09040} bits: 9..305; refs: 0..0} (null) CS{Cell{0094d1000000000000006400000000000f4240de000000002710000000000000000f42400000000002160ec0000000000000271000000000002625a00000000005f5e100000000003b9aca00} bits: 0..592; refs: 0..0} CS{Cell{0094d100000000000000640000000000009c40de000000000190000000000000000f424000000000000f4240000000000000271000000000009896800000000005f5e100000000003b9aca00} bits: 0..592; refs: 0..0} CS{Cell{0042ea000000000098968000000000271000000000000f424000000001800055555555} bits: 0..264; refs: 0..0} CS{Cell{0042ea0000000000061a800000000001900000000000009c4000000001800055555555} bits: 0..264; refs: 0..0} (null) ] 0 (null) ]\n' +
          '[ 4][t 0][2024-10-30 23:27:01.701000][transaction.cpp:1675]\tstarting VM\n' +
          '[ 4][t 0][2024-10-30 23:27:01.701000][transaction.cpp:1680]\tVM terminated with exit code 0\n' +
          '[ 3][t 0][2024-10-30 23:27:01.701000][transaction.cpp:1702]\tsteps: 254 gas: used=8945, max=1000000, limit=1000000, credit=0\n' +
          '[ 3][t 0][2024-10-30 23:27:01.701000][transaction.cpp:1704]\tout_of_gas=false, accepted=true, success=true, time=0.000289s\n' +
          '[ 4][t 0][2024-10-30 23:27:01.701000][transaction.cpp:1737]\tgas fees: 3578000 = 26214400 * 8945 /2^16 ; price=26214400; flat rate=[40000 for 100]; remaining balance=971719731ng\n' +
          '[ 3][t 0][2024-10-30 23:27:01.701000][transaction.cpp:2678]\tin try_action_reserve_currency(0)\n' +
          '[ 4][t 0][2024-10-30 23:27:01.701000][transaction.cpp:2684]\taction_reserve_currency: mode=0, reserve=10000000ng, balance=971719731ng, original balance=9164568ng\n' +
          '[ 3][t 0][2024-10-30 23:27:01.702000][transaction.cpp:2729]\tchanged remaining balance to 961719731ng, reserved balance to 10000000ng\n' +
          '[ 4][t 0][2024-10-30 23:27:01.702000][transaction.cpp:2448]\tstorage paid for a message: 3 cells, 768 bits\n' +
          '[ 4][t 0][2024-10-30 23:27:01.702000][transaction.cpp:2452]\tcomputed fwd fees = 827200 + 0\n',
        vmLogs: 'ecute STSLICER\n' +
          'execute OVER\n' +
          'execute ISNULL\n' +
          'execute NOT\n' +
          'execute PUSHCONT x7F01CA00CC\n' +
          'execute PUSHCONT x7032CA00\n' +
          'execute IFELSE\n' +
          'execute PUSHINT -1\n' +
          'execute SWAP\n' +
          'execute STI 1\n' +
          'execute STREF\n' +
          'execute implicit RET\n' +
          'execute ENDC\n' +
          'execute POP c4\n' +
          'execute implicit RET\n',
        debugLogs: '',
        events: [ [Object] ],
        parent: {
          address: 37254810366437813475271750514734067285117962570475561289538093995582013161784n,
          lt: 36000000n,
          prevTransactionHash: 63007688527929060310350600414515624384267033037338775757078404643905456447608n,
          prevTransactionLt: 34000000n,
          now: 1732922821,
          outMessagesCount: 1,
          oldStatus: 'active',
          endStatus: 'active',
          inMessage: [Object],
          outMessages: [Dictionary],
          totalFees: [Object],
          stateUpdate: [Object],
          description: [Object],
          raw: x{7525D79B589F1D73B879432CD1A596C0F9C42CF460467BBB795DA5A20C021C13800000000022551008B4D168248AED131CF651338C893DB058F0782BF33F36C08D1A132F73BDA2078000000000206CC80674A4DC50003476E98F0}
           x{E_}
            x{680024B10C064E4A129CF388983572C85FC397E37E9AEFB64B868BBB7CF5190179A90014975E6D627C75CEE1E50CB346965B03E710B3D18119EEEDE57696883008704E10E948BFEC061479B600000000042C1D82CE949B8A49AFD4E880000000000000004_}
             x{00000000000000000000000000000000000000000000000000000000000000220000000000000000000000000000000000000000000000000000000008F0D18001937A3FC988}
             x{00000000000000000000000000000000000000000000000000000000000000230000000000000000000000000000000000000000000000000000000005F5E10001937A3FC988}
            x{DF_}
             x{6800A4BAF36B13E3AE770F28659A34B2D81F38859E8C08CF776F2BB4B44180438271002E74930F029149EC08380972A5584C717AD4204A4455F097F5E5877CB40E86DA90E65816AC0609BBB000000000044AA202CE949B8AC_}
              x{E601F8E50000000000000000}
           x{72BC78D85EAD5B21B034647E6C8CD4AB02B90EFF28155C7BCFEE4AE6DB54B024486A116D59948DD09CF15DC37871607B81CB73BAAC460F27A48CC5D81AB1E7C17F}
           x{04090E948BFED8769BB211_}
            x{4E782C3D090000000000000000031700000000000000000000000000000000000000000000000000000000000000000000000000000000000000000000000000000000000000000000000000000000}
            x{C983A6604C09BBA000000000000400020000000388D0C29501CA01261A550F77F5936E7DB7CACEE37FC601F787453CB248E780324090190C_},
          hash: [Function: hash],
          blockchainLogs: '[ 4][t 0][2024-10-30 23:27:01.697000][transaction.cpp:443]\tunpacking account 525D79B589F1D73B879432CD1A596C0F9C42CF460467BBB795DA5A20C021C138\n' +
            '[ 4][t 0][2024-10-30 23:27:01.697000][transaction.cpp:274]\tlast_paid=1732922821; cells=232 bits=83682 public_cells=0\n' +
            '[ 4][t 0][2024-10-30 23:27:01.697000][transaction.cpp:504]\tend of Account.unpack() for 0:525D79B589F1D73B879432CD1A596C0F9C42CF460467BBB795DA5A20C021C138 (balance = 2100000000ng ; last_trans_lt = 34000000..34000002)\n' +
            '[ 4][t 0][2024-10-30 23:27:01.697000][transaction.cpp:3655]\tblock random seed set to 0000000000000000000000000000000000000000000000000000000000000000\n' +
            '[ 4][t 0][2024-10-30 23:27:01.697000][transaction.cpp:1236]\tgas limits: max=1000000, limit=1000000, credit=0\n' +
            '[ 4][t 0][2024-10-30 23:27:01.697000][transaction.cpp:1575]\tin_msg_state is null\n' +
            '[ 4][t 0][2024-10-30 23:27:01.697000][transaction.cpp:1645]\tcreating VM\n' +
            '[ 4][t 0][2024-10-30 23:27:01.697000][transaction.cpp:1351]\tSmartContractInfo initialized with [ 124711402 0 0 1732922821 36000000 36000000 14068792954309835536948273256715513127174070948738620016199408580766834334284 [ 3078464763 (null) ] CS{Cell{0271c00525d79b589f1d73b879432cd1a596c0f9c42cf460467bbb795da5a20c021c1383d0c051b8833a526e2800000000081b32091f4add401340} bits: 1..268; refs: 0..0} C{A7EC01478F770EF8F8B037CC7E42F0ABF0D85A50E1828C2394DAD1411691F2DE} C{42B6F0E46484EFC57B9508F6BA7EF42E7512023D5CB4ED5628DD1C7755D16E9D} [ 978464763 (null) ] 0 (null) [ CS{Cell{004dd06600000000000000000000000080000000000000fa00000000000001f4000000000003d09040} bits: 9..305; refs: 0..0} (null) CS{Cell{0094d1000000000000006400000000000f4240de000000002710000000000000000f42400000000002160ec0000000000000271000000000002625a00000000005f5e100000000003b9aca00} bits: 0..592; refs: 0..0} CS{Cell{0094d100000000000000640000000000009c40de000000000190000000000000000f424000000000000f4240000000000000271000000000009896800000000005f5e100000000003b9aca00} bits: 0..592; refs: 0..0} CS{Cell{0042ea000000000098968000000000271000000000000f424000000001800055555555} bits: 0..264; refs: 0..0} CS{Cell{0042ea0000000000061a800000000001900000000000009c4000000001800055555555} bits: 0..264; refs: 0..0} (null) ] 0 (null) ]\n' +
            '[ 4][t 0][2024-10-30 23:27:01.697000][transaction.cpp:1675]\tstarting VM\n' +
            '[ 4][t 0][2024-10-30 23:27:01.698000][transaction.cpp:1680]\tVM terminated with exit code 0\n' +
            '[ 3][t 0][2024-10-30 23:27:01.698000][transaction.cpp:1702]\tsteps: 791 gas: used=29633, max=1000000, limit=1000000, credit=0\n' +
            '[ 3][t 0][2024-10-30 23:27:01.698000][transaction.cpp:1704]\tout_of_gas=false, accepted=true, success=true, time=0.001053s\n' +
            '[ 4][t 0][2024-10-30 23:27:01.698000][transaction.cpp:1737]\tgas fees: 11853200 = 26214400 * 29633 /2^16 ; price=26214400; flat rate=[40000 for 100]; remaining balance=3066611563ng\n' +
            '[ 3][t 0][2024-10-30 23:27:01.698000][transaction.cpp:2678]\tin try_action_reserve_currency(0)\n' +
            '[ 4][t 0][2024-10-30 23:27:01.698000][transaction.cpp:2684]\taction_reserve_currency: mode=0, reserve=2100000000ng, balance=3066611563ng, original balance=2100000000ng\n' +
            '[ 3][t 0][2024-10-30 23:27:01.698000][transaction.cpp:2729]\tchanged remaining balance to 966611563ng, reserved balance to 2100000000ng\n' +
            '[ 4][t 0][2024-10-30 23:27:01.698000][transaction.cpp:2448]\tstorage paid for a message: 1 cells, 96 bits\n' +
            '[ 4][t 0][2024-10-30 23:27:01.698000][transaction.cpp:2452]\tcomputed fwd fees = 478400 + 0\n',
          vmLogs: 'xecute EQUAL\n' +
            'execute THROWIF 137\n' +
            'execute PUSHPOW2 10\n' +
            'execute EQUAL\n' +
            'execute THROWIFNOT 136\n' +
            'execute STSLICER\n' +
            'execute ENDC\n' +
            'execute ROT\n' +
            'execute STREF\n' +
            'execute ENDC\n' +
            'execute SWAP\n' +
            'execute STREF\n' +
            'execute implicit RET\n' +
            'execute ENDC\n' +
            'execute POP c4\n' +
            'execute implicit RET\n',
          debugLogs: '',
          events: [Array],
          parent: [Object],
          children: [Array],
          externals: []
        },
        children: [ [Object] ],
        externals: []
      },
      {
        address: 37254810366437813475271750514734067285117962570475561289538093995582013161784n,
        lt: 38000000n,
        prevTransactionHash: 32792156248339496712452326929371655063132118918656450294936054981982451108625n,
        prevTransactionLt: 36000000n,
        now: 1732922821,
        outMessagesCount: 4,
        oldStatus: 'active',
        endStatus: 'active',
        inMessage: {
          info: [Object],
          init: null,
          body: x{B687AB17000000000000000000000000}
           x{02202FAF080202FAF08021DCD65001CC4B4021DCD650033916062B397F7E2B3916062B3A526E280000000800000004_}
            x{801028CD38D6A9FB165BB1D27554DCBBC8B7A064E07EF4C3832956828113614F545_}
        },
        outMessages: Dictionary { _key: [Object], _value: [Object], _map: [Map] },
        totalFees: { coins: 31153972n },
        stateUpdate: {
          oldHash: <Buffer 6a 11 6d 59 94 8d d0 9c f1 5d c3 78 71 60 7b 81 cb 73 ba ac 46 0f 27 a4 8c c5 d8 1a b1 e7 c1 7f>,
          newHash: <Buffer 40 76 80 9c a9 88 ce a2 a3 a7 09 1b 98 d3 af 02 25 85 01 2f b1 55 2f a4 27 fe c4 1c 5b 83 6b 42>
        },
        description: {
          type: 'generic',
          creditFirst: false,
          storagePhase: [Object],
          creditPhase: [Object],
          computePhase: [Object],
          actionPhase: [Object],
          bouncePhase: undefined,
          aborted: false,
          destroyed: false
        },
        raw: x{7525D79B589F1D73B879432CD1A596C0F9C42CF460467BBB795DA5A20C021C138000000000243D580487FB3E481A5EEBBD1E04F1721064CEB22D69922CDABE0B040226411106B8B110000000002255100674A4DC500094803B6BE68}
         x{E_}
          x{680173A49878148A4F6041C04B952AC2638BD6A1025222AF84BFAF2C3BE5A07436D50014975E6D627C75CEE1E50CB346965B03E710B3D18119EEEDE57696883008704E10E51839CC0610D45E0000000004692682CE949B8A5B43D58B8000000000000000000000004_}
           x{02202FAF080202FAF08021DCD65001CC4B4021DCD650033916062B397F7E2B3916062B3A526E280000000800000004_}
            x{801028CD38D6A9FB165BB1D27554DCBBC8B7A064E07EF4C3832956828113614F545_}
          x{DB_}
           x{2_}
            x{2_}
             x{6800A4BAF36B13E3AE770F28659A34B2D81F38859E8C08CF776F2BB4B44180438271001F33C9E03834F86C2DA0166D0212C129A321D08D5D171B4080758BCF48863C4D90101931000609BBB0000000000487AB02CE949B8AC_}
              x{BC26F4C80000000000000000}
            x{2_}
             x{6800A4BAF36B13E3AE770F28659A34B2D81F38859E8C08CF776F2BB4B4418043827100384BA6D6A6B7DF2422C44C909493A07C03CA0A1FF860A7ED8531810050149DDF10101931000609BBB0000000000487AB04CE949B8AC_}
              x{BC26F4C80000000000000001}
           x{2_}
            x{2_}
             x{E00292EBCDAC4F8EB9DC3CA19668D2CB607CE2167A30233DDDBCAED2D106010E09C0000000000487AB06CE949B8AC_}
              x{8B6D3812000000000000000000000000801028CD38D6A9FB165BB1D27554DCBBC8B7A064E07EF4C3832956828113614F544877359401_}
            x{2_}
             x{4800A4BAF36B13E3AE770F28659A34B2D81F38859E8C08CF776F2BB4B44180438271002E74930F029149EC08380972A5584C717AD4204A4455F097F5E5877CB40E86DA90BCA3A88C0656E1D8000000000487AB08CE949B8BE_}
              x{34_}
               x{FF00F4A413F4BCF2C80B}
                x{62_}
                 x{D001D0D3030171B0A301FA400120D74981010BBAF2E08820D70B0A208104FFBAF2D0898309BAF2E088545053036F04F86102F862DB3C5512DB3CF2E082}
                  x{ED44D0D401F863D200018E2FD31FFA400120D74981010BBAF2E08820D70B0A208104FFBAF2D0898309BAF2E08801D2000191D4926D01E255206C13E0F828D70B0A8309BAF2E089810101D700FA400120D74981010BBAF2E08820D70B0A208104FFBAF2D0898309BAF2E0881202D101DB3C}
                   x{6D}
                  x{0192307FE07021D749C21F953020D70B1FDE208210AFE93535BA8F5130D31F018210AFE93535BAF2E081D33FFA400120D74981010BBAF2E08820D70B0A208104FFBAF2D0898309BAF2E08801D455206C1332820898968070FB024434DB3C30037083067055206D6D6DDB3C597FE0208210B8A3AA14BAE302}
                   x{F8425220C705F2E084}
                   x{C87101CA01500701CA007001CA02500520D74981010BBAF2E08820D70B0A208104FFBAF2D0898309BAF2E088CF165003FA027001CA68236EB3917F93246EB3E2973333017001CA00E30D216EB39C7F01CA0001206EF2D08001CC95317001CA00E2C901FB00}
                    x{7F01CA00C87001CA007001CA00246EB39D7F01CA0004206EF2D0805004CC9634037001CA00E2246EB39D7F01CA0004206EF2D0805004CC9634037001CA00E27001CA00027F01CA0002C958CC}
                   x{30D31F018210B8A3AA14BAF2E081D33FFA400120D74981010BBAF2E08820D70B0A208104FFBAF2D0898309BAF2E088126C12317020FB025520DB3C03708100A07055206D6D6DDB3C587F}
                    x{F8425220C705F2E084}
                    x{C87101CA01500701CA007001CA02500520D74981010BBAF2E08820D70B0A208104FFBAF2D0898309BAF2E088CF165003FA027001CA68236EB3917F93246EB3E2973333017001CA00E30D216EB39C7F01CA0001206EF2D08001CC95317001CA00E2C901FB00}
                     x{7F01CA00C87001CA007001CA00246EB39D7F01CA0004206EF2D0805004CC9634037001CA00E2246EB39D7F01CA0004206EF2D0805004CC9634037001CA00E27001CA00027F01CA0002C958CC}
                   x{8210E601F8E5BA8ECED31F018210E601F8E5BAF2E081D33F0131820898968070FB02F8416F2410235F037083067F25206EF2D080542580C855208210B687AB175004CB1F12CB3FCB1FCCC9103441301443306D6DDB3C7FE03070}
                    x{C87101CA01500701CA007001CA02500520D74981010BBAF2E08820D70B0A208104FFBAF2D0898309BAF2E088CF165003FA027001CA68236EB3917F93246EB3E2973333017001CA00E30D216EB39C7F01CA0001206EF2D08001CC95317001CA00E2C901FB00}
                     x{7F01CA00C87001CA007001CA00246EB39D7F01CA0004206EF2D0805004CC9634037001CA00E2246EB39D7F01CA0004206EF2D0805004CC9634037001CA00E27001CA00027F01CA0002C958CC}
                  x{C8F84301CC7F01CA0055205023CB1F0120D74981010BBAF2E08820D70B0A208104FFBAF2D0898309BAF2E088CF16216EB3957F01CA00CC947032CA00E2C9ED54}
                 x{2_}
                  x{BE28EED9E6D9E3618C_}
                   x{ED44D0D401F863D200018E2FD31FFA400120D74981010BBAF2E08820D70B0A208104FFBAF2D0898309BAF2E08801D2000191D4926D01E255206C13E0F828D70B0A8309BAF2E089810101D700FA400120D74981010BBAF2E08820D70B0A208104FFBAF2D0898309BAF2E0881202D101DB3C}
                    x{6D}
                   x{21}
                  x{2_}
                   x{4}
                    x{B1D8B6CF36CF1B0C6_}
                     x{ED44D0D401F863D200018E2FD31FFA400120D74981010BBAF2E08820D70B0A208104FFBAF2D0898309BAF2E08801D2000191D4926D01E255206C13E0F828D70B0A8309BAF2E089810101D700FA400120D74981010BBAF2E08820D70B0A208104FFBAF2D0898309BAF2E0881202D101DB3C}
                      x{6D}
                     x{20}
                    x{B36436CF36CF1B0C6_}
                     x{ED44D0D401F863D200018E2FD31FFA400120D74981010BBAF2E08820D70B0A208104FFBAF2D0898309BAF2E08801D2000191D4926D01E255206C13E0F828D70B0A8309BAF2E089810101D700FA400120D74981010BBAF2E08820D70B0A208104FFBAF2D0898309BAF2E0881202D101DB3C}
                      x{6D}
                     x{22}
                   x{B82BEED44D0D20001}
               x{0000000000000000000000000000000000000000000000000000000000000000200292EBCDAC4F8EB9DC3CA19668D2CB607CE2167A30233DDDBCAED2D106010E09C4_}
                x{C_}
                 x{A0838F_}
                  x{FF00F4A413F4BCF2C80B}
                   x{62_}
                    x{D001D0D3030171B0A301FA400120D74981010BBAF2E08820D70B0A208104FFBAF2D0898309BAF2E088545053036F04F86102F862DB3C5512DB3CF2E082}
                     x{ED44D0D401F863D200018E2FD31FFA400120D74981010BBAF2E08820D70B0A208104FFBAF2D0898309BAF2E08801D2000191D4926D01E255206C13E0F828D70B0A8309BAF2E089810101D700FA400120D74981010BBAF2E08820D70B0A208104FFBAF2D0898309BAF2E0881202D101DB3C}
                      x{6D}
                     x{0192307FE07021D749C21F953020D70B1FDE208210AFE93535BA8F5130D31F018210AFE93535BAF2E081D33FFA400120D74981010BBAF2E08820D70B0A208104FFBAF2D0898309BAF2E08801D455206C1332820898968070FB024434DB3C30037083067055206D6D6DDB3C597FE0208210B8A3AA14BAE302}
                      x{F8425220C705F2E084}
                      x{C87101CA01500701CA007001CA02500520D74981010BBAF2E08820D70B0A208104FFBAF2D0898309BAF2E088CF165003FA027001CA68236EB3917F93246EB3E2973333017001CA00E30D216EB39C7F01CA0001206EF2D08001CC95317001CA00E2C901FB00}
                       x{7F01CA00C87001CA007001CA00246EB39D7F01CA0004206EF2D0805004CC9634037001CA00E2246EB39D7F01CA0004206EF2D0805004CC9634037001CA00E27001CA00027F01CA0002C958CC}
                      x{30D31F018210B8A3AA14BAF2E081D33FFA400120D74981010BBAF2E08820D70B0A208104FFBAF2D0898309BAF2E088126C12317020FB025520DB3C03708100A07055206D6D6DDB3C587F}
                       x{F8425220C705F2E084}
                       x{C87101CA01500701CA007001CA02500520D74981010BBAF2E08820D70B0A208104FFBAF2D0898309BAF2E088CF165003FA027001CA68236EB3917F93246EB3E2973333017001CA00E30D216EB39C7F01CA0001206EF2D08001CC95317001CA00E2C901FB00}
                        x{7F01CA00C87001CA007001CA00246EB39D7F01CA0004206EF2D0805004CC9634037001CA00E2246EB39D7F01CA0004206EF2D0805004CC9634037001CA00E27001CA00027F01CA0002C958CC}
                      x{8210E601F8E5BA8ECED31F018210E601F8E5BAF2E081D33F0131820898968070FB02F8416F2410235F037083067F25206EF2D080542580C855208210B687AB175004CB1F12CB3FCB1FCCC9103441301443306D6DDB3C7FE03070}
                       x{C87101CA01500701CA007001CA02500520D74981010BBAF2E08820D70B0A208104FFBAF2D0898309BAF2E088CF165003FA027001CA68236EB3917F93246EB3E2973333017001CA00E30D216EB39C7F01CA0001206EF2D08001CC95317001CA00E2C901FB00}
                        x{7F01CA00C87001CA007001CA00246EB39D7F01CA0004206EF2D0805004CC9634037001CA00E2246EB39D7F01CA0004206EF2D0805004CC9634037001CA00E27001CA00027F01CA0002C958CC}
                     x{C8F84301CC7F01CA0055205023CB1F0120D74981010BBAF2E08820D70B0A208104FFBAF2D0898309BAF2E088CF16216EB3957F01CA00CC947032CA00E2C9ED54}
                    x{2_}
                     x{BE28EED9E6D9E3618C_}
                      x{ED44D0D401F863D200018E2FD31FFA400120D74981010BBAF2E08820D70B0A208104FFBAF2D0898309BAF2E08801D2000191D4926D01E255206C13E0F828D70B0A8309BAF2E089810101D700FA400120D74981010BBAF2E08820D70B0A208104FFBAF2D0898309BAF2E0881202D101DB3C}
                       x{6D}
                      x{21}
                     x{2_}
                      x{4}
                       x{B1D8B6CF36CF1B0C6_}
                        x{ED44D0D401F863D200018E2FD31FFA400120D74981010BBAF2E08820D70B0A208104FFBAF2D0898309BAF2E08801D2000191D4926D01E255206C13E0F828D70B0A8309BAF2E089810101D700FA400120D74981010BBAF2E08820D70B0A208104FFBAF2D0898309BAF2E0881202D101DB3C}
                         x{6D}
                        x{20}
                       x{B36436CF36CF1B0C6_}
                        x{ED44D0D401F863D200018E2FD31FFA400120D74981010BBAF2E08820D70B0A208104FFBAF2D0898309BAF2E08801D2000191D4926D01E255206C13E0F828D70B0A8309BAF2E089810101D700FA400120D74981010BBAF2E08820D70B0A208104FFBAF2D0898309BAF2E0881202D101DB3C}
                         x{6D}
                        x{22}
                      x{B82BEED44D0D20001}
              x{B8A3AA140000000000000000801D3E5E1B0970E52ABD4EA639AED542E118FE33D2F03FE072737A6B74A8FDC2C69_}
         x{726A116D59948DD09CF15DC37871607B81CB73BAAC460F27A48CC5D81AB1E7C17F4076809CA988CEA2A3A7091B98D3AF022585012FB1552FA427FEC41C5B836B42}
         x{04090E51839CD88036EE1C11_}
          x{602327CC3D09000000000000000007C100000000000000000000000000000000000000000000000000000000000000000000000000000000000000000000000000000000000000000000000000000000}
          x{C9AC8D784C8FB95000000000000A0002000000086C667028F3CC35C5E1D1AEB75B20D68906AE33005305D31C6C00E378213282B048913B24_},
        hash: [Function: hash],
        blockchainLogs: '[ 4][t 0][2024-10-30 23:27:01.704000][transaction.cpp:443]\tunpacking account 525D79B589F1D73B879432CD1A596C0F9C42CF460467BBB795DA5A20C021C138\n' +
          '[ 4][t 0][2024-10-30 23:27:01.704000][transaction.cpp:274]\tlast_paid=1732922821; cells=232 bits=84034 public_cells=0\n' +
          '[ 4][t 0][2024-10-30 23:27:01.704000][transaction.cpp:504]\tend of Account.unpack() for 0:525D79B589F1D73B879432CD1A596C0F9C42CF460467BBB795DA5A20C021C138 (balance = 2100000000ng ; last_trans_lt = 36000000..36000002)\n' +
          '[ 4][t 0][2024-10-30 23:27:01.704000][transaction.cpp:3655]\tblock random seed set to 0000000000000000000000000000000000000000000000000000000000000000\n' +
          '[ 4][t 0][2024-10-30 23:27:01.704000][transaction.cpp:1236]\tgas limits: max=1000000, limit=1000000, credit=0\n' +
          '[ 4][t 0][2024-10-30 23:27:01.704000][transaction.cpp:1575]\tin_msg_state is null\n' +
          '[ 4][t 0][2024-10-30 23:27:01.704000][transaction.cpp:1645]\tcreating VM\n' +
          '[ 4][t 0][2024-10-30 23:27:01.704000][transaction.cpp:1351]\tSmartContractInfo initialized with [ 124711402 0 0 1732922821 38000000 38000000 14068792954309835536948273256715513127174070948738620016199408580766834334284 [ 3060892531 (null) ] CS{Cell{0271c00525d79b589f1d73b879432cd1a596c0f9c42cf460467bbb795da5a20c021c1383d0c05210833a526e2800000000089544091f4add401340} bits: 1..268; refs: 0..0} C{A7EC01478F770EF8F8B037CC7E42F0ABF0D85A50E1828C2394DAD1411691F2DE} C{42B6F0E46484EFC57B9508F6BA7EF42E7512023D5CB4ED5628DD1C7755D16E9D} [ 960892531 (null) ] 0 (null) [ CS{Cell{004dd06600000000000000000000000080000000000000fa00000000000001f4000000000003d09040} bits: 9..305; refs: 0..0} (null) CS{Cell{0094d1000000000000006400000000000f4240de000000002710000000000000000f42400000000002160ec0000000000000271000000000002625a00000000005f5e100000000003b9aca00} bits: 0..592; refs: 0..0} CS{Cell{0094d100000000000000640000000000009c40de000000000190000000000000000f424000000000000f4240000000000000271000000000009896800000000005f5e100000000003b9aca00} bits: 0..592; refs: 0..0} CS{Cell{0042ea000000000098968000000000271000000000000f424000000001800055555555} bits: 0..264; refs: 0..0} CS{Cell{0042ea0000000000061a800000000001900000000000009c4000000001800055555555} bits: 0..264; refs: 0..0} (null) ] 0 (null) ]\n' +
          '[ 4][t 0][2024-10-30 23:27:01.704000][transaction.cpp:1675]\tstarting VM\n' +
          '[ 4][t 0][2024-10-30 23:27:01.706000][transaction.cpp:1680]\tVM terminated with exit code 0\n' +
          '[ 3][t 0][2024-10-30 23:27:01.706000][transaction.cpp:1702]\tsteps: 1985 gas: used=71998, max=1000000, limit=1000000, credit=0\n' +
          '[ 3][t 0][2024-10-30 23:27:01.706000][transaction.cpp:1704]\tout_of_gas=false, accepted=true, success=true, time=0.001821s\n' +
          '[ 4][t 0][2024-10-30 23:27:01.706000][transaction.cpp:1737]\tgas fees: 28799200 = 26214400 * 71998 /2^16 ; price=26214400; flat rate=[40000 for 100]; remaining balance=3032093331ng\n' +
          '[ 3][t 0][2024-10-30 23:27:01.706000][transaction.cpp:2678]\tin try_action_reserve_currency(0)\n' +
          '[ 4][t 0][2024-10-30 23:27:01.706000][transaction.cpp:2684]\taction_reserve_currency: mode=0, reserve=2100000000ng, balance=3032093331ng, original balance=2100000000ng\n' +
          '[ 3][t 0][2024-10-30 23:27:01.706000][transaction.cpp:2729]\tchanged remaining balance to 932093331ng, reserved balance to 2100000000ng\n' +
          '[ 4][t 0][2024-10-30 23:27:01.706000][transaction.cpp:2448]\tstorage paid for a message: 1 cells, 96 bits\n' +
          '[ 4][t 0][2024-10-30 23:27:01.706000][transaction.cpp:2452]\tcomputed fwd fees = 478400 + 0\n' +
          '[ 4][t 0][2024-10-30 23:27:01.706000][transaction.cpp:2448]\tstorage paid for a message: 1 cells, 96 bits\n' +
          '[ 4][t 0][2024-10-30 23:27:01.706000][transaction.cpp:2452]\tcomputed fwd fees = 478400 + 0\n' +
          '[ 4][t 0][2024-10-30 23:27:01.706000][transaction.cpp:2448]\tstorage paid for a message: 1 cells, 431 bits\n' +
          '[ 4][t 0][2024-10-30 23:27:01.706000][transaction.cpp:2452]\tcomputed fwd fees = 612400 + 0\n' +
          '[ 4][t 0][2024-10-30 23:27:01.706000][transaction.cpp:2448]\tstorage paid for a message: 27 cells, 6976 bits\n' +
          '[ 4][t 0][2024-10-30 23:27:01.706000][transaction.cpp:2452]\tcomputed fwd fees = 4270400 + 0\n',
        vmLogs: 'xecute EQUAL\n' +
          'execute THROWIF 137\n' +
          'execute PUSHPOW2 10\n' +
          'execute EQUAL\n' +
          'execute THROWIFNOT 136\n' +
          'execute STSLICER\n' +
          'execute ENDC\n' +
          'execute ROT\n' +
          'execute STREF\n' +
          'execute ENDC\n' +
          'execute SWAP\n' +
          'execute STREF\n' +
          'execute implicit RET\n' +
          'execute ENDC\n' +
          'execute POP c4\n' +
          'execute implicit RET\n',
        debugLogs: '',
        events: [ [Object], [Object], [Object] ],
        parent: {
          address: 84049441022908470316622795825605090351520748406577698494615284512509455375210n,
          lt: 37000000n,
          prevTransactionHash: 96202702072594332808782071602670480976868097550205309328249669572264582266223n,
          prevTransactionLt: 29000000n,
          now: 1732922821,
          outMessagesCount: 1,
          oldStatus: 'active',
          endStatus: 'active',
          inMessage: [Object],
          outMessages: [Dictionary],
          totalFees: [Object],
          stateUpdate: [Object],
          description: [Object],
          raw: x{7B9D24C3C0A4527B020E025CA956131C5EB5081291157C25FD7961DF2D03A1B6A0000000002349340D4B0CCBE67775184CBBE645969647B2A27D3CD69B5DEA6843BEF309900253D6F0000000001BA8140674A4DC50003468F1A12}
           x{E_}
            x{6800A4BAF36B13E3AE770F28659A34B2D81F38859E8C08CF776F2BB4B44180438271002E74930F029149EC08380972A5584C717AD4204A4455F097F5E5877CB40E86DA90E65816AC0609BBB000000000044AA202CE949B8A7300FC7280000000000000004_}
            x{DF_}
             x{680173A49878148A4F6041C04B952AC2638BD6A1025222AF84BFAF2C3BE5A07436D50014975E6D627C75CEE1E50CB346965B03E710B3D18119EEEDE57696883008704E10E51839CC0610D45E0000000004692682CE949B8AC_}
              x{B687AB17000000000000000000000000}
               x{02202FAF080202FAF08021DCD65001CC4B4021DCD650033916062B397F7E2B3916062B3A526E280000000800000004_}
                x{801028CD38D6A9FB165BB1D27554DCBBC8B7A064E07EF4C3832956828113614F545_}
           x{7215F184A03CB0FA9C600FCF3144029B5CE81E8CE1C18683F569AAD24C77C6DF32C73A056D48B494C4171C44E7E972EC5E6B027D67E3271BD0D41F4A3A4C997701}
           x{04C32FDA090E65816AD866D31211_}
            x{445E2C3D09000000000000000000FE00000000000000000000000000000000000000000000000000000000000000000000000000000000000000000000000000000000000000000000000000000000}
            x{C9864FA04C10D44400000000000400020000000363C1E21EC2CB5DD148A3B54040622EC73F7CAA129D24CC086648E62B0AA5B6C041102E0C_},
          hash: [Function: hash],
          blockchainLogs: '[ 4][t 0][2024-10-30 23:27:01.701000][transaction.cpp:443]\tunpacking account B9D24C3C0A4527B020E025CA956131C5EB5081291157C25FD7961DF2D03A1B6A\n' +
            '[ 4][t 0][2024-10-30 23:27:01.701000][transaction.cpp:274]\tlast_paid=1730330821; cells=28 bits=7123 public_cells=0\n' +
            '[ 4][t 0][2024-10-30 23:27:01.701000][transaction.cpp:504]\tend of Account.unpack() for 0:B9D24C3C0A4527B020E025CA956131C5EB5081291157C25FD7961DF2D03A1B6A (balance = 10000000ng ; last_trans_lt = 29000000..29000002)\n' +
            '[ 4][t 0][2024-10-30 23:27:01.701000][transaction.cpp:3655]\tblock random seed set to 0000000000000000000000000000000000000000000000000000000000000000\n' +
            '[ 4][t 0][2024-10-30 23:27:01.701000][transaction.cpp:1236]\tgas limits: max=1000000, limit=1000000, credit=0\n' +
            '[ 4][t 0][2024-10-30 23:27:01.701000][transaction.cpp:1575]\tin_msg_state is null\n' +
            '[ 4][t 0][2024-10-30 23:27:01.701000][transaction.cpp:1645]\tcreating VM\n' +
            '[ 4][t 0][2024-10-30 23:27:01.701000][transaction.cpp:1351]\tSmartContractInfo initialized with [ 124711402 0 0 1732922821 37000000 37000000 84630195367514639409622924175749312199831056191303332875639359062248049886761 [ 975297731 (null) ] CS{Cell{026dc00b9d24c3c0a4527b020e025ca956131c5eb5081291157c25fd7961df2d03a1b6a23886f4c3391606280000000006ea0508e625a01340} bits: 1..268; refs: 0..0} C{A7EC01478F770EF8F8B037CC7E42F0ABF0D85A50E1828C2394DAD1411691F2DE} C{F2179DCD5CFD8A1E113288591FFB7A5E10E107D0D2C36DF69E40398023DAA7B1} [ 966133163 (null) ] 835432 (null) [ CS{Cell{004dd06600000000000000000000000080000000000000fa00000000000001f4000000000003d09040} bits: 9..305; refs: 0..0} (null) CS{Cell{0094d1000000000000006400000000000f4240de000000002710000000000000000f42400000000002160ec0000000000000271000000000002625a00000000005f5e100000000003b9aca00} bits: 0..592; refs: 0..0} CS{Cell{0094d100000000000000640000000000009c40de000000000190000000000000000f424000000000000f4240000000000000271000000000009896800000000005f5e100000000003b9aca00} bits: 0..592; refs: 0..0} CS{Cell{0042ea000000000098968000000000271000000000000f424000000001800055555555} bits: 0..264; refs: 0..0} CS{Cell{0042ea0000000000061a800000000001900000000000009c4000000001800055555555} bits: 0..264; refs: 0..0} (null) ] 0 (null) ]\n' +
            '[ 4][t 0][2024-10-30 23:27:01.701000][transaction.cpp:1675]\tstarting VM\n' +
            '[ 4][t 0][2024-10-30 23:27:01.701000][transaction.cpp:1680]\tVM terminated with exit code 0\n' +
            '[ 3][t 0][2024-10-30 23:27:01.701000][transaction.cpp:1702]\tsteps: 254 gas: used=8945, max=1000000, limit=1000000, credit=0\n' +
            '[ 3][t 0][2024-10-30 23:27:01.701000][transaction.cpp:1704]\tout_of_gas=false, accepted=true, success=true, time=0.000289s\n' +
            '[ 4][t 0][2024-10-30 23:27:01.701000][transaction.cpp:1737]\tgas fees: 3578000 = 26214400 * 8945 /2^16 ; price=26214400; flat rate=[40000 for 100]; remaining balance=971719731ng\n' +
            '[ 3][t 0][2024-10-30 23:27:01.701000][transaction.cpp:2678]\tin try_action_reserve_currency(0)\n' +
            '[ 4][t 0][2024-10-30 23:27:01.701000][transaction.cpp:2684]\taction_reserve_currency: mode=0, reserve=10000000ng, balance=971719731ng, original balance=9164568ng\n' +
            '[ 3][t 0][2024-10-30 23:27:01.702000][transaction.cpp:2729]\tchanged remaining balance to 961719731ng, reserved balance to 10000000ng\n' +
            '[ 4][t 0][2024-10-30 23:27:01.702000][transaction.cpp:2448]\tstorage paid for a message: 3 cells, 768 bits\n' +
            '[ 4][t 0][2024-10-30 23:27:01.702000][transaction.cpp:2452]\tcomputed fwd fees = 827200 + 0\n',
          vmLogs: 'ecute STSLICER\n' +
            'execute OVER\n' +
            'execute ISNULL\n' +
            'execute NOT\n' +
            'execute PUSHCONT x7F01CA00CC\n' +
            'execute PUSHCONT x7032CA00\n' +
            'execute IFELSE\n' +
            'execute PUSHINT -1\n' +
            'execute SWAP\n' +
            'execute STI 1\n' +
            'execute STREF\n' +
            'execute implicit RET\n' +
            'execute ENDC\n' +
            'execute POP c4\n' +
            'execute implicit RET\n',
          debugLogs: '',
          events: [Array],
          parent: [Object],
          children: [Array],
          externals: []
        },
        children: [ [Object], [Object], [Object] ],
        externals: [ [Object] ]
      },
      {
        address: 56452803209391972311245829800318013664241380452486081517026592719308720763190n,
        lt: 39000000n,
        prevTransactionHash: 5726179288568522321834145068337057660189718503409614183960986059860496567418n,
        prevTransactionLt: 28000000n,
        now: 1732922821,
        outMessagesCount: 1,
        oldStatus: 'active',
        endStatus: 'active',
        inMessage: { info: [Object], init: null, body: x{BC26F4C80000000000000000} },
        outMessages: Dictionary { _key: [Object], _value: [Object], _map: [Map] },
        totalFees: { coins: 5334831n },
        stateUpdate: {
          oldHash: <Buffer 09 ca 06 26 84 15 03 70 29 4b 85 c1 cc 0c ed a4 46 79 6e f9 cf 93 63 53 38 ed 62 01 9f 7a 9a b3>,
          newHash: <Buffer bd c9 77 3a f2 2a 0a 06 62 fa 65 b4 2b 40 73 30 90 d8 37 17 14 84 7e e5 c7 0a 54 72 9c 4b 70 60>
        },
        description: {
          type: 'generic',
          creditFirst: false,
          storagePhase: [Object],
          creditPhase: [Object],
          computePhase: [Object],
          actionPhase: [Object],
          bouncePhase: undefined,
          aborted: false,
          destroyed: false
        },
        raw: x{77CCF2780E0D3E1B0B68059B4084B04A68C874235745C6D0201D62F3D2218F13600000000025317C00CA8E7125EF813C48EEF91BFF8CD0A39A415AF24C046CFC4B80C8FBC698B4C7A0000000001AB3F00674A4DC5000346A2CE5E}
         x{E_}
          x{6800A4BAF36B13E3AE770F28659A34B2D81F38859E8C08CF776F2BB4B44180438271001F33C9E03834F86C2DA0166D0212C129A321D08D5D171B4080758BCF48863C4D90101931000609BBB0000000000487AB02CE949B8A5E137A6400000000000000004_}
          x{DF_}
           x{6800F99E4F01C1A7C3616D00B3681096094D190E846AE8B8DA0403AC5E7A4431E26D0014975E6D627C75CEE1E50CB346965B03E710B3D18119EEEDE57696883008704E101119EF88060DFF5E0000000004A62F82CE949B8AC_}
            x{2A004A0500000000000000000000000000000000000000000000000000000000000000000000000000000000C00814669C6B54FD8B2DD8E93AAA6E5DE45BD032703F7A61C194AB414089B0A7AA2}
         x{7209CA062684150370294B85C1CC0CEDA446796EF9CF93635338ED62019F7A9AB3BDC9773AF22A0A0662FA65B42B40733090D8371714847EE5C70A54729C4B7060}
         x{04C4360789010193101867A1E811_}
          x{44E28C0A4D9000000000000000013D00000000000000000000000000000000000000000000000000000000000000000000000000000000000000000000000000000000000000000000000000000000}
          x{C9853FC04C0DFF44000000000002000000000002E314399E9181B61CA6ACAC445010D6EB366B5E165776588A9812DBEC1225A8904090296C_},
        hash: [Function: hash],
        blockchainLogs: '[ 4][t 0][2024-10-30 23:27:01.712000][transaction.cpp:443]\tunpacking account 7CCF2780E0D3E1B0B68059B4084B04A68C874235745C6D0201D62F3D2218F136\n' +
          '[ 4][t 0][2024-10-30 23:27:01.712000][transaction.cpp:274]\tlast_paid=1730330821; cells=30 bits=12911 public_cells=0\n' +
          '[ 4][t 0][2024-10-30 23:27:01.712000][transaction.cpp:504]\tend of Account.unpack() for 0:7CCF2780E0D3E1B0B68059B4084B04A68C874235745C6D0201D62F3D2218F136 (balance = 10000000ng ; last_trans_lt = 28000000..28000002)\n' +
          '[ 4][t 0][2024-10-30 23:27:01.712000][transaction.cpp:3655]\tblock random seed set to 0000000000000000000000000000000000000000000000000000000000000000\n' +
          '[ 4][t 0][2024-10-30 23:27:01.712000][transaction.cpp:1236]\tgas limits: max=191044, limit=168804, credit=0\n' +
          '[ 4][t 0][2024-10-30 23:27:01.712000][transaction.cpp:1575]\tin_msg_state is null\n' +
          '[ 4][t 0][2024-10-30 23:27:01.712000][transaction.cpp:1645]\tcreating VM\n' +
          '[ 4][t 0][2024-10-30 23:27:01.712000][transaction.cpp:1351]\tSmartContractInfo initialized with [ 124711402 0 0 1732922821 39000000 39000000 17158678860825839941702393232993838109470607978381324670400578166443069604636 [ 76417698 (null) ] CS{Cell{026dc007ccf2780e0d3e1b0b68059b4084b04a68c874235745c6d0201d62f3d2218f13623c8c9bc3391606280000000006acfc08e625a01340} bits: 1..268; refs: 0..0} C{A7EC01478F770EF8F8B037CC7E42F0ABF0D85A50E1828C2394DAD1411691F2DE} C{33BB148A451AD17F938AA7C476E48F2B79933715F13F1D58F9234A90730321A8} [ 67521600 (null) ] 1103902 (null) [ CS{Cell{004dd06600000000000000000000000080000000000000fa00000000000001f4000000000003d09040} bits: 9..305; refs: 0..0} (null) CS{Cell{0094d1000000000000006400000000000f4240de000000002710000000000000000f42400000000002160ec0000000000000271000000000002625a00000000005f5e100000000003b9aca00} bits: 0..592; refs: 0..0} CS{Cell{0094d100000000000000640000000000009c40de000000000190000000000000000f424000000000000f4240000000000000271000000000009896800000000005f5e100000000003b9aca00} bits: 0..592; refs: 0..0} CS{Cell{0042ea000000000098968000000000271000000000000f424000000001800055555555} bits: 0..264; refs: 0..0} CS{Cell{0042ea0000000000061a800000000001900000000000009c4000000001800055555555} bits: 0..264; refs: 0..0} (null) ] 0 (null) ]\n' +
          '[ 4][t 0][2024-10-30 23:27:01.712000][transaction.cpp:1675]\tstarting VM\n' +
          '[ 4][t 0][2024-10-30 23:27:01.712000][transaction.cpp:1680]\tVM terminated with exit code 0\n' +
          '[ 3][t 0][2024-10-30 23:27:01.712000][transaction.cpp:1702]\tsteps: 317 gas: used=10004, max=191044, limit=168804, credit=0\n' +
          '[ 3][t 0][2024-10-30 23:27:01.712000][transaction.cpp:1704]\tout_of_gas=false, accepted=true, success=true, time=0.000352s\n' +
          '[ 4][t 0][2024-10-30 23:27:01.712000][transaction.cpp:1737]\tgas fees: 4001600 = 26214400 * 10004 /2^16 ; price=26214400; flat rate=[40000 for 100]; remaining balance=72416098ng\n' +
          '[ 4][t 0][2024-10-30 23:27:01.712000][transaction.cpp:2448]\tstorage paid for a message: 1 cells, 620 bits\n' +
          '[ 4][t 0][2024-10-30 23:27:01.712000][transaction.cpp:2452]\tcomputed fwd fees = 688000 + 0\n',
        vmLogs: 'e implicit RET\n' +
          'execute OVER\n' +
          'execute ISNULL\n' +
          'execute NOT\n' +
          'execute PUSHCONT x7F01CA00CC\n' +
          'execute PUSHCONT x7032CA00\n' +
          'execute IFELSE\n' +
          'execute PUSHINT -1\n' +
          'execute SWAP\n' +
          'execute STI 1\n' +
          'execute STREF\n' +
          'execute implicit RET\n' +
          'execute ENDC\n' +
          'execute POP c4\n' +
          'execute implicit RET\n',
        debugLogs: '',
        events: [ [Object] ],
        parent: {
          address: 37254810366437813475271750514734067285117962570475561289538093995582013161784n,
          lt: 38000000n,
          prevTransactionHash: 32792156248339496712452326929371655063132118918656450294936054981982451108625n,
          prevTransactionLt: 36000000n,
          now: 1732922821,
          outMessagesCount: 4,
          oldStatus: 'active',
          endStatus: 'active',
          inMessage: [Object],
          outMessages: [Dictionary],
          totalFees: [Object],
          stateUpdate: [Object],
          description: [Object],
          raw: x{7525D79B589F1D73B879432CD1A596C0F9C42CF460467BBB795DA5A20C021C138000000000243D580487FB3E481A5EEBBD1E04F1721064CEB22D69922CDABE0B040226411106B8B110000000002255100674A4DC500094803B6BE68}
           x{E_}
            x{680173A49878148A4F6041C04B952AC2638BD6A1025222AF84BFAF2C3BE5A07436D50014975E6D627C75CEE1E50CB346965B03E710B3D18119EEEDE57696883008704E10E51839CC0610D45E0000000004692682CE949B8A5B43D58B8000000000000000000000004_}
             x{02202FAF080202FAF08021DCD65001CC4B4021DCD650033916062B397F7E2B3916062B3A526E280000000800000004_}
              x{801028CD38D6A9FB165BB1D27554DCBBC8B7A064E07EF4C3832956828113614F545_}
            x{DB_}
             x{2_}
              x{2_}
               x{6800A4BAF36B13E3AE770F28659A34B2D81F38859E8C08CF776F2BB4B44180438271001F33C9E03834F86C2DA0166D0212C129A321D08D5D171B4080758BCF48863C4D90101931000609BBB0000000000487AB02CE949B8AC_}
                x{BC26F4C80000000000000000}
              x{2_}
               x{6800A4BAF36B13E3AE770F28659A34B2D81F38859E8C08CF776F2BB4B4418043827100384BA6D6A6B7DF2422C44C909493A07C03CA0A1FF860A7ED8531810050149DDF10101931000609BBB0000000000487AB04CE949B8AC_}
                x{BC26F4C80000000000000001}
             x{2_}
              x{2_}
               x{E00292EBCDAC4F8EB9DC3CA19668D2CB607CE2167A30233DDDBCAED2D106010E09C0000000000487AB06CE949B8AC_}
                x{8B6D3812000000000000000000000000801028CD38D6A9FB165BB1D27554DCBBC8B7A064E07EF4C3832956828113614F544877359401_}
              x{2_}
               x{4800A4BAF36B13E3AE770F28659A34B2D81F38859E8C08CF776F2BB4B44180438271002E74930F029149EC08380972A5584C717AD4204A4455F097F5E5877CB40E86DA90BCA3A88C0656E1D8000000000487AB08CE949B8BE_}
                x{34_}
                 x{FF00F4A413F4BCF2C80B}
                  x{62_}
                   x{D001D0D3030171B0A301FA400120D74981010BBAF2E08820D70B0A208104FFBAF2D0898309BAF2E088545053036F04F86102F862DB3C5512DB3CF2E082}
                    x{ED44D0D401F863D200018E2FD31FFA400120D74981010BBAF2E08820D70B0A208104FFBAF2D0898309BAF2E08801D2000191D4926D01E255206C13E0F828D70B0A8309BAF2E089810101D700FA400120D74981010BBAF2E08820D70B0A208104FFBAF2D0898309BAF2E0881202D101DB3C}
                     x{6D}
                    x{0192307FE07021D749C21F953020D70B1FDE208210AFE93535BA8F5130D31F018210AFE93535BAF2E081D33FFA400120D74981010BBAF2E08820D70B0A208104FFBAF2D0898309BAF2E08801D455206C1332820898968070FB024434DB3C30037083067055206D6D6DDB3C597FE0208210B8A3AA14BAE302}
                     x{F8425220C705F2E084}
                     x{C87101CA01500701CA007001CA02500520D74981010BBAF2E08820D70B0A208104FFBAF2D0898309BAF2E088CF165003FA027001CA68236EB3917F93246EB3E2973333017001CA00E30D216EB39C7F01CA0001206EF2D08001CC95317001CA00E2C901FB00}
                      x{7F01CA00C87001CA007001CA00246EB39D7F01CA0004206EF2D0805004CC9634037001CA00E2246EB39D7F01CA0004206EF2D0805004CC9634037001CA00E27001CA00027F01CA0002C958CC}
                     x{30D31F018210B8A3AA14BAF2E081D33FFA400120D74981010BBAF2E08820D70B0A208104FFBAF2D0898309BAF2E088126C12317020FB025520DB3C03708100A07055206D6D6DDB3C587F}
                      x{F8425220C705F2E084}
                      x{C87101CA01500701CA007001CA02500520D74981010BBAF2E08820D70B0A208104FFBAF2D0898309BAF2E088CF165003FA027001CA68236EB3917F93246EB3E2973333017001CA00E30D216EB39C7F01CA0001206EF2D08001CC95317001CA00E2C901FB00}
                       x{7F01CA00C87001CA007001CA00246EB39D7F01CA0004206EF2D0805004CC9634037001CA00E2246EB39D7F01CA0004206EF2D0805004CC9634037001CA00E27001CA00027F01CA0002C958CC}
                     x{8210E601F8E5BA8ECED31F018210E601F8E5BAF2E081D33F0131820898968070FB02F8416F2410235F037083067F25206EF2D080542580C855208210B687AB175004CB1F12CB3FCB1FCCC9103441301443306D6DDB3C7FE03070}
                      x{C87101CA01500701CA007001CA02500520D74981010BBAF2E08820D70B0A208104FFBAF2D0898309BAF2E088CF165003FA027001CA68236EB3917F93246EB3E2973333017001CA00E30D216EB39C7F01CA0001206EF2D08001CC95317001CA00E2C901FB00}
                       x{7F01CA00C87001CA007001CA00246EB39D7F01CA0004206EF2D0805004CC9634037001CA00E2246EB39D7F01CA0004206EF2D0805004CC9634037001CA00E27001CA00027F01CA0002C958CC}
                    x{C8F84301CC7F01CA0055205023CB1F0120D74981010BBAF2E08820D70B0A208104FFBAF2D0898309BAF2E088CF16216EB3957F01CA00CC947032CA00E2C9ED54}
                   x{2_}
                    x{BE28EED9E6D9E3618C_}
                     x{ED44D0D401F863D200018E2FD31FFA400120D74981010BBAF2E08820D70B0A208104FFBAF2D0898309BAF2E08801D2000191D4926D01E255206C13E0F828D70B0A8309BAF2E089810101D700FA400120D74981010BBAF2E08820D70B0A208104FFBAF2D0898309BAF2E0881202D101DB3C}
                      x{6D}
                     x{21}
                    x{2_}
                     x{4}
                      x{B1D8B6CF36CF1B0C6_}
                       x{ED44D0D401F863D200018E2FD31FFA400120D74981010BBAF2E08820D70B0A208104FFBAF2D0898309BAF2E08801D2000191D4926D01E255206C13E0F828D70B0A8309BAF2E089810101D700FA400120D74981010BBAF2E08820D70B0A208104FFBAF2D0898309BAF2E0881202D101DB3C}
                        x{6D}
                       x{20}
                      x{B36436CF36CF1B0C6_}
                       x{ED44D0D401F863D200018E2FD31FFA400120D74981010BBAF2E08820D70B0A208104FFBAF2D0898309BAF2E08801D2000191D4926D01E255206C13E0F828D70B0A8309BAF2E089810101D700FA400120D74981010BBAF2E08820D70B0A208104FFBAF2D0898309BAF2E0881202D101DB3C}
                        x{6D}
                       x{22}
                     x{B82BEED44D0D20001}
                 x{0000000000000000000000000000000000000000000000000000000000000000200292EBCDAC4F8EB9DC3CA19668D2CB607CE2167A30233DDDBCAED2D106010E09C4_}
                  x{C_}
                   x{A0838F_}
                    x{FF00F4A413F4BCF2C80B}
                     x{62_}
                      x{D001D0D3030171B0A301FA400120D74981010BBAF2E08820D70B0A208104FFBAF2D0898309BAF2E088545053036F04F86102F862DB3C5512DB3CF2E082}
                       x{ED44D0D401F863D200018E2FD31FFA400120D74981010BBAF2E08820D70B0A208104FFBAF2D0898309BAF2E08801D2000191D4926D01E255206C13E0F828D70B0A8309BAF2E089810101D700FA400120D74981010BBAF2E08820D70B0A208104FFBAF2D0898309BAF2E0881202D101DB3C}
                        x{6D}
                       x{0192307FE07021D749C21F953020D70B1FDE208210AFE93535BA8F5130D31F018210AFE93535BAF2E081D33FFA400120D74981010BBAF2E08820D70B0A208104FFBAF2D0898309BAF2E08801D455206C1332820898968070FB024434DB3C30037083067055206D6D6DDB3C597FE0208210B8A3AA14BAE302}
                        x{F8425220C705F2E084}
                        x{C87101CA01500701CA007001CA02500520D74981010BBAF2E08820D70B0A208104FFBAF2D0898309BAF2E088CF165003FA027001CA68236EB3917F93246EB3E2973333017001CA00E30D216EB39C7F01CA0001206EF2D08001CC95317001CA00E2C901FB00}
                         x{7F01CA00C87001CA007001CA00246EB39D7F01CA0004206EF2D0805004CC9634037001CA00E2246EB39D7F01CA0004206EF2D0805004CC9634037001CA00E27001CA00027F01CA0002C958CC}
                        x{30D31F018210B8A3AA14BAF2E081D33FFA400120D74981010BBAF2E08820D70B0A208104FFBAF2D0898309BAF2E088126C12317020FB025520DB3C03708100A07055206D6D6DDB3C587F}
                         x{F8425220C705F2E084}
                         x{C87101CA01500701CA007001CA02500520D74981010BBAF2E08820D70B0A208104FFBAF2D0898309BAF2E088CF165003FA027001CA68236EB3917F93246EB3E2973333017001CA00E30D216EB39C7F01CA0001206EF2D08001CC95317001CA00E2C901FB00}
                          x{7F01CA00C87001CA007001CA00246EB39D7F01CA0004206EF2D0805004CC9634037001CA00E2246EB39D7F01CA0004206EF2D0805004CC9634037001CA00E27001CA00027F01CA0002C958CC}
                        x{8210E601F8E5BA8ECED31F018210E601F8E5BAF2E081D33F0131820898968070FB02F8416F2410235F037083067F25206EF2D080542580C855208210B687AB175004CB1F12CB3FCB1FCCC9103441301443306D6DDB3C7FE03070}
                         x{C87101CA01500701CA007001CA02500520D74981010BBAF2E08820D70B0A208104FFBAF2D0898309BAF2E088CF165003FA027001CA68236EB3917F93246EB3E2973333017001CA00E30D216EB39C7F01CA0001206EF2D08001CC95317001CA00E2C901FB00}
                          x{7F01CA00C87001CA007001CA00246EB39D7F01CA0004206EF2D0805004CC9634037001CA00E2246EB39D7F01CA0004206EF2D0805004CC9634037001CA00E27001CA00027F01CA0002C958CC}
                       x{C8F84301CC7F01CA0055205023CB1F0120D74981010BBAF2E08820D70B0A208104FFBAF2D0898309BAF2E088CF16216EB3957F01CA00CC947032CA00E2C9ED54}
                      x{2_}
                       x{BE28EED9E6D9E3618C_}
                        x{ED44D0D401F863D200018E2FD31FFA400120D74981010BBAF2E08820D70B0A208104FFBAF2D0898309BAF2E08801D2000191D4926D01E255206C13E0F828D70B0A8309BAF2E089810101D700FA400120D74981010BBAF2E08820D70B0A208104FFBAF2D0898309BAF2E0881202D101DB3C}
                         x{6D}
                        x{21}
                       x{2_}
                        x{4}
                         x{B1D8B6CF36CF1B0C6_}
                          x{ED44D0D401F863D200018E2FD31FFA400120D74981010BBAF2E08820D70B0A208104FFBAF2D0898309BAF2E08801D2000191D4926D01E255206C13E0F828D70B0A8309BAF2E089810101D700FA400120D74981010BBAF2E08820D70B0A208104FFBAF2D0898309BAF2E0881202D101DB3C}
                           x{6D}
                          x{20}
                         x{B36436CF36CF1B0C6_}
                          x{ED44D0D401F863D200018E2FD31FFA400120D74981010BBAF2E08820D70B0A208104FFBAF2D0898309BAF2E08801D2000191D4926D01E255206C13E0F828D70B0A8309BAF2E089810101D700FA400120D74981010BBAF2E08820D70B0A208104FFBAF2D0898309BAF2E0881202D101DB3C}
                           x{6D}
                          x{22}
                        x{B82BEED44D0D20001}
                x{B8A3AA140000000000000000801D3E5E1B0970E52ABD4EA639AED542E118FE33D2F03FE072737A6B74A8FDC2C69_}
           x{726A116D59948DD09CF15DC37871607B81CB73BAAC460F27A48CC5D81AB1E7C17F4076809CA988CEA2A3A7091B98D3AF022585012FB1552FA427FEC41C5B836B42}
           x{04090E51839CD88036EE1C11_}
            x{602327CC3D09000000000000000007C100000000000000000000000000000000000000000000000000000000000000000000000000000000000000000000000000000000000000000000000000000000}
            x{C9AC8D784C8FB95000000000000A0002000000086C667028F3CC35C5E1D1AEB75B20D68906AE33005305D31C6C00E378213282B048913B24_},
          hash: [Function: hash],
          blockchainLogs: '[ 4][t 0][2024-10-30 23:27:01.704000][transaction.cpp:443]\tunpacking account 525D79B589F1D73B879432CD1A596C0F9C42CF460467BBB795DA5A20C021C138\n' +
            '[ 4][t 0][2024-10-30 23:27:01.704000][transaction.cpp:274]\tlast_paid=1732922821; cells=232 bits=84034 public_cells=0\n' +
            '[ 4][t 0][2024-10-30 23:27:01.704000][transaction.cpp:504]\tend of Account.unpack() for 0:525D79B589F1D73B879432CD1A596C0F9C42CF460467BBB795DA5A20C021C138 (balance = 2100000000ng ; last_trans_lt = 36000000..36000002)\n' +
            '[ 4][t 0][2024-10-30 23:27:01.704000][transaction.cpp:3655]\tblock random seed set to 0000000000000000000000000000000000000000000000000000000000000000\n' +
            '[ 4][t 0][2024-10-30 23:27:01.704000][transaction.cpp:1236]\tgas limits: max=1000000, limit=1000000, credit=0\n' +
            '[ 4][t 0][2024-10-30 23:27:01.704000][transaction.cpp:1575]\tin_msg_state is null\n' +
            '[ 4][t 0][2024-10-30 23:27:01.704000][transaction.cpp:1645]\tcreating VM\n' +
            '[ 4][t 0][2024-10-30 23:27:01.704000][transaction.cpp:1351]\tSmartContractInfo initialized with [ 124711402 0 0 1732922821 38000000 38000000 14068792954309835536948273256715513127174070948738620016199408580766834334284 [ 3060892531 (null) ] CS{Cell{0271c00525d79b589f1d73b879432cd1a596c0f9c42cf460467bbb795da5a20c021c1383d0c05210833a526e2800000000089544091f4add401340} bits: 1..268; refs: 0..0} C{A7EC01478F770EF8F8B037CC7E42F0ABF0D85A50E1828C2394DAD1411691F2DE} C{42B6F0E46484EFC57B9508F6BA7EF42E7512023D5CB4ED5628DD1C7755D16E9D} [ 960892531 (null) ] 0 (null) [ CS{Cell{004dd06600000000000000000000000080000000000000fa00000000000001f4000000000003d09040} bits: 9..305; refs: 0..0} (null) CS{Cell{0094d1000000000000006400000000000f4240de000000002710000000000000000f42400000000002160ec0000000000000271000000000002625a00000000005f5e100000000003b9aca00} bits: 0..592; refs: 0..0} CS{Cell{0094d100000000000000640000000000009c40de000000000190000000000000000f424000000000000f4240000000000000271000000000009896800000000005f5e100000000003b9aca00} bits: 0..592; refs: 0..0} CS{Cell{0042ea000000000098968000000000271000000000000f424000000001800055555555} bits: 0..264; refs: 0..0} CS{Cell{0042ea0000000000061a800000000001900000000000009c4000000001800055555555} bits: 0..264; refs: 0..0} (null) ] 0 (null) ]\n' +
            '[ 4][t 0][2024-10-30 23:27:01.704000][transaction.cpp:1675]\tstarting VM\n' +
            '[ 4][t 0][2024-10-30 23:27:01.706000][transaction.cpp:1680]\tVM terminated with exit code 0\n' +
            '[ 3][t 0][2024-10-30 23:27:01.706000][transaction.cpp:1702]\tsteps: 1985 gas: used=71998, max=1000000, limit=1000000, credit=0\n' +
            '[ 3][t 0][2024-10-30 23:27:01.706000][transaction.cpp:1704]\tout_of_gas=false, accepted=true, success=true, time=0.001821s\n' +
            '[ 4][t 0][2024-10-30 23:27:01.706000][transaction.cpp:1737]\tgas fees: 28799200 = 26214400 * 71998 /2^16 ; price=26214400; flat rate=[40000 for 100]; remaining balance=3032093331ng\n' +
            '[ 3][t 0][2024-10-30 23:27:01.706000][transaction.cpp:2678]\tin try_action_reserve_currency(0)\n' +
            '[ 4][t 0][2024-10-30 23:27:01.706000][transaction.cpp:2684]\taction_reserve_currency: mode=0, reserve=2100000000ng, balance=3032093331ng, original balance=2100000000ng\n' +
            '[ 3][t 0][2024-10-30 23:27:01.706000][transaction.cpp:2729]\tchanged remaining balance to 932093331ng, reserved balance to 2100000000ng\n' +
            '[ 4][t 0][2024-10-30 23:27:01.706000][transaction.cpp:2448]\tstorage paid for a message: 1 cells, 96 bits\n' +
            '[ 4][t 0][2024-10-30 23:27:01.706000][transaction.cpp:2452]\tcomputed fwd fees = 478400 + 0\n' +
            '[ 4][t 0][2024-10-30 23:27:01.706000][transaction.cpp:2448]\tstorage paid for a message: 1 cells, 96 bits\n' +
            '[ 4][t 0][2024-10-30 23:27:01.706000][transaction.cpp:2452]\tcomputed fwd fees = 478400 + 0\n' +
            '[ 4][t 0][2024-10-30 23:27:01.706000][transaction.cpp:2448]\tstorage paid for a message: 1 cells, 431 bits\n' +
            '[ 4][t 0][2024-10-30 23:27:01.706000][transaction.cpp:2452]\tcomputed fwd fees = 612400 + 0\n' +
            '[ 4][t 0][2024-10-30 23:27:01.706000][transaction.cpp:2448]\tstorage paid for a message: 27 cells, 6976 bits\n' +
            '[ 4][t 0][2024-10-30 23:27:01.706000][transaction.cpp:2452]\tcomputed fwd fees = 4270400 + 0\n',
          vmLogs: 'xecute EQUAL\n' +
            'execute THROWIF 137\n' +
            'execute PUSHPOW2 10\n' +
            'execute EQUAL\n' +
            'execute THROWIFNOT 136\n' +
            'execute STSLICER\n' +
            'execute ENDC\n' +
            'execute ROT\n' +
            'execute STREF\n' +
            'execute ENDC\n' +
            'execute SWAP\n' +
            'execute STREF\n' +
            'execute implicit RET\n' +
            'execute ENDC\n' +
            'execute POP c4\n' +
            'execute implicit RET\n',
          debugLogs: '',
          events: [Array],
          parent: [Object],
          children: [Array],
          externals: [Array]
        },
        children: [ [Object] ],
        externals: []
      },
      {
        address: 101852738109603725607761920797369865272772728943991090530178890834824226043772n,
        lt: 40000000n,
        prevTransactionHash: 81659060469877509043983570483293019422620409714515884308795800724236871362719n,
        prevTransactionLt: 27000000n,
        now: 1732922821,
        outMessagesCount: 1,
        oldStatus: 'active',
        endStatus: 'active',
        inMessage: { info: [Object], init: null, body: x{BC26F4C80000000000000001} },
        outMessages: Dictionary { _key: [Object], _value: [Object], _map: [Map] },
        totalFees: { coins: 5334831n },
        stateUpdate: {
          oldHash: <Buffer 80 06 46 dc 98 34 7e 39 da cc c1 ef 8a ca 50 a9 51 2c d9 71 8f 0d bc a7 af f3 0d fc 57 a1 3c 11>,
          newHash: <Buffer ca 50 09 72 39 d9 01 fd ec ba 37 4e 70 bc 01 af 67 d2 fc ac 0f d8 1a d7 13 a8 e0 67 35 ba 41 52>
        },
        description: {
          type: 'generic',
          creditFirst: false,
          storagePhase: [Object],
          creditPhase: [Object],
          computePhase: [Object],
          actionPhase: [Object],
          bouncePhase: undefined,
          aborted: false,
          destroyed: false
        },
        raw: x{7E12E9B5A9ADF7C908B113242524E81F00F28287FE1829FB614C604014052777C0000000002625A00B48963ED8AD15FFBCEB0FD5D33B026268948A87C279788E72422AF934DCF689F00000000019BFCC0674A4DC5000346A2CE5E}
         x{E_}
          x{6800A4BAF36B13E3AE770F28659A34B2D81F38859E8C08CF776F2BB4B4418043827100384BA6D6A6B7DF2422C44C909493A07C03CA0A1FF860A7ED8531810050149DDF10101931000609BBB0000000000487AB04CE949B8A5E137A640000000000000000C_}
          x{DF_}
           x{6801C25D36B535BEF92116226484A49D03E01E5050FFC3053F6C298C080280A4EEF90014975E6D627C75CEE1E50CB346965B03E710B3D18119EEEDE57696883008704E101119EF88060DFF5E0000000004C4B402CE949B8AC_}
            x{2A004A0500000000000000010000000000000000000000000000000000000000000000000000000000000000400B75A3E1A6460F415CE3721F308920C4B456F3B977F39EB26CED9155308A976CC}
         x{72800646DC98347E39DACCC1EF8ACA50A9512CD9718F0DBCA7AFF30DFC57A13C11CA50097239D901FDECBA374E70BC01AF67D2FCAC0FD81AD713A8E06735BA4152}
         x{04C4360789010193101867A1E811_}
          x{44E28C0A4D9000000000000000013D00000000000000000000000000000000000000000000000000000000000000000000000000000000000000000000000000000000000000000000000000000000}
          x{C9853FC04C0DFF44000000000002000000000003FFB2652E35979066CAC0633284C4E8042DB1FCB29F76FDFE1F06536CEE4DA4744090296C_},
        hash: [Function: hash],
        blockchainLogs: '[ 4][t 0][2024-10-30 23:27:01.714000][transaction.cpp:443]\tunpacking account E12E9B5A9ADF7C908B113242524E81F00F28287FE1829FB614C604014052777C\n' +
          '[ 4][t 0][2024-10-30 23:27:01.714000][transaction.cpp:274]\tlast_paid=1730330821; cells=30 bits=12911 public_cells=0\n' +
          '[ 4][t 0][2024-10-30 23:27:01.714000][transaction.cpp:504]\tend of Account.unpack() for 0:E12E9B5A9ADF7C908B113242524E81F00F28287FE1829FB614C604014052777C (balance = 10000000ng ; last_trans_lt = 27000000..27000002)\n' +
          '[ 4][t 0][2024-10-30 23:27:01.714000][transaction.cpp:3655]\tblock random seed set to 0000000000000000000000000000000000000000000000000000000000000000\n' +
          '[ 4][t 0][2024-10-30 23:27:01.715000][transaction.cpp:1236]\tgas limits: max=191044, limit=168804, credit=0\n' +
          '[ 4][t 0][2024-10-30 23:27:01.715000][transaction.cpp:1575]\tin_msg_state is null\n' +
          '[ 4][t 0][2024-10-30 23:27:01.715000][transaction.cpp:1645]\tcreating VM\n' +
          '[ 4][t 0][2024-10-30 23:27:01.715000][transaction.cpp:1351]\tSmartContractInfo initialized with [ 124711402 0 0 1732922821 40000000 40000000 43870772645377937883531240781324653013999287705787709612543318804107744319189 [ 76417698 (null) ] CS{Cell{026dc00e12e9b5a9adf7c908b113242524e81f00f28287fe1829fb614c604014052777c23c8c9bc33916062800000000066ff308e625a01340} bits: 1..268; refs: 0..0} C{A7EC01478F770EF8F8B037CC7E42F0ABF0D85A50E1828C2394DAD1411691F2DE} C{33BB148A451AD17F938AA7C476E48F2B79933715F13F1D58F9234A90730321A8} [ 67521600 (null) ] 1103902 (null) [ CS{Cell{004dd06600000000000000000000000080000000000000fa00000000000001f4000000000003d09040} bits: 9..305; refs: 0..0} (null) CS{Cell{0094d1000000000000006400000000000f4240de000000002710000000000000000f42400000000002160ec0000000000000271000000000002625a00000000005f5e100000000003b9aca00} bits: 0..592; refs: 0..0} CS{Cell{0094d100000000000000640000000000009c40de000000000190000000000000000f424000000000000f4240000000000000271000000000009896800000000005f5e100000000003b9aca00} bits: 0..592; refs: 0..0} CS{Cell{0042ea000000000098968000000000271000000000000f424000000001800055555555} bits: 0..264; refs: 0..0} CS{Cell{0042ea0000000000061a800000000001900000000000009c4000000001800055555555} bits: 0..264; refs: 0..0} (null) ] 0 (null) ]\n' +
          '[ 4][t 0][2024-10-30 23:27:01.715000][transaction.cpp:1675]\tstarting VM\n' +
          '[ 4][t 0][2024-10-30 23:27:01.715000][transaction.cpp:1680]\tVM terminated with exit code 0\n' +
          '[ 3][t 0][2024-10-30 23:27:01.715000][transaction.cpp:1702]\tsteps: 317 gas: used=10004, max=191044, limit=168804, credit=0\n' +
          '[ 3][t 0][2024-10-30 23:27:01.715000][transaction.cpp:1704]\tout_of_gas=false, accepted=true, success=true, time=0.000535s\n' +
          '[ 4][t 0][2024-10-30 23:27:01.715000][transaction.cpp:1737]\tgas fees: 4001600 = 26214400 * 10004 /2^16 ; price=26214400; flat rate=[40000 for 100]; remaining balance=72416098ng\n' +
          '[ 4][t 0][2024-10-30 23:27:01.715000][transaction.cpp:2448]\tstorage paid for a message: 1 cells, 620 bits\n' +
          '[ 4][t 0][2024-10-30 23:27:01.715000][transaction.cpp:2452]\tcomputed fwd fees = 688000 + 0\n',
        vmLogs: 'e implicit RET\n' +
          'execute OVER\n' +
          'execute ISNULL\n' +
          'execute NOT\n' +
          'execute PUSHCONT x7F01CA00CC\n' +
          'execute PUSHCONT x7032CA00\n' +
          'execute IFELSE\n' +
          'execute PUSHINT -1\n' +
          'execute SWAP\n' +
          'execute STI 1\n' +
          'execute STREF\n' +
          'execute implicit RET\n' +
          'execute ENDC\n' +
          'execute POP c4\n' +
          'execute implicit RET\n',
        debugLogs: '',
        events: [ [Object] ],
        parent: {
          address: 37254810366437813475271750514734067285117962570475561289538093995582013161784n,
          lt: 38000000n,
          prevTransactionHash: 32792156248339496712452326929371655063132118918656450294936054981982451108625n,
          prevTransactionLt: 36000000n,
          now: 1732922821,
          outMessagesCount: 4,
          oldStatus: 'active',
          endStatus: 'active',
          inMessage: [Object],
          outMessages: [Dictionary],
          totalFees: [Object],
          stateUpdate: [Object],
          description: [Object],
          raw: x{7525D79B589F1D73B879432CD1A596C0F9C42CF460467BBB795DA5A20C021C138000000000243D580487FB3E481A5EEBBD1E04F1721064CEB22D69922CDABE0B040226411106B8B110000000002255100674A4DC500094803B6BE68}
           x{E_}
            x{680173A49878148A4F6041C04B952AC2638BD6A1025222AF84BFAF2C3BE5A07436D50014975E6D627C75CEE1E50CB346965B03E710B3D18119EEEDE57696883008704E10E51839CC0610D45E0000000004692682CE949B8A5B43D58B8000000000000000000000004_}
             x{02202FAF080202FAF08021DCD65001CC4B4021DCD650033916062B397F7E2B3916062B3A526E280000000800000004_}
              x{801028CD38D6A9FB165BB1D27554DCBBC8B7A064E07EF4C3832956828113614F545_}
            x{DB_}
             x{2_}
              x{2_}
               x{6800A4BAF36B13E3AE770F28659A34B2D81F38859E8C08CF776F2BB4B44180438271001F33C9E03834F86C2DA0166D0212C129A321D08D5D171B4080758BCF48863C4D90101931000609BBB0000000000487AB02CE949B8AC_}
                x{BC26F4C80000000000000000}
              x{2_}
               x{6800A4BAF36B13E3AE770F28659A34B2D81F38859E8C08CF776F2BB4B4418043827100384BA6D6A6B7DF2422C44C909493A07C03CA0A1FF860A7ED8531810050149DDF10101931000609BBB0000000000487AB04CE949B8AC_}
                x{BC26F4C80000000000000001}
             x{2_}
              x{2_}
               x{E00292EBCDAC4F8EB9DC3CA19668D2CB607CE2167A30233DDDBCAED2D106010E09C0000000000487AB06CE949B8AC_}
                x{8B6D3812000000000000000000000000801028CD38D6A9FB165BB1D27554DCBBC8B7A064E07EF4C3832956828113614F544877359401_}
              x{2_}
               x{4800A4BAF36B13E3AE770F28659A34B2D81F38859E8C08CF776F2BB4B44180438271002E74930F029149EC08380972A5584C717AD4204A4455F097F5E5877CB40E86DA90BCA3A88C0656E1D8000000000487AB08CE949B8BE_}
                x{34_}
                 x{FF00F4A413F4BCF2C80B}
                  x{62_}
                   x{D001D0D3030171B0A301FA400120D74981010BBAF2E08820D70B0A208104FFBAF2D0898309BAF2E088545053036F04F86102F862DB3C5512DB3CF2E082}
                    x{ED44D0D401F863D200018E2FD31FFA400120D74981010BBAF2E08820D70B0A208104FFBAF2D0898309BAF2E08801D2000191D4926D01E255206C13E0F828D70B0A8309BAF2E089810101D700FA400120D74981010BBAF2E08820D70B0A208104FFBAF2D0898309BAF2E0881202D101DB3C}
                     x{6D}
                    x{0192307FE07021D749C21F953020D70B1FDE208210AFE93535BA8F5130D31F018210AFE93535BAF2E081D33FFA400120D74981010BBAF2E08820D70B0A208104FFBAF2D0898309BAF2E08801D455206C1332820898968070FB024434DB3C30037083067055206D6D6DDB3C597FE0208210B8A3AA14BAE302}
                     x{F8425220C705F2E084}
                     x{C87101CA01500701CA007001CA02500520D74981010BBAF2E08820D70B0A208104FFBAF2D0898309BAF2E088CF165003FA027001CA68236EB3917F93246EB3E2973333017001CA00E30D216EB39C7F01CA0001206EF2D08001CC95317001CA00E2C901FB00}
                      x{7F01CA00C87001CA007001CA00246EB39D7F01CA0004206EF2D0805004CC9634037001CA00E2246EB39D7F01CA0004206EF2D0805004CC9634037001CA00E27001CA00027F01CA0002C958CC}
                     x{30D31F018210B8A3AA14BAF2E081D33FFA400120D74981010BBAF2E08820D70B0A208104FFBAF2D0898309BAF2E088126C12317020FB025520DB3C03708100A07055206D6D6DDB3C587F}
                      x{F8425220C705F2E084}
                      x{C87101CA01500701CA007001CA02500520D74981010BBAF2E08820D70B0A208104FFBAF2D0898309BAF2E088CF165003FA027001CA68236EB3917F93246EB3E2973333017001CA00E30D216EB39C7F01CA0001206EF2D08001CC95317001CA00E2C901FB00}
                       x{7F01CA00C87001CA007001CA00246EB39D7F01CA0004206EF2D0805004CC9634037001CA00E2246EB39D7F01CA0004206EF2D0805004CC9634037001CA00E27001CA00027F01CA0002C958CC}
                     x{8210E601F8E5BA8ECED31F018210E601F8E5BAF2E081D33F0131820898968070FB02F8416F2410235F037083067F25206EF2D080542580C855208210B687AB175004CB1F12CB3FCB1FCCC9103441301443306D6DDB3C7FE03070}
                      x{C87101CA01500701CA007001CA02500520D74981010BBAF2E08820D70B0A208104FFBAF2D0898309BAF2E088CF165003FA027001CA68236EB3917F93246EB3E2973333017001CA00E30D216EB39C7F01CA0001206EF2D08001CC95317001CA00E2C901FB00}
                       x{7F01CA00C87001CA007001CA00246EB39D7F01CA0004206EF2D0805004CC9634037001CA00E2246EB39D7F01CA0004206EF2D0805004CC9634037001CA00E27001CA00027F01CA0002C958CC}
                    x{C8F84301CC7F01CA0055205023CB1F0120D74981010BBAF2E08820D70B0A208104FFBAF2D0898309BAF2E088CF16216EB3957F01CA00CC947032CA00E2C9ED54}
                   x{2_}
                    x{BE28EED9E6D9E3618C_}
                     x{ED44D0D401F863D200018E2FD31FFA400120D74981010BBAF2E08820D70B0A208104FFBAF2D0898309BAF2E08801D2000191D4926D01E255206C13E0F828D70B0A8309BAF2E089810101D700FA400120D74981010BBAF2E08820D70B0A208104FFBAF2D0898309BAF2E0881202D101DB3C}
                      x{6D}
                     x{21}
                    x{2_}
                     x{4}
                      x{B1D8B6CF36CF1B0C6_}
                       x{ED44D0D401F863D200018E2FD31FFA400120D74981010BBAF2E08820D70B0A208104FFBAF2D0898309BAF2E08801D2000191D4926D01E255206C13E0F828D70B0A8309BAF2E089810101D700FA400120D74981010BBAF2E08820D70B0A208104FFBAF2D0898309BAF2E0881202D101DB3C}
                        x{6D}
                       x{20}
                      x{B36436CF36CF1B0C6_}
                       x{ED44D0D401F863D200018E2FD31FFA400120D74981010BBAF2E08820D70B0A208104FFBAF2D0898309BAF2E08801D2000191D4926D01E255206C13E0F828D70B0A8309BAF2E089810101D700FA400120D74981010BBAF2E08820D70B0A208104FFBAF2D0898309BAF2E0881202D101DB3C}
                        x{6D}
                       x{22}
                     x{B82BEED44D0D20001}
                 x{0000000000000000000000000000000000000000000000000000000000000000200292EBCDAC4F8EB9DC3CA19668D2CB607CE2167A30233DDDBCAED2D106010E09C4_}
                  x{C_}
                   x{A0838F_}
                    x{FF00F4A413F4BCF2C80B}
                     x{62_}
                      x{D001D0D3030171B0A301FA400120D74981010BBAF2E08820D70B0A208104FFBAF2D0898309BAF2E088545053036F04F86102F862DB3C5512DB3CF2E082}
                       x{ED44D0D401F863D200018E2FD31FFA400120D74981010BBAF2E08820D70B0A208104FFBAF2D0898309BAF2E08801D2000191D4926D01E255206C13E0F828D70B0A8309BAF2E089810101D700FA400120D74981010BBAF2E08820D70B0A208104FFBAF2D0898309BAF2E0881202D101DB3C}
                        x{6D}
                       x{0192307FE07021D749C21F953020D70B1FDE208210AFE93535BA8F5130D31F018210AFE93535BAF2E081D33FFA400120D74981010BBAF2E08820D70B0A208104FFBAF2D0898309BAF2E08801D455206C1332820898968070FB024434DB3C30037083067055206D6D6DDB3C597FE0208210B8A3AA14BAE302}
                        x{F8425220C705F2E084}
                        x{C87101CA01500701CA007001CA02500520D74981010BBAF2E08820D70B0A208104FFBAF2D0898309BAF2E088CF165003FA027001CA68236EB3917F93246EB3E2973333017001CA00E30D216EB39C7F01CA0001206EF2D08001CC95317001CA00E2C901FB00}
                         x{7F01CA00C87001CA007001CA00246EB39D7F01CA0004206EF2D0805004CC9634037001CA00E2246EB39D7F01CA0004206EF2D0805004CC9634037001CA00E27001CA00027F01CA0002C958CC}
                        x{30D31F018210B8A3AA14BAF2E081D33FFA400120D74981010BBAF2E08820D70B0A208104FFBAF2D0898309BAF2E088126C12317020FB025520DB3C03708100A07055206D6D6DDB3C587F}
                         x{F8425220C705F2E084}
                         x{C87101CA01500701CA007001CA02500520D74981010BBAF2E08820D70B0A208104FFBAF2D0898309BAF2E088CF165003FA027001CA68236EB3917F93246EB3E2973333017001CA00E30D216EB39C7F01CA0001206EF2D08001CC95317001CA00E2C901FB00}
                          x{7F01CA00C87001CA007001CA00246EB39D7F01CA0004206EF2D0805004CC9634037001CA00E2246EB39D7F01CA0004206EF2D0805004CC9634037001CA00E27001CA00027F01CA0002C958CC}
                        x{8210E601F8E5BA8ECED31F018210E601F8E5BAF2E081D33F0131820898968070FB02F8416F2410235F037083067F25206EF2D080542580C855208210B687AB175004CB1F12CB3FCB1FCCC9103441301443306D6DDB3C7FE03070}
                         x{C87101CA01500701CA007001CA02500520D74981010BBAF2E08820D70B0A208104FFBAF2D0898309BAF2E088CF165003FA027001CA68236EB3917F93246EB3E2973333017001CA00E30D216EB39C7F01CA0001206EF2D08001CC95317001CA00E2C901FB00}
                          x{7F01CA00C87001CA007001CA00246EB39D7F01CA0004206EF2D0805004CC9634037001CA00E2246EB39D7F01CA0004206EF2D0805004CC9634037001CA00E27001CA00027F01CA0002C958CC}
                       x{C8F84301CC7F01CA0055205023CB1F0120D74981010BBAF2E08820D70B0A208104FFBAF2D0898309BAF2E088CF16216EB3957F01CA00CC947032CA00E2C9ED54}
                      x{2_}
                       x{BE28EED9E6D9E3618C_}
                        x{ED44D0D401F863D200018E2FD31FFA400120D74981010BBAF2E08820D70B0A208104FFBAF2D0898309BAF2E08801D2000191D4926D01E255206C13E0F828D70B0A8309BAF2E089810101D700FA400120D74981010BBAF2E08820D70B0A208104FFBAF2D0898309BAF2E0881202D101DB3C}
                         x{6D}
                        x{21}
                       x{2_}
                        x{4}
                         x{B1D8B6CF36CF1B0C6_}
                          x{ED44D0D401F863D200018E2FD31FFA400120D74981010BBAF2E08820D70B0A208104FFBAF2D0898309BAF2E08801D2000191D4926D01E255206C13E0F828D70B0A8309BAF2E089810101D700FA400120D74981010BBAF2E08820D70B0A208104FFBAF2D0898309BAF2E0881202D101DB3C}
                           x{6D}
                          x{20}
                         x{B36436CF36CF1B0C6_}
                          x{ED44D0D401F863D200018E2FD31FFA400120D74981010BBAF2E08820D70B0A208104FFBAF2D0898309BAF2E08801D2000191D4926D01E255206C13E0F828D70B0A8309BAF2E089810101D700FA400120D74981010BBAF2E08820D70B0A208104FFBAF2D0898309BAF2E0881202D101DB3C}
                           x{6D}
                          x{22}
                        x{B82BEED44D0D20001}
                x{B8A3AA140000000000000000801D3E5E1B0970E52ABD4EA639AED542E118FE33D2F03FE072737A6B74A8FDC2C69_}
           x{726A116D59948DD09CF15DC37871607B81CB73BAAC460F27A48CC5D81AB1E7C17F4076809CA988CEA2A3A7091B98D3AF022585012FB1552FA427FEC41C5B836B42}
           x{04090E51839CD88036EE1C11_}
            x{602327CC3D09000000000000000007C100000000000000000000000000000000000000000000000000000000000000000000000000000000000000000000000000000000000000000000000000000000}
            x{C9AC8D784C8FB95000000000000A0002000000086C667028F3CC35C5E1D1AEB75B20D68906AE33005305D31C6C00E378213282B048913B24_},
          hash: [Function: hash],
          blockchainLogs: '[ 4][t 0][2024-10-30 23:27:01.704000][transaction.cpp:443]\tunpacking account 525D79B589F1D73B879432CD1A596C0F9C42CF460467BBB795DA5A20C021C138\n' +
            '[ 4][t 0][2024-10-30 23:27:01.704000][transaction.cpp:274]\tlast_paid=1732922821; cells=232 bits=84034 public_cells=0\n' +
            '[ 4][t 0][2024-10-30 23:27:01.704000][transaction.cpp:504]\tend of Account.unpack() for 0:525D79B589F1D73B879432CD1A596C0F9C42CF460467BBB795DA5A20C021C138 (balance = 2100000000ng ; last_trans_lt = 36000000..36000002)\n' +
            '[ 4][t 0][2024-10-30 23:27:01.704000][transaction.cpp:3655]\tblock random seed set to 0000000000000000000000000000000000000000000000000000000000000000\n' +
            '[ 4][t 0][2024-10-30 23:27:01.704000][transaction.cpp:1236]\tgas limits: max=1000000, limit=1000000, credit=0\n' +
            '[ 4][t 0][2024-10-30 23:27:01.704000][transaction.cpp:1575]\tin_msg_state is null\n' +
            '[ 4][t 0][2024-10-30 23:27:01.704000][transaction.cpp:1645]\tcreating VM\n' +
            '[ 4][t 0][2024-10-30 23:27:01.704000][transaction.cpp:1351]\tSmartContractInfo initialized with [ 124711402 0 0 1732922821 38000000 38000000 14068792954309835536948273256715513127174070948738620016199408580766834334284 [ 3060892531 (null) ] CS{Cell{0271c00525d79b589f1d73b879432cd1a596c0f9c42cf460467bbb795da5a20c021c1383d0c05210833a526e2800000000089544091f4add401340} bits: 1..268; refs: 0..0} C{A7EC01478F770EF8F8B037CC7E42F0ABF0D85A50E1828C2394DAD1411691F2DE} C{42B6F0E46484EFC57B9508F6BA7EF42E7512023D5CB4ED5628DD1C7755D16E9D} [ 960892531 (null) ] 0 (null) [ CS{Cell{004dd06600000000000000000000000080000000000000fa00000000000001f4000000000003d09040} bits: 9..305; refs: 0..0} (null) CS{Cell{0094d1000000000000006400000000000f4240de000000002710000000000000000f42400000000002160ec0000000000000271000000000002625a00000000005f5e100000000003b9aca00} bits: 0..592; refs: 0..0} CS{Cell{0094d100000000000000640000000000009c40de000000000190000000000000000f424000000000000f4240000000000000271000000000009896800000000005f5e100000000003b9aca00} bits: 0..592; refs: 0..0} CS{Cell{0042ea000000000098968000000000271000000000000f424000000001800055555555} bits: 0..264; refs: 0..0} CS{Cell{0042ea0000000000061a800000000001900000000000009c4000000001800055555555} bits: 0..264; refs: 0..0} (null) ] 0 (null) ]\n' +
            '[ 4][t 0][2024-10-30 23:27:01.704000][transaction.cpp:1675]\tstarting VM\n' +
            '[ 4][t 0][2024-10-30 23:27:01.706000][transaction.cpp:1680]\tVM terminated with exit code 0\n' +
            '[ 3][t 0][2024-10-30 23:27:01.706000][transaction.cpp:1702]\tsteps: 1985 gas: used=71998, max=1000000, limit=1000000, credit=0\n' +
            '[ 3][t 0][2024-10-30 23:27:01.706000][transaction.cpp:1704]\tout_of_gas=false, accepted=true, success=true, time=0.001821s\n' +
            '[ 4][t 0][2024-10-30 23:27:01.706000][transaction.cpp:1737]\tgas fees: 28799200 = 26214400 * 71998 /2^16 ; price=26214400; flat rate=[40000 for 100]; remaining balance=3032093331ng\n' +
            '[ 3][t 0][2024-10-30 23:27:01.706000][transaction.cpp:2678]\tin try_action_reserve_currency(0)\n' +
            '[ 4][t 0][2024-10-30 23:27:01.706000][transaction.cpp:2684]\taction_reserve_currency: mode=0, reserve=2100000000ng, balance=3032093331ng, original balance=2100000000ng\n' +
            '[ 3][t 0][2024-10-30 23:27:01.706000][transaction.cpp:2729]\tchanged remaining balance to 932093331ng, reserved balance to 2100000000ng\n' +
            '[ 4][t 0][2024-10-30 23:27:01.706000][transaction.cpp:2448]\tstorage paid for a message: 1 cells, 96 bits\n' +
            '[ 4][t 0][2024-10-30 23:27:01.706000][transaction.cpp:2452]\tcomputed fwd fees = 478400 + 0\n' +
            '[ 4][t 0][2024-10-30 23:27:01.706000][transaction.cpp:2448]\tstorage paid for a message: 1 cells, 96 bits\n' +
            '[ 4][t 0][2024-10-30 23:27:01.706000][transaction.cpp:2452]\tcomputed fwd fees = 478400 + 0\n' +
            '[ 4][t 0][2024-10-30 23:27:01.706000][transaction.cpp:2448]\tstorage paid for a message: 1 cells, 431 bits\n' +
            '[ 4][t 0][2024-10-30 23:27:01.706000][transaction.cpp:2452]\tcomputed fwd fees = 612400 + 0\n' +
            '[ 4][t 0][2024-10-30 23:27:01.706000][transaction.cpp:2448]\tstorage paid for a message: 27 cells, 6976 bits\n' +
            '[ 4][t 0][2024-10-30 23:27:01.706000][transaction.cpp:2452]\tcomputed fwd fees = 4270400 + 0\n',
          vmLogs: 'xecute EQUAL\n' +
            'execute THROWIF 137\n' +
            'execute PUSHPOW2 10\n' +
            'execute EQUAL\n' +
            'execute THROWIFNOT 136\n' +
            'execute STSLICER\n' +
            'execute ENDC\n' +
            'execute ROT\n' +
            'execute STREF\n' +
            'execute ENDC\n' +
            'execute SWAP\n' +
            'execute STREF\n' +
            'execute implicit RET\n' +
            'execute ENDC\n' +
            'execute POP c4\n' +
            'execute implicit RET\n',
          debugLogs: '',
          events: [Array],
          parent: [Object],
          children: [Array],
          externals: [Array]
        },
        children: [ [Object] ],
        externals: []
      },
      {
        address: 84049441022908470316622795825605090351520748406577698494615284512509455375210n,
        lt: 41000000n,
        prevTransactionHash: 72461455463284506858410830304212227673530106164670513023521540445743655490280n,
        prevTransactionLt: 37000000n,
        now: 1732922821,
        outMessagesCount: 1,
        oldStatus: 'active',
        endStatus: 'non-existing',
        inMessage: {
          info: [Object],
          init: [Object],
          body: x{B8A3AA140000000000000000801D3E5E1B0970E52ABD4EA639AED542E118FE33D2F03FE072737A6B74A8FDC2C69_}
        },
        outMessages: Dictionary { _key: [Object], _value: [Object], _map: [Map] },
        totalFees: { coins: 3532131n },
        stateUpdate: {
          oldHash: <Buffer c7 3a 05 6d 48 b4 94 c4 17 1c 44 e7 e9 72 ec 5e 6b 02 7d 67 e3 27 1b d0 d4 1f 4a 3a 4c 99 77 01>,
          newHash: <Buffer 90 ae c8 96 5a fa bb 16 eb c3 cb 9b 40 8e ba e7 1b 61 8d 78 78 8b c8 0d 09 84 35 93 ca c9 8d a4>
        },
        description: {
          type: 'generic',
          creditFirst: true,
          storagePhase: [Object],
          creditPhase: [Object],
          computePhase: [Object],
          actionPhase: [Object],
          bouncePhase: undefined,
          aborted: false,
          destroyed: true
        },
        raw: x{7B9D24C3C0A4527B020E025CA956131C5EB5081291157C25FD7961DF2D03A1B6A0000000002719C40A033BAFAEBF97A0611D8DF441638B699D55C8C47B39CF67E3BBC425CD6D912E80000000002349340674A4DC50003666BCAC6}
         x{E_}
          x{4800A4BAF36B13E3AE770F28659A34B2D81F38859E8C08CF776F2BB4B44180438271002E74930F029149EC08380972A5584C717AD4204A4455F097F5E5877CB40E86DA90BCA3A88C0656E1D8000000000487AB08CE949B8BE_}
           x{34_}
            x{FF00F4A413F4BCF2C80B}
             x{62_}
              x{D001D0D3030171B0A301FA400120D74981010BBAF2E08820D70B0A208104FFBAF2D0898309BAF2E088545053036F04F86102F862DB3C5512DB3CF2E082}
               x{ED44D0D401F863D200018E2FD31FFA400120D74981010BBAF2E08820D70B0A208104FFBAF2D0898309BAF2E08801D2000191D4926D01E255206C13E0F828D70B0A8309BAF2E089810101D700FA400120D74981010BBAF2E08820D70B0A208104FFBAF2D0898309BAF2E0881202D101DB3C}
                x{6D}
               x{0192307FE07021D749C21F953020D70B1FDE208210AFE93535BA8F5130D31F018210AFE93535BAF2E081D33FFA400120D74981010BBAF2E08820D70B0A208104FFBAF2D0898309BAF2E08801D455206C1332820898968070FB024434DB3C30037083067055206D6D6DDB3C597FE0208210B8A3AA14BAE302}
                x{F8425220C705F2E084}
                x{C87101CA01500701CA007001CA02500520D74981010BBAF2E08820D70B0A208104FFBAF2D0898309BAF2E088CF165003FA027001CA68236EB3917F93246EB3E2973333017001CA00E30D216EB39C7F01CA0001206EF2D08001CC95317001CA00E2C901FB00}
                 x{7F01CA00C87001CA007001CA00246EB39D7F01CA0004206EF2D0805004CC9634037001CA00E2246EB39D7F01CA0004206EF2D0805004CC9634037001CA00E27001CA00027F01CA0002C958CC}
                x{30D31F018210B8A3AA14BAF2E081D33FFA400120D74981010BBAF2E08820D70B0A208104FFBAF2D0898309BAF2E088126C12317020FB025520DB3C03708100A07055206D6D6DDB3C587F}
                 x{F8425220C705F2E084}
                 x{C87101CA01500701CA007001CA02500520D74981010BBAF2E08820D70B0A208104FFBAF2D0898309BAF2E088CF165003FA027001CA68236EB3917F93246EB3E2973333017001CA00E30D216EB39C7F01CA0001206EF2D08001CC95317001CA00E2C901FB00}
                  x{7F01CA00C87001CA007001CA00246EB39D7F01CA0004206EF2D0805004CC9634037001CA00E2246EB39D7F01CA0004206EF2D0805004CC9634037001CA00E27001CA00027F01CA0002C958CC}
                x{8210E601F8E5BA8ECED31F018210E601F8E5BAF2E081D33F0131820898968070FB02F8416F2410235F037083067F25206EF2D080542580C855208210B687AB175004CB1F12CB3FCB1FCCC9103441301443306D6DDB3C7FE03070}
                 x{C87101CA01500701CA007001CA02500520D74981010BBAF2E08820D70B0A208104FFBAF2D0898309BAF2E088CF165003FA027001CA68236EB3917F93246EB3E2973333017001CA00E30D216EB39C7F01CA0001206EF2D08001CC95317001CA00E2C901FB00}
                  x{7F01CA00C87001CA007001CA00246EB39D7F01CA0004206EF2D0805004CC9634037001CA00E2246EB39D7F01CA0004206EF2D0805004CC9634037001CA00E27001CA00027F01CA0002C958CC}
               x{C8F84301CC7F01CA0055205023CB1F0120D74981010BBAF2E08820D70B0A208104FFBAF2D0898309BAF2E088CF16216EB3957F01CA00CC947032CA00E2C9ED54}
              x{2_}
               x{BE28EED9E6D9E3618C_}
                x{ED44D0D401F863D200018E2FD31FFA400120D74981010BBAF2E08820D70B0A208104FFBAF2D0898309BAF2E08801D2000191D4926D01E255206C13E0F828D70B0A8309BAF2E089810101D700FA400120D74981010BBAF2E08820D70B0A208104FFBAF2D0898309BAF2E0881202D101DB3C}
                 x{6D}
                x{21}
               x{2_}
                x{4}
                 x{B1D8B6CF36CF1B0C6_}
                  x{ED44D0D401F863D200018E2FD31FFA400120D74981010BBAF2E08820D70B0A208104FFBAF2D0898309BAF2E08801D2000191D4926D01E255206C13E0F828D70B0A8309BAF2E089810101D700FA400120D74981010BBAF2E08820D70B0A208104FFBAF2D0898309BAF2E0881202D101DB3C}
                   x{6D}
                  x{20}
                 x{B36436CF36CF1B0C6_}
                  x{ED44D0D401F863D200018E2FD31FFA400120D74981010BBAF2E08820D70B0A208104FFBAF2D0898309BAF2E08801D2000191D4926D01E255206C13E0F828D70B0A8309BAF2E089810101D700FA400120D74981010BBAF2E08820D70B0A208104FFBAF2D0898309BAF2E0881202D101DB3C}
                   x{6D}
                  x{22}
                x{B82BEED44D0D20001}
            x{0000000000000000000000000000000000000000000000000000000000000000200292EBCDAC4F8EB9DC3CA19668D2CB607CE2167A30233DDDBCAED2D106010E09C4_}
             x{C_}
              x{A0838F_}
               x{FF00F4A413F4BCF2C80B}
                x{62_}
                 x{D001D0D3030171B0A301FA400120D74981010BBAF2E08820D70B0A208104FFBAF2D0898309BAF2E088545053036F04F86102F862DB3C5512DB3CF2E082}
                  x{ED44D0D401F863D200018E2FD31FFA400120D74981010BBAF2E08820D70B0A208104FFBAF2D0898309BAF2E08801D2000191D4926D01E255206C13E0F828D70B0A8309BAF2E089810101D700FA400120D74981010BBAF2E08820D70B0A208104FFBAF2D0898309BAF2E0881202D101DB3C}
                   x{6D}
                  x{0192307FE07021D749C21F953020D70B1FDE208210AFE93535BA8F5130D31F018210AFE93535BAF2E081D33FFA400120D74981010BBAF2E08820D70B0A208104FFBAF2D0898309BAF2E08801D455206C1332820898968070FB024434DB3C30037083067055206D6D6DDB3C597FE0208210B8A3AA14BAE302}
                   x{F8425220C705F2E084}
                   x{C87101CA01500701CA007001CA02500520D74981010BBAF2E08820D70B0A208104FFBAF2D0898309BAF2E088CF165003FA027001CA68236EB3917F93246EB3E2973333017001CA00E30D216EB39C7F01CA0001206EF2D08001CC95317001CA00E2C901FB00}
                    x{7F01CA00C87001CA007001CA00246EB39D7F01CA0004206EF2D0805004CC9634037001CA00E2246EB39D7F01CA0004206EF2D0805004CC9634037001CA00E27001CA00027F01CA0002C958CC}
                   x{30D31F018210B8A3AA14BAF2E081D33FFA400120D74981010BBAF2E08820D70B0A208104FFBAF2D0898309BAF2E088126C12317020FB025520DB3C03708100A07055206D6D6DDB3C587F}
                    x{F8425220C705F2E084}
                    x{C87101CA01500701CA007001CA02500520D74981010BBAF2E08820D70B0A208104FFBAF2D0898309BAF2E088CF165003FA027001CA68236EB3917F93246EB3E2973333017001CA00E30D216EB39C7F01CA0001206EF2D08001CC95317001CA00E2C901FB00}
                     x{7F01CA00C87001CA007001CA00246EB39D7F01CA0004206EF2D0805004CC9634037001CA00E2246EB39D7F01CA0004206EF2D0805004CC9634037001CA00E27001CA00027F01CA0002C958CC}
                   x{8210E601F8E5BA8ECED31F018210E601F8E5BAF2E081D33F0131820898968070FB02F8416F2410235F037083067F25206EF2D080542580C855208210B687AB175004CB1F12CB3FCB1FCCC9103441301443306D6DDB3C7FE03070}
                    x{C87101CA01500701CA007001CA02500520D74981010BBAF2E08820D70B0A208104FFBAF2D0898309BAF2E088CF165003FA027001CA68236EB3917F93246EB3E2973333017001CA00E30D216EB39C7F01CA0001206EF2D08001CC95317001CA00E2C901FB00}
                     x{7F01CA00C87001CA007001CA00246EB39D7F01CA0004206EF2D0805004CC9634037001CA00E2246EB39D7F01CA0004206EF2D0805004CC9634037001CA00E27001CA00027F01CA0002C958CC}
                  x{C8F84301CC7F01CA0055205023CB1F0120D74981010BBAF2E08820D70B0A208104FFBAF2D0898309BAF2E088CF16216EB3957F01CA00CC947032CA00E2C9ED54}
                 x{2_}
                  x{BE28EED9E6D9E3618C_}
                   x{ED44D0D401F863D200018E2FD31FFA400120D74981010BBAF2E08820D70B0A208104FFBAF2D0898309BAF2E08801D2000191D4926D01E255206C13E0F828D70B0A8309BAF2E089810101D700FA400120D74981010BBAF2E08820D70B0A208104FFBAF2D0898309BAF2E0881202D101DB3C}
                    x{6D}
                   x{21}
                  x{2_}
                   x{4}
                    x{B1D8B6CF36CF1B0C6_}
                     x{ED44D0D401F863D200018E2FD31FFA400120D74981010BBAF2E08820D70B0A208104FFBAF2D0898309BAF2E08801D2000191D4926D01E255206C13E0F828D70B0A8309BAF2E089810101D700FA400120D74981010BBAF2E08820D70B0A208104FFBAF2D0898309BAF2E0881202D101DB3C}
                      x{6D}
                     x{20}
                    x{B36436CF36CF1B0C6_}
                     x{ED44D0D401F863D200018E2FD31FFA400120D74981010BBAF2E08820D70B0A208104FFBAF2D0898309BAF2E08801D2000191D4926D01E255206C13E0F828D70B0A8309BAF2E089810101D700FA400120D74981010BBAF2E08820D70B0A208104FFBAF2D0898309BAF2E0881202D101DB3C}
                      x{6D}
                     x{22}
                   x{B82BEED44D0D20001}
           x{B8A3AA140000000000000000801D3E5E1B0970E52ABD4EA639AED542E118FE33D2F03FE072737A6B74A8FDC2C69_}
          x{DF_}
           x{480173A49878148A4F6041C04B952AC2638BD6A1025222AF84BFAF2C3BE5A07436D5003A7CBC3612E1CA557A9D4C735DAA85C231FC67A5E07FC0E4E6F4D6E951FB858D10BE1E264C0608235A0000000004E33882CE949B8A4_}
         x{72C73A056D48B494C4171C44E7E972EC5E6B027D67E3271BD0D41F4A3A4C99770190AEC8965AFABB16EBC3CB9B408EBAE71B618D78788BC80D09843593CAC98DA4}
         x{0C090BCA3A88D8667B9213_}
          x{44262C3D09000000000000000000FA00000000000000000000000000000000000000000000000000000000000000000000000000000000000000000000000000000000000000000000000000000000}
          x{DCC186A0260411A6000000000002000100000001F01808E7C65384854FD0A4F77793F95695733B675EB306C4FAC3CFF546A3D22720280B06_},
        hash: [Function: hash],
        blockchainLogs: '[ 4][t 0][2024-10-30 23:27:01.718000][transaction.cpp:443]\tunpacking account B9D24C3C0A4527B020E025CA956131C5EB5081291157C25FD7961DF2D03A1B6A\n' +
          '[ 4][t 0][2024-10-30 23:27:01.718000][transaction.cpp:274]\tlast_paid=1732922821; cells=28 bits=7123 public_cells=0\n' +
          '[ 4][t 0][2024-10-30 23:27:01.718000][transaction.cpp:504]\tend of Account.unpack() for 0:B9D24C3C0A4527B020E025CA956131C5EB5081291157C25FD7961DF2D03A1B6A (balance = 10000000ng ; last_trans_lt = 37000000..37000002)\n' +
          '[ 4][t 0][2024-10-30 23:27:01.718000][transaction.cpp:3655]\tblock random seed set to 0000000000000000000000000000000000000000000000000000000000000000\n' +
          '[ 4][t 0][2024-10-30 23:27:01.718000][transaction.cpp:1236]\tgas limits: max=1000000, limit=1000000, credit=0\n' +
          '[ 4][t 0][2024-10-30 23:27:01.718000][transaction.cpp:1571]\tHASH(in_msg_state) = B9D24C3C0A4527B020E025CA956131C5EB5081291157C25FD7961DF2D03A1B6A, account_state_hash = 0000000000000000000000000000000000000000000000000000000000000000\n' +
          '[ 4][t 0][2024-10-30 23:27:01.718000][transaction.cpp:1645]\tcreating VM\n' +
          '[ 4][t 0][2024-10-30 23:27:01.718000][transaction.cpp:1351]\tSmartContractInfo initialized with [ 124711402 0 0 1732922821 41000000 41000000 84630195367514639409622924175749312199831056191303332875639359062248049886761 [ 801210531 (null) ] CS{Cell{026dc00b9d24c3c0a4527b020e025ca956131c5eb5081291157c25fd7961df2d03a1b6a23886f4c33a526e280000000008d24d08e625a01340} bits: 1..268; refs: 0..0} C{A7EC01478F770EF8F8B037CC7E42F0ABF0D85A50E1828C2394DAD1411691F2DE} C{F2179DCD5CFD8A1E113288591FFB7A5E10E107D0D2C36DF69E40398023DAA7B1} [ 791210531 (null) ] 0 (null) [ CS{Cell{004dd06600000000000000000000000080000000000000fa00000000000001f4000000000003d09040} bits: 9..305; refs: 0..0} (null) CS{Cell{0094d1000000000000006400000000000f4240de000000002710000000000000000f42400000000002160ec0000000000000271000000000002625a00000000005f5e100000000003b9aca00} bits: 0..592; refs: 0..0} CS{Cell{0094d100000000000000640000000000009c40de000000000190000000000000000f424000000000000f4240000000000000271000000000009896800000000005f5e100000000003b9aca00} bits: 0..592; refs: 0..0} CS{Cell{0042ea000000000098968000000000271000000000000f424000000001800055555555} bits: 0..264; refs: 0..0} CS{Cell{0042ea0000000000061a800000000001900000000000009c4000000001800055555555} bits: 0..264; refs: 0..0} (null) ] 0 (null) ]\n' +
          '[ 4][t 0][2024-10-30 23:27:01.718000][transaction.cpp:1675]\tstarting VM\n' +
          '[ 4][t 0][2024-10-30 23:27:01.719000][transaction.cpp:1680]\tVM terminated with exit code 0\n' +
          '[ 3][t 0][2024-10-30 23:27:01.719000][transaction.cpp:1702]\tsteps: 250 gas: used=8497, max=1000000, limit=1000000, credit=0\n' +
          '[ 3][t 0][2024-10-30 23:27:01.719000][transaction.cpp:1704]\tout_of_gas=false, accepted=true, success=true, time=0.000617s\n' +
          '[ 4][t 0][2024-10-30 23:27:01.719000][transaction.cpp:1737]\tgas fees: 3398800 = 26214400 * 8497 /2^16 ; price=26214400; flat rate=[40000 for 100]; remaining balance=797811731ng\n' +
          '[ 3][t 0][2024-10-30 23:27:01.719000][transaction.cpp:2678]\tin try_action_reserve_currency(0)\n' +
          '[ 4][t 0][2024-10-30 23:27:01.719000][transaction.cpp:2684]\taction_reserve_currency: mode=0, reserve=0ng, balance=797811731ng, original balance=10000000ng\n' +
          '[ 3][t 0][2024-10-30 23:27:01.719000][transaction.cpp:2729]\tchanged remaining balance to 797811731ng, reserved balance to 0ng\n' +
          '[ 4][t 0][2024-10-30 23:27:01.719000][transaction.cpp:2448]\tstorage paid for a message: 0 cells, 0 bits\n' +
          '[ 4][t 0][2024-10-30 23:27:01.719000][transaction.cpp:2452]\tcomputed fwd fees = 400000 + 0\n',
        vmLogs: 'ecute STSLICER\n' +
          'execute OVER\n' +
          'execute ISNULL\n' +
          'execute NOT\n' +
          'execute PUSHCONT x7F01CA00CC\n' +
          'execute PUSHCONT x7032CA00\n' +
          'execute IFELSE\n' +
          'execute PUSHINT -1\n' +
          'execute SWAP\n' +
          'execute STI 1\n' +
          'execute STREF\n' +
          'execute implicit RET\n' +
          'execute ENDC\n' +
          'execute POP c4\n' +
          'execute implicit RET\n',
        debugLogs: '',
        events: [ [Object], [Object] ],
        parent: {
          address: 37254810366437813475271750514734067285117962570475561289538093995582013161784n,
          lt: 38000000n,
          prevTransactionHash: 32792156248339496712452326929371655063132118918656450294936054981982451108625n,
          prevTransactionLt: 36000000n,
          now: 1732922821,
          outMessagesCount: 4,
          oldStatus: 'active',
          endStatus: 'active',
          inMessage: [Object],
          outMessages: [Dictionary],
          totalFees: [Object],
          stateUpdate: [Object],
          description: [Object],
          raw: x{7525D79B589F1D73B879432CD1A596C0F9C42CF460467BBB795DA5A20C021C138000000000243D580487FB3E481A5EEBBD1E04F1721064CEB22D69922CDABE0B040226411106B8B110000000002255100674A4DC500094803B6BE68}
           x{E_}
            x{680173A49878148A4F6041C04B952AC2638BD6A1025222AF84BFAF2C3BE5A07436D50014975E6D627C75CEE1E50CB346965B03E710B3D18119EEEDE57696883008704E10E51839CC0610D45E0000000004692682CE949B8A5B43D58B8000000000000000000000004_}
             x{02202FAF080202FAF08021DCD65001CC4B4021DCD650033916062B397F7E2B3916062B3A526E280000000800000004_}
              x{801028CD38D6A9FB165BB1D27554DCBBC8B7A064E07EF4C3832956828113614F545_}
            x{DB_}
             x{2_}
              x{2_}
               x{6800A4BAF36B13E3AE770F28659A34B2D81F38859E8C08CF776F2BB4B44180438271001F33C9E03834F86C2DA0166D0212C129A321D08D5D171B4080758BCF48863C4D90101931000609BBB0000000000487AB02CE949B8AC_}
                x{BC26F4C80000000000000000}
              x{2_}
               x{6800A4BAF36B13E3AE770F28659A34B2D81F38859E8C08CF776F2BB4B4418043827100384BA6D6A6B7DF2422C44C909493A07C03CA0A1FF860A7ED8531810050149DDF10101931000609BBB0000000000487AB04CE949B8AC_}
                x{BC26F4C80000000000000001}
             x{2_}
              x{2_}
               x{E00292EBCDAC4F8EB9DC3CA19668D2CB607CE2167A30233DDDBCAED2D106010E09C0000000000487AB06CE949B8AC_}
                x{8B6D3812000000000000000000000000801028CD38D6A9FB165BB1D27554DCBBC8B7A064E07EF4C3832956828113614F544877359401_}
              x{2_}
               x{4800A4BAF36B13E3AE770F28659A34B2D81F38859E8C08CF776F2BB4B44180438271002E74930F029149EC08380972A5584C717AD4204A4455F097F5E5877CB40E86DA90BCA3A88C0656E1D8000000000487AB08CE949B8BE_}
                x{34_}
                 x{FF00F4A413F4BCF2C80B}
                  x{62_}
                   x{D001D0D3030171B0A301FA400120D74981010BBAF2E08820D70B0A208104FFBAF2D0898309BAF2E088545053036F04F86102F862DB3C5512DB3CF2E082}
                    x{ED44D0D401F863D200018E2FD31FFA400120D74981010BBAF2E08820D70B0A208104FFBAF2D0898309BAF2E08801D2000191D4926D01E255206C13E0F828D70B0A8309BAF2E089810101D700FA400120D74981010BBAF2E08820D70B0A208104FFBAF2D0898309BAF2E0881202D101DB3C}
                     x{6D}
                    x{0192307FE07021D749C21F953020D70B1FDE208210AFE93535BA8F5130D31F018210AFE93535BAF2E081D33FFA400120D74981010BBAF2E08820D70B0A208104FFBAF2D0898309BAF2E08801D455206C1332820898968070FB024434DB3C30037083067055206D6D6DDB3C597FE0208210B8A3AA14BAE302}
                     x{F8425220C705F2E084}
                     x{C87101CA01500701CA007001CA02500520D74981010BBAF2E08820D70B0A208104FFBAF2D0898309BAF2E088CF165003FA027001CA68236EB3917F93246EB3E2973333017001CA00E30D216EB39C7F01CA0001206EF2D08001CC95317001CA00E2C901FB00}
                      x{7F01CA00C87001CA007001CA00246EB39D7F01CA0004206EF2D0805004CC9634037001CA00E2246EB39D7F01CA0004206EF2D0805004CC9634037001CA00E27001CA00027F01CA0002C958CC}
                     x{30D31F018210B8A3AA14BAF2E081D33FFA400120D74981010BBAF2E08820D70B0A208104FFBAF2D0898309BAF2E088126C12317020FB025520DB3C03708100A07055206D6D6DDB3C587F}
                      x{F8425220C705F2E084}
                      x{C87101CA01500701CA007001CA02500520D74981010BBAF2E08820D70B0A208104FFBAF2D0898309BAF2E088CF165003FA027001CA68236EB3917F93246EB3E2973333017001CA00E30D216EB39C7F01CA0001206EF2D08001CC95317001CA00E2C901FB00}
                       x{7F01CA00C87001CA007001CA00246EB39D7F01CA0004206EF2D0805004CC9634037001CA00E2246EB39D7F01CA0004206EF2D0805004CC9634037001CA00E27001CA00027F01CA0002C958CC}
                     x{8210E601F8E5BA8ECED31F018210E601F8E5BAF2E081D33F0131820898968070FB02F8416F2410235F037083067F25206EF2D080542580C855208210B687AB175004CB1F12CB3FCB1FCCC9103441301443306D6DDB3C7FE03070}
                      x{C87101CA01500701CA007001CA02500520D74981010BBAF2E08820D70B0A208104FFBAF2D0898309BAF2E088CF165003FA027001CA68236EB3917F93246EB3E2973333017001CA00E30D216EB39C7F01CA0001206EF2D08001CC95317001CA00E2C901FB00}
                       x{7F01CA00C87001CA007001CA00246EB39D7F01CA0004206EF2D0805004CC9634037001CA00E2246EB39D7F01CA0004206EF2D0805004CC9634037001CA00E27001CA00027F01CA0002C958CC}
                    x{C8F84301CC7F01CA0055205023CB1F0120D74981010BBAF2E08820D70B0A208104FFBAF2D0898309BAF2E088CF16216EB3957F01CA00CC947032CA00E2C9ED54}
                   x{2_}
                    x{BE28EED9E6D9E3618C_}
                     x{ED44D0D401F863D200018E2FD31FFA400120D74981010BBAF2E08820D70B0A208104FFBAF2D0898309BAF2E08801D2000191D4926D01E255206C13E0F828D70B0A8309BAF2E089810101D700FA400120D74981010BBAF2E08820D70B0A208104FFBAF2D0898309BAF2E0881202D101DB3C}
                      x{6D}
                     x{21}
                    x{2_}
                     x{4}
                      x{B1D8B6CF36CF1B0C6_}
                       x{ED44D0D401F863D200018E2FD31FFA400120D74981010BBAF2E08820D70B0A208104FFBAF2D0898309BAF2E08801D2000191D4926D01E255206C13E0F828D70B0A8309BAF2E089810101D700FA400120D74981010BBAF2E08820D70B0A208104FFBAF2D0898309BAF2E0881202D101DB3C}
                        x{6D}
                       x{20}
                      x{B36436CF36CF1B0C6_}
                       x{ED44D0D401F863D200018E2FD31FFA400120D74981010BBAF2E08820D70B0A208104FFBAF2D0898309BAF2E08801D2000191D4926D01E255206C13E0F828D70B0A8309BAF2E089810101D700FA400120D74981010BBAF2E08820D70B0A208104FFBAF2D0898309BAF2E0881202D101DB3C}
                        x{6D}
                       x{22}
                     x{B82BEED44D0D20001}
                 x{0000000000000000000000000000000000000000000000000000000000000000200292EBCDAC4F8EB9DC3CA19668D2CB607CE2167A30233DDDBCAED2D106010E09C4_}
                  x{C_}
                   x{A0838F_}
                    x{FF00F4A413F4BCF2C80B}
                     x{62_}
                      x{D001D0D3030171B0A301FA400120D74981010BBAF2E08820D70B0A208104FFBAF2D0898309BAF2E088545053036F04F86102F862DB3C5512DB3CF2E082}
                       x{ED44D0D401F863D200018E2FD31FFA400120D74981010BBAF2E08820D70B0A208104FFBAF2D0898309BAF2E08801D2000191D4926D01E255206C13E0F828D70B0A8309BAF2E089810101D700FA400120D74981010BBAF2E08820D70B0A208104FFBAF2D0898309BAF2E0881202D101DB3C}
                        x{6D}
                       x{0192307FE07021D749C21F953020D70B1FDE208210AFE93535BA8F5130D31F018210AFE93535BAF2E081D33FFA400120D74981010BBAF2E08820D70B0A208104FFBAF2D0898309BAF2E08801D455206C1332820898968070FB024434DB3C30037083067055206D6D6DDB3C597FE0208210B8A3AA14BAE302}
                        x{F8425220C705F2E084}
                        x{C87101CA01500701CA007001CA02500520D74981010BBAF2E08820D70B0A208104FFBAF2D0898309BAF2E088CF165003FA027001CA68236EB3917F93246EB3E2973333017001CA00E30D216EB39C7F01CA0001206EF2D08001CC95317001CA00E2C901FB00}
                         x{7F01CA00C87001CA007001CA00246EB39D7F01CA0004206EF2D0805004CC9634037001CA00E2246EB39D7F01CA0004206EF2D0805004CC9634037001CA00E27001CA00027F01CA0002C958CC}
                        x{30D31F018210B8A3AA14BAF2E081D33FFA400120D74981010BBAF2E08820D70B0A208104FFBAF2D0898309BAF2E088126C12317020FB025520DB3C03708100A07055206D6D6DDB3C587F}
                         x{F8425220C705F2E084}
                         x{C87101CA01500701CA007001CA02500520D74981010BBAF2E08820D70B0A208104FFBAF2D0898309BAF2E088CF165003FA027001CA68236EB3917F93246EB3E2973333017001CA00E30D216EB39C7F01CA0001206EF2D08001CC95317001CA00E2C901FB00}
                          x{7F01CA00C87001CA007001CA00246EB39D7F01CA0004206EF2D0805004CC9634037001CA00E2246EB39D7F01CA0004206EF2D0805004CC9634037001CA00E27001CA00027F01CA0002C958CC}
                        x{8210E601F8E5BA8ECED31F018210E601F8E5BAF2E081D33F0131820898968070FB02F8416F2410235F037083067F25206EF2D080542580C855208210B687AB175004CB1F12CB3FCB1FCCC9103441301443306D6DDB3C7FE03070}
                         x{C87101CA01500701CA007001CA02500520D74981010BBAF2E08820D70B0A208104FFBAF2D0898309BAF2E088CF165003FA027001CA68236EB3917F93246EB3E2973333017001CA00E30D216EB39C7F01CA0001206EF2D08001CC95317001CA00E2C901FB00}
                          x{7F01CA00C87001CA007001CA00246EB39D7F01CA0004206EF2D0805004CC9634037001CA00E2246EB39D7F01CA0004206EF2D0805004CC9634037001CA00E27001CA00027F01CA0002C958CC}
                       x{C8F84301CC7F01CA0055205023CB1F0120D74981010BBAF2E08820D70B0A208104FFBAF2D0898309BAF2E088CF16216EB3957F01CA00CC947032CA00E2C9ED54}
                      x{2_}
                       x{BE28EED9E6D9E3618C_}
                        x{ED44D0D401F863D200018E2FD31FFA400120D74981010BBAF2E08820D70B0A208104FFBAF2D0898309BAF2E08801D2000191D4926D01E255206C13E0F828D70B0A8309BAF2E089810101D700FA400120D74981010BBAF2E08820D70B0A208104FFBAF2D0898309BAF2E0881202D101DB3C}
                         x{6D}
                        x{21}
                       x{2_}
                        x{4}
                         x{B1D8B6CF36CF1B0C6_}
                          x{ED44D0D401F863D200018E2FD31FFA400120D74981010BBAF2E08820D70B0A208104FFBAF2D0898309BAF2E08801D2000191D4926D01E255206C13E0F828D70B0A8309BAF2E089810101D700FA400120D74981010BBAF2E08820D70B0A208104FFBAF2D0898309BAF2E0881202D101DB3C}
                           x{6D}
                          x{20}
                         x{B36436CF36CF1B0C6_}
                          x{ED44D0D401F863D200018E2FD31FFA400120D74981010BBAF2E08820D70B0A208104FFBAF2D0898309BAF2E08801D2000191D4926D01E255206C13E0F828D70B0A8309BAF2E089810101D700FA400120D74981010BBAF2E08820D70B0A208104FFBAF2D0898309BAF2E0881202D101DB3C}
                           x{6D}
                          x{22}
                        x{B82BEED44D0D20001}
                x{B8A3AA140000000000000000801D3E5E1B0970E52ABD4EA639AED542E118FE33D2F03FE072737A6B74A8FDC2C69_}
           x{726A116D59948DD09CF15DC37871607B81CB73BAAC460F27A48CC5D81AB1E7C17F4076809CA988CEA2A3A7091B98D3AF022585012FB1552FA427FEC41C5B836B42}
           x{04090E51839CD88036EE1C11_}
            x{602327CC3D09000000000000000007C100000000000000000000000000000000000000000000000000000000000000000000000000000000000000000000000000000000000000000000000000000000}
            x{C9AC8D784C8FB95000000000000A0002000000086C667028F3CC35C5E1D1AEB75B20D68906AE33005305D31C6C00E378213282B048913B24_},
          hash: [Function: hash],
          blockchainLogs: '[ 4][t 0][2024-10-30 23:27:01.704000][transaction.cpp:443]\tunpacking account 525D79B589F1D73B879432CD1A596C0F9C42CF460467BBB795DA5A20C021C138\n' +
            '[ 4][t 0][2024-10-30 23:27:01.704000][transaction.cpp:274]\tlast_paid=1732922821; cells=232 bits=84034 public_cells=0\n' +
            '[ 4][t 0][2024-10-30 23:27:01.704000][transaction.cpp:504]\tend of Account.unpack() for 0:525D79B589F1D73B879432CD1A596C0F9C42CF460467BBB795DA5A20C021C138 (balance = 2100000000ng ; last_trans_lt = 36000000..36000002)\n' +
            '[ 4][t 0][2024-10-30 23:27:01.704000][transaction.cpp:3655]\tblock random seed set to 0000000000000000000000000000000000000000000000000000000000000000\n' +
            '[ 4][t 0][2024-10-30 23:27:01.704000][transaction.cpp:1236]\tgas limits: max=1000000, limit=1000000, credit=0\n' +
            '[ 4][t 0][2024-10-30 23:27:01.704000][transaction.cpp:1575]\tin_msg_state is null\n' +
            '[ 4][t 0][2024-10-30 23:27:01.704000][transaction.cpp:1645]\tcreating VM\n' +
            '[ 4][t 0][2024-10-30 23:27:01.704000][transaction.cpp:1351]\tSmartContractInfo initialized with [ 124711402 0 0 1732922821 38000000 38000000 14068792954309835536948273256715513127174070948738620016199408580766834334284 [ 3060892531 (null) ] CS{Cell{0271c00525d79b589f1d73b879432cd1a596c0f9c42cf460467bbb795da5a20c021c1383d0c05210833a526e2800000000089544091f4add401340} bits: 1..268; refs: 0..0} C{A7EC01478F770EF8F8B037CC7E42F0ABF0D85A50E1828C2394DAD1411691F2DE} C{42B6F0E46484EFC57B9508F6BA7EF42E7512023D5CB4ED5628DD1C7755D16E9D} [ 960892531 (null) ] 0 (null) [ CS{Cell{004dd06600000000000000000000000080000000000000fa00000000000001f4000000000003d09040} bits: 9..305; refs: 0..0} (null) CS{Cell{0094d1000000000000006400000000000f4240de000000002710000000000000000f42400000000002160ec0000000000000271000000000002625a00000000005f5e100000000003b9aca00} bits: 0..592; refs: 0..0} CS{Cell{0094d100000000000000640000000000009c40de000000000190000000000000000f424000000000000f4240000000000000271000000000009896800000000005f5e100000000003b9aca00} bits: 0..592; refs: 0..0} CS{Cell{0042ea000000000098968000000000271000000000000f424000000001800055555555} bits: 0..264; refs: 0..0} CS{Cell{0042ea0000000000061a800000000001900000000000009c4000000001800055555555} bits: 0..264; refs: 0..0} (null) ] 0 (null) ]\n' +
            '[ 4][t 0][2024-10-30 23:27:01.704000][transaction.cpp:1675]\tstarting VM\n' +
            '[ 4][t 0][2024-10-30 23:27:01.706000][transaction.cpp:1680]\tVM terminated with exit code 0\n' +
            '[ 3][t 0][2024-10-30 23:27:01.706000][transaction.cpp:1702]\tsteps: 1985 gas: used=71998, max=1000000, limit=1000000, credit=0\n' +
            '[ 3][t 0][2024-10-30 23:27:01.706000][transaction.cpp:1704]\tout_of_gas=false, accepted=true, success=true, time=0.001821s\n' +
            '[ 4][t 0][2024-10-30 23:27:01.706000][transaction.cpp:1737]\tgas fees: 28799200 = 26214400 * 71998 /2^16 ; price=26214400; flat rate=[40000 for 100]; remaining balance=3032093331ng\n' +
            '[ 3][t 0][2024-10-30 23:27:01.706000][transaction.cpp:2678]\tin try_action_reserve_currency(0)\n' +
            '[ 4][t 0][2024-10-30 23:27:01.706000][transaction.cpp:2684]\taction_reserve_currency: mode=0, reserve=2100000000ng, balance=3032093331ng, original balance=2100000000ng\n' +
            '[ 3][t 0][2024-10-30 23:27:01.706000][transaction.cpp:2729]\tchanged remaining balance to 932093331ng, reserved balance to 2100000000ng\n' +
            '[ 4][t 0][2024-10-30 23:27:01.706000][transaction.cpp:2448]\tstorage paid for a message: 1 cells, 96 bits\n' +
            '[ 4][t 0][2024-10-30 23:27:01.706000][transaction.cpp:2452]\tcomputed fwd fees = 478400 + 0\n' +
            '[ 4][t 0][2024-10-30 23:27:01.706000][transaction.cpp:2448]\tstorage paid for a message: 1 cells, 96 bits\n' +
            '[ 4][t 0][2024-10-30 23:27:01.706000][transaction.cpp:2452]\tcomputed fwd fees = 478400 + 0\n' +
            '[ 4][t 0][2024-10-30 23:27:01.706000][transaction.cpp:2448]\tstorage paid for a message: 1 cells, 431 bits\n' +
            '[ 4][t 0][2024-10-30 23:27:01.706000][transaction.cpp:2452]\tcomputed fwd fees = 612400 + 0\n' +
            '[ 4][t 0][2024-10-30 23:27:01.706000][transaction.cpp:2448]\tstorage paid for a message: 27 cells, 6976 bits\n' +
            '[ 4][t 0][2024-10-30 23:27:01.706000][transaction.cpp:2452]\tcomputed fwd fees = 4270400 + 0\n',
          vmLogs: 'xecute EQUAL\n' +
            'execute THROWIF 137\n' +
            'execute PUSHPOW2 10\n' +
            'execute EQUAL\n' +
            'execute THROWIFNOT 136\n' +
            'execute STSLICER\n' +
            'execute ENDC\n' +
            'execute ROT\n' +
            'execute STREF\n' +
            'execute ENDC\n' +
            'execute SWAP\n' +
            'execute STREF\n' +
            'execute implicit RET\n' +
            'execute ENDC\n' +
            'execute POP c4\n' +
            'execute implicit RET\n',
          debugLogs: '',
          events: [Array],
          parent: [Object],
          children: [Array],
          externals: [Array]
        },
        children: [ [Object] ],
        externals: []
      },
      {
        address: 37254810366437813475271750514734067285117962570475561289538093995582013161784n,
        lt: 42000000n,
        prevTransactionHash: 40005963368092488836029227095166927282082758436547331268701666996348184448103n,
        prevTransactionLt: 38000000n,
        now: 1732922821,
        outMessagesCount: 2,
        oldStatus: 'active',
        endStatus: 'active',
        inMessage: {
          info: [Object],
          init: null,
          body: x{2A004A0500000000000000000000000000000000000000000000000000000000000000000000000000000000C00814669C6B54FD8B2DD8E93AAA6E5DE45BD032703F7A61C194AB414089B0A7AA2}
        },
        outMessages: Dictionary { _key: [Object], _value: [Object], _map: [Map] },
        totalFees: { coins: 11323062n },
        stateUpdate: {
          oldHash: <Buffer 40 76 80 9c a9 88 ce a2 a3 a7 09 1b 98 d3 af 02 25 85 01 2f b1 55 2f a4 27 fe c4 1c 5b 83 6b 42>,
          newHash: <Buffer 51 b5 5a 80 a7 20 74 1d b4 d4 35 1f c8 5b 0f 8c 32 80 6e 88 33 72 85 4d c3 9d 35 01 10 ae 7f c2>
        },
        description: {
          type: 'generic',
          creditFirst: false,
          storagePhase: [Object],
          creditPhase: [Object],
          computePhase: [Object],
          actionPhase: [Object],
          bouncePhase: undefined,
          aborted: false,
          destroyed: false
        },
        raw: x{7525D79B589F1D73B879432CD1A596C0F9C42CF460467BBB795DA5A20C021C138000000000280DE80587292A5E41B6998BCC4E642E2617380117EE915238A44DB40AB2ECF5F584C67000000000243D580674A4DC5000547598D6C}
         x{E_}
          x{6800F99E4F01C1A7C3616D00B3681096094D190E846AE8B8DA0403AC5E7A4431E26D0014975E6D627C75CEE1E50CB346965B03E710B3D18119EEEDE57696883008704E101119EF88060DFF5E0000000004A62F82CE949B8AC_}
           x{2A004A0500000000000000000000000000000000000000000000000000000000000000000000000000000000C00814669C6B54FD8B2DD8E93AAA6E5DE45BD032703F7A61C194AB414089B0A7AA2}
          x{DD_}
           x{2_}
            x{6800A4BAF36B13E3AE770F28659A34B2D81F38859E8C08CF776F2BB4B441804382710020519A71AD53F62CB763A4EAA9B977916F40C9C0FDE9870652AD050226C29EA890FA19E1000608235A000000000501BD02CE949B8A4_}
           x{2_}
            x{6800A4BAF36B13E3AE770F28659A34B2D81F38859E8C08CF776F2BB4B44180438271003A7CBC3612E1CA557A9D4C735DAA85C231FC67A5E07FC0E4E6F4D6E951FB858D100E4647480608235A000000000501BD04CE949B8A4_}
         x{724076809CA988CEA2A3A7091B98D3AF022585012FB1552FA427FEC41C5B836B4251B55A80A720741DB4D4351FC85B0F8C32806E883372854DC39D350110AE7FC2}
         x{040901119EF8987516A211_}
          x{4D7F2C0AF1E00000000000000002E500000000000000000000000000000000000000000000000000000000000000000000000000000000000000000000000000000000000000000000000000000000}
          x{C9861A804C104698000000000006000200000004520F5BFAE2DB811E659CF17FB03F2335C3023F4A4B88DDB137FBD366D6D178EA40902C14_},
        hash: [Function: hash],
        blockchainLogs: '[ 4][t 0][2024-10-30 23:27:01.723000][transaction.cpp:443]\tunpacking account 525D79B589F1D73B879432CD1A596C0F9C42CF460467BBB795DA5A20C021C138\n' +
          '[ 4][t 0][2024-10-30 23:27:01.723000][transaction.cpp:274]\tlast_paid=1732922821; cells=234 bits=84033 public_cells=0\n' +
          '[ 4][t 0][2024-10-30 23:27:01.723000][transaction.cpp:504]\tend of Account.unpack() for 0:525D79B589F1D73B879432CD1A596C0F9C42CF460467BBB795DA5A20C021C138 (balance = 2100000000ng ; last_trans_lt = 38000000..38000005)\n' +
          '[ 4][t 0][2024-10-30 23:27:01.723000][transaction.cpp:3655]\tblock random seed set to 0000000000000000000000000000000000000000000000000000000000000000\n' +
          '[ 4][t 0][2024-10-30 23:27:01.723000][transaction.cpp:1236]\tgas limits: max=1000000, limit=179320, credit=0\n' +
          '[ 4][t 0][2024-10-30 23:27:01.723000][transaction.cpp:1575]\tin_msg_state is null\n' +
          '[ 4][t 0][2024-10-30 23:27:01.723000][transaction.cpp:1645]\tcreating VM\n' +
          '[ 4][t 0][2024-10-30 23:27:01.723000][transaction.cpp:1351]\tSmartContractInfo initialized with [ 124711402 0 0 1732922821 42000000 42000000 14068792954309835536948273256715513127174070948738620016199408580766834334284 [ 2171728098 (null) ] CS{Cell{0271c00525d79b589f1d73b879432cd1a596c0f9c42cf460467bbb795da5a20c021c1383d4c05210433a526e2800000000090f56151f4add401340} bits: 1..268; refs: 0..0} C{A7EC01478F770EF8F8B037CC7E42F0ABF0D85A50E1828C2394DAD1411691F2DE} C{42B6F0E46484EFC57B9508F6BA7EF42E7512023D5CB4ED5628DD1C7755D16E9D} [ 71728098 (null) ] 0 (null) [ CS{Cell{004dd06600000000000000000000000080000000000000fa00000000000001f4000000000003d09040} bits: 9..305; refs: 0..0} (null) CS{Cell{0094d1000000000000006400000000000f4240de000000002710000000000000000f42400000000002160ec0000000000000271000000000002625a00000000005f5e100000000003b9aca00} bits: 0..592; refs: 0..0} CS{Cell{0094d100000000000000640000000000009c40de000000000190000000000000000f424000000000000f4240000000000000271000000000009896800000000005f5e100000000003b9aca00} bits: 0..592; refs: 0..0} CS{Cell{0042ea000000000098968000000000271000000000000f424000000001800055555555} bits: 0..264; refs: 0..0} CS{Cell{0042ea0000000000061a800000000001900000000000009c4000000001800055555555} bits: 0..264; refs: 0..0} (null) ] 0 (null) ]\n' +
          '[ 4][t 0][2024-10-30 23:27:01.723000][transaction.cpp:1675]\tstarting VM\n' +
          '[ 4][t 0][2024-10-30 23:27:01.724000][transaction.cpp:1680]\tVM terminated with exit code 0\n' +
          '[ 3][t 0][2024-10-30 23:27:01.724000][transaction.cpp:1702]\tsteps: 741 gas: used=27641, max=1000000, limit=179320, credit=0\n' +
          '[ 3][t 0][2024-10-30 23:27:01.724000][transaction.cpp:1704]\tout_of_gas=false, accepted=true, success=true, time=0.000887s\n' +
          '[ 4][t 0][2024-10-30 23:27:01.724000][transaction.cpp:1737]\tgas fees: 11056400 = 26214400 * 27641 /2^16 ; price=26214400; flat rate=[40000 for 100]; remaining balance=2160671698ng\n' +
          '[ 3][t 0][2024-10-30 23:27:01.724000][transaction.cpp:2678]\tin try_action_reserve_currency(0)\n' +
          '[ 4][t 0][2024-10-30 23:27:01.724000][transaction.cpp:2684]\taction_reserve_currency: mode=0, reserve=1051000000ng, balance=2160671698ng, original balance=2100000000ng\n' +
          '[ 3][t 0][2024-10-30 23:27:01.724000][transaction.cpp:2729]\tchanged remaining balance to 1109671698ng, reserved balance to 1051000000ng\n' +
          '[ 4][t 0][2024-10-30 23:27:01.724000][transaction.cpp:2448]\tstorage paid for a message: 0 cells, 0 bits\n' +
          '[ 4][t 0][2024-10-30 23:27:01.724000][transaction.cpp:2452]\tcomputed fwd fees = 400000 + 0\n' +
          '[ 4][t 0][2024-10-30 23:27:01.724000][transaction.cpp:2448]\tstorage paid for a message: 0 cells, 0 bits\n' +
          '[ 4][t 0][2024-10-30 23:27:01.724000][transaction.cpp:2452]\tcomputed fwd fees = 400000 + 0\n',
        vmLogs: 'xecute EQUAL\n' +
          'execute THROWIF 137\n' +
          'execute PUSHPOW2 10\n' +
          'execute EQUAL\n' +
          'execute THROWIFNOT 136\n' +
          'execute STSLICER\n' +
          'execute ENDC\n' +
          'execute ROT\n' +
          'execute STREF\n' +
          'execute ENDC\n' +
          'execute SWAP\n' +
          'execute STREF\n' +
          'execute implicit RET\n' +
          'execute ENDC\n' +
          'execute POP c4\n' +
          'execute implicit RET\n',
        debugLogs: '',
        events: [ [Object], [Object] ],
        parent: {
          address: 56452803209391972311245829800318013664241380452486081517026592719308720763190n,
          lt: 39000000n,
          prevTransactionHash: 5726179288568522321834145068337057660189718503409614183960986059860496567418n,
          prevTransactionLt: 28000000n,
          now: 1732922821,
          outMessagesCount: 1,
          oldStatus: 'active',
          endStatus: 'active',
          inMessage: [Object],
          outMessages: [Dictionary],
          totalFees: [Object],
          stateUpdate: [Object],
          description: [Object],
          raw: x{77CCF2780E0D3E1B0B68059B4084B04A68C874235745C6D0201D62F3D2218F13600000000025317C00CA8E7125EF813C48EEF91BFF8CD0A39A415AF24C046CFC4B80C8FBC698B4C7A0000000001AB3F00674A4DC5000346A2CE5E}
           x{E_}
            x{6800A4BAF36B13E3AE770F28659A34B2D81F38859E8C08CF776F2BB4B44180438271001F33C9E03834F86C2DA0166D0212C129A321D08D5D171B4080758BCF48863C4D90101931000609BBB0000000000487AB02CE949B8A5E137A6400000000000000004_}
            x{DF_}
             x{6800F99E4F01C1A7C3616D00B3681096094D190E846AE8B8DA0403AC5E7A4431E26D0014975E6D627C75CEE1E50CB346965B03E710B3D18119EEEDE57696883008704E101119EF88060DFF5E0000000004A62F82CE949B8AC_}
              x{2A004A0500000000000000000000000000000000000000000000000000000000000000000000000000000000C00814669C6B54FD8B2DD8E93AAA6E5DE45BD032703F7A61C194AB414089B0A7AA2}
           x{7209CA062684150370294B85C1CC0CEDA446796EF9CF93635338ED62019F7A9AB3BDC9773AF22A0A0662FA65B42B40733090D8371714847EE5C70A54729C4B7060}
           x{04C4360789010193101867A1E811_}
            x{44E28C0A4D9000000000000000013D00000000000000000000000000000000000000000000000000000000000000000000000000000000000000000000000000000000000000000000000000000000}
            x{C9853FC04C0DFF44000000000002000000000002E314399E9181B61CA6ACAC445010D6EB366B5E165776588A9812DBEC1225A8904090296C_},
          hash: [Function: hash],
          blockchainLogs: '[ 4][t 0][2024-10-30 23:27:01.712000][transaction.cpp:443]\tunpacking account 7CCF2780E0D3E1B0B68059B4084B04A68C874235745C6D0201D62F3D2218F136\n' +
            '[ 4][t 0][2024-10-30 23:27:01.712000][transaction.cpp:274]\tlast_paid=1730330821; cells=30 bits=12911 public_cells=0\n' +
            '[ 4][t 0][2024-10-30 23:27:01.712000][transaction.cpp:504]\tend of Account.unpack() for 0:7CCF2780E0D3E1B0B68059B4084B04A68C874235745C6D0201D62F3D2218F136 (balance = 10000000ng ; last_trans_lt = 28000000..28000002)\n' +
            '[ 4][t 0][2024-10-30 23:27:01.712000][transaction.cpp:3655]\tblock random seed set to 0000000000000000000000000000000000000000000000000000000000000000\n' +
            '[ 4][t 0][2024-10-30 23:27:01.712000][transaction.cpp:1236]\tgas limits: max=191044, limit=168804, credit=0\n' +
            '[ 4][t 0][2024-10-30 23:27:01.712000][transaction.cpp:1575]\tin_msg_state is null\n' +
            '[ 4][t 0][2024-10-30 23:27:01.712000][transaction.cpp:1645]\tcreating VM\n' +
            '[ 4][t 0][2024-10-30 23:27:01.712000][transaction.cpp:1351]\tSmartContractInfo initialized with [ 124711402 0 0 1732922821 39000000 39000000 17158678860825839941702393232993838109470607978381324670400578166443069604636 [ 76417698 (null) ] CS{Cell{026dc007ccf2780e0d3e1b0b68059b4084b04a68c874235745c6d0201d62f3d2218f13623c8c9bc3391606280000000006acfc08e625a01340} bits: 1..268; refs: 0..0} C{A7EC01478F770EF8F8B037CC7E42F0ABF0D85A50E1828C2394DAD1411691F2DE} C{33BB148A451AD17F938AA7C476E48F2B79933715F13F1D58F9234A90730321A8} [ 67521600 (null) ] 1103902 (null) [ CS{Cell{004dd06600000000000000000000000080000000000000fa00000000000001f4000000000003d09040} bits: 9..305; refs: 0..0} (null) CS{Cell{0094d1000000000000006400000000000f4240de000000002710000000000000000f42400000000002160ec0000000000000271000000000002625a00000000005f5e100000000003b9aca00} bits: 0..592; refs: 0..0} CS{Cell{0094d100000000000000640000000000009c40de000000000190000000000000000f424000000000000f4240000000000000271000000000009896800000000005f5e100000000003b9aca00} bits: 0..592; refs: 0..0} CS{Cell{0042ea000000000098968000000000271000000000000f424000000001800055555555} bits: 0..264; refs: 0..0} CS{Cell{0042ea0000000000061a800000000001900000000000009c4000000001800055555555} bits: 0..264; refs: 0..0} (null) ] 0 (null) ]\n' +
            '[ 4][t 0][2024-10-30 23:27:01.712000][transaction.cpp:1675]\tstarting VM\n' +
            '[ 4][t 0][2024-10-30 23:27:01.712000][transaction.cpp:1680]\tVM terminated with exit code 0\n' +
            '[ 3][t 0][2024-10-30 23:27:01.712000][transaction.cpp:1702]\tsteps: 317 gas: used=10004, max=191044, limit=168804, credit=0\n' +
            '[ 3][t 0][2024-10-30 23:27:01.712000][transaction.cpp:1704]\tout_of_gas=false, accepted=true, success=true, time=0.000352s\n' +
            '[ 4][t 0][2024-10-30 23:27:01.712000][transaction.cpp:1737]\tgas fees: 4001600 = 26214400 * 10004 /2^16 ; price=26214400; flat rate=[40000 for 100]; remaining balance=72416098ng\n' +
            '[ 4][t 0][2024-10-30 23:27:01.712000][transaction.cpp:2448]\tstorage paid for a message: 1 cells, 620 bits\n' +
            '[ 4][t 0][2024-10-30 23:27:01.712000][transaction.cpp:2452]\tcomputed fwd fees = 688000 + 0\n',
          vmLogs: 'e implicit RET\n' +
            'execute OVER\n' +
            'execute ISNULL\n' +
            'execute NOT\n' +
            'execute PUSHCONT x7F01CA00CC\n' +
            'execute PUSHCONT x7032CA00\n' +
            'execute IFELSE\n' +
            'execute PUSHINT -1\n' +
            'execute SWAP\n' +
            'execute STI 1\n' +
            'execute STREF\n' +
            'execute implicit RET\n' +
            'execute ENDC\n' +
            'execute POP c4\n' +
            'execute implicit RET\n',
          debugLogs: '',
          events: [Array],
          parent: [Object],
          children: [Array],
          externals: []
        },
        children: [ [Object], [Object] ],
        externals: []
      },
      {
        address: 37254810366437813475271750514734067285117962570475561289538093995582013161784n,
        lt: 43000000n,
        prevTransactionHash: 106062181496705046575463749537417306140357469171220414836102251111036327038576n,
        prevTransactionLt: 42000000n,
        now: 1732922821,
        outMessagesCount: 2,
        oldStatus: 'active',
        endStatus: 'active',
        inMessage: {
          info: [Object],
          init: null,
          body: x{2A004A0500000000000000010000000000000000000000000000000000000000000000000000000000000000400B75A3E1A6460F415CE3721F308920C4B456F3B977F39EB26CED9155308A976CC}
        },
        outMessages: Dictionary { _key: [Object], _value: [Object], _map: [Map] },
        totalFees: { coins: 11033062n },
        stateUpdate: {
          oldHash: <Buffer 51 b5 5a 80 a7 20 74 1d b4 d4 35 1f c8 5b 0f 8c 32 80 6e 88 33 72 85 4d c3 9d 35 01 10 ae 7f c2>,
          newHash: <Buffer f5 4d ca ae c0 2a 96 7f ab 4f 55 50 8e 36 95 22 fe 2c c3 e5 77 c9 ce 44 ee 2d 5b 60 83 3b 3a a2>
        },
        description: {
          type: 'generic',
          creditFirst: false,
          storagePhase: [Object],
          creditPhase: [Object],
          computePhase: [Object],
          actionPhase: [Object],
          bouncePhase: undefined,
          aborted: false,
          destroyed: false
        },
        raw: x{7525D79B589F1D73B879432CD1A596C0F9C42CF460467BBB795DA5A20C021C13800000000029020C0EA7D113FA108BFCDD0589A930541CF0183B57346CACA43C3DC2EFEA469CC0E70000000000280DE80674A4DC500054750B3CC}
         x{E_}
          x{6801C25D36B535BEF92116226484A49D03E01E5050FFC3053F6C298C080280A4EEF90014975E6D627C75CEE1E50CB346965B03E710B3D18119EEEDE57696883008704E101119EF88060DFF5E0000000004C4B402CE949B8AC_}
           x{2A004A0500000000000000010000000000000000000000000000000000000000000000000000000000000000400B75A3E1A6460F415CE3721F308920C4B456F3B977F39EB26CED9155308A976CC}
          x{DD_}
           x{2_}
            x{6800A4BAF36B13E3AE770F28659A34B2D81F38859E8C08CF776F2BB4B44180438271002DD68F8699183D05738DC87CC2248312D15BCEE5DFCE7AC9B3B64554C22A5DB310E27F66000608235A0000000005204182CE949B8A4_}
           x{2_}
            x{6800A4BAF36B13E3AE770F28659A34B2D81F38859E8C08CF776F2BB4B44180438271003A7CBC3612E1CA557A9D4C735DAA85C231FC67A5E07FC0E4E6F4D6E951FB858D100E57FA880608235A0000000005204184CE949B8A4_}
         x{7251B55A80A720741DB4D4351FC85B0F8C32806E883372854DC39D350110AE7FC2F54DCAAEC02A967FAB4F55508E369522FE2CC3E577C9CE44EE2D5B60833B3AA2}
         x{040901119EF89874890811_}
          x{4D248C0AF1E00000000000000002E500000000000000000000000000000000000000000000000000000000000000000000000000000000000000000000000000000000000000000000000000000000}
          x{C9861A804C10469800000000000600020000000450AF9D9EE3726931F26D844A6FCC649C60C9C4AD99D34E111DD9BC6BD3DB3ADC40902C14_},
        hash: [Function: hash],
        blockchainLogs: '[ 4][t 0][2024-10-30 23:27:01.727000][transaction.cpp:443]\tunpacking account 525D79B589F1D73B879432CD1A596C0F9C42CF460467BBB795DA5A20C021C138\n' +
          '[ 4][t 0][2024-10-30 23:27:01.727000][transaction.cpp:274]\tlast_paid=1732922821; cells=231 bits=83982 public_cells=0\n' +
          '[ 4][t 0][2024-10-30 23:27:01.727000][transaction.cpp:504]\tend of Account.unpack() for 0:525D79B589F1D73B879432CD1A596C0F9C42CF460467BBB795DA5A20C021C138 (balance = 1051000000ng ; last_trans_lt = 42000000..42000003)\n' +
          '[ 4][t 0][2024-10-30 23:27:01.727000][transaction.cpp:3655]\tblock random seed set to 0000000000000000000000000000000000000000000000000000000000000000\n' +
          '[ 4][t 0][2024-10-30 23:27:01.728000][transaction.cpp:1236]\tgas limits: max=1000000, limit=179320, credit=0\n' +
          '[ 4][t 0][2024-10-30 23:27:01.728000][transaction.cpp:1575]\tin_msg_state is null\n' +
          '[ 4][t 0][2024-10-30 23:27:01.728000][transaction.cpp:1645]\tcreating VM\n' +
          '[ 4][t 0][2024-10-30 23:27:01.728000][transaction.cpp:1351]\tSmartContractInfo initialized with [ 124711402 0 0 1732922821 43000000 43000000 14068792954309835536948273256715513127174070948738620016199408580766834334284 [ 1122728098 (null) ] CS{Cell{0271c00525d79b589f1d73b879432cd1a596c0f9c42cf460467bbb795da5a20c021c1383cec05203833a526e28000000000a037a0d0fa93f301340} bits: 1..268; refs: 0..0} C{A7EC01478F770EF8F8B037CC7E42F0ABF0D85A50E1828C2394DAD1411691F2DE} C{42B6F0E46484EFC57B9508F6BA7EF42E7512023D5CB4ED5628DD1C7755D16E9D} [ 71728098 (null) ] 0 (null) [ CS{Cell{004dd06600000000000000000000000080000000000000fa00000000000001f4000000000003d09040} bits: 9..305; refs: 0..0} (null) CS{Cell{0094d1000000000000006400000000000f4240de000000002710000000000000000f42400000000002160ec0000000000000271000000000002625a00000000005f5e100000000003b9aca00} bits: 0..592; refs: 0..0} CS{Cell{0094d100000000000000640000000000009c40de000000000190000000000000000f424000000000000f4240000000000000271000000000009896800000000005f5e100000000003b9aca00} bits: 0..592; refs: 0..0} CS{Cell{0042ea000000000098968000000000271000000000000f424000000001800055555555} bits: 0..264; refs: 0..0} CS{Cell{0042ea0000000000061a800000000001900000000000009c4000000001800055555555} bits: 0..264; refs: 0..0} (null) ] 0 (null) ]\n' +
          '[ 4][t 0][2024-10-30 23:27:01.728000][transaction.cpp:1675]\tstarting VM\n' +
          '[ 4][t 0][2024-10-30 23:27:01.729000][transaction.cpp:1680]\tVM terminated with exit code 0\n' +
          '[ 3][t 0][2024-10-30 23:27:01.729000][transaction.cpp:1702]\tsteps: 741 gas: used=26916, max=1000000, limit=179320, credit=0\n' +
          '[ 3][t 0][2024-10-30 23:27:01.729000][transaction.cpp:1704]\tout_of_gas=false, accepted=true, success=true, time=0.001047s\n' +
          '[ 4][t 0][2024-10-30 23:27:01.729000][transaction.cpp:1737]\tgas fees: 10766400 = 26214400 * 26916 /2^16 ; price=26214400; flat rate=[40000 for 100]; remaining balance=1111961698ng\n' +
          '[ 3][t 0][2024-10-30 23:27:01.729000][transaction.cpp:2678]\tin try_action_reserve_currency(0)\n' +
          '[ 4][t 0][2024-10-30 23:27:01.729000][transaction.cpp:2684]\taction_reserve_currency: mode=0, reserve=101000000ng, balance=1111961698ng, original balance=1051000000ng\n' +
          '[ 3][t 0][2024-10-30 23:27:01.729000][transaction.cpp:2729]\tchanged remaining balance to 1010961698ng, reserved balance to 101000000ng\n' +
          '[ 4][t 0][2024-10-30 23:27:01.729000][transaction.cpp:2448]\tstorage paid for a message: 0 cells, 0 bits\n' +
          '[ 4][t 0][2024-10-30 23:27:01.729000][transaction.cpp:2452]\tcomputed fwd fees = 400000 + 0\n' +
          '[ 4][t 0][2024-10-30 23:27:01.729000][transaction.cpp:2448]\tstorage paid for a message: 0 cells, 0 bits\n' +
          '[ 4][t 0][2024-10-30 23:27:01.729000][transaction.cpp:2452]\tcomputed fwd fees = 400000 + 0\n',
        vmLogs: 'xecute EQUAL\n' +
          'execute THROWIF 137\n' +
          'execute PUSHPOW2 10\n' +
          'execute EQUAL\n' +
          'execute THROWIFNOT 136\n' +
          'execute STSLICER\n' +
          'execute ENDC\n' +
          'execute ROT\n' +
          'execute STREF\n' +
          'execute ENDC\n' +
          'execute SWAP\n' +
          'execute STREF\n' +
          'execute implicit RET\n' +
          'execute ENDC\n' +
          'execute POP c4\n' +
          'execute implicit RET\n',
        debugLogs: '',
        events: [ [Object], [Object] ],
        parent: {
          address: 101852738109603725607761920797369865272772728943991090530178890834824226043772n,
          lt: 40000000n,
          prevTransactionHash: 81659060469877509043983570483293019422620409714515884308795800724236871362719n,
          prevTransactionLt: 27000000n,
          now: 1732922821,
          outMessagesCount: 1,
          oldStatus: 'active',
          endStatus: 'active',
          inMessage: [Object],
          outMessages: [Dictionary],
          totalFees: [Object],
          stateUpdate: [Object],
          description: [Object],
          raw: x{7E12E9B5A9ADF7C908B113242524E81F00F28287FE1829FB614C604014052777C0000000002625A00B48963ED8AD15FFBCEB0FD5D33B026268948A87C279788E72422AF934DCF689F00000000019BFCC0674A4DC5000346A2CE5E}
           x{E_}
            x{6800A4BAF36B13E3AE770F28659A34B2D81F38859E8C08CF776F2BB4B4418043827100384BA6D6A6B7DF2422C44C909493A07C03CA0A1FF860A7ED8531810050149DDF10101931000609BBB0000000000487AB04CE949B8A5E137A640000000000000000C_}
            x{DF_}
             x{6801C25D36B535BEF92116226484A49D03E01E5050FFC3053F6C298C080280A4EEF90014975E6D627C75CEE1E50CB346965B03E710B3D18119EEEDE57696883008704E101119EF88060DFF5E0000000004C4B402CE949B8AC_}
              x{2A004A0500000000000000010000000000000000000000000000000000000000000000000000000000000000400B75A3E1A6460F415CE3721F308920C4B456F3B977F39EB26CED9155308A976CC}
           x{72800646DC98347E39DACCC1EF8ACA50A9512CD9718F0DBCA7AFF30DFC57A13C11CA50097239D901FDECBA374E70BC01AF67D2FCAC0FD81AD713A8E06735BA4152}
           x{04C4360789010193101867A1E811_}
            x{44E28C0A4D9000000000000000013D00000000000000000000000000000000000000000000000000000000000000000000000000000000000000000000000000000000000000000000000000000000}
            x{C9853FC04C0DFF44000000000002000000000003FFB2652E35979066CAC0633284C4E8042DB1FCB29F76FDFE1F06536CEE4DA4744090296C_},
          hash: [Function: hash],
          blockchainLogs: '[ 4][t 0][2024-10-30 23:27:01.714000][transaction.cpp:443]\tunpacking account E12E9B5A9ADF7C908B113242524E81F00F28287FE1829FB614C604014052777C\n' +
            '[ 4][t 0][2024-10-30 23:27:01.714000][transaction.cpp:274]\tlast_paid=1730330821; cells=30 bits=12911 public_cells=0\n' +
            '[ 4][t 0][2024-10-30 23:27:01.714000][transaction.cpp:504]\tend of Account.unpack() for 0:E12E9B5A9ADF7C908B113242524E81F00F28287FE1829FB614C604014052777C (balance = 10000000ng ; last_trans_lt = 27000000..27000002)\n' +
            '[ 4][t 0][2024-10-30 23:27:01.714000][transaction.cpp:3655]\tblock random seed set to 0000000000000000000000000000000000000000000000000000000000000000\n' +
            '[ 4][t 0][2024-10-30 23:27:01.715000][transaction.cpp:1236]\tgas limits: max=191044, limit=168804, credit=0\n' +
            '[ 4][t 0][2024-10-30 23:27:01.715000][transaction.cpp:1575]\tin_msg_state is null\n' +
            '[ 4][t 0][2024-10-30 23:27:01.715000][transaction.cpp:1645]\tcreating VM\n' +
            '[ 4][t 0][2024-10-30 23:27:01.715000][transaction.cpp:1351]\tSmartContractInfo initialized with [ 124711402 0 0 1732922821 40000000 40000000 43870772645377937883531240781324653013999287705787709612543318804107744319189 [ 76417698 (null) ] CS{Cell{026dc00e12e9b5a9adf7c908b113242524e81f00f28287fe1829fb614c604014052777c23c8c9bc33916062800000000066ff308e625a01340} bits: 1..268; refs: 0..0} C{A7EC01478F770EF8F8B037CC7E42F0ABF0D85A50E1828C2394DAD1411691F2DE} C{33BB148A451AD17F938AA7C476E48F2B79933715F13F1D58F9234A90730321A8} [ 67521600 (null) ] 1103902 (null) [ CS{Cell{004dd06600000000000000000000000080000000000000fa00000000000001f4000000000003d09040} bits: 9..305; refs: 0..0} (null) CS{Cell{0094d1000000000000006400000000000f4240de000000002710000000000000000f42400000000002160ec0000000000000271000000000002625a00000000005f5e100000000003b9aca00} bits: 0..592; refs: 0..0} CS{Cell{0094d100000000000000640000000000009c40de000000000190000000000000000f424000000000000f4240000000000000271000000000009896800000000005f5e100000000003b9aca00} bits: 0..592; refs: 0..0} CS{Cell{0042ea000000000098968000000000271000000000000f424000000001800055555555} bits: 0..264; refs: 0..0} CS{Cell{0042ea0000000000061a800000000001900000000000009c4000000001800055555555} bits: 0..264; refs: 0..0} (null) ] 0 (null) ]\n' +
            '[ 4][t 0][2024-10-30 23:27:01.715000][transaction.cpp:1675]\tstarting VM\n' +
            '[ 4][t 0][2024-10-30 23:27:01.715000][transaction.cpp:1680]\tVM terminated with exit code 0\n' +
            '[ 3][t 0][2024-10-30 23:27:01.715000][transaction.cpp:1702]\tsteps: 317 gas: used=10004, max=191044, limit=168804, credit=0\n' +
            '[ 3][t 0][2024-10-30 23:27:01.715000][transaction.cpp:1704]\tout_of_gas=false, accepted=true, success=true, time=0.000535s\n' +
            '[ 4][t 0][2024-10-30 23:27:01.715000][transaction.cpp:1737]\tgas fees: 4001600 = 26214400 * 10004 /2^16 ; price=26214400; flat rate=[40000 for 100]; remaining balance=72416098ng\n' +
            '[ 4][t 0][2024-10-30 23:27:01.715000][transaction.cpp:2448]\tstorage paid for a message: 1 cells, 620 bits\n' +
            '[ 4][t 0][2024-10-30 23:27:01.715000][transaction.cpp:2452]\tcomputed fwd fees = 688000 + 0\n',
          vmLogs: 'e implicit RET\n' +
            'execute OVER\n' +
            'execute ISNULL\n' +
            'execute NOT\n' +
            'execute PUSHCONT x7F01CA00CC\n' +
            'execute PUSHCONT x7032CA00\n' +
            'execute IFELSE\n' +
            'execute PUSHINT -1\n' +
            'execute SWAP\n' +
            'execute STI 1\n' +
            'execute STREF\n' +
            'execute implicit RET\n' +
            'execute ENDC\n' +
            'execute POP c4\n' +
            'execute implicit RET\n',
          debugLogs: '',
          events: [Array],
          parent: [Object],
          children: [Array],
          externals: []
        },
        children: [ [Object], [Object] ],
        externals: []
      },
      {
        address: 105818132960003171416304597453717637701794574747475969910003481004036112389684n,
        lt: 44000000n,
        prevTransactionHash: 46258651589257270183325036703835542487833444790274921659012287245940028057159n,
        prevTransactionLt: 33000000n,
        now: 1732922821,
        outMessagesCount: 0,
        oldStatus: 'active',
        endStatus: 'active',
        inMessage: { info: [Object], init: null, body: x{} },
        outMessages: Dictionary { _key: [Object], _value: [Object], _map: Map(0) {} },
        totalFees: { coins: 123600n },
        stateUpdate: {
          oldHash: <Buffer de 26 f8 b4 eb 79 5b 7e c4 7d 20 ae c0 01 af 03 38 26 64 cf 28 9a 35 4b 1f 7c 06 6d 4c c5 b1 e3>,
          newHash: <Buffer 8c 2a 80 53 8c 44 57 c0 b6 db 3b dc 6e 5c ab c3 b0 af f1 88 7e 79 c1 26 c2 4d 70 b2 d3 ad a7 5e>
        },
        description: {
          type: 'generic',
          creditFirst: true,
          storagePhase: [Object],
          creditPhase: [Object],
          computePhase: [Object],
          actionPhase: [Object],
          bouncePhase: undefined,
          aborted: false,
          destroyed: false
        },
        raw: x{7E9F2F0D84B872955EA7531CD76AA1708C7F19E9781FF03939BD35BA547EE163400000000029F63006645780DF94AA5903A5A0CB73C0CF2E40873ED4E330B7F82AA7FB853121BA6470000000001F78A40674A4DC500014603C5A0}
         x{A_}
          x{480173A49878148A4F6041C04B952AC2638BD6A1025222AF84BFAF2C3BE5A07436D5003A7CBC3612E1CA557A9D4C735DAA85C231FC67A5E07FC0E4E6F4D6E951FB858D10BE1E264C0608235A0000000004E33882CE949B8A4_}
         x{72DE26F8B4EB795B7EC47D20AEC001AF03382664CF289A354B1F7C066D4CC5B1E38C2A80538C4457C0B6DB3BDC6E5CABC3B0AFF1887E79C126C24D70B2D3ADA75E}
         x{0C090BE1E264D8603C5A11_}
          x{4026AC3D090000000000000000000500000000000000000000000000000000000000000000000000000000000000000000000000000000000000000000000000000000000000000000000000000000}
          x{C00000000000000000000000012D452DA449E50B8CF7DD27861F146122AFE1B546BB8B70FC8216F0C614139F8E04_},
        hash: [Function: hash],
        blockchainLogs: '[ 4][t 0][2024-10-30 23:27:01.732000][transaction.cpp:443]\tunpacking account E9F2F0D84B872955EA7531CD76AA1708C7F19E9781FF03939BD35BA547EE1634\n' +
          '[ 4][t 0][2024-10-30 23:27:01.732000][transaction.cpp:274]\tlast_paid=1732922821; cells=6 bits=821 public_cells=0\n' +
          '[ 4][t 0][2024-10-30 23:27:01.732000][transaction.cpp:504]\tend of Account.unpack() for 0:E9F2F0D84B872955EA7531CD76AA1708C7F19E9781FF03939BD35BA547EE1634 (balance = 999998997584476ng ; last_trans_lt = 33000000..33000002)\n' +
          '[ 4][t 0][2024-10-30 23:27:01.732000][transaction.cpp:3655]\tblock random seed set to 0000000000000000000000000000000000000000000000000000000000000000\n' +
          '[ 4][t 0][2024-10-30 23:27:01.732000][transaction.cpp:1236]\tgas limits: max=1000000, limit=1000000, credit=0\n' +
          '[ 4][t 0][2024-10-30 23:27:01.732000][transaction.cpp:1575]\tin_msg_state is null\n' +
          '[ 4][t 0][2024-10-30 23:27:01.732000][transaction.cpp:1645]\tcreating VM\n' +
          '[ 4][t 0][2024-10-30 23:27:01.732000][transaction.cpp:1351]\tSmartContractInfo initialized with [ 124711402 0 0 1732922821 44000000 44000000 60210483465141978598827679003117970236339845468170532052053411751718225576024 [ 999999794996207 (null) ] CS{Cell{0275c00e9f2f0d84b872955ea7531cd76aa1708c7f19e9781ff03939bd35ba547ee163420c80cd433a526e280000000007de2909c0e35f9a41b6971340} bits: 1..268; refs: 0..0} C{A7EC01478F770EF8F8B037CC7E42F0ABF0D85A50E1828C2394DAD1411691F2DE} C{D992502B94EA96E7B34E5D62FFB0C6FC73D78B3E61F11F0848FB3A1EB1AFC912} [ 797411731 (null) ] 0 (null) [ CS{Cell{004dd06600000000000000000000000080000000000000fa00000000000001f4000000000003d09040} bits: 9..305; refs: 0..0} (null) CS{Cell{0094d1000000000000006400000000000f4240de000000002710000000000000000f42400000000002160ec0000000000000271000000000002625a00000000005f5e100000000003b9aca00} bits: 0..592; refs: 0..0} CS{Cell{0094d100000000000000640000000000009c40de000000000190000000000000000f424000000000000f4240000000000000271000000000009896800000000005f5e100000000003b9aca00} bits: 0..592; refs: 0..0} CS{Cell{0042ea000000000098968000000000271000000000000f424000000001800055555555} bits: 0..264; refs: 0..0} CS{Cell{0042ea0000000000061a800000000001900000000000009c4000000001800055555555} bits: 0..264; refs: 0..0} (null) ] 0 (null) ]\n' +
          '[ 4][t 0][2024-10-30 23:27:01.732000][transaction.cpp:1675]\tstarting VM\n' +
          '[ 4][t 0][2024-10-30 23:27:01.732000][transaction.cpp:1680]\tVM terminated with exit code 0\n' +
          '[ 3][t 0][2024-10-30 23:27:01.732000][transaction.cpp:1702]\tsteps: 5 gas: used=309, max=1000000, limit=1000000, credit=0\n' +
          '[ 3][t 0][2024-10-30 23:27:01.732000][transaction.cpp:1704]\tout_of_gas=false, accepted=true, success=true, time=0.000018s\n' +
          '[ 4][t 0][2024-10-30 23:27:01.732000][transaction.cpp:1737]\tgas fees: 123600 = 26214400 * 309 /2^16 ; price=26214400; flat rate=[40000 for 100]; remaining balance=999999794872607ng\n',
        vmLogs: 'execute SETCP 0\n' +
          'execute DICTPUSHCONST 19 (xC_,1)\n' +
          'execute DICTIGETJMPZ\n' +
          'execute DROP\n' +
          'execute implicit RET\n',
        debugLogs: '',
        events: [],
        parent: {
          address: 84049441022908470316622795825605090351520748406577698494615284512509455375210n,
          lt: 41000000n,
          prevTransactionHash: 72461455463284506858410830304212227673530106164670513023521540445743655490280n,
          prevTransactionLt: 37000000n,
          now: 1732922821,
          outMessagesCount: 1,
          oldStatus: 'active',
          endStatus: 'non-existing',
          inMessage: [Object],
          outMessages: [Dictionary],
          totalFees: [Object],
          stateUpdate: [Object],
          description: [Object],
          raw: x{7B9D24C3C0A4527B020E025CA956131C5EB5081291157C25FD7961DF2D03A1B6A0000000002719C40A033BAFAEBF97A0611D8DF441638B699D55C8C47B39CF67E3BBC425CD6D912E80000000002349340674A4DC50003666BCAC6}
           x{E_}
            x{4800A4BAF36B13E3AE770F28659A34B2D81F38859E8C08CF776F2BB4B44180438271002E74930F029149EC08380972A5584C717AD4204A4455F097F5E5877CB40E86DA90BCA3A88C0656E1D8000000000487AB08CE949B8BE_}
             x{34_}
              x{FF00F4A413F4BCF2C80B}
               x{62_}
                x{D001D0D3030171B0A301FA400120D74981010BBAF2E08820D70B0A208104FFBAF2D0898309BAF2E088545053036F04F86102F862DB3C5512DB3CF2E082}
                 x{ED44D0D401F863D200018E2FD31FFA400120D74981010BBAF2E08820D70B0A208104FFBAF2D0898309BAF2E08801D2000191D4926D01E255206C13E0F828D70B0A8309BAF2E089810101D700FA400120D74981010BBAF2E08820D70B0A208104FFBAF2D0898309BAF2E0881202D101DB3C}
                  x{6D}
                 x{0192307FE07021D749C21F953020D70B1FDE208210AFE93535BA8F5130D31F018210AFE93535BAF2E081D33FFA400120D74981010BBAF2E08820D70B0A208104FFBAF2D0898309BAF2E08801D455206C1332820898968070FB024434DB3C30037083067055206D6D6DDB3C597FE0208210B8A3AA14BAE302}
                  x{F8425220C705F2E084}
                  x{C87101CA01500701CA007001CA02500520D74981010BBAF2E08820D70B0A208104FFBAF2D0898309BAF2E088CF165003FA027001CA68236EB3917F93246EB3E2973333017001CA00E30D216EB39C7F01CA0001206EF2D08001CC95317001CA00E2C901FB00}
                   x{7F01CA00C87001CA007001CA00246EB39D7F01CA0004206EF2D0805004CC9634037001CA00E2246EB39D7F01CA0004206EF2D0805004CC9634037001CA00E27001CA00027F01CA0002C958CC}
                  x{30D31F018210B8A3AA14BAF2E081D33FFA400120D74981010BBAF2E08820D70B0A208104FFBAF2D0898309BAF2E088126C12317020FB025520DB3C03708100A07055206D6D6DDB3C587F}
                   x{F8425220C705F2E084}
                   x{C87101CA01500701CA007001CA02500520D74981010BBAF2E08820D70B0A208104FFBAF2D0898309BAF2E088CF165003FA027001CA68236EB3917F93246EB3E2973333017001CA00E30D216EB39C7F01CA0001206EF2D08001CC95317001CA00E2C901FB00}
                    x{7F01CA00C87001CA007001CA00246EB39D7F01CA0004206EF2D0805004CC9634037001CA00E2246EB39D7F01CA0004206EF2D0805004CC9634037001CA00E27001CA00027F01CA0002C958CC}
                  x{8210E601F8E5BA8ECED31F018210E601F8E5BAF2E081D33F0131820898968070FB02F8416F2410235F037083067F25206EF2D080542580C855208210B687AB175004CB1F12CB3FCB1FCCC9103441301443306D6DDB3C7FE03070}
                   x{C87101CA01500701CA007001CA02500520D74981010BBAF2E08820D70B0A208104FFBAF2D0898309BAF2E088CF165003FA027001CA68236EB3917F93246EB3E2973333017001CA00E30D216EB39C7F01CA0001206EF2D08001CC95317001CA00E2C901FB00}
                    x{7F01CA00C87001CA007001CA00246EB39D7F01CA0004206EF2D0805004CC9634037001CA00E2246EB39D7F01CA0004206EF2D0805004CC9634037001CA00E27001CA00027F01CA0002C958CC}
                 x{C8F84301CC7F01CA0055205023CB1F0120D74981010BBAF2E08820D70B0A208104FFBAF2D0898309BAF2E088CF16216EB3957F01CA00CC947032CA00E2C9ED54}
                x{2_}
                 x{BE28EED9E6D9E3618C_}
                  x{ED44D0D401F863D200018E2FD31FFA400120D74981010BBAF2E08820D70B0A208104FFBAF2D0898309BAF2E08801D2000191D4926D01E255206C13E0F828D70B0A8309BAF2E089810101D700FA400120D74981010BBAF2E08820D70B0A208104FFBAF2D0898309BAF2E0881202D101DB3C}
                   x{6D}
                  x{21}
                 x{2_}
                  x{4}
                   x{B1D8B6CF36CF1B0C6_}
                    x{ED44D0D401F863D200018E2FD31FFA400120D74981010BBAF2E08820D70B0A208104FFBAF2D0898309BAF2E08801D2000191D4926D01E255206C13E0F828D70B0A8309BAF2E089810101D700FA400120D74981010BBAF2E08820D70B0A208104FFBAF2D0898309BAF2E0881202D101DB3C}
                     x{6D}
                    x{20}
                   x{B36436CF36CF1B0C6_}
                    x{ED44D0D401F863D200018E2FD31FFA400120D74981010BBAF2E08820D70B0A208104FFBAF2D0898309BAF2E08801D2000191D4926D01E255206C13E0F828D70B0A8309BAF2E089810101D700FA400120D74981010BBAF2E08820D70B0A208104FFBAF2D0898309BAF2E0881202D101DB3C}
                     x{6D}
                    x{22}
                  x{B82BEED44D0D20001}
              x{0000000000000000000000000000000000000000000000000000000000000000200292EBCDAC4F8EB9DC3CA19668D2CB607CE2167A30233DDDBCAED2D106010E09C4_}
               x{C_}
                x{A0838F_}
                 x{FF00F4A413F4BCF2C80B}
                  x{62_}
                   x{D001D0D3030171B0A301FA400120D74981010BBAF2E08820D70B0A208104FFBAF2D0898309BAF2E088545053036F04F86102F862DB3C5512DB3CF2E082}
                    x{ED44D0D401F863D200018E2FD31FFA400120D74981010BBAF2E08820D70B0A208104FFBAF2D0898309BAF2E08801D2000191D4926D01E255206C13E0F828D70B0A8309BAF2E089810101D700FA400120D74981010BBAF2E08820D70B0A208104FFBAF2D0898309BAF2E0881202D101DB3C}
                     x{6D}
                    x{0192307FE07021D749C21F953020D70B1FDE208210AFE93535BA8F5130D31F018210AFE93535BAF2E081D33FFA400120D74981010BBAF2E08820D70B0A208104FFBAF2D0898309BAF2E08801D455206C1332820898968070FB024434DB3C30037083067055206D6D6DDB3C597FE0208210B8A3AA14BAE302}
                     x{F8425220C705F2E084}
                     x{C87101CA01500701CA007001CA02500520D74981010BBAF2E08820D70B0A208104FFBAF2D0898309BAF2E088CF165003FA027001CA68236EB3917F93246EB3E2973333017001CA00E30D216EB39C7F01CA0001206EF2D08001CC95317001CA00E2C901FB00}
                      x{7F01CA00C87001CA007001CA00246EB39D7F01CA0004206EF2D0805004CC9634037001CA00E2246EB39D7F01CA0004206EF2D0805004CC9634037001CA00E27001CA00027F01CA0002C958CC}
                     x{30D31F018210B8A3AA14BAF2E081D33FFA400120D74981010BBAF2E08820D70B0A208104FFBAF2D0898309BAF2E088126C12317020FB025520DB3C03708100A07055206D6D6DDB3C587F}
                      x{F8425220C705F2E084}
                      x{C87101CA01500701CA007001CA02500520D74981010BBAF2E08820D70B0A208104FFBAF2D0898309BAF2E088CF165003FA027001CA68236EB3917F93246EB3E2973333017001CA00E30D216EB39C7F01CA0001206EF2D08001CC95317001CA00E2C901FB00}
                       x{7F01CA00C87001CA007001CA00246EB39D7F01CA0004206EF2D0805004CC9634037001CA00E2246EB39D7F01CA0004206EF2D0805004CC9634037001CA00E27001CA00027F01CA0002C958CC}
                     x{8210E601F8E5BA8ECED31F018210E601F8E5BAF2E081D33F0131820898968070FB02F8416F2410235F037083067F25206EF2D080542580C855208210B687AB175004CB1F12CB3FCB1FCCC9103441301443306D6DDB3C7FE03070}
                      x{C87101CA01500701CA007001CA02500520D74981010BBAF2E08820D70B0A208104FFBAF2D0898309BAF2E088CF165003FA027001CA68236EB3917F93246EB3E2973333017001CA00E30D216EB39C7F01CA0001206EF2D08001CC95317001CA00E2C901FB00}
                       x{7F01CA00C87001CA007001CA00246EB39D7F01CA0004206EF2D0805004CC9634037001CA00E2246EB39D7F01CA0004206EF2D0805004CC9634037001CA00E27001CA00027F01CA0002C958CC}
                    x{C8F84301CC7F01CA0055205023CB1F0120D74981010BBAF2E08820D70B0A208104FFBAF2D0898309BAF2E088CF16216EB3957F01CA00CC947032CA00E2C9ED54}
                   x{2_}
                    x{BE28EED9E6D9E3618C_}
                     x{ED44D0D401F863D200018E2FD31FFA400120D74981010BBAF2E08820D70B0A208104FFBAF2D0898309BAF2E08801D2000191D4926D01E255206C13E0F828D70B0A8309BAF2E089810101D700FA400120D74981010BBAF2E08820D70B0A208104FFBAF2D0898309BAF2E0881202D101DB3C}
                      x{6D}
                     x{21}
                    x{2_}
                     x{4}
                      x{B1D8B6CF36CF1B0C6_}
                       x{ED44D0D401F863D200018E2FD31FFA400120D74981010BBAF2E08820D70B0A208104FFBAF2D0898309BAF2E08801D2000191D4926D01E255206C13E0F828D70B0A8309BAF2E089810101D700FA400120D74981010BBAF2E08820D70B0A208104FFBAF2D0898309BAF2E0881202D101DB3C}
                        x{6D}
                       x{20}
                      x{B36436CF36CF1B0C6_}
                       x{ED44D0D401F863D200018E2FD31FFA400120D74981010BBAF2E08820D70B0A208104FFBAF2D0898309BAF2E08801D2000191D4926D01E255206C13E0F828D70B0A8309BAF2E089810101D700FA400120D74981010BBAF2E08820D70B0A208104FFBAF2D0898309BAF2E0881202D101DB3C}
                        x{6D}
                       x{22}
                     x{B82BEED44D0D20001}
             x{B8A3AA140000000000000000801D3E5E1B0970E52ABD4EA639AED542E118FE33D2F03FE072737A6B74A8FDC2C69_}
            x{DF_}
             x{480173A49878148A4F6041C04B952AC2638BD6A1025222AF84BFAF2C3BE5A07436D5003A7CBC3612E1CA557A9D4C735DAA85C231FC67A5E07FC0E4E6F4D6E951FB858D10BE1E264C0608235A0000000004E33882CE949B8A4_}
           x{72C73A056D48B494C4171C44E7E972EC5E6B027D67E3271BD0D41F4A3A4C99770190AEC8965AFABB16EBC3CB9B408EBAE71B618D78788BC80D09843593CAC98DA4}
           x{0C090BCA3A88D8667B9213_}
            x{44262C3D09000000000000000000FA00000000000000000000000000000000000000000000000000000000000000000000000000000000000000000000000000000000000000000000000000000000}
            x{DCC186A0260411A6000000000002000100000001F01808E7C65384854FD0A4F77793F95695733B675EB306C4FAC3CFF546A3D22720280B06_},
          hash: [Function: hash],
          blockchainLogs: '[ 4][t 0][2024-10-30 23:27:01.718000][transaction.cpp:443]\tunpacking account B9D24C3C0A4527B020E025CA956131C5EB5081291157C25FD7961DF2D03A1B6A\n' +
            '[ 4][t 0][2024-10-30 23:27:01.718000][transaction.cpp:274]\tlast_paid=1732922821; cells=28 bits=7123 public_cells=0\n' +
            '[ 4][t 0][2024-10-30 23:27:01.718000][transaction.cpp:504]\tend of Account.unpack() for 0:B9D24C3C0A4527B020E025CA956131C5EB5081291157C25FD7961DF2D03A1B6A (balance = 10000000ng ; last_trans_lt = 37000000..37000002)\n' +
            '[ 4][t 0][2024-10-30 23:27:01.718000][transaction.cpp:3655]\tblock random seed set to 0000000000000000000000000000000000000000000000000000000000000000\n' +
            '[ 4][t 0][2024-10-30 23:27:01.718000][transaction.cpp:1236]\tgas limits: max=1000000, limit=1000000, credit=0\n' +
            '[ 4][t 0][2024-10-30 23:27:01.718000][transaction.cpp:1571]\tHASH(in_msg_state) = B9D24C3C0A4527B020E025CA956131C5EB5081291157C25FD7961DF2D03A1B6A, account_state_hash = 0000000000000000000000000000000000000000000000000000000000000000\n' +
            '[ 4][t 0][2024-10-30 23:27:01.718000][transaction.cpp:1645]\tcreating VM\n' +
            '[ 4][t 0][2024-10-30 23:27:01.718000][transaction.cpp:1351]\tSmartContractInfo initialized with [ 124711402 0 0 1732922821 41000000 41000000 84630195367514639409622924175749312199831056191303332875639359062248049886761 [ 801210531 (null) ] CS{Cell{026dc00b9d24c3c0a4527b020e025ca956131c5eb5081291157c25fd7961df2d03a1b6a23886f4c33a526e280000000008d24d08e625a01340} bits: 1..268; refs: 0..0} C{A7EC01478F770EF8F8B037CC7E42F0ABF0D85A50E1828C2394DAD1411691F2DE} C{F2179DCD5CFD8A1E113288591FFB7A5E10E107D0D2C36DF69E40398023DAA7B1} [ 791210531 (null) ] 0 (null) [ CS{Cell{004dd06600000000000000000000000080000000000000fa00000000000001f4000000000003d09040} bits: 9..305; refs: 0..0} (null) CS{Cell{0094d1000000000000006400000000000f4240de000000002710000000000000000f42400000000002160ec0000000000000271000000000002625a00000000005f5e100000000003b9aca00} bits: 0..592; refs: 0..0} CS{Cell{0094d100000000000000640000000000009c40de000000000190000000000000000f424000000000000f4240000000000000271000000000009896800000000005f5e100000000003b9aca00} bits: 0..592; refs: 0..0} CS{Cell{0042ea000000000098968000000000271000000000000f424000000001800055555555} bits: 0..264; refs: 0..0} CS{Cell{0042ea0000000000061a800000000001900000000000009c4000000001800055555555} bits: 0..264; refs: 0..0} (null) ] 0 (null) ]\n' +
            '[ 4][t 0][2024-10-30 23:27:01.718000][transaction.cpp:1675]\tstarting VM\n' +
            '[ 4][t 0][2024-10-30 23:27:01.719000][transaction.cpp:1680]\tVM terminated with exit code 0\n' +
            '[ 3][t 0][2024-10-30 23:27:01.719000][transaction.cpp:1702]\tsteps: 250 gas: used=8497, max=1000000, limit=1000000, credit=0\n' +
            '[ 3][t 0][2024-10-30 23:27:01.719000][transaction.cpp:1704]\tout_of_gas=false, accepted=true, success=true, time=0.000617s\n' +
            '[ 4][t 0][2024-10-30 23:27:01.719000][transaction.cpp:1737]\tgas fees: 3398800 = 26214400 * 8497 /2^16 ; price=26214400; flat rate=[40000 for 100]; remaining balance=797811731ng\n' +
            '[ 3][t 0][2024-10-30 23:27:01.719000][transaction.cpp:2678]\tin try_action_reserve_currency(0)\n' +
            '[ 4][t 0][2024-10-30 23:27:01.719000][transaction.cpp:2684]\taction_reserve_currency: mode=0, reserve=0ng, balance=797811731ng, original balance=10000000ng\n' +
            '[ 3][t 0][2024-10-30 23:27:01.719000][transaction.cpp:2729]\tchanged remaining balance to 797811731ng, reserved balance to 0ng\n' +
            '[ 4][t 0][2024-10-30 23:27:01.719000][transaction.cpp:2448]\tstorage paid for a message: 0 cells, 0 bits\n' +
            '[ 4][t 0][2024-10-30 23:27:01.719000][transaction.cpp:2452]\tcomputed fwd fees = 400000 + 0\n',
          vmLogs: 'ecute STSLICER\n' +
            'execute OVER\n' +
            'execute ISNULL\n' +
            'execute NOT\n' +
            'execute PUSHCONT x7F01CA00CC\n' +
            'execute PUSHCONT x7032CA00\n' +
            'execute IFELSE\n' +
            'execute PUSHINT -1\n' +
            'execute SWAP\n' +
            'execute STI 1\n' +
            'execute STREF\n' +
            'execute implicit RET\n' +
            'execute ENDC\n' +
            'execute POP c4\n' +
            'execute implicit RET\n',
          debugLogs: '',
          events: [Array],
          parent: [Object],
          children: [Array],
          externals: []
        },
        children: [],
        externals: []
      },
      {
        address: 58472766802306075836644181314469769209867032629105944563722669090714916911778n,
        lt: 45000000n,
        prevTransactionHash: 48973271406992277491832577919332199437869817538770981301229981511136986006765n,
        prevTransactionLt: 26000000n,
        now: 1732922821,
        outMessagesCount: 0,
        oldStatus: 'active',
        endStatus: 'active',
        inMessage: { info: [Object], init: null, body: x{} },
        outMessages: Dictionary { _key: [Object], _value: [Object], _map: Map(0) {} },
        totalFees: { coins: 274724n },
        stateUpdate: {
          oldHash: <Buffer 9b 81 b1 99 20 58 b8 48 4b 3e 96 fd 7b 7a 07 10 38 4e ec 5e 1a 2c e1 54 a2 da cd 65 f8 b1 f7 b5>,
          newHash: <Buffer 13 75 48 06 ff d7 37 85 ee 0d ca ca 75 1e 2b 34 5a dc d1 66 73 be 63 c4 9c 11 b0 7a 5b 33 3d aa>
        },
        description: {
          type: 'generic',
          creditFirst: false,
          storagePhase: [Object],
          creditPhase: [Object],
          computePhase: [Object],
          actionPhase: [Object],
          bouncePhase: undefined,
          aborted: false,
          destroyed: false
        },
        raw: x{7814669C6B54FD8B2DD8E93AAA6E5DE45BD032703F7A61C194AB414089B0A7AA20000000002AEA5406C45E3AB389393664FC0ABFAD92F336276B48D2BED97FC6E3062A8598AB804ED00000000018CBA80674A4DC5000146086248}
         x{A_}
          x{6800A4BAF36B13E3AE770F28659A34B2D81F38859E8C08CF776F2BB4B441804382710020519A71AD53F62CB763A4EAA9B977916F40C9C0FDE9870652AD050226C29EA890FA19E1000608235A000000000501BD02CE949B8A4_}
         x{729B81B1992058B8484B3E96FD7B7A0710384EEC5E1A2CE154A2DACD65F8B1F7B513754806FFD73785EE0DCACA751E2B345ADCD16673BE63C49C11B07A5B333DAA}
         x{04C09395090FA19E1018603C5A11_}
          x{4026AC3D090000000000000000000500000000000000000000000000000000000000000000000000000000000000000000000000000000000000000000000000000000000000000000000000000000}
          x{C00000000000000000000000012D452DA449E50B8CF7DD27861F146122AFE1B546BB8B70FC8216F0C614139F8E04_},
        hash: [Function: hash],
        blockchainLogs: '[ 4][t 0][2024-10-30 23:27:01.733000][transaction.cpp:443]\tunpacking account 814669C6B54FD8B2DD8E93AAA6E5DE45BD032703F7A61C194AB414089B0A7AA2\n' +
          '[ 4][t 0][2024-10-30 23:27:01.734000][transaction.cpp:274]\tlast_paid=1730330821; cells=6 bits=821 public_cells=0\n' +
          '[ 4][t 0][2024-10-30 23:27:01.734000][transaction.cpp:504]\tend of Account.unpack() for 0:814669C6B54FD8B2DD8E93AAA6E5DE45BD032703F7A61C194AB414089B0A7AA2 (balance = 999998964250400ng ; last_trans_lt = 26000000..26000001)\n' +
          '[ 4][t 0][2024-10-30 23:27:01.734000][transaction.cpp:3655]\tblock random seed set to 0000000000000000000000000000000000000000000000000000000000000000\n' +
          '[ 4][t 0][2024-10-30 23:27:01.734000][transaction.cpp:1236]\tgas limits: max=1000000, limit=1000000, credit=0\n' +
          '[ 4][t 0][2024-10-30 23:27:01.734000][transaction.cpp:1575]\tin_msg_state is null\n' +
          '[ 4][t 0][2024-10-30 23:27:01.734000][transaction.cpp:1645]\tcreating VM\n' +
          '[ 4][t 0][2024-10-30 23:27:01.734000][transaction.cpp:1351]\tSmartContractInfo initialized with [ 124711402 0 0 1732922821 45000000 45000000 115447700146533501994236152434741364412838807905984067774762833459387322310298 [ 1000000013099276 (null) ] CS{Cell{0275c00814669c6b54fd8b2dd8e93aaa6e5de45bd032703f7a61c194ab414089b0a7aa220c80cd4339160628000000000632ea05c0e35f99c28dc81340} bits: 1..268; refs: 0..0} C{A7EC01478F770EF8F8B037CC7E42F0ABF0D85A50E1828C2394DAD1411691F2DE} C{D992502B94EA96E7B34E5D62FFB0C6FC73D78B3E61F11F0848FB3A1EB1AFC912} [ 1049000000 (null) ] 151124 (null) [ CS{Cell{004dd06600000000000000000000000080000000000000fa00000000000001f4000000000003d09040} bits: 9..305; refs: 0..0} (null) CS{Cell{0094d1000000000000006400000000000f4240de000000002710000000000000000f42400000000002160ec0000000000000271000000000002625a00000000005f5e100000000003b9aca00} bits: 0..592; refs: 0..0} CS{Cell{0094d100000000000000640000000000009c40de000000000190000000000000000f424000000000000f4240000000000000271000000000009896800000000005f5e100000000003b9aca00} bits: 0..592; refs: 0..0} CS{Cell{0042ea000000000098968000000000271000000000000f424000000001800055555555} bits: 0..264; refs: 0..0} CS{Cell{0042ea0000000000061a800000000001900000000000009c4000000001800055555555} bits: 0..264; refs: 0..0} (null) ] 0 (null) ]\n' +
          '[ 4][t 0][2024-10-30 23:27:01.734000][transaction.cpp:1675]\tstarting VM\n' +
          '[ 4][t 0][2024-10-30 23:27:01.734000][transaction.cpp:1680]\tVM terminated with exit code 0\n' +
          '[ 3][t 0][2024-10-30 23:27:01.734000][transaction.cpp:1702]\tsteps: 5 gas: used=309, max=1000000, limit=1000000, credit=0\n' +
          '[ 3][t 0][2024-10-30 23:27:01.734000][transaction.cpp:1704]\tout_of_gas=false, accepted=true, success=true, time=0.000019s\n' +
          '[ 4][t 0][2024-10-30 23:27:01.734000][transaction.cpp:1737]\tgas fees: 123600 = 26214400 * 309 /2^16 ; price=26214400; flat rate=[40000 for 100]; remaining balance=1000000012975676ng\n',
        vmLogs: 'execute SETCP 0\n' +
          'execute DICTPUSHCONST 19 (xC_,1)\n' +
          'execute DICTIGETJMPZ\n' +
          'execute DROP\n' +
          'execute implicit RET\n',
        debugLogs: '',
        events: [],
        parent: {
          address: 37254810366437813475271750514734067285117962570475561289538093995582013161784n,
          lt: 42000000n,
          prevTransactionHash: 40005963368092488836029227095166927282082758436547331268701666996348184448103n,
          prevTransactionLt: 38000000n,
          now: 1732922821,
          outMessagesCount: 2,
          oldStatus: 'active',
          endStatus: 'active',
          inMessage: [Object],
          outMessages: [Dictionary],
          totalFees: [Object],
          stateUpdate: [Object],
          description: [Object],
          raw: x{7525D79B589F1D73B879432CD1A596C0F9C42CF460467BBB795DA5A20C021C138000000000280DE80587292A5E41B6998BCC4E642E2617380117EE915238A44DB40AB2ECF5F584C67000000000243D580674A4DC5000547598D6C}
           x{E_}
            x{6800F99E4F01C1A7C3616D00B3681096094D190E846AE8B8DA0403AC5E7A4431E26D0014975E6D627C75CEE1E50CB346965B03E710B3D18119EEEDE57696883008704E101119EF88060DFF5E0000000004A62F82CE949B8AC_}
             x{2A004A0500000000000000000000000000000000000000000000000000000000000000000000000000000000C00814669C6B54FD8B2DD8E93AAA6E5DE45BD032703F7A61C194AB414089B0A7AA2}
            x{DD_}
             x{2_}
              x{6800A4BAF36B13E3AE770F28659A34B2D81F38859E8C08CF776F2BB4B441804382710020519A71AD53F62CB763A4EAA9B977916F40C9C0FDE9870652AD050226C29EA890FA19E1000608235A000000000501BD02CE949B8A4_}
             x{2_}
              x{6800A4BAF36B13E3AE770F28659A34B2D81F38859E8C08CF776F2BB4B44180438271003A7CBC3612E1CA557A9D4C735DAA85C231FC67A5E07FC0E4E6F4D6E951FB858D100E4647480608235A000000000501BD04CE949B8A4_}
           x{724076809CA988CEA2A3A7091B98D3AF022585012FB1552FA427FEC41C5B836B4251B55A80A720741DB4D4351FC85B0F8C32806E883372854DC39D350110AE7FC2}
           x{040901119EF8987516A211_}
            x{4D7F2C0AF1E00000000000000002E500000000000000000000000000000000000000000000000000000000000000000000000000000000000000000000000000000000000000000000000000000000}
            x{C9861A804C104698000000000006000200000004520F5BFAE2DB811E659CF17FB03F2335C3023F4A4B88DDB137FBD366D6D178EA40902C14_},
          hash: [Function: hash],
          blockchainLogs: '[ 4][t 0][2024-10-30 23:27:01.723000][transaction.cpp:443]\tunpacking account 525D79B589F1D73B879432CD1A596C0F9C42CF460467BBB795DA5A20C021C138\n' +
            '[ 4][t 0][2024-10-30 23:27:01.723000][transaction.cpp:274]\tlast_paid=1732922821; cells=234 bits=84033 public_cells=0\n' +
            '[ 4][t 0][2024-10-30 23:27:01.723000][transaction.cpp:504]\tend of Account.unpack() for 0:525D79B589F1D73B879432CD1A596C0F9C42CF460467BBB795DA5A20C021C138 (balance = 2100000000ng ; last_trans_lt = 38000000..38000005)\n' +
            '[ 4][t 0][2024-10-30 23:27:01.723000][transaction.cpp:3655]\tblock random seed set to 0000000000000000000000000000000000000000000000000000000000000000\n' +
            '[ 4][t 0][2024-10-30 23:27:01.723000][transaction.cpp:1236]\tgas limits: max=1000000, limit=179320, credit=0\n' +
            '[ 4][t 0][2024-10-30 23:27:01.723000][transaction.cpp:1575]\tin_msg_state is null\n' +
            '[ 4][t 0][2024-10-30 23:27:01.723000][transaction.cpp:1645]\tcreating VM\n' +
            '[ 4][t 0][2024-10-30 23:27:01.723000][transaction.cpp:1351]\tSmartContractInfo initialized with [ 124711402 0 0 1732922821 42000000 42000000 14068792954309835536948273256715513127174070948738620016199408580766834334284 [ 2171728098 (null) ] CS{Cell{0271c00525d79b589f1d73b879432cd1a596c0f9c42cf460467bbb795da5a20c021c1383d4c05210433a526e2800000000090f56151f4add401340} bits: 1..268; refs: 0..0} C{A7EC01478F770EF8F8B037CC7E42F0ABF0D85A50E1828C2394DAD1411691F2DE} C{42B6F0E46484EFC57B9508F6BA7EF42E7512023D5CB4ED5628DD1C7755D16E9D} [ 71728098 (null) ] 0 (null) [ CS{Cell{004dd06600000000000000000000000080000000000000fa00000000000001f4000000000003d09040} bits: 9..305; refs: 0..0} (null) CS{Cell{0094d1000000000000006400000000000f4240de000000002710000000000000000f42400000000002160ec0000000000000271000000000002625a00000000005f5e100000000003b9aca00} bits: 0..592; refs: 0..0} CS{Cell{0094d100000000000000640000000000009c40de000000000190000000000000000f424000000000000f4240000000000000271000000000009896800000000005f5e100000000003b9aca00} bits: 0..592; refs: 0..0} CS{Cell{0042ea000000000098968000000000271000000000000f424000000001800055555555} bits: 0..264; refs: 0..0} CS{Cell{0042ea0000000000061a800000000001900000000000009c4000000001800055555555} bits: 0..264; refs: 0..0} (null) ] 0 (null) ]\n' +
            '[ 4][t 0][2024-10-30 23:27:01.723000][transaction.cpp:1675]\tstarting VM\n' +
            '[ 4][t 0][2024-10-30 23:27:01.724000][transaction.cpp:1680]\tVM terminated with exit code 0\n' +
            '[ 3][t 0][2024-10-30 23:27:01.724000][transaction.cpp:1702]\tsteps: 741 gas: used=27641, max=1000000, limit=179320, credit=0\n' +
            '[ 3][t 0][2024-10-30 23:27:01.724000][transaction.cpp:1704]\tout_of_gas=false, accepted=true, success=true, time=0.000887s\n' +
            '[ 4][t 0][2024-10-30 23:27:01.724000][transaction.cpp:1737]\tgas fees: 11056400 = 26214400 * 27641 /2^16 ; price=26214400; flat rate=[40000 for 100]; remaining balance=2160671698ng\n' +
            '[ 3][t 0][2024-10-30 23:27:01.724000][transaction.cpp:2678]\tin try_action_reserve_currency(0)\n' +
            '[ 4][t 0][2024-10-30 23:27:01.724000][transaction.cpp:2684]\taction_reserve_currency: mode=0, reserve=1051000000ng, balance=2160671698ng, original balance=2100000000ng\n' +
            '[ 3][t 0][2024-10-30 23:27:01.724000][transaction.cpp:2729]\tchanged remaining balance to 1109671698ng, reserved balance to 1051000000ng\n' +
            '[ 4][t 0][2024-10-30 23:27:01.724000][transaction.cpp:2448]\tstorage paid for a message: 0 cells, 0 bits\n' +
            '[ 4][t 0][2024-10-30 23:27:01.724000][transaction.cpp:2452]\tcomputed fwd fees = 400000 + 0\n' +
            '[ 4][t 0][2024-10-30 23:27:01.724000][transaction.cpp:2448]\tstorage paid for a message: 0 cells, 0 bits\n' +
            '[ 4][t 0][2024-10-30 23:27:01.724000][transaction.cpp:2452]\tcomputed fwd fees = 400000 + 0\n',
          vmLogs: 'xecute EQUAL\n' +
            'execute THROWIF 137\n' +
            'execute PUSHPOW2 10\n' +
            'execute EQUAL\n' +
            'execute THROWIFNOT 136\n' +
            'execute STSLICER\n' +
            'execute ENDC\n' +
            'execute ROT\n' +
            'execute STREF\n' +
            'execute ENDC\n' +
            'execute SWAP\n' +
            'execute STREF\n' +
            'execute implicit RET\n' +
            'execute ENDC\n' +
            'execute POP c4\n' +
            'execute implicit RET\n',
          debugLogs: '',
          events: [Array],
          parent: [Object],
          children: [Array],
          externals: []
        },
        children: [],
        externals: []
      },
      {
        address: 105818132960003171416304597453717637701794574747475969910003481004036112389684n,
        lt: 46000000n,
        prevTransactionHash: 85982765208965150793940524492183041948901046912645717265701838886779862318891n,
        prevTransactionLt: 44000000n,
        now: 1732922821,
        outMessagesCount: 0,
        oldStatus: 'active',
        endStatus: 'active',
        inMessage: { info: [Object], init: null, body: x{} },
        outMessages: Dictionary { _key: [Object], _value: [Object], _map: Map(0) {} },
        totalFees: { coins: 123600n },
        stateUpdate: {
          oldHash: <Buffer 8c 2a 80 53 8c 44 57 c0 b6 db 3b dc 6e 5c ab c3 b0 af f1 88 7e 79 c1 26 c2 4d 70 b2 d3 ad a7 5e>,
          newHash: <Buffer 3b cd 1c 6e 22 66 0f 8c b2 d4 75 5b 4f ab 8a 2d e5 03 04 6c e5 74 98 04 0e 81 3c 2c ce 48 15 ed>
        },
        description: {
          type: 'generic',
          creditFirst: false,
          storagePhase: [Object],
          creditPhase: [Object],
          computePhase: [Object],
          actionPhase: [Object],
          bouncePhase: undefined,
          aborted: false,
          destroyed: false
        },
        raw: x{7E9F2F0D84B872955EA7531CD76AA1708C7F19E9781FF03939BD35BA547EE16340000000002BDE780BE18853FA97CBD98C9F4C0D433CFA4BE39B792F9115128477C6F857A2DEAFF2B00000000029F6300674A4DC500014603C5A0}
         x{A_}
          x{6800A4BAF36B13E3AE770F28659A34B2D81F38859E8C08CF776F2BB4B44180438271003A7CBC3612E1CA557A9D4C735DAA85C231FC67A5E07FC0E4E6F4D6E951FB858D100E4647480608235A000000000501BD04CE949B8A4_}
         x{728C2A80538C4457C0B6DB3BDC6E5CABC3B0AFF1887E79C126C24D70B2D3ADA75E3BCD1C6E22660F8CB2D4755B4FAB8A2DE503046CE57498040E813C2CCE4815ED}
         x{040900E4647498603C5A11_}
          x{4026AC0922BC00000000000000000500000000000000000000000000000000000000000000000000000000000000000000000000000000000000000000000000000000000000000000000000000000}
          x{C00000000000000000000000012D452DA449E50B8CF7DD27861F146122AFE1B546BB8B70FC8216F0C614139F8E04_},
        hash: [Function: hash],
        blockchainLogs: '[ 4][t 0][2024-10-30 23:27:01.735000][transaction.cpp:443]\tunpacking account E9F2F0D84B872955EA7531CD76AA1708C7F19E9781FF03939BD35BA547EE1634\n' +
          '[ 4][t 0][2024-10-30 23:27:01.735000][transaction.cpp:274]\tlast_paid=1732922821; cells=6 bits=821 public_cells=0\n' +
          '[ 4][t 0][2024-10-30 23:27:01.735000][transaction.cpp:504]\tend of Account.unpack() for 0:E9F2F0D84B872955EA7531CD76AA1708C7F19E9781FF03939BD35BA547EE1634 (balance = 999999794872607ng ; last_trans_lt = 44000000..44000001)\n' +
          '[ 4][t 0][2024-10-30 23:27:01.735000][transaction.cpp:3655]\tblock random seed set to 0000000000000000000000000000000000000000000000000000000000000000\n' +
          '[ 4][t 0][2024-10-30 23:27:01.735000][transaction.cpp:1236]\tgas limits: max=1000000, limit=149679, credit=0\n' +
          '[ 4][t 0][2024-10-30 23:27:01.735000][transaction.cpp:1575]\tin_msg_state is null\n' +
          '[ 4][t 0][2024-10-30 23:27:01.736000][transaction.cpp:1645]\tcreating VM\n' +
          '[ 4][t 0][2024-10-30 23:27:01.736000][transaction.cpp:1351]\tSmartContractInfo initialized with [ 124711402 0 0 1732922821 46000000 46000000 60210483465141978598827679003117970236339845468170532052053411751718225576024 [ 999999854744305 (null) ] CS{Cell{0275c00e9f2f0d84b872955ea7531cd76aa1708c7f19e9781ff03939bd35ba547ee163420c80cd433a526e28000000000a7d8c05c0e35fa6232047d340} bits: 1..268; refs: 0..0} C{A7EC01478F770EF8F8B037CC7E42F0ABF0D85A50E1828C2394DAD1411691F2DE} C{D992502B94EA96E7B34E5D62FFB0C6FC73D78B3E61F11F0848FB3A1EB1AFC912} [ 59871698 (null) ] 0 (null) [ CS{Cell{004dd06600000000000000000000000080000000000000fa00000000000001f4000000000003d09040} bits: 9..305; refs: 0..0} (null) CS{Cell{0094d1000000000000006400000000000f4240de000000002710000000000000000f42400000000002160ec0000000000000271000000000002625a00000000005f5e100000000003b9aca00} bits: 0..592; refs: 0..0} CS{Cell{0094d100000000000000640000000000009c40de000000000190000000000000000f424000000000000f4240000000000000271000000000009896800000000005f5e100000000003b9aca00} bits: 0..592; refs: 0..0} CS{Cell{0042ea000000000098968000000000271000000000000f424000000001800055555555} bits: 0..264; refs: 0..0} CS{Cell{0042ea0000000000061a800000000001900000000000009c4000000001800055555555} bits: 0..264; refs: 0..0} (null) ] 0 (null) ]\n' +
          '[ 4][t 0][2024-10-30 23:27:01.736000][transaction.cpp:1675]\tstarting VM\n' +
          '[ 4][t 0][2024-10-30 23:27:01.736000][transaction.cpp:1680]\tVM terminated with exit code 0\n' +
          '[ 3][t 0][2024-10-30 23:27:01.736000][transaction.cpp:1702]\tsteps: 5 gas: used=309, max=1000000, limit=149679, credit=0\n' +
          '[ 3][t 0][2024-10-30 23:27:01.736000][transaction.cpp:1704]\tout_of_gas=false, accepted=true, success=true, time=0.000020s\n' +
          '[ 4][t 0][2024-10-30 23:27:01.736000][transaction.cpp:1737]\tgas fees: 123600 = 26214400 * 309 /2^16 ; price=26214400; flat rate=[40000 for 100]; remaining balance=999999854620705ng\n',
        vmLogs: 'execute SETCP 0\n' +
          'execute DICTPUSHCONST 19 (xC_,1)\n' +
          'execute DICTIGETJMPZ\n' +
          'execute DROP\n' +
          'execute implicit RET\n',
        debugLogs: '',
        events: [],
        parent: {
          address: 37254810366437813475271750514734067285117962570475561289538093995582013161784n,
          lt: 42000000n,
          prevTransactionHash: 40005963368092488836029227095166927282082758436547331268701666996348184448103n,
          prevTransactionLt: 38000000n,
          now: 1732922821,
          outMessagesCount: 2,
          oldStatus: 'active',
          endStatus: 'active',
          inMessage: [Object],
          outMessages: [Dictionary],
          totalFees: [Object],
          stateUpdate: [Object],
          description: [Object],
          raw: x{7525D79B589F1D73B879432CD1A596C0F9C42CF460467BBB795DA5A20C021C138000000000280DE80587292A5E41B6998BCC4E642E2617380117EE915238A44DB40AB2ECF5F584C67000000000243D580674A4DC5000547598D6C}
           x{E_}
            x{6800F99E4F01C1A7C3616D00B3681096094D190E846AE8B8DA0403AC5E7A4431E26D0014975E6D627C75CEE1E50CB346965B03E710B3D18119EEEDE57696883008704E101119EF88060DFF5E0000000004A62F82CE949B8AC_}
             x{2A004A0500000000000000000000000000000000000000000000000000000000000000000000000000000000C00814669C6B54FD8B2DD8E93AAA6E5DE45BD032703F7A61C194AB414089B0A7AA2}
            x{DD_}
             x{2_}
              x{6800A4BAF36B13E3AE770F28659A34B2D81F38859E8C08CF776F2BB4B441804382710020519A71AD53F62CB763A4EAA9B977916F40C9C0FDE9870652AD050226C29EA890FA19E1000608235A000000000501BD02CE949B8A4_}
             x{2_}
              x{6800A4BAF36B13E3AE770F28659A34B2D81F38859E8C08CF776F2BB4B44180438271003A7CBC3612E1CA557A9D4C735DAA85C231FC67A5E07FC0E4E6F4D6E951FB858D100E4647480608235A000000000501BD04CE949B8A4_}
           x{724076809CA988CEA2A3A7091B98D3AF022585012FB1552FA427FEC41C5B836B4251B55A80A720741DB4D4351FC85B0F8C32806E883372854DC39D350110AE7FC2}
           x{040901119EF8987516A211_}
            x{4D7F2C0AF1E00000000000000002E500000000000000000000000000000000000000000000000000000000000000000000000000000000000000000000000000000000000000000000000000000000}
            x{C9861A804C104698000000000006000200000004520F5BFAE2DB811E659CF17FB03F2335C3023F4A4B88DDB137FBD366D6D178EA40902C14_},
          hash: [Function: hash],
          blockchainLogs: '[ 4][t 0][2024-10-30 23:27:01.723000][transaction.cpp:443]\tunpacking account 525D79B589F1D73B879432CD1A596C0F9C42CF460467BBB795DA5A20C021C138\n' +
            '[ 4][t 0][2024-10-30 23:27:01.723000][transaction.cpp:274]\tlast_paid=1732922821; cells=234 bits=84033 public_cells=0\n' +
            '[ 4][t 0][2024-10-30 23:27:01.723000][transaction.cpp:504]\tend of Account.unpack() for 0:525D79B589F1D73B879432CD1A596C0F9C42CF460467BBB795DA5A20C021C138 (balance = 2100000000ng ; last_trans_lt = 38000000..38000005)\n' +
            '[ 4][t 0][2024-10-30 23:27:01.723000][transaction.cpp:3655]\tblock random seed set to 0000000000000000000000000000000000000000000000000000000000000000\n' +
            '[ 4][t 0][2024-10-30 23:27:01.723000][transaction.cpp:1236]\tgas limits: max=1000000, limit=179320, credit=0\n' +
            '[ 4][t 0][2024-10-30 23:27:01.723000][transaction.cpp:1575]\tin_msg_state is null\n' +
            '[ 4][t 0][2024-10-30 23:27:01.723000][transaction.cpp:1645]\tcreating VM\n' +
            '[ 4][t 0][2024-10-30 23:27:01.723000][transaction.cpp:1351]\tSmartContractInfo initialized with [ 124711402 0 0 1732922821 42000000 42000000 14068792954309835536948273256715513127174070948738620016199408580766834334284 [ 2171728098 (null) ] CS{Cell{0271c00525d79b589f1d73b879432cd1a596c0f9c42cf460467bbb795da5a20c021c1383d4c05210433a526e2800000000090f56151f4add401340} bits: 1..268; refs: 0..0} C{A7EC01478F770EF8F8B037CC7E42F0ABF0D85A50E1828C2394DAD1411691F2DE} C{42B6F0E46484EFC57B9508F6BA7EF42E7512023D5CB4ED5628DD1C7755D16E9D} [ 71728098 (null) ] 0 (null) [ CS{Cell{004dd06600000000000000000000000080000000000000fa00000000000001f4000000000003d09040} bits: 9..305; refs: 0..0} (null) CS{Cell{0094d1000000000000006400000000000f4240de000000002710000000000000000f42400000000002160ec0000000000000271000000000002625a00000000005f5e100000000003b9aca00} bits: 0..592; refs: 0..0} CS{Cell{0094d100000000000000640000000000009c40de000000000190000000000000000f424000000000000f4240000000000000271000000000009896800000000005f5e100000000003b9aca00} bits: 0..592; refs: 0..0} CS{Cell{0042ea000000000098968000000000271000000000000f424000000001800055555555} bits: 0..264; refs: 0..0} CS{Cell{0042ea0000000000061a800000000001900000000000009c4000000001800055555555} bits: 0..264; refs: 0..0} (null) ] 0 (null) ]\n' +
            '[ 4][t 0][2024-10-30 23:27:01.723000][transaction.cpp:1675]\tstarting VM\n' +
            '[ 4][t 0][2024-10-30 23:27:01.724000][transaction.cpp:1680]\tVM terminated with exit code 0\n' +
            '[ 3][t 0][2024-10-30 23:27:01.724000][transaction.cpp:1702]\tsteps: 741 gas: used=27641, max=1000000, limit=179320, credit=0\n' +
            '[ 3][t 0][2024-10-30 23:27:01.724000][transaction.cpp:1704]\tout_of_gas=false, accepted=true, success=true, time=0.000887s\n' +
            '[ 4][t 0][2024-10-30 23:27:01.724000][transaction.cpp:1737]\tgas fees: 11056400 = 26214400 * 27641 /2^16 ; price=26214400; flat rate=[40000 for 100]; remaining balance=2160671698ng\n' +
            '[ 3][t 0][2024-10-30 23:27:01.724000][transaction.cpp:2678]\tin try_action_reserve_currency(0)\n' +
            '[ 4][t 0][2024-10-30 23:27:01.724000][transaction.cpp:2684]\taction_reserve_currency: mode=0, reserve=1051000000ng, balance=2160671698ng, original balance=2100000000ng\n' +
            '[ 3][t 0][2024-10-30 23:27:01.724000][transaction.cpp:2729]\tchanged remaining balance to 1109671698ng, reserved balance to 1051000000ng\n' +
            '[ 4][t 0][2024-10-30 23:27:01.724000][transaction.cpp:2448]\tstorage paid for a message: 0 cells, 0 bits\n' +
            '[ 4][t 0][2024-10-30 23:27:01.724000][transaction.cpp:2452]\tcomputed fwd fees = 400000 + 0\n' +
            '[ 4][t 0][2024-10-30 23:27:01.724000][transaction.cpp:2448]\tstorage paid for a message: 0 cells, 0 bits\n' +
            '[ 4][t 0][2024-10-30 23:27:01.724000][transaction.cpp:2452]\tcomputed fwd fees = 400000 + 0\n',
          vmLogs: 'xecute EQUAL\n' +
            'execute THROWIF 137\n' +
            'execute PUSHPOW2 10\n' +
            'execute EQUAL\n' +
            'execute THROWIFNOT 136\n' +
            'execute STSLICER\n' +
            'execute ENDC\n' +
            'execute ROT\n' +
            'execute STREF\n' +
            'execute ENDC\n' +
            'execute SWAP\n' +
            'execute STREF\n' +
            'execute implicit RET\n' +
            'execute ENDC\n' +
            'execute POP c4\n' +
            'execute implicit RET\n',
          debugLogs: '',
          events: [Array],
          parent: [Object],
          children: [Array],
          externals: []
        },
        children: [],
        externals: []
      },
      {
        address: 82932696146371031528842022915703368160952877310224391173905811460306378520268n,
        lt: 47000000n,
        prevTransactionHash: 49196721451860104806842464329878162592933606240264808924117489573771819055033n,
        prevTransactionLt: 32000000n,
        now: 1732922821,
        outMessagesCount: 0,
        oldStatus: 'active',
        endStatus: 'active',
        inMessage: { info: [Object], init: null, body: x{} },
        outMessages: Dictionary { _key: [Object], _value: [Object], _map: Map(0) {} },
        totalFees: { coins: 274724n },
        stateUpdate: {
          oldHash: <Buffer 69 0a 4a b6 04 60 56 e1 04 9e bf 80 1a 55 b3 40 0b 90 12 1c 2e e1 ab 7a 73 d5 76 15 f4 8b 1d 4e>,
          newHash: <Buffer ee 8f e8 11 78 c8 9c 46 8c 01 ff 10 b7 ef 07 b1 81 99 bf c6 c2 5b 86 18 2f 95 08 3c fd f4 b7 e8>
        },
        description: {
          type: 'generic',
          creditFirst: false,
          storagePhase: [Object],
          creditPhase: [Object],
          computePhase: [Object],
          actionPhase: [Object],
          bouncePhase: undefined,
          aborted: false,
          destroyed: false
        },
        raw: x{7B75A3E1A6460F415CE3721F308920C4B456F3B977F39EB26CED9155308A976CC0000000002CD29C06CC45B8A0769781901368AE2062B653939062717DBF1A1D52C9C6676DAD377B90000000001E84800674A4DC5000146086248}
         x{A_}
          x{6800A4BAF36B13E3AE770F28659A34B2D81F38859E8C08CF776F2BB4B44180438271002DD68F8699183D05738DC87CC2248312D15BCEE5DFCE7AC9B3B64554C22A5DB310E27F66000608235A0000000005204182CE949B8A4_}
         x{72690A4AB6046056E1049EBF801A55B3400B90121C2EE1AB7A73D57615F48B1D4EEE8FE81178C89C468C01FF10B7EF07B18199BFC6C25B86182F95083CFDF4B7E8}
         x{04C09395090E27F66018603C5A11_}
          x{4026AC3D090000000000000000000500000000000000000000000000000000000000000000000000000000000000000000000000000000000000000000000000000000000000000000000000000000}
          x{C00000000000000000000000012D452DA449E50B8CF7DD27861F146122AFE1B546BB8B70FC8216F0C614139F8E04_},
        hash: [Function: hash],
        blockchainLogs: '[ 4][t 0][2024-10-30 23:27:01.737000][transaction.cpp:443]\tunpacking account B75A3E1A6460F415CE3721F308920C4B456F3B977F39EB26CED9155308A976CC\n' +
          '[ 4][t 0][2024-10-30 23:27:01.737000][transaction.cpp:274]\tlast_paid=1730330821; cells=6 bits=821 public_cells=0\n' +
          '[ 4][t 0][2024-10-30 23:27:01.737000][transaction.cpp:504]\tend of Account.unpack() for 0:B75A3E1A6460F415CE3721F308920C4B456F3B977F39EB26CED9155308A976CC (balance = 999998880613600ng ; last_trans_lt = 32000000..32000001)\n' +
          '[ 4][t 0][2024-10-30 23:27:01.737000][transaction.cpp:3655]\tblock random seed set to 0000000000000000000000000000000000000000000000000000000000000000\n' +
          '[ 4][t 0][2024-10-30 23:27:01.737000][transaction.cpp:1236]\tgas limits: max=1000000, limit=1000000, credit=0\n' +
          '[ 4][t 0][2024-10-30 23:27:01.737000][transaction.cpp:1575]\tin_msg_state is null\n' +
          '[ 4][t 0][2024-10-30 23:27:01.737000][transaction.cpp:1645]\tcreating VM\n' +
          '[ 4][t 0][2024-10-30 23:27:01.737000][transaction.cpp:1351]\tSmartContractInfo initialized with [ 124711402 0 0 1732922821 47000000 47000000 21122878255675644108446800642276849919927819785129319861439300423341550034363 [ 999999830462476 (null) ] CS{Cell{0275c00b75a3e1a6460f415ce3721f308920c4b456f3b977f39eb26ced9155308a976cc20c80cd43391606280000000007a12005c0e35f988381381340} bits: 1..268; refs: 0..0} C{A7EC01478F770EF8F8B037CC7E42F0ABF0D85A50E1828C2394DAD1411691F2DE} C{D992502B94EA96E7B34E5D62FFB0C6FC73D78B3E61F11F0848FB3A1EB1AFC912} [ 950000000 (null) ] 151124 (null) [ CS{Cell{004dd06600000000000000000000000080000000000000fa00000000000001f4000000000003d09040} bits: 9..305; refs: 0..0} (null) CS{Cell{0094d1000000000000006400000000000f4240de000000002710000000000000000f42400000000002160ec0000000000000271000000000002625a00000000005f5e100000000003b9aca00} bits: 0..592; refs: 0..0} CS{Cell{0094d100000000000000640000000000009c40de000000000190000000000000000f424000000000000f4240000000000000271000000000009896800000000005f5e100000000003b9aca00} bits: 0..592; refs: 0..0} CS{Cell{0042ea000000000098968000000000271000000000000f424000000001800055555555} bits: 0..264; refs: 0..0} CS{Cell{0042ea0000000000061a800000000001900000000000009c4000000001800055555555} bits: 0..264; refs: 0..0} (null) ] 0 (null) ]\n' +
          '[ 4][t 0][2024-10-30 23:27:01.737000][transaction.cpp:1675]\tstarting VM\n' +
          '[ 4][t 0][2024-10-30 23:27:01.737000][transaction.cpp:1680]\tVM terminated with exit code 0\n' +
          '[ 3][t 0][2024-10-30 23:27:01.737000][transaction.cpp:1702]\tsteps: 5 gas: used=309, max=1000000, limit=1000000, credit=0\n' +
          '[ 3][t 0][2024-10-30 23:27:01.737000][transaction.cpp:1704]\tout_of_gas=false, accepted=true, success=true, time=0.000018s\n' +
          '[ 4][t 0][2024-10-30 23:27:01.738000][transaction.cpp:1737]\tgas fees: 123600 = 26214400 * 309 /2^16 ; price=26214400; flat rate=[40000 for 100]; remaining balance=999999830338876ng\n',
        vmLogs: 'execute SETCP 0\n' +
          'execute DICTPUSHCONST 19 (xC_,1)\n' +
          'execute DICTIGETJMPZ\n' +
          'execute DROP\n' +
          'execute implicit RET\n',
        debugLogs: '',
        events: [],
        parent: {
          address: 37254810366437813475271750514734067285117962570475561289538093995582013161784n,
          lt: 43000000n,
          prevTransactionHash: 106062181496705046575463749537417306140357469171220414836102251111036327038576n,
          prevTransactionLt: 42000000n,
          now: 1732922821,
          outMessagesCount: 2,
          oldStatus: 'active',
          endStatus: 'active',
          inMessage: [Object],
          outMessages: [Dictionary],
          totalFees: [Object],
          stateUpdate: [Object],
          description: [Object],
          raw: x{7525D79B589F1D73B879432CD1A596C0F9C42CF460467BBB795DA5A20C021C13800000000029020C0EA7D113FA108BFCDD0589A930541CF0183B57346CACA43C3DC2EFEA469CC0E70000000000280DE80674A4DC500054750B3CC}
           x{E_}
            x{6801C25D36B535BEF92116226484A49D03E01E5050FFC3053F6C298C080280A4EEF90014975E6D627C75CEE1E50CB346965B03E710B3D18119EEEDE57696883008704E101119EF88060DFF5E0000000004C4B402CE949B8AC_}
             x{2A004A0500000000000000010000000000000000000000000000000000000000000000000000000000000000400B75A3E1A6460F415CE3721F308920C4B456F3B977F39EB26CED9155308A976CC}
            x{DD_}
             x{2_}
              x{6800A4BAF36B13E3AE770F28659A34B2D81F38859E8C08CF776F2BB4B44180438271002DD68F8699183D05738DC87CC2248312D15BCEE5DFCE7AC9B3B64554C22A5DB310E27F66000608235A0000000005204182CE949B8A4_}
             x{2_}
              x{6800A4BAF36B13E3AE770F28659A34B2D81F38859E8C08CF776F2BB4B44180438271003A7CBC3612E1CA557A9D4C735DAA85C231FC67A5E07FC0E4E6F4D6E951FB858D100E57FA880608235A0000000005204184CE949B8A4_}
           x{7251B55A80A720741DB4D4351FC85B0F8C32806E883372854DC39D350110AE7FC2F54DCAAEC02A967FAB4F55508E369522FE2CC3E577C9CE44EE2D5B60833B3AA2}
           x{040901119EF89874890811_}
            x{4D248C0AF1E00000000000000002E500000000000000000000000000000000000000000000000000000000000000000000000000000000000000000000000000000000000000000000000000000000}
            x{C9861A804C10469800000000000600020000000450AF9D9EE3726931F26D844A6FCC649C60C9C4AD99D34E111DD9BC6BD3DB3ADC40902C14_},
          hash: [Function: hash],
          blockchainLogs: '[ 4][t 0][2024-10-30 23:27:01.727000][transaction.cpp:443]\tunpacking account 525D79B589F1D73B879432CD1A596C0F9C42CF460467BBB795DA5A20C021C138\n' +
            '[ 4][t 0][2024-10-30 23:27:01.727000][transaction.cpp:274]\tlast_paid=1732922821; cells=231 bits=83982 public_cells=0\n' +
            '[ 4][t 0][2024-10-30 23:27:01.727000][transaction.cpp:504]\tend of Account.unpack() for 0:525D79B589F1D73B879432CD1A596C0F9C42CF460467BBB795DA5A20C021C138 (balance = 1051000000ng ; last_trans_lt = 42000000..42000003)\n' +
            '[ 4][t 0][2024-10-30 23:27:01.727000][transaction.cpp:3655]\tblock random seed set to 0000000000000000000000000000000000000000000000000000000000000000\n' +
            '[ 4][t 0][2024-10-30 23:27:01.728000][transaction.cpp:1236]\tgas limits: max=1000000, limit=179320, credit=0\n' +
            '[ 4][t 0][2024-10-30 23:27:01.728000][transaction.cpp:1575]\tin_msg_state is null\n' +
            '[ 4][t 0][2024-10-30 23:27:01.728000][transaction.cpp:1645]\tcreating VM\n' +
            '[ 4][t 0][2024-10-30 23:27:01.728000][transaction.cpp:1351]\tSmartContractInfo initialized with [ 124711402 0 0 1732922821 43000000 43000000 14068792954309835536948273256715513127174070948738620016199408580766834334284 [ 1122728098 (null) ] CS{Cell{0271c00525d79b589f1d73b879432cd1a596c0f9c42cf460467bbb795da5a20c021c1383cec05203833a526e28000000000a037a0d0fa93f301340} bits: 1..268; refs: 0..0} C{A7EC01478F770EF8F8B037CC7E42F0ABF0D85A50E1828C2394DAD1411691F2DE} C{42B6F0E46484EFC57B9508F6BA7EF42E7512023D5CB4ED5628DD1C7755D16E9D} [ 71728098 (null) ] 0 (null) [ CS{Cell{004dd06600000000000000000000000080000000000000fa00000000000001f4000000000003d09040} bits: 9..305; refs: 0..0} (null) CS{Cell{0094d1000000000000006400000000000f4240de000000002710000000000000000f42400000000002160ec0000000000000271000000000002625a00000000005f5e100000000003b9aca00} bits: 0..592; refs: 0..0} CS{Cell{0094d100000000000000640000000000009c40de000000000190000000000000000f424000000000000f4240000000000000271000000000009896800000000005f5e100000000003b9aca00} bits: 0..592; refs: 0..0} CS{Cell{0042ea000000000098968000000000271000000000000f424000000001800055555555} bits: 0..264; refs: 0..0} CS{Cell{0042ea0000000000061a800000000001900000000000009c4000000001800055555555} bits: 0..264; refs: 0..0} (null) ] 0 (null) ]\n' +
            '[ 4][t 0][2024-10-30 23:27:01.728000][transaction.cpp:1675]\tstarting VM\n' +
            '[ 4][t 0][2024-10-30 23:27:01.729000][transaction.cpp:1680]\tVM terminated with exit code 0\n' +
            '[ 3][t 0][2024-10-30 23:27:01.729000][transaction.cpp:1702]\tsteps: 741 gas: used=26916, max=1000000, limit=179320, credit=0\n' +
            '[ 3][t 0][2024-10-30 23:27:01.729000][transaction.cpp:1704]\tout_of_gas=false, accepted=true, success=true, time=0.001047s\n' +
            '[ 4][t 0][2024-10-30 23:27:01.729000][transaction.cpp:1737]\tgas fees: 10766400 = 26214400 * 26916 /2^16 ; price=26214400; flat rate=[40000 for 100]; remaining balance=1111961698ng\n' +
            '[ 3][t 0][2024-10-30 23:27:01.729000][transaction.cpp:2678]\tin try_action_reserve_currency(0)\n' +
            '[ 4][t 0][2024-10-30 23:27:01.729000][transaction.cpp:2684]\taction_reserve_currency: mode=0, reserve=101000000ng, balance=1111961698ng, original balance=1051000000ng\n' +
            '[ 3][t 0][2024-10-30 23:27:01.729000][transaction.cpp:2729]\tchanged remaining balance to 1010961698ng, reserved balance to 101000000ng\n' +
            '[ 4][t 0][2024-10-30 23:27:01.729000][transaction.cpp:2448]\tstorage paid for a message: 0 cells, 0 bits\n' +
            '[ 4][t 0][2024-10-30 23:27:01.729000][transaction.cpp:2452]\tcomputed fwd fees = 400000 + 0\n' +
            '[ 4][t 0][2024-10-30 23:27:01.729000][transaction.cpp:2448]\tstorage paid for a message: 0 cells, 0 bits\n' +
            '[ 4][t 0][2024-10-30 23:27:01.729000][transaction.cpp:2452]\tcomputed fwd fees = 400000 + 0\n',
          vmLogs: 'xecute EQUAL\n' +
            'execute THROWIF 137\n' +
            'execute PUSHPOW2 10\n' +
            'execute EQUAL\n' +
            'execute THROWIFNOT 136\n' +
            'execute STSLICER\n' +
            'execute ENDC\n' +
            'execute ROT\n' +
            'execute STREF\n' +
            'execute ENDC\n' +
            'execute SWAP\n' +
            'execute STREF\n' +
            'execute implicit RET\n' +
            'execute ENDC\n' +
            'execute POP c4\n' +
            'execute implicit RET\n',
          debugLogs: '',
          events: [Array],
          parent: [Object],
          children: [Array],
          externals: []
        },
        children: [],
        externals: []
      },
      {
        address: 105818132960003171416304597453717637701794574747475969910003481004036112389684n,
        lt: 48000000n,
        prevTransactionHash: 23216873419483314497246946112825858722677482694081738073171930393267754130384n,
        prevTransactionLt: 46000000n,
        now: 1732922821,
        outMessagesCount: 0,
        oldStatus: 'active',
        endStatus: 'active',
        inMessage: { info: [Object], init: null, body: x{} },
        outMessages: Dictionary { _key: [Object], _value: [Object], _map: Map(0) {} },
        totalFees: { coins: 123600n },
        stateUpdate: {
          oldHash: <Buffer 3b cd 1c 6e 22 66 0f 8c b2 d4 75 5b 4f ab 8a 2d e5 03 04 6c e5 74 98 04 0e 81 3c 2c ce 48 15 ed>,
          newHash: <Buffer f4 49 70 b8 3d ba 9f 27 b9 62 d1 69 e1 39 29 d8 1a aa 2e 32 c6 0d 36 79 8d 2f 54 b8 6b 92 9e dc>
        },
        description: {
          type: 'generic',
          creditFirst: false,
          storagePhase: [Object],
          creditPhase: [Object],
          computePhase: [Object],
          actionPhase: [Object],
          bouncePhase: undefined,
          aborted: false,
          destroyed: false
        },
        raw: x{7E9F2F0D84B872955EA7531CD76AA1708C7F19E9781FF03939BD35BA547EE16340000000002DC6C00335448E0DF6F0B5B7E55FC42B6FF329D6E7E35205403F88F71991FA9B7525BD00000000002BDE780674A4DC500014603C5A0}
         x{A_}
          x{6800A4BAF36B13E3AE770F28659A34B2D81F38859E8C08CF776F2BB4B44180438271003A7CBC3612E1CA557A9D4C735DAA85C231FC67A5E07FC0E4E6F4D6E951FB858D100E57FA880608235A0000000005204184CE949B8A4_}
         x{723BCD1C6E22660F8CB2D4755B4FAB8A2DE503046CE57498040E813C2CCE4815EDF44970B83DBA9F27B962D169E13929D81AAA2E32C60D36798D2F54B86B929EDC}
         x{040900E57FA898603C5A11_}
          x{4026AC092E1000000000000000000500000000000000000000000000000000000000000000000000000000000000000000000000000000000000000000000000000000000000000000000000000000}
          x{C00000000000000000000000012D452DA449E50B8CF7DD27861F146122AFE1B546BB8B70FC8216F0C614139F8E04_},
        hash: [Function: hash],
        blockchainLogs: '[ 4][t 0][2024-10-30 23:27:01.739000][transaction.cpp:443]\tunpacking account E9F2F0D84B872955EA7531CD76AA1708C7F19E9781FF03939BD35BA547EE1634\n' +
          '[ 4][t 0][2024-10-30 23:27:01.739000][transaction.cpp:274]\tlast_paid=1732922821; cells=6 bits=821 public_cells=0\n' +
          '[ 4][t 0][2024-10-30 23:27:01.739000][transaction.cpp:504]\tend of Account.unpack() for 0:E9F2F0D84B872955EA7531CD76AA1708C7F19E9781FF03939BD35BA547EE1634 (balance = 999999854620705ng ; last_trans_lt = 46000000..46000001)\n' +
          '[ 4][t 0][2024-10-30 23:27:01.739000][transaction.cpp:3655]\tblock random seed set to 0000000000000000000000000000000000000000000000000000000000000000\n' +
          '[ 4][t 0][2024-10-30 23:27:01.739000][transaction.cpp:1236]\tgas limits: max=1000000, limit=150404, credit=0\n' +
          '[ 4][t 0][2024-10-30 23:27:01.739000][transaction.cpp:1575]\tin_msg_state is null\n' +
          '[ 4][t 0][2024-10-30 23:27:01.739000][transaction.cpp:1645]\tcreating VM\n' +
          '[ 4][t 0][2024-10-30 23:27:01.739000][transaction.cpp:1351]\tSmartContractInfo initialized with [ 124711402 0 0 1732922821 48000000 48000000 60210483465141978598827679003117970236339845468170532052053411751718225576024 [ 999999914782403 (null) ] CS{Cell{0275c00e9f2f0d84b872955ea7531cd76aa1708c7f19e9781ff03939bd35ba547ee163420c80cd433a526e28000000000af79e05c0e35fa7070c085340} bits: 1..268; refs: 0..0} C{A7EC01478F770EF8F8B037CC7E42F0ABF0D85A50E1828C2394DAD1411691F2DE} C{D992502B94EA96E7B34E5D62FFB0C6FC73D78B3E61F11F0848FB3A1EB1AFC912} [ 60161698 (null) ] 0 (null) [ CS{Cell{004dd06600000000000000000000000080000000000000fa00000000000001f4000000000003d09040} bits: 9..305; refs: 0..0} (null) CS{Cell{0094d1000000000000006400000000000f4240de000000002710000000000000000f42400000000002160ec0000000000000271000000000002625a00000000005f5e100000000003b9aca00} bits: 0..592; refs: 0..0} CS{Cell{0094d100000000000000640000000000009c40de000000000190000000000000000f424000000000000f4240000000000000271000000000009896800000000005f5e100000000003b9aca00} bits: 0..592; refs: 0..0} CS{Cell{0042ea000000000098968000000000271000000000000f424000000001800055555555} bits: 0..264; refs: 0..0} CS{Cell{0042ea0000000000061a800000000001900000000000009c4000000001800055555555} bits: 0..264; refs: 0..0} (null) ] 0 (null) ]\n' +
          '[ 4][t 0][2024-10-30 23:27:01.739000][transaction.cpp:1675]\tstarting VM\n' +
          '[ 4][t 0][2024-10-30 23:27:01.739000][transaction.cpp:1680]\tVM terminated with exit code 0\n' +
          '[ 3][t 0][2024-10-30 23:27:01.739000][transaction.cpp:1702]\tsteps: 5 gas: used=309, max=1000000, limit=150404, credit=0\n' +
          '[ 3][t 0][2024-10-30 23:27:01.739000][transaction.cpp:1704]\tout_of_gas=false, accepted=true, success=true, time=0.000019s\n' +
          '[ 4][t 0][2024-10-30 23:27:01.739000][transaction.cpp:1737]\tgas fees: 123600 = 26214400 * 309 /2^16 ; price=26214400; flat rate=[40000 for 100]; remaining balance=999999914658803ng\n',
        vmLogs: 'execute SETCP 0\n' +
          'execute DICTPUSHCONST 19 (xC_,1)\n' +
          'execute DICTIGETJMPZ\n' +
          'execute DROP\n' +
          'execute implicit RET\n',
        debugLogs: '',
        events: [],
        parent: {
          address: 37254810366437813475271750514734067285117962570475561289538093995582013161784n,
          lt: 43000000n,
          prevTransactionHash: 106062181496705046575463749537417306140357469171220414836102251111036327038576n,
          prevTransactionLt: 42000000n,
          now: 1732922821,
          outMessagesCount: 2,
          oldStatus: 'active',
          endStatus: 'active',
          inMessage: [Object],
          outMessages: [Dictionary],
          totalFees: [Object],
          stateUpdate: [Object],
          description: [Object],
          raw: x{7525D79B589F1D73B879432CD1A596C0F9C42CF460467BBB795DA5A20C021C13800000000029020C0EA7D113FA108BFCDD0589A930541CF0183B57346CACA43C3DC2EFEA469CC0E70000000000280DE80674A4DC500054750B3CC}
           x{E_}
            x{6801C25D36B535BEF92116226484A49D03E01E5050FFC3053F6C298C080280A4EEF90014975E6D627C75CEE1E50CB346965B03E710B3D18119EEEDE57696883008704E101119EF88060DFF5E0000000004C4B402CE949B8AC_}
             x{2A004A0500000000000000010000000000000000000000000000000000000000000000000000000000000000400B75A3E1A6460F415CE3721F308920C4B456F3B977F39EB26CED9155308A976CC}
            x{DD_}
             x{2_}
              x{6800A4BAF36B13E3AE770F28659A34B2D81F38859E8C08CF776F2BB4B44180438271002DD68F8699183D05738DC87CC2248312D15BCEE5DFCE7AC9B3B64554C22A5DB310E27F66000608235A0000000005204182CE949B8A4_}
             x{2_}
              x{6800A4BAF36B13E3AE770F28659A34B2D81F38859E8C08CF776F2BB4B44180438271003A7CBC3612E1CA557A9D4C735DAA85C231FC67A5E07FC0E4E6F4D6E951FB858D100E57FA880608235A0000000005204184CE949B8A4_}
           x{7251B55A80A720741DB4D4351FC85B0F8C32806E883372854DC39D350110AE7FC2F54DCAAEC02A967FAB4F55508E369522FE2CC3E577C9CE44EE2D5B60833B3AA2}
           x{040901119EF89874890811_}
            x{4D248C0AF1E00000000000000002E500000000000000000000000000000000000000000000000000000000000000000000000000000000000000000000000000000000000000000000000000000000}
            x{C9861A804C10469800000000000600020000000450AF9D9EE3726931F26D844A6FCC649C60C9C4AD99D34E111DD9BC6BD3DB3ADC40902C14_},
          hash: [Function: hash],
          blockchainLogs: '[ 4][t 0][2024-10-30 23:27:01.727000][transaction.cpp:443]\tunpacking account 525D79B589F1D73B879432CD1A596C0F9C42CF460467BBB795DA5A20C021C138\n' +
            '[ 4][t 0][2024-10-30 23:27:01.727000][transaction.cpp:274]\tlast_paid=1732922821; cells=231 bits=83982 public_cells=0\n' +
            '[ 4][t 0][2024-10-30 23:27:01.727000][transaction.cpp:504]\tend of Account.unpack() for 0:525D79B589F1D73B879432CD1A596C0F9C42CF460467BBB795DA5A20C021C138 (balance = 1051000000ng ; last_trans_lt = 42000000..42000003)\n' +
            '[ 4][t 0][2024-10-30 23:27:01.727000][transaction.cpp:3655]\tblock random seed set to 0000000000000000000000000000000000000000000000000000000000000000\n' +
            '[ 4][t 0][2024-10-30 23:27:01.728000][transaction.cpp:1236]\tgas limits: max=1000000, limit=179320, credit=0\n' +
            '[ 4][t 0][2024-10-30 23:27:01.728000][transaction.cpp:1575]\tin_msg_state is null\n' +
            '[ 4][t 0][2024-10-30 23:27:01.728000][transaction.cpp:1645]\tcreating VM\n' +
            '[ 4][t 0][2024-10-30 23:27:01.728000][transaction.cpp:1351]\tSmartContractInfo initialized with [ 124711402 0 0 1732922821 43000000 43000000 14068792954309835536948273256715513127174070948738620016199408580766834334284 [ 1122728098 (null) ] CS{Cell{0271c00525d79b589f1d73b879432cd1a596c0f9c42cf460467bbb795da5a20c021c1383cec05203833a526e28000000000a037a0d0fa93f301340} bits: 1..268; refs: 0..0} C{A7EC01478F770EF8F8B037CC7E42F0ABF0D85A50E1828C2394DAD1411691F2DE} C{42B6F0E46484EFC57B9508F6BA7EF42E7512023D5CB4ED5628DD1C7755D16E9D} [ 71728098 (null) ] 0 (null) [ CS{Cell{004dd06600000000000000000000000080000000000000fa00000000000001f4000000000003d09040} bits: 9..305; refs: 0..0} (null) CS{Cell{0094d1000000000000006400000000000f4240de000000002710000000000000000f42400000000002160ec0000000000000271000000000002625a00000000005f5e100000000003b9aca00} bits: 0..592; refs: 0..0} CS{Cell{0094d100000000000000640000000000009c40de000000000190000000000000000f424000000000000f4240000000000000271000000000009896800000000005f5e100000000003b9aca00} bits: 0..592; refs: 0..0} CS{Cell{0042ea000000000098968000000000271000000000000f424000000001800055555555} bits: 0..264; refs: 0..0} CS{Cell{0042ea0000000000061a800000000001900000000000009c4000000001800055555555} bits: 0..264; refs: 0..0} (null) ] 0 (null) ]\n' +
            '[ 4][t 0][2024-10-30 23:27:01.728000][transaction.cpp:1675]\tstarting VM\n' +
            '[ 4][t 0][2024-10-30 23:27:01.729000][transaction.cpp:1680]\tVM terminated with exit code 0\n' +
            '[ 3][t 0][2024-10-30 23:27:01.729000][transaction.cpp:1702]\tsteps: 741 gas: used=26916, max=1000000, limit=179320, credit=0\n' +
            '[ 3][t 0][2024-10-30 23:27:01.729000][transaction.cpp:1704]\tout_of_gas=false, accepted=true, success=true, time=0.001047s\n' +
            '[ 4][t 0][2024-10-30 23:27:01.729000][transaction.cpp:1737]\tgas fees: 10766400 = 26214400 * 26916 /2^16 ; price=26214400; flat rate=[40000 for 100]; remaining balance=1111961698ng\n' +
            '[ 3][t 0][2024-10-30 23:27:01.729000][transaction.cpp:2678]\tin try_action_reserve_currency(0)\n' +
            '[ 4][t 0][2024-10-30 23:27:01.729000][transaction.cpp:2684]\taction_reserve_currency: mode=0, reserve=101000000ng, balance=1111961698ng, original balance=1051000000ng\n' +
            '[ 3][t 0][2024-10-30 23:27:01.729000][transaction.cpp:2729]\tchanged remaining balance to 1010961698ng, reserved balance to 101000000ng\n' +
            '[ 4][t 0][2024-10-30 23:27:01.729000][transaction.cpp:2448]\tstorage paid for a message: 0 cells, 0 bits\n' +
            '[ 4][t 0][2024-10-30 23:27:01.729000][transaction.cpp:2452]\tcomputed fwd fees = 400000 + 0\n' +
            '[ 4][t 0][2024-10-30 23:27:01.729000][transaction.cpp:2448]\tstorage paid for a message: 0 cells, 0 bits\n' +
            '[ 4][t 0][2024-10-30 23:27:01.729000][transaction.cpp:2452]\tcomputed fwd fees = 400000 + 0\n',
          vmLogs: 'xecute EQUAL\n' +
            'execute THROWIF 137\n' +
            'execute PUSHPOW2 10\n' +
            'execute EQUAL\n' +
            'execute THROWIFNOT 136\n' +
            'execute STSLICER\n' +
            'execute ENDC\n' +
            'execute ROT\n' +
            'execute STREF\n' +
            'execute ENDC\n' +
            'execute SWAP\n' +
            'execute STREF\n' +
            'execute implicit RET\n' +
            'execute ENDC\n' +
            'execute POP c4\n' +
            'execute implicit RET\n',
          debugLogs: '',
          events: [Array],
          parent: [Object],
          children: [Array],
          externals: []
        },
        children: [],
        externals: []
      }
    ]

      at proceedDeal (tests/MarketTon.spec.ts:2082:17)

  console.log
    [
      {
        type: 'message_sent',
        from: EQDp8vDYS4cpVep1Mc12qhcIx_Gel4H_A5Ob01ulR-4WNMml,
        to: EQBSXXm1ifHXO4eUMs0aWWwPnELPRgRnu7eV2logwCHBOBBt,
        value: 1000000000n,
        body: x{E9626FBA000000000000000000000000}
         x{03DF94AA22408F0D180000001937A3FC9884_}
         x{03DF94AA23405F5E100000001937A3FC9884_},
        bounced: false
      },
      {
        type: 'message_sent',
        from: EQBSXXm1ifHXO4eUMs0aWWwPnELPRgRnu7eV2logwCHBOBBt,
        to: EQASWIYDJyUJTnnETBq5ZC_hy_G_TXfbJcNF3b56jIC81Pj2,
        value: 982832763n,
        body: x{03DF94AA000000000000000022408F0D180000001937A3FC98811A02FAF080000000C9BD1FE4C42_}
         x{},
        bounced: false
      },
      {
        type: 'message_sent',
        from: EQASWIYDJyUJTnnETBq5ZC_hy_G_TXfbJcNF3b56jIC81Pj2,
        to: EQBSXXm1ifHXO4eUMs0aWWwPnELPRgRnu7eV2logwCHBOBBt,
        value: 978464763n,
        body: x{935FA9D10000000000000000}
         x{00000000000000000000000000000000000000000000000000000000000000220000000000000000000000000000000000000000000000000000000008F0D18001937A3FC988}
         x{00000000000000000000000000000000000000000000000000000000000000230000000000000000000000000000000000000000000000000000000005F5E10001937A3FC988},
        bounced: false
      },
      {
        type: 'message_sent',
        from: EQBSXXm1ifHXO4eUMs0aWWwPnELPRgRnu7eV2logwCHBOBBt,
        to: EQC50kw8CkUnsCDgJcqVYTHF61CBKRFXwl_Xlh3y0DobarlX,
        value: 966133163n,
        body: x{E601F8E50000000000000000},
        bounced: false
      },
      {
        type: 'message_sent',
        from: EQC50kw8CkUnsCDgJcqVYTHF61CBKRFXwl_Xlh3y0DobarlX,
        to: EQBSXXm1ifHXO4eUMs0aWWwPnELPRgRnu7eV2logwCHBOBBt,
        value: 960892531n,
        body: x{B687AB17000000000000000000000000}
         x{02202FAF080202FAF08021DCD65001CC4B4021DCD650033916062B397F7E2B3916062B3A526E280000000800000004_}
          x{801028CD38D6A9FB165BB1D27554DCBBC8B7A064E07EF4C3832956828113614F545_},
        bounced: false
      },
      {
        type: 'message_sent',
        from: EQBSXXm1ifHXO4eUMs0aWWwPnELPRgRnu7eV2logwCHBOBBt,
        to: EQB8zyeA4NPhsLaAWbQISwSmjIdCNXRcbQIB1i89IhjxNhei,
        value: 67521600n,
        body: x{BC26F4C80000000000000000},
        bounced: false
      },
      {
        type: 'message_sent',
        from: EQBSXXm1ifHXO4eUMs0aWWwPnELPRgRnu7eV2logwCHBOBBt,
        to: EQDhLptamt98kIsRMkJSToHwDygof-GCn7YUxgQBQFJ3fLZb,
        value: 67521600n,
        body: x{BC26F4C80000000000000001},
        bounced: false
      },
      {
        type: 'message_sent',
        from: EQBSXXm1ifHXO4eUMs0aWWwPnELPRgRnu7eV2logwCHBOBBt,
        to: EQC50kw8CkUnsCDgJcqVYTHF61CBKRFXwl_Xlh3y0DobarlX,
        value: 791210531n,
        body: x{B8A3AA140000000000000000801D3E5E1B0970E52ABD4EA639AED542E118FE33D2F03FE072737A6B74A8FDC2C69_},
        bounced: false
      },
      {
        type: 'message_sent',
        from: EQB8zyeA4NPhsLaAWbQISwSmjIdCNXRcbQIB1i89IhjxNhei,
        to: EQBSXXm1ifHXO4eUMs0aWWwPnELPRgRnu7eV2logwCHBOBBt,
        value: 71728098n,
        body: x{2A004A0500000000000000000000000000000000000000000000000000000000000000000000000000000000C00814669C6B54FD8B2DD8E93AAA6E5DE45BD032703F7A61C194AB414089B0A7AA2},
        bounced: false
      },
      {
        type: 'message_sent',
        from: EQDhLptamt98kIsRMkJSToHwDygof-GCn7YUxgQBQFJ3fLZb,
        to: EQBSXXm1ifHXO4eUMs0aWWwPnELPRgRnu7eV2logwCHBOBBt,
        value: 71728098n,
        body: x{2A004A0500000000000000010000000000000000000000000000000000000000000000000000000000000000400B75A3E1A6460F415CE3721F308920C4B456F3B977F39EB26CED9155308A976CC},
        bounced: false
      },
      {
        type: 'message_sent',
        from: EQC50kw8CkUnsCDgJcqVYTHF61CBKRFXwl_Xlh3y0DobarlX,
        to: EQDp8vDYS4cpVep1Mc12qhcIx_Gel4H_A5Ob01ulR-4WNMml,
        value: 797411731n,
        body: x{},
        bounced: false
      },
      {
        type: 'account_destroyed',
        account: EQC50kw8CkUnsCDgJcqVYTHF61CBKRFXwl_Xlh3y0DobarlX
      },
      {
        type: 'message_sent',
        from: EQBSXXm1ifHXO4eUMs0aWWwPnELPRgRnu7eV2logwCHBOBBt,
        to: EQCBRmnGtU_Yst2Ok6qm5d5FvQMnA_emHBlKtBQImwp6oicf,
        value: 1049000000n,
        body: x{},
        bounced: false
      },
      {
        type: 'message_sent',
        from: EQBSXXm1ifHXO4eUMs0aWWwPnELPRgRnu7eV2logwCHBOBBt,
        to: EQDp8vDYS4cpVep1Mc12qhcIx_Gel4H_A5Ob01ulR-4WNMml,
        value: 59871698n,
        body: x{},
        bounced: false
      },
      {
        type: 'message_sent',
        from: EQBSXXm1ifHXO4eUMs0aWWwPnELPRgRnu7eV2logwCHBOBBt,
        to: EQC3Wj4aZGD0Fc43IfMIkgxLRW87l3856ybO2RVTCKl2zDIR,
        value: 950000000n,
        body: x{},
        bounced: false
      },
      {
        type: 'message_sent',
        from: EQBSXXm1ifHXO4eUMs0aWWwPnELPRgRnu7eV2logwCHBOBBt,
        to: EQDp8vDYS4cpVep1Mc12qhcIx_Gel4H_A5Ob01ulR-4WNMml,
        value: 60161698n,
        body: x{},
        bounced: false
      }
    ]

      at proceedDeal (tests/MarketTon.spec.ts:2083:17)

  console.log
    User fee :-0.085341197

      at proceedDeal (tests/MarketTon.spec.ts:2086:17)

  console.log
    User fee :-0.035626

      at createDeal (tests/MarketTon.spec.ts:1954:17)

  console.log
    User fee :-0.1193864

      at takeDeal (tests/MarketTon.spec.ts:2019:17)

  console.log
    [
      {
        address: 105818132960003171416304597453717637701794574747475969910003481004036112389684n,
        lt: 33000000n,
        prevTransactionHash: 68709792468217457555915248229064399704118270934698831512288344009121844805235n,
        prevTransactionLt: 9000000n,
        now: 1732922822,
        outMessagesCount: 1,
        oldStatus: 'active',
        endStatus: 'active',
        inMessage: {
          info: [Object],
          init: null,
          body: x{579378ED124D4474AEAC829C138B5598B5168CF79FD305630FA5D54299276449C_}
           x{D001}
            x{6200292EBCDAC4F8EB9DC3CA19668D2CB607CE2167A30233DDDBCAED2D106010E09C21DCD6500000000000000000000000000000E9626FBA000000000000000000000000}
             x{03DF94AA22408F0D180000001937A3FCD704_}
             x{03DF94AA23405F5E100000001937A3FCD704_}
        },
        outMessages: Dictionary { _key: [Object], _value: [Object], _map: [Map] },
        totalFees: { coins: 2020320n },
        stateUpdate: {
          oldHash: <Buffer 80 54 15 4f d3 77 ae c5 43 55 d4 de 65 6e 1c e7 5e 63 6e 73 8a ae 5b 09 fc 5a ee 57 fe 5f 93 93>,
          newHash: <Buffer ee 76 4a 6b c2 7b 95 e0 eb 9d a7 ee 26 2b 19 6d fe cd 22 fa c0 8f ae 5c b9 df 4c 7c a9 93 f8 c5>
        },
        description: {
          type: 'generic',
          creditFirst: true,
          storagePhase: [Object],
          creditPhase: undefined,
          computePhase: [Object],
          actionPhase: [Object],
          bouncePhase: undefined,
          aborted: false,
          destroyed: false
        },
        raw: x{7E9F2F0D84B872955EA7531CD76AA1708C7F19E9781FF03939BD35BA547EE16340000000001F78A4097E85D485B0E2454CA89A9AD75717584979A9C63755017148DB2B452828DBE730000000000895440674A4DC60003463DA7C0}
         x{E_}
          x{8801D3E5E1B0970E52ABD4EA639AED542E118FE33D2F03FE072737A6B74A8FDC2C6802BC9BC768926A23A5756414E09C5AACC5A8B467BCFE982B187D2EAA14C93B224E_}
           x{D001}
            x{6200292EBCDAC4F8EB9DC3CA19668D2CB607CE2167A30233DDDBCAED2D106010E09C21DCD6500000000000000000000000000000E9626FBA000000000000000000000000}
             x{03DF94AA22408F0D180000001937A3FCD704_}
             x{03DF94AA23405F5E100000001937A3FCD704_}
          x{DF_}
           x{6801D3E5E1B0970E52ABD4EA639AED542E118FE33D2F03FE072737A6B74A8FDC2C690014975E6D627C75CEE1E50CB346965B03E710B3D18119EEEDE57696883008704E10EE6B2800060C0F880000000003EF1482CE949B8C74B137DD0000000000000000000000004_}
            x{03DF94AA22408F0D180000001937A3FCD704_}
            x{03DF94AA23405F5E100000001937A3FCD704_}
         x{728054154FD377AEC54355D4DE656E1CE75E636E738AAE5B09FC5AEE57FE5F9393EE764A6BC27B95E0EB9DA7EE262B196DFECD22FAC08FAE5CB9DF4C7CA993F8C5}
         x{0CC0939506185E94844_}
          x{40F223138800000000000000000C800000000000000000000000000000000000000000000000000000000000000000000000000000000000000000000000000000000000000000000000000000002_}
          x{C98485D04C0C0F70000000000002000000000002C504296F57415C9734EDB764462F44D86A64CA428E1619DED02727DDE4AC551840D022DC_},
        hash: [Function: hash],
        blockchainLogs: '[ 4][t 0][2024-10-30 23:27:02.395000][transaction.cpp:443]\tunpacking account E9F2F0D84B872955EA7531CD76AA1708C7F19E9781FF03939BD35BA547EE1634\n' +
          '[ 4][t 0][2024-10-30 23:27:02.395000][transaction.cpp:274]\tlast_paid=1730330822; cells=6 bits=821 public_cells=0\n' +
          '[ 4][t 0][2024-10-30 23:27:02.395000][transaction.cpp:504]\tend of Account.unpack() for 0:E9F2F0D84B872955EA7531CD76AA1708C7F19E9781FF03939BD35BA547EE1634 (balance = 1000000000000000ng ; last_trans_lt = 9000000..9000001)\n' +
          '[ 4][t 0][2024-10-30 23:27:02.395000][transaction.cpp:3655]\tblock random seed set to 0000000000000000000000000000000000000000000000000000000000000000\n' +
          '[ 4][t 0][2024-10-30 23:27:02.395000][transaction.cpp:788]\tstorage paid for a message: 4 cells, 842 bits\n' +
          '[ 4][t 0][2024-10-30 23:27:02.395000][transaction.cpp:802]\tcomputed fwd fees = 896800 + 0\n' +
          '[ 4][t 0][2024-10-30 23:27:02.395000][transaction.cpp:1236]\tgas limits: max=1000000, limit=0, credit=10000\n' +
          '[ 4][t 0][2024-10-30 23:27:02.395000][transaction.cpp:1575]\tin_msg_state is null\n' +
          '[ 4][t 0][2024-10-30 23:27:02.395000][transaction.cpp:1645]\tcreating VM\n' +
          '[ 4][t 0][2024-10-30 23:27:02.395000][transaction.cpp:1351]\tSmartContractInfo initialized with [ 124711402 0 0 1732922822 33000000 33000000 60210483465141978598827679003117970236339845468170532052053411751718225576024 [ 999999998952076 (null) ] CS{Cell{0275c00e9f2f0d84b872955ea7531cd76aa1708c7f19e9781ff03939bd35ba547ee163420c80cd43391606300000000002255105c0e35fa931a0001340} bits: 1..268; refs: 0..0} C{A7EC01478F770EF8F8B037CC7E42F0ABF0D85A50E1828C2394DAD1411691F2DE} C{D992502B94EA96E7B34E5D62FFB0C6FC73D78B3E61F11F0848FB3A1EB1AFC912} [ 0 (null) ] 151124 (null) [ CS{Cell{004dd06600000000000000000000000080000000000000fa00000000000001f4000000000003d09040} bits: 9..305; refs: 0..0} (null) CS{Cell{0094d1000000000000006400000000000f4240de000000002710000000000000000f42400000000002160ec0000000000000271000000000002625a00000000005f5e100000000003b9aca00} bits: 0..592; refs: 0..0} CS{Cell{0094d100000000000000640000000000009c40de000000000190000000000000000f424000000000000f4240000000000000271000000000009896800000000005f5e100000000003b9aca00} bits: 0..592; refs: 0..0} CS{Cell{0042ea000000000098968000000000271000000000000f424000000001800055555555} bits: 0..264; refs: 0..0} CS{Cell{0042ea0000000000061a800000000001900000000000009c4000000001800055555555} bits: 0..264; refs: 0..0} (null) ] 0 (null) ]\n' +
          '[ 4][t 0][2024-10-30 23:27:02.395000][transaction.cpp:1675]\tstarting VM\n' +
          '[ 4][t 0][2024-10-30 23:27:02.396000][transaction.cpp:1680]\tVM terminated with exit code 0\n' +
          '[ 3][t 0][2024-10-30 23:27:02.396000][transaction.cpp:1702]\tsteps: 50 gas: used=1937, max=1000000, limit=1000000, credit=0\n' +
          '[ 3][t 0][2024-10-30 23:27:02.396000][transaction.cpp:1704]\tout_of_gas=false, accepted=true, success=true, time=0.000115s\n' +
          '[ 4][t 0][2024-10-30 23:27:02.396000][transaction.cpp:1737]\tgas fees: 774800 = 26214400 * 1937 /2^16 ; price=26214400; flat rate=[40000 for 100]; remaining balance=999999998177276ng\n' +
          '[ 4][t 0][2024-10-30 23:27:02.396000][transaction.cpp:2448]\tstorage paid for a message: 2 cells, 282 bits\n' +
          '[ 4][t 0][2024-10-30 23:27:02.396000][transaction.cpp:2452]\tcomputed fwd fees = 592800 + 0\n',
        vmLogs: 'ULLSWAPIFNOT2\n' +
          'execute DUP\n' +
          'execute PUSHCONT x02D307D43001FB00\n' +
          'execute PUSHCONT x32\n' +
          'execute IFELSE\n' +
          'execute POP s2\n' +
          'execute implicit RET\n' +
          'execute SWAP\n' +
          'execute NOT\n' +
          'execute implicit RET\n' +
          'until loop body end\n' +
          'until loop terminated\n' +
          'execute 2DROP\n' +
          'execute implicit RET\n',
        debugLogs: '',
        events: [ [Object] ],
        parent: undefined,
        children: [ [Object] ],
        externals: []
      },
      {
        address: 37254810366437813475271750514734067285117962570475561289538093995582013161784n,
        lt: 34000000n,
        prevTransactionHash: 77570709222620052859393796807014890544201365168441799193445855274702824918781n,
        prevTransactionLt: 25000000n,
        now: 1732922822,
        outMessagesCount: 1,
        oldStatus: 'active',
        endStatus: 'active',
        inMessage: {
          info: [Object],
          init: null,
          body: x{E9626FBA000000000000000000000000}
           x{03DF94AA22408F0D180000001937A3FCD704_}
           x{03DF94AA23405F5E100000001937A3FCD704_}
        },
        outMessages: Dictionary { _key: [Object], _value: [Object], _map: [Map] },
        totalFees: { coins: 16763500n },
        stateUpdate: {
          oldHash: <Buffer fd e6 66 b4 86 41 0e ba 87 c7 f5 c8 58 4b d2 98 42 a3 57 cd 74 32 b4 92 1a 99 4a 4c 84 00 a3 ee>,
          newHash: <Buffer 02 7c 94 78 a5 cd ac 6f 85 c0 de ad f8 46 76 42 a8 d8 85 af 31 e0 3a 1f 63 60 67 02 2c 08 8b 1e>
        },
        description: {
          type: 'generic',
          creditFirst: false,
          storagePhase: [Object],
          creditPhase: [Object],
          computePhase: [Object],
          actionPhase: [Object],
          bouncePhase: undefined,
          aborted: false,
          destroyed: false
        },
        raw: x{7525D79B589F1D73B879432CD1A596C0F9C42CF460467BBB795DA5A20C021C138000000000206CC80AB7F772D9E05EB9665BB331CFB31F4A4427921BD85014C020C37B16785B5CEFD00000000017D7840674A4DC6000347FF94D8}
         x{E_}
          x{6801D3E5E1B0970E52ABD4EA639AED542E118FE33D2F03FE072737A6B74A8FDC2C690014975E6D627C75CEE1E50CB346965B03E710B3D18119EEEDE57696883008704E10EE6B2800060C0F880000000003EF1482CE949B8C74B137DD0000000000000000000000004_}
           x{03DF94AA22408F0D180000001937A3FCD704_}
           x{03DF94AA23405F5E100000001937A3FCD704_}
          x{DF_}
           x{6800A4BAF36B13E3AE770F28659A34B2D81F38859E8C08CF776F2BB4B441804382710004962180C9C942539E711306AE590BF872FC6FD35DF6C970D1776F9EA3202F3510EA5359EC060C523200000000040D9902CE949B8CC_}
            x{03DF94AA000000000000000022408F0D180000001937A3FCD7011A02FAF080000000C9BD1FE6B82_}
             x{}
         x{72FDE666B486410EBA87C7F5C8584BD29842A357CD7432B4921A994A4C8400A3EE027C9478A5CDAC6F85C0DEADF8467642A8D885AF31E03A1F636067022C088B1E}
         x{04DDDA39490EE6B2801870A9A011_}
          x{4AAA0C3D090000000000000000025500000000000000000000000000000000000000000000000000000000000000000000000000000000000000000000000000000000000000000000000000000000}
          x{C9849ED04C0C521C000000000004000200000003C1169DCE056047C66E96B02495BC2B91B339186C42AB1A6C8385C7644B667E8640D01FDC_},
        hash: [Function: hash],
        blockchainLogs: '[ 4][t 0][2024-10-30 23:27:02.398000][transaction.cpp:443]\tunpacking account 525D79B589F1D73B879432CD1A596C0F9C42CF460467BBB795DA5A20C021C138\n' +
          '[ 4][t 0][2024-10-30 23:27:02.398000][transaction.cpp:274]\tlast_paid=1730330822; cells=229 bits=83363 public_cells=0\n' +
          '[ 4][t 0][2024-10-30 23:27:02.398000][transaction.cpp:504]\tend of Account.unpack() for 0:525D79B589F1D73B879432CD1A596C0F9C42CF460467BBB795DA5A20C021C138 (balance = 2100000000ng ; last_trans_lt = 25000000..25000006)\n' +
          '[ 4][t 0][2024-10-30 23:27:02.398000][transaction.cpp:3655]\tblock random seed set to 0000000000000000000000000000000000000000000000000000000000000000\n' +
          '[ 4][t 0][2024-10-30 23:27:02.398000][transaction.cpp:1236]\tgas limits: max=1000000, limit=1000000, credit=0\n' +
          '[ 4][t 0][2024-10-30 23:27:02.398000][transaction.cpp:1575]\tin_msg_state is null\n' +
          '[ 4][t 0][2024-10-30 23:27:02.398000][transaction.cpp:1645]\tcreating VM\n' +
          '[ 4][t 0][2024-10-30 23:27:02.398000][transaction.cpp:1351]\tSmartContractInfo initialized with [ 124711402 0 0 1732922822 34000000 34000000 14068792954309835536948273256715513127174070948738620016199408580766834334284 [ 3092174363 (null) ] CS{Cell{0271c00525d79b589f1d73b879432cd1a596c0f9c42cf460467bbb795da5a20c021c1383cac05168c3391606300000000005f5e1191f4add401340} bits: 1..268; refs: 0..0} C{A7EC01478F770EF8F8B037CC7E42F0ABF0D85A50E1828C2394DAD1411691F2DE} C{42B6F0E46484EFC57B9508F6BA7EF42E7512023D5CB4ED5628DD1C7755D16E9D} [ 1000000000 (null) ] 7825637 (null) [ CS{Cell{004dd06600000000000000000000000080000000000000fa00000000000001f4000000000003d09040} bits: 9..305; refs: 0..0} (null) CS{Cell{0094d1000000000000006400000000000f4240de000000002710000000000000000f42400000000002160ec0000000000000271000000000002625a00000000005f5e100000000003b9aca00} bits: 0..592; refs: 0..0} CS{Cell{0094d100000000000000640000000000009c40de000000000190000000000000000f424000000000000f4240000000000000271000000000009896800000000005f5e100000000003b9aca00} bits: 0..592; refs: 0..0} CS{Cell{0042ea000000000098968000000000271000000000000f424000000001800055555555} bits: 0..264; refs: 0..0} CS{Cell{0042ea0000000000061a800000000001900000000000009c4000000001800055555555} bits: 0..264; refs: 0..0} (null) ] 0 (null) ]\n' +
          '[ 4][t 0][2024-10-30 23:27:02.398000][transaction.cpp:1675]\tstarting VM\n' +
          '[ 4][t 0][2024-10-30 23:27:02.399000][transaction.cpp:1680]\tVM terminated with exit code 0\n' +
          '[ 3][t 0][2024-10-30 23:27:02.399000][transaction.cpp:1702]\tsteps: 597 gas: used=21840, max=1000000, limit=1000000, credit=0\n' +
          '[ 3][t 0][2024-10-30 23:27:02.399000][transaction.cpp:1704]\tout_of_gas=false, accepted=true, success=true, time=0.000763s\n' +
          '[ 4][t 0][2024-10-30 23:27:02.399000][transaction.cpp:1737]\tgas fees: 8736000 = 26214400 * 21840 /2^16 ; price=26214400; flat rate=[40000 for 100]; remaining balance=3083438363ng\n' +
          '[ 3][t 0][2024-10-30 23:27:02.399000][transaction.cpp:2678]\tin try_action_reserve_currency(0)\n' +
          '[ 4][t 0][2024-10-30 23:27:02.399000][transaction.cpp:2684]\taction_reserve_currency: mode=0, reserve=2100000000ng, balance=3083438363ng, original balance=2092174363ng\n' +
          '[ 3][t 0][2024-10-30 23:27:02.399000][transaction.cpp:2729]\tchanged remaining balance to 983438363ng, reserved balance to 2100000000ng\n' +
          '[ 4][t 0][2024-10-30 23:27:02.399000][transaction.cpp:2448]\tstorage paid for a message: 2 cells, 314 bits\n' +
          '[ 4][t 0][2024-10-30 23:27:02.399000][transaction.cpp:2452]\tcomputed fwd fees = 605600 + 0\n',
        vmLogs: 'xecute EQUAL\n' +
          'execute THROWIF 137\n' +
          'execute PUSHPOW2 10\n' +
          'execute EQUAL\n' +
          'execute THROWIFNOT 136\n' +
          'execute STSLICER\n' +
          'execute ENDC\n' +
          'execute ROT\n' +
          'execute STREF\n' +
          'execute ENDC\n' +
          'execute SWAP\n' +
          'execute STREF\n' +
          'execute implicit RET\n' +
          'execute ENDC\n' +
          'execute POP c4\n' +
          'execute implicit RET\n',
        debugLogs: '',
        events: [ [Object] ],
        parent: {
          address: 105818132960003171416304597453717637701794574747475969910003481004036112389684n,
          lt: 33000000n,
          prevTransactionHash: 68709792468217457555915248229064399704118270934698831512288344009121844805235n,
          prevTransactionLt: 9000000n,
          now: 1732922822,
          outMessagesCount: 1,
          oldStatus: 'active',
          endStatus: 'active',
          inMessage: [Object],
          outMessages: [Dictionary],
          totalFees: [Object],
          stateUpdate: [Object],
          description: [Object],
          raw: x{7E9F2F0D84B872955EA7531CD76AA1708C7F19E9781FF03939BD35BA547EE16340000000001F78A4097E85D485B0E2454CA89A9AD75717584979A9C63755017148DB2B452828DBE730000000000895440674A4DC60003463DA7C0}
           x{E_}
            x{8801D3E5E1B0970E52ABD4EA639AED542E118FE33D2F03FE072737A6B74A8FDC2C6802BC9BC768926A23A5756414E09C5AACC5A8B467BCFE982B187D2EAA14C93B224E_}
             x{D001}
              x{6200292EBCDAC4F8EB9DC3CA19668D2CB607CE2167A30233DDDBCAED2D106010E09C21DCD6500000000000000000000000000000E9626FBA000000000000000000000000}
               x{03DF94AA22408F0D180000001937A3FCD704_}
               x{03DF94AA23405F5E100000001937A3FCD704_}
            x{DF_}
             x{6801D3E5E1B0970E52ABD4EA639AED542E118FE33D2F03FE072737A6B74A8FDC2C690014975E6D627C75CEE1E50CB346965B03E710B3D18119EEEDE57696883008704E10EE6B2800060C0F880000000003EF1482CE949B8C74B137DD0000000000000000000000004_}
              x{03DF94AA22408F0D180000001937A3FCD704_}
              x{03DF94AA23405F5E100000001937A3FCD704_}
           x{728054154FD377AEC54355D4DE656E1CE75E636E738AAE5B09FC5AEE57FE5F9393EE764A6BC27B95E0EB9DA7EE262B196DFECD22FAC08FAE5CB9DF4C7CA993F8C5}
           x{0CC0939506185E94844_}
            x{40F223138800000000000000000C800000000000000000000000000000000000000000000000000000000000000000000000000000000000000000000000000000000000000000000000000000002_}
            x{C98485D04C0C0F70000000000002000000000002C504296F57415C9734EDB764462F44D86A64CA428E1619DED02727DDE4AC551840D022DC_},
          hash: [Function: hash],
          blockchainLogs: '[ 4][t 0][2024-10-30 23:27:02.395000][transaction.cpp:443]\tunpacking account E9F2F0D84B872955EA7531CD76AA1708C7F19E9781FF03939BD35BA547EE1634\n' +
            '[ 4][t 0][2024-10-30 23:27:02.395000][transaction.cpp:274]\tlast_paid=1730330822; cells=6 bits=821 public_cells=0\n' +
            '[ 4][t 0][2024-10-30 23:27:02.395000][transaction.cpp:504]\tend of Account.unpack() for 0:E9F2F0D84B872955EA7531CD76AA1708C7F19E9781FF03939BD35BA547EE1634 (balance = 1000000000000000ng ; last_trans_lt = 9000000..9000001)\n' +
            '[ 4][t 0][2024-10-30 23:27:02.395000][transaction.cpp:3655]\tblock random seed set to 0000000000000000000000000000000000000000000000000000000000000000\n' +
            '[ 4][t 0][2024-10-30 23:27:02.395000][transaction.cpp:788]\tstorage paid for a message: 4 cells, 842 bits\n' +
            '[ 4][t 0][2024-10-30 23:27:02.395000][transaction.cpp:802]\tcomputed fwd fees = 896800 + 0\n' +
            '[ 4][t 0][2024-10-30 23:27:02.395000][transaction.cpp:1236]\tgas limits: max=1000000, limit=0, credit=10000\n' +
            '[ 4][t 0][2024-10-30 23:27:02.395000][transaction.cpp:1575]\tin_msg_state is null\n' +
            '[ 4][t 0][2024-10-30 23:27:02.395000][transaction.cpp:1645]\tcreating VM\n' +
            '[ 4][t 0][2024-10-30 23:27:02.395000][transaction.cpp:1351]\tSmartContractInfo initialized with [ 124711402 0 0 1732922822 33000000 33000000 60210483465141978598827679003117970236339845468170532052053411751718225576024 [ 999999998952076 (null) ] CS{Cell{0275c00e9f2f0d84b872955ea7531cd76aa1708c7f19e9781ff03939bd35ba547ee163420c80cd43391606300000000002255105c0e35fa931a0001340} bits: 1..268; refs: 0..0} C{A7EC01478F770EF8F8B037CC7E42F0ABF0D85A50E1828C2394DAD1411691F2DE} C{D992502B94EA96E7B34E5D62FFB0C6FC73D78B3E61F11F0848FB3A1EB1AFC912} [ 0 (null) ] 151124 (null) [ CS{Cell{004dd06600000000000000000000000080000000000000fa00000000000001f4000000000003d09040} bits: 9..305; refs: 0..0} (null) CS{Cell{0094d1000000000000006400000000000f4240de000000002710000000000000000f42400000000002160ec0000000000000271000000000002625a00000000005f5e100000000003b9aca00} bits: 0..592; refs: 0..0} CS{Cell{0094d100000000000000640000000000009c40de000000000190000000000000000f424000000000000f4240000000000000271000000000009896800000000005f5e100000000003b9aca00} bits: 0..592; refs: 0..0} CS{Cell{0042ea000000000098968000000000271000000000000f424000000001800055555555} bits: 0..264; refs: 0..0} CS{Cell{0042ea0000000000061a800000000001900000000000009c4000000001800055555555} bits: 0..264; refs: 0..0} (null) ] 0 (null) ]\n' +
            '[ 4][t 0][2024-10-30 23:27:02.395000][transaction.cpp:1675]\tstarting VM\n' +
            '[ 4][t 0][2024-10-30 23:27:02.396000][transaction.cpp:1680]\tVM terminated with exit code 0\n' +
            '[ 3][t 0][2024-10-30 23:27:02.396000][transaction.cpp:1702]\tsteps: 50 gas: used=1937, max=1000000, limit=1000000, credit=0\n' +
            '[ 3][t 0][2024-10-30 23:27:02.396000][transaction.cpp:1704]\tout_of_gas=false, accepted=true, success=true, time=0.000115s\n' +
            '[ 4][t 0][2024-10-30 23:27:02.396000][transaction.cpp:1737]\tgas fees: 774800 = 26214400 * 1937 /2^16 ; price=26214400; flat rate=[40000 for 100]; remaining balance=999999998177276ng\n' +
            '[ 4][t 0][2024-10-30 23:27:02.396000][transaction.cpp:2448]\tstorage paid for a message: 2 cells, 282 bits\n' +
            '[ 4][t 0][2024-10-30 23:27:02.396000][transaction.cpp:2452]\tcomputed fwd fees = 592800 + 0\n',
          vmLogs: 'ULLSWAPIFNOT2\n' +
            'execute DUP\n' +
            'execute PUSHCONT x02D307D43001FB00\n' +
            'execute PUSHCONT x32\n' +
            'execute IFELSE\n' +
            'execute POP s2\n' +
            'execute implicit RET\n' +
            'execute SWAP\n' +
            'execute NOT\n' +
            'execute implicit RET\n' +
            'until loop body end\n' +
            'until loop terminated\n' +
            'execute 2DROP\n' +
            'execute implicit RET\n',
          debugLogs: '',
          events: [Array],
          parent: undefined,
          children: [Array],
          externals: []
        },
        children: [ [Object] ],
        externals: []
      },
      {
        address: 8298038735212017995993598744482915721429218553349686891340117237129977838804n,
        lt: 35000000n,
        prevTransactionHash: 5929123763169105567885854344354961630129184419759488043744759169749695953415n,
        prevTransactionLt: 22000000n,
        now: 1732922822,
        outMessagesCount: 1,
        oldStatus: 'active',
        endStatus: 'active',
        inMessage: {
          info: [Object],
          init: null,
          body: x{03DF94AA000000000000000022408F0D180000001937A3FCD7011A02FAF080000000C9BD1FE6B82_}
           x{}
        },
        outMessages: Dictionary { _key: [Object], _value: [Object], _map: [Map] },
        totalFees: { coins: 3697061n },
        stateUpdate: {
          oldHash: <Buffer c1 60 51 35 fb 04 50 a2 63 e4 a4 7a cc ed c8 e2 1a eb db 18 25 20 7c db 5f 33 f4 40 50 fb a1 11>,
          newHash: <Buffer 37 7f 38 9e 3f 42 a2 7f a0 bc e2 21 0e 5f 5f e3 d0 87 d2 a8 28 c8 ad 00 29 17 8a 47 27 f7 38 ea>
        },
        description: {
          type: 'generic',
          creditFirst: false,
          storagePhase: [Object],
          creditPhase: [Object],
          computePhase: [Object],
          actionPhase: [Object],
          bouncePhase: undefined,
          aborted: false,
          destroyed: false
        },
        raw: x{7125886032725094E79C44C1AB9642FE1CBF1BF4D77DB25C345DDBE7A8C80BCD40000000002160EC00D1BC3DF4E2AA0F6DA28859A1287B95543BD4B8A203213BA9212206DD6597A0700000000014FB180674A4DC600034670D34A}
         x{E_}
          x{6800A4BAF36B13E3AE770F28659A34B2D81F38859E8C08CF776F2BB4B441804382710004962180C9C942539E711306AE590BF872FC6FD35DF6C970D1776F9EA3202F3510EA5359EC060C523200000000040D9902CE949B8C01EFCA550000000000000000112047868C0000000C9BD1FE6B808D017D784000000064DE8FF35C1_}
           x{}
          x{DF_}
           x{680024B10C064E4A129CF388983572C85FC397E37E9AEFB64B868BBB7CF5190179A90014975E6D627C75CEE1E50CB346965B03E710B3D18119EEEDE57696883008704E10E948BFEC061479B600000000042C1D82CE949B8CC_}
            x{935FA9D10000000000000000}
             x{00000000000000000000000000000000000000000000000000000000000000220000000000000000000000000000000000000000000000000000000008F0D18001937A3FCD70}
             x{00000000000000000000000000000000000000000000000000000000000000230000000000000000000000000000000000000000000000000000000005F5E10001937A3FCD70}
         x{72C1605135FB0450A263E4A47ACCEDC8E21AEBDB1825207CDB5F33F44050FBA111377F389E3F42A27FA0BCE2210E5F5FE3D087D2A828C8AD0029178A4727F738EA}
         x{04260E383890EA5359ED866696811_}
          x{441A8C3D09000000000000000000D800000000000000000000000000000000000000000000000000000000000000000000000000000000000000000000000000000000000000000000000000000000}
          x{C987ADA04C147994000000000002000000000002D8D75743E45BD28E61CA9B42CD20A6A12C58DD4BECE9EFB869BE2AE2EA9C0B9041103C0C_},
        hash: [Function: hash],
        blockchainLogs: '[ 4][t 0][2024-10-30 23:27:02.402000][transaction.cpp:443]\tunpacking account 125886032725094E79C44C1AB9642FE1CBF1BF4D77DB25C345DDBE7A8C80BCD4\n' +
          '[ 4][t 0][2024-10-30 23:27:02.402000][transaction.cpp:274]\tlast_paid=1730330822; cells=15 bits=4281 public_cells=0\n' +
          '[ 4][t 0][2024-10-30 23:27:02.402000][transaction.cpp:504]\tend of Account.unpack() for 0:125886032725094E79C44C1AB9642FE1CBF1BF4D77DB25C345DDBE7A8C80BCD4 (balance = 0ng ; last_trans_lt = 22000000..22000002)\n' +
          '[ 4][t 0][2024-10-30 23:27:02.402000][transaction.cpp:3655]\tblock random seed set to 0000000000000000000000000000000000000000000000000000000000000000\n' +
          '[ 4][t 0][2024-10-30 23:27:02.402000][transaction.cpp:1236]\tgas limits: max=1000000, limit=1000000, credit=0\n' +
          '[ 4][t 0][2024-10-30 23:27:02.402000][transaction.cpp:1575]\tin_msg_state is null\n' +
          '[ 4][t 0][2024-10-30 23:27:02.402000][transaction.cpp:1645]\tcreating VM\n' +
          '[ 4][t 0][2024-10-30 23:27:02.402000][transaction.cpp:1351]\tSmartContractInfo initialized with [ 124711402 0 0 1732922822 35000000 35000000 82439665744655549942718375299244058949366754266342087607225540301749132006686 [ 982832763 (null) ] CS{Cell{0267c00125886032725094e79c44c1ab9642fe1cbf1bf4d77db25c345ddbe7a8c80bcd421e842e433916063000000000053ec6081340} bits: 1..268; refs: 0..0} C{A7EC01478F770EF8F8B037CC7E42F0ABF0D85A50E1828C2394DAD1411691F2DE} C{BF31B32BE5ACBAACCE8B48CCEB4C84B86023EA1F188E974030A4F420D26CF50F} [ 982832763 (null) ] 0 (null) [ CS{Cell{004dd06600000000000000000000000080000000000000fa00000000000001f4000000000003d09040} bits: 9..305; refs: 0..0} (null) CS{Cell{0094d1000000000000006400000000000f4240de000000002710000000000000000f42400000000002160ec0000000000000271000000000002625a00000000005f5e100000000003b9aca00} bits: 0..592; refs: 0..0} CS{Cell{0094d100000000000000640000000000009c40de000000000190000000000000000f424000000000000f4240000000000000271000000000009896800000000005f5e100000000003b9aca00} bits: 0..592; refs: 0..0} CS{Cell{0042ea000000000098968000000000271000000000000f424000000001800055555555} bits: 0..264; refs: 0..0} CS{Cell{0042ea0000000000061a800000000001900000000000009c4000000001800055555555} bits: 0..264; refs: 0..0} (null) ] 465948 (null) ]\n' +
          '[ 4][t 0][2024-10-30 23:27:02.402000][transaction.cpp:1675]\tstarting VM\n' +
          '[ 4][t 0][2024-10-30 23:27:02.403000][transaction.cpp:1680]\tVM terminated with exit code 0\n' +
          '[ 3][t 0][2024-10-30 23:27:02.403000][transaction.cpp:1702]\tsteps: 216 gas: used=8404, max=1000000, limit=1000000, credit=0\n' +
          '[ 3][t 0][2024-10-30 23:27:02.403000][transaction.cpp:1704]\tout_of_gas=false, accepted=true, success=true, time=0.000226s\n' +
          '[ 4][t 0][2024-10-30 23:27:02.403000][transaction.cpp:1737]\tgas fees: 3361600 = 26214400 * 8404 /2^16 ; price=26214400; flat rate=[40000 for 100]; remaining balance=979471163ng\n' +
          '[ 4][t 0][2024-10-30 23:27:02.403000][transaction.cpp:2448]\tstorage paid for a message: 3 cells, 1216 bits\n' +
          '[ 4][t 0][2024-10-30 23:27:02.403000][transaction.cpp:2452]\tcomputed fwd fees = 1006400 + 0\n',
        vmLogs: 'xecute PUSHINT -1\n' +
          'execute implicit RET\n' +
          'execute THROWIFNOT 130\n' +
          'execute NEWC\n' +
          'execute GETGLOB 3\n' +
          'execute SWAP\n' +
          'execute STREF\n' +
          'execute PUSHINT -1\n' +
          'execute SWAP\n' +
          'execute STI 1\n' +
          'execute SWAP\n' +
          'execute SWAP\n' +
          'execute STU 32\n' +
          'execute ENDC\n' +
          'execute POP c4\n' +
          'execute implicit RET\n',
        debugLogs: '',
        events: [ [Object] ],
        parent: {
          address: 37254810366437813475271750514734067285117962570475561289538093995582013161784n,
          lt: 34000000n,
          prevTransactionHash: 77570709222620052859393796807014890544201365168441799193445855274702824918781n,
          prevTransactionLt: 25000000n,
          now: 1732922822,
          outMessagesCount: 1,
          oldStatus: 'active',
          endStatus: 'active',
          inMessage: [Object],
          outMessages: [Dictionary],
          totalFees: [Object],
          stateUpdate: [Object],
          description: [Object],
          raw: x{7525D79B589F1D73B879432CD1A596C0F9C42CF460467BBB795DA5A20C021C138000000000206CC80AB7F772D9E05EB9665BB331CFB31F4A4427921BD85014C020C37B16785B5CEFD00000000017D7840674A4DC6000347FF94D8}
           x{E_}
            x{6801D3E5E1B0970E52ABD4EA639AED542E118FE33D2F03FE072737A6B74A8FDC2C690014975E6D627C75CEE1E50CB346965B03E710B3D18119EEEDE57696883008704E10EE6B2800060C0F880000000003EF1482CE949B8C74B137DD0000000000000000000000004_}
             x{03DF94AA22408F0D180000001937A3FCD704_}
             x{03DF94AA23405F5E100000001937A3FCD704_}
            x{DF_}
             x{6800A4BAF36B13E3AE770F28659A34B2D81F38859E8C08CF776F2BB4B441804382710004962180C9C942539E711306AE590BF872FC6FD35DF6C970D1776F9EA3202F3510EA5359EC060C523200000000040D9902CE949B8CC_}
              x{03DF94AA000000000000000022408F0D180000001937A3FCD7011A02FAF080000000C9BD1FE6B82_}
               x{}
           x{72FDE666B486410EBA87C7F5C8584BD29842A357CD7432B4921A994A4C8400A3EE027C9478A5CDAC6F85C0DEADF8467642A8D885AF31E03A1F636067022C088B1E}
           x{04DDDA39490EE6B2801870A9A011_}
            x{4AAA0C3D090000000000000000025500000000000000000000000000000000000000000000000000000000000000000000000000000000000000000000000000000000000000000000000000000000}
            x{C9849ED04C0C521C000000000004000200000003C1169DCE056047C66E96B02495BC2B91B339186C42AB1A6C8385C7644B667E8640D01FDC_},
          hash: [Function: hash],
          blockchainLogs: '[ 4][t 0][2024-10-30 23:27:02.398000][transaction.cpp:443]\tunpacking account 525D79B589F1D73B879432CD1A596C0F9C42CF460467BBB795DA5A20C021C138\n' +
            '[ 4][t 0][2024-10-30 23:27:02.398000][transaction.cpp:274]\tlast_paid=1730330822; cells=229 bits=83363 public_cells=0\n' +
            '[ 4][t 0][2024-10-30 23:27:02.398000][transaction.cpp:504]\tend of Account.unpack() for 0:525D79B589F1D73B879432CD1A596C0F9C42CF460467BBB795DA5A20C021C138 (balance = 2100000000ng ; last_trans_lt = 25000000..25000006)\n' +
            '[ 4][t 0][2024-10-30 23:27:02.398000][transaction.cpp:3655]\tblock random seed set to 0000000000000000000000000000000000000000000000000000000000000000\n' +
            '[ 4][t 0][2024-10-30 23:27:02.398000][transaction.cpp:1236]\tgas limits: max=1000000, limit=1000000, credit=0\n' +
            '[ 4][t 0][2024-10-30 23:27:02.398000][transaction.cpp:1575]\tin_msg_state is null\n' +
            '[ 4][t 0][2024-10-30 23:27:02.398000][transaction.cpp:1645]\tcreating VM\n' +
            '[ 4][t 0][2024-10-30 23:27:02.398000][transaction.cpp:1351]\tSmartContractInfo initialized with [ 124711402 0 0 1732922822 34000000 34000000 14068792954309835536948273256715513127174070948738620016199408580766834334284 [ 3092174363 (null) ] CS{Cell{0271c00525d79b589f1d73b879432cd1a596c0f9c42cf460467bbb795da5a20c021c1383cac05168c3391606300000000005f5e1191f4add401340} bits: 1..268; refs: 0..0} C{A7EC01478F770EF8F8B037CC7E42F0ABF0D85A50E1828C2394DAD1411691F2DE} C{42B6F0E46484EFC57B9508F6BA7EF42E7512023D5CB4ED5628DD1C7755D16E9D} [ 1000000000 (null) ] 7825637 (null) [ CS{Cell{004dd06600000000000000000000000080000000000000fa00000000000001f4000000000003d09040} bits: 9..305; refs: 0..0} (null) CS{Cell{0094d1000000000000006400000000000f4240de000000002710000000000000000f42400000000002160ec0000000000000271000000000002625a00000000005f5e100000000003b9aca00} bits: 0..592; refs: 0..0} CS{Cell{0094d100000000000000640000000000009c40de000000000190000000000000000f424000000000000f4240000000000000271000000000009896800000000005f5e100000000003b9aca00} bits: 0..592; refs: 0..0} CS{Cell{0042ea000000000098968000000000271000000000000f424000000001800055555555} bits: 0..264; refs: 0..0} CS{Cell{0042ea0000000000061a800000000001900000000000009c4000000001800055555555} bits: 0..264; refs: 0..0} (null) ] 0 (null) ]\n' +
            '[ 4][t 0][2024-10-30 23:27:02.398000][transaction.cpp:1675]\tstarting VM\n' +
            '[ 4][t 0][2024-10-30 23:27:02.399000][transaction.cpp:1680]\tVM terminated with exit code 0\n' +
            '[ 3][t 0][2024-10-30 23:27:02.399000][transaction.cpp:1702]\tsteps: 597 gas: used=21840, max=1000000, limit=1000000, credit=0\n' +
            '[ 3][t 0][2024-10-30 23:27:02.399000][transaction.cpp:1704]\tout_of_gas=false, accepted=true, success=true, time=0.000763s\n' +
            '[ 4][t 0][2024-10-30 23:27:02.399000][transaction.cpp:1737]\tgas fees: 8736000 = 26214400 * 21840 /2^16 ; price=26214400; flat rate=[40000 for 100]; remaining balance=3083438363ng\n' +
            '[ 3][t 0][2024-10-30 23:27:02.399000][transaction.cpp:2678]\tin try_action_reserve_currency(0)\n' +
            '[ 4][t 0][2024-10-30 23:27:02.399000][transaction.cpp:2684]\taction_reserve_currency: mode=0, reserve=2100000000ng, balance=3083438363ng, original balance=2092174363ng\n' +
            '[ 3][t 0][2024-10-30 23:27:02.399000][transaction.cpp:2729]\tchanged remaining balance to 983438363ng, reserved balance to 2100000000ng\n' +
            '[ 4][t 0][2024-10-30 23:27:02.399000][transaction.cpp:2448]\tstorage paid for a message: 2 cells, 314 bits\n' +
            '[ 4][t 0][2024-10-30 23:27:02.399000][transaction.cpp:2452]\tcomputed fwd fees = 605600 + 0\n',
          vmLogs: 'xecute EQUAL\n' +
            'execute THROWIF 137\n' +
            'execute PUSHPOW2 10\n' +
            'execute EQUAL\n' +
            'execute THROWIFNOT 136\n' +
            'execute STSLICER\n' +
            'execute ENDC\n' +
            'execute ROT\n' +
            'execute STREF\n' +
            'execute ENDC\n' +
            'execute SWAP\n' +
            'execute STREF\n' +
            'execute implicit RET\n' +
            'execute ENDC\n' +
            'execute POP c4\n' +
            'execute implicit RET\n',
          debugLogs: '',
          events: [Array],
          parent: [Object],
          children: [Array],
          externals: []
        },
        children: [ [Object] ],
        externals: []
      },
      {
        address: 37254810366437813475271750514734067285117962570475561289538093995582013161784n,
        lt: 36000000n,
        prevTransactionHash: 49292260069062045800584352100351349716685336535979823800690077608397720570185n,
        prevTransactionLt: 34000000n,
        now: 1732922822,
        outMessagesCount: 1,
        oldStatus: 'active',
        endStatus: 'active',
        inMessage: {
          info: [Object],
          init: null,
          body: x{935FA9D10000000000000000}
           x{00000000000000000000000000000000000000000000000000000000000000220000000000000000000000000000000000000000000000000000000008F0D18001937A3FCD70}
           x{00000000000000000000000000000000000000000000000000000000000000230000000000000000000000000000000000000000000000000000000005F5E10001937A3FCD70}
        },
        outMessages: Dictionary { _key: [Object], _value: [Object], _map: [Map] },
        totalFees: { coins: 12012664n },
        stateUpdate: {
          oldHash: <Buffer 02 7c 94 78 a5 cd ac 6f 85 c0 de ad f8 46 76 42 a8 d8 85 af 31 e0 3a 1f 63 60 67 02 2c 08 8b 1e>,
          newHash: <Buffer 93 bb 12 54 a6 23 08 34 13 64 45 00 32 4f 57 0e 08 31 2f be f6 04 8a 58 f1 1d 2c ca a7 92 e0 20>
        },
        description: {
          type: 'generic',
          creditFirst: false,
          storagePhase: [Object],
          creditPhase: [Object],
          computePhase: [Object],
          actionPhase: [Object],
          bouncePhase: undefined,
          aborted: false,
          destroyed: false
        },
        raw: x{7525D79B589F1D73B879432CD1A596C0F9C42CF460467BBB795DA5A20C021C13800000000022551006CFA6E364B63A4B4CE941DAFCCBFACF9C1400F956A89416F8702DD55A040C949000000000206CC80674A4DC60003476E98F0}
         x{E_}
          x{680024B10C064E4A129CF388983572C85FC397E37E9AEFB64B868BBB7CF5190179A90014975E6D627C75CEE1E50CB346965B03E710B3D18119EEEDE57696883008704E10E948BFEC061479B600000000042C1D82CE949B8C49AFD4E880000000000000004_}
           x{00000000000000000000000000000000000000000000000000000000000000220000000000000000000000000000000000000000000000000000000008F0D18001937A3FCD70}
           x{00000000000000000000000000000000000000000000000000000000000000230000000000000000000000000000000000000000000000000000000005F5E10001937A3FCD70}
          x{DF_}
           x{6800A4BAF36B13E3AE770F28659A34B2D81F38859E8C08CF776F2BB4B44180438271002E74930F029149EC08380972A5584C717AD4204A4455F097F5E5877CB40E86DA90E65816AC0609BBB000000000044AA202CE949B8CC_}
            x{E601F8E50000000000000000}
         x{72027C9478A5CDAC6F85C0DEADF8467642A8D885AF31E03A1F636067022C088B1E93BB1254A623083413644500324F570E08312FBEF6048A58F11D2CCAA792E020}
         x{04090E948BFED8769BB211_}
          x{4E782C3D090000000000000000031700000000000000000000000000000000000000000000000000000000000000000000000000000000000000000000000000000000000000000000000000000000}
          x{C983A6604C09BBA000000000000400020000000388D0C29501CA01261A550F77F5936E7DB7CACEE37FC601F787453CB248E780324090190C_},
        hash: [Function: hash],
        blockchainLogs: '[ 4][t 0][2024-10-30 23:27:02.405000][transaction.cpp:443]\tunpacking account 525D79B589F1D73B879432CD1A596C0F9C42CF460467BBB795DA5A20C021C138\n' +
          '[ 4][t 0][2024-10-30 23:27:02.405000][transaction.cpp:274]\tlast_paid=1732922822; cells=232 bits=83682 public_cells=0\n' +
          '[ 4][t 0][2024-10-30 23:27:02.405000][transaction.cpp:504]\tend of Account.unpack() for 0:525D79B589F1D73B879432CD1A596C0F9C42CF460467BBB795DA5A20C021C138 (balance = 2100000000ng ; last_trans_lt = 34000000..34000002)\n' +
          '[ 4][t 0][2024-10-30 23:27:02.405000][transaction.cpp:3655]\tblock random seed set to 0000000000000000000000000000000000000000000000000000000000000000\n' +
          '[ 4][t 0][2024-10-30 23:27:02.405000][transaction.cpp:1236]\tgas limits: max=1000000, limit=1000000, credit=0\n' +
          '[ 4][t 0][2024-10-30 23:27:02.405000][transaction.cpp:1575]\tin_msg_state is null\n' +
          '[ 4][t 0][2024-10-30 23:27:02.405000][transaction.cpp:1645]\tcreating VM\n' +
          '[ 4][t 0][2024-10-30 23:27:02.405000][transaction.cpp:1351]\tSmartContractInfo initialized with [ 124711402 0 0 1732922822 36000000 36000000 14068792954309835536948273256715513127174070948738620016199408580766834334284 [ 3078464763 (null) ] CS{Cell{0271c00525d79b589f1d73b879432cd1a596c0f9c42cf460467bbb795da5a20c021c1383d0c051b8833a526e3000000000081b32091f4add401340} bits: 1..268; refs: 0..0} C{A7EC01478F770EF8F8B037CC7E42F0ABF0D85A50E1828C2394DAD1411691F2DE} C{42B6F0E46484EFC57B9508F6BA7EF42E7512023D5CB4ED5628DD1C7755D16E9D} [ 978464763 (null) ] 0 (null) [ CS{Cell{004dd06600000000000000000000000080000000000000fa00000000000001f4000000000003d09040} bits: 9..305; refs: 0..0} (null) CS{Cell{0094d1000000000000006400000000000f4240de000000002710000000000000000f42400000000002160ec0000000000000271000000000002625a00000000005f5e100000000003b9aca00} bits: 0..592; refs: 0..0} CS{Cell{0094d100000000000000640000000000009c40de000000000190000000000000000f424000000000000f4240000000000000271000000000009896800000000005f5e100000000003b9aca00} bits: 0..592; refs: 0..0} CS{Cell{0042ea000000000098968000000000271000000000000f424000000001800055555555} bits: 0..264; refs: 0..0} CS{Cell{0042ea0000000000061a800000000001900000000000009c4000000001800055555555} bits: 0..264; refs: 0..0} (null) ] 0 (null) ]\n' +
          '[ 4][t 0][2024-10-30 23:27:02.405000][transaction.cpp:1675]\tstarting VM\n' +
          '[ 4][t 0][2024-10-30 23:27:02.406000][transaction.cpp:1680]\tVM terminated with exit code 0\n' +
          '[ 3][t 0][2024-10-30 23:27:02.406000][transaction.cpp:1702]\tsteps: 791 gas: used=29633, max=1000000, limit=1000000, credit=0\n' +
          '[ 3][t 0][2024-10-30 23:27:02.406000][transaction.cpp:1704]\tout_of_gas=false, accepted=true, success=true, time=0.000991s\n' +
          '[ 4][t 0][2024-10-30 23:27:02.406000][transaction.cpp:1737]\tgas fees: 11853200 = 26214400 * 29633 /2^16 ; price=26214400; flat rate=[40000 for 100]; remaining balance=3066611563ng\n' +
          '[ 3][t 0][2024-10-30 23:27:02.406000][transaction.cpp:2678]\tin try_action_reserve_currency(0)\n' +
          '[ 4][t 0][2024-10-30 23:27:02.406000][transaction.cpp:2684]\taction_reserve_currency: mode=0, reserve=2100000000ng, balance=3066611563ng, original balance=2100000000ng\n' +
          '[ 3][t 0][2024-10-30 23:27:02.407000][transaction.cpp:2729]\tchanged remaining balance to 966611563ng, reserved balance to 2100000000ng\n' +
          '[ 4][t 0][2024-10-30 23:27:02.407000][transaction.cpp:2448]\tstorage paid for a message: 1 cells, 96 bits\n' +
          '[ 4][t 0][2024-10-30 23:27:02.407000][transaction.cpp:2452]\tcomputed fwd fees = 478400 + 0\n',
        vmLogs: 'xecute EQUAL\n' +
          'execute THROWIF 137\n' +
          'execute PUSHPOW2 10\n' +
          'execute EQUAL\n' +
          'execute THROWIFNOT 136\n' +
          'execute STSLICER\n' +
          'execute ENDC\n' +
          'execute ROT\n' +
          'execute STREF\n' +
          'execute ENDC\n' +
          'execute SWAP\n' +
          'execute STREF\n' +
          'execute implicit RET\n' +
          'execute ENDC\n' +
          'execute POP c4\n' +
          'execute implicit RET\n',
        debugLogs: '',
        events: [ [Object] ],
        parent: {
          address: 8298038735212017995993598744482915721429218553349686891340117237129977838804n,
          lt: 35000000n,
          prevTransactionHash: 5929123763169105567885854344354961630129184419759488043744759169749695953415n,
          prevTransactionLt: 22000000n,
          now: 1732922822,
          outMessagesCount: 1,
          oldStatus: 'active',
          endStatus: 'active',
          inMessage: [Object],
          outMessages: [Dictionary],
          totalFees: [Object],
          stateUpdate: [Object],
          description: [Object],
          raw: x{7125886032725094E79C44C1AB9642FE1CBF1BF4D77DB25C345DDBE7A8C80BCD40000000002160EC00D1BC3DF4E2AA0F6DA28859A1287B95543BD4B8A203213BA9212206DD6597A0700000000014FB180674A4DC600034670D34A}
           x{E_}
            x{6800A4BAF36B13E3AE770F28659A34B2D81F38859E8C08CF776F2BB4B441804382710004962180C9C942539E711306AE590BF872FC6FD35DF6C970D1776F9EA3202F3510EA5359EC060C523200000000040D9902CE949B8C01EFCA550000000000000000112047868C0000000C9BD1FE6B808D017D784000000064DE8FF35C1_}
             x{}
            x{DF_}
             x{680024B10C064E4A129CF388983572C85FC397E37E9AEFB64B868BBB7CF5190179A90014975E6D627C75CEE1E50CB346965B03E710B3D18119EEEDE57696883008704E10E948BFEC061479B600000000042C1D82CE949B8CC_}
              x{935FA9D10000000000000000}
               x{00000000000000000000000000000000000000000000000000000000000000220000000000000000000000000000000000000000000000000000000008F0D18001937A3FCD70}
               x{00000000000000000000000000000000000000000000000000000000000000230000000000000000000000000000000000000000000000000000000005F5E10001937A3FCD70}
           x{72C1605135FB0450A263E4A47ACCEDC8E21AEBDB1825207CDB5F33F44050FBA111377F389E3F42A27FA0BCE2210E5F5FE3D087D2A828C8AD0029178A4727F738EA}
           x{04260E383890EA5359ED866696811_}
            x{441A8C3D09000000000000000000D800000000000000000000000000000000000000000000000000000000000000000000000000000000000000000000000000000000000000000000000000000000}
            x{C987ADA04C147994000000000002000000000002D8D75743E45BD28E61CA9B42CD20A6A12C58DD4BECE9EFB869BE2AE2EA9C0B9041103C0C_},
          hash: [Function: hash],
          blockchainLogs: '[ 4][t 0][2024-10-30 23:27:02.402000][transaction.cpp:443]\tunpacking account 125886032725094E79C44C1AB9642FE1CBF1BF4D77DB25C345DDBE7A8C80BCD4\n' +
            '[ 4][t 0][2024-10-30 23:27:02.402000][transaction.cpp:274]\tlast_paid=1730330822; cells=15 bits=4281 public_cells=0\n' +
            '[ 4][t 0][2024-10-30 23:27:02.402000][transaction.cpp:504]\tend of Account.unpack() for 0:125886032725094E79C44C1AB9642FE1CBF1BF4D77DB25C345DDBE7A8C80BCD4 (balance = 0ng ; last_trans_lt = 22000000..22000002)\n' +
            '[ 4][t 0][2024-10-30 23:27:02.402000][transaction.cpp:3655]\tblock random seed set to 0000000000000000000000000000000000000000000000000000000000000000\n' +
            '[ 4][t 0][2024-10-30 23:27:02.402000][transaction.cpp:1236]\tgas limits: max=1000000, limit=1000000, credit=0\n' +
            '[ 4][t 0][2024-10-30 23:27:02.402000][transaction.cpp:1575]\tin_msg_state is null\n' +
            '[ 4][t 0][2024-10-30 23:27:02.402000][transaction.cpp:1645]\tcreating VM\n' +
            '[ 4][t 0][2024-10-30 23:27:02.402000][transaction.cpp:1351]\tSmartContractInfo initialized with [ 124711402 0 0 1732922822 35000000 35000000 82439665744655549942718375299244058949366754266342087607225540301749132006686 [ 982832763 (null) ] CS{Cell{0267c00125886032725094e79c44c1ab9642fe1cbf1bf4d77db25c345ddbe7a8c80bcd421e842e433916063000000000053ec6081340} bits: 1..268; refs: 0..0} C{A7EC01478F770EF8F8B037CC7E42F0ABF0D85A50E1828C2394DAD1411691F2DE} C{BF31B32BE5ACBAACCE8B48CCEB4C84B86023EA1F188E974030A4F420D26CF50F} [ 982832763 (null) ] 0 (null) [ CS{Cell{004dd06600000000000000000000000080000000000000fa00000000000001f4000000000003d09040} bits: 9..305; refs: 0..0} (null) CS{Cell{0094d1000000000000006400000000000f4240de000000002710000000000000000f42400000000002160ec0000000000000271000000000002625a00000000005f5e100000000003b9aca00} bits: 0..592; refs: 0..0} CS{Cell{0094d100000000000000640000000000009c40de000000000190000000000000000f424000000000000f4240000000000000271000000000009896800000000005f5e100000000003b9aca00} bits: 0..592; refs: 0..0} CS{Cell{0042ea000000000098968000000000271000000000000f424000000001800055555555} bits: 0..264; refs: 0..0} CS{Cell{0042ea0000000000061a800000000001900000000000009c4000000001800055555555} bits: 0..264; refs: 0..0} (null) ] 465948 (null) ]\n' +
            '[ 4][t 0][2024-10-30 23:27:02.402000][transaction.cpp:1675]\tstarting VM\n' +
            '[ 4][t 0][2024-10-30 23:27:02.403000][transaction.cpp:1680]\tVM terminated with exit code 0\n' +
            '[ 3][t 0][2024-10-30 23:27:02.403000][transaction.cpp:1702]\tsteps: 216 gas: used=8404, max=1000000, limit=1000000, credit=0\n' +
            '[ 3][t 0][2024-10-30 23:27:02.403000][transaction.cpp:1704]\tout_of_gas=false, accepted=true, success=true, time=0.000226s\n' +
            '[ 4][t 0][2024-10-30 23:27:02.403000][transaction.cpp:1737]\tgas fees: 3361600 = 26214400 * 8404 /2^16 ; price=26214400; flat rate=[40000 for 100]; remaining balance=979471163ng\n' +
            '[ 4][t 0][2024-10-30 23:27:02.403000][transaction.cpp:2448]\tstorage paid for a message: 3 cells, 1216 bits\n' +
            '[ 4][t 0][2024-10-30 23:27:02.403000][transaction.cpp:2452]\tcomputed fwd fees = 1006400 + 0\n',
          vmLogs: 'xecute PUSHINT -1\n' +
            'execute implicit RET\n' +
            'execute THROWIFNOT 130\n' +
            'execute NEWC\n' +
            'execute GETGLOB 3\n' +
            'execute SWAP\n' +
            'execute STREF\n' +
            'execute PUSHINT -1\n' +
            'execute SWAP\n' +
            'execute STI 1\n' +
            'execute SWAP\n' +
            'execute SWAP\n' +
            'execute STU 32\n' +
            'execute ENDC\n' +
            'execute POP c4\n' +
            'execute implicit RET\n',
          debugLogs: '',
          events: [Array],
          parent: [Object],
          children: [Array],
          externals: []
        },
        children: [ [Object] ],
        externals: []
      },
      {
        address: 84049441022908470316622795825605090351520748406577698494615284512509455375210n,
        lt: 37000000n,
        prevTransactionHash: 22127497418521792954611512021763197640754314527400255781666182445651202411013n,
        prevTransactionLt: 29000000n,
        now: 1732922822,
        outMessagesCount: 1,
        oldStatus: 'active',
        endStatus: 'active',
        inMessage: { info: [Object], init: null, body: x{E601F8E50000000000000000} },
        outMessages: Dictionary { _key: [Object], _value: [Object], _map: [Map] },
        totalFees: { coins: 4689161n },
        stateUpdate: {
          oldHash: <Buffer 31 24 5b ea 5b 8d 76 42 44 ea af 78 95 85 c4 05 4b 67 04 86 8d e9 83 06 49 0f 25 94 e5 c5 9f 1d>,
          newHash: <Buffer cc 46 95 b8 5d fe 0f f8 84 fd 6f 3a 1f e0 b0 20 64 a7 85 f9 cc 18 93 f7 ca 9b 3b 48 80 bb d5 04>
        },
        description: {
          type: 'generic',
          creditFirst: false,
          storagePhase: [Object],
          creditPhase: [Object],
          computePhase: [Object],
          actionPhase: [Object],
          bouncePhase: undefined,
          aborted: false,
          destroyed: false
        },
        raw: x{7B9D24C3C0A4527B020E025CA956131C5EB5081291157C25FD7961DF2D03A1B6A000000000234934030EBB83F3DB2E11F1FCD5E78DE36080284F09B20E48D6AE93217A1DFAE040A050000000001BA8140674A4DC60003468F1A12}
         x{E_}
          x{6800A4BAF36B13E3AE770F28659A34B2D81F38859E8C08CF776F2BB4B44180438271002E74930F029149EC08380972A5584C717AD4204A4455F097F5E5877CB40E86DA90E65816AC0609BBB000000000044AA202CE949B8C7300FC7280000000000000004_}
          x{DF_}
           x{680173A49878148A4F6041C04B952AC2638BD6A1025222AF84BFAF2C3BE5A07436D50014975E6D627C75CEE1E50CB346965B03E710B3D18119EEEDE57696883008704E10E51839CC0610D45E0000000004692682CE949B8CC_}
            x{B687AB17000000000000000000000000}
             x{02202FAF080202FAF08021DCD65001CC4B4021DCD6500339160633397F7E33391606333A526E300000000800000004_}
              x{801028CD38D6A9FB165BB1D27554DCBBC8B7A064E07EF4C3832956828113614F545_}
         x{7231245BEA5B8D764244EAAF789585C4054B6704868DE98306490F2594E5C59F1DCC4695B85DFE0FF884FD6F3A1FE0B02064A785F9CC1893F7CA9B3B4880BBD504}
         x{04C32FDA090E65816AD866D31211_}
          x{445E2C3D09000000000000000000FE00000000000000000000000000000000000000000000000000000000000000000000000000000000000000000000000000000000000000000000000000000000}
          x{C9864FA04C10D444000000000004000200000002CD42CFF2A1F7F6E730B494FE8BB185670ACF6ABF5F797C0DF80118BD1C2E75A641102E0C_},
        hash: [Function: hash],
        blockchainLogs: '[ 4][t 0][2024-10-30 23:27:02.409000][transaction.cpp:443]\tunpacking account B9D24C3C0A4527B020E025CA956131C5EB5081291157C25FD7961DF2D03A1B6A\n' +
          '[ 4][t 0][2024-10-30 23:27:02.409000][transaction.cpp:274]\tlast_paid=1730330822; cells=28 bits=7123 public_cells=0\n' +
          '[ 4][t 0][2024-10-30 23:27:02.409000][transaction.cpp:504]\tend of Account.unpack() for 0:B9D24C3C0A4527B020E025CA956131C5EB5081291157C25FD7961DF2D03A1B6A (balance = 10000000ng ; last_trans_lt = 29000000..29000002)\n' +
          '[ 4][t 0][2024-10-30 23:27:02.409000][transaction.cpp:3655]\tblock random seed set to 0000000000000000000000000000000000000000000000000000000000000000\n' +
          '[ 4][t 0][2024-10-30 23:27:02.409000][transaction.cpp:1236]\tgas limits: max=1000000, limit=1000000, credit=0\n' +
          '[ 4][t 0][2024-10-30 23:27:02.409000][transaction.cpp:1575]\tin_msg_state is null\n' +
          '[ 4][t 0][2024-10-30 23:27:02.409000][transaction.cpp:1645]\tcreating VM\n' +
          '[ 4][t 0][2024-10-30 23:27:02.409000][transaction.cpp:1351]\tSmartContractInfo initialized with [ 124711402 0 0 1732922822 37000000 37000000 84630195367514639409622924175749312199831056191303332875639359062248049886761 [ 975297731 (null) ] CS{Cell{026dc00b9d24c3c0a4527b020e025ca956131c5eb5081291157c25fd7961df2d03a1b6a23886f4c3391606300000000006ea0508e625a01340} bits: 1..268; refs: 0..0} C{A7EC01478F770EF8F8B037CC7E42F0ABF0D85A50E1828C2394DAD1411691F2DE} C{F2179DCD5CFD8A1E113288591FFB7A5E10E107D0D2C36DF69E40398023DAA7B1} [ 966133163 (null) ] 835432 (null) [ CS{Cell{004dd06600000000000000000000000080000000000000fa00000000000001f4000000000003d09040} bits: 9..305; refs: 0..0} (null) CS{Cell{0094d1000000000000006400000000000f4240de000000002710000000000000000f42400000000002160ec0000000000000271000000000002625a00000000005f5e100000000003b9aca00} bits: 0..592; refs: 0..0} CS{Cell{0094d100000000000000640000000000009c40de000000000190000000000000000f424000000000000f4240000000000000271000000000009896800000000005f5e100000000003b9aca00} bits: 0..592; refs: 0..0} CS{Cell{0042ea000000000098968000000000271000000000000f424000000001800055555555} bits: 0..264; refs: 0..0} CS{Cell{0042ea0000000000061a800000000001900000000000009c4000000001800055555555} bits: 0..264; refs: 0..0} (null) ] 0 (null) ]\n' +
          '[ 4][t 0][2024-10-30 23:27:02.409000][transaction.cpp:1675]\tstarting VM\n' +
          '[ 4][t 0][2024-10-30 23:27:02.410000][transaction.cpp:1680]\tVM terminated with exit code 0\n' +
          '[ 3][t 0][2024-10-30 23:27:02.410000][transaction.cpp:1702]\tsteps: 254 gas: used=8945, max=1000000, limit=1000000, credit=0\n' +
          '[ 3][t 0][2024-10-30 23:27:02.410000][transaction.cpp:1704]\tout_of_gas=false, accepted=true, success=true, time=0.000270s\n' +
          '[ 4][t 0][2024-10-30 23:27:02.410000][transaction.cpp:1737]\tgas fees: 3578000 = 26214400 * 8945 /2^16 ; price=26214400; flat rate=[40000 for 100]; remaining balance=971719731ng\n' +
          '[ 3][t 0][2024-10-30 23:27:02.410000][transaction.cpp:2678]\tin try_action_reserve_currency(0)\n' +
          '[ 4][t 0][2024-10-30 23:27:02.410000][transaction.cpp:2684]\taction_reserve_currency: mode=0, reserve=10000000ng, balance=971719731ng, original balance=9164568ng\n' +
          '[ 3][t 0][2024-10-30 23:27:02.410000][transaction.cpp:2729]\tchanged remaining balance to 961719731ng, reserved balance to 10000000ng\n' +
          '[ 4][t 0][2024-10-30 23:27:02.410000][transaction.cpp:2448]\tstorage paid for a message: 3 cells, 768 bits\n' +
          '[ 4][t 0][2024-10-30 23:27:02.410000][transaction.cpp:2452]\tcomputed fwd fees = 827200 + 0\n',
        vmLogs: 'ecute STSLICER\n' +
          'execute OVER\n' +
          'execute ISNULL\n' +
          'execute NOT\n' +
          'execute PUSHCONT x7F01CA00CC\n' +
          'execute PUSHCONT x7032CA00\n' +
          'execute IFELSE\n' +
          'execute PUSHINT -1\n' +
          'execute SWAP\n' +
          'execute STI 1\n' +
          'execute STREF\n' +
          'execute implicit RET\n' +
          'execute ENDC\n' +
          'execute POP c4\n' +
          'execute implicit RET\n',
        debugLogs: '',
        events: [ [Object] ],
        parent: {
          address: 37254810366437813475271750514734067285117962570475561289538093995582013161784n,
          lt: 36000000n,
          prevTransactionHash: 49292260069062045800584352100351349716685336535979823800690077608397720570185n,
          prevTransactionLt: 34000000n,
          now: 1732922822,
          outMessagesCount: 1,
          oldStatus: 'active',
          endStatus: 'active',
          inMessage: [Object],
          outMessages: [Dictionary],
          totalFees: [Object],
          stateUpdate: [Object],
          description: [Object],
          raw: x{7525D79B589F1D73B879432CD1A596C0F9C42CF460467BBB795DA5A20C021C13800000000022551006CFA6E364B63A4B4CE941DAFCCBFACF9C1400F956A89416F8702DD55A040C949000000000206CC80674A4DC60003476E98F0}
           x{E_}
            x{680024B10C064E4A129CF388983572C85FC397E37E9AEFB64B868BBB7CF5190179A90014975E6D627C75CEE1E50CB346965B03E710B3D18119EEEDE57696883008704E10E948BFEC061479B600000000042C1D82CE949B8C49AFD4E880000000000000004_}
             x{00000000000000000000000000000000000000000000000000000000000000220000000000000000000000000000000000000000000000000000000008F0D18001937A3FCD70}
             x{00000000000000000000000000000000000000000000000000000000000000230000000000000000000000000000000000000000000000000000000005F5E10001937A3FCD70}
            x{DF_}
             x{6800A4BAF36B13E3AE770F28659A34B2D81F38859E8C08CF776F2BB4B44180438271002E74930F029149EC08380972A5584C717AD4204A4455F097F5E5877CB40E86DA90E65816AC0609BBB000000000044AA202CE949B8CC_}
              x{E601F8E50000000000000000}
           x{72027C9478A5CDAC6F85C0DEADF8467642A8D885AF31E03A1F636067022C088B1E93BB1254A623083413644500324F570E08312FBEF6048A58F11D2CCAA792E020}
           x{04090E948BFED8769BB211_}
            x{4E782C3D090000000000000000031700000000000000000000000000000000000000000000000000000000000000000000000000000000000000000000000000000000000000000000000000000000}
            x{C983A6604C09BBA000000000000400020000000388D0C29501CA01261A550F77F5936E7DB7CACEE37FC601F787453CB248E780324090190C_},
          hash: [Function: hash],
          blockchainLogs: '[ 4][t 0][2024-10-30 23:27:02.405000][transaction.cpp:443]\tunpacking account 525D79B589F1D73B879432CD1A596C0F9C42CF460467BBB795DA5A20C021C138\n' +
            '[ 4][t 0][2024-10-30 23:27:02.405000][transaction.cpp:274]\tlast_paid=1732922822; cells=232 bits=83682 public_cells=0\n' +
            '[ 4][t 0][2024-10-30 23:27:02.405000][transaction.cpp:504]\tend of Account.unpack() for 0:525D79B589F1D73B879432CD1A596C0F9C42CF460467BBB795DA5A20C021C138 (balance = 2100000000ng ; last_trans_lt = 34000000..34000002)\n' +
            '[ 4][t 0][2024-10-30 23:27:02.405000][transaction.cpp:3655]\tblock random seed set to 0000000000000000000000000000000000000000000000000000000000000000\n' +
            '[ 4][t 0][2024-10-30 23:27:02.405000][transaction.cpp:1236]\tgas limits: max=1000000, limit=1000000, credit=0\n' +
            '[ 4][t 0][2024-10-30 23:27:02.405000][transaction.cpp:1575]\tin_msg_state is null\n' +
            '[ 4][t 0][2024-10-30 23:27:02.405000][transaction.cpp:1645]\tcreating VM\n' +
            '[ 4][t 0][2024-10-30 23:27:02.405000][transaction.cpp:1351]\tSmartContractInfo initialized with [ 124711402 0 0 1732922822 36000000 36000000 14068792954309835536948273256715513127174070948738620016199408580766834334284 [ 3078464763 (null) ] CS{Cell{0271c00525d79b589f1d73b879432cd1a596c0f9c42cf460467bbb795da5a20c021c1383d0c051b8833a526e3000000000081b32091f4add401340} bits: 1..268; refs: 0..0} C{A7EC01478F770EF8F8B037CC7E42F0ABF0D85A50E1828C2394DAD1411691F2DE} C{42B6F0E46484EFC57B9508F6BA7EF42E7512023D5CB4ED5628DD1C7755D16E9D} [ 978464763 (null) ] 0 (null) [ CS{Cell{004dd06600000000000000000000000080000000000000fa00000000000001f4000000000003d09040} bits: 9..305; refs: 0..0} (null) CS{Cell{0094d1000000000000006400000000000f4240de000000002710000000000000000f42400000000002160ec0000000000000271000000000002625a00000000005f5e100000000003b9aca00} bits: 0..592; refs: 0..0} CS{Cell{0094d100000000000000640000000000009c40de000000000190000000000000000f424000000000000f4240000000000000271000000000009896800000000005f5e100000000003b9aca00} bits: 0..592; refs: 0..0} CS{Cell{0042ea000000000098968000000000271000000000000f424000000001800055555555} bits: 0..264; refs: 0..0} CS{Cell{0042ea0000000000061a800000000001900000000000009c4000000001800055555555} bits: 0..264; refs: 0..0} (null) ] 0 (null) ]\n' +
            '[ 4][t 0][2024-10-30 23:27:02.405000][transaction.cpp:1675]\tstarting VM\n' +
            '[ 4][t 0][2024-10-30 23:27:02.406000][transaction.cpp:1680]\tVM terminated with exit code 0\n' +
            '[ 3][t 0][2024-10-30 23:27:02.406000][transaction.cpp:1702]\tsteps: 791 gas: used=29633, max=1000000, limit=1000000, credit=0\n' +
            '[ 3][t 0][2024-10-30 23:27:02.406000][transaction.cpp:1704]\tout_of_gas=false, accepted=true, success=true, time=0.000991s\n' +
            '[ 4][t 0][2024-10-30 23:27:02.406000][transaction.cpp:1737]\tgas fees: 11853200 = 26214400 * 29633 /2^16 ; price=26214400; flat rate=[40000 for 100]; remaining balance=3066611563ng\n' +
            '[ 3][t 0][2024-10-30 23:27:02.406000][transaction.cpp:2678]\tin try_action_reserve_currency(0)\n' +
            '[ 4][t 0][2024-10-30 23:27:02.406000][transaction.cpp:2684]\taction_reserve_currency: mode=0, reserve=2100000000ng, balance=3066611563ng, original balance=2100000000ng\n' +
            '[ 3][t 0][2024-10-30 23:27:02.407000][transaction.cpp:2729]\tchanged remaining balance to 966611563ng, reserved balance to 2100000000ng\n' +
            '[ 4][t 0][2024-10-30 23:27:02.407000][transaction.cpp:2448]\tstorage paid for a message: 1 cells, 96 bits\n' +
            '[ 4][t 0][2024-10-30 23:27:02.407000][transaction.cpp:2452]\tcomputed fwd fees = 478400 + 0\n',
          vmLogs: 'xecute EQUAL\n' +
            'execute THROWIF 137\n' +
            'execute PUSHPOW2 10\n' +
            'execute EQUAL\n' +
            'execute THROWIFNOT 136\n' +
            'execute STSLICER\n' +
            'execute ENDC\n' +
            'execute ROT\n' +
            'execute STREF\n' +
            'execute ENDC\n' +
            'execute SWAP\n' +
            'execute STREF\n' +
            'execute implicit RET\n' +
            'execute ENDC\n' +
            'execute POP c4\n' +
            'execute implicit RET\n',
          debugLogs: '',
          events: [Array],
          parent: [Object],
          children: [Array],
          externals: []
        },
        children: [ [Object] ],
        externals: []
      },
      {
        address: 37254810366437813475271750514734067285117962570475561289538093995582013161784n,
        lt: 38000000n,
        prevTransactionHash: 39824705013870701617568000648282168983788436640977755993313609966950274030393n,
        prevTransactionLt: 36000000n,
        now: 1732922822,
        outMessagesCount: 4,
        oldStatus: 'active',
        endStatus: 'active',
        inMessage: {
          info: [Object],
          init: null,
          body: x{B687AB17000000000000000000000000}
           x{02202FAF080202FAF08021DCD65001CC4B4021DCD6500339160633397F7E33391606333A526E300000000800000004_}
            x{801028CD38D6A9FB165BB1D27554DCBBC8B7A064E07EF4C3832956828113614F545_}
        },
        outMessages: Dictionary { _key: [Object], _value: [Object], _map: [Map] },
        totalFees: { coins: 31153972n },
        stateUpdate: {
          oldHash: <Buffer 93 bb 12 54 a6 23 08 34 13 64 45 00 32 4f 57 0e 08 31 2f be f6 04 8a 58 f1 1d 2c ca a7 92 e0 20>,
          newHash: <Buffer ca c0 c1 a5 7d a6 6f d3 81 4b f4 7b dc 18 d3 55 49 81 f1 23 1a b2 1b c7 c9 3e 1a 37 13 7b 90 03>
        },
        description: {
          type: 'generic',
          creditFirst: false,
          storagePhase: [Object],
          creditPhase: [Object],
          computePhase: [Object],
          actionPhase: [Object],
          bouncePhase: undefined,
          aborted: false,
          destroyed: false
        },
        raw: x{7525D79B589F1D73B879432CD1A596C0F9C42CF460467BBB795DA5A20C021C138000000000243D580580BFBF7DE1BF2C0CB14ABCD55C3EF49D862E16115E21DD82151BA8D12B3DB390000000002255100674A4DC600094803B6BE68}
         x{E_}
          x{680173A49878148A4F6041C04B952AC2638BD6A1025222AF84BFAF2C3BE5A07436D50014975E6D627C75CEE1E50CB346965B03E710B3D18119EEEDE57696883008704E10E51839CC0610D45E0000000004692682CE949B8C5B43D58B8000000000000000000000004_}
           x{02202FAF080202FAF08021DCD65001CC4B4021DCD6500339160633397F7E33391606333A526E300000000800000004_}
            x{801028CD38D6A9FB165BB1D27554DCBBC8B7A064E07EF4C3832956828113614F545_}
          x{DB_}
           x{2_}
            x{2_}
             x{6800A4BAF36B13E3AE770F28659A34B2D81F38859E8C08CF776F2BB4B44180438271001F33C9E03834F86C2DA0166D0212C129A321D08D5D171B4080758BCF48863C4D90101931000609BBB0000000000487AB02CE949B8CC_}
              x{BC26F4C80000000000000000}
            x{2_}
             x{6800A4BAF36B13E3AE770F28659A34B2D81F38859E8C08CF776F2BB4B4418043827100384BA6D6A6B7DF2422C44C909493A07C03CA0A1FF860A7ED8531810050149DDF10101931000609BBB0000000000487AB04CE949B8CC_}
              x{BC26F4C80000000000000001}
           x{2_}
            x{2_}
             x{E00292EBCDAC4F8EB9DC3CA19668D2CB607CE2167A30233DDDBCAED2D106010E09C0000000000487AB06CE949B8CC_}
              x{8B6D3812000000000000000000000000801028CD38D6A9FB165BB1D27554DCBBC8B7A064E07EF4C3832956828113614F544877359401_}
            x{2_}
             x{4800A4BAF36B13E3AE770F28659A34B2D81F38859E8C08CF776F2BB4B44180438271002E74930F029149EC08380972A5584C717AD4204A4455F097F5E5877CB40E86DA90BCA3A88C0656E1D8000000000487AB08CE949B8DE_}
              x{34_}
               x{FF00F4A413F4BCF2C80B}
                x{62_}
                 x{D001D0D3030171B0A301FA400120D74981010BBAF2E08820D70B0A208104FFBAF2D0898309BAF2E088545053036F04F86102F862DB3C5512DB3CF2E082}
                  x{ED44D0D401F863D200018E2FD31FFA400120D74981010BBAF2E08820D70B0A208104FFBAF2D0898309BAF2E08801D2000191D4926D01E255206C13E0F828D70B0A8309BAF2E089810101D700FA400120D74981010BBAF2E08820D70B0A208104FFBAF2D0898309BAF2E0881202D101DB3C}
                   x{6D}
                  x{0192307FE07021D749C21F953020D70B1FDE208210AFE93535BA8F5130D31F018210AFE93535BAF2E081D33FFA400120D74981010BBAF2E08820D70B0A208104FFBAF2D0898309BAF2E08801D455206C1332820898968070FB024434DB3C30037083067055206D6D6DDB3C597FE0208210B8A3AA14BAE302}
                   x{F8425220C705F2E084}
                   x{C87101CA01500701CA007001CA02500520D74981010BBAF2E08820D70B0A208104FFBAF2D0898309BAF2E088CF165003FA027001CA68236EB3917F93246EB3E2973333017001CA00E30D216EB39C7F01CA0001206EF2D08001CC95317001CA00E2C901FB00}
                    x{7F01CA00C87001CA007001CA00246EB39D7F01CA0004206EF2D0805004CC9634037001CA00E2246EB39D7F01CA0004206EF2D0805004CC9634037001CA00E27001CA00027F01CA0002C958CC}
                   x{30D31F018210B8A3AA14BAF2E081D33FFA400120D74981010BBAF2E08820D70B0A208104FFBAF2D0898309BAF2E088126C12317020FB025520DB3C03708100A07055206D6D6DDB3C587F}
                    x{F8425220C705F2E084}
                    x{C87101CA01500701CA007001CA02500520D74981010BBAF2E08820D70B0A208104FFBAF2D0898309BAF2E088CF165003FA027001CA68236EB3917F93246EB3E2973333017001CA00E30D216EB39C7F01CA0001206EF2D08001CC95317001CA00E2C901FB00}
                     x{7F01CA00C87001CA007001CA00246EB39D7F01CA0004206EF2D0805004CC9634037001CA00E2246EB39D7F01CA0004206EF2D0805004CC9634037001CA00E27001CA00027F01CA0002C958CC}
                   x{8210E601F8E5BA8ECED31F018210E601F8E5BAF2E081D33F0131820898968070FB02F8416F2410235F037083067F25206EF2D080542580C855208210B687AB175004CB1F12CB3FCB1FCCC9103441301443306D6DDB3C7FE03070}
                    x{C87101CA01500701CA007001CA02500520D74981010BBAF2E08820D70B0A208104FFBAF2D0898309BAF2E088CF165003FA027001CA68236EB3917F93246EB3E2973333017001CA00E30D216EB39C7F01CA0001206EF2D08001CC95317001CA00E2C901FB00}
                     x{7F01CA00C87001CA007001CA00246EB39D7F01CA0004206EF2D0805004CC9634037001CA00E2246EB39D7F01CA0004206EF2D0805004CC9634037001CA00E27001CA00027F01CA0002C958CC}
                  x{C8F84301CC7F01CA0055205023CB1F0120D74981010BBAF2E08820D70B0A208104FFBAF2D0898309BAF2E088CF16216EB3957F01CA00CC947032CA00E2C9ED54}
                 x{2_}
                  x{BE28EED9E6D9E3618C_}
                   x{ED44D0D401F863D200018E2FD31FFA400120D74981010BBAF2E08820D70B0A208104FFBAF2D0898309BAF2E08801D2000191D4926D01E255206C13E0F828D70B0A8309BAF2E089810101D700FA400120D74981010BBAF2E08820D70B0A208104FFBAF2D0898309BAF2E0881202D101DB3C}
                    x{6D}
                   x{21}
                  x{2_}
                   x{4}
                    x{B1D8B6CF36CF1B0C6_}
                     x{ED44D0D401F863D200018E2FD31FFA400120D74981010BBAF2E08820D70B0A208104FFBAF2D0898309BAF2E08801D2000191D4926D01E255206C13E0F828D70B0A8309BAF2E089810101D700FA400120D74981010BBAF2E08820D70B0A208104FFBAF2D0898309BAF2E0881202D101DB3C}
                      x{6D}
                     x{20}
                    x{B36436CF36CF1B0C6_}
                     x{ED44D0D401F863D200018E2FD31FFA400120D74981010BBAF2E08820D70B0A208104FFBAF2D0898309BAF2E08801D2000191D4926D01E255206C13E0F828D70B0A8309BAF2E089810101D700FA400120D74981010BBAF2E08820D70B0A208104FFBAF2D0898309BAF2E0881202D101DB3C}
                      x{6D}
                     x{22}
                   x{B82BEED44D0D20001}
               x{0000000000000000000000000000000000000000000000000000000000000000200292EBCDAC4F8EB9DC3CA19668D2CB607CE2167A30233DDDBCAED2D106010E09C4_}
                x{C_}
                 x{A0838F_}
                  x{FF00F4A413F4BCF2C80B}
                   x{62_}
                    x{D001D0D3030171B0A301FA400120D74981010BBAF2E08820D70B0A208104FFBAF2D0898309BAF2E088545053036F04F86102F862DB3C5512DB3CF2E082}
                     x{ED44D0D401F863D200018E2FD31FFA400120D74981010BBAF2E08820D70B0A208104FFBAF2D0898309BAF2E08801D2000191D4926D01E255206C13E0F828D70B0A8309BAF2E089810101D700FA400120D74981010BBAF2E08820D70B0A208104FFBAF2D0898309BAF2E0881202D101DB3C}
                      x{6D}
                     x{0192307FE07021D749C21F953020D70B1FDE208210AFE93535BA8F5130D31F018210AFE93535BAF2E081D33FFA400120D74981010BBAF2E08820D70B0A208104FFBAF2D0898309BAF2E08801D455206C1332820898968070FB024434DB3C30037083067055206D6D6DDB3C597FE0208210B8A3AA14BAE302}
                      x{F8425220C705F2E084}
                      x{C87101CA01500701CA007001CA02500520D74981010BBAF2E08820D70B0A208104FFBAF2D0898309BAF2E088CF165003FA027001CA68236EB3917F93246EB3E2973333017001CA00E30D216EB39C7F01CA0001206EF2D08001CC95317001CA00E2C901FB00}
                       x{7F01CA00C87001CA007001CA00246EB39D7F01CA0004206EF2D0805004CC9634037001CA00E2246EB39D7F01CA0004206EF2D0805004CC9634037001CA00E27001CA00027F01CA0002C958CC}
                      x{30D31F018210B8A3AA14BAF2E081D33FFA400120D74981010BBAF2E08820D70B0A208104FFBAF2D0898309BAF2E088126C12317020FB025520DB3C03708100A07055206D6D6DDB3C587F}
                       x{F8425220C705F2E084}
                       x{C87101CA01500701CA007001CA02500520D74981010BBAF2E08820D70B0A208104FFBAF2D0898309BAF2E088CF165003FA027001CA68236EB3917F93246EB3E2973333017001CA00E30D216EB39C7F01CA0001206EF2D08001CC95317001CA00E2C901FB00}
                        x{7F01CA00C87001CA007001CA00246EB39D7F01CA0004206EF2D0805004CC9634037001CA00E2246EB39D7F01CA0004206EF2D0805004CC9634037001CA00E27001CA00027F01CA0002C958CC}
                      x{8210E601F8E5BA8ECED31F018210E601F8E5BAF2E081D33F0131820898968070FB02F8416F2410235F037083067F25206EF2D080542580C855208210B687AB175004CB1F12CB3FCB1FCCC9103441301443306D6DDB3C7FE03070}
                       x{C87101CA01500701CA007001CA02500520D74981010BBAF2E08820D70B0A208104FFBAF2D0898309BAF2E088CF165003FA027001CA68236EB3917F93246EB3E2973333017001CA00E30D216EB39C7F01CA0001206EF2D08001CC95317001CA00E2C901FB00}
                        x{7F01CA00C87001CA007001CA00246EB39D7F01CA0004206EF2D0805004CC9634037001CA00E2246EB39D7F01CA0004206EF2D0805004CC9634037001CA00E27001CA00027F01CA0002C958CC}
                     x{C8F84301CC7F01CA0055205023CB1F0120D74981010BBAF2E08820D70B0A208104FFBAF2D0898309BAF2E088CF16216EB3957F01CA00CC947032CA00E2C9ED54}
                    x{2_}
                     x{BE28EED9E6D9E3618C_}
                      x{ED44D0D401F863D200018E2FD31FFA400120D74981010BBAF2E08820D70B0A208104FFBAF2D0898309BAF2E08801D2000191D4926D01E255206C13E0F828D70B0A8309BAF2E089810101D700FA400120D74981010BBAF2E08820D70B0A208104FFBAF2D0898309BAF2E0881202D101DB3C}
                       x{6D}
                      x{21}
                     x{2_}
                      x{4}
                       x{B1D8B6CF36CF1B0C6_}
                        x{ED44D0D401F863D200018E2FD31FFA400120D74981010BBAF2E08820D70B0A208104FFBAF2D0898309BAF2E08801D2000191D4926D01E255206C13E0F828D70B0A8309BAF2E089810101D700FA400120D74981010BBAF2E08820D70B0A208104FFBAF2D0898309BAF2E0881202D101DB3C}
                         x{6D}
                        x{20}
                       x{B36436CF36CF1B0C6_}
                        x{ED44D0D401F863D200018E2FD31FFA400120D74981010BBAF2E08820D70B0A208104FFBAF2D0898309BAF2E08801D2000191D4926D01E255206C13E0F828D70B0A8309BAF2E089810101D700FA400120D74981010BBAF2E08820D70B0A208104FFBAF2D0898309BAF2E0881202D101DB3C}
                         x{6D}
                        x{22}
                      x{B82BEED44D0D20001}
              x{B8A3AA140000000000000000801D3E5E1B0970E52ABD4EA639AED542E118FE33D2F03FE072737A6B74A8FDC2C69_}
         x{7293BB1254A623083413644500324F570E08312FBEF6048A58F11D2CCAA792E020CAC0C1A57DA66FD3814BF47BDC18D3554981F1231AB21BC7C93E1A37137B9003}
         x{04090E51839CD88036EE1C11_}
          x{602327CC3D09000000000000000007C100000000000000000000000000000000000000000000000000000000000000000000000000000000000000000000000000000000000000000000000000000000}
          x{C9AC8D784C8FB95000000000000A0002000000086C667028F3CC35C5E1D1AEB75B20D68906AE33005305D31C6C00E378213282B048913B24_},
        hash: [Function: hash],
        blockchainLogs: '[ 4][t 0][2024-10-30 23:27:02.414000][transaction.cpp:443]\tunpacking account 525D79B589F1D73B879432CD1A596C0F9C42CF460467BBB795DA5A20C021C138\n' +
          '[ 4][t 0][2024-10-30 23:27:02.414000][transaction.cpp:274]\tlast_paid=1732922822; cells=232 bits=84034 public_cells=0\n' +
          '[ 4][t 0][2024-10-30 23:27:02.414000][transaction.cpp:504]\tend of Account.unpack() for 0:525D79B589F1D73B879432CD1A596C0F9C42CF460467BBB795DA5A20C021C138 (balance = 2100000000ng ; last_trans_lt = 36000000..36000002)\n' +
          '[ 4][t 0][2024-10-30 23:27:02.414000][transaction.cpp:3655]\tblock random seed set to 0000000000000000000000000000000000000000000000000000000000000000\n' +
          '[ 4][t 0][2024-10-30 23:27:02.414000][transaction.cpp:1236]\tgas limits: max=1000000, limit=1000000, credit=0\n' +
          '[ 4][t 0][2024-10-30 23:27:02.414000][transaction.cpp:1575]\tin_msg_state is null\n' +
          '[ 4][t 0][2024-10-30 23:27:02.414000][transaction.cpp:1645]\tcreating VM\n' +
          '[ 4][t 0][2024-10-30 23:27:02.414000][transaction.cpp:1351]\tSmartContractInfo initialized with [ 124711402 0 0 1732922822 38000000 38000000 14068792954309835536948273256715513127174070948738620016199408580766834334284 [ 3060892531 (null) ] CS{Cell{0271c00525d79b589f1d73b879432cd1a596c0f9c42cf460467bbb795da5a20c021c1383d0c05210833a526e3000000000089544091f4add401340} bits: 1..268; refs: 0..0} C{A7EC01478F770EF8F8B037CC7E42F0ABF0D85A50E1828C2394DAD1411691F2DE} C{42B6F0E46484EFC57B9508F6BA7EF42E7512023D5CB4ED5628DD1C7755D16E9D} [ 960892531 (null) ] 0 (null) [ CS{Cell{004dd06600000000000000000000000080000000000000fa00000000000001f4000000000003d09040} bits: 9..305; refs: 0..0} (null) CS{Cell{0094d1000000000000006400000000000f4240de000000002710000000000000000f42400000000002160ec0000000000000271000000000002625a00000000005f5e100000000003b9aca00} bits: 0..592; refs: 0..0} CS{Cell{0094d100000000000000640000000000009c40de000000000190000000000000000f424000000000000f4240000000000000271000000000009896800000000005f5e100000000003b9aca00} bits: 0..592; refs: 0..0} CS{Cell{0042ea000000000098968000000000271000000000000f424000000001800055555555} bits: 0..264; refs: 0..0} CS{Cell{0042ea0000000000061a800000000001900000000000009c4000000001800055555555} bits: 0..264; refs: 0..0} (null) ] 0 (null) ]\n' +
          '[ 4][t 0][2024-10-30 23:27:02.414000][transaction.cpp:1675]\tstarting VM\n' +
          '[ 4][t 0][2024-10-30 23:27:02.416000][transaction.cpp:1680]\tVM terminated with exit code 0\n' +
          '[ 3][t 0][2024-10-30 23:27:02.416000][transaction.cpp:1702]\tsteps: 1985 gas: used=71998, max=1000000, limit=1000000, credit=0\n' +
          '[ 3][t 0][2024-10-30 23:27:02.416000][transaction.cpp:1704]\tout_of_gas=false, accepted=true, success=true, time=0.001959s\n' +
          '[ 4][t 0][2024-10-30 23:27:02.416000][transaction.cpp:1737]\tgas fees: 28799200 = 26214400 * 71998 /2^16 ; price=26214400; flat rate=[40000 for 100]; remaining balance=3032093331ng\n' +
          '[ 3][t 0][2024-10-30 23:27:02.416000][transaction.cpp:2678]\tin try_action_reserve_currency(0)\n' +
          '[ 4][t 0][2024-10-30 23:27:02.416000][transaction.cpp:2684]\taction_reserve_currency: mode=0, reserve=2100000000ng, balance=3032093331ng, original balance=2100000000ng\n' +
          '[ 3][t 0][2024-10-30 23:27:02.416000][transaction.cpp:2729]\tchanged remaining balance to 932093331ng, reserved balance to 2100000000ng\n' +
          '[ 4][t 0][2024-10-30 23:27:02.416000][transaction.cpp:2448]\tstorage paid for a message: 1 cells, 96 bits\n' +
          '[ 4][t 0][2024-10-30 23:27:02.417000][transaction.cpp:2452]\tcomputed fwd fees = 478400 + 0\n' +
          '[ 4][t 0][2024-10-30 23:27:02.417000][transaction.cpp:2448]\tstorage paid for a message: 1 cells, 96 bits\n' +
          '[ 4][t 0][2024-10-30 23:27:02.417000][transaction.cpp:2452]\tcomputed fwd fees = 478400 + 0\n' +
          '[ 4][t 0][2024-10-30 23:27:02.417000][transaction.cpp:2448]\tstorage paid for a message: 1 cells, 431 bits\n' +
          '[ 4][t 0][2024-10-30 23:27:02.417000][transaction.cpp:2452]\tcomputed fwd fees = 612400 + 0\n' +
          '[ 4][t 0][2024-10-30 23:27:02.417000][transaction.cpp:2448]\tstorage paid for a message: 27 cells, 6976 bits\n' +
          '[ 4][t 0][2024-10-30 23:27:02.417000][transaction.cpp:2452]\tcomputed fwd fees = 4270400 + 0\n',
        vmLogs: 'xecute EQUAL\n' +
          'execute THROWIF 137\n' +
          'execute PUSHPOW2 10\n' +
          'execute EQUAL\n' +
          'execute THROWIFNOT 136\n' +
          'execute STSLICER\n' +
          'execute ENDC\n' +
          'execute ROT\n' +
          'execute STREF\n' +
          'execute ENDC\n' +
          'execute SWAP\n' +
          'execute STREF\n' +
          'execute implicit RET\n' +
          'execute ENDC\n' +
          'execute POP c4\n' +
          'execute implicit RET\n',
        debugLogs: '',
        events: [ [Object], [Object], [Object] ],
        parent: {
          address: 84049441022908470316622795825605090351520748406577698494615284512509455375210n,
          lt: 37000000n,
          prevTransactionHash: 22127497418521792954611512021763197640754314527400255781666182445651202411013n,
          prevTransactionLt: 29000000n,
          now: 1732922822,
          outMessagesCount: 1,
          oldStatus: 'active',
          endStatus: 'active',
          inMessage: [Object],
          outMessages: [Dictionary],
          totalFees: [Object],
          stateUpdate: [Object],
          description: [Object],
          raw: x{7B9D24C3C0A4527B020E025CA956131C5EB5081291157C25FD7961DF2D03A1B6A000000000234934030EBB83F3DB2E11F1FCD5E78DE36080284F09B20E48D6AE93217A1DFAE040A050000000001BA8140674A4DC60003468F1A12}
           x{E_}
            x{6800A4BAF36B13E3AE770F28659A34B2D81F38859E8C08CF776F2BB4B44180438271002E74930F029149EC08380972A5584C717AD4204A4455F097F5E5877CB40E86DA90E65816AC0609BBB000000000044AA202CE949B8C7300FC7280000000000000004_}
            x{DF_}
             x{680173A49878148A4F6041C04B952AC2638BD6A1025222AF84BFAF2C3BE5A07436D50014975E6D627C75CEE1E50CB346965B03E710B3D18119EEEDE57696883008704E10E51839CC0610D45E0000000004692682CE949B8CC_}
              x{B687AB17000000000000000000000000}
               x{02202FAF080202FAF08021DCD65001CC4B4021DCD6500339160633397F7E33391606333A526E300000000800000004_}
                x{801028CD38D6A9FB165BB1D27554DCBBC8B7A064E07EF4C3832956828113614F545_}
           x{7231245BEA5B8D764244EAAF789585C4054B6704868DE98306490F2594E5C59F1DCC4695B85DFE0FF884FD6F3A1FE0B02064A785F9CC1893F7CA9B3B4880BBD504}
           x{04C32FDA090E65816AD866D31211_}
            x{445E2C3D09000000000000000000FE00000000000000000000000000000000000000000000000000000000000000000000000000000000000000000000000000000000000000000000000000000000}
            x{C9864FA04C10D444000000000004000200000002CD42CFF2A1F7F6E730B494FE8BB185670ACF6ABF5F797C0DF80118BD1C2E75A641102E0C_},
          hash: [Function: hash],
          blockchainLogs: '[ 4][t 0][2024-10-30 23:27:02.409000][transaction.cpp:443]\tunpacking account B9D24C3C0A4527B020E025CA956131C5EB5081291157C25FD7961DF2D03A1B6A\n' +
            '[ 4][t 0][2024-10-30 23:27:02.409000][transaction.cpp:274]\tlast_paid=1730330822; cells=28 bits=7123 public_cells=0\n' +
            '[ 4][t 0][2024-10-30 23:27:02.409000][transaction.cpp:504]\tend of Account.unpack() for 0:B9D24C3C0A4527B020E025CA956131C5EB5081291157C25FD7961DF2D03A1B6A (balance = 10000000ng ; last_trans_lt = 29000000..29000002)\n' +
            '[ 4][t 0][2024-10-30 23:27:02.409000][transaction.cpp:3655]\tblock random seed set to 0000000000000000000000000000000000000000000000000000000000000000\n' +
            '[ 4][t 0][2024-10-30 23:27:02.409000][transaction.cpp:1236]\tgas limits: max=1000000, limit=1000000, credit=0\n' +
            '[ 4][t 0][2024-10-30 23:27:02.409000][transaction.cpp:1575]\tin_msg_state is null\n' +
            '[ 4][t 0][2024-10-30 23:27:02.409000][transaction.cpp:1645]\tcreating VM\n' +
            '[ 4][t 0][2024-10-30 23:27:02.409000][transaction.cpp:1351]\tSmartContractInfo initialized with [ 124711402 0 0 1732922822 37000000 37000000 84630195367514639409622924175749312199831056191303332875639359062248049886761 [ 975297731 (null) ] CS{Cell{026dc00b9d24c3c0a4527b020e025ca956131c5eb5081291157c25fd7961df2d03a1b6a23886f4c3391606300000000006ea0508e625a01340} bits: 1..268; refs: 0..0} C{A7EC01478F770EF8F8B037CC7E42F0ABF0D85A50E1828C2394DAD1411691F2DE} C{F2179DCD5CFD8A1E113288591FFB7A5E10E107D0D2C36DF69E40398023DAA7B1} [ 966133163 (null) ] 835432 (null) [ CS{Cell{004dd06600000000000000000000000080000000000000fa00000000000001f4000000000003d09040} bits: 9..305; refs: 0..0} (null) CS{Cell{0094d1000000000000006400000000000f4240de000000002710000000000000000f42400000000002160ec0000000000000271000000000002625a00000000005f5e100000000003b9aca00} bits: 0..592; refs: 0..0} CS{Cell{0094d100000000000000640000000000009c40de000000000190000000000000000f424000000000000f4240000000000000271000000000009896800000000005f5e100000000003b9aca00} bits: 0..592; refs: 0..0} CS{Cell{0042ea000000000098968000000000271000000000000f424000000001800055555555} bits: 0..264; refs: 0..0} CS{Cell{0042ea0000000000061a800000000001900000000000009c4000000001800055555555} bits: 0..264; refs: 0..0} (null) ] 0 (null) ]\n' +
            '[ 4][t 0][2024-10-30 23:27:02.409000][transaction.cpp:1675]\tstarting VM\n' +
            '[ 4][t 0][2024-10-30 23:27:02.410000][transaction.cpp:1680]\tVM terminated with exit code 0\n' +
            '[ 3][t 0][2024-10-30 23:27:02.410000][transaction.cpp:1702]\tsteps: 254 gas: used=8945, max=1000000, limit=1000000, credit=0\n' +
            '[ 3][t 0][2024-10-30 23:27:02.410000][transaction.cpp:1704]\tout_of_gas=false, accepted=true, success=true, time=0.000270s\n' +
            '[ 4][t 0][2024-10-30 23:27:02.410000][transaction.cpp:1737]\tgas fees: 3578000 = 26214400 * 8945 /2^16 ; price=26214400; flat rate=[40000 for 100]; remaining balance=971719731ng\n' +
            '[ 3][t 0][2024-10-30 23:27:02.410000][transaction.cpp:2678]\tin try_action_reserve_currency(0)\n' +
            '[ 4][t 0][2024-10-30 23:27:02.410000][transaction.cpp:2684]\taction_reserve_currency: mode=0, reserve=10000000ng, balance=971719731ng, original balance=9164568ng\n' +
            '[ 3][t 0][2024-10-30 23:27:02.410000][transaction.cpp:2729]\tchanged remaining balance to 961719731ng, reserved balance to 10000000ng\n' +
            '[ 4][t 0][2024-10-30 23:27:02.410000][transaction.cpp:2448]\tstorage paid for a message: 3 cells, 768 bits\n' +
            '[ 4][t 0][2024-10-30 23:27:02.410000][transaction.cpp:2452]\tcomputed fwd fees = 827200 + 0\n',
          vmLogs: 'ecute STSLICER\n' +
            'execute OVER\n' +
            'execute ISNULL\n' +
            'execute NOT\n' +
            'execute PUSHCONT x7F01CA00CC\n' +
            'execute PUSHCONT x7032CA00\n' +
            'execute IFELSE\n' +
            'execute PUSHINT -1\n' +
            'execute SWAP\n' +
            'execute STI 1\n' +
            'execute STREF\n' +
            'execute implicit RET\n' +
            'execute ENDC\n' +
            'execute POP c4\n' +
            'execute implicit RET\n',
          debugLogs: '',
          events: [Array],
          parent: [Object],
          children: [Array],
          externals: []
        },
        children: [ [Object], [Object], [Object] ],
        externals: [ [Object] ]
      },
      {
        address: 56452803209391972311245829800318013664241380452486081517026592719308720763190n,
        lt: 39000000n,
        prevTransactionHash: 49488439023795383437134713937281551215679157855153094262467061346103847018906n,
        prevTransactionLt: 28000000n,
        now: 1732922822,
        outMessagesCount: 1,
        oldStatus: 'active',
        endStatus: 'active',
        inMessage: { info: [Object], init: null, body: x{BC26F4C80000000000000000} },
        outMessages: Dictionary { _key: [Object], _value: [Object], _map: [Map] },
        totalFees: { coins: 5334831n },
        stateUpdate: {
          oldHash: <Buffer 70 bf 11 cd ac 9d 2c c1 11 02 d8 e5 e5 1c 84 65 75 a3 5f 88 5f 92 22 df 4a b1 b7 f5 cb 9a ee 3f>,
          newHash: <Buffer d9 bd 67 5e 8c c2 17 fd f5 29 a0 04 f2 72 8b 40 ba 96 49 46 bc 88 fb 43 59 fd 34 18 d7 e7 3c f8>
        },
        description: {
          type: 'generic',
          creditFirst: false,
          storagePhase: [Object],
          creditPhase: [Object],
          computePhase: [Object],
          actionPhase: [Object],
          bouncePhase: undefined,
          aborted: false,
          destroyed: false
        },
        raw: x{77CCF2780E0D3E1B0B68059B4084B04A68C874235745C6D0201D62F3D2218F13600000000025317C06D6976C0265A1BA6D09F320F80F2E4D80CD13F7D45971BB3DD114B469153E19A0000000001AB3F00674A4DC6000346A2CE5E}
         x{E_}
          x{6800A4BAF36B13E3AE770F28659A34B2D81F38859E8C08CF776F2BB4B44180438271001F33C9E03834F86C2DA0166D0212C129A321D08D5D171B4080758BCF48863C4D90101931000609BBB0000000000487AB02CE949B8C5E137A6400000000000000004_}
          x{DF_}
           x{6800F99E4F01C1A7C3616D00B3681096094D190E846AE8B8DA0403AC5E7A4431E26D0014975E6D627C75CEE1E50CB346965B03E710B3D18119EEEDE57696883008704E101119EF88060DFF5E0000000004A62F82CE949B8CC_}
            x{2A004A0500000000000000000000000000000000000000000000000000000000000000000000000000000000C00814669C6B54FD8B2DD8E93AAA6E5DE45BD032703F7A61C194AB414089B0A7AA2}
         x{7270BF11CDAC9D2CC11102D8E5E51C846575A35F885F9222DF4AB1B7F5CB9AEE3FD9BD675E8CC217FDF529A004F2728B40BA964946BC88FB4359FD3418D7E73CF8}
         x{04C4360789010193101867A1E811_}
          x{44E28C0A4D9000000000000000013D00000000000000000000000000000000000000000000000000000000000000000000000000000000000000000000000000000000000000000000000000000000}
          x{C9853FC04C0DFF44000000000002000000000002E314399E9181B61CA6ACAC445010D6EB366B5E165776588A9812DBEC1225A8904090296C_},
        hash: [Function: hash],
        blockchainLogs: '[ 4][t 0][2024-10-30 23:27:02.422000][transaction.cpp:443]\tunpacking account 7CCF2780E0D3E1B0B68059B4084B04A68C874235745C6D0201D62F3D2218F136\n' +
          '[ 4][t 0][2024-10-30 23:27:02.422000][transaction.cpp:274]\tlast_paid=1730330822; cells=30 bits=12911 public_cells=0\n' +
          '[ 4][t 0][2024-10-30 23:27:02.422000][transaction.cpp:504]\tend of Account.unpack() for 0:7CCF2780E0D3E1B0B68059B4084B04A68C874235745C6D0201D62F3D2218F136 (balance = 10000000ng ; last_trans_lt = 28000000..28000002)\n' +
          '[ 4][t 0][2024-10-30 23:27:02.422000][transaction.cpp:3655]\tblock random seed set to 0000000000000000000000000000000000000000000000000000000000000000\n' +
          '[ 4][t 0][2024-10-30 23:27:02.422000][transaction.cpp:1236]\tgas limits: max=191044, limit=168804, credit=0\n' +
          '[ 4][t 0][2024-10-30 23:27:02.422000][transaction.cpp:1575]\tin_msg_state is null\n' +
          '[ 4][t 0][2024-10-30 23:27:02.422000][transaction.cpp:1645]\tcreating VM\n' +
          '[ 4][t 0][2024-10-30 23:27:02.422000][transaction.cpp:1351]\tSmartContractInfo initialized with [ 124711402 0 0 1732922822 39000000 39000000 17158678860825839941702393232993838109470607978381324670400578166443069604636 [ 76417698 (null) ] CS{Cell{026dc007ccf2780e0d3e1b0b68059b4084b04a68c874235745c6d0201d62f3d2218f13623c8c9bc3391606300000000006acfc08e625a01340} bits: 1..268; refs: 0..0} C{A7EC01478F770EF8F8B037CC7E42F0ABF0D85A50E1828C2394DAD1411691F2DE} C{33BB148A451AD17F938AA7C476E48F2B79933715F13F1D58F9234A90730321A8} [ 67521600 (null) ] 1103902 (null) [ CS{Cell{004dd06600000000000000000000000080000000000000fa00000000000001f4000000000003d09040} bits: 9..305; refs: 0..0} (null) CS{Cell{0094d1000000000000006400000000000f4240de000000002710000000000000000f42400000000002160ec0000000000000271000000000002625a00000000005f5e100000000003b9aca00} bits: 0..592; refs: 0..0} CS{Cell{0094d100000000000000640000000000009c40de000000000190000000000000000f424000000000000f4240000000000000271000000000009896800000000005f5e100000000003b9aca00} bits: 0..592; refs: 0..0} CS{Cell{0042ea000000000098968000000000271000000000000f424000000001800055555555} bits: 0..264; refs: 0..0} CS{Cell{0042ea0000000000061a800000000001900000000000009c4000000001800055555555} bits: 0..264; refs: 0..0} (null) ] 0 (null) ]\n' +
          '[ 4][t 0][2024-10-30 23:27:02.422000][transaction.cpp:1675]\tstarting VM\n' +
          '[ 4][t 0][2024-10-30 23:27:02.422000][transaction.cpp:1680]\tVM terminated with exit code 0\n' +
          '[ 3][t 0][2024-10-30 23:27:02.422000][transaction.cpp:1702]\tsteps: 317 gas: used=10004, max=191044, limit=168804, credit=0\n' +
          '[ 3][t 0][2024-10-30 23:27:02.422000][transaction.cpp:1704]\tout_of_gas=false, accepted=true, success=true, time=0.000322s\n' +
          '[ 4][t 0][2024-10-30 23:27:02.422000][transaction.cpp:1737]\tgas fees: 4001600 = 26214400 * 10004 /2^16 ; price=26214400; flat rate=[40000 for 100]; remaining balance=72416098ng\n' +
          '[ 4][t 0][2024-10-30 23:27:02.422000][transaction.cpp:2448]\tstorage paid for a message: 1 cells, 620 bits\n' +
          '[ 4][t 0][2024-10-30 23:27:02.422000][transaction.cpp:2452]\tcomputed fwd fees = 688000 + 0\n',
        vmLogs: 'e implicit RET\n' +
          'execute OVER\n' +
          'execute ISNULL\n' +
          'execute NOT\n' +
          'execute PUSHCONT x7F01CA00CC\n' +
          'execute PUSHCONT x7032CA00\n' +
          'execute IFELSE\n' +
          'execute PUSHINT -1\n' +
          'execute SWAP\n' +
          'execute STI 1\n' +
          'execute STREF\n' +
          'execute implicit RET\n' +
          'execute ENDC\n' +
          'execute POP c4\n' +
          'execute implicit RET\n',
        debugLogs: '',
        events: [ [Object] ],
        parent: {
          address: 37254810366437813475271750514734067285117962570475561289538093995582013161784n,
          lt: 38000000n,
          prevTransactionHash: 39824705013870701617568000648282168983788436640977755993313609966950274030393n,
          prevTransactionLt: 36000000n,
          now: 1732922822,
          outMessagesCount: 4,
          oldStatus: 'active',
          endStatus: 'active',
          inMessage: [Object],
          outMessages: [Dictionary],
          totalFees: [Object],
          stateUpdate: [Object],
          description: [Object],
          raw: x{7525D79B589F1D73B879432CD1A596C0F9C42CF460467BBB795DA5A20C021C138000000000243D580580BFBF7DE1BF2C0CB14ABCD55C3EF49D862E16115E21DD82151BA8D12B3DB390000000002255100674A4DC600094803B6BE68}
           x{E_}
            x{680173A49878148A4F6041C04B952AC2638BD6A1025222AF84BFAF2C3BE5A07436D50014975E6D627C75CEE1E50CB346965B03E710B3D18119EEEDE57696883008704E10E51839CC0610D45E0000000004692682CE949B8C5B43D58B8000000000000000000000004_}
             x{02202FAF080202FAF08021DCD65001CC4B4021DCD6500339160633397F7E33391606333A526E300000000800000004_}
              x{801028CD38D6A9FB165BB1D27554DCBBC8B7A064E07EF4C3832956828113614F545_}
            x{DB_}
             x{2_}
              x{2_}
               x{6800A4BAF36B13E3AE770F28659A34B2D81F38859E8C08CF776F2BB4B44180438271001F33C9E03834F86C2DA0166D0212C129A321D08D5D171B4080758BCF48863C4D90101931000609BBB0000000000487AB02CE949B8CC_}
                x{BC26F4C80000000000000000}
              x{2_}
               x{6800A4BAF36B13E3AE770F28659A34B2D81F38859E8C08CF776F2BB4B4418043827100384BA6D6A6B7DF2422C44C909493A07C03CA0A1FF860A7ED8531810050149DDF10101931000609BBB0000000000487AB04CE949B8CC_}
                x{BC26F4C80000000000000001}
             x{2_}
              x{2_}
               x{E00292EBCDAC4F8EB9DC3CA19668D2CB607CE2167A30233DDDBCAED2D106010E09C0000000000487AB06CE949B8CC_}
                x{8B6D3812000000000000000000000000801028CD38D6A9FB165BB1D27554DCBBC8B7A064E07EF4C3832956828113614F544877359401_}
              x{2_}
               x{4800A4BAF36B13E3AE770F28659A34B2D81F38859E8C08CF776F2BB4B44180438271002E74930F029149EC08380972A5584C717AD4204A4455F097F5E5877CB40E86DA90BCA3A88C0656E1D8000000000487AB08CE949B8DE_}
                x{34_}
                 x{FF00F4A413F4BCF2C80B}
                  x{62_}
                   x{D001D0D3030171B0A301FA400120D74981010BBAF2E08820D70B0A208104FFBAF2D0898309BAF2E088545053036F04F86102F862DB3C5512DB3CF2E082}
                    x{ED44D0D401F863D200018E2FD31FFA400120D74981010BBAF2E08820D70B0A208104FFBAF2D0898309BAF2E08801D2000191D4926D01E255206C13E0F828D70B0A8309BAF2E089810101D700FA400120D74981010BBAF2E08820D70B0A208104FFBAF2D0898309BAF2E0881202D101DB3C}
                     x{6D}
                    x{0192307FE07021D749C21F953020D70B1FDE208210AFE93535BA8F5130D31F018210AFE93535BAF2E081D33FFA400120D74981010BBAF2E08820D70B0A208104FFBAF2D0898309BAF2E08801D455206C1332820898968070FB024434DB3C30037083067055206D6D6DDB3C597FE0208210B8A3AA14BAE302}
                     x{F8425220C705F2E084}
                     x{C87101CA01500701CA007001CA02500520D74981010BBAF2E08820D70B0A208104FFBAF2D0898309BAF2E088CF165003FA027001CA68236EB3917F93246EB3E2973333017001CA00E30D216EB39C7F01CA0001206EF2D08001CC95317001CA00E2C901FB00}
                      x{7F01CA00C87001CA007001CA00246EB39D7F01CA0004206EF2D0805004CC9634037001CA00E2246EB39D7F01CA0004206EF2D0805004CC9634037001CA00E27001CA00027F01CA0002C958CC}
                     x{30D31F018210B8A3AA14BAF2E081D33FFA400120D74981010BBAF2E08820D70B0A208104FFBAF2D0898309BAF2E088126C12317020FB025520DB3C03708100A07055206D6D6DDB3C587F}
                      x{F8425220C705F2E084}
                      x{C87101CA01500701CA007001CA02500520D74981010BBAF2E08820D70B0A208104FFBAF2D0898309BAF2E088CF165003FA027001CA68236EB3917F93246EB3E2973333017001CA00E30D216EB39C7F01CA0001206EF2D08001CC95317001CA00E2C901FB00}
                       x{7F01CA00C87001CA007001CA00246EB39D7F01CA0004206EF2D0805004CC9634037001CA00E2246EB39D7F01CA0004206EF2D0805004CC9634037001CA00E27001CA00027F01CA0002C958CC}
                     x{8210E601F8E5BA8ECED31F018210E601F8E5BAF2E081D33F0131820898968070FB02F8416F2410235F037083067F25206EF2D080542580C855208210B687AB175004CB1F12CB3FCB1FCCC9103441301443306D6DDB3C7FE03070}
                      x{C87101CA01500701CA007001CA02500520D74981010BBAF2E08820D70B0A208104FFBAF2D0898309BAF2E088CF165003FA027001CA68236EB3917F93246EB3E2973333017001CA00E30D216EB39C7F01CA0001206EF2D08001CC95317001CA00E2C901FB00}
                       x{7F01CA00C87001CA007001CA00246EB39D7F01CA0004206EF2D0805004CC9634037001CA00E2246EB39D7F01CA0004206EF2D0805004CC9634037001CA00E27001CA00027F01CA0002C958CC}
                    x{C8F84301CC7F01CA0055205023CB1F0120D74981010BBAF2E08820D70B0A208104FFBAF2D0898309BAF2E088CF16216EB3957F01CA00CC947032CA00E2C9ED54}
                   x{2_}
                    x{BE28EED9E6D9E3618C_}
                     x{ED44D0D401F863D200018E2FD31FFA400120D74981010BBAF2E08820D70B0A208104FFBAF2D0898309BAF2E08801D2000191D4926D01E255206C13E0F828D70B0A8309BAF2E089810101D700FA400120D74981010BBAF2E08820D70B0A208104FFBAF2D0898309BAF2E0881202D101DB3C}
                      x{6D}
                     x{21}
                    x{2_}
                     x{4}
                      x{B1D8B6CF36CF1B0C6_}
                       x{ED44D0D401F863D200018E2FD31FFA400120D74981010BBAF2E08820D70B0A208104FFBAF2D0898309BAF2E08801D2000191D4926D01E255206C13E0F828D70B0A8309BAF2E089810101D700FA400120D74981010BBAF2E08820D70B0A208104FFBAF2D0898309BAF2E0881202D101DB3C}
                        x{6D}
                       x{20}
                      x{B36436CF36CF1B0C6_}
                       x{ED44D0D401F863D200018E2FD31FFA400120D74981010BBAF2E08820D70B0A208104FFBAF2D0898309BAF2E08801D2000191D4926D01E255206C13E0F828D70B0A8309BAF2E089810101D700FA400120D74981010BBAF2E08820D70B0A208104FFBAF2D0898309BAF2E0881202D101DB3C}
                        x{6D}
                       x{22}
                     x{B82BEED44D0D20001}
                 x{0000000000000000000000000000000000000000000000000000000000000000200292EBCDAC4F8EB9DC3CA19668D2CB607CE2167A30233DDDBCAED2D106010E09C4_}
                  x{C_}
                   x{A0838F_}
                    x{FF00F4A413F4BCF2C80B}
                     x{62_}
                      x{D001D0D3030171B0A301FA400120D74981010BBAF2E08820D70B0A208104FFBAF2D0898309BAF2E088545053036F04F86102F862DB3C5512DB3CF2E082}
                       x{ED44D0D401F863D200018E2FD31FFA400120D74981010BBAF2E08820D70B0A208104FFBAF2D0898309BAF2E08801D2000191D4926D01E255206C13E0F828D70B0A8309BAF2E089810101D700FA400120D74981010BBAF2E08820D70B0A208104FFBAF2D0898309BAF2E0881202D101DB3C}
                        x{6D}
                       x{0192307FE07021D749C21F953020D70B1FDE208210AFE93535BA8F5130D31F018210AFE93535BAF2E081D33FFA400120D74981010BBAF2E08820D70B0A208104FFBAF2D0898309BAF2E08801D455206C1332820898968070FB024434DB3C30037083067055206D6D6DDB3C597FE0208210B8A3AA14BAE302}
                        x{F8425220C705F2E084}
                        x{C87101CA01500701CA007001CA02500520D74981010BBAF2E08820D70B0A208104FFBAF2D0898309BAF2E088CF165003FA027001CA68236EB3917F93246EB3E2973333017001CA00E30D216EB39C7F01CA0001206EF2D08001CC95317001CA00E2C901FB00}
                         x{7F01CA00C87001CA007001CA00246EB39D7F01CA0004206EF2D0805004CC9634037001CA00E2246EB39D7F01CA0004206EF2D0805004CC9634037001CA00E27001CA00027F01CA0002C958CC}
                        x{30D31F018210B8A3AA14BAF2E081D33FFA400120D74981010BBAF2E08820D70B0A208104FFBAF2D0898309BAF2E088126C12317020FB025520DB3C03708100A07055206D6D6DDB3C587F}
                         x{F8425220C705F2E084}
                         x{C87101CA01500701CA007001CA02500520D74981010BBAF2E08820D70B0A208104FFBAF2D0898309BAF2E088CF165003FA027001CA68236EB3917F93246EB3E2973333017001CA00E30D216EB39C7F01CA0001206EF2D08001CC95317001CA00E2C901FB00}
                          x{7F01CA00C87001CA007001CA00246EB39D7F01CA0004206EF2D0805004CC9634037001CA00E2246EB39D7F01CA0004206EF2D0805004CC9634037001CA00E27001CA00027F01CA0002C958CC}
                        x{8210E601F8E5BA8ECED31F018210E601F8E5BAF2E081D33F0131820898968070FB02F8416F2410235F037083067F25206EF2D080542580C855208210B687AB175004CB1F12CB3FCB1FCCC9103441301443306D6DDB3C7FE03070}
                         x{C87101CA01500701CA007001CA02500520D74981010BBAF2E08820D70B0A208104FFBAF2D0898309BAF2E088CF165003FA027001CA68236EB3917F93246EB3E2973333017001CA00E30D216EB39C7F01CA0001206EF2D08001CC95317001CA00E2C901FB00}
                          x{7F01CA00C87001CA007001CA00246EB39D7F01CA0004206EF2D0805004CC9634037001CA00E2246EB39D7F01CA0004206EF2D0805004CC9634037001CA00E27001CA00027F01CA0002C958CC}
                       x{C8F84301CC7F01CA0055205023CB1F0120D74981010BBAF2E08820D70B0A208104FFBAF2D0898309BAF2E088CF16216EB3957F01CA00CC947032CA00E2C9ED54}
                      x{2_}
                       x{BE28EED9E6D9E3618C_}
                        x{ED44D0D401F863D200018E2FD31FFA400120D74981010BBAF2E08820D70B0A208104FFBAF2D0898309BAF2E08801D2000191D4926D01E255206C13E0F828D70B0A8309BAF2E089810101D700FA400120D74981010BBAF2E08820D70B0A208104FFBAF2D0898309BAF2E0881202D101DB3C}
                         x{6D}
                        x{21}
                       x{2_}
                        x{4}
                         x{B1D8B6CF36CF1B0C6_}
                          x{ED44D0D401F863D200018E2FD31FFA400120D74981010BBAF2E08820D70B0A208104FFBAF2D0898309BAF2E08801D2000191D4926D01E255206C13E0F828D70B0A8309BAF2E089810101D700FA400120D74981010BBAF2E08820D70B0A208104FFBAF2D0898309BAF2E0881202D101DB3C}
                           x{6D}
                          x{20}
                         x{B36436CF36CF1B0C6_}
                          x{ED44D0D401F863D200018E2FD31FFA400120D74981010BBAF2E08820D70B0A208104FFBAF2D0898309BAF2E08801D2000191D4926D01E255206C13E0F828D70B0A8309BAF2E089810101D700FA400120D74981010BBAF2E08820D70B0A208104FFBAF2D0898309BAF2E0881202D101DB3C}
                           x{6D}
                          x{22}
                        x{B82BEED44D0D20001}
                x{B8A3AA140000000000000000801D3E5E1B0970E52ABD4EA639AED542E118FE33D2F03FE072737A6B74A8FDC2C69_}
           x{7293BB1254A623083413644500324F570E08312FBEF6048A58F11D2CCAA792E020CAC0C1A57DA66FD3814BF47BDC18D3554981F1231AB21BC7C93E1A37137B9003}
           x{04090E51839CD88036EE1C11_}
            x{602327CC3D09000000000000000007C100000000000000000000000000000000000000000000000000000000000000000000000000000000000000000000000000000000000000000000000000000000}
            x{C9AC8D784C8FB95000000000000A0002000000086C667028F3CC35C5E1D1AEB75B20D68906AE33005305D31C6C00E378213282B048913B24_},
          hash: [Function: hash],
          blockchainLogs: '[ 4][t 0][2024-10-30 23:27:02.414000][transaction.cpp:443]\tunpacking account 525D79B589F1D73B879432CD1A596C0F9C42CF460467BBB795DA5A20C021C138\n' +
            '[ 4][t 0][2024-10-30 23:27:02.414000][transaction.cpp:274]\tlast_paid=1732922822; cells=232 bits=84034 public_cells=0\n' +
            '[ 4][t 0][2024-10-30 23:27:02.414000][transaction.cpp:504]\tend of Account.unpack() for 0:525D79B589F1D73B879432CD1A596C0F9C42CF460467BBB795DA5A20C021C138 (balance = 2100000000ng ; last_trans_lt = 36000000..36000002)\n' +
            '[ 4][t 0][2024-10-30 23:27:02.414000][transaction.cpp:3655]\tblock random seed set to 0000000000000000000000000000000000000000000000000000000000000000\n' +
            '[ 4][t 0][2024-10-30 23:27:02.414000][transaction.cpp:1236]\tgas limits: max=1000000, limit=1000000, credit=0\n' +
            '[ 4][t 0][2024-10-30 23:27:02.414000][transaction.cpp:1575]\tin_msg_state is null\n' +
            '[ 4][t 0][2024-10-30 23:27:02.414000][transaction.cpp:1645]\tcreating VM\n' +
            '[ 4][t 0][2024-10-30 23:27:02.414000][transaction.cpp:1351]\tSmartContractInfo initialized with [ 124711402 0 0 1732922822 38000000 38000000 14068792954309835536948273256715513127174070948738620016199408580766834334284 [ 3060892531 (null) ] CS{Cell{0271c00525d79b589f1d73b879432cd1a596c0f9c42cf460467bbb795da5a20c021c1383d0c05210833a526e3000000000089544091f4add401340} bits: 1..268; refs: 0..0} C{A7EC01478F770EF8F8B037CC7E42F0ABF0D85A50E1828C2394DAD1411691F2DE} C{42B6F0E46484EFC57B9508F6BA7EF42E7512023D5CB4ED5628DD1C7755D16E9D} [ 960892531 (null) ] 0 (null) [ CS{Cell{004dd06600000000000000000000000080000000000000fa00000000000001f4000000000003d09040} bits: 9..305; refs: 0..0} (null) CS{Cell{0094d1000000000000006400000000000f4240de000000002710000000000000000f42400000000002160ec0000000000000271000000000002625a00000000005f5e100000000003b9aca00} bits: 0..592; refs: 0..0} CS{Cell{0094d100000000000000640000000000009c40de000000000190000000000000000f424000000000000f4240000000000000271000000000009896800000000005f5e100000000003b9aca00} bits: 0..592; refs: 0..0} CS{Cell{0042ea000000000098968000000000271000000000000f424000000001800055555555} bits: 0..264; refs: 0..0} CS{Cell{0042ea0000000000061a800000000001900000000000009c4000000001800055555555} bits: 0..264; refs: 0..0} (null) ] 0 (null) ]\n' +
            '[ 4][t 0][2024-10-30 23:27:02.414000][transaction.cpp:1675]\tstarting VM\n' +
            '[ 4][t 0][2024-10-30 23:27:02.416000][transaction.cpp:1680]\tVM terminated with exit code 0\n' +
            '[ 3][t 0][2024-10-30 23:27:02.416000][transaction.cpp:1702]\tsteps: 1985 gas: used=71998, max=1000000, limit=1000000, credit=0\n' +
            '[ 3][t 0][2024-10-30 23:27:02.416000][transaction.cpp:1704]\tout_of_gas=false, accepted=true, success=true, time=0.001959s\n' +
            '[ 4][t 0][2024-10-30 23:27:02.416000][transaction.cpp:1737]\tgas fees: 28799200 = 26214400 * 71998 /2^16 ; price=26214400; flat rate=[40000 for 100]; remaining balance=3032093331ng\n' +
            '[ 3][t 0][2024-10-30 23:27:02.416000][transaction.cpp:2678]\tin try_action_reserve_currency(0)\n' +
            '[ 4][t 0][2024-10-30 23:27:02.416000][transaction.cpp:2684]\taction_reserve_currency: mode=0, reserve=2100000000ng, balance=3032093331ng, original balance=2100000000ng\n' +
            '[ 3][t 0][2024-10-30 23:27:02.416000][transaction.cpp:2729]\tchanged remaining balance to 932093331ng, reserved balance to 2100000000ng\n' +
            '[ 4][t 0][2024-10-30 23:27:02.416000][transaction.cpp:2448]\tstorage paid for a message: 1 cells, 96 bits\n' +
            '[ 4][t 0][2024-10-30 23:27:02.417000][transaction.cpp:2452]\tcomputed fwd fees = 478400 + 0\n' +
            '[ 4][t 0][2024-10-30 23:27:02.417000][transaction.cpp:2448]\tstorage paid for a message: 1 cells, 96 bits\n' +
            '[ 4][t 0][2024-10-30 23:27:02.417000][transaction.cpp:2452]\tcomputed fwd fees = 478400 + 0\n' +
            '[ 4][t 0][2024-10-30 23:27:02.417000][transaction.cpp:2448]\tstorage paid for a message: 1 cells, 431 bits\n' +
            '[ 4][t 0][2024-10-30 23:27:02.417000][transaction.cpp:2452]\tcomputed fwd fees = 612400 + 0\n' +
            '[ 4][t 0][2024-10-30 23:27:02.417000][transaction.cpp:2448]\tstorage paid for a message: 27 cells, 6976 bits\n' +
            '[ 4][t 0][2024-10-30 23:27:02.417000][transaction.cpp:2452]\tcomputed fwd fees = 4270400 + 0\n',
          vmLogs: 'xecute EQUAL\n' +
            'execute THROWIF 137\n' +
            'execute PUSHPOW2 10\n' +
            'execute EQUAL\n' +
            'execute THROWIFNOT 136\n' +
            'execute STSLICER\n' +
            'execute ENDC\n' +
            'execute ROT\n' +
            'execute STREF\n' +
            'execute ENDC\n' +
            'execute SWAP\n' +
            'execute STREF\n' +
            'execute implicit RET\n' +
            'execute ENDC\n' +
            'execute POP c4\n' +
            'execute implicit RET\n',
          debugLogs: '',
          events: [Array],
          parent: [Object],
          children: [Array],
          externals: [Array]
        },
        children: [ [Object] ],
        externals: []
      },
      {
        address: 101852738109603725607761920797369865272772728943991090530178890834824226043772n,
        lt: 40000000n,
        prevTransactionHash: 8573111737421672654122829587114733179826165018718932916231065590855654992467n,
        prevTransactionLt: 27000000n,
        now: 1732922822,
        outMessagesCount: 1,
        oldStatus: 'active',
        endStatus: 'active',
        inMessage: { info: [Object], init: null, body: x{BC26F4C80000000000000001} },
        outMessages: Dictionary { _key: [Object], _value: [Object], _map: [Map] },
        totalFees: { coins: 5334831n },
        stateUpdate: {
          oldHash: <Buffer 74 5a 21 3d bd 97 ed d5 95 aa 40 14 89 83 09 1b 9e 11 0d 12 ed d8 b8 84 14 46 8c 45 b0 0e 44 72>,
          newHash: <Buffer 14 87 b0 ca e3 04 aa f0 3f f1 9a d5 45 b9 af 70 f0 04 f7 28 04 9b c1 de 8a bc b1 69 4b a5 14 a9>
        },
        description: {
          type: 'generic',
          creditFirst: false,
          storagePhase: [Object],
          creditPhase: [Object],
          computePhase: [Object],
          actionPhase: [Object],
          bouncePhase: undefined,
          aborted: false,
          destroyed: false
        },
        raw: x{7E12E9B5A9ADF7C908B113242524E81F00F28287FE1829FB614C604014052777C0000000002625A0012F43593DEA7EE8F38C49F3F216AEBD30BE5CD86D8494DDA47CC97A117906A5300000000019BFCC0674A4DC6000346A2CE5E}
         x{E_}
          x{6800A4BAF36B13E3AE770F28659A34B2D81F38859E8C08CF776F2BB4B4418043827100384BA6D6A6B7DF2422C44C909493A07C03CA0A1FF860A7ED8531810050149DDF10101931000609BBB0000000000487AB04CE949B8C5E137A640000000000000000C_}
          x{DF_}
           x{6801C25D36B535BEF92116226484A49D03E01E5050FFC3053F6C298C080280A4EEF90014975E6D627C75CEE1E50CB346965B03E710B3D18119EEEDE57696883008704E101119EF88060DFF5E0000000004C4B402CE949B8CC_}
            x{2A004A0500000000000000010000000000000000000000000000000000000000000000000000000000000000400B75A3E1A6460F415CE3721F308920C4B456F3B977F39EB26CED9155308A976CC}
         x{72745A213DBD97EDD595AA40148983091B9E110D12EDD8B88414468C45B00E44721487B0CAE304AAF03FF19AD545B9AF70F004F728049BC1DE8ABCB1694BA514A9}
         x{04C4360789010193101867A1E811_}
          x{44E28C0A4D9000000000000000013D00000000000000000000000000000000000000000000000000000000000000000000000000000000000000000000000000000000000000000000000000000000}
          x{C9853FC04C0DFF44000000000002000000000003FFB2652E35979066CAC0633284C4E8042DB1FCB29F76FDFE1F06536CEE4DA4744090296C_},
        hash: [Function: hash],
        blockchainLogs: '[ 4][t 0][2024-10-30 23:27:02.424000][transaction.cpp:443]\tunpacking account E12E9B5A9ADF7C908B113242524E81F00F28287FE1829FB614C604014052777C\n' +
          '[ 4][t 0][2024-10-30 23:27:02.424000][transaction.cpp:274]\tlast_paid=1730330822; cells=30 bits=12911 public_cells=0\n' +
          '[ 4][t 0][2024-10-30 23:27:02.424000][transaction.cpp:504]\tend of Account.unpack() for 0:E12E9B5A9ADF7C908B113242524E81F00F28287FE1829FB614C604014052777C (balance = 10000000ng ; last_trans_lt = 27000000..27000002)\n' +
          '[ 4][t 0][2024-10-30 23:27:02.425000][transaction.cpp:3655]\tblock random seed set to 0000000000000000000000000000000000000000000000000000000000000000\n' +
          '[ 4][t 0][2024-10-30 23:27:02.425000][transaction.cpp:1236]\tgas limits: max=191044, limit=168804, credit=0\n' +
          '[ 4][t 0][2024-10-30 23:27:02.425000][transaction.cpp:1575]\tin_msg_state is null\n' +
          '[ 4][t 0][2024-10-30 23:27:02.425000][transaction.cpp:1645]\tcreating VM\n' +
          '[ 4][t 0][2024-10-30 23:27:02.425000][transaction.cpp:1351]\tSmartContractInfo initialized with [ 124711402 0 0 1732922822 40000000 40000000 43870772645377937883531240781324653013999287705787709612543318804107744319189 [ 76417698 (null) ] CS{Cell{026dc00e12e9b5a9adf7c908b113242524e81f00f28287fe1829fb614c604014052777c23c8c9bc33916063000000000066ff308e625a01340} bits: 1..268; refs: 0..0} C{A7EC01478F770EF8F8B037CC7E42F0ABF0D85A50E1828C2394DAD1411691F2DE} C{33BB148A451AD17F938AA7C476E48F2B79933715F13F1D58F9234A90730321A8} [ 67521600 (null) ] 1103902 (null) [ CS{Cell{004dd06600000000000000000000000080000000000000fa00000000000001f4000000000003d09040} bits: 9..305; refs: 0..0} (null) CS{Cell{0094d1000000000000006400000000000f4240de000000002710000000000000000f42400000000002160ec0000000000000271000000000002625a00000000005f5e100000000003b9aca00} bits: 0..592; refs: 0..0} CS{Cell{0094d100000000000000640000000000009c40de000000000190000000000000000f424000000000000f4240000000000000271000000000009896800000000005f5e100000000003b9aca00} bits: 0..592; refs: 0..0} CS{Cell{0042ea000000000098968000000000271000000000000f424000000001800055555555} bits: 0..264; refs: 0..0} CS{Cell{0042ea0000000000061a800000000001900000000000009c4000000001800055555555} bits: 0..264; refs: 0..0} (null) ] 0 (null) ]\n' +
          '[ 4][t 0][2024-10-30 23:27:02.425000][transaction.cpp:1675]\tstarting VM\n' +
          '[ 4][t 0][2024-10-30 23:27:02.425000][transaction.cpp:1680]\tVM terminated with exit code 0\n' +
          '[ 3][t 0][2024-10-30 23:27:02.425000][transaction.cpp:1702]\tsteps: 317 gas: used=10004, max=191044, limit=168804, credit=0\n' +
          '[ 3][t 0][2024-10-30 23:27:02.425000][transaction.cpp:1704]\tout_of_gas=false, accepted=true, success=true, time=0.000464s\n' +
          '[ 4][t 0][2024-10-30 23:27:02.425000][transaction.cpp:1737]\tgas fees: 4001600 = 26214400 * 10004 /2^16 ; price=26214400; flat rate=[40000 for 100]; remaining balance=72416098ng\n' +
          '[ 4][t 0][2024-10-30 23:27:02.425000][transaction.cpp:2448]\tstorage paid for a message: 1 cells, 620 bits\n' +
          '[ 4][t 0][2024-10-30 23:27:02.425000][transaction.cpp:2452]\tcomputed fwd fees = 688000 + 0\n',
        vmLogs: 'e implicit RET\n' +
          'execute OVER\n' +
          'execute ISNULL\n' +
          'execute NOT\n' +
          'execute PUSHCONT x7F01CA00CC\n' +
          'execute PUSHCONT x7032CA00\n' +
          'execute IFELSE\n' +
          'execute PUSHINT -1\n' +
          'execute SWAP\n' +
          'execute STI 1\n' +
          'execute STREF\n' +
          'execute implicit RET\n' +
          'execute ENDC\n' +
          'execute POP c4\n' +
          'execute implicit RET\n',
        debugLogs: '',
        events: [ [Object] ],
        parent: {
          address: 37254810366437813475271750514734067285117962570475561289538093995582013161784n,
          lt: 38000000n,
          prevTransactionHash: 39824705013870701617568000648282168983788436640977755993313609966950274030393n,
          prevTransactionLt: 36000000n,
          now: 1732922822,
          outMessagesCount: 4,
          oldStatus: 'active',
          endStatus: 'active',
          inMessage: [Object],
          outMessages: [Dictionary],
          totalFees: [Object],
          stateUpdate: [Object],
          description: [Object],
          raw: x{7525D79B589F1D73B879432CD1A596C0F9C42CF460467BBB795DA5A20C021C138000000000243D580580BFBF7DE1BF2C0CB14ABCD55C3EF49D862E16115E21DD82151BA8D12B3DB390000000002255100674A4DC600094803B6BE68}
           x{E_}
            x{680173A49878148A4F6041C04B952AC2638BD6A1025222AF84BFAF2C3BE5A07436D50014975E6D627C75CEE1E50CB346965B03E710B3D18119EEEDE57696883008704E10E51839CC0610D45E0000000004692682CE949B8C5B43D58B8000000000000000000000004_}
             x{02202FAF080202FAF08021DCD65001CC4B4021DCD6500339160633397F7E33391606333A526E300000000800000004_}
              x{801028CD38D6A9FB165BB1D27554DCBBC8B7A064E07EF4C3832956828113614F545_}
            x{DB_}
             x{2_}
              x{2_}
               x{6800A4BAF36B13E3AE770F28659A34B2D81F38859E8C08CF776F2BB4B44180438271001F33C9E03834F86C2DA0166D0212C129A321D08D5D171B4080758BCF48863C4D90101931000609BBB0000000000487AB02CE949B8CC_}
                x{BC26F4C80000000000000000}
              x{2_}
               x{6800A4BAF36B13E3AE770F28659A34B2D81F38859E8C08CF776F2BB4B4418043827100384BA6D6A6B7DF2422C44C909493A07C03CA0A1FF860A7ED8531810050149DDF10101931000609BBB0000000000487AB04CE949B8CC_}
                x{BC26F4C80000000000000001}
             x{2_}
              x{2_}
               x{E00292EBCDAC4F8EB9DC3CA19668D2CB607CE2167A30233DDDBCAED2D106010E09C0000000000487AB06CE949B8CC_}
                x{8B6D3812000000000000000000000000801028CD38D6A9FB165BB1D27554DCBBC8B7A064E07EF4C3832956828113614F544877359401_}
              x{2_}
               x{4800A4BAF36B13E3AE770F28659A34B2D81F38859E8C08CF776F2BB4B44180438271002E74930F029149EC08380972A5584C717AD4204A4455F097F5E5877CB40E86DA90BCA3A88C0656E1D8000000000487AB08CE949B8DE_}
                x{34_}
                 x{FF00F4A413F4BCF2C80B}
                  x{62_}
                   x{D001D0D3030171B0A301FA400120D74981010BBAF2E08820D70B0A208104FFBAF2D0898309BAF2E088545053036F04F86102F862DB3C5512DB3CF2E082}
                    x{ED44D0D401F863D200018E2FD31FFA400120D74981010BBAF2E08820D70B0A208104FFBAF2D0898309BAF2E08801D2000191D4926D01E255206C13E0F828D70B0A8309BAF2E089810101D700FA400120D74981010BBAF2E08820D70B0A208104FFBAF2D0898309BAF2E0881202D101DB3C}
                     x{6D}
                    x{0192307FE07021D749C21F953020D70B1FDE208210AFE93535BA8F5130D31F018210AFE93535BAF2E081D33FFA400120D74981010BBAF2E08820D70B0A208104FFBAF2D0898309BAF2E08801D455206C1332820898968070FB024434DB3C30037083067055206D6D6DDB3C597FE0208210B8A3AA14BAE302}
                     x{F8425220C705F2E084}
                     x{C87101CA01500701CA007001CA02500520D74981010BBAF2E08820D70B0A208104FFBAF2D0898309BAF2E088CF165003FA027001CA68236EB3917F93246EB3E2973333017001CA00E30D216EB39C7F01CA0001206EF2D08001CC95317001CA00E2C901FB00}
                      x{7F01CA00C87001CA007001CA00246EB39D7F01CA0004206EF2D0805004CC9634037001CA00E2246EB39D7F01CA0004206EF2D0805004CC9634037001CA00E27001CA00027F01CA0002C958CC}
                     x{30D31F018210B8A3AA14BAF2E081D33FFA400120D74981010BBAF2E08820D70B0A208104FFBAF2D0898309BAF2E088126C12317020FB025520DB3C03708100A07055206D6D6DDB3C587F}
                      x{F8425220C705F2E084}
                      x{C87101CA01500701CA007001CA02500520D74981010BBAF2E08820D70B0A208104FFBAF2D0898309BAF2E088CF165003FA027001CA68236EB3917F93246EB3E2973333017001CA00E30D216EB39C7F01CA0001206EF2D08001CC95317001CA00E2C901FB00}
                       x{7F01CA00C87001CA007001CA00246EB39D7F01CA0004206EF2D0805004CC9634037001CA00E2246EB39D7F01CA0004206EF2D0805004CC9634037001CA00E27001CA00027F01CA0002C958CC}
                     x{8210E601F8E5BA8ECED31F018210E601F8E5BAF2E081D33F0131820898968070FB02F8416F2410235F037083067F25206EF2D080542580C855208210B687AB175004CB1F12CB3FCB1FCCC9103441301443306D6DDB3C7FE03070}
                      x{C87101CA01500701CA007001CA02500520D74981010BBAF2E08820D70B0A208104FFBAF2D0898309BAF2E088CF165003FA027001CA68236EB3917F93246EB3E2973333017001CA00E30D216EB39C7F01CA0001206EF2D08001CC95317001CA00E2C901FB00}
                       x{7F01CA00C87001CA007001CA00246EB39D7F01CA0004206EF2D0805004CC9634037001CA00E2246EB39D7F01CA0004206EF2D0805004CC9634037001CA00E27001CA00027F01CA0002C958CC}
                    x{C8F84301CC7F01CA0055205023CB1F0120D74981010BBAF2E08820D70B0A208104FFBAF2D0898309BAF2E088CF16216EB3957F01CA00CC947032CA00E2C9ED54}
                   x{2_}
                    x{BE28EED9E6D9E3618C_}
                     x{ED44D0D401F863D200018E2FD31FFA400120D74981010BBAF2E08820D70B0A208104FFBAF2D0898309BAF2E08801D2000191D4926D01E255206C13E0F828D70B0A8309BAF2E089810101D700FA400120D74981010BBAF2E08820D70B0A208104FFBAF2D0898309BAF2E0881202D101DB3C}
                      x{6D}
                     x{21}
                    x{2_}
                     x{4}
                      x{B1D8B6CF36CF1B0C6_}
                       x{ED44D0D401F863D200018E2FD31FFA400120D74981010BBAF2E08820D70B0A208104FFBAF2D0898309BAF2E08801D2000191D4926D01E255206C13E0F828D70B0A8309BAF2E089810101D700FA400120D74981010BBAF2E08820D70B0A208104FFBAF2D0898309BAF2E0881202D101DB3C}
                        x{6D}
                       x{20}
                      x{B36436CF36CF1B0C6_}
                       x{ED44D0D401F863D200018E2FD31FFA400120D74981010BBAF2E08820D70B0A208104FFBAF2D0898309BAF2E08801D2000191D4926D01E255206C13E0F828D70B0A8309BAF2E089810101D700FA400120D74981010BBAF2E08820D70B0A208104FFBAF2D0898309BAF2E0881202D101DB3C}
                        x{6D}
                       x{22}
                     x{B82BEED44D0D20001}
                 x{0000000000000000000000000000000000000000000000000000000000000000200292EBCDAC4F8EB9DC3CA19668D2CB607CE2167A30233DDDBCAED2D106010E09C4_}
                  x{C_}
                   x{A0838F_}
                    x{FF00F4A413F4BCF2C80B}
                     x{62_}
                      x{D001D0D3030171B0A301FA400120D74981010BBAF2E08820D70B0A208104FFBAF2D0898309BAF2E088545053036F04F86102F862DB3C5512DB3CF2E082}
                       x{ED44D0D401F863D200018E2FD31FFA400120D74981010BBAF2E08820D70B0A208104FFBAF2D0898309BAF2E08801D2000191D4926D01E255206C13E0F828D70B0A8309BAF2E089810101D700FA400120D74981010BBAF2E08820D70B0A208104FFBAF2D0898309BAF2E0881202D101DB3C}
                        x{6D}
                       x{0192307FE07021D749C21F953020D70B1FDE208210AFE93535BA8F5130D31F018210AFE93535BAF2E081D33FFA400120D74981010BBAF2E08820D70B0A208104FFBAF2D0898309BAF2E08801D455206C1332820898968070FB024434DB3C30037083067055206D6D6DDB3C597FE0208210B8A3AA14BAE302}
                        x{F8425220C705F2E084}
                        x{C87101CA01500701CA007001CA02500520D74981010BBAF2E08820D70B0A208104FFBAF2D0898309BAF2E088CF165003FA027001CA68236EB3917F93246EB3E2973333017001CA00E30D216EB39C7F01CA0001206EF2D08001CC95317001CA00E2C901FB00}
                         x{7F01CA00C87001CA007001CA00246EB39D7F01CA0004206EF2D0805004CC9634037001CA00E2246EB39D7F01CA0004206EF2D0805004CC9634037001CA00E27001CA00027F01CA0002C958CC}
                        x{30D31F018210B8A3AA14BAF2E081D33FFA400120D74981010BBAF2E08820D70B0A208104FFBAF2D0898309BAF2E088126C12317020FB025520DB3C03708100A07055206D6D6DDB3C587F}
                         x{F8425220C705F2E084}
                         x{C87101CA01500701CA007001CA02500520D74981010BBAF2E08820D70B0A208104FFBAF2D0898309BAF2E088CF165003FA027001CA68236EB3917F93246EB3E2973333017001CA00E30D216EB39C7F01CA0001206EF2D08001CC95317001CA00E2C901FB00}
                          x{7F01CA00C87001CA007001CA00246EB39D7F01CA0004206EF2D0805004CC9634037001CA00E2246EB39D7F01CA0004206EF2D0805004CC9634037001CA00E27001CA00027F01CA0002C958CC}
                        x{8210E601F8E5BA8ECED31F018210E601F8E5BAF2E081D33F0131820898968070FB02F8416F2410235F037083067F25206EF2D080542580C855208210B687AB175004CB1F12CB3FCB1FCCC9103441301443306D6DDB3C7FE03070}
                         x{C87101CA01500701CA007001CA02500520D74981010BBAF2E08820D70B0A208104FFBAF2D0898309BAF2E088CF165003FA027001CA68236EB3917F93246EB3E2973333017001CA00E30D216EB39C7F01CA0001206EF2D08001CC95317001CA00E2C901FB00}
                          x{7F01CA00C87001CA007001CA00246EB39D7F01CA0004206EF2D0805004CC9634037001CA00E2246EB39D7F01CA0004206EF2D0805004CC9634037001CA00E27001CA00027F01CA0002C958CC}
                       x{C8F84301CC7F01CA0055205023CB1F0120D74981010BBAF2E08820D70B0A208104FFBAF2D0898309BAF2E088CF16216EB3957F01CA00CC947032CA00E2C9ED54}
                      x{2_}
                       x{BE28EED9E6D9E3618C_}
                        x{ED44D0D401F863D200018E2FD31FFA400120D74981010BBAF2E08820D70B0A208104FFBAF2D0898309BAF2E08801D2000191D4926D01E255206C13E0F828D70B0A8309BAF2E089810101D700FA400120D74981010BBAF2E08820D70B0A208104FFBAF2D0898309BAF2E0881202D101DB3C}
                         x{6D}
                        x{21}
                       x{2_}
                        x{4}
                         x{B1D8B6CF36CF1B0C6_}
                          x{ED44D0D401F863D200018E2FD31FFA400120D74981010BBAF2E08820D70B0A208104FFBAF2D0898309BAF2E08801D2000191D4926D01E255206C13E0F828D70B0A8309BAF2E089810101D700FA400120D74981010BBAF2E08820D70B0A208104FFBAF2D0898309BAF2E0881202D101DB3C}
                           x{6D}
                          x{20}
                         x{B36436CF36CF1B0C6_}
                          x{ED44D0D401F863D200018E2FD31FFA400120D74981010BBAF2E08820D70B0A208104FFBAF2D0898309BAF2E08801D2000191D4926D01E255206C13E0F828D70B0A8309BAF2E089810101D700FA400120D74981010BBAF2E08820D70B0A208104FFBAF2D0898309BAF2E0881202D101DB3C}
                           x{6D}
                          x{22}
                        x{B82BEED44D0D20001}
                x{B8A3AA140000000000000000801D3E5E1B0970E52ABD4EA639AED542E118FE33D2F03FE072737A6B74A8FDC2C69_}
           x{7293BB1254A623083413644500324F570E08312FBEF6048A58F11D2CCAA792E020CAC0C1A57DA66FD3814BF47BDC18D3554981F1231AB21BC7C93E1A37137B9003}
           x{04090E51839CD88036EE1C11_}
            x{602327CC3D09000000000000000007C100000000000000000000000000000000000000000000000000000000000000000000000000000000000000000000000000000000000000000000000000000000}
            x{C9AC8D784C8FB95000000000000A0002000000086C667028F3CC35C5E1D1AEB75B20D68906AE33005305D31C6C00E378213282B048913B24_},
          hash: [Function: hash],
          blockchainLogs: '[ 4][t 0][2024-10-30 23:27:02.414000][transaction.cpp:443]\tunpacking account 525D79B589F1D73B879432CD1A596C0F9C42CF460467BBB795DA5A20C021C138\n' +
            '[ 4][t 0][2024-10-30 23:27:02.414000][transaction.cpp:274]\tlast_paid=1732922822; cells=232 bits=84034 public_cells=0\n' +
            '[ 4][t 0][2024-10-30 23:27:02.414000][transaction.cpp:504]\tend of Account.unpack() for 0:525D79B589F1D73B879432CD1A596C0F9C42CF460467BBB795DA5A20C021C138 (balance = 2100000000ng ; last_trans_lt = 36000000..36000002)\n' +
            '[ 4][t 0][2024-10-30 23:27:02.414000][transaction.cpp:3655]\tblock random seed set to 0000000000000000000000000000000000000000000000000000000000000000\n' +
            '[ 4][t 0][2024-10-30 23:27:02.414000][transaction.cpp:1236]\tgas limits: max=1000000, limit=1000000, credit=0\n' +
            '[ 4][t 0][2024-10-30 23:27:02.414000][transaction.cpp:1575]\tin_msg_state is null\n' +
            '[ 4][t 0][2024-10-30 23:27:02.414000][transaction.cpp:1645]\tcreating VM\n' +
            '[ 4][t 0][2024-10-30 23:27:02.414000][transaction.cpp:1351]\tSmartContractInfo initialized with [ 124711402 0 0 1732922822 38000000 38000000 14068792954309835536948273256715513127174070948738620016199408580766834334284 [ 3060892531 (null) ] CS{Cell{0271c00525d79b589f1d73b879432cd1a596c0f9c42cf460467bbb795da5a20c021c1383d0c05210833a526e3000000000089544091f4add401340} bits: 1..268; refs: 0..0} C{A7EC01478F770EF8F8B037CC7E42F0ABF0D85A50E1828C2394DAD1411691F2DE} C{42B6F0E46484EFC57B9508F6BA7EF42E7512023D5CB4ED5628DD1C7755D16E9D} [ 960892531 (null) ] 0 (null) [ CS{Cell{004dd06600000000000000000000000080000000000000fa00000000000001f4000000000003d09040} bits: 9..305; refs: 0..0} (null) CS{Cell{0094d1000000000000006400000000000f4240de000000002710000000000000000f42400000000002160ec0000000000000271000000000002625a00000000005f5e100000000003b9aca00} bits: 0..592; refs: 0..0} CS{Cell{0094d100000000000000640000000000009c40de000000000190000000000000000f424000000000000f4240000000000000271000000000009896800000000005f5e100000000003b9aca00} bits: 0..592; refs: 0..0} CS{Cell{0042ea000000000098968000000000271000000000000f424000000001800055555555} bits: 0..264; refs: 0..0} CS{Cell{0042ea0000000000061a800000000001900000000000009c4000000001800055555555} bits: 0..264; refs: 0..0} (null) ] 0 (null) ]\n' +
            '[ 4][t 0][2024-10-30 23:27:02.414000][transaction.cpp:1675]\tstarting VM\n' +
            '[ 4][t 0][2024-10-30 23:27:02.416000][transaction.cpp:1680]\tVM terminated with exit code 0\n' +
            '[ 3][t 0][2024-10-30 23:27:02.416000][transaction.cpp:1702]\tsteps: 1985 gas: used=71998, max=1000000, limit=1000000, credit=0\n' +
            '[ 3][t 0][2024-10-30 23:27:02.416000][transaction.cpp:1704]\tout_of_gas=false, accepted=true, success=true, time=0.001959s\n' +
            '[ 4][t 0][2024-10-30 23:27:02.416000][transaction.cpp:1737]\tgas fees: 28799200 = 26214400 * 71998 /2^16 ; price=26214400; flat rate=[40000 for 100]; remaining balance=3032093331ng\n' +
            '[ 3][t 0][2024-10-30 23:27:02.416000][transaction.cpp:2678]\tin try_action_reserve_currency(0)\n' +
            '[ 4][t 0][2024-10-30 23:27:02.416000][transaction.cpp:2684]\taction_reserve_currency: mode=0, reserve=2100000000ng, balance=3032093331ng, original balance=2100000000ng\n' +
            '[ 3][t 0][2024-10-30 23:27:02.416000][transaction.cpp:2729]\tchanged remaining balance to 932093331ng, reserved balance to 2100000000ng\n' +
            '[ 4][t 0][2024-10-30 23:27:02.416000][transaction.cpp:2448]\tstorage paid for a message: 1 cells, 96 bits\n' +
            '[ 4][t 0][2024-10-30 23:27:02.417000][transaction.cpp:2452]\tcomputed fwd fees = 478400 + 0\n' +
            '[ 4][t 0][2024-10-30 23:27:02.417000][transaction.cpp:2448]\tstorage paid for a message: 1 cells, 96 bits\n' +
            '[ 4][t 0][2024-10-30 23:27:02.417000][transaction.cpp:2452]\tcomputed fwd fees = 478400 + 0\n' +
            '[ 4][t 0][2024-10-30 23:27:02.417000][transaction.cpp:2448]\tstorage paid for a message: 1 cells, 431 bits\n' +
            '[ 4][t 0][2024-10-30 23:27:02.417000][transaction.cpp:2452]\tcomputed fwd fees = 612400 + 0\n' +
            '[ 4][t 0][2024-10-30 23:27:02.417000][transaction.cpp:2448]\tstorage paid for a message: 27 cells, 6976 bits\n' +
            '[ 4][t 0][2024-10-30 23:27:02.417000][transaction.cpp:2452]\tcomputed fwd fees = 4270400 + 0\n',
          vmLogs: 'xecute EQUAL\n' +
            'execute THROWIF 137\n' +
            'execute PUSHPOW2 10\n' +
            'execute EQUAL\n' +
            'execute THROWIFNOT 136\n' +
            'execute STSLICER\n' +
            'execute ENDC\n' +
            'execute ROT\n' +
            'execute STREF\n' +
            'execute ENDC\n' +
            'execute SWAP\n' +
            'execute STREF\n' +
            'execute implicit RET\n' +
            'execute ENDC\n' +
            'execute POP c4\n' +
            'execute implicit RET\n',
          debugLogs: '',
          events: [Array],
          parent: [Object],
          children: [Array],
          externals: [Array]
        },
        children: [ [Object] ],
        externals: []
      },
      {
        address: 84049441022908470316622795825605090351520748406577698494615284512509455375210n,
        lt: 41000000n,
        prevTransactionHash: 59275579928307996895042694469442487909051399736288684973074163111102612083138n,
        prevTransactionLt: 37000000n,
        now: 1732922822,
        outMessagesCount: 1,
        oldStatus: 'active',
        endStatus: 'non-existing',
        inMessage: {
          info: [Object],
          init: [Object],
          body: x{B8A3AA140000000000000000801D3E5E1B0970E52ABD4EA639AED542E118FE33D2F03FE072737A6B74A8FDC2C69_}
        },
        outMessages: Dictionary { _key: [Object], _value: [Object], _map: [Map] },
        totalFees: { coins: 3532131n },
        stateUpdate: {
          oldHash: <Buffer cc 46 95 b8 5d fe 0f f8 84 fd 6f 3a 1f e0 b0 20 64 a7 85 f9 cc 18 93 f7 ca 9b 3b 48 80 bb d5 04>,
          newHash: <Buffer 90 ae c8 96 5a fa bb 16 eb c3 cb 9b 40 8e ba e7 1b 61 8d 78 78 8b c8 0d 09 84 35 93 ca c9 8d a4>
        },
        description: {
          type: 'generic',
          creditFirst: true,
          storagePhase: [Object],
          creditPhase: [Object],
          computePhase: [Object],
          actionPhase: [Object],
          bouncePhase: undefined,
          aborted: false,
          destroyed: true
        },
        raw: x{7B9D24C3C0A4527B020E025CA956131C5EB5081291157C25FD7961DF2D03A1B6A0000000002719C40830CCA108E72C65A61B9E1C5FEFF682A1D1DFB8A43F112CDEB194BD9B72591C20000000002349340674A4DC60003666BCAC6}
         x{E_}
          x{4800A4BAF36B13E3AE770F28659A34B2D81F38859E8C08CF776F2BB4B44180438271002E74930F029149EC08380972A5584C717AD4204A4455F097F5E5877CB40E86DA90BCA3A88C0656E1D8000000000487AB08CE949B8DE_}
           x{34_}
            x{FF00F4A413F4BCF2C80B}
             x{62_}
              x{D001D0D3030171B0A301FA400120D74981010BBAF2E08820D70B0A208104FFBAF2D0898309BAF2E088545053036F04F86102F862DB3C5512DB3CF2E082}
               x{ED44D0D401F863D200018E2FD31FFA400120D74981010BBAF2E08820D70B0A208104FFBAF2D0898309BAF2E08801D2000191D4926D01E255206C13E0F828D70B0A8309BAF2E089810101D700FA400120D74981010BBAF2E08820D70B0A208104FFBAF2D0898309BAF2E0881202D101DB3C}
                x{6D}
               x{0192307FE07021D749C21F953020D70B1FDE208210AFE93535BA8F5130D31F018210AFE93535BAF2E081D33FFA400120D74981010BBAF2E08820D70B0A208104FFBAF2D0898309BAF2E08801D455206C1332820898968070FB024434DB3C30037083067055206D6D6DDB3C597FE0208210B8A3AA14BAE302}
                x{F8425220C705F2E084}
                x{C87101CA01500701CA007001CA02500520D74981010BBAF2E08820D70B0A208104FFBAF2D0898309BAF2E088CF165003FA027001CA68236EB3917F93246EB3E2973333017001CA00E30D216EB39C7F01CA0001206EF2D08001CC95317001CA00E2C901FB00}
                 x{7F01CA00C87001CA007001CA00246EB39D7F01CA0004206EF2D0805004CC9634037001CA00E2246EB39D7F01CA0004206EF2D0805004CC9634037001CA00E27001CA00027F01CA0002C958CC}
                x{30D31F018210B8A3AA14BAF2E081D33FFA400120D74981010BBAF2E08820D70B0A208104FFBAF2D0898309BAF2E088126C12317020FB025520DB3C03708100A07055206D6D6DDB3C587F}
                 x{F8425220C705F2E084}
                 x{C87101CA01500701CA007001CA02500520D74981010BBAF2E08820D70B0A208104FFBAF2D0898309BAF2E088CF165003FA027001CA68236EB3917F93246EB3E2973333017001CA00E30D216EB39C7F01CA0001206EF2D08001CC95317001CA00E2C901FB00}
                  x{7F01CA00C87001CA007001CA00246EB39D7F01CA0004206EF2D0805004CC9634037001CA00E2246EB39D7F01CA0004206EF2D0805004CC9634037001CA00E27001CA00027F01CA0002C958CC}
                x{8210E601F8E5BA8ECED31F018210E601F8E5BAF2E081D33F0131820898968070FB02F8416F2410235F037083067F25206EF2D080542580C855208210B687AB175004CB1F12CB3FCB1FCCC9103441301443306D6DDB3C7FE03070}
                 x{C87101CA01500701CA007001CA02500520D74981010BBAF2E08820D70B0A208104FFBAF2D0898309BAF2E088CF165003FA027001CA68236EB3917F93246EB3E2973333017001CA00E30D216EB39C7F01CA0001206EF2D08001CC95317001CA00E2C901FB00}
                  x{7F01CA00C87001CA007001CA00246EB39D7F01CA0004206EF2D0805004CC9634037001CA00E2246EB39D7F01CA0004206EF2D0805004CC9634037001CA00E27001CA00027F01CA0002C958CC}
               x{C8F84301CC7F01CA0055205023CB1F0120D74981010BBAF2E08820D70B0A208104FFBAF2D0898309BAF2E088CF16216EB3957F01CA00CC947032CA00E2C9ED54}
              x{2_}
               x{BE28EED9E6D9E3618C_}
                x{ED44D0D401F863D200018E2FD31FFA400120D74981010BBAF2E08820D70B0A208104FFBAF2D0898309BAF2E08801D2000191D4926D01E255206C13E0F828D70B0A8309BAF2E089810101D700FA400120D74981010BBAF2E08820D70B0A208104FFBAF2D0898309BAF2E0881202D101DB3C}
                 x{6D}
                x{21}
               x{2_}
                x{4}
                 x{B1D8B6CF36CF1B0C6_}
                  x{ED44D0D401F863D200018E2FD31FFA400120D74981010BBAF2E08820D70B0A208104FFBAF2D0898309BAF2E08801D2000191D4926D01E255206C13E0F828D70B0A8309BAF2E089810101D700FA400120D74981010BBAF2E08820D70B0A208104FFBAF2D0898309BAF2E0881202D101DB3C}
                   x{6D}
                  x{20}
                 x{B36436CF36CF1B0C6_}
                  x{ED44D0D401F863D200018E2FD31FFA400120D74981010BBAF2E08820D70B0A208104FFBAF2D0898309BAF2E08801D2000191D4926D01E255206C13E0F828D70B0A8309BAF2E089810101D700FA400120D74981010BBAF2E08820D70B0A208104FFBAF2D0898309BAF2E0881202D101DB3C}
                   x{6D}
                  x{22}
                x{B82BEED44D0D20001}
            x{0000000000000000000000000000000000000000000000000000000000000000200292EBCDAC4F8EB9DC3CA19668D2CB607CE2167A30233DDDBCAED2D106010E09C4_}
             x{C_}
              x{A0838F_}
               x{FF00F4A413F4BCF2C80B}
                x{62_}
                 x{D001D0D3030171B0A301FA400120D74981010BBAF2E08820D70B0A208104FFBAF2D0898309BAF2E088545053036F04F86102F862DB3C5512DB3CF2E082}
                  x{ED44D0D401F863D200018E2FD31FFA400120D74981010BBAF2E08820D70B0A208104FFBAF2D0898309BAF2E08801D2000191D4926D01E255206C13E0F828D70B0A8309BAF2E089810101D700FA400120D74981010BBAF2E08820D70B0A208104FFBAF2D0898309BAF2E0881202D101DB3C}
                   x{6D}
                  x{0192307FE07021D749C21F953020D70B1FDE208210AFE93535BA8F5130D31F018210AFE93535BAF2E081D33FFA400120D74981010BBAF2E08820D70B0A208104FFBAF2D0898309BAF2E08801D455206C1332820898968070FB024434DB3C30037083067055206D6D6DDB3C597FE0208210B8A3AA14BAE302}
                   x{F8425220C705F2E084}
                   x{C87101CA01500701CA007001CA02500520D74981010BBAF2E08820D70B0A208104FFBAF2D0898309BAF2E088CF165003FA027001CA68236EB3917F93246EB3E2973333017001CA00E30D216EB39C7F01CA0001206EF2D08001CC95317001CA00E2C901FB00}
                    x{7F01CA00C87001CA007001CA00246EB39D7F01CA0004206EF2D0805004CC9634037001CA00E2246EB39D7F01CA0004206EF2D0805004CC9634037001CA00E27001CA00027F01CA0002C958CC}
                   x{30D31F018210B8A3AA14BAF2E081D33FFA400120D74981010BBAF2E08820D70B0A208104FFBAF2D0898309BAF2E088126C12317020FB025520DB3C03708100A07055206D6D6DDB3C587F}
                    x{F8425220C705F2E084}
                    x{C87101CA01500701CA007001CA02500520D74981010BBAF2E08820D70B0A208104FFBAF2D0898309BAF2E088CF165003FA027001CA68236EB3917F93246EB3E2973333017001CA00E30D216EB39C7F01CA0001206EF2D08001CC95317001CA00E2C901FB00}
                     x{7F01CA00C87001CA007001CA00246EB39D7F01CA0004206EF2D0805004CC9634037001CA00E2246EB39D7F01CA0004206EF2D0805004CC9634037001CA00E27001CA00027F01CA0002C958CC}
                   x{8210E601F8E5BA8ECED31F018210E601F8E5BAF2E081D33F0131820898968070FB02F8416F2410235F037083067F25206EF2D080542580C855208210B687AB175004CB1F12CB3FCB1FCCC9103441301443306D6DDB3C7FE03070}
                    x{C87101CA01500701CA007001CA02500520D74981010BBAF2E08820D70B0A208104FFBAF2D0898309BAF2E088CF165003FA027001CA68236EB3917F93246EB3E2973333017001CA00E30D216EB39C7F01CA0001206EF2D08001CC95317001CA00E2C901FB00}
                     x{7F01CA00C87001CA007001CA00246EB39D7F01CA0004206EF2D0805004CC9634037001CA00E2246EB39D7F01CA0004206EF2D0805004CC9634037001CA00E27001CA00027F01CA0002C958CC}
                  x{C8F84301CC7F01CA0055205023CB1F0120D74981010BBAF2E08820D70B0A208104FFBAF2D0898309BAF2E088CF16216EB3957F01CA00CC947032CA00E2C9ED54}
                 x{2_}
                  x{BE28EED9E6D9E3618C_}
                   x{ED44D0D401F863D200018E2FD31FFA400120D74981010BBAF2E08820D70B0A208104FFBAF2D0898309BAF2E08801D2000191D4926D01E255206C13E0F828D70B0A8309BAF2E089810101D700FA400120D74981010BBAF2E08820D70B0A208104FFBAF2D0898309BAF2E0881202D101DB3C}
                    x{6D}
                   x{21}
                  x{2_}
                   x{4}
                    x{B1D8B6CF36CF1B0C6_}
                     x{ED44D0D401F863D200018E2FD31FFA400120D74981010BBAF2E08820D70B0A208104FFBAF2D0898309BAF2E08801D2000191D4926D01E255206C13E0F828D70B0A8309BAF2E089810101D700FA400120D74981010BBAF2E08820D70B0A208104FFBAF2D0898309BAF2E0881202D101DB3C}
                      x{6D}
                     x{20}
                    x{B36436CF36CF1B0C6_}
                     x{ED44D0D401F863D200018E2FD31FFA400120D74981010BBAF2E08820D70B0A208104FFBAF2D0898309BAF2E08801D2000191D4926D01E255206C13E0F828D70B0A8309BAF2E089810101D700FA400120D74981010BBAF2E08820D70B0A208104FFBAF2D0898309BAF2E0881202D101DB3C}
                      x{6D}
                     x{22}
                   x{B82BEED44D0D20001}
           x{B8A3AA140000000000000000801D3E5E1B0970E52ABD4EA639AED542E118FE33D2F03FE072737A6B74A8FDC2C69_}
          x{DF_}
           x{480173A49878148A4F6041C04B952AC2638BD6A1025222AF84BFAF2C3BE5A07436D5003A7CBC3612E1CA557A9D4C735DAA85C231FC67A5E07FC0E4E6F4D6E951FB858D10BE1E264C0608235A0000000004E33882CE949B8C4_}
         x{72CC4695B85DFE0FF884FD6F3A1FE0B02064A785F9CC1893F7CA9B3B4880BBD50490AEC8965AFABB16EBC3CB9B408EBAE71B618D78788BC80D09843593CAC98DA4}
         x{0C090BCA3A88D8667B9213_}
          x{44262C3D09000000000000000000FA00000000000000000000000000000000000000000000000000000000000000000000000000000000000000000000000000000000000000000000000000000000}
          x{DCC186A0260411A6000000000002000100000001F01808E7C65384854FD0A4F77793F95695733B675EB306C4FAC3CFF546A3D22720280B06_},
        hash: [Function: hash],
        blockchainLogs: '[ 4][t 0][2024-10-30 23:27:02.428000][transaction.cpp:443]\tunpacking account B9D24C3C0A4527B020E025CA956131C5EB5081291157C25FD7961DF2D03A1B6A\n' +
          '[ 4][t 0][2024-10-30 23:27:02.428000][transaction.cpp:274]\tlast_paid=1732922822; cells=28 bits=7123 public_cells=0\n' +
          '[ 4][t 0][2024-10-30 23:27:02.428000][transaction.cpp:504]\tend of Account.unpack() for 0:B9D24C3C0A4527B020E025CA956131C5EB5081291157C25FD7961DF2D03A1B6A (balance = 10000000ng ; last_trans_lt = 37000000..37000002)\n' +
          '[ 4][t 0][2024-10-30 23:27:02.428000][transaction.cpp:3655]\tblock random seed set to 0000000000000000000000000000000000000000000000000000000000000000\n' +
          '[ 4][t 0][2024-10-30 23:27:02.428000][transaction.cpp:1236]\tgas limits: max=1000000, limit=1000000, credit=0\n' +
          '[ 4][t 0][2024-10-30 23:27:02.428000][transaction.cpp:1571]\tHASH(in_msg_state) = B9D24C3C0A4527B020E025CA956131C5EB5081291157C25FD7961DF2D03A1B6A, account_state_hash = 0000000000000000000000000000000000000000000000000000000000000000\n' +
          '[ 4][t 0][2024-10-30 23:27:02.428000][transaction.cpp:1645]\tcreating VM\n' +
          '[ 4][t 0][2024-10-30 23:27:02.428000][transaction.cpp:1351]\tSmartContractInfo initialized with [ 124711402 0 0 1732922822 41000000 41000000 84630195367514639409622924175749312199831056191303332875639359062248049886761 [ 801210531 (null) ] CS{Cell{026dc00b9d24c3c0a4527b020e025ca956131c5eb5081291157c25fd7961df2d03a1b6a23886f4c33a526e300000000008d24d08e625a01340} bits: 1..268; refs: 0..0} C{A7EC01478F770EF8F8B037CC7E42F0ABF0D85A50E1828C2394DAD1411691F2DE} C{F2179DCD5CFD8A1E113288591FFB7A5E10E107D0D2C36DF69E40398023DAA7B1} [ 791210531 (null) ] 0 (null) [ CS{Cell{004dd06600000000000000000000000080000000000000fa00000000000001f4000000000003d09040} bits: 9..305; refs: 0..0} (null) CS{Cell{0094d1000000000000006400000000000f4240de000000002710000000000000000f42400000000002160ec0000000000000271000000000002625a00000000005f5e100000000003b9aca00} bits: 0..592; refs: 0..0} CS{Cell{0094d100000000000000640000000000009c40de000000000190000000000000000f424000000000000f4240000000000000271000000000009896800000000005f5e100000000003b9aca00} bits: 0..592; refs: 0..0} CS{Cell{0042ea000000000098968000000000271000000000000f424000000001800055555555} bits: 0..264; refs: 0..0} CS{Cell{0042ea0000000000061a800000000001900000000000009c4000000001800055555555} bits: 0..264; refs: 0..0} (null) ] 0 (null) ]\n' +
          '[ 4][t 0][2024-10-30 23:27:02.428000][transaction.cpp:1675]\tstarting VM\n' +
          '[ 4][t 0][2024-10-30 23:27:02.428000][transaction.cpp:1680]\tVM terminated with exit code 0\n' +
          '[ 3][t 0][2024-10-30 23:27:02.428000][transaction.cpp:1702]\tsteps: 250 gas: used=8497, max=1000000, limit=1000000, credit=0\n' +
          '[ 3][t 0][2024-10-30 23:27:02.428000][transaction.cpp:1704]\tout_of_gas=false, accepted=true, success=true, time=0.000444s\n' +
          '[ 4][t 0][2024-10-30 23:27:02.428000][transaction.cpp:1737]\tgas fees: 3398800 = 26214400 * 8497 /2^16 ; price=26214400; flat rate=[40000 for 100]; remaining balance=797811731ng\n' +
          '[ 3][t 0][2024-10-30 23:27:02.428000][transaction.cpp:2678]\tin try_action_reserve_currency(0)\n' +
          '[ 4][t 0][2024-10-30 23:27:02.429000][transaction.cpp:2684]\taction_reserve_currency: mode=0, reserve=0ng, balance=797811731ng, original balance=10000000ng\n' +
          '[ 3][t 0][2024-10-30 23:27:02.429000][transaction.cpp:2729]\tchanged remaining balance to 797811731ng, reserved balance to 0ng\n' +
          '[ 4][t 0][2024-10-30 23:27:02.429000][transaction.cpp:2448]\tstorage paid for a message: 0 cells, 0 bits\n' +
          '[ 4][t 0][2024-10-30 23:27:02.429000][transaction.cpp:2452]\tcomputed fwd fees = 400000 + 0\n',
        vmLogs: 'ecute STSLICER\n' +
          'execute OVER\n' +
          'execute ISNULL\n' +
          'execute NOT\n' +
          'execute PUSHCONT x7F01CA00CC\n' +
          'execute PUSHCONT x7032CA00\n' +
          'execute IFELSE\n' +
          'execute PUSHINT -1\n' +
          'execute SWAP\n' +
          'execute STI 1\n' +
          'execute STREF\n' +
          'execute implicit RET\n' +
          'execute ENDC\n' +
          'execute POP c4\n' +
          'execute implicit RET\n',
        debugLogs: '',
        events: [ [Object], [Object] ],
        parent: {
          address: 37254810366437813475271750514734067285117962570475561289538093995582013161784n,
          lt: 38000000n,
          prevTransactionHash: 39824705013870701617568000648282168983788436640977755993313609966950274030393n,
          prevTransactionLt: 36000000n,
          now: 1732922822,
          outMessagesCount: 4,
          oldStatus: 'active',
          endStatus: 'active',
          inMessage: [Object],
          outMessages: [Dictionary],
          totalFees: [Object],
          stateUpdate: [Object],
          description: [Object],
          raw: x{7525D79B589F1D73B879432CD1A596C0F9C42CF460467BBB795DA5A20C021C138000000000243D580580BFBF7DE1BF2C0CB14ABCD55C3EF49D862E16115E21DD82151BA8D12B3DB390000000002255100674A4DC600094803B6BE68}
           x{E_}
            x{680173A49878148A4F6041C04B952AC2638BD6A1025222AF84BFAF2C3BE5A07436D50014975E6D627C75CEE1E50CB346965B03E710B3D18119EEEDE57696883008704E10E51839CC0610D45E0000000004692682CE949B8C5B43D58B8000000000000000000000004_}
             x{02202FAF080202FAF08021DCD65001CC4B4021DCD6500339160633397F7E33391606333A526E300000000800000004_}
              x{801028CD38D6A9FB165BB1D27554DCBBC8B7A064E07EF4C3832956828113614F545_}
            x{DB_}
             x{2_}
              x{2_}
               x{6800A4BAF36B13E3AE770F28659A34B2D81F38859E8C08CF776F2BB4B44180438271001F33C9E03834F86C2DA0166D0212C129A321D08D5D171B4080758BCF48863C4D90101931000609BBB0000000000487AB02CE949B8CC_}
                x{BC26F4C80000000000000000}
              x{2_}
               x{6800A4BAF36B13E3AE770F28659A34B2D81F38859E8C08CF776F2BB4B4418043827100384BA6D6A6B7DF2422C44C909493A07C03CA0A1FF860A7ED8531810050149DDF10101931000609BBB0000000000487AB04CE949B8CC_}
                x{BC26F4C80000000000000001}
             x{2_}
              x{2_}
               x{E00292EBCDAC4F8EB9DC3CA19668D2CB607CE2167A30233DDDBCAED2D106010E09C0000000000487AB06CE949B8CC_}
                x{8B6D3812000000000000000000000000801028CD38D6A9FB165BB1D27554DCBBC8B7A064E07EF4C3832956828113614F544877359401_}
              x{2_}
               x{4800A4BAF36B13E3AE770F28659A34B2D81F38859E8C08CF776F2BB4B44180438271002E74930F029149EC08380972A5584C717AD4204A4455F097F5E5877CB40E86DA90BCA3A88C0656E1D8000000000487AB08CE949B8DE_}
                x{34_}
                 x{FF00F4A413F4BCF2C80B}
                  x{62_}
                   x{D001D0D3030171B0A301FA400120D74981010BBAF2E08820D70B0A208104FFBAF2D0898309BAF2E088545053036F04F86102F862DB3C5512DB3CF2E082}
                    x{ED44D0D401F863D200018E2FD31FFA400120D74981010BBAF2E08820D70B0A208104FFBAF2D0898309BAF2E08801D2000191D4926D01E255206C13E0F828D70B0A8309BAF2E089810101D700FA400120D74981010BBAF2E08820D70B0A208104FFBAF2D0898309BAF2E0881202D101DB3C}
                     x{6D}
                    x{0192307FE07021D749C21F953020D70B1FDE208210AFE93535BA8F5130D31F018210AFE93535BAF2E081D33FFA400120D74981010BBAF2E08820D70B0A208104FFBAF2D0898309BAF2E08801D455206C1332820898968070FB024434DB3C30037083067055206D6D6DDB3C597FE0208210B8A3AA14BAE302}
                     x{F8425220C705F2E084}
                     x{C87101CA01500701CA007001CA02500520D74981010BBAF2E08820D70B0A208104FFBAF2D0898309BAF2E088CF165003FA027001CA68236EB3917F93246EB3E2973333017001CA00E30D216EB39C7F01CA0001206EF2D08001CC95317001CA00E2C901FB00}
                      x{7F01CA00C87001CA007001CA00246EB39D7F01CA0004206EF2D0805004CC9634037001CA00E2246EB39D7F01CA0004206EF2D0805004CC9634037001CA00E27001CA00027F01CA0002C958CC}
                     x{30D31F018210B8A3AA14BAF2E081D33FFA400120D74981010BBAF2E08820D70B0A208104FFBAF2D0898309BAF2E088126C12317020FB025520DB3C03708100A07055206D6D6DDB3C587F}
                      x{F8425220C705F2E084}
                      x{C87101CA01500701CA007001CA02500520D74981010BBAF2E08820D70B0A208104FFBAF2D0898309BAF2E088CF165003FA027001CA68236EB3917F93246EB3E2973333017001CA00E30D216EB39C7F01CA0001206EF2D08001CC95317001CA00E2C901FB00}
                       x{7F01CA00C87001CA007001CA00246EB39D7F01CA0004206EF2D0805004CC9634037001CA00E2246EB39D7F01CA0004206EF2D0805004CC9634037001CA00E27001CA00027F01CA0002C958CC}
                     x{8210E601F8E5BA8ECED31F018210E601F8E5BAF2E081D33F0131820898968070FB02F8416F2410235F037083067F25206EF2D080542580C855208210B687AB175004CB1F12CB3FCB1FCCC9103441301443306D6DDB3C7FE03070}
                      x{C87101CA01500701CA007001CA02500520D74981010BBAF2E08820D70B0A208104FFBAF2D0898309BAF2E088CF165003FA027001CA68236EB3917F93246EB3E2973333017001CA00E30D216EB39C7F01CA0001206EF2D08001CC95317001CA00E2C901FB00}
                       x{7F01CA00C87001CA007001CA00246EB39D7F01CA0004206EF2D0805004CC9634037001CA00E2246EB39D7F01CA0004206EF2D0805004CC9634037001CA00E27001CA00027F01CA0002C958CC}
                    x{C8F84301CC7F01CA0055205023CB1F0120D74981010BBAF2E08820D70B0A208104FFBAF2D0898309BAF2E088CF16216EB3957F01CA00CC947032CA00E2C9ED54}
                   x{2_}
                    x{BE28EED9E6D9E3618C_}
                     x{ED44D0D401F863D200018E2FD31FFA400120D74981010BBAF2E08820D70B0A208104FFBAF2D0898309BAF2E08801D2000191D4926D01E255206C13E0F828D70B0A8309BAF2E089810101D700FA400120D74981010BBAF2E08820D70B0A208104FFBAF2D0898309BAF2E0881202D101DB3C}
                      x{6D}
                     x{21}
                    x{2_}
                     x{4}
                      x{B1D8B6CF36CF1B0C6_}
                       x{ED44D0D401F863D200018E2FD31FFA400120D74981010BBAF2E08820D70B0A208104FFBAF2D0898309BAF2E08801D2000191D4926D01E255206C13E0F828D70B0A8309BAF2E089810101D700FA400120D74981010BBAF2E08820D70B0A208104FFBAF2D0898309BAF2E0881202D101DB3C}
                        x{6D}
                       x{20}
                      x{B36436CF36CF1B0C6_}
                       x{ED44D0D401F863D200018E2FD31FFA400120D74981010BBAF2E08820D70B0A208104FFBAF2D0898309BAF2E08801D2000191D4926D01E255206C13E0F828D70B0A8309BAF2E089810101D700FA400120D74981010BBAF2E08820D70B0A208104FFBAF2D0898309BAF2E0881202D101DB3C}
                        x{6D}
                       x{22}
                     x{B82BEED44D0D20001}
                 x{0000000000000000000000000000000000000000000000000000000000000000200292EBCDAC4F8EB9DC3CA19668D2CB607CE2167A30233DDDBCAED2D106010E09C4_}
                  x{C_}
                   x{A0838F_}
                    x{FF00F4A413F4BCF2C80B}
                     x{62_}
                      x{D001D0D3030171B0A301FA400120D74981010BBAF2E08820D70B0A208104FFBAF2D0898309BAF2E088545053036F04F86102F862DB3C5512DB3CF2E082}
                       x{ED44D0D401F863D200018E2FD31FFA400120D74981010BBAF2E08820D70B0A208104FFBAF2D0898309BAF2E08801D2000191D4926D01E255206C13E0F828D70B0A8309BAF2E089810101D700FA400120D74981010BBAF2E08820D70B0A208104FFBAF2D0898309BAF2E0881202D101DB3C}
                        x{6D}
                       x{0192307FE07021D749C21F953020D70B1FDE208210AFE93535BA8F5130D31F018210AFE93535BAF2E081D33FFA400120D74981010BBAF2E08820D70B0A208104FFBAF2D0898309BAF2E08801D455206C1332820898968070FB024434DB3C30037083067055206D6D6DDB3C597FE0208210B8A3AA14BAE302}
                        x{F8425220C705F2E084}
                        x{C87101CA01500701CA007001CA02500520D74981010BBAF2E08820D70B0A208104FFBAF2D0898309BAF2E088CF165003FA027001CA68236EB3917F93246EB3E2973333017001CA00E30D216EB39C7F01CA0001206EF2D08001CC95317001CA00E2C901FB00}
                         x{7F01CA00C87001CA007001CA00246EB39D7F01CA0004206EF2D0805004CC9634037001CA00E2246EB39D7F01CA0004206EF2D0805004CC9634037001CA00E27001CA00027F01CA0002C958CC}
                        x{30D31F018210B8A3AA14BAF2E081D33FFA400120D74981010BBAF2E08820D70B0A208104FFBAF2D0898309BAF2E088126C12317020FB025520DB3C03708100A07055206D6D6DDB3C587F}
                         x{F8425220C705F2E084}
                         x{C87101CA01500701CA007001CA02500520D74981010BBAF2E08820D70B0A208104FFBAF2D0898309BAF2E088CF165003FA027001CA68236EB3917F93246EB3E2973333017001CA00E30D216EB39C7F01CA0001206EF2D08001CC95317001CA00E2C901FB00}
                          x{7F01CA00C87001CA007001CA00246EB39D7F01CA0004206EF2D0805004CC9634037001CA00E2246EB39D7F01CA0004206EF2D0805004CC9634037001CA00E27001CA00027F01CA0002C958CC}
                        x{8210E601F8E5BA8ECED31F018210E601F8E5BAF2E081D33F0131820898968070FB02F8416F2410235F037083067F25206EF2D080542580C855208210B687AB175004CB1F12CB3FCB1FCCC9103441301443306D6DDB3C7FE03070}
                         x{C87101CA01500701CA007001CA02500520D74981010BBAF2E08820D70B0A208104FFBAF2D0898309BAF2E088CF165003FA027001CA68236EB3917F93246EB3E2973333017001CA00E30D216EB39C7F01CA0001206EF2D08001CC95317001CA00E2C901FB00}
                          x{7F01CA00C87001CA007001CA00246EB39D7F01CA0004206EF2D0805004CC9634037001CA00E2246EB39D7F01CA0004206EF2D0805004CC9634037001CA00E27001CA00027F01CA0002C958CC}
                       x{C8F84301CC7F01CA0055205023CB1F0120D74981010BBAF2E08820D70B0A208104FFBAF2D0898309BAF2E088CF16216EB3957F01CA00CC947032CA00E2C9ED54}
                      x{2_}
                       x{BE28EED9E6D9E3618C_}
                        x{ED44D0D401F863D200018E2FD31FFA400120D74981010BBAF2E08820D70B0A208104FFBAF2D0898309BAF2E08801D2000191D4926D01E255206C13E0F828D70B0A8309BAF2E089810101D700FA400120D74981010BBAF2E08820D70B0A208104FFBAF2D0898309BAF2E0881202D101DB3C}
                         x{6D}
                        x{21}
                       x{2_}
                        x{4}
                         x{B1D8B6CF36CF1B0C6_}
                          x{ED44D0D401F863D200018E2FD31FFA400120D74981010BBAF2E08820D70B0A208104FFBAF2D0898309BAF2E08801D2000191D4926D01E255206C13E0F828D70B0A8309BAF2E089810101D700FA400120D74981010BBAF2E08820D70B0A208104FFBAF2D0898309BAF2E0881202D101DB3C}
                           x{6D}
                          x{20}
                         x{B36436CF36CF1B0C6_}
                          x{ED44D0D401F863D200018E2FD31FFA400120D74981010BBAF2E08820D70B0A208104FFBAF2D0898309BAF2E08801D2000191D4926D01E255206C13E0F828D70B0A8309BAF2E089810101D700FA400120D74981010BBAF2E08820D70B0A208104FFBAF2D0898309BAF2E0881202D101DB3C}
                           x{6D}
                          x{22}
                        x{B82BEED44D0D20001}
                x{B8A3AA140000000000000000801D3E5E1B0970E52ABD4EA639AED542E118FE33D2F03FE072737A6B74A8FDC2C69_}
           x{7293BB1254A623083413644500324F570E08312FBEF6048A58F11D2CCAA792E020CAC0C1A57DA66FD3814BF47BDC18D3554981F1231AB21BC7C93E1A37137B9003}
           x{04090E51839CD88036EE1C11_}
            x{602327CC3D09000000000000000007C100000000000000000000000000000000000000000000000000000000000000000000000000000000000000000000000000000000000000000000000000000000}
            x{C9AC8D784C8FB95000000000000A0002000000086C667028F3CC35C5E1D1AEB75B20D68906AE33005305D31C6C00E378213282B048913B24_},
          hash: [Function: hash],
          blockchainLogs: '[ 4][t 0][2024-10-30 23:27:02.414000][transaction.cpp:443]\tunpacking account 525D79B589F1D73B879432CD1A596C0F9C42CF460467BBB795DA5A20C021C138\n' +
            '[ 4][t 0][2024-10-30 23:27:02.414000][transaction.cpp:274]\tlast_paid=1732922822; cells=232 bits=84034 public_cells=0\n' +
            '[ 4][t 0][2024-10-30 23:27:02.414000][transaction.cpp:504]\tend of Account.unpack() for 0:525D79B589F1D73B879432CD1A596C0F9C42CF460467BBB795DA5A20C021C138 (balance = 2100000000ng ; last_trans_lt = 36000000..36000002)\n' +
            '[ 4][t 0][2024-10-30 23:27:02.414000][transaction.cpp:3655]\tblock random seed set to 0000000000000000000000000000000000000000000000000000000000000000\n' +
            '[ 4][t 0][2024-10-30 23:27:02.414000][transaction.cpp:1236]\tgas limits: max=1000000, limit=1000000, credit=0\n' +
            '[ 4][t 0][2024-10-30 23:27:02.414000][transaction.cpp:1575]\tin_msg_state is null\n' +
            '[ 4][t 0][2024-10-30 23:27:02.414000][transaction.cpp:1645]\tcreating VM\n' +
            '[ 4][t 0][2024-10-30 23:27:02.414000][transaction.cpp:1351]\tSmartContractInfo initialized with [ 124711402 0 0 1732922822 38000000 38000000 14068792954309835536948273256715513127174070948738620016199408580766834334284 [ 3060892531 (null) ] CS{Cell{0271c00525d79b589f1d73b879432cd1a596c0f9c42cf460467bbb795da5a20c021c1383d0c05210833a526e3000000000089544091f4add401340} bits: 1..268; refs: 0..0} C{A7EC01478F770EF8F8B037CC7E42F0ABF0D85A50E1828C2394DAD1411691F2DE} C{42B6F0E46484EFC57B9508F6BA7EF42E7512023D5CB4ED5628DD1C7755D16E9D} [ 960892531 (null) ] 0 (null) [ CS{Cell{004dd06600000000000000000000000080000000000000fa00000000000001f4000000000003d09040} bits: 9..305; refs: 0..0} (null) CS{Cell{0094d1000000000000006400000000000f4240de000000002710000000000000000f42400000000002160ec0000000000000271000000000002625a00000000005f5e100000000003b9aca00} bits: 0..592; refs: 0..0} CS{Cell{0094d100000000000000640000000000009c40de000000000190000000000000000f424000000000000f4240000000000000271000000000009896800000000005f5e100000000003b9aca00} bits: 0..592; refs: 0..0} CS{Cell{0042ea000000000098968000000000271000000000000f424000000001800055555555} bits: 0..264; refs: 0..0} CS{Cell{0042ea0000000000061a800000000001900000000000009c4000000001800055555555} bits: 0..264; refs: 0..0} (null) ] 0 (null) ]\n' +
            '[ 4][t 0][2024-10-30 23:27:02.414000][transaction.cpp:1675]\tstarting VM\n' +
            '[ 4][t 0][2024-10-30 23:27:02.416000][transaction.cpp:1680]\tVM terminated with exit code 0\n' +
            '[ 3][t 0][2024-10-30 23:27:02.416000][transaction.cpp:1702]\tsteps: 1985 gas: used=71998, max=1000000, limit=1000000, credit=0\n' +
            '[ 3][t 0][2024-10-30 23:27:02.416000][transaction.cpp:1704]\tout_of_gas=false, accepted=true, success=true, time=0.001959s\n' +
            '[ 4][t 0][2024-10-30 23:27:02.416000][transaction.cpp:1737]\tgas fees: 28799200 = 26214400 * 71998 /2^16 ; price=26214400; flat rate=[40000 for 100]; remaining balance=3032093331ng\n' +
            '[ 3][t 0][2024-10-30 23:27:02.416000][transaction.cpp:2678]\tin try_action_reserve_currency(0)\n' +
            '[ 4][t 0][2024-10-30 23:27:02.416000][transaction.cpp:2684]\taction_reserve_currency: mode=0, reserve=2100000000ng, balance=3032093331ng, original balance=2100000000ng\n' +
            '[ 3][t 0][2024-10-30 23:27:02.416000][transaction.cpp:2729]\tchanged remaining balance to 932093331ng, reserved balance to 2100000000ng\n' +
            '[ 4][t 0][2024-10-30 23:27:02.416000][transaction.cpp:2448]\tstorage paid for a message: 1 cells, 96 bits\n' +
            '[ 4][t 0][2024-10-30 23:27:02.417000][transaction.cpp:2452]\tcomputed fwd fees = 478400 + 0\n' +
            '[ 4][t 0][2024-10-30 23:27:02.417000][transaction.cpp:2448]\tstorage paid for a message: 1 cells, 96 bits\n' +
            '[ 4][t 0][2024-10-30 23:27:02.417000][transaction.cpp:2452]\tcomputed fwd fees = 478400 + 0\n' +
            '[ 4][t 0][2024-10-30 23:27:02.417000][transaction.cpp:2448]\tstorage paid for a message: 1 cells, 431 bits\n' +
            '[ 4][t 0][2024-10-30 23:27:02.417000][transaction.cpp:2452]\tcomputed fwd fees = 612400 + 0\n' +
            '[ 4][t 0][2024-10-30 23:27:02.417000][transaction.cpp:2448]\tstorage paid for a message: 27 cells, 6976 bits\n' +
            '[ 4][t 0][2024-10-30 23:27:02.417000][transaction.cpp:2452]\tcomputed fwd fees = 4270400 + 0\n',
          vmLogs: 'xecute EQUAL\n' +
            'execute THROWIF 137\n' +
            'execute PUSHPOW2 10\n' +
            'execute EQUAL\n' +
            'execute THROWIFNOT 136\n' +
            'execute STSLICER\n' +
            'execute ENDC\n' +
            'execute ROT\n' +
            'execute STREF\n' +
            'execute ENDC\n' +
            'execute SWAP\n' +
            'execute STREF\n' +
            'execute implicit RET\n' +
            'execute ENDC\n' +
            'execute POP c4\n' +
            'execute implicit RET\n',
          debugLogs: '',
          events: [Array],
          parent: [Object],
          children: [Array],
          externals: [Array]
        },
        children: [ [Object] ],
        externals: []
      },
      {
        address: 37254810366437813475271750514734067285117962570475561289538093995582013161784n,
        lt: 42000000n,
        prevTransactionHash: 26255571664539723262156208020659816085419938624023380505895878115368677336609n,
        prevTransactionLt: 38000000n,
        now: 1732922822,
        outMessagesCount: 2,
        oldStatus: 'active',
        endStatus: 'active',
        inMessage: {
          info: [Object],
          init: null,
          body: x{2A004A0500000000000000000000000000000000000000000000000000000000000000000000000000000000C00814669C6B54FD8B2DD8E93AAA6E5DE45BD032703F7A61C194AB414089B0A7AA2}
        },
        outMessages: Dictionary { _key: [Object], _value: [Object], _map: [Map] },
        totalFees: { coins: 11323062n },
        stateUpdate: {
          oldHash: <Buffer ca c0 c1 a5 7d a6 6f d3 81 4b f4 7b dc 18 d3 55 49 81 f1 23 1a b2 1b c7 c9 3e 1a 37 13 7b 90 03>,
          newHash: <Buffer b8 19 45 28 11 f2 5c 01 86 b1 8f ab 41 64 81 42 b5 92 88 8c 48 22 a2 b9 a1 e9 1a 4a 30 e5 57 f3>
        },
        description: {
          type: 'generic',
          creditFirst: false,
          storagePhase: [Object],
          creditPhase: [Object],
          computePhase: [Object],
          actionPhase: [Object],
          bouncePhase: undefined,
          aborted: false,
          destroyed: false
        },
        raw: x{7525D79B589F1D73B879432CD1A596C0F9C42CF460467BBB795DA5A20C021C138000000000280DE803A0C207F1449CE7BE0D71FAB2B69ECA262660DE3A9EDFF8F5A7D1E34B20EE621000000000243D580674A4DC6000547598D6C}
         x{E_}
          x{6800F99E4F01C1A7C3616D00B3681096094D190E846AE8B8DA0403AC5E7A4431E26D0014975E6D627C75CEE1E50CB346965B03E710B3D18119EEEDE57696883008704E101119EF88060DFF5E0000000004A62F82CE949B8CC_}
           x{2A004A0500000000000000000000000000000000000000000000000000000000000000000000000000000000C00814669C6B54FD8B2DD8E93AAA6E5DE45BD032703F7A61C194AB414089B0A7AA2}
          x{DD_}
           x{2_}
            x{6800A4BAF36B13E3AE770F28659A34B2D81F38859E8C08CF776F2BB4B441804382710020519A71AD53F62CB763A4EAA9B977916F40C9C0FDE9870652AD050226C29EA890FA19E1000608235A000000000501BD02CE949B8C4_}
           x{2_}
            x{6800A4BAF36B13E3AE770F28659A34B2D81F38859E8C08CF776F2BB4B44180438271003A7CBC3612E1CA557A9D4C735DAA85C231FC67A5E07FC0E4E6F4D6E951FB858D100E4647480608235A000000000501BD04CE949B8C4_}
         x{72CAC0C1A57DA66FD3814BF47BDC18D3554981F1231AB21BC7C93E1A37137B9003B819452811F25C0186B18FAB41648142B592888C4822A2B9A1E91A4A30E557F3}
         x{040901119EF8987516A211_}
          x{4D7F2C0AF1E00000000000000002E500000000000000000000000000000000000000000000000000000000000000000000000000000000000000000000000000000000000000000000000000000000}
          x{C9861A804C104698000000000006000200000004520F5BFAE2DB811E659CF17FB03F2335C3023F4A4B88DDB137FBD366D6D178EA40902C14_},
        hash: [Function: hash],
        blockchainLogs: '[ 4][t 0][2024-10-30 23:27:02.432000][transaction.cpp:443]\tunpacking account 525D79B589F1D73B879432CD1A596C0F9C42CF460467BBB795DA5A20C021C138\n' +
          '[ 4][t 0][2024-10-30 23:27:02.432000][transaction.cpp:274]\tlast_paid=1732922822; cells=234 bits=84033 public_cells=0\n' +
          '[ 4][t 0][2024-10-30 23:27:02.432000][transaction.cpp:504]\tend of Account.unpack() for 0:525D79B589F1D73B879432CD1A596C0F9C42CF460467BBB795DA5A20C021C138 (balance = 2100000000ng ; last_trans_lt = 38000000..38000005)\n' +
          '[ 4][t 0][2024-10-30 23:27:02.432000][transaction.cpp:3655]\tblock random seed set to 0000000000000000000000000000000000000000000000000000000000000000\n' +
          '[ 4][t 0][2024-10-30 23:27:02.432000][transaction.cpp:1236]\tgas limits: max=1000000, limit=179320, credit=0\n' +
          '[ 4][t 0][2024-10-30 23:27:02.432000][transaction.cpp:1575]\tin_msg_state is null\n' +
          '[ 4][t 0][2024-10-30 23:27:02.432000][transaction.cpp:1645]\tcreating VM\n' +
          '[ 4][t 0][2024-10-30 23:27:02.432000][transaction.cpp:1351]\tSmartContractInfo initialized with [ 124711402 0 0 1732922822 42000000 42000000 14068792954309835536948273256715513127174070948738620016199408580766834334284 [ 2171728098 (null) ] CS{Cell{0271c00525d79b589f1d73b879432cd1a596c0f9c42cf460467bbb795da5a20c021c1383d4c05210433a526e3000000000090f56151f4add401340} bits: 1..268; refs: 0..0} C{A7EC01478F770EF8F8B037CC7E42F0ABF0D85A50E1828C2394DAD1411691F2DE} C{42B6F0E46484EFC57B9508F6BA7EF42E7512023D5CB4ED5628DD1C7755D16E9D} [ 71728098 (null) ] 0 (null) [ CS{Cell{004dd06600000000000000000000000080000000000000fa00000000000001f4000000000003d09040} bits: 9..305; refs: 0..0} (null) CS{Cell{0094d1000000000000006400000000000f4240de000000002710000000000000000f42400000000002160ec0000000000000271000000000002625a00000000005f5e100000000003b9aca00} bits: 0..592; refs: 0..0} CS{Cell{0094d100000000000000640000000000009c40de000000000190000000000000000f424000000000000f4240000000000000271000000000009896800000000005f5e100000000003b9aca00} bits: 0..592; refs: 0..0} CS{Cell{0042ea000000000098968000000000271000000000000f424000000001800055555555} bits: 0..264; refs: 0..0} CS{Cell{0042ea0000000000061a800000000001900000000000009c4000000001800055555555} bits: 0..264; refs: 0..0} (null) ] 0 (null) ]\n' +
          '[ 4][t 0][2024-10-30 23:27:02.432000][transaction.cpp:1675]\tstarting VM\n' +
          '[ 4][t 0][2024-10-30 23:27:02.433000][transaction.cpp:1680]\tVM terminated with exit code 0\n' +
          '[ 3][t 0][2024-10-30 23:27:02.433000][transaction.cpp:1702]\tsteps: 741 gas: used=27641, max=1000000, limit=179320, credit=0\n' +
          '[ 3][t 0][2024-10-30 23:27:02.433000][transaction.cpp:1704]\tout_of_gas=false, accepted=true, success=true, time=0.000827s\n' +
          '[ 4][t 0][2024-10-30 23:27:02.433000][transaction.cpp:1737]\tgas fees: 11056400 = 26214400 * 27641 /2^16 ; price=26214400; flat rate=[40000 for 100]; remaining balance=2160671698ng\n' +
          '[ 3][t 0][2024-10-30 23:27:02.433000][transaction.cpp:2678]\tin try_action_reserve_currency(0)\n' +
          '[ 4][t 0][2024-10-30 23:27:02.433000][transaction.cpp:2684]\taction_reserve_currency: mode=0, reserve=1051000000ng, balance=2160671698ng, original balance=2100000000ng\n' +
          '[ 3][t 0][2024-10-30 23:27:02.433000][transaction.cpp:2729]\tchanged remaining balance to 1109671698ng, reserved balance to 1051000000ng\n' +
          '[ 4][t 0][2024-10-30 23:27:02.433000][transaction.cpp:2448]\tstorage paid for a message: 0 cells, 0 bits\n' +
          '[ 4][t 0][2024-10-30 23:27:02.433000][transaction.cpp:2452]\tcomputed fwd fees = 400000 + 0\n' +
          '[ 4][t 0][2024-10-30 23:27:02.433000][transaction.cpp:2448]\tstorage paid for a message: 0 cells, 0 bits\n' +
          '[ 4][t 0][2024-10-30 23:27:02.433000][transaction.cpp:2452]\tcomputed fwd fees = 400000 + 0\n',
        vmLogs: 'xecute EQUAL\n' +
          'execute THROWIF 137\n' +
          'execute PUSHPOW2 10\n' +
          'execute EQUAL\n' +
          'execute THROWIFNOT 136\n' +
          'execute STSLICER\n' +
          'execute ENDC\n' +
          'execute ROT\n' +
          'execute STREF\n' +
          'execute ENDC\n' +
          'execute SWAP\n' +
          'execute STREF\n' +
          'execute implicit RET\n' +
          'execute ENDC\n' +
          'execute POP c4\n' +
          'execute implicit RET\n',
        debugLogs: '',
        events: [ [Object], [Object] ],
        parent: {
          address: 56452803209391972311245829800318013664241380452486081517026592719308720763190n,
          lt: 39000000n,
          prevTransactionHash: 49488439023795383437134713937281551215679157855153094262467061346103847018906n,
          prevTransactionLt: 28000000n,
          now: 1732922822,
          outMessagesCount: 1,
          oldStatus: 'active',
          endStatus: 'active',
          inMessage: [Object],
          outMessages: [Dictionary],
          totalFees: [Object],
          stateUpdate: [Object],
          description: [Object],
          raw: x{77CCF2780E0D3E1B0B68059B4084B04A68C874235745C6D0201D62F3D2218F13600000000025317C06D6976C0265A1BA6D09F320F80F2E4D80CD13F7D45971BB3DD114B469153E19A0000000001AB3F00674A4DC6000346A2CE5E}
           x{E_}
            x{6800A4BAF36B13E3AE770F28659A34B2D81F38859E8C08CF776F2BB4B44180438271001F33C9E03834F86C2DA0166D0212C129A321D08D5D171B4080758BCF48863C4D90101931000609BBB0000000000487AB02CE949B8C5E137A6400000000000000004_}
            x{DF_}
             x{6800F99E4F01C1A7C3616D00B3681096094D190E846AE8B8DA0403AC5E7A4431E26D0014975E6D627C75CEE1E50CB346965B03E710B3D18119EEEDE57696883008704E101119EF88060DFF5E0000000004A62F82CE949B8CC_}
              x{2A004A0500000000000000000000000000000000000000000000000000000000000000000000000000000000C00814669C6B54FD8B2DD8E93AAA6E5DE45BD032703F7A61C194AB414089B0A7AA2}
           x{7270BF11CDAC9D2CC11102D8E5E51C846575A35F885F9222DF4AB1B7F5CB9AEE3FD9BD675E8CC217FDF529A004F2728B40BA964946BC88FB4359FD3418D7E73CF8}
           x{04C4360789010193101867A1E811_}
            x{44E28C0A4D9000000000000000013D00000000000000000000000000000000000000000000000000000000000000000000000000000000000000000000000000000000000000000000000000000000}
            x{C9853FC04C0DFF44000000000002000000000002E314399E9181B61CA6ACAC445010D6EB366B5E165776588A9812DBEC1225A8904090296C_},
          hash: [Function: hash],
          blockchainLogs: '[ 4][t 0][2024-10-30 23:27:02.422000][transaction.cpp:443]\tunpacking account 7CCF2780E0D3E1B0B68059B4084B04A68C874235745C6D0201D62F3D2218F136\n' +
            '[ 4][t 0][2024-10-30 23:27:02.422000][transaction.cpp:274]\tlast_paid=1730330822; cells=30 bits=12911 public_cells=0\n' +
            '[ 4][t 0][2024-10-30 23:27:02.422000][transaction.cpp:504]\tend of Account.unpack() for 0:7CCF2780E0D3E1B0B68059B4084B04A68C874235745C6D0201D62F3D2218F136 (balance = 10000000ng ; last_trans_lt = 28000000..28000002)\n' +
            '[ 4][t 0][2024-10-30 23:27:02.422000][transaction.cpp:3655]\tblock random seed set to 0000000000000000000000000000000000000000000000000000000000000000\n' +
            '[ 4][t 0][2024-10-30 23:27:02.422000][transaction.cpp:1236]\tgas limits: max=191044, limit=168804, credit=0\n' +
            '[ 4][t 0][2024-10-30 23:27:02.422000][transaction.cpp:1575]\tin_msg_state is null\n' +
            '[ 4][t 0][2024-10-30 23:27:02.422000][transaction.cpp:1645]\tcreating VM\n' +
            '[ 4][t 0][2024-10-30 23:27:02.422000][transaction.cpp:1351]\tSmartContractInfo initialized with [ 124711402 0 0 1732922822 39000000 39000000 17158678860825839941702393232993838109470607978381324670400578166443069604636 [ 76417698 (null) ] CS{Cell{026dc007ccf2780e0d3e1b0b68059b4084b04a68c874235745c6d0201d62f3d2218f13623c8c9bc3391606300000000006acfc08e625a01340} bits: 1..268; refs: 0..0} C{A7EC01478F770EF8F8B037CC7E42F0ABF0D85A50E1828C2394DAD1411691F2DE} C{33BB148A451AD17F938AA7C476E48F2B79933715F13F1D58F9234A90730321A8} [ 67521600 (null) ] 1103902 (null) [ CS{Cell{004dd06600000000000000000000000080000000000000fa00000000000001f4000000000003d09040} bits: 9..305; refs: 0..0} (null) CS{Cell{0094d1000000000000006400000000000f4240de000000002710000000000000000f42400000000002160ec0000000000000271000000000002625a00000000005f5e100000000003b9aca00} bits: 0..592; refs: 0..0} CS{Cell{0094d100000000000000640000000000009c40de000000000190000000000000000f424000000000000f4240000000000000271000000000009896800000000005f5e100000000003b9aca00} bits: 0..592; refs: 0..0} CS{Cell{0042ea000000000098968000000000271000000000000f424000000001800055555555} bits: 0..264; refs: 0..0} CS{Cell{0042ea0000000000061a800000000001900000000000009c4000000001800055555555} bits: 0..264; refs: 0..0} (null) ] 0 (null) ]\n' +
            '[ 4][t 0][2024-10-30 23:27:02.422000][transaction.cpp:1675]\tstarting VM\n' +
            '[ 4][t 0][2024-10-30 23:27:02.422000][transaction.cpp:1680]\tVM terminated with exit code 0\n' +
            '[ 3][t 0][2024-10-30 23:27:02.422000][transaction.cpp:1702]\tsteps: 317 gas: used=10004, max=191044, limit=168804, credit=0\n' +
            '[ 3][t 0][2024-10-30 23:27:02.422000][transaction.cpp:1704]\tout_of_gas=false, accepted=true, success=true, time=0.000322s\n' +
            '[ 4][t 0][2024-10-30 23:27:02.422000][transaction.cpp:1737]\tgas fees: 4001600 = 26214400 * 10004 /2^16 ; price=26214400; flat rate=[40000 for 100]; remaining balance=72416098ng\n' +
            '[ 4][t 0][2024-10-30 23:27:02.422000][transaction.cpp:2448]\tstorage paid for a message: 1 cells, 620 bits\n' +
            '[ 4][t 0][2024-10-30 23:27:02.422000][transaction.cpp:2452]\tcomputed fwd fees = 688000 + 0\n',
          vmLogs: 'e implicit RET\n' +
            'execute OVER\n' +
            'execute ISNULL\n' +
            'execute NOT\n' +
            'execute PUSHCONT x7F01CA00CC\n' +
            'execute PUSHCONT x7032CA00\n' +
            'execute IFELSE\n' +
            'execute PUSHINT -1\n' +
            'execute SWAP\n' +
            'execute STI 1\n' +
            'execute STREF\n' +
            'execute implicit RET\n' +
            'execute ENDC\n' +
            'execute POP c4\n' +
            'execute implicit RET\n',
          debugLogs: '',
          events: [Array],
          parent: [Object],
          children: [Array],
          externals: []
        },
        children: [ [Object], [Object] ],
        externals: []
      },
      {
        address: 37254810366437813475271750514734067285117962570475561289538093995582013161784n,
        lt: 43000000n,
        prevTransactionHash: 67306730949448187581262624866165953324283457427610173427192862093444798199309n,
        prevTransactionLt: 42000000n,
        now: 1732922822,
        outMessagesCount: 2,
        oldStatus: 'active',
        endStatus: 'active',
        inMessage: {
          info: [Object],
          init: null,
          body: x{2A004A0500000000000000010000000000000000000000000000000000000000000000000000000000000000400B75A3E1A6460F415CE3721F308920C4B456F3B977F39EB26CED9155308A976CC}
        },
        outMessages: Dictionary { _key: [Object], _value: [Object], _map: [Map] },
        totalFees: { coins: 11033062n },
        stateUpdate: {
          oldHash: <Buffer b8 19 45 28 11 f2 5c 01 86 b1 8f ab 41 64 81 42 b5 92 88 8c 48 22 a2 b9 a1 e9 1a 4a 30 e5 57 f3>,
          newHash: <Buffer ee 50 93 5a dc e9 1b f2 2d 2e f2 3a f2 e5 43 7b 41 47 a5 8c 01 54 62 1d a8 ab c1 10 90 a6 d5 ca>
        },
        description: {
          type: 'generic',
          creditFirst: false,
          storagePhase: [Object],
          creditPhase: [Object],
          computePhase: [Object],
          actionPhase: [Object],
          bouncePhase: undefined,
          aborted: false,
          destroyed: false
        },
        raw: x{7525D79B589F1D73B879432CD1A596C0F9C42CF460467BBB795DA5A20C021C13800000000029020C094CE427C341CEDEC4B62DC2A3CDE362B61621BB35840A977DEDA422CE143B60D000000000280DE80674A4DC600054750B3CC}
         x{E_}
          x{6801C25D36B535BEF92116226484A49D03E01E5050FFC3053F6C298C080280A4EEF90014975E6D627C75CEE1E50CB346965B03E710B3D18119EEEDE57696883008704E101119EF88060DFF5E0000000004C4B402CE949B8CC_}
           x{2A004A0500000000000000010000000000000000000000000000000000000000000000000000000000000000400B75A3E1A6460F415CE3721F308920C4B456F3B977F39EB26CED9155308A976CC}
          x{DD_}
           x{2_}
            x{6800A4BAF36B13E3AE770F28659A34B2D81F38859E8C08CF776F2BB4B44180438271002DD68F8699183D05738DC87CC2248312D15BCEE5DFCE7AC9B3B64554C22A5DB310E27F66000608235A0000000005204182CE949B8C4_}
           x{2_}
            x{6800A4BAF36B13E3AE770F28659A34B2D81F38859E8C08CF776F2BB4B44180438271003A7CBC3612E1CA557A9D4C735DAA85C231FC67A5E07FC0E4E6F4D6E951FB858D100E57FA880608235A0000000005204184CE949B8C4_}
         x{72B819452811F25C0186B18FAB41648142B592888C4822A2B9A1E91A4A30E557F3EE50935ADCE91BF22D2EF23AF2E5437B4147A58C0154621DA8ABC11090A6D5CA}
         x{040901119EF89874890811_}
          x{4D248C0AF1E00000000000000002E500000000000000000000000000000000000000000000000000000000000000000000000000000000000000000000000000000000000000000000000000000000}
          x{C9861A804C10469800000000000600020000000450AF9D9EE3726931F26D844A6FCC649C60C9C4AD99D34E111DD9BC6BD3DB3ADC40902C14_},
        hash: [Function: hash],
        blockchainLogs: '[ 4][t 0][2024-10-30 23:27:02.436000][transaction.cpp:443]\tunpacking account 525D79B589F1D73B879432CD1A596C0F9C42CF460467BBB795DA5A20C021C138\n' +
          '[ 4][t 0][2024-10-30 23:27:02.436000][transaction.cpp:274]\tlast_paid=1732922822; cells=231 bits=83982 public_cells=0\n' +
          '[ 4][t 0][2024-10-30 23:27:02.436000][transaction.cpp:504]\tend of Account.unpack() for 0:525D79B589F1D73B879432CD1A596C0F9C42CF460467BBB795DA5A20C021C138 (balance = 1051000000ng ; last_trans_lt = 42000000..42000003)\n' +
          '[ 4][t 0][2024-10-30 23:27:02.436000][transaction.cpp:3655]\tblock random seed set to 0000000000000000000000000000000000000000000000000000000000000000\n' +
          '[ 4][t 0][2024-10-30 23:27:02.436000][transaction.cpp:1236]\tgas limits: max=1000000, limit=179320, credit=0\n' +
          '[ 4][t 0][2024-10-30 23:27:02.436000][transaction.cpp:1575]\tin_msg_state is null\n' +
          '[ 4][t 0][2024-10-30 23:27:02.436000][transaction.cpp:1645]\tcreating VM\n' +
          '[ 4][t 0][2024-10-30 23:27:02.436000][transaction.cpp:1351]\tSmartContractInfo initialized with [ 124711402 0 0 1732922822 43000000 43000000 14068792954309835536948273256715513127174070948738620016199408580766834334284 [ 1122728098 (null) ] CS{Cell{0271c00525d79b589f1d73b879432cd1a596c0f9c42cf460467bbb795da5a20c021c1383cec05203833a526e30000000000a037a0d0fa93f301340} bits: 1..268; refs: 0..0} C{A7EC01478F770EF8F8B037CC7E42F0ABF0D85A50E1828C2394DAD1411691F2DE} C{42B6F0E46484EFC57B9508F6BA7EF42E7512023D5CB4ED5628DD1C7755D16E9D} [ 71728098 (null) ] 0 (null) [ CS{Cell{004dd06600000000000000000000000080000000000000fa00000000000001f4000000000003d09040} bits: 9..305; refs: 0..0} (null) CS{Cell{0094d1000000000000006400000000000f4240de000000002710000000000000000f42400000000002160ec0000000000000271000000000002625a00000000005f5e100000000003b9aca00} bits: 0..592; refs: 0..0} CS{Cell{0094d100000000000000640000000000009c40de000000000190000000000000000f424000000000000f4240000000000000271000000000009896800000000005f5e100000000003b9aca00} bits: 0..592; refs: 0..0} CS{Cell{0042ea000000000098968000000000271000000000000f424000000001800055555555} bits: 0..264; refs: 0..0} CS{Cell{0042ea0000000000061a800000000001900000000000009c4000000001800055555555} bits: 0..264; refs: 0..0} (null) ] 0 (null) ]\n' +
          '[ 4][t 0][2024-10-30 23:27:02.437000][transaction.cpp:1675]\tstarting VM\n' +
          '[ 4][t 0][2024-10-30 23:27:02.438000][transaction.cpp:1680]\tVM terminated with exit code 0\n' +
          '[ 3][t 0][2024-10-30 23:27:02.438000][transaction.cpp:1702]\tsteps: 741 gas: used=26916, max=1000000, limit=179320, credit=0\n' +
          '[ 3][t 0][2024-10-30 23:27:02.438000][transaction.cpp:1704]\tout_of_gas=false, accepted=true, success=true, time=0.001021s\n' +
          '[ 4][t 0][2024-10-30 23:27:02.438000][transaction.cpp:1737]\tgas fees: 10766400 = 26214400 * 26916 /2^16 ; price=26214400; flat rate=[40000 for 100]; remaining balance=1111961698ng\n' +
          '[ 3][t 0][2024-10-30 23:27:02.438000][transaction.cpp:2678]\tin try_action_reserve_currency(0)\n' +
          '[ 4][t 0][2024-10-30 23:27:02.438000][transaction.cpp:2684]\taction_reserve_currency: mode=0, reserve=101000000ng, balance=1111961698ng, original balance=1051000000ng\n' +
          '[ 3][t 0][2024-10-30 23:27:02.438000][transaction.cpp:2729]\tchanged remaining balance to 1010961698ng, reserved balance to 101000000ng\n' +
          '[ 4][t 0][2024-10-30 23:27:02.438000][transaction.cpp:2448]\tstorage paid for a message: 0 cells, 0 bits\n' +
          '[ 4][t 0][2024-10-30 23:27:02.438000][transaction.cpp:2452]\tcomputed fwd fees = 400000 + 0\n' +
          '[ 4][t 0][2024-10-30 23:27:02.438000][transaction.cpp:2448]\tstorage paid for a message: 0 cells, 0 bits\n' +
          '[ 4][t 0][2024-10-30 23:27:02.438000][transaction.cpp:2452]\tcomputed fwd fees = 400000 + 0\n',
        vmLogs: 'xecute EQUAL\n' +
          'execute THROWIF 137\n' +
          'execute PUSHPOW2 10\n' +
          'execute EQUAL\n' +
          'execute THROWIFNOT 136\n' +
          'execute STSLICER\n' +
          'execute ENDC\n' +
          'execute ROT\n' +
          'execute STREF\n' +
          'execute ENDC\n' +
          'execute SWAP\n' +
          'execute STREF\n' +
          'execute implicit RET\n' +
          'execute ENDC\n' +
          'execute POP c4\n' +
          'execute implicit RET\n',
        debugLogs: '',
        events: [ [Object], [Object] ],
        parent: {
          address: 101852738109603725607761920797369865272772728943991090530178890834824226043772n,
          lt: 40000000n,
          prevTransactionHash: 8573111737421672654122829587114733179826165018718932916231065590855654992467n,
          prevTransactionLt: 27000000n,
          now: 1732922822,
          outMessagesCount: 1,
          oldStatus: 'active',
          endStatus: 'active',
          inMessage: [Object],
          outMessages: [Dictionary],
          totalFees: [Object],
          stateUpdate: [Object],
          description: [Object],
          raw: x{7E12E9B5A9ADF7C908B113242524E81F00F28287FE1829FB614C604014052777C0000000002625A0012F43593DEA7EE8F38C49F3F216AEBD30BE5CD86D8494DDA47CC97A117906A5300000000019BFCC0674A4DC6000346A2CE5E}
           x{E_}
            x{6800A4BAF36B13E3AE770F28659A34B2D81F38859E8C08CF776F2BB4B4418043827100384BA6D6A6B7DF2422C44C909493A07C03CA0A1FF860A7ED8531810050149DDF10101931000609BBB0000000000487AB04CE949B8C5E137A640000000000000000C_}
            x{DF_}
             x{6801C25D36B535BEF92116226484A49D03E01E5050FFC3053F6C298C080280A4EEF90014975E6D627C75CEE1E50CB346965B03E710B3D18119EEEDE57696883008704E101119EF88060DFF5E0000000004C4B402CE949B8CC_}
              x{2A004A0500000000000000010000000000000000000000000000000000000000000000000000000000000000400B75A3E1A6460F415CE3721F308920C4B456F3B977F39EB26CED9155308A976CC}
           x{72745A213DBD97EDD595AA40148983091B9E110D12EDD8B88414468C45B00E44721487B0CAE304AAF03FF19AD545B9AF70F004F728049BC1DE8ABCB1694BA514A9}
           x{04C4360789010193101867A1E811_}
            x{44E28C0A4D9000000000000000013D00000000000000000000000000000000000000000000000000000000000000000000000000000000000000000000000000000000000000000000000000000000}
            x{C9853FC04C0DFF44000000000002000000000003FFB2652E35979066CAC0633284C4E8042DB1FCB29F76FDFE1F06536CEE4DA4744090296C_},
          hash: [Function: hash],
          blockchainLogs: '[ 4][t 0][2024-10-30 23:27:02.424000][transaction.cpp:443]\tunpacking account E12E9B5A9ADF7C908B113242524E81F00F28287FE1829FB614C604014052777C\n' +
            '[ 4][t 0][2024-10-30 23:27:02.424000][transaction.cpp:274]\tlast_paid=1730330822; cells=30 bits=12911 public_cells=0\n' +
            '[ 4][t 0][2024-10-30 23:27:02.424000][transaction.cpp:504]\tend of Account.unpack() for 0:E12E9B5A9ADF7C908B113242524E81F00F28287FE1829FB614C604014052777C (balance = 10000000ng ; last_trans_lt = 27000000..27000002)\n' +
            '[ 4][t 0][2024-10-30 23:27:02.425000][transaction.cpp:3655]\tblock random seed set to 0000000000000000000000000000000000000000000000000000000000000000\n' +
            '[ 4][t 0][2024-10-30 23:27:02.425000][transaction.cpp:1236]\tgas limits: max=191044, limit=168804, credit=0\n' +
            '[ 4][t 0][2024-10-30 23:27:02.425000][transaction.cpp:1575]\tin_msg_state is null\n' +
            '[ 4][t 0][2024-10-30 23:27:02.425000][transaction.cpp:1645]\tcreating VM\n' +
            '[ 4][t 0][2024-10-30 23:27:02.425000][transaction.cpp:1351]\tSmartContractInfo initialized with [ 124711402 0 0 1732922822 40000000 40000000 43870772645377937883531240781324653013999287705787709612543318804107744319189 [ 76417698 (null) ] CS{Cell{026dc00e12e9b5a9adf7c908b113242524e81f00f28287fe1829fb614c604014052777c23c8c9bc33916063000000000066ff308e625a01340} bits: 1..268; refs: 0..0} C{A7EC01478F770EF8F8B037CC7E42F0ABF0D85A50E1828C2394DAD1411691F2DE} C{33BB148A451AD17F938AA7C476E48F2B79933715F13F1D58F9234A90730321A8} [ 67521600 (null) ] 1103902 (null) [ CS{Cell{004dd06600000000000000000000000080000000000000fa00000000000001f4000000000003d09040} bits: 9..305; refs: 0..0} (null) CS{Cell{0094d1000000000000006400000000000f4240de000000002710000000000000000f42400000000002160ec0000000000000271000000000002625a00000000005f5e100000000003b9aca00} bits: 0..592; refs: 0..0} CS{Cell{0094d100000000000000640000000000009c40de000000000190000000000000000f424000000000000f4240000000000000271000000000009896800000000005f5e100000000003b9aca00} bits: 0..592; refs: 0..0} CS{Cell{0042ea000000000098968000000000271000000000000f424000000001800055555555} bits: 0..264; refs: 0..0} CS{Cell{0042ea0000000000061a800000000001900000000000009c4000000001800055555555} bits: 0..264; refs: 0..0} (null) ] 0 (null) ]\n' +
            '[ 4][t 0][2024-10-30 23:27:02.425000][transaction.cpp:1675]\tstarting VM\n' +
            '[ 4][t 0][2024-10-30 23:27:02.425000][transaction.cpp:1680]\tVM terminated with exit code 0\n' +
            '[ 3][t 0][2024-10-30 23:27:02.425000][transaction.cpp:1702]\tsteps: 317 gas: used=10004, max=191044, limit=168804, credit=0\n' +
            '[ 3][t 0][2024-10-30 23:27:02.425000][transaction.cpp:1704]\tout_of_gas=false, accepted=true, success=true, time=0.000464s\n' +
            '[ 4][t 0][2024-10-30 23:27:02.425000][transaction.cpp:1737]\tgas fees: 4001600 = 26214400 * 10004 /2^16 ; price=26214400; flat rate=[40000 for 100]; remaining balance=72416098ng\n' +
            '[ 4][t 0][2024-10-30 23:27:02.425000][transaction.cpp:2448]\tstorage paid for a message: 1 cells, 620 bits\n' +
            '[ 4][t 0][2024-10-30 23:27:02.425000][transaction.cpp:2452]\tcomputed fwd fees = 688000 + 0\n',
          vmLogs: 'e implicit RET\n' +
            'execute OVER\n' +
            'execute ISNULL\n' +
            'execute NOT\n' +
            'execute PUSHCONT x7F01CA00CC\n' +
            'execute PUSHCONT x7032CA00\n' +
            'execute IFELSE\n' +
            'execute PUSHINT -1\n' +
            'execute SWAP\n' +
            'execute STI 1\n' +
            'execute STREF\n' +
            'execute implicit RET\n' +
            'execute ENDC\n' +
            'execute POP c4\n' +
            'execute implicit RET\n',
          debugLogs: '',
          events: [Array],
          parent: [Object],
          children: [Array],
          externals: []
        },
        children: [ [Object], [Object] ],
        externals: []
      },
      {
        address: 105818132960003171416304597453717637701794574747475969910003481004036112389684n,
        lt: 44000000n,
        prevTransactionHash: 72404279904333452920887556787527343254067919070070676392185939402445336907106n,
        prevTransactionLt: 33000000n,
        now: 1732922822,
        outMessagesCount: 0,
        oldStatus: 'active',
        endStatus: 'active',
        inMessage: { info: [Object], init: null, body: x{} },
        outMessages: Dictionary { _key: [Object], _value: [Object], _map: Map(0) {} },
        totalFees: { coins: 123600n },
        stateUpdate: {
          oldHash: <Buffer ee 76 4a 6b c2 7b 95 e0 eb 9d a7 ee 26 2b 19 6d fe cd 22 fa c0 8f ae 5c b9 df 4c 7c a9 93 f8 c5>,
          newHash: <Buffer 86 d1 b2 67 c7 71 90 ef 2a 7a a3 f2 7a 59 18 1d 9c e1 9b 7f 1f 84 cd bf e9 8c 1f 5a 9c 5c 4a 24>
        },
        description: {
          type: 'generic',
          creditFirst: true,
          storagePhase: [Object],
          creditPhase: [Object],
          computePhase: [Object],
          actionPhase: [Object],
          bouncePhase: undefined,
          aborted: false,
          destroyed: false
        },
        raw: x{7E9F2F0D84B872955EA7531CD76AA1708C7F19E9781FF03939BD35BA547EE163400000000029F6300A0135EC3928D981F7E399641741BC2D3DEF38BE151EFCBB8D16FEFA4EFB48D620000000001F78A40674A4DC600014603C5A0}
         x{A_}
          x{480173A49878148A4F6041C04B952AC2638BD6A1025222AF84BFAF2C3BE5A07436D5003A7CBC3612E1CA557A9D4C735DAA85C231FC67A5E07FC0E4E6F4D6E951FB858D10BE1E264C0608235A0000000004E33882CE949B8C4_}
         x{72EE764A6BC27B95E0EB9DA7EE262B196DFECD22FAC08FAE5CB9DF4C7CA993F8C586D1B267C77190EF2A7AA3F27A59181D9CE19B7F1F84CDBFE98C1F5A9C5C4A24}
         x{0C090BE1E264D8603C5A11_}
          x{4026AC3D090000000000000000000500000000000000000000000000000000000000000000000000000000000000000000000000000000000000000000000000000000000000000000000000000000}
          x{C00000000000000000000000012D452DA449E50B8CF7DD27861F146122AFE1B546BB8B70FC8216F0C614139F8E04_},
        hash: [Function: hash],
        blockchainLogs: '[ 4][t 0][2024-10-30 23:27:02.441000][transaction.cpp:443]\tunpacking account E9F2F0D84B872955EA7531CD76AA1708C7F19E9781FF03939BD35BA547EE1634\n' +
          '[ 4][t 0][2024-10-30 23:27:02.441000][transaction.cpp:274]\tlast_paid=1732922822; cells=6 bits=821 public_cells=0\n' +
          '[ 4][t 0][2024-10-30 23:27:02.441000][transaction.cpp:504]\tend of Account.unpack() for 0:E9F2F0D84B872955EA7531CD76AA1708C7F19E9781FF03939BD35BA547EE1634 (balance = 999998997584476ng ; last_trans_lt = 33000000..33000002)\n' +
          '[ 4][t 0][2024-10-30 23:27:02.441000][transaction.cpp:3655]\tblock random seed set to 0000000000000000000000000000000000000000000000000000000000000000\n' +
          '[ 4][t 0][2024-10-30 23:27:02.441000][transaction.cpp:1236]\tgas limits: max=1000000, limit=1000000, credit=0\n' +
          '[ 4][t 0][2024-10-30 23:27:02.441000][transaction.cpp:1575]\tin_msg_state is null\n' +
          '[ 4][t 0][2024-10-30 23:27:02.441000][transaction.cpp:1645]\tcreating VM\n' +
          '[ 4][t 0][2024-10-30 23:27:02.441000][transaction.cpp:1351]\tSmartContractInfo initialized with [ 124711402 0 0 1732922822 44000000 44000000 60210483465141978598827679003117970236339845468170532052053411751718225576024 [ 999999794996207 (null) ] CS{Cell{0275c00e9f2f0d84b872955ea7531cd76aa1708c7f19e9781ff03939bd35ba547ee163420c80cd433a526e300000000007de2909c0e35f9a41b6971340} bits: 1..268; refs: 0..0} C{A7EC01478F770EF8F8B037CC7E42F0ABF0D85A50E1828C2394DAD1411691F2DE} C{D992502B94EA96E7B34E5D62FFB0C6FC73D78B3E61F11F0848FB3A1EB1AFC912} [ 797411731 (null) ] 0 (null) [ CS{Cell{004dd06600000000000000000000000080000000000000fa00000000000001f4000000000003d09040} bits: 9..305; refs: 0..0} (null) CS{Cell{0094d1000000000000006400000000000f4240de000000002710000000000000000f42400000000002160ec0000000000000271000000000002625a00000000005f5e100000000003b9aca00} bits: 0..592; refs: 0..0} CS{Cell{0094d100000000000000640000000000009c40de000000000190000000000000000f424000000000000f4240000000000000271000000000009896800000000005f5e100000000003b9aca00} bits: 0..592; refs: 0..0} CS{Cell{0042ea000000000098968000000000271000000000000f424000000001800055555555} bits: 0..264; refs: 0..0} CS{Cell{0042ea0000000000061a800000000001900000000000009c4000000001800055555555} bits: 0..264; refs: 0..0} (null) ] 0 (null) ]\n' +
          '[ 4][t 0][2024-10-30 23:27:02.441000][transaction.cpp:1675]\tstarting VM\n' +
          '[ 4][t 0][2024-10-30 23:27:02.441000][transaction.cpp:1680]\tVM terminated with exit code 0\n' +
          '[ 3][t 0][2024-10-30 23:27:02.441000][transaction.cpp:1702]\tsteps: 5 gas: used=309, max=1000000, limit=1000000, credit=0\n' +
          '[ 3][t 0][2024-10-30 23:27:02.441000][transaction.cpp:1704]\tout_of_gas=false, accepted=true, success=true, time=0.000022s\n' +
          '[ 4][t 0][2024-10-30 23:27:02.441000][transaction.cpp:1737]\tgas fees: 123600 = 26214400 * 309 /2^16 ; price=26214400; flat rate=[40000 for 100]; remaining balance=999999794872607ng\n',
        vmLogs: 'execute SETCP 0\n' +
          'execute DICTPUSHCONST 19 (xC_,1)\n' +
          'execute DICTIGETJMPZ\n' +
          'execute DROP\n' +
          'execute implicit RET\n',
        debugLogs: '',
        events: [],
        parent: {
          address: 84049441022908470316622795825605090351520748406577698494615284512509455375210n,
          lt: 41000000n,
          prevTransactionHash: 59275579928307996895042694469442487909051399736288684973074163111102612083138n,
          prevTransactionLt: 37000000n,
          now: 1732922822,
          outMessagesCount: 1,
          oldStatus: 'active',
          endStatus: 'non-existing',
          inMessage: [Object],
          outMessages: [Dictionary],
          totalFees: [Object],
          stateUpdate: [Object],
          description: [Object],
          raw: x{7B9D24C3C0A4527B020E025CA956131C5EB5081291157C25FD7961DF2D03A1B6A0000000002719C40830CCA108E72C65A61B9E1C5FEFF682A1D1DFB8A43F112CDEB194BD9B72591C20000000002349340674A4DC60003666BCAC6}
           x{E_}
            x{4800A4BAF36B13E3AE770F28659A34B2D81F38859E8C08CF776F2BB4B44180438271002E74930F029149EC08380972A5584C717AD4204A4455F097F5E5877CB40E86DA90BCA3A88C0656E1D8000000000487AB08CE949B8DE_}
             x{34_}
              x{FF00F4A413F4BCF2C80B}
               x{62_}
                x{D001D0D3030171B0A301FA400120D74981010BBAF2E08820D70B0A208104FFBAF2D0898309BAF2E088545053036F04F86102F862DB3C5512DB3CF2E082}
                 x{ED44D0D401F863D200018E2FD31FFA400120D74981010BBAF2E08820D70B0A208104FFBAF2D0898309BAF2E08801D2000191D4926D01E255206C13E0F828D70B0A8309BAF2E089810101D700FA400120D74981010BBAF2E08820D70B0A208104FFBAF2D0898309BAF2E0881202D101DB3C}
                  x{6D}
                 x{0192307FE07021D749C21F953020D70B1FDE208210AFE93535BA8F5130D31F018210AFE93535BAF2E081D33FFA400120D74981010BBAF2E08820D70B0A208104FFBAF2D0898309BAF2E08801D455206C1332820898968070FB024434DB3C30037083067055206D6D6DDB3C597FE0208210B8A3AA14BAE302}
                  x{F8425220C705F2E084}
                  x{C87101CA01500701CA007001CA02500520D74981010BBAF2E08820D70B0A208104FFBAF2D0898309BAF2E088CF165003FA027001CA68236EB3917F93246EB3E2973333017001CA00E30D216EB39C7F01CA0001206EF2D08001CC95317001CA00E2C901FB00}
                   x{7F01CA00C87001CA007001CA00246EB39D7F01CA0004206EF2D0805004CC9634037001CA00E2246EB39D7F01CA0004206EF2D0805004CC9634037001CA00E27001CA00027F01CA0002C958CC}
                  x{30D31F018210B8A3AA14BAF2E081D33FFA400120D74981010BBAF2E08820D70B0A208104FFBAF2D0898309BAF2E088126C12317020FB025520DB3C03708100A07055206D6D6DDB3C587F}
                   x{F8425220C705F2E084}
                   x{C87101CA01500701CA007001CA02500520D74981010BBAF2E08820D70B0A208104FFBAF2D0898309BAF2E088CF165003FA027001CA68236EB3917F93246EB3E2973333017001CA00E30D216EB39C7F01CA0001206EF2D08001CC95317001CA00E2C901FB00}
                    x{7F01CA00C87001CA007001CA00246EB39D7F01CA0004206EF2D0805004CC9634037001CA00E2246EB39D7F01CA0004206EF2D0805004CC9634037001CA00E27001CA00027F01CA0002C958CC}
                  x{8210E601F8E5BA8ECED31F018210E601F8E5BAF2E081D33F0131820898968070FB02F8416F2410235F037083067F25206EF2D080542580C855208210B687AB175004CB1F12CB3FCB1FCCC9103441301443306D6DDB3C7FE03070}
                   x{C87101CA01500701CA007001CA02500520D74981010BBAF2E08820D70B0A208104FFBAF2D0898309BAF2E088CF165003FA027001CA68236EB3917F93246EB3E2973333017001CA00E30D216EB39C7F01CA0001206EF2D08001CC95317001CA00E2C901FB00}
                    x{7F01CA00C87001CA007001CA00246EB39D7F01CA0004206EF2D0805004CC9634037001CA00E2246EB39D7F01CA0004206EF2D0805004CC9634037001CA00E27001CA00027F01CA0002C958CC}
                 x{C8F84301CC7F01CA0055205023CB1F0120D74981010BBAF2E08820D70B0A208104FFBAF2D0898309BAF2E088CF16216EB3957F01CA00CC947032CA00E2C9ED54}
                x{2_}
                 x{BE28EED9E6D9E3618C_}
                  x{ED44D0D401F863D200018E2FD31FFA400120D74981010BBAF2E08820D70B0A208104FFBAF2D0898309BAF2E08801D2000191D4926D01E255206C13E0F828D70B0A8309BAF2E089810101D700FA400120D74981010BBAF2E08820D70B0A208104FFBAF2D0898309BAF2E0881202D101DB3C}
                   x{6D}
                  x{21}
                 x{2_}
                  x{4}
                   x{B1D8B6CF36CF1B0C6_}
                    x{ED44D0D401F863D200018E2FD31FFA400120D74981010BBAF2E08820D70B0A208104FFBAF2D0898309BAF2E08801D2000191D4926D01E255206C13E0F828D70B0A8309BAF2E089810101D700FA400120D74981010BBAF2E08820D70B0A208104FFBAF2D0898309BAF2E0881202D101DB3C}
                     x{6D}
                    x{20}
                   x{B36436CF36CF1B0C6_}
                    x{ED44D0D401F863D200018E2FD31FFA400120D74981010BBAF2E08820D70B0A208104FFBAF2D0898309BAF2E08801D2000191D4926D01E255206C13E0F828D70B0A8309BAF2E089810101D700FA400120D74981010BBAF2E08820D70B0A208104FFBAF2D0898309BAF2E0881202D101DB3C}
                     x{6D}
                    x{22}
                  x{B82BEED44D0D20001}
              x{0000000000000000000000000000000000000000000000000000000000000000200292EBCDAC4F8EB9DC3CA19668D2CB607CE2167A30233DDDBCAED2D106010E09C4_}
               x{C_}
                x{A0838F_}
                 x{FF00F4A413F4BCF2C80B}
                  x{62_}
                   x{D001D0D3030171B0A301FA400120D74981010BBAF2E08820D70B0A208104FFBAF2D0898309BAF2E088545053036F04F86102F862DB3C5512DB3CF2E082}
                    x{ED44D0D401F863D200018E2FD31FFA400120D74981010BBAF2E08820D70B0A208104FFBAF2D0898309BAF2E08801D2000191D4926D01E255206C13E0F828D70B0A8309BAF2E089810101D700FA400120D74981010BBAF2E08820D70B0A208104FFBAF2D0898309BAF2E0881202D101DB3C}
                     x{6D}
                    x{0192307FE07021D749C21F953020D70B1FDE208210AFE93535BA8F5130D31F018210AFE93535BAF2E081D33FFA400120D74981010BBAF2E08820D70B0A208104FFBAF2D0898309BAF2E08801D455206C1332820898968070FB024434DB3C30037083067055206D6D6DDB3C597FE0208210B8A3AA14BAE302}
                     x{F8425220C705F2E084}
                     x{C87101CA01500701CA007001CA02500520D74981010BBAF2E08820D70B0A208104FFBAF2D0898309BAF2E088CF165003FA027001CA68236EB3917F93246EB3E2973333017001CA00E30D216EB39C7F01CA0001206EF2D08001CC95317001CA00E2C901FB00}
                      x{7F01CA00C87001CA007001CA00246EB39D7F01CA0004206EF2D0805004CC9634037001CA00E2246EB39D7F01CA0004206EF2D0805004CC9634037001CA00E27001CA00027F01CA0002C958CC}
                     x{30D31F018210B8A3AA14BAF2E081D33FFA400120D74981010BBAF2E08820D70B0A208104FFBAF2D0898309BAF2E088126C12317020FB025520DB3C03708100A07055206D6D6DDB3C587F}
                      x{F8425220C705F2E084}
                      x{C87101CA01500701CA007001CA02500520D74981010BBAF2E08820D70B0A208104FFBAF2D0898309BAF2E088CF165003FA027001CA68236EB3917F93246EB3E2973333017001CA00E30D216EB39C7F01CA0001206EF2D08001CC95317001CA00E2C901FB00}
                       x{7F01CA00C87001CA007001CA00246EB39D7F01CA0004206EF2D0805004CC9634037001CA00E2246EB39D7F01CA0004206EF2D0805004CC9634037001CA00E27001CA00027F01CA0002C958CC}
                     x{8210E601F8E5BA8ECED31F018210E601F8E5BAF2E081D33F0131820898968070FB02F8416F2410235F037083067F25206EF2D080542580C855208210B687AB175004CB1F12CB3FCB1FCCC9103441301443306D6DDB3C7FE03070}
                      x{C87101CA01500701CA007001CA02500520D74981010BBAF2E08820D70B0A208104FFBAF2D0898309BAF2E088CF165003FA027001CA68236EB3917F93246EB3E2973333017001CA00E30D216EB39C7F01CA0001206EF2D08001CC95317001CA00E2C901FB00}
                       x{7F01CA00C87001CA007001CA00246EB39D7F01CA0004206EF2D0805004CC9634037001CA00E2246EB39D7F01CA0004206EF2D0805004CC9634037001CA00E27001CA00027F01CA0002C958CC}
                    x{C8F84301CC7F01CA0055205023CB1F0120D74981010BBAF2E08820D70B0A208104FFBAF2D0898309BAF2E088CF16216EB3957F01CA00CC947032CA00E2C9ED54}
                   x{2_}
                    x{BE28EED9E6D9E3618C_}
                     x{ED44D0D401F863D200018E2FD31FFA400120D74981010BBAF2E08820D70B0A208104FFBAF2D0898309BAF2E08801D2000191D4926D01E255206C13E0F828D70B0A8309BAF2E089810101D700FA400120D74981010BBAF2E08820D70B0A208104FFBAF2D0898309BAF2E0881202D101DB3C}
                      x{6D}
                     x{21}
                    x{2_}
                     x{4}
                      x{B1D8B6CF36CF1B0C6_}
                       x{ED44D0D401F863D200018E2FD31FFA400120D74981010BBAF2E08820D70B0A208104FFBAF2D0898309BAF2E08801D2000191D4926D01E255206C13E0F828D70B0A8309BAF2E089810101D700FA400120D74981010BBAF2E08820D70B0A208104FFBAF2D0898309BAF2E0881202D101DB3C}
                        x{6D}
                       x{20}
                      x{B36436CF36CF1B0C6_}
                       x{ED44D0D401F863D200018E2FD31FFA400120D74981010BBAF2E08820D70B0A208104FFBAF2D0898309BAF2E08801D2000191D4926D01E255206C13E0F828D70B0A8309BAF2E089810101D700FA400120D74981010BBAF2E08820D70B0A208104FFBAF2D0898309BAF2E0881202D101DB3C}
                        x{6D}
                       x{22}
                     x{B82BEED44D0D20001}
             x{B8A3AA140000000000000000801D3E5E1B0970E52ABD4EA639AED542E118FE33D2F03FE072737A6B74A8FDC2C69_}
            x{DF_}
             x{480173A49878148A4F6041C04B952AC2638BD6A1025222AF84BFAF2C3BE5A07436D5003A7CBC3612E1CA557A9D4C735DAA85C231FC67A5E07FC0E4E6F4D6E951FB858D10BE1E264C0608235A0000000004E33882CE949B8C4_}
           x{72CC4695B85DFE0FF884FD6F3A1FE0B02064A785F9CC1893F7CA9B3B4880BBD50490AEC8965AFABB16EBC3CB9B408EBAE71B618D78788BC80D09843593CAC98DA4}
           x{0C090BCA3A88D8667B9213_}
            x{44262C3D09000000000000000000FA00000000000000000000000000000000000000000000000000000000000000000000000000000000000000000000000000000000000000000000000000000000}
            x{DCC186A0260411A6000000000002000100000001F01808E7C65384854FD0A4F77793F95695733B675EB306C4FAC3CFF546A3D22720280B06_},
          hash: [Function: hash],
          blockchainLogs: '[ 4][t 0][2024-10-30 23:27:02.428000][transaction.cpp:443]\tunpacking account B9D24C3C0A4527B020E025CA956131C5EB5081291157C25FD7961DF2D03A1B6A\n' +
            '[ 4][t 0][2024-10-30 23:27:02.428000][transaction.cpp:274]\tlast_paid=1732922822; cells=28 bits=7123 public_cells=0\n' +
            '[ 4][t 0][2024-10-30 23:27:02.428000][transaction.cpp:504]\tend of Account.unpack() for 0:B9D24C3C0A4527B020E025CA956131C5EB5081291157C25FD7961DF2D03A1B6A (balance = 10000000ng ; last_trans_lt = 37000000..37000002)\n' +
            '[ 4][t 0][2024-10-30 23:27:02.428000][transaction.cpp:3655]\tblock random seed set to 0000000000000000000000000000000000000000000000000000000000000000\n' +
            '[ 4][t 0][2024-10-30 23:27:02.428000][transaction.cpp:1236]\tgas limits: max=1000000, limit=1000000, credit=0\n' +
            '[ 4][t 0][2024-10-30 23:27:02.428000][transaction.cpp:1571]\tHASH(in_msg_state) = B9D24C3C0A4527B020E025CA956131C5EB5081291157C25FD7961DF2D03A1B6A, account_state_hash = 0000000000000000000000000000000000000000000000000000000000000000\n' +
            '[ 4][t 0][2024-10-30 23:27:02.428000][transaction.cpp:1645]\tcreating VM\n' +
            '[ 4][t 0][2024-10-30 23:27:02.428000][transaction.cpp:1351]\tSmartContractInfo initialized with [ 124711402 0 0 1732922822 41000000 41000000 84630195367514639409622924175749312199831056191303332875639359062248049886761 [ 801210531 (null) ] CS{Cell{026dc00b9d24c3c0a4527b020e025ca956131c5eb5081291157c25fd7961df2d03a1b6a23886f4c33a526e300000000008d24d08e625a01340} bits: 1..268; refs: 0..0} C{A7EC01478F770EF8F8B037CC7E42F0ABF0D85A50E1828C2394DAD1411691F2DE} C{F2179DCD5CFD8A1E113288591FFB7A5E10E107D0D2C36DF69E40398023DAA7B1} [ 791210531 (null) ] 0 (null) [ CS{Cell{004dd06600000000000000000000000080000000000000fa00000000000001f4000000000003d09040} bits: 9..305; refs: 0..0} (null) CS{Cell{0094d1000000000000006400000000000f4240de000000002710000000000000000f42400000000002160ec0000000000000271000000000002625a00000000005f5e100000000003b9aca00} bits: 0..592; refs: 0..0} CS{Cell{0094d100000000000000640000000000009c40de000000000190000000000000000f424000000000000f4240000000000000271000000000009896800000000005f5e100000000003b9aca00} bits: 0..592; refs: 0..0} CS{Cell{0042ea000000000098968000000000271000000000000f424000000001800055555555} bits: 0..264; refs: 0..0} CS{Cell{0042ea0000000000061a800000000001900000000000009c4000000001800055555555} bits: 0..264; refs: 0..0} (null) ] 0 (null) ]\n' +
            '[ 4][t 0][2024-10-30 23:27:02.428000][transaction.cpp:1675]\tstarting VM\n' +
            '[ 4][t 0][2024-10-30 23:27:02.428000][transaction.cpp:1680]\tVM terminated with exit code 0\n' +
            '[ 3][t 0][2024-10-30 23:27:02.428000][transaction.cpp:1702]\tsteps: 250 gas: used=8497, max=1000000, limit=1000000, credit=0\n' +
            '[ 3][t 0][2024-10-30 23:27:02.428000][transaction.cpp:1704]\tout_of_gas=false, accepted=true, success=true, time=0.000444s\n' +
            '[ 4][t 0][2024-10-30 23:27:02.428000][transaction.cpp:1737]\tgas fees: 3398800 = 26214400 * 8497 /2^16 ; price=26214400; flat rate=[40000 for 100]; remaining balance=797811731ng\n' +
            '[ 3][t 0][2024-10-30 23:27:02.428000][transaction.cpp:2678]\tin try_action_reserve_currency(0)\n' +
            '[ 4][t 0][2024-10-30 23:27:02.429000][transaction.cpp:2684]\taction_reserve_currency: mode=0, reserve=0ng, balance=797811731ng, original balance=10000000ng\n' +
            '[ 3][t 0][2024-10-30 23:27:02.429000][transaction.cpp:2729]\tchanged remaining balance to 797811731ng, reserved balance to 0ng\n' +
            '[ 4][t 0][2024-10-30 23:27:02.429000][transaction.cpp:2448]\tstorage paid for a message: 0 cells, 0 bits\n' +
            '[ 4][t 0][2024-10-30 23:27:02.429000][transaction.cpp:2452]\tcomputed fwd fees = 400000 + 0\n',
          vmLogs: 'ecute STSLICER\n' +
            'execute OVER\n' +
            'execute ISNULL\n' +
            'execute NOT\n' +
            'execute PUSHCONT x7F01CA00CC\n' +
            'execute PUSHCONT x7032CA00\n' +
            'execute IFELSE\n' +
            'execute PUSHINT -1\n' +
            'execute SWAP\n' +
            'execute STI 1\n' +
            'execute STREF\n' +
            'execute implicit RET\n' +
            'execute ENDC\n' +
            'execute POP c4\n' +
            'execute implicit RET\n',
          debugLogs: '',
          events: [Array],
          parent: [Object],
          children: [Array],
          externals: []
        },
        children: [],
        externals: []
      },
      {
        address: 58472766802306075836644181314469769209867032629105944563722669090714916911778n,
        lt: 45000000n,
        prevTransactionHash: 75536440043366399100648168465453133959482980155436036070804878259458119844072n,
        prevTransactionLt: 26000000n,
        now: 1732922822,
        outMessagesCount: 0,
        oldStatus: 'active',
        endStatus: 'active',
        inMessage: { info: [Object], init: null, body: x{} },
        outMessages: Dictionary { _key: [Object], _value: [Object], _map: Map(0) {} },
        totalFees: { coins: 274724n },
        stateUpdate: {
          oldHash: <Buffer 33 52 a8 64 47 20 bf 02 2f 9b 40 37 48 b3 3d 1c b6 3d f5 37 50 13 69 38 ab 84 1c a7 42 96 3c 6b>,
          newHash: <Buffer cb ee 5d 5e 8d 71 6d 88 f0 d4 b1 5c e0 ad 26 0e cb 2f 71 1d 49 97 85 f8 2b 36 5f 5e 69 12 d7 1a>
        },
        description: {
          type: 'generic',
          creditFirst: false,
          storagePhase: [Object],
          creditPhase: [Object],
          computePhase: [Object],
          actionPhase: [Object],
          bouncePhase: undefined,
          aborted: false,
          destroyed: false
        },
        raw: x{7814669C6B54FD8B2DD8E93AAA6E5DE45BD032703F7A61C194AB414089B0A7AA20000000002AEA540A7001C28194F124DE24B8C67BFCEE201C4E0EF25E3F02266B109668A07AC40E800000000018CBA80674A4DC6000146086248}
         x{A_}
          x{6800A4BAF36B13E3AE770F28659A34B2D81F38859E8C08CF776F2BB4B441804382710020519A71AD53F62CB763A4EAA9B977916F40C9C0FDE9870652AD050226C29EA890FA19E1000608235A000000000501BD02CE949B8C4_}
         x{723352A8644720BF022F9B403748B33D1CB63DF53750136938AB841CA742963C6BCBEE5D5E8D716D88F0D4B15CE0AD260ECB2F711D499785F82B365F5E6912D71A}
         x{04C09395090FA19E1018603C5A11_}
          x{4026AC3D090000000000000000000500000000000000000000000000000000000000000000000000000000000000000000000000000000000000000000000000000000000000000000000000000000}
          x{C00000000000000000000000012D452DA449E50B8CF7DD27861F146122AFE1B546BB8B70FC8216F0C614139F8E04_},
        hash: [Function: hash],
        blockchainLogs: '[ 4][t 0][2024-10-30 23:27:02.442000][transaction.cpp:443]\tunpacking account 814669C6B54FD8B2DD8E93AAA6E5DE45BD032703F7A61C194AB414089B0A7AA2\n' +
          '[ 4][t 0][2024-10-30 23:27:02.442000][transaction.cpp:274]\tlast_paid=1730330822; cells=6 bits=821 public_cells=0\n' +
          '[ 4][t 0][2024-10-30 23:27:02.442000][transaction.cpp:504]\tend of Account.unpack() for 0:814669C6B54FD8B2DD8E93AAA6E5DE45BD032703F7A61C194AB414089B0A7AA2 (balance = 999998964250400ng ; last_trans_lt = 26000000..26000001)\n' +
          '[ 4][t 0][2024-10-30 23:27:02.443000][transaction.cpp:3655]\tblock random seed set to 0000000000000000000000000000000000000000000000000000000000000000\n' +
          '[ 4][t 0][2024-10-30 23:27:02.443000][transaction.cpp:1236]\tgas limits: max=1000000, limit=1000000, credit=0\n' +
          '[ 4][t 0][2024-10-30 23:27:02.443000][transaction.cpp:1575]\tin_msg_state is null\n' +
          '[ 4][t 0][2024-10-30 23:27:02.443000][transaction.cpp:1645]\tcreating VM\n' +
          '[ 4][t 0][2024-10-30 23:27:02.443000][transaction.cpp:1351]\tSmartContractInfo initialized with [ 124711402 0 0 1732922822 45000000 45000000 115447700146533501994236152434741364412838807905984067774762833459387322310298 [ 1000000013099276 (null) ] CS{Cell{0275c00814669c6b54fd8b2dd8e93aaa6e5de45bd032703f7a61c194ab414089b0a7aa220c80cd4339160630000000000632ea05c0e35f99c28dc81340} bits: 1..268; refs: 0..0} C{A7EC01478F770EF8F8B037CC7E42F0ABF0D85A50E1828C2394DAD1411691F2DE} C{D992502B94EA96E7B34E5D62FFB0C6FC73D78B3E61F11F0848FB3A1EB1AFC912} [ 1049000000 (null) ] 151124 (null) [ CS{Cell{004dd06600000000000000000000000080000000000000fa00000000000001f4000000000003d09040} bits: 9..305; refs: 0..0} (null) CS{Cell{0094d1000000000000006400000000000f4240de000000002710000000000000000f42400000000002160ec0000000000000271000000000002625a00000000005f5e100000000003b9aca00} bits: 0..592; refs: 0..0} CS{Cell{0094d100000000000000640000000000009c40de000000000190000000000000000f424000000000000f4240000000000000271000000000009896800000000005f5e100000000003b9aca00} bits: 0..592; refs: 0..0} CS{Cell{0042ea000000000098968000000000271000000000000f424000000001800055555555} bits: 0..264; refs: 0..0} CS{Cell{0042ea0000000000061a800000000001900000000000009c4000000001800055555555} bits: 0..264; refs: 0..0} (null) ] 0 (null) ]\n' +
          '[ 4][t 0][2024-10-30 23:27:02.443000][transaction.cpp:1675]\tstarting VM\n' +
          '[ 4][t 0][2024-10-30 23:27:02.443000][transaction.cpp:1680]\tVM terminated with exit code 0\n' +
          '[ 3][t 0][2024-10-30 23:27:02.443000][transaction.cpp:1702]\tsteps: 5 gas: used=309, max=1000000, limit=1000000, credit=0\n' +
          '[ 3][t 0][2024-10-30 23:27:02.443000][transaction.cpp:1704]\tout_of_gas=false, accepted=true, success=true, time=0.000018s\n' +
          '[ 4][t 0][2024-10-30 23:27:02.443000][transaction.cpp:1737]\tgas fees: 123600 = 26214400 * 309 /2^16 ; price=26214400; flat rate=[40000 for 100]; remaining balance=1000000012975676ng\n',
        vmLogs: 'execute SETCP 0\n' +
          'execute DICTPUSHCONST 19 (xC_,1)\n' +
          'execute DICTIGETJMPZ\n' +
          'execute DROP\n' +
          'execute implicit RET\n',
        debugLogs: '',
        events: [],
        parent: {
          address: 37254810366437813475271750514734067285117962570475561289538093995582013161784n,
          lt: 42000000n,
          prevTransactionHash: 26255571664539723262156208020659816085419938624023380505895878115368677336609n,
          prevTransactionLt: 38000000n,
          now: 1732922822,
          outMessagesCount: 2,
          oldStatus: 'active',
          endStatus: 'active',
          inMessage: [Object],
          outMessages: [Dictionary],
          totalFees: [Object],
          stateUpdate: [Object],
          description: [Object],
          raw: x{7525D79B589F1D73B879432CD1A596C0F9C42CF460467BBB795DA5A20C021C138000000000280DE803A0C207F1449CE7BE0D71FAB2B69ECA262660DE3A9EDFF8F5A7D1E34B20EE621000000000243D580674A4DC6000547598D6C}
           x{E_}
            x{6800F99E4F01C1A7C3616D00B3681096094D190E846AE8B8DA0403AC5E7A4431E26D0014975E6D627C75CEE1E50CB346965B03E710B3D18119EEEDE57696883008704E101119EF88060DFF5E0000000004A62F82CE949B8CC_}
             x{2A004A0500000000000000000000000000000000000000000000000000000000000000000000000000000000C00814669C6B54FD8B2DD8E93AAA6E5DE45BD032703F7A61C194AB414089B0A7AA2}
            x{DD_}
             x{2_}
              x{6800A4BAF36B13E3AE770F28659A34B2D81F38859E8C08CF776F2BB4B441804382710020519A71AD53F62CB763A4EAA9B977916F40C9C0FDE9870652AD050226C29EA890FA19E1000608235A000000000501BD02CE949B8C4_}
             x{2_}
              x{6800A4BAF36B13E3AE770F28659A34B2D81F38859E8C08CF776F2BB4B44180438271003A7CBC3612E1CA557A9D4C735DAA85C231FC67A5E07FC0E4E6F4D6E951FB858D100E4647480608235A000000000501BD04CE949B8C4_}
           x{72CAC0C1A57DA66FD3814BF47BDC18D3554981F1231AB21BC7C93E1A37137B9003B819452811F25C0186B18FAB41648142B592888C4822A2B9A1E91A4A30E557F3}
           x{040901119EF8987516A211_}
            x{4D7F2C0AF1E00000000000000002E500000000000000000000000000000000000000000000000000000000000000000000000000000000000000000000000000000000000000000000000000000000}
            x{C9861A804C104698000000000006000200000004520F5BFAE2DB811E659CF17FB03F2335C3023F4A4B88DDB137FBD366D6D178EA40902C14_},
          hash: [Function: hash],
          blockchainLogs: '[ 4][t 0][2024-10-30 23:27:02.432000][transaction.cpp:443]\tunpacking account 525D79B589F1D73B879432CD1A596C0F9C42CF460467BBB795DA5A20C021C138\n' +
            '[ 4][t 0][2024-10-30 23:27:02.432000][transaction.cpp:274]\tlast_paid=1732922822; cells=234 bits=84033 public_cells=0\n' +
            '[ 4][t 0][2024-10-30 23:27:02.432000][transaction.cpp:504]\tend of Account.unpack() for 0:525D79B589F1D73B879432CD1A596C0F9C42CF460467BBB795DA5A20C021C138 (balance = 2100000000ng ; last_trans_lt = 38000000..38000005)\n' +
            '[ 4][t 0][2024-10-30 23:27:02.432000][transaction.cpp:3655]\tblock random seed set to 0000000000000000000000000000000000000000000000000000000000000000\n' +
            '[ 4][t 0][2024-10-30 23:27:02.432000][transaction.cpp:1236]\tgas limits: max=1000000, limit=179320, credit=0\n' +
            '[ 4][t 0][2024-10-30 23:27:02.432000][transaction.cpp:1575]\tin_msg_state is null\n' +
            '[ 4][t 0][2024-10-30 23:27:02.432000][transaction.cpp:1645]\tcreating VM\n' +
            '[ 4][t 0][2024-10-30 23:27:02.432000][transaction.cpp:1351]\tSmartContractInfo initialized with [ 124711402 0 0 1732922822 42000000 42000000 14068792954309835536948273256715513127174070948738620016199408580766834334284 [ 2171728098 (null) ] CS{Cell{0271c00525d79b589f1d73b879432cd1a596c0f9c42cf460467bbb795da5a20c021c1383d4c05210433a526e3000000000090f56151f4add401340} bits: 1..268; refs: 0..0} C{A7EC01478F770EF8F8B037CC7E42F0ABF0D85A50E1828C2394DAD1411691F2DE} C{42B6F0E46484EFC57B9508F6BA7EF42E7512023D5CB4ED5628DD1C7755D16E9D} [ 71728098 (null) ] 0 (null) [ CS{Cell{004dd06600000000000000000000000080000000000000fa00000000000001f4000000000003d09040} bits: 9..305; refs: 0..0} (null) CS{Cell{0094d1000000000000006400000000000f4240de000000002710000000000000000f42400000000002160ec0000000000000271000000000002625a00000000005f5e100000000003b9aca00} bits: 0..592; refs: 0..0} CS{Cell{0094d100000000000000640000000000009c40de000000000190000000000000000f424000000000000f4240000000000000271000000000009896800000000005f5e100000000003b9aca00} bits: 0..592; refs: 0..0} CS{Cell{0042ea000000000098968000000000271000000000000f424000000001800055555555} bits: 0..264; refs: 0..0} CS{Cell{0042ea0000000000061a800000000001900000000000009c4000000001800055555555} bits: 0..264; refs: 0..0} (null) ] 0 (null) ]\n' +
            '[ 4][t 0][2024-10-30 23:27:02.432000][transaction.cpp:1675]\tstarting VM\n' +
            '[ 4][t 0][2024-10-30 23:27:02.433000][transaction.cpp:1680]\tVM terminated with exit code 0\n' +
            '[ 3][t 0][2024-10-30 23:27:02.433000][transaction.cpp:1702]\tsteps: 741 gas: used=27641, max=1000000, limit=179320, credit=0\n' +
            '[ 3][t 0][2024-10-30 23:27:02.433000][transaction.cpp:1704]\tout_of_gas=false, accepted=true, success=true, time=0.000827s\n' +
            '[ 4][t 0][2024-10-30 23:27:02.433000][transaction.cpp:1737]\tgas fees: 11056400 = 26214400 * 27641 /2^16 ; price=26214400; flat rate=[40000 for 100]; remaining balance=2160671698ng\n' +
            '[ 3][t 0][2024-10-30 23:27:02.433000][transaction.cpp:2678]\tin try_action_reserve_currency(0)\n' +
            '[ 4][t 0][2024-10-30 23:27:02.433000][transaction.cpp:2684]\taction_reserve_currency: mode=0, reserve=1051000000ng, balance=2160671698ng, original balance=2100000000ng\n' +
            '[ 3][t 0][2024-10-30 23:27:02.433000][transaction.cpp:2729]\tchanged remaining balance to 1109671698ng, reserved balance to 1051000000ng\n' +
            '[ 4][t 0][2024-10-30 23:27:02.433000][transaction.cpp:2448]\tstorage paid for a message: 0 cells, 0 bits\n' +
            '[ 4][t 0][2024-10-30 23:27:02.433000][transaction.cpp:2452]\tcomputed fwd fees = 400000 + 0\n' +
            '[ 4][t 0][2024-10-30 23:27:02.433000][transaction.cpp:2448]\tstorage paid for a message: 0 cells, 0 bits\n' +
            '[ 4][t 0][2024-10-30 23:27:02.433000][transaction.cpp:2452]\tcomputed fwd fees = 400000 + 0\n',
          vmLogs: 'xecute EQUAL\n' +
            'execute THROWIF 137\n' +
            'execute PUSHPOW2 10\n' +
            'execute EQUAL\n' +
            'execute THROWIFNOT 136\n' +
            'execute STSLICER\n' +
            'execute ENDC\n' +
            'execute ROT\n' +
            'execute STREF\n' +
            'execute ENDC\n' +
            'execute SWAP\n' +
            'execute STREF\n' +
            'execute implicit RET\n' +
            'execute ENDC\n' +
            'execute POP c4\n' +
            'execute implicit RET\n',
          debugLogs: '',
          events: [Array],
          parent: [Object],
          children: [Array],
          externals: []
        },
        children: [],
        externals: []
      },
      {
        address: 105818132960003171416304597453717637701794574747475969910003481004036112389684n,
        lt: 46000000n,
        prevTransactionHash: 39002451140609354095614705462362572488174414314736031197086179544886698002288n,
        prevTransactionLt: 44000000n,
        now: 1732922822,
        outMessagesCount: 0,
        oldStatus: 'active',
        endStatus: 'active',
        inMessage: { info: [Object], init: null, body: x{} },
        outMessages: Dictionary { _key: [Object], _value: [Object], _map: Map(0) {} },
        totalFees: { coins: 123600n },
        stateUpdate: {
          oldHash: <Buffer 86 d1 b2 67 c7 71 90 ef 2a 7a a3 f2 7a 59 18 1d 9c e1 9b 7f 1f 84 cd bf e9 8c 1f 5a 9c 5c 4a 24>,
          newHash: <Buffer a7 ea 75 8c 1a 76 b2 2f 56 78 24 e4 58 35 da fd 3e d6 ff 5f ed 52 99 62 79 9e a0 a4 db ba bd 5a>
        },
        description: {
          type: 'generic',
          creditFirst: false,
          storagePhase: [Object],
          creditPhase: [Object],
          computePhase: [Object],
          actionPhase: [Object],
          bouncePhase: undefined,
          aborted: false,
          destroyed: false
        },
        raw: x{7E9F2F0D84B872955EA7531CD76AA1708C7F19E9781FF03939BD35BA547EE16340000000002BDE780563A9AE4A057B84C64DC5571E3F1678310FBA9CD8BE2B6F180DF34FE1497477000000000029F6300674A4DC600014603C5A0}
         x{A_}
          x{6800A4BAF36B13E3AE770F28659A34B2D81F38859E8C08CF776F2BB4B44180438271003A7CBC3612E1CA557A9D4C735DAA85C231FC67A5E07FC0E4E6F4D6E951FB858D100E4647480608235A000000000501BD04CE949B8C4_}
         x{7286D1B267C77190EF2A7AA3F27A59181D9CE19B7F1F84CDBFE98C1F5A9C5C4A24A7EA758C1A76B22F567824E45835DAFD3ED6FF5FED529962799EA0A4DBBABD5A}
         x{040900E4647498603C5A11_}
          x{4026AC0922BC00000000000000000500000000000000000000000000000000000000000000000000000000000000000000000000000000000000000000000000000000000000000000000000000000}
          x{C00000000000000000000000012D452DA449E50B8CF7DD27861F146122AFE1B546BB8B70FC8216F0C614139F8E04_},
        hash: [Function: hash],
        blockchainLogs: '[ 4][t 0][2024-10-30 23:27:02.444000][transaction.cpp:443]\tunpacking account E9F2F0D84B872955EA7531CD76AA1708C7F19E9781FF03939BD35BA547EE1634\n' +
          '[ 4][t 0][2024-10-30 23:27:02.444000][transaction.cpp:274]\tlast_paid=1732922822; cells=6 bits=821 public_cells=0\n' +
          '[ 4][t 0][2024-10-30 23:27:02.444000][transaction.cpp:504]\tend of Account.unpack() for 0:E9F2F0D84B872955EA7531CD76AA1708C7F19E9781FF03939BD35BA547EE1634 (balance = 999999794872607ng ; last_trans_lt = 44000000..44000001)\n' +
          '[ 4][t 0][2024-10-30 23:27:02.444000][transaction.cpp:3655]\tblock random seed set to 0000000000000000000000000000000000000000000000000000000000000000\n' +
          '[ 4][t 0][2024-10-30 23:27:02.444000][transaction.cpp:1236]\tgas limits: max=1000000, limit=149679, credit=0\n' +
          '[ 4][t 0][2024-10-30 23:27:02.444000][transaction.cpp:1575]\tin_msg_state is null\n' +
          '[ 4][t 0][2024-10-30 23:27:02.444000][transaction.cpp:1645]\tcreating VM\n' +
          '[ 4][t 0][2024-10-30 23:27:02.444000][transaction.cpp:1351]\tSmartContractInfo initialized with [ 124711402 0 0 1732922822 46000000 46000000 60210483465141978598827679003117970236339845468170532052053411751718225576024 [ 999999854744305 (null) ] CS{Cell{0275c00e9f2f0d84b872955ea7531cd76aa1708c7f19e9781ff03939bd35ba547ee163420c80cd433a526e30000000000a7d8c05c0e35fa6232047d340} bits: 1..268; refs: 0..0} C{A7EC01478F770EF8F8B037CC7E42F0ABF0D85A50E1828C2394DAD1411691F2DE} C{D992502B94EA96E7B34E5D62FFB0C6FC73D78B3E61F11F0848FB3A1EB1AFC912} [ 59871698 (null) ] 0 (null) [ CS{Cell{004dd06600000000000000000000000080000000000000fa00000000000001f4000000000003d09040} bits: 9..305; refs: 0..0} (null) CS{Cell{0094d1000000000000006400000000000f4240de000000002710000000000000000f42400000000002160ec0000000000000271000000000002625a00000000005f5e100000000003b9aca00} bits: 0..592; refs: 0..0} CS{Cell{0094d100000000000000640000000000009c40de000000000190000000000000000f424000000000000f4240000000000000271000000000009896800000000005f5e100000000003b9aca00} bits: 0..592; refs: 0..0} CS{Cell{0042ea000000000098968000000000271000000000000f424000000001800055555555} bits: 0..264; refs: 0..0} CS{Cell{0042ea0000000000061a800000000001900000000000009c4000000001800055555555} bits: 0..264; refs: 0..0} (null) ] 0 (null) ]\n' +
          '[ 4][t 0][2024-10-30 23:27:02.445000][transaction.cpp:1675]\tstarting VM\n' +
          '[ 4][t 0][2024-10-30 23:27:02.445000][transaction.cpp:1680]\tVM terminated with exit code 0\n' +
          '[ 3][t 0][2024-10-30 23:27:02.445000][transaction.cpp:1702]\tsteps: 5 gas: used=309, max=1000000, limit=149679, credit=0\n' +
          '[ 3][t 0][2024-10-30 23:27:02.445000][transaction.cpp:1704]\tout_of_gas=false, accepted=true, success=true, time=0.000019s\n' +
          '[ 4][t 0][2024-10-30 23:27:02.445000][transaction.cpp:1737]\tgas fees: 123600 = 26214400 * 309 /2^16 ; price=26214400; flat rate=[40000 for 100]; remaining balance=999999854620705ng\n',
        vmLogs: 'execute SETCP 0\n' +
          'execute DICTPUSHCONST 19 (xC_,1)\n' +
          'execute DICTIGETJMPZ\n' +
          'execute DROP\n' +
          'execute implicit RET\n',
        debugLogs: '',
        events: [],
        parent: {
          address: 37254810366437813475271750514734067285117962570475561289538093995582013161784n,
          lt: 42000000n,
          prevTransactionHash: 26255571664539723262156208020659816085419938624023380505895878115368677336609n,
          prevTransactionLt: 38000000n,
          now: 1732922822,
          outMessagesCount: 2,
          oldStatus: 'active',
          endStatus: 'active',
          inMessage: [Object],
          outMessages: [Dictionary],
          totalFees: [Object],
          stateUpdate: [Object],
          description: [Object],
          raw: x{7525D79B589F1D73B879432CD1A596C0F9C42CF460467BBB795DA5A20C021C138000000000280DE803A0C207F1449CE7BE0D71FAB2B69ECA262660DE3A9EDFF8F5A7D1E34B20EE621000000000243D580674A4DC6000547598D6C}
           x{E_}
            x{6800F99E4F01C1A7C3616D00B3681096094D190E846AE8B8DA0403AC5E7A4431E26D0014975E6D627C75CEE1E50CB346965B03E710B3D18119EEEDE57696883008704E101119EF88060DFF5E0000000004A62F82CE949B8CC_}
             x{2A004A0500000000000000000000000000000000000000000000000000000000000000000000000000000000C00814669C6B54FD8B2DD8E93AAA6E5DE45BD032703F7A61C194AB414089B0A7AA2}
            x{DD_}
             x{2_}
              x{6800A4BAF36B13E3AE770F28659A34B2D81F38859E8C08CF776F2BB4B441804382710020519A71AD53F62CB763A4EAA9B977916F40C9C0FDE9870652AD050226C29EA890FA19E1000608235A000000000501BD02CE949B8C4_}
             x{2_}
              x{6800A4BAF36B13E3AE770F28659A34B2D81F38859E8C08CF776F2BB4B44180438271003A7CBC3612E1CA557A9D4C735DAA85C231FC67A5E07FC0E4E6F4D6E951FB858D100E4647480608235A000000000501BD04CE949B8C4_}
           x{72CAC0C1A57DA66FD3814BF47BDC18D3554981F1231AB21BC7C93E1A37137B9003B819452811F25C0186B18FAB41648142B592888C4822A2B9A1E91A4A30E557F3}
           x{040901119EF8987516A211_}
            x{4D7F2C0AF1E00000000000000002E500000000000000000000000000000000000000000000000000000000000000000000000000000000000000000000000000000000000000000000000000000000}
            x{C9861A804C104698000000000006000200000004520F5BFAE2DB811E659CF17FB03F2335C3023F4A4B88DDB137FBD366D6D178EA40902C14_},
          hash: [Function: hash],
          blockchainLogs: '[ 4][t 0][2024-10-30 23:27:02.432000][transaction.cpp:443]\tunpacking account 525D79B589F1D73B879432CD1A596C0F9C42CF460467BBB795DA5A20C021C138\n' +
            '[ 4][t 0][2024-10-30 23:27:02.432000][transaction.cpp:274]\tlast_paid=1732922822; cells=234 bits=84033 public_cells=0\n' +
            '[ 4][t 0][2024-10-30 23:27:02.432000][transaction.cpp:504]\tend of Account.unpack() for 0:525D79B589F1D73B879432CD1A596C0F9C42CF460467BBB795DA5A20C021C138 (balance = 2100000000ng ; last_trans_lt = 38000000..38000005)\n' +
            '[ 4][t 0][2024-10-30 23:27:02.432000][transaction.cpp:3655]\tblock random seed set to 0000000000000000000000000000000000000000000000000000000000000000\n' +
            '[ 4][t 0][2024-10-30 23:27:02.432000][transaction.cpp:1236]\tgas limits: max=1000000, limit=179320, credit=0\n' +
            '[ 4][t 0][2024-10-30 23:27:02.432000][transaction.cpp:1575]\tin_msg_state is null\n' +
            '[ 4][t 0][2024-10-30 23:27:02.432000][transaction.cpp:1645]\tcreating VM\n' +
            '[ 4][t 0][2024-10-30 23:27:02.432000][transaction.cpp:1351]\tSmartContractInfo initialized with [ 124711402 0 0 1732922822 42000000 42000000 14068792954309835536948273256715513127174070948738620016199408580766834334284 [ 2171728098 (null) ] CS{Cell{0271c00525d79b589f1d73b879432cd1a596c0f9c42cf460467bbb795da5a20c021c1383d4c05210433a526e3000000000090f56151f4add401340} bits: 1..268; refs: 0..0} C{A7EC01478F770EF8F8B037CC7E42F0ABF0D85A50E1828C2394DAD1411691F2DE} C{42B6F0E46484EFC57B9508F6BA7EF42E7512023D5CB4ED5628DD1C7755D16E9D} [ 71728098 (null) ] 0 (null) [ CS{Cell{004dd06600000000000000000000000080000000000000fa00000000000001f4000000000003d09040} bits: 9..305; refs: 0..0} (null) CS{Cell{0094d1000000000000006400000000000f4240de000000002710000000000000000f42400000000002160ec0000000000000271000000000002625a00000000005f5e100000000003b9aca00} bits: 0..592; refs: 0..0} CS{Cell{0094d100000000000000640000000000009c40de000000000190000000000000000f424000000000000f4240000000000000271000000000009896800000000005f5e100000000003b9aca00} bits: 0..592; refs: 0..0} CS{Cell{0042ea000000000098968000000000271000000000000f424000000001800055555555} bits: 0..264; refs: 0..0} CS{Cell{0042ea0000000000061a800000000001900000000000009c4000000001800055555555} bits: 0..264; refs: 0..0} (null) ] 0 (null) ]\n' +
            '[ 4][t 0][2024-10-30 23:27:02.432000][transaction.cpp:1675]\tstarting VM\n' +
            '[ 4][t 0][2024-10-30 23:27:02.433000][transaction.cpp:1680]\tVM terminated with exit code 0\n' +
            '[ 3][t 0][2024-10-30 23:27:02.433000][transaction.cpp:1702]\tsteps: 741 gas: used=27641, max=1000000, limit=179320, credit=0\n' +
            '[ 3][t 0][2024-10-30 23:27:02.433000][transaction.cpp:1704]\tout_of_gas=false, accepted=true, success=true, time=0.000827s\n' +
            '[ 4][t 0][2024-10-30 23:27:02.433000][transaction.cpp:1737]\tgas fees: 11056400 = 26214400 * 27641 /2^16 ; price=26214400; flat rate=[40000 for 100]; remaining balance=2160671698ng\n' +
            '[ 3][t 0][2024-10-30 23:27:02.433000][transaction.cpp:2678]\tin try_action_reserve_currency(0)\n' +
            '[ 4][t 0][2024-10-30 23:27:02.433000][transaction.cpp:2684]\taction_reserve_currency: mode=0, reserve=1051000000ng, balance=2160671698ng, original balance=2100000000ng\n' +
            '[ 3][t 0][2024-10-30 23:27:02.433000][transaction.cpp:2729]\tchanged remaining balance to 1109671698ng, reserved balance to 1051000000ng\n' +
            '[ 4][t 0][2024-10-30 23:27:02.433000][transaction.cpp:2448]\tstorage paid for a message: 0 cells, 0 bits\n' +
            '[ 4][t 0][2024-10-30 23:27:02.433000][transaction.cpp:2452]\tcomputed fwd fees = 400000 + 0\n' +
            '[ 4][t 0][2024-10-30 23:27:02.433000][transaction.cpp:2448]\tstorage paid for a message: 0 cells, 0 bits\n' +
            '[ 4][t 0][2024-10-30 23:27:02.433000][transaction.cpp:2452]\tcomputed fwd fees = 400000 + 0\n',
          vmLogs: 'xecute EQUAL\n' +
            'execute THROWIF 137\n' +
            'execute PUSHPOW2 10\n' +
            'execute EQUAL\n' +
            'execute THROWIFNOT 136\n' +
            'execute STSLICER\n' +
            'execute ENDC\n' +
            'execute ROT\n' +
            'execute STREF\n' +
            'execute ENDC\n' +
            'execute SWAP\n' +
            'execute STREF\n' +
            'execute implicit RET\n' +
            'execute ENDC\n' +
            'execute POP c4\n' +
            'execute implicit RET\n',
          debugLogs: '',
          events: [Array],
          parent: [Object],
          children: [Array],
          externals: []
        },
        children: [],
        externals: []
      },
      {
        address: 82932696146371031528842022915703368160952877310224391173905811460306378520268n,
        lt: 47000000n,
        prevTransactionHash: 10123776730401207949896660255255010464256007654217433979770631218654706091395n,
        prevTransactionLt: 32000000n,
        now: 1732922822,
        outMessagesCount: 0,
        oldStatus: 'active',
        endStatus: 'active',
        inMessage: { info: [Object], init: null, body: x{} },
        outMessages: Dictionary { _key: [Object], _value: [Object], _map: Map(0) {} },
        totalFees: { coins: 274724n },
        stateUpdate: {
          oldHash: <Buffer de 9b a0 42 1f 3d fd 01 1b e5 34 7b b8 36 0a 42 61 9d fa df 22 82 e0 92 4d f1 bd 25 94 73 74 39>,
          newHash: <Buffer 21 a9 15 9a 36 10 16 b4 29 d3 d5 5b 37 86 d7 89 e3 96 47 63 09 2a da 68 84 57 31 b0 74 9f 9a 37>
        },
        description: {
          type: 'generic',
          creditFirst: false,
          storagePhase: [Object],
          creditPhase: [Object],
          computePhase: [Object],
          actionPhase: [Object],
          bouncePhase: undefined,
          aborted: false,
          destroyed: false
        },
        raw: x{7B75A3E1A6460F415CE3721F308920C4B456F3B977F39EB26CED9155308A976CC0000000002CD29C01661DAC52A78A760F7E1D4B2FB4FBA67F0AC204B09A5334E149D5958FB0345830000000001E84800674A4DC6000146086248}
         x{A_}
          x{6800A4BAF36B13E3AE770F28659A34B2D81F38859E8C08CF776F2BB4B44180438271002DD68F8699183D05738DC87CC2248312D15BCEE5DFCE7AC9B3B64554C22A5DB310E27F66000608235A0000000005204182CE949B8C4_}
         x{72DE9BA0421F3DFD011BE5347BB8360A42619DFADF2282E0924DF1BD259473743921A9159A361016B429D3D55B3786D789E3964763092ADA68845731B0749F9A37}
         x{04C09395090E27F66018603C5A11_}
          x{4026AC3D090000000000000000000500000000000000000000000000000000000000000000000000000000000000000000000000000000000000000000000000000000000000000000000000000000}
          x{C00000000000000000000000012D452DA449E50B8CF7DD27861F146122AFE1B546BB8B70FC8216F0C614139F8E04_},
        hash: [Function: hash],
        blockchainLogs: '[ 4][t 0][2024-10-30 23:27:02.446000][transaction.cpp:443]\tunpacking account B75A3E1A6460F415CE3721F308920C4B456F3B977F39EB26CED9155308A976CC\n' +
          '[ 4][t 0][2024-10-30 23:27:02.446000][transaction.cpp:274]\tlast_paid=1730330822; cells=6 bits=821 public_cells=0\n' +
          '[ 4][t 0][2024-10-30 23:27:02.446000][transaction.cpp:504]\tend of Account.unpack() for 0:B75A3E1A6460F415CE3721F308920C4B456F3B977F39EB26CED9155308A976CC (balance = 999998880613600ng ; last_trans_lt = 32000000..32000001)\n' +
          '[ 4][t 0][2024-10-30 23:27:02.446000][transaction.cpp:3655]\tblock random seed set to 0000000000000000000000000000000000000000000000000000000000000000\n' +
          '[ 4][t 0][2024-10-30 23:27:02.446000][transaction.cpp:1236]\tgas limits: max=1000000, limit=1000000, credit=0\n' +
          '[ 4][t 0][2024-10-30 23:27:02.446000][transaction.cpp:1575]\tin_msg_state is null\n' +
          '[ 4][t 0][2024-10-30 23:27:02.446000][transaction.cpp:1645]\tcreating VM\n' +
          '[ 4][t 0][2024-10-30 23:27:02.446000][transaction.cpp:1351]\tSmartContractInfo initialized with [ 124711402 0 0 1732922822 47000000 47000000 21122878255675644108446800642276849919927819785129319861439300423341550034363 [ 999999830462476 (null) ] CS{Cell{0275c00b75a3e1a6460f415ce3721f308920c4b456f3b977f39eb26ced9155308a976cc20c80cd43391606300000000007a12005c0e35f988381381340} bits: 1..268; refs: 0..0} C{A7EC01478F770EF8F8B037CC7E42F0ABF0D85A50E1828C2394DAD1411691F2DE} C{D992502B94EA96E7B34E5D62FFB0C6FC73D78B3E61F11F0848FB3A1EB1AFC912} [ 950000000 (null) ] 151124 (null) [ CS{Cell{004dd06600000000000000000000000080000000000000fa00000000000001f4000000000003d09040} bits: 9..305; refs: 0..0} (null) CS{Cell{0094d1000000000000006400000000000f4240de000000002710000000000000000f42400000000002160ec0000000000000271000000000002625a00000000005f5e100000000003b9aca00} bits: 0..592; refs: 0..0} CS{Cell{0094d100000000000000640000000000009c40de000000000190000000000000000f424000000000000f4240000000000000271000000000009896800000000005f5e100000000003b9aca00} bits: 0..592; refs: 0..0} CS{Cell{0042ea000000000098968000000000271000000000000f424000000001800055555555} bits: 0..264; refs: 0..0} CS{Cell{0042ea0000000000061a800000000001900000000000009c4000000001800055555555} bits: 0..264; refs: 0..0} (null) ] 0 (null) ]\n' +
          '[ 4][t 0][2024-10-30 23:27:02.446000][transaction.cpp:1675]\tstarting VM\n' +
          '[ 4][t 0][2024-10-30 23:27:02.446000][transaction.cpp:1680]\tVM terminated with exit code 0\n' +
          '[ 3][t 0][2024-10-30 23:27:02.446000][transaction.cpp:1702]\tsteps: 5 gas: used=309, max=1000000, limit=1000000, credit=0\n' +
          '[ 3][t 0][2024-10-30 23:27:02.446000][transaction.cpp:1704]\tout_of_gas=false, accepted=true, success=true, time=0.000018s\n' +
          '[ 4][t 0][2024-10-30 23:27:02.446000][transaction.cpp:1737]\tgas fees: 123600 = 26214400 * 309 /2^16 ; price=26214400; flat rate=[40000 for 100]; remaining balance=999999830338876ng\n',
        vmLogs: 'execute SETCP 0\n' +
          'execute DICTPUSHCONST 19 (xC_,1)\n' +
          'execute DICTIGETJMPZ\n' +
          'execute DROP\n' +
          'execute implicit RET\n',
        debugLogs: '',
        events: [],
        parent: {
          address: 37254810366437813475271750514734067285117962570475561289538093995582013161784n,
          lt: 43000000n,
          prevTransactionHash: 67306730949448187581262624866165953324283457427610173427192862093444798199309n,
          prevTransactionLt: 42000000n,
          now: 1732922822,
          outMessagesCount: 2,
          oldStatus: 'active',
          endStatus: 'active',
          inMessage: [Object],
          outMessages: [Dictionary],
          totalFees: [Object],
          stateUpdate: [Object],
          description: [Object],
          raw: x{7525D79B589F1D73B879432CD1A596C0F9C42CF460467BBB795DA5A20C021C13800000000029020C094CE427C341CEDEC4B62DC2A3CDE362B61621BB35840A977DEDA422CE143B60D000000000280DE80674A4DC600054750B3CC}
           x{E_}
            x{6801C25D36B535BEF92116226484A49D03E01E5050FFC3053F6C298C080280A4EEF90014975E6D627C75CEE1E50CB346965B03E710B3D18119EEEDE57696883008704E101119EF88060DFF5E0000000004C4B402CE949B8CC_}
             x{2A004A0500000000000000010000000000000000000000000000000000000000000000000000000000000000400B75A3E1A6460F415CE3721F308920C4B456F3B977F39EB26CED9155308A976CC}
            x{DD_}
             x{2_}
              x{6800A4BAF36B13E3AE770F28659A34B2D81F38859E8C08CF776F2BB4B44180438271002DD68F8699183D05738DC87CC2248312D15BCEE5DFCE7AC9B3B64554C22A5DB310E27F66000608235A0000000005204182CE949B8C4_}
             x{2_}
              x{6800A4BAF36B13E3AE770F28659A34B2D81F38859E8C08CF776F2BB4B44180438271003A7CBC3612E1CA557A9D4C735DAA85C231FC67A5E07FC0E4E6F4D6E951FB858D100E57FA880608235A0000000005204184CE949B8C4_}
           x{72B819452811F25C0186B18FAB41648142B592888C4822A2B9A1E91A4A30E557F3EE50935ADCE91BF22D2EF23AF2E5437B4147A58C0154621DA8ABC11090A6D5CA}
           x{040901119EF89874890811_}
            x{4D248C0AF1E00000000000000002E500000000000000000000000000000000000000000000000000000000000000000000000000000000000000000000000000000000000000000000000000000000}
            x{C9861A804C10469800000000000600020000000450AF9D9EE3726931F26D844A6FCC649C60C9C4AD99D34E111DD9BC6BD3DB3ADC40902C14_},
          hash: [Function: hash],
          blockchainLogs: '[ 4][t 0][2024-10-30 23:27:02.436000][transaction.cpp:443]\tunpacking account 525D79B589F1D73B879432CD1A596C0F9C42CF460467BBB795DA5A20C021C138\n' +
            '[ 4][t 0][2024-10-30 23:27:02.436000][transaction.cpp:274]\tlast_paid=1732922822; cells=231 bits=83982 public_cells=0\n' +
            '[ 4][t 0][2024-10-30 23:27:02.436000][transaction.cpp:504]\tend of Account.unpack() for 0:525D79B589F1D73B879432CD1A596C0F9C42CF460467BBB795DA5A20C021C138 (balance = 1051000000ng ; last_trans_lt = 42000000..42000003)\n' +
            '[ 4][t 0][2024-10-30 23:27:02.436000][transaction.cpp:3655]\tblock random seed set to 0000000000000000000000000000000000000000000000000000000000000000\n' +
            '[ 4][t 0][2024-10-30 23:27:02.436000][transaction.cpp:1236]\tgas limits: max=1000000, limit=179320, credit=0\n' +
            '[ 4][t 0][2024-10-30 23:27:02.436000][transaction.cpp:1575]\tin_msg_state is null\n' +
            '[ 4][t 0][2024-10-30 23:27:02.436000][transaction.cpp:1645]\tcreating VM\n' +
            '[ 4][t 0][2024-10-30 23:27:02.436000][transaction.cpp:1351]\tSmartContractInfo initialized with [ 124711402 0 0 1732922822 43000000 43000000 14068792954309835536948273256715513127174070948738620016199408580766834334284 [ 1122728098 (null) ] CS{Cell{0271c00525d79b589f1d73b879432cd1a596c0f9c42cf460467bbb795da5a20c021c1383cec05203833a526e30000000000a037a0d0fa93f301340} bits: 1..268; refs: 0..0} C{A7EC01478F770EF8F8B037CC7E42F0ABF0D85A50E1828C2394DAD1411691F2DE} C{42B6F0E46484EFC57B9508F6BA7EF42E7512023D5CB4ED5628DD1C7755D16E9D} [ 71728098 (null) ] 0 (null) [ CS{Cell{004dd06600000000000000000000000080000000000000fa00000000000001f4000000000003d09040} bits: 9..305; refs: 0..0} (null) CS{Cell{0094d1000000000000006400000000000f4240de000000002710000000000000000f42400000000002160ec0000000000000271000000000002625a00000000005f5e100000000003b9aca00} bits: 0..592; refs: 0..0} CS{Cell{0094d100000000000000640000000000009c40de000000000190000000000000000f424000000000000f4240000000000000271000000000009896800000000005f5e100000000003b9aca00} bits: 0..592; refs: 0..0} CS{Cell{0042ea000000000098968000000000271000000000000f424000000001800055555555} bits: 0..264; refs: 0..0} CS{Cell{0042ea0000000000061a800000000001900000000000009c4000000001800055555555} bits: 0..264; refs: 0..0} (null) ] 0 (null) ]\n' +
            '[ 4][t 0][2024-10-30 23:27:02.437000][transaction.cpp:1675]\tstarting VM\n' +
            '[ 4][t 0][2024-10-30 23:27:02.438000][transaction.cpp:1680]\tVM terminated with exit code 0\n' +
            '[ 3][t 0][2024-10-30 23:27:02.438000][transaction.cpp:1702]\tsteps: 741 gas: used=26916, max=1000000, limit=179320, credit=0\n' +
            '[ 3][t 0][2024-10-30 23:27:02.438000][transaction.cpp:1704]\tout_of_gas=false, accepted=true, success=true, time=0.001021s\n' +
            '[ 4][t 0][2024-10-30 23:27:02.438000][transaction.cpp:1737]\tgas fees: 10766400 = 26214400 * 26916 /2^16 ; price=26214400; flat rate=[40000 for 100]; remaining balance=1111961698ng\n' +
            '[ 3][t 0][2024-10-30 23:27:02.438000][transaction.cpp:2678]\tin try_action_reserve_currency(0)\n' +
            '[ 4][t 0][2024-10-30 23:27:02.438000][transaction.cpp:2684]\taction_reserve_currency: mode=0, reserve=101000000ng, balance=1111961698ng, original balance=1051000000ng\n' +
            '[ 3][t 0][2024-10-30 23:27:02.438000][transaction.cpp:2729]\tchanged remaining balance to 1010961698ng, reserved balance to 101000000ng\n' +
            '[ 4][t 0][2024-10-30 23:27:02.438000][transaction.cpp:2448]\tstorage paid for a message: 0 cells, 0 bits\n' +
            '[ 4][t 0][2024-10-30 23:27:02.438000][transaction.cpp:2452]\tcomputed fwd fees = 400000 + 0\n' +
            '[ 4][t 0][2024-10-30 23:27:02.438000][transaction.cpp:2448]\tstorage paid for a message: 0 cells, 0 bits\n' +
            '[ 4][t 0][2024-10-30 23:27:02.438000][transaction.cpp:2452]\tcomputed fwd fees = 400000 + 0\n',
          vmLogs: 'xecute EQUAL\n' +
            'execute THROWIF 137\n' +
            'execute PUSHPOW2 10\n' +
            'execute EQUAL\n' +
            'execute THROWIFNOT 136\n' +
            'execute STSLICER\n' +
            'execute ENDC\n' +
            'execute ROT\n' +
            'execute STREF\n' +
            'execute ENDC\n' +
            'execute SWAP\n' +
            'execute STREF\n' +
            'execute implicit RET\n' +
            'execute ENDC\n' +
            'execute POP c4\n' +
            'execute implicit RET\n',
          debugLogs: '',
          events: [Array],
          parent: [Object],
          children: [Array],
          externals: []
        },
        children: [],
        externals: []
      },
      {
        address: 105818132960003171416304597453717637701794574747475969910003481004036112389684n,
        lt: 48000000n,
        prevTransactionHash: 16127940328532395723696227496836334357954127894012204183736331715371532486515n,
        prevTransactionLt: 46000000n,
        now: 1732922822,
        outMessagesCount: 0,
        oldStatus: 'active',
        endStatus: 'active',
        inMessage: { info: [Object], init: null, body: x{} },
        outMessages: Dictionary { _key: [Object], _value: [Object], _map: Map(0) {} },
        totalFees: { coins: 123600n },
        stateUpdate: {
          oldHash: <Buffer a7 ea 75 8c 1a 76 b2 2f 56 78 24 e4 58 35 da fd 3e d6 ff 5f ed 52 99 62 79 9e a0 a4 db ba bd 5a>,
          newHash: <Buffer e2 cc 31 40 93 74 c7 1f c9 97 d7 f6 54 65 81 01 55 01 34 a5 e4 22 bc 5a 91 00 06 23 52 c6 f8 89>
        },
        description: {
          type: 'generic',
          creditFirst: false,
          storagePhase: [Object],
          creditPhase: [Object],
          computePhase: [Object],
          actionPhase: [Object],
          bouncePhase: undefined,
          aborted: false,
          destroyed: false
        },
        raw: x{7E9F2F0D84B872955EA7531CD76AA1708C7F19E9781FF03939BD35BA547EE16340000000002DC6C0023A8173AA526A1F6EACA2FD35757154CF67A3497073240C8D2C9A6AB869B07730000000002BDE780674A4DC600014603C5A0}
         x{A_}
          x{6800A4BAF36B13E3AE770F28659A34B2D81F38859E8C08CF776F2BB4B44180438271003A7CBC3612E1CA557A9D4C735DAA85C231FC67A5E07FC0E4E6F4D6E951FB858D100E57FA880608235A0000000005204184CE949B8C4_}
         x{72A7EA758C1A76B22F567824E45835DAFD3ED6FF5FED529962799EA0A4DBBABD5AE2CC31409374C71FC997D7F654658101550134A5E422BC5A9100062352C6F889}
         x{040900E57FA898603C5A11_}
          x{4026AC092E1000000000000000000500000000000000000000000000000000000000000000000000000000000000000000000000000000000000000000000000000000000000000000000000000000}
          x{C00000000000000000000000012D452DA449E50B8CF7DD27861F146122AFE1B546BB8B70FC8216F0C614139F8E04_},
        hash: [Function: hash],
        blockchainLogs: '[ 4][t 0][2024-10-30 23:27:02.448000][transaction.cpp:443]\tunpacking account E9F2F0D84B872955EA7531CD76AA1708C7F19E9781FF03939BD35BA547EE1634\n' +
          '[ 4][t 0][2024-10-30 23:27:02.448000][transaction.cpp:274]\tlast_paid=1732922822; cells=6 bits=821 public_cells=0\n' +
          '[ 4][t 0][2024-10-30 23:27:02.448000][transaction.cpp:504]\tend of Account.unpack() for 0:E9F2F0D84B872955EA7531CD76AA1708C7F19E9781FF03939BD35BA547EE1634 (balance = 999999854620705ng ; last_trans_lt = 46000000..46000001)\n' +
          '[ 4][t 0][2024-10-30 23:27:02.448000][transaction.cpp:3655]\tblock random seed set to 0000000000000000000000000000000000000000000000000000000000000000\n' +
          '[ 4][t 0][2024-10-30 23:27:02.448000][transaction.cpp:1236]\tgas limits: max=1000000, limit=150404, credit=0\n' +
          '[ 4][t 0][2024-10-30 23:27:02.448000][transaction.cpp:1575]\tin_msg_state is null\n' +
          '[ 4][t 0][2024-10-30 23:27:02.448000][transaction.cpp:1645]\tcreating VM\n' +
          '[ 4][t 0][2024-10-30 23:27:02.448000][transaction.cpp:1351]\tSmartContractInfo initialized with [ 124711402 0 0 1732922822 48000000 48000000 60210483465141978598827679003117970236339845468170532052053411751718225576024 [ 999999914782403 (null) ] CS{Cell{0275c00e9f2f0d84b872955ea7531cd76aa1708c7f19e9781ff03939bd35ba547ee163420c80cd433a526e30000000000af79e05c0e35fa7070c085340} bits: 1..268; refs: 0..0} C{A7EC01478F770EF8F8B037CC7E42F0ABF0D85A50E1828C2394DAD1411691F2DE} C{D992502B94EA96E7B34E5D62FFB0C6FC73D78B3E61F11F0848FB3A1EB1AFC912} [ 60161698 (null) ] 0 (null) [ CS{Cell{004dd06600000000000000000000000080000000000000fa00000000000001f4000000000003d09040} bits: 9..305; refs: 0..0} (null) CS{Cell{0094d1000000000000006400000000000f4240de000000002710000000000000000f42400000000002160ec0000000000000271000000000002625a00000000005f5e100000000003b9aca00} bits: 0..592; refs: 0..0} CS{Cell{0094d100000000000000640000000000009c40de000000000190000000000000000f424000000000000f4240000000000000271000000000009896800000000005f5e100000000003b9aca00} bits: 0..592; refs: 0..0} CS{Cell{0042ea000000000098968000000000271000000000000f424000000001800055555555} bits: 0..264; refs: 0..0} CS{Cell{0042ea0000000000061a800000000001900000000000009c4000000001800055555555} bits: 0..264; refs: 0..0} (null) ] 0 (null) ]\n' +
          '[ 4][t 0][2024-10-30 23:27:02.448000][transaction.cpp:1675]\tstarting VM\n' +
          '[ 4][t 0][2024-10-30 23:27:02.448000][transaction.cpp:1680]\tVM terminated with exit code 0\n' +
          '[ 3][t 0][2024-10-30 23:27:02.448000][transaction.cpp:1702]\tsteps: 5 gas: used=309, max=1000000, limit=150404, credit=0\n' +
          '[ 3][t 0][2024-10-30 23:27:02.448000][transaction.cpp:1704]\tout_of_gas=false, accepted=true, success=true, time=0.000018s\n' +
          '[ 4][t 0][2024-10-30 23:27:02.448000][transaction.cpp:1737]\tgas fees: 123600 = 26214400 * 309 /2^16 ; price=26214400; flat rate=[40000 for 100]; remaining balance=999999914658803ng\n',
        vmLogs: 'execute SETCP 0\n' +
          'execute DICTPUSHCONST 19 (xC_,1)\n' +
          'execute DICTIGETJMPZ\n' +
          'execute DROP\n' +
          'execute implicit RET\n',
        debugLogs: '',
        events: [],
        parent: {
          address: 37254810366437813475271750514734067285117962570475561289538093995582013161784n,
          lt: 43000000n,
          prevTransactionHash: 67306730949448187581262624866165953324283457427610173427192862093444798199309n,
          prevTransactionLt: 42000000n,
          now: 1732922822,
          outMessagesCount: 2,
          oldStatus: 'active',
          endStatus: 'active',
          inMessage: [Object],
          outMessages: [Dictionary],
          totalFees: [Object],
          stateUpdate: [Object],
          description: [Object],
          raw: x{7525D79B589F1D73B879432CD1A596C0F9C42CF460467BBB795DA5A20C021C13800000000029020C094CE427C341CEDEC4B62DC2A3CDE362B61621BB35840A977DEDA422CE143B60D000000000280DE80674A4DC600054750B3CC}
           x{E_}
            x{6801C25D36B535BEF92116226484A49D03E01E5050FFC3053F6C298C080280A4EEF90014975E6D627C75CEE1E50CB346965B03E710B3D18119EEEDE57696883008704E101119EF88060DFF5E0000000004C4B402CE949B8CC_}
             x{2A004A0500000000000000010000000000000000000000000000000000000000000000000000000000000000400B75A3E1A6460F415CE3721F308920C4B456F3B977F39EB26CED9155308A976CC}
            x{DD_}
             x{2_}
              x{6800A4BAF36B13E3AE770F28659A34B2D81F38859E8C08CF776F2BB4B44180438271002DD68F8699183D05738DC87CC2248312D15BCEE5DFCE7AC9B3B64554C22A5DB310E27F66000608235A0000000005204182CE949B8C4_}
             x{2_}
              x{6800A4BAF36B13E3AE770F28659A34B2D81F38859E8C08CF776F2BB4B44180438271003A7CBC3612E1CA557A9D4C735DAA85C231FC67A5E07FC0E4E6F4D6E951FB858D100E57FA880608235A0000000005204184CE949B8C4_}
           x{72B819452811F25C0186B18FAB41648142B592888C4822A2B9A1E91A4A30E557F3EE50935ADCE91BF22D2EF23AF2E5437B4147A58C0154621DA8ABC11090A6D5CA}
           x{040901119EF89874890811_}
            x{4D248C0AF1E00000000000000002E500000000000000000000000000000000000000000000000000000000000000000000000000000000000000000000000000000000000000000000000000000000}
            x{C9861A804C10469800000000000600020000000450AF9D9EE3726931F26D844A6FCC649C60C9C4AD99D34E111DD9BC6BD3DB3ADC40902C14_},
          hash: [Function: hash],
          blockchainLogs: '[ 4][t 0][2024-10-30 23:27:02.436000][transaction.cpp:443]\tunpacking account 525D79B589F1D73B879432CD1A596C0F9C42CF460467BBB795DA5A20C021C138\n' +
            '[ 4][t 0][2024-10-30 23:27:02.436000][transaction.cpp:274]\tlast_paid=1732922822; cells=231 bits=83982 public_cells=0\n' +
            '[ 4][t 0][2024-10-30 23:27:02.436000][transaction.cpp:504]\tend of Account.unpack() for 0:525D79B589F1D73B879432CD1A596C0F9C42CF460467BBB795DA5A20C021C138 (balance = 1051000000ng ; last_trans_lt = 42000000..42000003)\n' +
            '[ 4][t 0][2024-10-30 23:27:02.436000][transaction.cpp:3655]\tblock random seed set to 0000000000000000000000000000000000000000000000000000000000000000\n' +
            '[ 4][t 0][2024-10-30 23:27:02.436000][transaction.cpp:1236]\tgas limits: max=1000000, limit=179320, credit=0\n' +
            '[ 4][t 0][2024-10-30 23:27:02.436000][transaction.cpp:1575]\tin_msg_state is null\n' +
            '[ 4][t 0][2024-10-30 23:27:02.436000][transaction.cpp:1645]\tcreating VM\n' +
            '[ 4][t 0][2024-10-30 23:27:02.436000][transaction.cpp:1351]\tSmartContractInfo initialized with [ 124711402 0 0 1732922822 43000000 43000000 14068792954309835536948273256715513127174070948738620016199408580766834334284 [ 1122728098 (null) ] CS{Cell{0271c00525d79b589f1d73b879432cd1a596c0f9c42cf460467bbb795da5a20c021c1383cec05203833a526e30000000000a037a0d0fa93f301340} bits: 1..268; refs: 0..0} C{A7EC01478F770EF8F8B037CC7E42F0ABF0D85A50E1828C2394DAD1411691F2DE} C{42B6F0E46484EFC57B9508F6BA7EF42E7512023D5CB4ED5628DD1C7755D16E9D} [ 71728098 (null) ] 0 (null) [ CS{Cell{004dd06600000000000000000000000080000000000000fa00000000000001f4000000000003d09040} bits: 9..305; refs: 0..0} (null) CS{Cell{0094d1000000000000006400000000000f4240de000000002710000000000000000f42400000000002160ec0000000000000271000000000002625a00000000005f5e100000000003b9aca00} bits: 0..592; refs: 0..0} CS{Cell{0094d100000000000000640000000000009c40de000000000190000000000000000f424000000000000f4240000000000000271000000000009896800000000005f5e100000000003b9aca00} bits: 0..592; refs: 0..0} CS{Cell{0042ea000000000098968000000000271000000000000f424000000001800055555555} bits: 0..264; refs: 0..0} CS{Cell{0042ea0000000000061a800000000001900000000000009c4000000001800055555555} bits: 0..264; refs: 0..0} (null) ] 0 (null) ]\n' +
            '[ 4][t 0][2024-10-30 23:27:02.437000][transaction.cpp:1675]\tstarting VM\n' +
            '[ 4][t 0][2024-10-30 23:27:02.438000][transaction.cpp:1680]\tVM terminated with exit code 0\n' +
            '[ 3][t 0][2024-10-30 23:27:02.438000][transaction.cpp:1702]\tsteps: 741 gas: used=26916, max=1000000, limit=179320, credit=0\n' +
            '[ 3][t 0][2024-10-30 23:27:02.438000][transaction.cpp:1704]\tout_of_gas=false, accepted=true, success=true, time=0.001021s\n' +
            '[ 4][t 0][2024-10-30 23:27:02.438000][transaction.cpp:1737]\tgas fees: 10766400 = 26214400 * 26916 /2^16 ; price=26214400; flat rate=[40000 for 100]; remaining balance=1111961698ng\n' +
            '[ 3][t 0][2024-10-30 23:27:02.438000][transaction.cpp:2678]\tin try_action_reserve_currency(0)\n' +
            '[ 4][t 0][2024-10-30 23:27:02.438000][transaction.cpp:2684]\taction_reserve_currency: mode=0, reserve=101000000ng, balance=1111961698ng, original balance=1051000000ng\n' +
            '[ 3][t 0][2024-10-30 23:27:02.438000][transaction.cpp:2729]\tchanged remaining balance to 1010961698ng, reserved balance to 101000000ng\n' +
            '[ 4][t 0][2024-10-30 23:27:02.438000][transaction.cpp:2448]\tstorage paid for a message: 0 cells, 0 bits\n' +
            '[ 4][t 0][2024-10-30 23:27:02.438000][transaction.cpp:2452]\tcomputed fwd fees = 400000 + 0\n' +
            '[ 4][t 0][2024-10-30 23:27:02.438000][transaction.cpp:2448]\tstorage paid for a message: 0 cells, 0 bits\n' +
            '[ 4][t 0][2024-10-30 23:27:02.438000][transaction.cpp:2452]\tcomputed fwd fees = 400000 + 0\n',
          vmLogs: 'xecute EQUAL\n' +
            'execute THROWIF 137\n' +
            'execute PUSHPOW2 10\n' +
            'execute EQUAL\n' +
            'execute THROWIFNOT 136\n' +
            'execute STSLICER\n' +
            'execute ENDC\n' +
            'execute ROT\n' +
            'execute STREF\n' +
            'execute ENDC\n' +
            'execute SWAP\n' +
            'execute STREF\n' +
            'execute implicit RET\n' +
            'execute ENDC\n' +
            'execute POP c4\n' +
            'execute implicit RET\n',
          debugLogs: '',
          events: [Array],
          parent: [Object],
          children: [Array],
          externals: []
        },
        children: [],
        externals: []
      }
    ]

      at proceedDeal (tests/MarketTon.spec.ts:2082:17)

  console.log
    [
      {
        type: 'message_sent',
        from: EQDp8vDYS4cpVep1Mc12qhcIx_Gel4H_A5Ob01ulR-4WNMml,
        to: EQBSXXm1ifHXO4eUMs0aWWwPnELPRgRnu7eV2logwCHBOBBt,
        value: 1000000000n,
        body: x{E9626FBA000000000000000000000000}
         x{03DF94AA22408F0D180000001937A3FCD704_}
         x{03DF94AA23405F5E100000001937A3FCD704_},
        bounced: false
      },
      {
        type: 'message_sent',
        from: EQBSXXm1ifHXO4eUMs0aWWwPnELPRgRnu7eV2logwCHBOBBt,
        to: EQASWIYDJyUJTnnETBq5ZC_hy_G_TXfbJcNF3b56jIC81Pj2,
        value: 982832763n,
        body: x{03DF94AA000000000000000022408F0D180000001937A3FCD7011A02FAF080000000C9BD1FE6B82_}
         x{},
        bounced: false
      },
      {
        type: 'message_sent',
        from: EQASWIYDJyUJTnnETBq5ZC_hy_G_TXfbJcNF3b56jIC81Pj2,
        to: EQBSXXm1ifHXO4eUMs0aWWwPnELPRgRnu7eV2logwCHBOBBt,
        value: 978464763n,
        body: x{935FA9D10000000000000000}
         x{00000000000000000000000000000000000000000000000000000000000000220000000000000000000000000000000000000000000000000000000008F0D18001937A3FCD70}
         x{00000000000000000000000000000000000000000000000000000000000000230000000000000000000000000000000000000000000000000000000005F5E10001937A3FCD70},
        bounced: false
      },
      {
        type: 'message_sent',
        from: EQBSXXm1ifHXO4eUMs0aWWwPnELPRgRnu7eV2logwCHBOBBt,
        to: EQC50kw8CkUnsCDgJcqVYTHF61CBKRFXwl_Xlh3y0DobarlX,
        value: 966133163n,
        body: x{E601F8E50000000000000000},
        bounced: false
      },
      {
        type: 'message_sent',
        from: EQC50kw8CkUnsCDgJcqVYTHF61CBKRFXwl_Xlh3y0DobarlX,
        to: EQBSXXm1ifHXO4eUMs0aWWwPnELPRgRnu7eV2logwCHBOBBt,
        value: 960892531n,
        body: x{B687AB17000000000000000000000000}
         x{02202FAF080202FAF08021DCD65001CC4B4021DCD6500339160633397F7E33391606333A526E300000000800000004_}
          x{801028CD38D6A9FB165BB1D27554DCBBC8B7A064E07EF4C3832956828113614F545_},
        bounced: false
      },
      {
        type: 'message_sent',
        from: EQBSXXm1ifHXO4eUMs0aWWwPnELPRgRnu7eV2logwCHBOBBt,
        to: EQB8zyeA4NPhsLaAWbQISwSmjIdCNXRcbQIB1i89IhjxNhei,
        value: 67521600n,
        body: x{BC26F4C80000000000000000},
        bounced: false
      },
      {
        type: 'message_sent',
        from: EQBSXXm1ifHXO4eUMs0aWWwPnELPRgRnu7eV2logwCHBOBBt,
        to: EQDhLptamt98kIsRMkJSToHwDygof-GCn7YUxgQBQFJ3fLZb,
        value: 67521600n,
        body: x{BC26F4C80000000000000001},
        bounced: false
      },
      {
        type: 'message_sent',
        from: EQBSXXm1ifHXO4eUMs0aWWwPnELPRgRnu7eV2logwCHBOBBt,
        to: EQC50kw8CkUnsCDgJcqVYTHF61CBKRFXwl_Xlh3y0DobarlX,
        value: 791210531n,
        body: x{B8A3AA140000000000000000801D3E5E1B0970E52ABD4EA639AED542E118FE33D2F03FE072737A6B74A8FDC2C69_},
        bounced: false
      },
      {
        type: 'message_sent',
        from: EQB8zyeA4NPhsLaAWbQISwSmjIdCNXRcbQIB1i89IhjxNhei,
        to: EQBSXXm1ifHXO4eUMs0aWWwPnELPRgRnu7eV2logwCHBOBBt,
        value: 71728098n,
        body: x{2A004A0500000000000000000000000000000000000000000000000000000000000000000000000000000000C00814669C6B54FD8B2DD8E93AAA6E5DE45BD032703F7A61C194AB414089B0A7AA2},
        bounced: false
      },
      {
        type: 'message_sent',
        from: EQDhLptamt98kIsRMkJSToHwDygof-GCn7YUxgQBQFJ3fLZb,
        to: EQBSXXm1ifHXO4eUMs0aWWwPnELPRgRnu7eV2logwCHBOBBt,
        value: 71728098n,
        body: x{2A004A0500000000000000010000000000000000000000000000000000000000000000000000000000000000400B75A3E1A6460F415CE3721F308920C4B456F3B977F39EB26CED9155308A976CC},
        bounced: false
      },
      {
        type: 'message_sent',
        from: EQC50kw8CkUnsCDgJcqVYTHF61CBKRFXwl_Xlh3y0DobarlX,
        to: EQDp8vDYS4cpVep1Mc12qhcIx_Gel4H_A5Ob01ulR-4WNMml,
        value: 797411731n,
        body: x{},
        bounced: false
      },
      {
        type: 'account_destroyed',
        account: EQC50kw8CkUnsCDgJcqVYTHF61CBKRFXwl_Xlh3y0DobarlX
      },
      {
        type: 'message_sent',
        from: EQBSXXm1ifHXO4eUMs0aWWwPnELPRgRnu7eV2logwCHBOBBt,
        to: EQCBRmnGtU_Yst2Ok6qm5d5FvQMnA_emHBlKtBQImwp6oicf,
        value: 1049000000n,
        body: x{},
        bounced: false
      },
      {
        type: 'message_sent',
        from: EQBSXXm1ifHXO4eUMs0aWWwPnELPRgRnu7eV2logwCHBOBBt,
        to: EQDp8vDYS4cpVep1Mc12qhcIx_Gel4H_A5Ob01ulR-4WNMml,
        value: 59871698n,
        body: x{},
        bounced: false
      },
      {
        type: 'message_sent',
        from: EQBSXXm1ifHXO4eUMs0aWWwPnELPRgRnu7eV2logwCHBOBBt,
        to: EQC3Wj4aZGD0Fc43IfMIkgxLRW87l3856ybO2RVTCKl2zDIR,
        value: 950000000n,
        body: x{},
        bounced: false
      },
      {
        type: 'message_sent',
        from: EQBSXXm1ifHXO4eUMs0aWWwPnELPRgRnu7eV2logwCHBOBBt,
        to: EQDp8vDYS4cpVep1Mc12qhcIx_Gel4H_A5Ob01ulR-4WNMml,
        value: 60161698n,
        body: x{},
        bounced: false
      }
    ]

      at proceedDeal (tests/MarketTon.spec.ts:2083:17)

  console.log
    User fee :-0.085341197

      at proceedDeal (tests/MarketTon.spec.ts:2086:17)

  console.log
    User fee :-0.0356324

      at createDeal (tests/MarketTon.spec.ts:1954:17)

  console.log
    User fee :-0.1194224

      at takeDeal (tests/MarketTon.spec.ts:2019:17)

  console.log
    [
      {
        address: 105818132960003171416304597453717637701794574747475969910003481004036112389684n,
        lt: 33000000n,
        prevTransactionHash: 68709792468217457555915248229064399704118270934698831512288344009121844805235n,
        prevTransactionLt: 9000000n,
        now: 1732922822,
        outMessagesCount: 1,
        oldStatus: 'active',
        endStatus: 'active',
        inMessage: {
          info: [Object],
          init: null,
          body: x{579378ED124D4474AEAC829C138B5598B5168CF79FD305630FA5D54299276449C_}
           x{D001}
            x{6200292EBCDAC4F8EB9DC3CA19668D2CB607CE2167A30233DDDBCAED2D106010E09C21DCD6500000000000000000000000000000E9626FBA000000000000000000000000}
             x{03DF94AA22408F0D180000001937A3FCD704_}
             x{03DF94AA23405F5E100000001937A3FCD704_}
        },
        outMessages: Dictionary { _key: [Object], _value: [Object], _map: [Map] },
        totalFees: { coins: 2020320n },
        stateUpdate: {
          oldHash: <Buffer 80 54 15 4f d3 77 ae c5 43 55 d4 de 65 6e 1c e7 5e 63 6e 73 8a ae 5b 09 fc 5a ee 57 fe 5f 93 93>,
          newHash: <Buffer ee 76 4a 6b c2 7b 95 e0 eb 9d a7 ee 26 2b 19 6d fe cd 22 fa c0 8f ae 5c b9 df 4c 7c a9 93 f8 c5>
        },
        description: {
          type: 'generic',
          creditFirst: true,
          storagePhase: [Object],
          creditPhase: undefined,
          computePhase: [Object],
          actionPhase: [Object],
          bouncePhase: undefined,
          aborted: false,
          destroyed: false
        },
        raw: x{7E9F2F0D84B872955EA7531CD76AA1708C7F19E9781FF03939BD35BA547EE16340000000001F78A4097E85D485B0E2454CA89A9AD75717584979A9C63755017148DB2B452828DBE730000000000895440674A4DC60003463DA7C0}
         x{E_}
          x{8801D3E5E1B0970E52ABD4EA639AED542E118FE33D2F03FE072737A6B74A8FDC2C6802BC9BC768926A23A5756414E09C5AACC5A8B467BCFE982B187D2EAA14C93B224E_}
           x{D001}
            x{6200292EBCDAC4F8EB9DC3CA19668D2CB607CE2167A30233DDDBCAED2D106010E09C21DCD6500000000000000000000000000000E9626FBA000000000000000000000000}
             x{03DF94AA22408F0D180000001937A3FCD704_}
             x{03DF94AA23405F5E100000001937A3FCD704_}
          x{DF_}
           x{6801D3E5E1B0970E52ABD4EA639AED542E118FE33D2F03FE072737A6B74A8FDC2C690014975E6D627C75CEE1E50CB346965B03E710B3D18119EEEDE57696883008704E10EE6B2800060C0F880000000003EF1482CE949B8C74B137DD0000000000000000000000004_}
            x{03DF94AA22408F0D180000001937A3FCD704_}
            x{03DF94AA23405F5E100000001937A3FCD704_}
         x{728054154FD377AEC54355D4DE656E1CE75E636E738AAE5B09FC5AEE57FE5F9393EE764A6BC27B95E0EB9DA7EE262B196DFECD22FAC08FAE5CB9DF4C7CA993F8C5}
         x{0CC0939506185E94844_}
          x{40F223138800000000000000000C800000000000000000000000000000000000000000000000000000000000000000000000000000000000000000000000000000000000000000000000000000002_}
          x{C98485D04C0C0F70000000000002000000000002C504296F57415C9734EDB764462F44D86A64CA428E1619DED02727DDE4AC551840D022DC_},
        hash: [Function: hash],
        blockchainLogs: '[ 4][t 0][2024-10-30 23:27:03.108000][transaction.cpp:443]\tunpacking account E9F2F0D84B872955EA7531CD76AA1708C7F19E9781FF03939BD35BA547EE1634\n' +
          '[ 4][t 0][2024-10-30 23:27:03.108000][transaction.cpp:274]\tlast_paid=1730330822; cells=6 bits=821 public_cells=0\n' +
          '[ 4][t 0][2024-10-30 23:27:03.108000][transaction.cpp:504]\tend of Account.unpack() for 0:E9F2F0D84B872955EA7531CD76AA1708C7F19E9781FF03939BD35BA547EE1634 (balance = 1000000000000000ng ; last_trans_lt = 9000000..9000001)\n' +
          '[ 4][t 0][2024-10-30 23:27:03.108000][transaction.cpp:3655]\tblock random seed set to 0000000000000000000000000000000000000000000000000000000000000000\n' +
          '[ 4][t 0][2024-10-30 23:27:03.109000][transaction.cpp:788]\tstorage paid for a message: 4 cells, 842 bits\n' +
          '[ 4][t 0][2024-10-30 23:27:03.109000][transaction.cpp:802]\tcomputed fwd fees = 896800 + 0\n' +
          '[ 4][t 0][2024-10-30 23:27:03.109000][transaction.cpp:1236]\tgas limits: max=1000000, limit=0, credit=10000\n' +
          '[ 4][t 0][2024-10-30 23:27:03.109000][transaction.cpp:1575]\tin_msg_state is null\n' +
          '[ 4][t 0][2024-10-30 23:27:03.109000][transaction.cpp:1645]\tcreating VM\n' +
          '[ 4][t 0][2024-10-30 23:27:03.109000][transaction.cpp:1351]\tSmartContractInfo initialized with [ 124711402 0 0 1732922822 33000000 33000000 60210483465141978598827679003117970236339845468170532052053411751718225576024 [ 999999998952076 (null) ] CS{Cell{0275c00e9f2f0d84b872955ea7531cd76aa1708c7f19e9781ff03939bd35ba547ee163420c80cd43391606300000000002255105c0e35fa931a0001340} bits: 1..268; refs: 0..0} C{A7EC01478F770EF8F8B037CC7E42F0ABF0D85A50E1828C2394DAD1411691F2DE} C{D992502B94EA96E7B34E5D62FFB0C6FC73D78B3E61F11F0848FB3A1EB1AFC912} [ 0 (null) ] 151124 (null) [ CS{Cell{004dd06600000000000000000000000080000000000000fa00000000000001f4000000000003d09040} bits: 9..305; refs: 0..0} (null) CS{Cell{0094d1000000000000006400000000000f4240de000000002710000000000000000f42400000000002160ec0000000000000271000000000002625a00000000005f5e100000000003b9aca00} bits: 0..592; refs: 0..0} CS{Cell{0094d100000000000000640000000000009c40de000000000190000000000000000f424000000000000f4240000000000000271000000000009896800000000005f5e100000000003b9aca00} bits: 0..592; refs: 0..0} CS{Cell{0042ea000000000098968000000000271000000000000f424000000001800055555555} bits: 0..264; refs: 0..0} CS{Cell{0042ea0000000000061a800000000001900000000000009c4000000001800055555555} bits: 0..264; refs: 0..0} (null) ] 0 (null) ]\n' +
          '[ 4][t 0][2024-10-30 23:27:03.109000][transaction.cpp:1675]\tstarting VM\n' +
          '[ 4][t 0][2024-10-30 23:27:03.109000][transaction.cpp:1680]\tVM terminated with exit code 0\n' +
          '[ 3][t 0][2024-10-30 23:27:03.109000][transaction.cpp:1702]\tsteps: 50 gas: used=1937, max=1000000, limit=1000000, credit=0\n' +
          '[ 3][t 0][2024-10-30 23:27:03.109000][transaction.cpp:1704]\tout_of_gas=false, accepted=true, success=true, time=0.000092s\n' +
          '[ 4][t 0][2024-10-30 23:27:03.109000][transaction.cpp:1737]\tgas fees: 774800 = 26214400 * 1937 /2^16 ; price=26214400; flat rate=[40000 for 100]; remaining balance=999999998177276ng\n' +
          '[ 4][t 0][2024-10-30 23:27:03.109000][transaction.cpp:2448]\tstorage paid for a message: 2 cells, 282 bits\n' +
          '[ 4][t 0][2024-10-30 23:27:03.109000][transaction.cpp:2452]\tcomputed fwd fees = 592800 + 0\n',
        vmLogs: 'ULLSWAPIFNOT2\n' +
          'execute DUP\n' +
          'execute PUSHCONT x02D307D43001FB00\n' +
          'execute PUSHCONT x32\n' +
          'execute IFELSE\n' +
          'execute POP s2\n' +
          'execute implicit RET\n' +
          'execute SWAP\n' +
          'execute NOT\n' +
          'execute implicit RET\n' +
          'until loop body end\n' +
          'until loop terminated\n' +
          'execute 2DROP\n' +
          'execute implicit RET\n',
        debugLogs: '',
        events: [ [Object] ],
        parent: undefined,
        children: [ [Object] ],
        externals: []
      },
      {
        address: 37254810366437813475271750514734067285117962570475561289538093995582013161784n,
        lt: 34000000n,
        prevTransactionHash: 27825477722328066355735910954917478567328304406601663231748638992455193951524n,
        prevTransactionLt: 25000000n,
        now: 1732922822,
        outMessagesCount: 1,
        oldStatus: 'active',
        endStatus: 'active',
        inMessage: {
          info: [Object],
          init: null,
          body: x{E9626FBA000000000000000000000000}
           x{03DF94AA22408F0D180000001937A3FCD704_}
           x{03DF94AA23405F5E100000001937A3FCD704_}
        },
        outMessages: Dictionary { _key: [Object], _value: [Object], _map: [Map] },
        totalFees: { coins: 16763500n },
        stateUpdate: {
          oldHash: <Buffer fd e6 66 b4 86 41 0e ba 87 c7 f5 c8 58 4b d2 98 42 a3 57 cd 74 32 b4 92 1a 99 4a 4c 84 00 a3 ee>,
          newHash: <Buffer 02 7c 94 78 a5 cd ac 6f 85 c0 de ad f8 46 76 42 a8 d8 85 af 31 e0 3a 1f 63 60 67 02 2c 08 8b 1e>
        },
        description: {
          type: 'generic',
          creditFirst: false,
          storagePhase: [Object],
          creditPhase: [Object],
          computePhase: [Object],
          actionPhase: [Object],
          bouncePhase: undefined,
          aborted: false,
          destroyed: false
        },
        raw: x{7525D79B589F1D73B879432CD1A596C0F9C42CF460467BBB795DA5A20C021C138000000000206CC803D84A98B227F0808555243EAE169A6F30E55353362C8B27B076E3C83BB8D7D2400000000017D7840674A4DC6000347FF94D8}
         x{E_}
          x{6801D3E5E1B0970E52ABD4EA639AED542E118FE33D2F03FE072737A6B74A8FDC2C690014975E6D627C75CEE1E50CB346965B03E710B3D18119EEEDE57696883008704E10EE6B2800060C0F880000000003EF1482CE949B8C74B137DD0000000000000000000000004_}
           x{03DF94AA22408F0D180000001937A3FCD704_}
           x{03DF94AA23405F5E100000001937A3FCD704_}
          x{DF_}
           x{6800A4BAF36B13E3AE770F28659A34B2D81F38859E8C08CF776F2BB4B441804382710004962180C9C942539E711306AE590BF872FC6FD35DF6C970D1776F9EA3202F3510EA5359EC060C523200000000040D9902CE949B8CC_}
            x{03DF94AA000000000000000022408F0D180000001937A3FCD7011A02FAF080000000C9BD1FE6B82_}
             x{}
         x{72FDE666B486410EBA87C7F5C8584BD29842A357CD7432B4921A994A4C8400A3EE027C9478A5CDAC6F85C0DEADF8467642A8D885AF31E03A1F636067022C088B1E}
         x{04DDDA39490EE6B2801870A9A011_}
          x{4AAA0C3D090000000000000000025500000000000000000000000000000000000000000000000000000000000000000000000000000000000000000000000000000000000000000000000000000000}
          x{C9849ED04C0C521C000000000004000200000003C1169DCE056047C66E96B02495BC2B91B339186C42AB1A6C8385C7644B667E8640D01FDC_},
        hash: [Function: hash],
        blockchainLogs: '[ 4][t 0][2024-10-30 23:27:03.111000][transaction.cpp:443]\tunpacking account 525D79B589F1D73B879432CD1A596C0F9C42CF460467BBB795DA5A20C021C138\n' +
          '[ 4][t 0][2024-10-30 23:27:03.112000][transaction.cpp:274]\tlast_paid=1730330822; cells=229 bits=83363 public_cells=0\n' +
          '[ 4][t 0][2024-10-30 23:27:03.112000][transaction.cpp:504]\tend of Account.unpack() for 0:525D79B589F1D73B879432CD1A596C0F9C42CF460467BBB795DA5A20C021C138 (balance = 2100000000ng ; last_trans_lt = 25000000..25000006)\n' +
          '[ 4][t 0][2024-10-30 23:27:03.112000][transaction.cpp:3655]\tblock random seed set to 0000000000000000000000000000000000000000000000000000000000000000\n' +
          '[ 4][t 0][2024-10-30 23:27:03.112000][transaction.cpp:1236]\tgas limits: max=1000000, limit=1000000, credit=0\n' +
          '[ 4][t 0][2024-10-30 23:27:03.112000][transaction.cpp:1575]\tin_msg_state is null\n' +
          '[ 4][t 0][2024-10-30 23:27:03.112000][transaction.cpp:1645]\tcreating VM\n' +
          '[ 4][t 0][2024-10-30 23:27:03.112000][transaction.cpp:1351]\tSmartContractInfo initialized with [ 124711402 0 0 1732922822 34000000 34000000 14068792954309835536948273256715513127174070948738620016199408580766834334284 [ 3092174363 (null) ] CS{Cell{0271c00525d79b589f1d73b879432cd1a596c0f9c42cf460467bbb795da5a20c021c1383cac05168c3391606300000000005f5e1191f4add401340} bits: 1..268; refs: 0..0} C{A7EC01478F770EF8F8B037CC7E42F0ABF0D85A50E1828C2394DAD1411691F2DE} C{42B6F0E46484EFC57B9508F6BA7EF42E7512023D5CB4ED5628DD1C7755D16E9D} [ 1000000000 (null) ] 7825637 (null) [ CS{Cell{004dd06600000000000000000000000080000000000000fa00000000000001f4000000000003d09040} bits: 9..305; refs: 0..0} (null) CS{Cell{0094d1000000000000006400000000000f4240de000000002710000000000000000f42400000000002160ec0000000000000271000000000002625a00000000005f5e100000000003b9aca00} bits: 0..592; refs: 0..0} CS{Cell{0094d100000000000000640000000000009c40de000000000190000000000000000f424000000000000f4240000000000000271000000000009896800000000005f5e100000000003b9aca00} bits: 0..592; refs: 0..0} CS{Cell{0042ea000000000098968000000000271000000000000f424000000001800055555555} bits: 0..264; refs: 0..0} CS{Cell{0042ea0000000000061a800000000001900000000000009c4000000001800055555555} bits: 0..264; refs: 0..0} (null) ] 0 (null) ]\n' +
          '[ 4][t 0][2024-10-30 23:27:03.112000][transaction.cpp:1675]\tstarting VM\n' +
          '[ 4][t 0][2024-10-30 23:27:03.113000][transaction.cpp:1680]\tVM terminated with exit code 0\n' +
          '[ 3][t 0][2024-10-30 23:27:03.113000][transaction.cpp:1702]\tsteps: 597 gas: used=21840, max=1000000, limit=1000000, credit=0\n' +
          '[ 3][t 0][2024-10-30 23:27:03.113000][transaction.cpp:1704]\tout_of_gas=false, accepted=true, success=true, time=0.000736s\n' +
          '[ 4][t 0][2024-10-30 23:27:03.113000][transaction.cpp:1737]\tgas fees: 8736000 = 26214400 * 21840 /2^16 ; price=26214400; flat rate=[40000 for 100]; remaining balance=3083438363ng\n' +
          '[ 3][t 0][2024-10-30 23:27:03.113000][transaction.cpp:2678]\tin try_action_reserve_currency(0)\n' +
          '[ 4][t 0][2024-10-30 23:27:03.113000][transaction.cpp:2684]\taction_reserve_currency: mode=0, reserve=2100000000ng, balance=3083438363ng, original balance=2092174363ng\n' +
          '[ 3][t 0][2024-10-30 23:27:03.113000][transaction.cpp:2729]\tchanged remaining balance to 983438363ng, reserved balance to 2100000000ng\n' +
          '[ 4][t 0][2024-10-30 23:27:03.113000][transaction.cpp:2448]\tstorage paid for a message: 2 cells, 314 bits\n' +
          '[ 4][t 0][2024-10-30 23:27:03.113000][transaction.cpp:2452]\tcomputed fwd fees = 605600 + 0\n',
        vmLogs: 'xecute EQUAL\n' +
          'execute THROWIF 137\n' +
          'execute PUSHPOW2 10\n' +
          'execute EQUAL\n' +
          'execute THROWIFNOT 136\n' +
          'execute STSLICER\n' +
          'execute ENDC\n' +
          'execute ROT\n' +
          'execute STREF\n' +
          'execute ENDC\n' +
          'execute SWAP\n' +
          'execute STREF\n' +
          'execute implicit RET\n' +
          'execute ENDC\n' +
          'execute POP c4\n' +
          'execute implicit RET\n',
        debugLogs: '',
        events: [ [Object] ],
        parent: {
          address: 105818132960003171416304597453717637701794574747475969910003481004036112389684n,
          lt: 33000000n,
          prevTransactionHash: 68709792468217457555915248229064399704118270934698831512288344009121844805235n,
          prevTransactionLt: 9000000n,
          now: 1732922822,
          outMessagesCount: 1,
          oldStatus: 'active',
          endStatus: 'active',
          inMessage: [Object],
          outMessages: [Dictionary],
          totalFees: [Object],
          stateUpdate: [Object],
          description: [Object],
          raw: x{7E9F2F0D84B872955EA7531CD76AA1708C7F19E9781FF03939BD35BA547EE16340000000001F78A4097E85D485B0E2454CA89A9AD75717584979A9C63755017148DB2B452828DBE730000000000895440674A4DC60003463DA7C0}
           x{E_}
            x{8801D3E5E1B0970E52ABD4EA639AED542E118FE33D2F03FE072737A6B74A8FDC2C6802BC9BC768926A23A5756414E09C5AACC5A8B467BCFE982B187D2EAA14C93B224E_}
             x{D001}
              x{6200292EBCDAC4F8EB9DC3CA19668D2CB607CE2167A30233DDDBCAED2D106010E09C21DCD6500000000000000000000000000000E9626FBA000000000000000000000000}
               x{03DF94AA22408F0D180000001937A3FCD704_}
               x{03DF94AA23405F5E100000001937A3FCD704_}
            x{DF_}
             x{6801D3E5E1B0970E52ABD4EA639AED542E118FE33D2F03FE072737A6B74A8FDC2C690014975E6D627C75CEE1E50CB346965B03E710B3D18119EEEDE57696883008704E10EE6B2800060C0F880000000003EF1482CE949B8C74B137DD0000000000000000000000004_}
              x{03DF94AA22408F0D180000001937A3FCD704_}
              x{03DF94AA23405F5E100000001937A3FCD704_}
           x{728054154FD377AEC54355D4DE656E1CE75E636E738AAE5B09FC5AEE57FE5F9393EE764A6BC27B95E0EB9DA7EE262B196DFECD22FAC08FAE5CB9DF4C7CA993F8C5}
           x{0CC0939506185E94844_}
            x{40F223138800000000000000000C800000000000000000000000000000000000000000000000000000000000000000000000000000000000000000000000000000000000000000000000000000002_}
            x{C98485D04C0C0F70000000000002000000000002C504296F57415C9734EDB764462F44D86A64CA428E1619DED02727DDE4AC551840D022DC_},
          hash: [Function: hash],
          blockchainLogs: '[ 4][t 0][2024-10-30 23:27:03.108000][transaction.cpp:443]\tunpacking account E9F2F0D84B872955EA7531CD76AA1708C7F19E9781FF03939BD35BA547EE1634\n' +
            '[ 4][t 0][2024-10-30 23:27:03.108000][transaction.cpp:274]\tlast_paid=1730330822; cells=6 bits=821 public_cells=0\n' +
            '[ 4][t 0][2024-10-30 23:27:03.108000][transaction.cpp:504]\tend of Account.unpack() for 0:E9F2F0D84B872955EA7531CD76AA1708C7F19E9781FF03939BD35BA547EE1634 (balance = 1000000000000000ng ; last_trans_lt = 9000000..9000001)\n' +
            '[ 4][t 0][2024-10-30 23:27:03.108000][transaction.cpp:3655]\tblock random seed set to 0000000000000000000000000000000000000000000000000000000000000000\n' +
            '[ 4][t 0][2024-10-30 23:27:03.109000][transaction.cpp:788]\tstorage paid for a message: 4 cells, 842 bits\n' +
            '[ 4][t 0][2024-10-30 23:27:03.109000][transaction.cpp:802]\tcomputed fwd fees = 896800 + 0\n' +
            '[ 4][t 0][2024-10-30 23:27:03.109000][transaction.cpp:1236]\tgas limits: max=1000000, limit=0, credit=10000\n' +
            '[ 4][t 0][2024-10-30 23:27:03.109000][transaction.cpp:1575]\tin_msg_state is null\n' +
            '[ 4][t 0][2024-10-30 23:27:03.109000][transaction.cpp:1645]\tcreating VM\n' +
            '[ 4][t 0][2024-10-30 23:27:03.109000][transaction.cpp:1351]\tSmartContractInfo initialized with [ 124711402 0 0 1732922822 33000000 33000000 60210483465141978598827679003117970236339845468170532052053411751718225576024 [ 999999998952076 (null) ] CS{Cell{0275c00e9f2f0d84b872955ea7531cd76aa1708c7f19e9781ff03939bd35ba547ee163420c80cd43391606300000000002255105c0e35fa931a0001340} bits: 1..268; refs: 0..0} C{A7EC01478F770EF8F8B037CC7E42F0ABF0D85A50E1828C2394DAD1411691F2DE} C{D992502B94EA96E7B34E5D62FFB0C6FC73D78B3E61F11F0848FB3A1EB1AFC912} [ 0 (null) ] 151124 (null) [ CS{Cell{004dd06600000000000000000000000080000000000000fa00000000000001f4000000000003d09040} bits: 9..305; refs: 0..0} (null) CS{Cell{0094d1000000000000006400000000000f4240de000000002710000000000000000f42400000000002160ec0000000000000271000000000002625a00000000005f5e100000000003b9aca00} bits: 0..592; refs: 0..0} CS{Cell{0094d100000000000000640000000000009c40de000000000190000000000000000f424000000000000f4240000000000000271000000000009896800000000005f5e100000000003b9aca00} bits: 0..592; refs: 0..0} CS{Cell{0042ea000000000098968000000000271000000000000f424000000001800055555555} bits: 0..264; refs: 0..0} CS{Cell{0042ea0000000000061a800000000001900000000000009c4000000001800055555555} bits: 0..264; refs: 0..0} (null) ] 0 (null) ]\n' +
            '[ 4][t 0][2024-10-30 23:27:03.109000][transaction.cpp:1675]\tstarting VM\n' +
            '[ 4][t 0][2024-10-30 23:27:03.109000][transaction.cpp:1680]\tVM terminated with exit code 0\n' +
            '[ 3][t 0][2024-10-30 23:27:03.109000][transaction.cpp:1702]\tsteps: 50 gas: used=1937, max=1000000, limit=1000000, credit=0\n' +
            '[ 3][t 0][2024-10-30 23:27:03.109000][transaction.cpp:1704]\tout_of_gas=false, accepted=true, success=true, time=0.000092s\n' +
            '[ 4][t 0][2024-10-30 23:27:03.109000][transaction.cpp:1737]\tgas fees: 774800 = 26214400 * 1937 /2^16 ; price=26214400; flat rate=[40000 for 100]; remaining balance=999999998177276ng\n' +
            '[ 4][t 0][2024-10-30 23:27:03.109000][transaction.cpp:2448]\tstorage paid for a message: 2 cells, 282 bits\n' +
            '[ 4][t 0][2024-10-30 23:27:03.109000][transaction.cpp:2452]\tcomputed fwd fees = 592800 + 0\n',
          vmLogs: 'ULLSWAPIFNOT2\n' +
            'execute DUP\n' +
            'execute PUSHCONT x02D307D43001FB00\n' +
            'execute PUSHCONT x32\n' +
            'execute IFELSE\n' +
            'execute POP s2\n' +
            'execute implicit RET\n' +
            'execute SWAP\n' +
            'execute NOT\n' +
            'execute implicit RET\n' +
            'until loop body end\n' +
            'until loop terminated\n' +
            'execute 2DROP\n' +
            'execute implicit RET\n',
          debugLogs: '',
          events: [Array],
          parent: undefined,
          children: [Array],
          externals: []
        },
        children: [ [Object] ],
        externals: []
      },
      {
        address: 8298038735212017995993598744482915721429218553349686891340117237129977838804n,
        lt: 35000000n,
        prevTransactionHash: 72500468105662267170706199125936847328643236859462470039117200382907570871045n,
        prevTransactionLt: 22000000n,
        now: 1732922822,
        outMessagesCount: 1,
        oldStatus: 'active',
        endStatus: 'active',
        inMessage: {
          info: [Object],
          init: null,
          body: x{03DF94AA000000000000000022408F0D180000001937A3FCD7011A02FAF080000000C9BD1FE6B82_}
           x{}
        },
        outMessages: Dictionary { _key: [Object], _value: [Object], _map: [Map] },
        totalFees: { coins: 3697061n },
        stateUpdate: {
          oldHash: <Buffer c1 60 51 35 fb 04 50 a2 63 e4 a4 7a cc ed c8 e2 1a eb db 18 25 20 7c db 5f 33 f4 40 50 fb a1 11>,
          newHash: <Buffer 37 7f 38 9e 3f 42 a2 7f a0 bc e2 21 0e 5f 5f e3 d0 87 d2 a8 28 c8 ad 00 29 17 8a 47 27 f7 38 ea>
        },
        description: {
          type: 'generic',
          creditFirst: false,
          storagePhase: [Object],
          creditPhase: [Object],
          computePhase: [Object],
          actionPhase: [Object],
          bouncePhase: undefined,
          aborted: false,
          destroyed: false
        },
        raw: x{7125886032725094E79C44C1AB9642FE1CBF1BF4D77DB25C345DDBE7A8C80BCD40000000002160EC0A049CF8E409D179161FC7B6FA1D5EE97F153973DDE9AAE1378A17E0EC9E65B0500000000014FB180674A4DC600034670D34A}
         x{E_}
          x{6800A4BAF36B13E3AE770F28659A34B2D81F38859E8C08CF776F2BB4B441804382710004962180C9C942539E711306AE590BF872FC6FD35DF6C970D1776F9EA3202F3510EA5359EC060C523200000000040D9902CE949B8C01EFCA550000000000000000112047868C0000000C9BD1FE6B808D017D784000000064DE8FF35C1_}
           x{}
          x{DF_}
           x{680024B10C064E4A129CF388983572C85FC397E37E9AEFB64B868BBB7CF5190179A90014975E6D627C75CEE1E50CB346965B03E710B3D18119EEEDE57696883008704E10E948BFEC061479B600000000042C1D82CE949B8CC_}
            x{935FA9D10000000000000000}
             x{00000000000000000000000000000000000000000000000000000000000000220000000000000000000000000000000000000000000000000000000008F0D18001937A3FCD70}
             x{00000000000000000000000000000000000000000000000000000000000000230000000000000000000000000000000000000000000000000000000005F5E10001937A3FCD70}
         x{72C1605135FB0450A263E4A47ACCEDC8E21AEBDB1825207CDB5F33F44050FBA111377F389E3F42A27FA0BCE2210E5F5FE3D087D2A828C8AD0029178A4727F738EA}
         x{04260E383890EA5359ED866696811_}
          x{441A8C3D09000000000000000000D800000000000000000000000000000000000000000000000000000000000000000000000000000000000000000000000000000000000000000000000000000000}
          x{C987ADA04C147994000000000002000000000002D8D75743E45BD28E61CA9B42CD20A6A12C58DD4BECE9EFB869BE2AE2EA9C0B9041103C0C_},
        hash: [Function: hash],
        blockchainLogs: '[ 4][t 0][2024-10-30 23:27:03.115000][transaction.cpp:443]\tunpacking account 125886032725094E79C44C1AB9642FE1CBF1BF4D77DB25C345DDBE7A8C80BCD4\n' +
          '[ 4][t 0][2024-10-30 23:27:03.115000][transaction.cpp:274]\tlast_paid=1730330822; cells=15 bits=4281 public_cells=0\n' +
          '[ 4][t 0][2024-10-30 23:27:03.115000][transaction.cpp:504]\tend of Account.unpack() for 0:125886032725094E79C44C1AB9642FE1CBF1BF4D77DB25C345DDBE7A8C80BCD4 (balance = 0ng ; last_trans_lt = 22000000..22000002)\n' +
          '[ 4][t 0][2024-10-30 23:27:03.115000][transaction.cpp:3655]\tblock random seed set to 0000000000000000000000000000000000000000000000000000000000000000\n' +
          '[ 4][t 0][2024-10-30 23:27:03.115000][transaction.cpp:1236]\tgas limits: max=1000000, limit=1000000, credit=0\n' +
          '[ 4][t 0][2024-10-30 23:27:03.115000][transaction.cpp:1575]\tin_msg_state is null\n' +
          '[ 4][t 0][2024-10-30 23:27:03.115000][transaction.cpp:1645]\tcreating VM\n' +
          '[ 4][t 0][2024-10-30 23:27:03.115000][transaction.cpp:1351]\tSmartContractInfo initialized with [ 124711402 0 0 1732922822 35000000 35000000 82439665744655549942718375299244058949366754266342087607225540301749132006686 [ 982832763 (null) ] CS{Cell{0267c00125886032725094e79c44c1ab9642fe1cbf1bf4d77db25c345ddbe7a8c80bcd421e842e433916063000000000053ec6081340} bits: 1..268; refs: 0..0} C{A7EC01478F770EF8F8B037CC7E42F0ABF0D85A50E1828C2394DAD1411691F2DE} C{BF31B32BE5ACBAACCE8B48CCEB4C84B86023EA1F188E974030A4F420D26CF50F} [ 982832763 (null) ] 0 (null) [ CS{Cell{004dd06600000000000000000000000080000000000000fa00000000000001f4000000000003d09040} bits: 9..305; refs: 0..0} (null) CS{Cell{0094d1000000000000006400000000000f4240de000000002710000000000000000f42400000000002160ec0000000000000271000000000002625a00000000005f5e100000000003b9aca00} bits: 0..592; refs: 0..0} CS{Cell{0094d100000000000000640000000000009c40de000000000190000000000000000f424000000000000f4240000000000000271000000000009896800000000005f5e100000000003b9aca00} bits: 0..592; refs: 0..0} CS{Cell{0042ea000000000098968000000000271000000000000f424000000001800055555555} bits: 0..264; refs: 0..0} CS{Cell{0042ea0000000000061a800000000001900000000000009c4000000001800055555555} bits: 0..264; refs: 0..0} (null) ] 465948 (null) ]\n' +
          '[ 4][t 0][2024-10-30 23:27:03.116000][transaction.cpp:1675]\tstarting VM\n' +
          '[ 4][t 0][2024-10-30 23:27:03.116000][transaction.cpp:1680]\tVM terminated with exit code 0\n' +
          '[ 3][t 0][2024-10-30 23:27:03.116000][transaction.cpp:1702]\tsteps: 216 gas: used=8404, max=1000000, limit=1000000, credit=0\n' +
          '[ 3][t 0][2024-10-30 23:27:03.116000][transaction.cpp:1704]\tout_of_gas=false, accepted=true, success=true, time=0.000240s\n' +
          '[ 4][t 0][2024-10-30 23:27:03.116000][transaction.cpp:1737]\tgas fees: 3361600 = 26214400 * 8404 /2^16 ; price=26214400; flat rate=[40000 for 100]; remaining balance=979471163ng\n' +
          '[ 4][t 0][2024-10-30 23:27:03.116000][transaction.cpp:2448]\tstorage paid for a message: 3 cells, 1216 bits\n' +
          '[ 4][t 0][2024-10-30 23:27:03.116000][transaction.cpp:2452]\tcomputed fwd fees = 1006400 + 0\n',
        vmLogs: 'xecute PUSHINT -1\n' +
          'execute implicit RET\n' +
          'execute THROWIFNOT 130\n' +
          'execute NEWC\n' +
          'execute GETGLOB 3\n' +
          'execute SWAP\n' +
          'execute STREF\n' +
          'execute PUSHINT -1\n' +
          'execute SWAP\n' +
          'execute STI 1\n' +
          'execute SWAP\n' +
          'execute SWAP\n' +
          'execute STU 32\n' +
          'execute ENDC\n' +
          'execute POP c4\n' +
          'execute implicit RET\n',
        debugLogs: '',
        events: [ [Object] ],
        parent: {
          address: 37254810366437813475271750514734067285117962570475561289538093995582013161784n,
          lt: 34000000n,
          prevTransactionHash: 27825477722328066355735910954917478567328304406601663231748638992455193951524n,
          prevTransactionLt: 25000000n,
          now: 1732922822,
          outMessagesCount: 1,
          oldStatus: 'active',
          endStatus: 'active',
          inMessage: [Object],
          outMessages: [Dictionary],
          totalFees: [Object],
          stateUpdate: [Object],
          description: [Object],
          raw: x{7525D79B589F1D73B879432CD1A596C0F9C42CF460467BBB795DA5A20C021C138000000000206CC803D84A98B227F0808555243EAE169A6F30E55353362C8B27B076E3C83BB8D7D2400000000017D7840674A4DC6000347FF94D8}
           x{E_}
            x{6801D3E5E1B0970E52ABD4EA639AED542E118FE33D2F03FE072737A6B74A8FDC2C690014975E6D627C75CEE1E50CB346965B03E710B3D18119EEEDE57696883008704E10EE6B2800060C0F880000000003EF1482CE949B8C74B137DD0000000000000000000000004_}
             x{03DF94AA22408F0D180000001937A3FCD704_}
             x{03DF94AA23405F5E100000001937A3FCD704_}
            x{DF_}
             x{6800A4BAF36B13E3AE770F28659A34B2D81F38859E8C08CF776F2BB4B441804382710004962180C9C942539E711306AE590BF872FC6FD35DF6C970D1776F9EA3202F3510EA5359EC060C523200000000040D9902CE949B8CC_}
              x{03DF94AA000000000000000022408F0D180000001937A3FCD7011A02FAF080000000C9BD1FE6B82_}
               x{}
           x{72FDE666B486410EBA87C7F5C8584BD29842A357CD7432B4921A994A4C8400A3EE027C9478A5CDAC6F85C0DEADF8467642A8D885AF31E03A1F636067022C088B1E}
           x{04DDDA39490EE6B2801870A9A011_}
            x{4AAA0C3D090000000000000000025500000000000000000000000000000000000000000000000000000000000000000000000000000000000000000000000000000000000000000000000000000000}
            x{C9849ED04C0C521C000000000004000200000003C1169DCE056047C66E96B02495BC2B91B339186C42AB1A6C8385C7644B667E8640D01FDC_},
          hash: [Function: hash],
          blockchainLogs: '[ 4][t 0][2024-10-30 23:27:03.111000][transaction.cpp:443]\tunpacking account 525D79B589F1D73B879432CD1A596C0F9C42CF460467BBB795DA5A20C021C138\n' +
            '[ 4][t 0][2024-10-30 23:27:03.112000][transaction.cpp:274]\tlast_paid=1730330822; cells=229 bits=83363 public_cells=0\n' +
            '[ 4][t 0][2024-10-30 23:27:03.112000][transaction.cpp:504]\tend of Account.unpack() for 0:525D79B589F1D73B879432CD1A596C0F9C42CF460467BBB795DA5A20C021C138 (balance = 2100000000ng ; last_trans_lt = 25000000..25000006)\n' +
            '[ 4][t 0][2024-10-30 23:27:03.112000][transaction.cpp:3655]\tblock random seed set to 0000000000000000000000000000000000000000000000000000000000000000\n' +
            '[ 4][t 0][2024-10-30 23:27:03.112000][transaction.cpp:1236]\tgas limits: max=1000000, limit=1000000, credit=0\n' +
            '[ 4][t 0][2024-10-30 23:27:03.112000][transaction.cpp:1575]\tin_msg_state is null\n' +
            '[ 4][t 0][2024-10-30 23:27:03.112000][transaction.cpp:1645]\tcreating VM\n' +
            '[ 4][t 0][2024-10-30 23:27:03.112000][transaction.cpp:1351]\tSmartContractInfo initialized with [ 124711402 0 0 1732922822 34000000 34000000 14068792954309835536948273256715513127174070948738620016199408580766834334284 [ 3092174363 (null) ] CS{Cell{0271c00525d79b589f1d73b879432cd1a596c0f9c42cf460467bbb795da5a20c021c1383cac05168c3391606300000000005f5e1191f4add401340} bits: 1..268; refs: 0..0} C{A7EC01478F770EF8F8B037CC7E42F0ABF0D85A50E1828C2394DAD1411691F2DE} C{42B6F0E46484EFC57B9508F6BA7EF42E7512023D5CB4ED5628DD1C7755D16E9D} [ 1000000000 (null) ] 7825637 (null) [ CS{Cell{004dd06600000000000000000000000080000000000000fa00000000000001f4000000000003d09040} bits: 9..305; refs: 0..0} (null) CS{Cell{0094d1000000000000006400000000000f4240de000000002710000000000000000f42400000000002160ec0000000000000271000000000002625a00000000005f5e100000000003b9aca00} bits: 0..592; refs: 0..0} CS{Cell{0094d100000000000000640000000000009c40de000000000190000000000000000f424000000000000f4240000000000000271000000000009896800000000005f5e100000000003b9aca00} bits: 0..592; refs: 0..0} CS{Cell{0042ea000000000098968000000000271000000000000f424000000001800055555555} bits: 0..264; refs: 0..0} CS{Cell{0042ea0000000000061a800000000001900000000000009c4000000001800055555555} bits: 0..264; refs: 0..0} (null) ] 0 (null) ]\n' +
            '[ 4][t 0][2024-10-30 23:27:03.112000][transaction.cpp:1675]\tstarting VM\n' +
            '[ 4][t 0][2024-10-30 23:27:03.113000][transaction.cpp:1680]\tVM terminated with exit code 0\n' +
            '[ 3][t 0][2024-10-30 23:27:03.113000][transaction.cpp:1702]\tsteps: 597 gas: used=21840, max=1000000, limit=1000000, credit=0\n' +
            '[ 3][t 0][2024-10-30 23:27:03.113000][transaction.cpp:1704]\tout_of_gas=false, accepted=true, success=true, time=0.000736s\n' +
            '[ 4][t 0][2024-10-30 23:27:03.113000][transaction.cpp:1737]\tgas fees: 8736000 = 26214400 * 21840 /2^16 ; price=26214400; flat rate=[40000 for 100]; remaining balance=3083438363ng\n' +
            '[ 3][t 0][2024-10-30 23:27:03.113000][transaction.cpp:2678]\tin try_action_reserve_currency(0)\n' +
            '[ 4][t 0][2024-10-30 23:27:03.113000][transaction.cpp:2684]\taction_reserve_currency: mode=0, reserve=2100000000ng, balance=3083438363ng, original balance=2092174363ng\n' +
            '[ 3][t 0][2024-10-30 23:27:03.113000][transaction.cpp:2729]\tchanged remaining balance to 983438363ng, reserved balance to 2100000000ng\n' +
            '[ 4][t 0][2024-10-30 23:27:03.113000][transaction.cpp:2448]\tstorage paid for a message: 2 cells, 314 bits\n' +
            '[ 4][t 0][2024-10-30 23:27:03.113000][transaction.cpp:2452]\tcomputed fwd fees = 605600 + 0\n',
          vmLogs: 'xecute EQUAL\n' +
            'execute THROWIF 137\n' +
            'execute PUSHPOW2 10\n' +
            'execute EQUAL\n' +
            'execute THROWIFNOT 136\n' +
            'execute STSLICER\n' +
            'execute ENDC\n' +
            'execute ROT\n' +
            'execute STREF\n' +
            'execute ENDC\n' +
            'execute SWAP\n' +
            'execute STREF\n' +
            'execute implicit RET\n' +
            'execute ENDC\n' +
            'execute POP c4\n' +
            'execute implicit RET\n',
          debugLogs: '',
          events: [Array],
          parent: [Object],
          children: [Array],
          externals: []
        },
        children: [ [Object] ],
        externals: []
      },
      {
        address: 37254810366437813475271750514734067285117962570475561289538093995582013161784n,
        lt: 36000000n,
        prevTransactionHash: 110405965871303134196111958962406010172040640393823567596642702335736657675105n,
        prevTransactionLt: 34000000n,
        now: 1732922822,
        outMessagesCount: 1,
        oldStatus: 'active',
        endStatus: 'active',
        inMessage: {
          info: [Object],
          init: null,
          body: x{935FA9D10000000000000000}
           x{00000000000000000000000000000000000000000000000000000000000000220000000000000000000000000000000000000000000000000000000008F0D18001937A3FCD70}
           x{00000000000000000000000000000000000000000000000000000000000000230000000000000000000000000000000000000000000000000000000005F5E10001937A3FCD70}
        },
        outMessages: Dictionary { _key: [Object], _value: [Object], _map: [Map] },
        totalFees: { coins: 12012664n },
        stateUpdate: {
          oldHash: <Buffer 02 7c 94 78 a5 cd ac 6f 85 c0 de ad f8 46 76 42 a8 d8 85 af 31 e0 3a 1f 63 60 67 02 2c 08 8b 1e>,
          newHash: <Buffer 93 bb 12 54 a6 23 08 34 13 64 45 00 32 4f 57 0e 08 31 2f be f6 04 8a 58 f1 1d 2c ca a7 92 e0 20>
        },
        description: {
          type: 'generic',
          creditFirst: false,
          storagePhase: [Object],
          creditPhase: [Object],
          computePhase: [Object],
          actionPhase: [Object],
          bouncePhase: undefined,
          aborted: false,
          destroyed: false
        },
        raw: x{7525D79B589F1D73B879432CD1A596C0F9C42CF460467BBB795DA5A20C021C1380000000002255100F4178FECD300D031666910D6B68072CD193EAC1F0C38185EC5908E0F64D30361000000000206CC80674A4DC60003476E98F0}
         x{E_}
          x{680024B10C064E4A129CF388983572C85FC397E37E9AEFB64B868BBB7CF5190179A90014975E6D627C75CEE1E50CB346965B03E710B3D18119EEEDE57696883008704E10E948BFEC061479B600000000042C1D82CE949B8C49AFD4E880000000000000004_}
           x{00000000000000000000000000000000000000000000000000000000000000220000000000000000000000000000000000000000000000000000000008F0D18001937A3FCD70}
           x{00000000000000000000000000000000000000000000000000000000000000230000000000000000000000000000000000000000000000000000000005F5E10001937A3FCD70}
          x{DF_}
           x{6800A4BAF36B13E3AE770F28659A34B2D81F38859E8C08CF776F2BB4B44180438271002E74930F029149EC08380972A5584C717AD4204A4455F097F5E5877CB40E86DA90E65816AC0609BBB000000000044AA202CE949B8CC_}
            x{E601F8E50000000000000000}
         x{72027C9478A5CDAC6F85C0DEADF8467642A8D885AF31E03A1F636067022C088B1E93BB1254A623083413644500324F570E08312FBEF6048A58F11D2CCAA792E020}
         x{04090E948BFED8769BB211_}
          x{4E782C3D090000000000000000031700000000000000000000000000000000000000000000000000000000000000000000000000000000000000000000000000000000000000000000000000000000}
          x{C983A6604C09BBA000000000000400020000000388D0C29501CA01261A550F77F5936E7DB7CACEE37FC601F787453CB248E780324090190C_},
        hash: [Function: hash],
        blockchainLogs: '[ 4][t 0][2024-10-30 23:27:03.118000][transaction.cpp:443]\tunpacking account 525D79B589F1D73B879432CD1A596C0F9C42CF460467BBB795DA5A20C021C138\n' +
          '[ 4][t 0][2024-10-30 23:27:03.118000][transaction.cpp:274]\tlast_paid=1732922822; cells=232 bits=83682 public_cells=0\n' +
          '[ 4][t 0][2024-10-30 23:27:03.118000][transaction.cpp:504]\tend of Account.unpack() for 0:525D79B589F1D73B879432CD1A596C0F9C42CF460467BBB795DA5A20C021C138 (balance = 2100000000ng ; last_trans_lt = 34000000..34000002)\n' +
          '[ 4][t 0][2024-10-30 23:27:03.118000][transaction.cpp:3655]\tblock random seed set to 0000000000000000000000000000000000000000000000000000000000000000\n' +
          '[ 4][t 0][2024-10-30 23:27:03.119000][transaction.cpp:1236]\tgas limits: max=1000000, limit=1000000, credit=0\n' +
          '[ 4][t 0][2024-10-30 23:27:03.119000][transaction.cpp:1575]\tin_msg_state is null\n' +
          '[ 4][t 0][2024-10-30 23:27:03.119000][transaction.cpp:1645]\tcreating VM\n' +
          '[ 4][t 0][2024-10-30 23:27:03.119000][transaction.cpp:1351]\tSmartContractInfo initialized with [ 124711402 0 0 1732922822 36000000 36000000 14068792954309835536948273256715513127174070948738620016199408580766834334284 [ 3078464763 (null) ] CS{Cell{0271c00525d79b589f1d73b879432cd1a596c0f9c42cf460467bbb795da5a20c021c1383d0c051b8833a526e3000000000081b32091f4add401340} bits: 1..268; refs: 0..0} C{A7EC01478F770EF8F8B037CC7E42F0ABF0D85A50E1828C2394DAD1411691F2DE} C{42B6F0E46484EFC57B9508F6BA7EF42E7512023D5CB4ED5628DD1C7755D16E9D} [ 978464763 (null) ] 0 (null) [ CS{Cell{004dd06600000000000000000000000080000000000000fa00000000000001f4000000000003d09040} bits: 9..305; refs: 0..0} (null) CS{Cell{0094d1000000000000006400000000000f4240de000000002710000000000000000f42400000000002160ec0000000000000271000000000002625a00000000005f5e100000000003b9aca00} bits: 0..592; refs: 0..0} CS{Cell{0094d100000000000000640000000000009c40de000000000190000000000000000f424000000000000f4240000000000000271000000000009896800000000005f5e100000000003b9aca00} bits: 0..592; refs: 0..0} CS{Cell{0042ea000000000098968000000000271000000000000f424000000001800055555555} bits: 0..264; refs: 0..0} CS{Cell{0042ea0000000000061a800000000001900000000000009c4000000001800055555555} bits: 0..264; refs: 0..0} (null) ] 0 (null) ]\n' +
          '[ 4][t 0][2024-10-30 23:27:03.119000][transaction.cpp:1675]\tstarting VM\n' +
          '[ 4][t 0][2024-10-30 23:27:03.120000][transaction.cpp:1680]\tVM terminated with exit code 0\n' +
          '[ 3][t 0][2024-10-30 23:27:03.120000][transaction.cpp:1702]\tsteps: 791 gas: used=29633, max=1000000, limit=1000000, credit=0\n' +
          '[ 3][t 0][2024-10-30 23:27:03.120000][transaction.cpp:1704]\tout_of_gas=false, accepted=true, success=true, time=0.000961s\n' +
          '[ 4][t 0][2024-10-30 23:27:03.120000][transaction.cpp:1737]\tgas fees: 11853200 = 26214400 * 29633 /2^16 ; price=26214400; flat rate=[40000 for 100]; remaining balance=3066611563ng\n' +
          '[ 3][t 0][2024-10-30 23:27:03.120000][transaction.cpp:2678]\tin try_action_reserve_currency(0)\n' +
          '[ 4][t 0][2024-10-30 23:27:03.120000][transaction.cpp:2684]\taction_reserve_currency: mode=0, reserve=2100000000ng, balance=3066611563ng, original balance=2100000000ng\n' +
          '[ 3][t 0][2024-10-30 23:27:03.120000][transaction.cpp:2729]\tchanged remaining balance to 966611563ng, reserved balance to 2100000000ng\n' +
          '[ 4][t 0][2024-10-30 23:27:03.120000][transaction.cpp:2448]\tstorage paid for a message: 1 cells, 96 bits\n' +
          '[ 4][t 0][2024-10-30 23:27:03.120000][transaction.cpp:2452]\tcomputed fwd fees = 478400 + 0\n',
        vmLogs: 'xecute EQUAL\n' +
          'execute THROWIF 137\n' +
          'execute PUSHPOW2 10\n' +
          'execute EQUAL\n' +
          'execute THROWIFNOT 136\n' +
          'execute STSLICER\n' +
          'execute ENDC\n' +
          'execute ROT\n' +
          'execute STREF\n' +
          'execute ENDC\n' +
          'execute SWAP\n' +
          'execute STREF\n' +
          'execute implicit RET\n' +
          'execute ENDC\n' +
          'execute POP c4\n' +
          'execute implicit RET\n',
        debugLogs: '',
        events: [ [Object] ],
        parent: {
          address: 8298038735212017995993598744482915721429218553349686891340117237129977838804n,
          lt: 35000000n,
          prevTransactionHash: 72500468105662267170706199125936847328643236859462470039117200382907570871045n,
          prevTransactionLt: 22000000n,
          now: 1732922822,
          outMessagesCount: 1,
          oldStatus: 'active',
          endStatus: 'active',
          inMessage: [Object],
          outMessages: [Dictionary],
          totalFees: [Object],
          stateUpdate: [Object],
          description: [Object],
          raw: x{7125886032725094E79C44C1AB9642FE1CBF1BF4D77DB25C345DDBE7A8C80BCD40000000002160EC0A049CF8E409D179161FC7B6FA1D5EE97F153973DDE9AAE1378A17E0EC9E65B0500000000014FB180674A4DC600034670D34A}
           x{E_}
            x{6800A4BAF36B13E3AE770F28659A34B2D81F38859E8C08CF776F2BB4B441804382710004962180C9C942539E711306AE590BF872FC6FD35DF6C970D1776F9EA3202F3510EA5359EC060C523200000000040D9902CE949B8C01EFCA550000000000000000112047868C0000000C9BD1FE6B808D017D784000000064DE8FF35C1_}
             x{}
            x{DF_}
             x{680024B10C064E4A129CF388983572C85FC397E37E9AEFB64B868BBB7CF5190179A90014975E6D627C75CEE1E50CB346965B03E710B3D18119EEEDE57696883008704E10E948BFEC061479B600000000042C1D82CE949B8CC_}
              x{935FA9D10000000000000000}
               x{00000000000000000000000000000000000000000000000000000000000000220000000000000000000000000000000000000000000000000000000008F0D18001937A3FCD70}
               x{00000000000000000000000000000000000000000000000000000000000000230000000000000000000000000000000000000000000000000000000005F5E10001937A3FCD70}
           x{72C1605135FB0450A263E4A47ACCEDC8E21AEBDB1825207CDB5F33F44050FBA111377F389E3F42A27FA0BCE2210E5F5FE3D087D2A828C8AD0029178A4727F738EA}
           x{04260E383890EA5359ED866696811_}
            x{441A8C3D09000000000000000000D800000000000000000000000000000000000000000000000000000000000000000000000000000000000000000000000000000000000000000000000000000000}
            x{C987ADA04C147994000000000002000000000002D8D75743E45BD28E61CA9B42CD20A6A12C58DD4BECE9EFB869BE2AE2EA9C0B9041103C0C_},
          hash: [Function: hash],
          blockchainLogs: '[ 4][t 0][2024-10-30 23:27:03.115000][transaction.cpp:443]\tunpacking account 125886032725094E79C44C1AB9642FE1CBF1BF4D77DB25C345DDBE7A8C80BCD4\n' +
            '[ 4][t 0][2024-10-30 23:27:03.115000][transaction.cpp:274]\tlast_paid=1730330822; cells=15 bits=4281 public_cells=0\n' +
            '[ 4][t 0][2024-10-30 23:27:03.115000][transaction.cpp:504]\tend of Account.unpack() for 0:125886032725094E79C44C1AB9642FE1CBF1BF4D77DB25C345DDBE7A8C80BCD4 (balance = 0ng ; last_trans_lt = 22000000..22000002)\n' +
            '[ 4][t 0][2024-10-30 23:27:03.115000][transaction.cpp:3655]\tblock random seed set to 0000000000000000000000000000000000000000000000000000000000000000\n' +
            '[ 4][t 0][2024-10-30 23:27:03.115000][transaction.cpp:1236]\tgas limits: max=1000000, limit=1000000, credit=0\n' +
            '[ 4][t 0][2024-10-30 23:27:03.115000][transaction.cpp:1575]\tin_msg_state is null\n' +
            '[ 4][t 0][2024-10-30 23:27:03.115000][transaction.cpp:1645]\tcreating VM\n' +
            '[ 4][t 0][2024-10-30 23:27:03.115000][transaction.cpp:1351]\tSmartContractInfo initialized with [ 124711402 0 0 1732922822 35000000 35000000 82439665744655549942718375299244058949366754266342087607225540301749132006686 [ 982832763 (null) ] CS{Cell{0267c00125886032725094e79c44c1ab9642fe1cbf1bf4d77db25c345ddbe7a8c80bcd421e842e433916063000000000053ec6081340} bits: 1..268; refs: 0..0} C{A7EC01478F770EF8F8B037CC7E42F0ABF0D85A50E1828C2394DAD1411691F2DE} C{BF31B32BE5ACBAACCE8B48CCEB4C84B86023EA1F188E974030A4F420D26CF50F} [ 982832763 (null) ] 0 (null) [ CS{Cell{004dd06600000000000000000000000080000000000000fa00000000000001f4000000000003d09040} bits: 9..305; refs: 0..0} (null) CS{Cell{0094d1000000000000006400000000000f4240de000000002710000000000000000f42400000000002160ec0000000000000271000000000002625a00000000005f5e100000000003b9aca00} bits: 0..592; refs: 0..0} CS{Cell{0094d100000000000000640000000000009c40de000000000190000000000000000f424000000000000f4240000000000000271000000000009896800000000005f5e100000000003b9aca00} bits: 0..592; refs: 0..0} CS{Cell{0042ea000000000098968000000000271000000000000f424000000001800055555555} bits: 0..264; refs: 0..0} CS{Cell{0042ea0000000000061a800000000001900000000000009c4000000001800055555555} bits: 0..264; refs: 0..0} (null) ] 465948 (null) ]\n' +
            '[ 4][t 0][2024-10-30 23:27:03.116000][transaction.cpp:1675]\tstarting VM\n' +
            '[ 4][t 0][2024-10-30 23:27:03.116000][transaction.cpp:1680]\tVM terminated with exit code 0\n' +
            '[ 3][t 0][2024-10-30 23:27:03.116000][transaction.cpp:1702]\tsteps: 216 gas: used=8404, max=1000000, limit=1000000, credit=0\n' +
            '[ 3][t 0][2024-10-30 23:27:03.116000][transaction.cpp:1704]\tout_of_gas=false, accepted=true, success=true, time=0.000240s\n' +
            '[ 4][t 0][2024-10-30 23:27:03.116000][transaction.cpp:1737]\tgas fees: 3361600 = 26214400 * 8404 /2^16 ; price=26214400; flat rate=[40000 for 100]; remaining balance=979471163ng\n' +
            '[ 4][t 0][2024-10-30 23:27:03.116000][transaction.cpp:2448]\tstorage paid for a message: 3 cells, 1216 bits\n' +
            '[ 4][t 0][2024-10-30 23:27:03.116000][transaction.cpp:2452]\tcomputed fwd fees = 1006400 + 0\n',
          vmLogs: 'xecute PUSHINT -1\n' +
            'execute implicit RET\n' +
            'execute THROWIFNOT 130\n' +
            'execute NEWC\n' +
            'execute GETGLOB 3\n' +
            'execute SWAP\n' +
            'execute STREF\n' +
            'execute PUSHINT -1\n' +
            'execute SWAP\n' +
            'execute STI 1\n' +
            'execute SWAP\n' +
            'execute SWAP\n' +
            'execute STU 32\n' +
            'execute ENDC\n' +
            'execute POP c4\n' +
            'execute implicit RET\n',
          debugLogs: '',
          events: [Array],
          parent: [Object],
          children: [Array],
          externals: []
        },
        children: [ [Object] ],
        externals: []
      },
      {
        address: 84049441022908470316622795825605090351520748406577698494615284512509455375210n,
        lt: 37000000n,
        prevTransactionHash: 27970056063371466279682694597605668957484870626432840037061594459292810387535n,
        prevTransactionLt: 29000000n,
        now: 1732922822,
        outMessagesCount: 1,
        oldStatus: 'active',
        endStatus: 'active',
        inMessage: { info: [Object], init: null, body: x{E601F8E50000000000000000} },
        outMessages: Dictionary { _key: [Object], _value: [Object], _map: [Map] },
        totalFees: { coins: 4690543n },
        stateUpdate: {
          oldHash: <Buffer 8b 47 a2 98 f9 42 b1 c3 68 9b 80 d7 05 6f 39 fd df 1c 55 59 75 99 5c 07 44 e4 a9 2f d9 21 3d 80>,
          newHash: <Buffer 35 24 4e 04 ec e1 d5 bb 47 36 0a 4f 8e ee 37 a7 f5 f8 37 fb b7 19 2a 30 76 dd be 13 bd de fa e5>
        },
        description: {
          type: 'generic',
          creditFirst: false,
          storagePhase: [Object],
          creditPhase: [Object],
          computePhase: [Object],
          actionPhase: [Object],
          bouncePhase: undefined,
          aborted: false,
          destroyed: false
        },
        raw: x{7B9D24C3C0A4527B020E025CA956131C5EB5081291157C25FD7961DF2D03A1B6A00000000023493403DD67D9FDA7181A94252CA4146BF1A280F117F65C7EB059BB698BC081D58A04F0000000001BA8140674A4DC60003468F24DE}
         x{E_}
          x{6800A4BAF36B13E3AE770F28659A34B2D81F38859E8C08CF776F2BB4B44180438271002E74930F029149EC08380972A5584C717AD4204A4455F097F5E5877CB40E86DA90E65816AC0609BBB000000000044AA202CE949B8C7300FC7280000000000000004_}
          x{DF_}
           x{680173A49878148A4F6041C04B952AC2638BD6A1025222AF84BFAF2C3BE5A07436D50014975E6D627C75CEE1E50CB346965B03E710B3D18119EEEDE57696883008704E10E51802DC0610E50A0000000004692682CE949B8CC_}
            x{B687AB17000000000000000000000000}
             x{02A05F5E100205F5E10020EE6B28020098968021DCD6500339160633394AC233391606333A526E30000000000000000C_}
              x{801028CD38D6A9FB165BB1D27554DCBBC8B7A064E07EF4C3832956828113614F545_}
         x{728B47A298F942B1C3689B80D7056F39FDDF1C555975995C0744E4A92FD9213D8035244E04ECE1D5BB47360A4F8EEE37A7F5F837FBB7192A3076DDBE13BDDEFAE5}
         x{04C33029090E65816AD866D31211_}
          x{445E2C3D09000000000000000000FE00000000000000000000000000000000000000000000000000000000000000000000000000000000000000000000000000000000000000000000000000000000}
          x{C98655E04C10E4EC0000000000040002000000027C4D219A44CE4E603F1ECD8AB469BCE2114434A9EF42E40A88028E814C5F5A3441102E4C_},
        hash: [Function: hash],
        blockchainLogs: '[ 4][t 0][2024-10-30 23:27:03.122000][transaction.cpp:443]\tunpacking account B9D24C3C0A4527B020E025CA956131C5EB5081291157C25FD7961DF2D03A1B6A\n' +
          '[ 4][t 0][2024-10-30 23:27:03.122000][transaction.cpp:274]\tlast_paid=1730330822; cells=28 bits=7131 public_cells=0\n' +
          '[ 4][t 0][2024-10-30 23:27:03.122000][transaction.cpp:504]\tend of Account.unpack() for 0:B9D24C3C0A4527B020E025CA956131C5EB5081291157C25FD7961DF2D03A1B6A (balance = 10000000ng ; last_trans_lt = 29000000..29000002)\n' +
          '[ 4][t 0][2024-10-30 23:27:03.122000][transaction.cpp:3655]\tblock random seed set to 0000000000000000000000000000000000000000000000000000000000000000\n' +
          '[ 4][t 0][2024-10-30 23:27:03.122000][transaction.cpp:1236]\tgas limits: max=1000000, limit=1000000, credit=0\n' +
          '[ 4][t 0][2024-10-30 23:27:03.122000][transaction.cpp:1575]\tin_msg_state is null\n' +
          '[ 4][t 0][2024-10-30 23:27:03.122000][transaction.cpp:1645]\tcreating VM\n' +
          '[ 4][t 0][2024-10-30 23:27:03.122000][transaction.cpp:1351]\tSmartContractInfo initialized with [ 124711402 0 0 1732922822 37000000 37000000 84630195367514639409622924175749312199831056191303332875639359062248049886761 [ 975297415 (null) ] CS{Cell{026dc00b9d24c3c0a4527b020e025ca956131c5eb5081291157c25fd7961df2d03a1b6a23886f6c3391606300000000006ea0508e625a01340} bits: 1..268; refs: 0..0} C{A7EC01478F770EF8F8B037CC7E42F0ABF0D85A50E1828C2394DAD1411691F2DE} C{F2179DCD5CFD8A1E113288591FFB7A5E10E107D0D2C36DF69E40398023DAA7B1} [ 966133163 (null) ] 835748 (null) [ CS{Cell{004dd06600000000000000000000000080000000000000fa00000000000001f4000000000003d09040} bits: 9..305; refs: 0..0} (null) CS{Cell{0094d1000000000000006400000000000f4240de000000002710000000000000000f42400000000002160ec0000000000000271000000000002625a00000000005f5e100000000003b9aca00} bits: 0..592; refs: 0..0} CS{Cell{0094d100000000000000640000000000009c40de000000000190000000000000000f424000000000000f4240000000000000271000000000009896800000000005f5e100000000003b9aca00} bits: 0..592; refs: 0..0} CS{Cell{0042ea000000000098968000000000271000000000000f424000000001800055555555} bits: 0..264; refs: 0..0} CS{Cell{0042ea0000000000061a800000000001900000000000009c4000000001800055555555} bits: 0..264; refs: 0..0} (null) ] 0 (null) ]\n' +
          '[ 4][t 0][2024-10-30 23:27:03.123000][transaction.cpp:1675]\tstarting VM\n' +
          '[ 4][t 0][2024-10-30 23:27:03.123000][transaction.cpp:1680]\tVM terminated with exit code 0\n' +
          '[ 3][t 0][2024-10-30 23:27:03.123000][transaction.cpp:1702]\tsteps: 254 gas: used=8945, max=1000000, limit=1000000, credit=0\n' +
          '[ 3][t 0][2024-10-30 23:27:03.123000][transaction.cpp:1704]\tout_of_gas=false, accepted=true, success=true, time=0.000274s\n' +
          '[ 4][t 0][2024-10-30 23:27:03.123000][transaction.cpp:1737]\tgas fees: 3578000 = 26214400 * 8945 /2^16 ; price=26214400; flat rate=[40000 for 100]; remaining balance=971719415ng\n' +
          '[ 3][t 0][2024-10-30 23:27:03.123000][transaction.cpp:2678]\tin try_action_reserve_currency(0)\n' +
          '[ 4][t 0][2024-10-30 23:27:03.123000][transaction.cpp:2684]\taction_reserve_currency: mode=0, reserve=10000000ng, balance=971719415ng, original balance=9164252ng\n' +
          '[ 3][t 0][2024-10-30 23:27:03.123000][transaction.cpp:2729]\tchanged remaining balance to 961719415ng, reserved balance to 10000000ng\n' +
          '[ 4][t 0][2024-10-30 23:27:03.123000][transaction.cpp:2448]\tstorage paid for a message: 3 cells, 776 bits\n' +
          '[ 4][t 0][2024-10-30 23:27:03.123000][transaction.cpp:2452]\tcomputed fwd fees = 830400 + 0\n',
        vmLogs: 'ecute STSLICER\n' +
          'execute OVER\n' +
          'execute ISNULL\n' +
          'execute NOT\n' +
          'execute PUSHCONT x7F01CA00CC\n' +
          'execute PUSHCONT x7032CA00\n' +
          'execute IFELSE\n' +
          'execute PUSHINT -1\n' +
          'execute SWAP\n' +
          'execute STI 1\n' +
          'execute STREF\n' +
          'execute implicit RET\n' +
          'execute ENDC\n' +
          'execute POP c4\n' +
          'execute implicit RET\n',
        debugLogs: '',
        events: [ [Object] ],
        parent: {
          address: 37254810366437813475271750514734067285117962570475561289538093995582013161784n,
          lt: 36000000n,
          prevTransactionHash: 110405965871303134196111958962406010172040640393823567596642702335736657675105n,
          prevTransactionLt: 34000000n,
          now: 1732922822,
          outMessagesCount: 1,
          oldStatus: 'active',
          endStatus: 'active',
          inMessage: [Object],
          outMessages: [Dictionary],
          totalFees: [Object],
          stateUpdate: [Object],
          description: [Object],
          raw: x{7525D79B589F1D73B879432CD1A596C0F9C42CF460467BBB795DA5A20C021C1380000000002255100F4178FECD300D031666910D6B68072CD193EAC1F0C38185EC5908E0F64D30361000000000206CC80674A4DC60003476E98F0}
           x{E_}
            x{680024B10C064E4A129CF388983572C85FC397E37E9AEFB64B868BBB7CF5190179A90014975E6D627C75CEE1E50CB346965B03E710B3D18119EEEDE57696883008704E10E948BFEC061479B600000000042C1D82CE949B8C49AFD4E880000000000000004_}
             x{00000000000000000000000000000000000000000000000000000000000000220000000000000000000000000000000000000000000000000000000008F0D18001937A3FCD70}
             x{00000000000000000000000000000000000000000000000000000000000000230000000000000000000000000000000000000000000000000000000005F5E10001937A3FCD70}
            x{DF_}
             x{6800A4BAF36B13E3AE770F28659A34B2D81F38859E8C08CF776F2BB4B44180438271002E74930F029149EC08380972A5584C717AD4204A4455F097F5E5877CB40E86DA90E65816AC0609BBB000000000044AA202CE949B8CC_}
              x{E601F8E50000000000000000}
           x{72027C9478A5CDAC6F85C0DEADF8467642A8D885AF31E03A1F636067022C088B1E93BB1254A623083413644500324F570E08312FBEF6048A58F11D2CCAA792E020}
           x{04090E948BFED8769BB211_}
            x{4E782C3D090000000000000000031700000000000000000000000000000000000000000000000000000000000000000000000000000000000000000000000000000000000000000000000000000000}
            x{C983A6604C09BBA000000000000400020000000388D0C29501CA01261A550F77F5936E7DB7CACEE37FC601F787453CB248E780324090190C_},
          hash: [Function: hash],
          blockchainLogs: '[ 4][t 0][2024-10-30 23:27:03.118000][transaction.cpp:443]\tunpacking account 525D79B589F1D73B879432CD1A596C0F9C42CF460467BBB795DA5A20C021C138\n' +
            '[ 4][t 0][2024-10-30 23:27:03.118000][transaction.cpp:274]\tlast_paid=1732922822; cells=232 bits=83682 public_cells=0\n' +
            '[ 4][t 0][2024-10-30 23:27:03.118000][transaction.cpp:504]\tend of Account.unpack() for 0:525D79B589F1D73B879432CD1A596C0F9C42CF460467BBB795DA5A20C021C138 (balance = 2100000000ng ; last_trans_lt = 34000000..34000002)\n' +
            '[ 4][t 0][2024-10-30 23:27:03.118000][transaction.cpp:3655]\tblock random seed set to 0000000000000000000000000000000000000000000000000000000000000000\n' +
            '[ 4][t 0][2024-10-30 23:27:03.119000][transaction.cpp:1236]\tgas limits: max=1000000, limit=1000000, credit=0\n' +
            '[ 4][t 0][2024-10-30 23:27:03.119000][transaction.cpp:1575]\tin_msg_state is null\n' +
            '[ 4][t 0][2024-10-30 23:27:03.119000][transaction.cpp:1645]\tcreating VM\n' +
            '[ 4][t 0][2024-10-30 23:27:03.119000][transaction.cpp:1351]\tSmartContractInfo initialized with [ 124711402 0 0 1732922822 36000000 36000000 14068792954309835536948273256715513127174070948738620016199408580766834334284 [ 3078464763 (null) ] CS{Cell{0271c00525d79b589f1d73b879432cd1a596c0f9c42cf460467bbb795da5a20c021c1383d0c051b8833a526e3000000000081b32091f4add401340} bits: 1..268; refs: 0..0} C{A7EC01478F770EF8F8B037CC7E42F0ABF0D85A50E1828C2394DAD1411691F2DE} C{42B6F0E46484EFC57B9508F6BA7EF42E7512023D5CB4ED5628DD1C7755D16E9D} [ 978464763 (null) ] 0 (null) [ CS{Cell{004dd06600000000000000000000000080000000000000fa00000000000001f4000000000003d09040} bits: 9..305; refs: 0..0} (null) CS{Cell{0094d1000000000000006400000000000f4240de000000002710000000000000000f42400000000002160ec0000000000000271000000000002625a00000000005f5e100000000003b9aca00} bits: 0..592; refs: 0..0} CS{Cell{0094d100000000000000640000000000009c40de000000000190000000000000000f424000000000000f4240000000000000271000000000009896800000000005f5e100000000003b9aca00} bits: 0..592; refs: 0..0} CS{Cell{0042ea000000000098968000000000271000000000000f424000000001800055555555} bits: 0..264; refs: 0..0} CS{Cell{0042ea0000000000061a800000000001900000000000009c4000000001800055555555} bits: 0..264; refs: 0..0} (null) ] 0 (null) ]\n' +
            '[ 4][t 0][2024-10-30 23:27:03.119000][transaction.cpp:1675]\tstarting VM\n' +
            '[ 4][t 0][2024-10-30 23:27:03.120000][transaction.cpp:1680]\tVM terminated with exit code 0\n' +
            '[ 3][t 0][2024-10-30 23:27:03.120000][transaction.cpp:1702]\tsteps: 791 gas: used=29633, max=1000000, limit=1000000, credit=0\n' +
            '[ 3][t 0][2024-10-30 23:27:03.120000][transaction.cpp:1704]\tout_of_gas=false, accepted=true, success=true, time=0.000961s\n' +
            '[ 4][t 0][2024-10-30 23:27:03.120000][transaction.cpp:1737]\tgas fees: 11853200 = 26214400 * 29633 /2^16 ; price=26214400; flat rate=[40000 for 100]; remaining balance=3066611563ng\n' +
            '[ 3][t 0][2024-10-30 23:27:03.120000][transaction.cpp:2678]\tin try_action_reserve_currency(0)\n' +
            '[ 4][t 0][2024-10-30 23:27:03.120000][transaction.cpp:2684]\taction_reserve_currency: mode=0, reserve=2100000000ng, balance=3066611563ng, original balance=2100000000ng\n' +
            '[ 3][t 0][2024-10-30 23:27:03.120000][transaction.cpp:2729]\tchanged remaining balance to 966611563ng, reserved balance to 2100000000ng\n' +
            '[ 4][t 0][2024-10-30 23:27:03.120000][transaction.cpp:2448]\tstorage paid for a message: 1 cells, 96 bits\n' +
            '[ 4][t 0][2024-10-30 23:27:03.120000][transaction.cpp:2452]\tcomputed fwd fees = 478400 + 0\n',
          vmLogs: 'xecute EQUAL\n' +
            'execute THROWIF 137\n' +
            'execute PUSHPOW2 10\n' +
            'execute EQUAL\n' +
            'execute THROWIFNOT 136\n' +
            'execute STSLICER\n' +
            'execute ENDC\n' +
            'execute ROT\n' +
            'execute STREF\n' +
            'execute ENDC\n' +
            'execute SWAP\n' +
            'execute STREF\n' +
            'execute implicit RET\n' +
            'execute ENDC\n' +
            'execute POP c4\n' +
            'execute implicit RET\n',
          debugLogs: '',
          events: [Array],
          parent: [Object],
          children: [Array],
          externals: []
        },
        children: [ [Object] ],
        externals: []
      },
      {
        address: 37254810366437813475271750514734067285117962570475561289538093995582013161784n,
        lt: 38000000n,
        prevTransactionHash: 59303524179864286474287896435060585877172497477188987369337522798048729171678n,
        prevTransactionLt: 36000000n,
        now: 1732922822,
        outMessagesCount: 4,
        oldStatus: 'active',
        endStatus: 'active',
        inMessage: {
          info: [Object],
          init: null,
          body: x{B687AB17000000000000000000000000}
           x{02A05F5E100205F5E10020EE6B28020098968021DCD6500339160633394AC233391606333A526E30000000000000000C_}
            x{801028CD38D6A9FB165BB1D27554DCBBC8B7A064E07EF4C3832956828113614F545_}
        },
        outMessages: Dictionary { _key: [Object], _value: [Object], _map: [Map] },
        totalFees: { coins: 31144772n },
        stateUpdate: {
          oldHash: <Buffer 93 bb 12 54 a6 23 08 34 13 64 45 00 32 4f 57 0e 08 31 2f be f6 04 8a 58 f1 1d 2c ca a7 92 e0 20>,
          newHash: <Buffer 7c ce 6e cf 36 29 51 8d 10 a1 1b 95 4d a2 99 82 ca e1 09 70 2d 88 38 db ef 14 4b 09 96 d2 6c 30>
        },
        description: {
          type: 'generic',
          creditFirst: false,
          storagePhase: [Object],
          creditPhase: [Object],
          computePhase: [Object],
          actionPhase: [Object],
          bouncePhase: undefined,
          aborted: false,
          destroyed: false
        },
        raw: x{7525D79B589F1D73B879432CD1A596C0F9C42CF460467BBB795DA5A20C021C138000000000243D580831C9AEE7434A4DB57EFEFD55DB9ABEB155CB7C7B1587D6CEDA75ECCCA0906DE0000000002255100674A4DC600094803B67688}
         x{E_}
          x{680173A49878148A4F6041C04B952AC2638BD6A1025222AF84BFAF2C3BE5A07436D50014975E6D627C75CEE1E50CB346965B03E710B3D18119EEEDE57696883008704E10E51802DC0610E50A0000000004692682CE949B8C5B43D58B8000000000000000000000004_}
           x{02A05F5E100205F5E10020EE6B28020098968021DCD6500339160633394AC233391606333A526E30000000000000000C_}
            x{801028CD38D6A9FB165BB1D27554DCBBC8B7A064E07EF4C3832956828113614F545_}
          x{DB_}
           x{2_}
            x{2_}
             x{6800A4BAF36B13E3AE770F28659A34B2D81F38859E8C08CF776F2BB4B4418043827100384BA6D6A6B7DF2422C44C909493A07C03CA0A1FF860A7ED8531810050149DDF10101931000609BBB0000000000487AB02CE949B8CC_}
              x{BC26F4C80000000000000000}
            x{2_}
             x{6800A4BAF36B13E3AE770F28659A34B2D81F38859E8C08CF776F2BB4B44180438271001F33C9E03834F86C2DA0166D0212C129A321D08D5D171B4080758BCF48863C4D90101931000609BBB0000000000487AB04CE949B8CC_}
              x{BC26F4C80000000000000001}
           x{2_}
            x{2_}
             x{E00292EBCDAC4F8EB9DC3CA19668D2CB607CE2167A30233DDDBCAED2D106010E09C0000000000487AB06CE949B8CC_}
              x{8B6D3812000000000000000000000000801028CD38D6A9FB165BB1D27554DCBBC8B7A064E07EF4C3832956828113614F544877359401_}
            x{2_}
             x{4800A4BAF36B13E3AE770F28659A34B2D81F38859E8C08CF776F2BB4B44180438271002E74930F029149EC08380972A5584C717AD4204A4455F097F5E5877CB40E86DA90BCA4015C0656E1D8000000000487AB08CE949B8DE_}
              x{34_}
               x{FF00F4A413F4BCF2C80B}
                x{62_}
                 x{D001D0D3030171B0A301FA400120D74981010BBAF2E08820D70B0A208104FFBAF2D0898309BAF2E088545053036F04F86102F862DB3C5512DB3CF2E082}
                  x{ED44D0D401F863D200018E2FD31FFA400120D74981010BBAF2E08820D70B0A208104FFBAF2D0898309BAF2E08801D2000191D4926D01E255206C13E0F828D70B0A8309BAF2E089810101D700FA400120D74981010BBAF2E08820D70B0A208104FFBAF2D0898309BAF2E0881202D101DB3C}
                   x{6D}
                  x{0192307FE07021D749C21F953020D70B1FDE208210AFE93535BA8F5130D31F018210AFE93535BAF2E081D33FFA400120D74981010BBAF2E08820D70B0A208104FFBAF2D0898309BAF2E08801D455206C1332820898968070FB024434DB3C30037083067055206D6D6DDB3C597FE0208210B8A3AA14BAE302}
                   x{F8425220C705F2E084}
                   x{C87101CA01500701CA007001CA02500520D74981010BBAF2E08820D70B0A208104FFBAF2D0898309BAF2E088CF165003FA027001CA68236EB3917F93246EB3E2973333017001CA00E30D216EB39C7F01CA0001206EF2D08001CC95317001CA00E2C901FB00}
                    x{7F01CA00C87001CA007001CA00246EB39D7F01CA0004206EF2D0805004CC9634037001CA00E2246EB39D7F01CA0004206EF2D0805004CC9634037001CA00E27001CA00027F01CA0002C958CC}
                   x{30D31F018210B8A3AA14BAF2E081D33FFA400120D74981010BBAF2E08820D70B0A208104FFBAF2D0898309BAF2E088126C12317020FB025520DB3C03708100A07055206D6D6DDB3C587F}
                    x{F8425220C705F2E084}
                    x{C87101CA01500701CA007001CA02500520D74981010BBAF2E08820D70B0A208104FFBAF2D0898309BAF2E088CF165003FA027001CA68236EB3917F93246EB3E2973333017001CA00E30D216EB39C7F01CA0001206EF2D08001CC95317001CA00E2C901FB00}
                     x{7F01CA00C87001CA007001CA00246EB39D7F01CA0004206EF2D0805004CC9634037001CA00E2246EB39D7F01CA0004206EF2D0805004CC9634037001CA00E27001CA00027F01CA0002C958CC}
                   x{8210E601F8E5BA8ECED31F018210E601F8E5BAF2E081D33F0131820898968070FB02F8416F2410235F037083067F25206EF2D080542580C855208210B687AB175004CB1F12CB3FCB1FCCC9103441301443306D6DDB3C7FE03070}
                    x{C87101CA01500701CA007001CA02500520D74981010BBAF2E08820D70B0A208104FFBAF2D0898309BAF2E088CF165003FA027001CA68236EB3917F93246EB3E2973333017001CA00E30D216EB39C7F01CA0001206EF2D08001CC95317001CA00E2C901FB00}
                     x{7F01CA00C87001CA007001CA00246EB39D7F01CA0004206EF2D0805004CC9634037001CA00E2246EB39D7F01CA0004206EF2D0805004CC9634037001CA00E27001CA00027F01CA0002C958CC}
                  x{C8F84301CC7F01CA0055205023CB1F0120D74981010BBAF2E08820D70B0A208104FFBAF2D0898309BAF2E088CF16216EB3957F01CA00CC947032CA00E2C9ED54}
                 x{2_}
                  x{BE28EED9E6D9E3618C_}
                   x{ED44D0D401F863D200018E2FD31FFA400120D74981010BBAF2E08820D70B0A208104FFBAF2D0898309BAF2E08801D2000191D4926D01E255206C13E0F828D70B0A8309BAF2E089810101D700FA400120D74981010BBAF2E08820D70B0A208104FFBAF2D0898309BAF2E0881202D101DB3C}
                    x{6D}
                   x{21}
                  x{2_}
                   x{4}
                    x{B1D8B6CF36CF1B0C6_}
                     x{ED44D0D401F863D200018E2FD31FFA400120D74981010BBAF2E08820D70B0A208104FFBAF2D0898309BAF2E08801D2000191D4926D01E255206C13E0F828D70B0A8309BAF2E089810101D700FA400120D74981010BBAF2E08820D70B0A208104FFBAF2D0898309BAF2E0881202D101DB3C}
                      x{6D}
                     x{20}
                    x{B36436CF36CF1B0C6_}
                     x{ED44D0D401F863D200018E2FD31FFA400120D74981010BBAF2E08820D70B0A208104FFBAF2D0898309BAF2E08801D2000191D4926D01E255206C13E0F828D70B0A8309BAF2E089810101D700FA400120D74981010BBAF2E08820D70B0A208104FFBAF2D0898309BAF2E0881202D101DB3C}
                      x{6D}
                     x{22}
                   x{B82BEED44D0D20001}
               x{0000000000000000000000000000000000000000000000000000000000000000200292EBCDAC4F8EB9DC3CA19668D2CB607CE2167A30233DDDBCAED2D106010E09C4_}
                x{C_}
                 x{A0838F_}
                  x{FF00F4A413F4BCF2C80B}
                   x{62_}
                    x{D001D0D3030171B0A301FA400120D74981010BBAF2E08820D70B0A208104FFBAF2D0898309BAF2E088545053036F04F86102F862DB3C5512DB3CF2E082}
                     x{ED44D0D401F863D200018E2FD31FFA400120D74981010BBAF2E08820D70B0A208104FFBAF2D0898309BAF2E08801D2000191D4926D01E255206C13E0F828D70B0A8309BAF2E089810101D700FA400120D74981010BBAF2E08820D70B0A208104FFBAF2D0898309BAF2E0881202D101DB3C}
                      x{6D}
                     x{0192307FE07021D749C21F953020D70B1FDE208210AFE93535BA8F5130D31F018210AFE93535BAF2E081D33FFA400120D74981010BBAF2E08820D70B0A208104FFBAF2D0898309BAF2E08801D455206C1332820898968070FB024434DB3C30037083067055206D6D6DDB3C597FE0208210B8A3AA14BAE302}
                      x{F8425220C705F2E084}
                      x{C87101CA01500701CA007001CA02500520D74981010BBAF2E08820D70B0A208104FFBAF2D0898309BAF2E088CF165003FA027001CA68236EB3917F93246EB3E2973333017001CA00E30D216EB39C7F01CA0001206EF2D08001CC95317001CA00E2C901FB00}
                       x{7F01CA00C87001CA007001CA00246EB39D7F01CA0004206EF2D0805004CC9634037001CA00E2246EB39D7F01CA0004206EF2D0805004CC9634037001CA00E27001CA00027F01CA0002C958CC}
                      x{30D31F018210B8A3AA14BAF2E081D33FFA400120D74981010BBAF2E08820D70B0A208104FFBAF2D0898309BAF2E088126C12317020FB025520DB3C03708100A07055206D6D6DDB3C587F}
                       x{F8425220C705F2E084}
                       x{C87101CA01500701CA007001CA02500520D74981010BBAF2E08820D70B0A208104FFBAF2D0898309BAF2E088CF165003FA027001CA68236EB3917F93246EB3E2973333017001CA00E30D216EB39C7F01CA0001206EF2D08001CC95317001CA00E2C901FB00}
                        x{7F01CA00C87001CA007001CA00246EB39D7F01CA0004206EF2D0805004CC9634037001CA00E2246EB39D7F01CA0004206EF2D0805004CC9634037001CA00E27001CA00027F01CA0002C958CC}
                      x{8210E601F8E5BA8ECED31F018210E601F8E5BAF2E081D33F0131820898968070FB02F8416F2410235F037083067F25206EF2D080542580C855208210B687AB175004CB1F12CB3FCB1FCCC9103441301443306D6DDB3C7FE03070}
                       x{C87101CA01500701CA007001CA02500520D74981010BBAF2E08820D70B0A208104FFBAF2D0898309BAF2E088CF165003FA027001CA68236EB3917F93246EB3E2973333017001CA00E30D216EB39C7F01CA0001206EF2D08001CC95317001CA00E2C901FB00}
                        x{7F01CA00C87001CA007001CA00246EB39D7F01CA0004206EF2D0805004CC9634037001CA00E2246EB39D7F01CA0004206EF2D0805004CC9634037001CA00E27001CA00027F01CA0002C958CC}
                     x{C8F84301CC7F01CA0055205023CB1F0120D74981010BBAF2E08820D70B0A208104FFBAF2D0898309BAF2E088CF16216EB3957F01CA00CC947032CA00E2C9ED54}
                    x{2_}
                     x{BE28EED9E6D9E3618C_}
                      x{ED44D0D401F863D200018E2FD31FFA400120D74981010BBAF2E08820D70B0A208104FFBAF2D0898309BAF2E08801D2000191D4926D01E255206C13E0F828D70B0A8309BAF2E089810101D700FA400120D74981010BBAF2E08820D70B0A208104FFBAF2D0898309BAF2E0881202D101DB3C}
                       x{6D}
                      x{21}
                     x{2_}
                      x{4}
                       x{B1D8B6CF36CF1B0C6_}
                        x{ED44D0D401F863D200018E2FD31FFA400120D74981010BBAF2E08820D70B0A208104FFBAF2D0898309BAF2E08801D2000191D4926D01E255206C13E0F828D70B0A8309BAF2E089810101D700FA400120D74981010BBAF2E08820D70B0A208104FFBAF2D0898309BAF2E0881202D101DB3C}
                         x{6D}
                        x{20}
                       x{B36436CF36CF1B0C6_}
                        x{ED44D0D401F863D200018E2FD31FFA400120D74981010BBAF2E08820D70B0A208104FFBAF2D0898309BAF2E08801D2000191D4926D01E255206C13E0F828D70B0A8309BAF2E089810101D700FA400120D74981010BBAF2E08820D70B0A208104FFBAF2D0898309BAF2E0881202D101DB3C}
                         x{6D}
                        x{22}
                      x{B82BEED44D0D20001}
              x{B8A3AA140000000000000000801D3E5E1B0970E52ABD4EA639AED542E118FE33D2F03FE072737A6B74A8FDC2C69_}
         x{7293BB1254A623083413644500324F570E08312FBEF6048A58F11D2CCAA792E0207CCE6ECF3629518D10A11B954DA29982CAE109702D8838DBEF144B0996D26C30}
         x{04090E51802DD88036E99E11_}
          x{602324EC3D09000000000000000007BF00000000000000000000000000000000000000000000000000000000000000000000000000000000000000000000000000000000000000000000000000000000}
          x{C9AC8D784C8FB95000000000000A000200000008978AB09C630ABAE586F2E48932ABF87C9456752C4917C93BD59D5C9280608AFE48913B24_},
        hash: [Function: hash],
        blockchainLogs: '[ 4][t 0][2024-10-30 23:27:03.125000][transaction.cpp:443]\tunpacking account 525D79B589F1D73B879432CD1A596C0F9C42CF460467BBB795DA5A20C021C138\n' +
          '[ 4][t 0][2024-10-30 23:27:03.125000][transaction.cpp:274]\tlast_paid=1732922822; cells=232 bits=84034 public_cells=0\n' +
          '[ 4][t 0][2024-10-30 23:27:03.125000][transaction.cpp:504]\tend of Account.unpack() for 0:525D79B589F1D73B879432CD1A596C0F9C42CF460467BBB795DA5A20C021C138 (balance = 2100000000ng ; last_trans_lt = 36000000..36000002)\n' +
          '[ 4][t 0][2024-10-30 23:27:03.125000][transaction.cpp:3655]\tblock random seed set to 0000000000000000000000000000000000000000000000000000000000000000\n' +
          '[ 4][t 0][2024-10-30 23:27:03.126000][transaction.cpp:1236]\tgas limits: max=1000000, limit=1000000, credit=0\n' +
          '[ 4][t 0][2024-10-30 23:27:03.126000][transaction.cpp:1575]\tin_msg_state is null\n' +
          '[ 4][t 0][2024-10-30 23:27:03.126000][transaction.cpp:1645]\tcreating VM\n' +
          '[ 4][t 0][2024-10-30 23:27:03.126000][transaction.cpp:1351]\tSmartContractInfo initialized with [ 124711402 0 0 1732922822 38000000 38000000 14068792954309835536948273256715513127174070948738620016199408580766834334284 [ 3060889015 (null) ] CS{Cell{0271c00525d79b589f1d73b879432cd1a596c0f9c42cf460467bbb795da5a20c021c1383d0c05210833a526e3000000000089544091f4add401340} bits: 1..268; refs: 0..0} C{A7EC01478F770EF8F8B037CC7E42F0ABF0D85A50E1828C2394DAD1411691F2DE} C{42B6F0E46484EFC57B9508F6BA7EF42E7512023D5CB4ED5628DD1C7755D16E9D} [ 960889015 (null) ] 0 (null) [ CS{Cell{004dd06600000000000000000000000080000000000000fa00000000000001f4000000000003d09040} bits: 9..305; refs: 0..0} (null) CS{Cell{0094d1000000000000006400000000000f4240de000000002710000000000000000f42400000000002160ec0000000000000271000000000002625a00000000005f5e100000000003b9aca00} bits: 0..592; refs: 0..0} CS{Cell{0094d100000000000000640000000000009c40de000000000190000000000000000f424000000000000f4240000000000000271000000000009896800000000005f5e100000000003b9aca00} bits: 0..592; refs: 0..0} CS{Cell{0042ea000000000098968000000000271000000000000f424000000001800055555555} bits: 0..264; refs: 0..0} CS{Cell{0042ea0000000000061a800000000001900000000000009c4000000001800055555555} bits: 0..264; refs: 0..0} (null) ] 0 (null) ]\n' +
          '[ 4][t 0][2024-10-30 23:27:03.126000][transaction.cpp:1675]\tstarting VM\n' +
          '[ 4][t 0][2024-10-30 23:27:03.128000][transaction.cpp:1680]\tVM terminated with exit code 0\n' +
          '[ 3][t 0][2024-10-30 23:27:03.128000][transaction.cpp:1702]\tsteps: 1983 gas: used=71975, max=1000000, limit=1000000, credit=0\n' +
          '[ 3][t 0][2024-10-30 23:27:03.128000][transaction.cpp:1704]\tout_of_gas=false, accepted=true, success=true, time=0.001771s\n' +
          '[ 4][t 0][2024-10-30 23:27:03.128000][transaction.cpp:1737]\tgas fees: 28790000 = 26214400 * 71975 /2^16 ; price=26214400; flat rate=[40000 for 100]; remaining balance=3032099015ng\n' +
          '[ 3][t 0][2024-10-30 23:27:03.128000][transaction.cpp:2678]\tin try_action_reserve_currency(0)\n' +
          '[ 4][t 0][2024-10-30 23:27:03.128000][transaction.cpp:2684]\taction_reserve_currency: mode=0, reserve=2100000000ng, balance=3032099015ng, original balance=2100000000ng\n' +
          '[ 3][t 0][2024-10-30 23:27:03.128000][transaction.cpp:2729]\tchanged remaining balance to 932099015ng, reserved balance to 2100000000ng\n' +
          '[ 4][t 0][2024-10-30 23:27:03.128000][transaction.cpp:2448]\tstorage paid for a message: 1 cells, 96 bits\n' +
          '[ 4][t 0][2024-10-30 23:27:03.128000][transaction.cpp:2452]\tcomputed fwd fees = 478400 + 0\n' +
          '[ 4][t 0][2024-10-30 23:27:03.128000][transaction.cpp:2448]\tstorage paid for a message: 1 cells, 96 bits\n' +
          '[ 4][t 0][2024-10-30 23:27:03.128000][transaction.cpp:2452]\tcomputed fwd fees = 478400 + 0\n' +
          '[ 4][t 0][2024-10-30 23:27:03.128000][transaction.cpp:2448]\tstorage paid for a message: 1 cells, 431 bits\n' +
          '[ 4][t 0][2024-10-30 23:27:03.128000][transaction.cpp:2452]\tcomputed fwd fees = 612400 + 0\n' +
          '[ 4][t 0][2024-10-30 23:27:03.128000][transaction.cpp:2448]\tstorage paid for a message: 27 cells, 6976 bits\n' +
          '[ 4][t 0][2024-10-30 23:27:03.128000][transaction.cpp:2452]\tcomputed fwd fees = 4270400 + 0\n',
        vmLogs: 'xecute EQUAL\n' +
          'execute THROWIF 137\n' +
          'execute PUSHPOW2 10\n' +
          'execute EQUAL\n' +
          'execute THROWIFNOT 136\n' +
          'execute STSLICER\n' +
          'execute ENDC\n' +
          'execute ROT\n' +
          'execute STREF\n' +
          'execute ENDC\n' +
          'execute SWAP\n' +
          'execute STREF\n' +
          'execute implicit RET\n' +
          'execute ENDC\n' +
          'execute POP c4\n' +
          'execute implicit RET\n',
        debugLogs: '',
        events: [ [Object], [Object], [Object] ],
        parent: {
          address: 84049441022908470316622795825605090351520748406577698494615284512509455375210n,
          lt: 37000000n,
          prevTransactionHash: 27970056063371466279682694597605668957484870626432840037061594459292810387535n,
          prevTransactionLt: 29000000n,
          now: 1732922822,
          outMessagesCount: 1,
          oldStatus: 'active',
          endStatus: 'active',
          inMessage: [Object],
          outMessages: [Dictionary],
          totalFees: [Object],
          stateUpdate: [Object],
          description: [Object],
          raw: x{7B9D24C3C0A4527B020E025CA956131C5EB5081291157C25FD7961DF2D03A1B6A00000000023493403DD67D9FDA7181A94252CA4146BF1A280F117F65C7EB059BB698BC081D58A04F0000000001BA8140674A4DC60003468F24DE}
           x{E_}
            x{6800A4BAF36B13E3AE770F28659A34B2D81F38859E8C08CF776F2BB4B44180438271002E74930F029149EC08380972A5584C717AD4204A4455F097F5E5877CB40E86DA90E65816AC0609BBB000000000044AA202CE949B8C7300FC7280000000000000004_}
            x{DF_}
             x{680173A49878148A4F6041C04B952AC2638BD6A1025222AF84BFAF2C3BE5A07436D50014975E6D627C75CEE1E50CB346965B03E710B3D18119EEEDE57696883008704E10E51802DC0610E50A0000000004692682CE949B8CC_}
              x{B687AB17000000000000000000000000}
               x{02A05F5E100205F5E10020EE6B28020098968021DCD6500339160633394AC233391606333A526E30000000000000000C_}
                x{801028CD38D6A9FB165BB1D27554DCBBC8B7A064E07EF4C3832956828113614F545_}
           x{728B47A298F942B1C3689B80D7056F39FDDF1C555975995C0744E4A92FD9213D8035244E04ECE1D5BB47360A4F8EEE37A7F5F837FBB7192A3076DDBE13BDDEFAE5}
           x{04C33029090E65816AD866D31211_}
            x{445E2C3D09000000000000000000FE00000000000000000000000000000000000000000000000000000000000000000000000000000000000000000000000000000000000000000000000000000000}
            x{C98655E04C10E4EC0000000000040002000000027C4D219A44CE4E603F1ECD8AB469BCE2114434A9EF42E40A88028E814C5F5A3441102E4C_},
          hash: [Function: hash],
          blockchainLogs: '[ 4][t 0][2024-10-30 23:27:03.122000][transaction.cpp:443]\tunpacking account B9D24C3C0A4527B020E025CA956131C5EB5081291157C25FD7961DF2D03A1B6A\n' +
            '[ 4][t 0][2024-10-30 23:27:03.122000][transaction.cpp:274]\tlast_paid=1730330822; cells=28 bits=7131 public_cells=0\n' +
            '[ 4][t 0][2024-10-30 23:27:03.122000][transaction.cpp:504]\tend of Account.unpack() for 0:B9D24C3C0A4527B020E025CA956131C5EB5081291157C25FD7961DF2D03A1B6A (balance = 10000000ng ; last_trans_lt = 29000000..29000002)\n' +
            '[ 4][t 0][2024-10-30 23:27:03.122000][transaction.cpp:3655]\tblock random seed set to 0000000000000000000000000000000000000000000000000000000000000000\n' +
            '[ 4][t 0][2024-10-30 23:27:03.122000][transaction.cpp:1236]\tgas limits: max=1000000, limit=1000000, credit=0\n' +
            '[ 4][t 0][2024-10-30 23:27:03.122000][transaction.cpp:1575]\tin_msg_state is null\n' +
            '[ 4][t 0][2024-10-30 23:27:03.122000][transaction.cpp:1645]\tcreating VM\n' +
            '[ 4][t 0][2024-10-30 23:27:03.122000][transaction.cpp:1351]\tSmartContractInfo initialized with [ 124711402 0 0 1732922822 37000000 37000000 84630195367514639409622924175749312199831056191303332875639359062248049886761 [ 975297415 (null) ] CS{Cell{026dc00b9d24c3c0a4527b020e025ca956131c5eb5081291157c25fd7961df2d03a1b6a23886f6c3391606300000000006ea0508e625a01340} bits: 1..268; refs: 0..0} C{A7EC01478F770EF8F8B037CC7E42F0ABF0D85A50E1828C2394DAD1411691F2DE} C{F2179DCD5CFD8A1E113288591FFB7A5E10E107D0D2C36DF69E40398023DAA7B1} [ 966133163 (null) ] 835748 (null) [ CS{Cell{004dd06600000000000000000000000080000000000000fa00000000000001f4000000000003d09040} bits: 9..305; refs: 0..0} (null) CS{Cell{0094d1000000000000006400000000000f4240de000000002710000000000000000f42400000000002160ec0000000000000271000000000002625a00000000005f5e100000000003b9aca00} bits: 0..592; refs: 0..0} CS{Cell{0094d100000000000000640000000000009c40de000000000190000000000000000f424000000000000f4240000000000000271000000000009896800000000005f5e100000000003b9aca00} bits: 0..592; refs: 0..0} CS{Cell{0042ea000000000098968000000000271000000000000f424000000001800055555555} bits: 0..264; refs: 0..0} CS{Cell{0042ea0000000000061a800000000001900000000000009c4000000001800055555555} bits: 0..264; refs: 0..0} (null) ] 0 (null) ]\n' +
            '[ 4][t 0][2024-10-30 23:27:03.123000][transaction.cpp:1675]\tstarting VM\n' +
            '[ 4][t 0][2024-10-30 23:27:03.123000][transaction.cpp:1680]\tVM terminated with exit code 0\n' +
            '[ 3][t 0][2024-10-30 23:27:03.123000][transaction.cpp:1702]\tsteps: 254 gas: used=8945, max=1000000, limit=1000000, credit=0\n' +
            '[ 3][t 0][2024-10-30 23:27:03.123000][transaction.cpp:1704]\tout_of_gas=false, accepted=true, success=true, time=0.000274s\n' +
            '[ 4][t 0][2024-10-30 23:27:03.123000][transaction.cpp:1737]\tgas fees: 3578000 = 26214400 * 8945 /2^16 ; price=26214400; flat rate=[40000 for 100]; remaining balance=971719415ng\n' +
            '[ 3][t 0][2024-10-30 23:27:03.123000][transaction.cpp:2678]\tin try_action_reserve_currency(0)\n' +
            '[ 4][t 0][2024-10-30 23:27:03.123000][transaction.cpp:2684]\taction_reserve_currency: mode=0, reserve=10000000ng, balance=971719415ng, original balance=9164252ng\n' +
            '[ 3][t 0][2024-10-30 23:27:03.123000][transaction.cpp:2729]\tchanged remaining balance to 961719415ng, reserved balance to 10000000ng\n' +
            '[ 4][t 0][2024-10-30 23:27:03.123000][transaction.cpp:2448]\tstorage paid for a message: 3 cells, 776 bits\n' +
            '[ 4][t 0][2024-10-30 23:27:03.123000][transaction.cpp:2452]\tcomputed fwd fees = 830400 + 0\n',
          vmLogs: 'ecute STSLICER\n' +
            'execute OVER\n' +
            'execute ISNULL\n' +
            'execute NOT\n' +
            'execute PUSHCONT x7F01CA00CC\n' +
            'execute PUSHCONT x7032CA00\n' +
            'execute IFELSE\n' +
            'execute PUSHINT -1\n' +
            'execute SWAP\n' +
            'execute STI 1\n' +
            'execute STREF\n' +
            'execute implicit RET\n' +
            'execute ENDC\n' +
            'execute POP c4\n' +
            'execute implicit RET\n',
          debugLogs: '',
          events: [Array],
          parent: [Object],
          children: [Array],
          externals: []
        },
        children: [ [Object], [Object], [Object] ],
        externals: [ [Object] ]
      },
      {
        address: 101852738109603725607761920797369865272772728943991090530178890834824226043772n,
        lt: 39000000n,
        prevTransactionHash: 8573111737421672654122829587114733179826165018718932916231065590855654992467n,
        prevTransactionLt: 27000000n,
        now: 1732922822,
        outMessagesCount: 1,
        oldStatus: 'active',
        endStatus: 'active',
        inMessage: { info: [Object], init: null, body: x{BC26F4C80000000000000000} },
        outMessages: Dictionary { _key: [Object], _value: [Object], _map: [Map] },
        totalFees: { coins: 5334831n },
        stateUpdate: {
          oldHash: <Buffer 74 5a 21 3d bd 97 ed d5 95 aa 40 14 89 83 09 1b 9e 11 0d 12 ed d8 b8 84 14 46 8c 45 b0 0e 44 72>,
          newHash: <Buffer 53 ed ec ce af e3 d8 2f 55 ff 0c e7 d2 87 31 c9 89 01 a8 08 64 69 6d 56 21 14 be 55 df 8c bc 2b>
        },
        description: {
          type: 'generic',
          creditFirst: false,
          storagePhase: [Object],
          creditPhase: [Object],
          computePhase: [Object],
          actionPhase: [Object],
          bouncePhase: undefined,
          aborted: false,
          destroyed: false
        },
        raw: x{7E12E9B5A9ADF7C908B113242524E81F00F28287FE1829FB614C604014052777C00000000025317C012F43593DEA7EE8F38C49F3F216AEBD30BE5CD86D8494DDA47CC97A117906A5300000000019BFCC0674A4DC6000346A2CE5E}
         x{E_}
          x{6800A4BAF36B13E3AE770F28659A34B2D81F38859E8C08CF776F2BB4B4418043827100384BA6D6A6B7DF2422C44C909493A07C03CA0A1FF860A7ED8531810050149DDF10101931000609BBB0000000000487AB02CE949B8C5E137A6400000000000000004_}
          x{DF_}
           x{6801C25D36B535BEF92116226484A49D03E01E5050FFC3053F6C298C080280A4EEF90014975E6D627C75CEE1E50CB346965B03E710B3D18119EEEDE57696883008704E101119EF88060DFF5E0000000004A62F82CE949B8CC_}
            x{2A004A0500000000000000000000000000000000000000000000000000000000000000000000000000000000400B75A3E1A6460F415CE3721F308920C4B456F3B977F39EB26CED9155308A976CC}
         x{72745A213DBD97EDD595AA40148983091B9E110D12EDD8B88414468C45B00E447253EDECCEAFE3D82F55FF0CE7D28731C98901A80864696D562114BE55DF8CBC2B}
         x{04C4360789010193101867A1E811_}
          x{44E28C0A4D9000000000000000013D00000000000000000000000000000000000000000000000000000000000000000000000000000000000000000000000000000000000000000000000000000000}
          x{C9853FC04C0DFF44000000000002000000000003012C6B64FF35A2229481D1D656ED00986D336133CEC0CF97D95A4B52C67677FC4090296C_},
        hash: [Function: hash],
        blockchainLogs: '[ 4][t 0][2024-10-30 23:27:03.133000][transaction.cpp:443]\tunpacking account E12E9B5A9ADF7C908B113242524E81F00F28287FE1829FB614C604014052777C\n' +
          '[ 4][t 0][2024-10-30 23:27:03.133000][transaction.cpp:274]\tlast_paid=1730330822; cells=30 bits=12911 public_cells=0\n' +
          '[ 4][t 0][2024-10-30 23:27:03.133000][transaction.cpp:504]\tend of Account.unpack() for 0:E12E9B5A9ADF7C908B113242524E81F00F28287FE1829FB614C604014052777C (balance = 10000000ng ; last_trans_lt = 27000000..27000002)\n' +
          '[ 4][t 0][2024-10-30 23:27:03.133000][transaction.cpp:3655]\tblock random seed set to 0000000000000000000000000000000000000000000000000000000000000000\n' +
          '[ 4][t 0][2024-10-30 23:27:03.133000][transaction.cpp:1236]\tgas limits: max=191044, limit=168804, credit=0\n' +
          '[ 4][t 0][2024-10-30 23:27:03.133000][transaction.cpp:1575]\tin_msg_state is null\n' +
          '[ 4][t 0][2024-10-30 23:27:03.133000][transaction.cpp:1645]\tcreating VM\n' +
          '[ 4][t 0][2024-10-30 23:27:03.133000][transaction.cpp:1351]\tSmartContractInfo initialized with [ 124711402 0 0 1732922822 39000000 39000000 43870772645377937883531240781324653013999287705787709612543318804107744319189 [ 76417698 (null) ] CS{Cell{026dc00e12e9b5a9adf7c908b113242524e81f00f28287fe1829fb614c604014052777c23c8c9bc33916063000000000066ff308e625a01340} bits: 1..268; refs: 0..0} C{A7EC01478F770EF8F8B037CC7E42F0ABF0D85A50E1828C2394DAD1411691F2DE} C{33BB148A451AD17F938AA7C476E48F2B79933715F13F1D58F9234A90730321A8} [ 67521600 (null) ] 1103902 (null) [ CS{Cell{004dd06600000000000000000000000080000000000000fa00000000000001f4000000000003d09040} bits: 9..305; refs: 0..0} (null) CS{Cell{0094d1000000000000006400000000000f4240de000000002710000000000000000f42400000000002160ec0000000000000271000000000002625a00000000005f5e100000000003b9aca00} bits: 0..592; refs: 0..0} CS{Cell{0094d100000000000000640000000000009c40de000000000190000000000000000f424000000000000f4240000000000000271000000000009896800000000005f5e100000000003b9aca00} bits: 0..592; refs: 0..0} CS{Cell{0042ea000000000098968000000000271000000000000f424000000001800055555555} bits: 0..264; refs: 0..0} CS{Cell{0042ea0000000000061a800000000001900000000000009c4000000001800055555555} bits: 0..264; refs: 0..0} (null) ] 0 (null) ]\n' +
          '[ 4][t 0][2024-10-30 23:27:03.133000][transaction.cpp:1675]\tstarting VM\n' +
          '[ 4][t 0][2024-10-30 23:27:03.134000][transaction.cpp:1680]\tVM terminated with exit code 0\n' +
          '[ 3][t 0][2024-10-30 23:27:03.134000][transaction.cpp:1702]\tsteps: 317 gas: used=10004, max=191044, limit=168804, credit=0\n' +
          '[ 3][t 0][2024-10-30 23:27:03.134000][transaction.cpp:1704]\tout_of_gas=false, accepted=true, success=true, time=0.000316s\n' +
          '[ 4][t 0][2024-10-30 23:27:03.134000][transaction.cpp:1737]\tgas fees: 4001600 = 26214400 * 10004 /2^16 ; price=26214400; flat rate=[40000 for 100]; remaining balance=72416098ng\n' +
          '[ 4][t 0][2024-10-30 23:27:03.134000][transaction.cpp:2448]\tstorage paid for a message: 1 cells, 620 bits\n' +
          '[ 4][t 0][2024-10-30 23:27:03.134000][transaction.cpp:2452]\tcomputed fwd fees = 688000 + 0\n',
        vmLogs: 'e implicit RET\n' +
          'execute OVER\n' +
          'execute ISNULL\n' +
          'execute NOT\n' +
          'execute PUSHCONT x7F01CA00CC\n' +
          'execute PUSHCONT x7032CA00\n' +
          'execute IFELSE\n' +
          'execute PUSHINT -1\n' +
          'execute SWAP\n' +
          'execute STI 1\n' +
          'execute STREF\n' +
          'execute implicit RET\n' +
          'execute ENDC\n' +
          'execute POP c4\n' +
          'execute implicit RET\n',
        debugLogs: '',
        events: [ [Object] ],
        parent: {
          address: 37254810366437813475271750514734067285117962570475561289538093995582013161784n,
          lt: 38000000n,
          prevTransactionHash: 59303524179864286474287896435060585877172497477188987369337522798048729171678n,
          prevTransactionLt: 36000000n,
          now: 1732922822,
          outMessagesCount: 4,
          oldStatus: 'active',
          endStatus: 'active',
          inMessage: [Object],
          outMessages: [Dictionary],
          totalFees: [Object],
          stateUpdate: [Object],
          description: [Object],
          raw: x{7525D79B589F1D73B879432CD1A596C0F9C42CF460467BBB795DA5A20C021C138000000000243D580831C9AEE7434A4DB57EFEFD55DB9ABEB155CB7C7B1587D6CEDA75ECCCA0906DE0000000002255100674A4DC600094803B67688}
           x{E_}
            x{680173A49878148A4F6041C04B952AC2638BD6A1025222AF84BFAF2C3BE5A07436D50014975E6D627C75CEE1E50CB346965B03E710B3D18119EEEDE57696883008704E10E51802DC0610E50A0000000004692682CE949B8C5B43D58B8000000000000000000000004_}
             x{02A05F5E100205F5E10020EE6B28020098968021DCD6500339160633394AC233391606333A526E30000000000000000C_}
              x{801028CD38D6A9FB165BB1D27554DCBBC8B7A064E07EF4C3832956828113614F545_}
            x{DB_}
             x{2_}
              x{2_}
               x{6800A4BAF36B13E3AE770F28659A34B2D81F38859E8C08CF776F2BB4B4418043827100384BA6D6A6B7DF2422C44C909493A07C03CA0A1FF860A7ED8531810050149DDF10101931000609BBB0000000000487AB02CE949B8CC_}
                x{BC26F4C80000000000000000}
              x{2_}
               x{6800A4BAF36B13E3AE770F28659A34B2D81F38859E8C08CF776F2BB4B44180438271001F33C9E03834F86C2DA0166D0212C129A321D08D5D171B4080758BCF48863C4D90101931000609BBB0000000000487AB04CE949B8CC_}
                x{BC26F4C80000000000000001}
             x{2_}
              x{2_}
               x{E00292EBCDAC4F8EB9DC3CA19668D2CB607CE2167A30233DDDBCAED2D106010E09C0000000000487AB06CE949B8CC_}
                x{8B6D3812000000000000000000000000801028CD38D6A9FB165BB1D27554DCBBC8B7A064E07EF4C3832956828113614F544877359401_}
              x{2_}
               x{4800A4BAF36B13E3AE770F28659A34B2D81F38859E8C08CF776F2BB4B44180438271002E74930F029149EC08380972A5584C717AD4204A4455F097F5E5877CB40E86DA90BCA4015C0656E1D8000000000487AB08CE949B8DE_}
                x{34_}
                 x{FF00F4A413F4BCF2C80B}
                  x{62_}
                   x{D001D0D3030171B0A301FA400120D74981010BBAF2E08820D70B0A208104FFBAF2D0898309BAF2E088545053036F04F86102F862DB3C5512DB3CF2E082}
                    x{ED44D0D401F863D200018E2FD31FFA400120D74981010BBAF2E08820D70B0A208104FFBAF2D0898309BAF2E08801D2000191D4926D01E255206C13E0F828D70B0A8309BAF2E089810101D700FA400120D74981010BBAF2E08820D70B0A208104FFBAF2D0898309BAF2E0881202D101DB3C}
                     x{6D}
                    x{0192307FE07021D749C21F953020D70B1FDE208210AFE93535BA8F5130D31F018210AFE93535BAF2E081D33FFA400120D74981010BBAF2E08820D70B0A208104FFBAF2D0898309BAF2E08801D455206C1332820898968070FB024434DB3C30037083067055206D6D6DDB3C597FE0208210B8A3AA14BAE302}
                     x{F8425220C705F2E084}
                     x{C87101CA01500701CA007001CA02500520D74981010BBAF2E08820D70B0A208104FFBAF2D0898309BAF2E088CF165003FA027001CA68236EB3917F93246EB3E2973333017001CA00E30D216EB39C7F01CA0001206EF2D08001CC95317001CA00E2C901FB00}
                      x{7F01CA00C87001CA007001CA00246EB39D7F01CA0004206EF2D0805004CC9634037001CA00E2246EB39D7F01CA0004206EF2D0805004CC9634037001CA00E27001CA00027F01CA0002C958CC}
                     x{30D31F018210B8A3AA14BAF2E081D33FFA400120D74981010BBAF2E08820D70B0A208104FFBAF2D0898309BAF2E088126C12317020FB025520DB3C03708100A07055206D6D6DDB3C587F}
                      x{F8425220C705F2E084}
                      x{C87101CA01500701CA007001CA02500520D74981010BBAF2E08820D70B0A208104FFBAF2D0898309BAF2E088CF165003FA027001CA68236EB3917F93246EB3E2973333017001CA00E30D216EB39C7F01CA0001206EF2D08001CC95317001CA00E2C901FB00}
                       x{7F01CA00C87001CA007001CA00246EB39D7F01CA0004206EF2D0805004CC9634037001CA00E2246EB39D7F01CA0004206EF2D0805004CC9634037001CA00E27001CA00027F01CA0002C958CC}
                     x{8210E601F8E5BA8ECED31F018210E601F8E5BAF2E081D33F0131820898968070FB02F8416F2410235F037083067F25206EF2D080542580C855208210B687AB175004CB1F12CB3FCB1FCCC9103441301443306D6DDB3C7FE03070}
                      x{C87101CA01500701CA007001CA02500520D74981010BBAF2E08820D70B0A208104FFBAF2D0898309BAF2E088CF165003FA027001CA68236EB3917F93246EB3E2973333017001CA00E30D216EB39C7F01CA0001206EF2D08001CC95317001CA00E2C901FB00}
                       x{7F01CA00C87001CA007001CA00246EB39D7F01CA0004206EF2D0805004CC9634037001CA00E2246EB39D7F01CA0004206EF2D0805004CC9634037001CA00E27001CA00027F01CA0002C958CC}
                    x{C8F84301CC7F01CA0055205023CB1F0120D74981010BBAF2E08820D70B0A208104FFBAF2D0898309BAF2E088CF16216EB3957F01CA00CC947032CA00E2C9ED54}
                   x{2_}
                    x{BE28EED9E6D9E3618C_}
                     x{ED44D0D401F863D200018E2FD31FFA400120D74981010BBAF2E08820D70B0A208104FFBAF2D0898309BAF2E08801D2000191D4926D01E255206C13E0F828D70B0A8309BAF2E089810101D700FA400120D74981010BBAF2E08820D70B0A208104FFBAF2D0898309BAF2E0881202D101DB3C}
                      x{6D}
                     x{21}
                    x{2_}
                     x{4}
                      x{B1D8B6CF36CF1B0C6_}
                       x{ED44D0D401F863D200018E2FD31FFA400120D74981010BBAF2E08820D70B0A208104FFBAF2D0898309BAF2E08801D2000191D4926D01E255206C13E0F828D70B0A8309BAF2E089810101D700FA400120D74981010BBAF2E08820D70B0A208104FFBAF2D0898309BAF2E0881202D101DB3C}
                        x{6D}
                       x{20}
                      x{B36436CF36CF1B0C6_}
                       x{ED44D0D401F863D200018E2FD31FFA400120D74981010BBAF2E08820D70B0A208104FFBAF2D0898309BAF2E08801D2000191D4926D01E255206C13E0F828D70B0A8309BAF2E089810101D700FA400120D74981010BBAF2E08820D70B0A208104FFBAF2D0898309BAF2E0881202D101DB3C}
                        x{6D}
                       x{22}
                     x{B82BEED44D0D20001}
                 x{0000000000000000000000000000000000000000000000000000000000000000200292EBCDAC4F8EB9DC3CA19668D2CB607CE2167A30233DDDBCAED2D106010E09C4_}
                  x{C_}
                   x{A0838F_}
                    x{FF00F4A413F4BCF2C80B}
                     x{62_}
                      x{D001D0D3030171B0A301FA400120D74981010BBAF2E08820D70B0A208104FFBAF2D0898309BAF2E088545053036F04F86102F862DB3C5512DB3CF2E082}
                       x{ED44D0D401F863D200018E2FD31FFA400120D74981010BBAF2E08820D70B0A208104FFBAF2D0898309BAF2E08801D2000191D4926D01E255206C13E0F828D70B0A8309BAF2E089810101D700FA400120D74981010BBAF2E08820D70B0A208104FFBAF2D0898309BAF2E0881202D101DB3C}
                        x{6D}
                       x{0192307FE07021D749C21F953020D70B1FDE208210AFE93535BA8F5130D31F018210AFE93535BAF2E081D33FFA400120D74981010BBAF2E08820D70B0A208104FFBAF2D0898309BAF2E08801D455206C1332820898968070FB024434DB3C30037083067055206D6D6DDB3C597FE0208210B8A3AA14BAE302}
                        x{F8425220C705F2E084}
                        x{C87101CA01500701CA007001CA02500520D74981010BBAF2E08820D70B0A208104FFBAF2D0898309BAF2E088CF165003FA027001CA68236EB3917F93246EB3E2973333017001CA00E30D216EB39C7F01CA0001206EF2D08001CC95317001CA00E2C901FB00}
                         x{7F01CA00C87001CA007001CA00246EB39D7F01CA0004206EF2D0805004CC9634037001CA00E2246EB39D7F01CA0004206EF2D0805004CC9634037001CA00E27001CA00027F01CA0002C958CC}
                        x{30D31F018210B8A3AA14BAF2E081D33FFA400120D74981010BBAF2E08820D70B0A208104FFBAF2D0898309BAF2E088126C12317020FB025520DB3C03708100A07055206D6D6DDB3C587F}
                         x{F8425220C705F2E084}
                         x{C87101CA01500701CA007001CA02500520D74981010BBAF2E08820D70B0A208104FFBAF2D0898309BAF2E088CF165003FA027001CA68236EB3917F93246EB3E2973333017001CA00E30D216EB39C7F01CA0001206EF2D08001CC95317001CA00E2C901FB00}
                          x{7F01CA00C87001CA007001CA00246EB39D7F01CA0004206EF2D0805004CC9634037001CA00E2246EB39D7F01CA0004206EF2D0805004CC9634037001CA00E27001CA00027F01CA0002C958CC}
                        x{8210E601F8E5BA8ECED31F018210E601F8E5BAF2E081D33F0131820898968070FB02F8416F2410235F037083067F25206EF2D080542580C855208210B687AB175004CB1F12CB3FCB1FCCC9103441301443306D6DDB3C7FE03070}
                         x{C87101CA01500701CA007001CA02500520D74981010BBAF2E08820D70B0A208104FFBAF2D0898309BAF2E088CF165003FA027001CA68236EB3917F93246EB3E2973333017001CA00E30D216EB39C7F01CA0001206EF2D08001CC95317001CA00E2C901FB00}
                          x{7F01CA00C87001CA007001CA00246EB39D7F01CA0004206EF2D0805004CC9634037001CA00E2246EB39D7F01CA0004206EF2D0805004CC9634037001CA00E27001CA00027F01CA0002C958CC}
                       x{C8F84301CC7F01CA0055205023CB1F0120D74981010BBAF2E08820D70B0A208104FFBAF2D0898309BAF2E088CF16216EB3957F01CA00CC947032CA00E2C9ED54}
                      x{2_}
                       x{BE28EED9E6D9E3618C_}
                        x{ED44D0D401F863D200018E2FD31FFA400120D74981010BBAF2E08820D70B0A208104FFBAF2D0898309BAF2E08801D2000191D4926D01E255206C13E0F828D70B0A8309BAF2E089810101D700FA400120D74981010BBAF2E08820D70B0A208104FFBAF2D0898309BAF2E0881202D101DB3C}
                         x{6D}
                        x{21}
                       x{2_}
                        x{4}
                         x{B1D8B6CF36CF1B0C6_}
                          x{ED44D0D401F863D200018E2FD31FFA400120D74981010BBAF2E08820D70B0A208104FFBAF2D0898309BAF2E08801D2000191D4926D01E255206C13E0F828D70B0A8309BAF2E089810101D700FA400120D74981010BBAF2E08820D70B0A208104FFBAF2D0898309BAF2E0881202D101DB3C}
                           x{6D}
                          x{20}
                         x{B36436CF36CF1B0C6_}
                          x{ED44D0D401F863D200018E2FD31FFA400120D74981010BBAF2E08820D70B0A208104FFBAF2D0898309BAF2E08801D2000191D4926D01E255206C13E0F828D70B0A8309BAF2E089810101D700FA400120D74981010BBAF2E08820D70B0A208104FFBAF2D0898309BAF2E0881202D101DB3C}
                           x{6D}
                          x{22}
                        x{B82BEED44D0D20001}
                x{B8A3AA140000000000000000801D3E5E1B0970E52ABD4EA639AED542E118FE33D2F03FE072737A6B74A8FDC2C69_}
           x{7293BB1254A623083413644500324F570E08312FBEF6048A58F11D2CCAA792E0207CCE6ECF3629518D10A11B954DA29982CAE109702D8838DBEF144B0996D26C30}
           x{04090E51802DD88036E99E11_}
            x{602324EC3D09000000000000000007BF00000000000000000000000000000000000000000000000000000000000000000000000000000000000000000000000000000000000000000000000000000000}
            x{C9AC8D784C8FB95000000000000A000200000008978AB09C630ABAE586F2E48932ABF87C9456752C4917C93BD59D5C9280608AFE48913B24_},
          hash: [Function: hash],
          blockchainLogs: '[ 4][t 0][2024-10-30 23:27:03.125000][transaction.cpp:443]\tunpacking account 525D79B589F1D73B879432CD1A596C0F9C42CF460467BBB795DA5A20C021C138\n' +
            '[ 4][t 0][2024-10-30 23:27:03.125000][transaction.cpp:274]\tlast_paid=1732922822; cells=232 bits=84034 public_cells=0\n' +
            '[ 4][t 0][2024-10-30 23:27:03.125000][transaction.cpp:504]\tend of Account.unpack() for 0:525D79B589F1D73B879432CD1A596C0F9C42CF460467BBB795DA5A20C021C138 (balance = 2100000000ng ; last_trans_lt = 36000000..36000002)\n' +
            '[ 4][t 0][2024-10-30 23:27:03.125000][transaction.cpp:3655]\tblock random seed set to 0000000000000000000000000000000000000000000000000000000000000000\n' +
            '[ 4][t 0][2024-10-30 23:27:03.126000][transaction.cpp:1236]\tgas limits: max=1000000, limit=1000000, credit=0\n' +
            '[ 4][t 0][2024-10-30 23:27:03.126000][transaction.cpp:1575]\tin_msg_state is null\n' +
            '[ 4][t 0][2024-10-30 23:27:03.126000][transaction.cpp:1645]\tcreating VM\n' +
            '[ 4][t 0][2024-10-30 23:27:03.126000][transaction.cpp:1351]\tSmartContractInfo initialized with [ 124711402 0 0 1732922822 38000000 38000000 14068792954309835536948273256715513127174070948738620016199408580766834334284 [ 3060889015 (null) ] CS{Cell{0271c00525d79b589f1d73b879432cd1a596c0f9c42cf460467bbb795da5a20c021c1383d0c05210833a526e3000000000089544091f4add401340} bits: 1..268; refs: 0..0} C{A7EC01478F770EF8F8B037CC7E42F0ABF0D85A50E1828C2394DAD1411691F2DE} C{42B6F0E46484EFC57B9508F6BA7EF42E7512023D5CB4ED5628DD1C7755D16E9D} [ 960889015 (null) ] 0 (null) [ CS{Cell{004dd06600000000000000000000000080000000000000fa00000000000001f4000000000003d09040} bits: 9..305; refs: 0..0} (null) CS{Cell{0094d1000000000000006400000000000f4240de000000002710000000000000000f42400000000002160ec0000000000000271000000000002625a00000000005f5e100000000003b9aca00} bits: 0..592; refs: 0..0} CS{Cell{0094d100000000000000640000000000009c40de000000000190000000000000000f424000000000000f4240000000000000271000000000009896800000000005f5e100000000003b9aca00} bits: 0..592; refs: 0..0} CS{Cell{0042ea000000000098968000000000271000000000000f424000000001800055555555} bits: 0..264; refs: 0..0} CS{Cell{0042ea0000000000061a800000000001900000000000009c4000000001800055555555} bits: 0..264; refs: 0..0} (null) ] 0 (null) ]\n' +
            '[ 4][t 0][2024-10-30 23:27:03.126000][transaction.cpp:1675]\tstarting VM\n' +
            '[ 4][t 0][2024-10-30 23:27:03.128000][transaction.cpp:1680]\tVM terminated with exit code 0\n' +
            '[ 3][t 0][2024-10-30 23:27:03.128000][transaction.cpp:1702]\tsteps: 1983 gas: used=71975, max=1000000, limit=1000000, credit=0\n' +
            '[ 3][t 0][2024-10-30 23:27:03.128000][transaction.cpp:1704]\tout_of_gas=false, accepted=true, success=true, time=0.001771s\n' +
            '[ 4][t 0][2024-10-30 23:27:03.128000][transaction.cpp:1737]\tgas fees: 28790000 = 26214400 * 71975 /2^16 ; price=26214400; flat rate=[40000 for 100]; remaining balance=3032099015ng\n' +
            '[ 3][t 0][2024-10-30 23:27:03.128000][transaction.cpp:2678]\tin try_action_reserve_currency(0)\n' +
            '[ 4][t 0][2024-10-30 23:27:03.128000][transaction.cpp:2684]\taction_reserve_currency: mode=0, reserve=2100000000ng, balance=3032099015ng, original balance=2100000000ng\n' +
            '[ 3][t 0][2024-10-30 23:27:03.128000][transaction.cpp:2729]\tchanged remaining balance to 932099015ng, reserved balance to 2100000000ng\n' +
            '[ 4][t 0][2024-10-30 23:27:03.128000][transaction.cpp:2448]\tstorage paid for a message: 1 cells, 96 bits\n' +
            '[ 4][t 0][2024-10-30 23:27:03.128000][transaction.cpp:2452]\tcomputed fwd fees = 478400 + 0\n' +
            '[ 4][t 0][2024-10-30 23:27:03.128000][transaction.cpp:2448]\tstorage paid for a message: 1 cells, 96 bits\n' +
            '[ 4][t 0][2024-10-30 23:27:03.128000][transaction.cpp:2452]\tcomputed fwd fees = 478400 + 0\n' +
            '[ 4][t 0][2024-10-30 23:27:03.128000][transaction.cpp:2448]\tstorage paid for a message: 1 cells, 431 bits\n' +
            '[ 4][t 0][2024-10-30 23:27:03.128000][transaction.cpp:2452]\tcomputed fwd fees = 612400 + 0\n' +
            '[ 4][t 0][2024-10-30 23:27:03.128000][transaction.cpp:2448]\tstorage paid for a message: 27 cells, 6976 bits\n' +
            '[ 4][t 0][2024-10-30 23:27:03.128000][transaction.cpp:2452]\tcomputed fwd fees = 4270400 + 0\n',
          vmLogs: 'xecute EQUAL\n' +
            'execute THROWIF 137\n' +
            'execute PUSHPOW2 10\n' +
            'execute EQUAL\n' +
            'execute THROWIFNOT 136\n' +
            'execute STSLICER\n' +
            'execute ENDC\n' +
            'execute ROT\n' +
            'execute STREF\n' +
            'execute ENDC\n' +
            'execute SWAP\n' +
            'execute STREF\n' +
            'execute implicit RET\n' +
            'execute ENDC\n' +
            'execute POP c4\n' +
            'execute implicit RET\n',
          debugLogs: '',
          events: [Array],
          parent: [Object],
          children: [Array],
          externals: [Array]
        },
        children: [ [Object] ],
        externals: []
      },
      {
        address: 56452803209391972311245829800318013664241380452486081517026592719308720763190n,
        lt: 40000000n,
        prevTransactionHash: 49488439023795383437134713937281551215679157855153094262467061346103847018906n,
        prevTransactionLt: 28000000n,
        now: 1732922822,
        outMessagesCount: 1,
        oldStatus: 'active',
        endStatus: 'active',
        inMessage: { info: [Object], init: null, body: x{BC26F4C80000000000000001} },
        outMessages: Dictionary { _key: [Object], _value: [Object], _map: [Map] },
        totalFees: { coins: 5334831n },
        stateUpdate: {
          oldHash: <Buffer 70 bf 11 cd ac 9d 2c c1 11 02 d8 e5 e5 1c 84 65 75 a3 5f 88 5f 92 22 df 4a b1 b7 f5 cb 9a ee 3f>,
          newHash: <Buffer da c7 f0 a8 75 81 5e 93 99 2f a6 ac 71 5c 70 2d a3 29 c0 96 b1 eb cb 3c 03 2b 9d 43 1e be f1 fd>
        },
        description: {
          type: 'generic',
          creditFirst: false,
          storagePhase: [Object],
          creditPhase: [Object],
          computePhase: [Object],
          actionPhase: [Object],
          bouncePhase: undefined,
          aborted: false,
          destroyed: false
        },
        raw: x{77CCF2780E0D3E1B0B68059B4084B04A68C874235745C6D0201D62F3D2218F1360000000002625A006D6976C0265A1BA6D09F320F80F2E4D80CD13F7D45971BB3DD114B469153E19A0000000001AB3F00674A4DC6000346A2CE5E}
         x{E_}
          x{6800A4BAF36B13E3AE770F28659A34B2D81F38859E8C08CF776F2BB4B44180438271001F33C9E03834F86C2DA0166D0212C129A321D08D5D171B4080758BCF48863C4D90101931000609BBB0000000000487AB04CE949B8C5E137A640000000000000000C_}
          x{DF_}
           x{6800F99E4F01C1A7C3616D00B3681096094D190E846AE8B8DA0403AC5E7A4431E26D0014975E6D627C75CEE1E50CB346965B03E710B3D18119EEEDE57696883008704E101119EF88060DFF5E0000000004C4B402CE949B8CC_}
            x{2A004A0500000000000000010000000000000000000000000000000000000000000000000000000000000000C00814669C6B54FD8B2DD8E93AAA6E5DE45BD032703F7A61C194AB414089B0A7AA2}
         x{7270BF11CDAC9D2CC11102D8E5E51C846575A35F885F9222DF4AB1B7F5CB9AEE3FDAC7F0A875815E93992FA6AC715C702DA329C096B1EBCB3C032B9D431EBEF1FD}
         x{04C4360789010193101867A1E811_}
          x{44E28C0A4D9000000000000000013D00000000000000000000000000000000000000000000000000000000000000000000000000000000000000000000000000000000000000000000000000000000}
          x{C9853FC04C0DFF44000000000002000000000002EF2011805BF718B31174C760DF120A9F20923EA7F17C12961509A919DBB744544090296C_},
        hash: [Function: hash],
        blockchainLogs: '[ 4][t 0][2024-10-30 23:27:03.135000][transaction.cpp:443]\tunpacking account 7CCF2780E0D3E1B0B68059B4084B04A68C874235745C6D0201D62F3D2218F136\n' +
          '[ 4][t 0][2024-10-30 23:27:03.135000][transaction.cpp:274]\tlast_paid=1730330822; cells=30 bits=12911 public_cells=0\n' +
          '[ 4][t 0][2024-10-30 23:27:03.136000][transaction.cpp:504]\tend of Account.unpack() for 0:7CCF2780E0D3E1B0B68059B4084B04A68C874235745C6D0201D62F3D2218F136 (balance = 10000000ng ; last_trans_lt = 28000000..28000002)\n' +
          '[ 4][t 0][2024-10-30 23:27:03.136000][transaction.cpp:3655]\tblock random seed set to 0000000000000000000000000000000000000000000000000000000000000000\n' +
          '[ 4][t 0][2024-10-30 23:27:03.136000][transaction.cpp:1236]\tgas limits: max=191044, limit=168804, credit=0\n' +
          '[ 4][t 0][2024-10-30 23:27:03.136000][transaction.cpp:1575]\tin_msg_state is null\n' +
          '[ 4][t 0][2024-10-30 23:27:03.136000][transaction.cpp:1645]\tcreating VM\n' +
          '[ 4][t 0][2024-10-30 23:27:03.136000][transaction.cpp:1351]\tSmartContractInfo initialized with [ 124711402 0 0 1732922822 40000000 40000000 17158678860825839941702393232993838109470607978381324670400578166443069604636 [ 76417698 (null) ] CS{Cell{026dc007ccf2780e0d3e1b0b68059b4084b04a68c874235745c6d0201d62f3d2218f13623c8c9bc3391606300000000006acfc08e625a01340} bits: 1..268; refs: 0..0} C{A7EC01478F770EF8F8B037CC7E42F0ABF0D85A50E1828C2394DAD1411691F2DE} C{33BB148A451AD17F938AA7C476E48F2B79933715F13F1D58F9234A90730321A8} [ 67521600 (null) ] 1103902 (null) [ CS{Cell{004dd06600000000000000000000000080000000000000fa00000000000001f4000000000003d09040} bits: 9..305; refs: 0..0} (null) CS{Cell{0094d1000000000000006400000000000f4240de000000002710000000000000000f42400000000002160ec0000000000000271000000000002625a00000000005f5e100000000003b9aca00} bits: 0..592; refs: 0..0} CS{Cell{0094d100000000000000640000000000009c40de000000000190000000000000000f424000000000000f4240000000000000271000000000009896800000000005f5e100000000003b9aca00} bits: 0..592; refs: 0..0} CS{Cell{0042ea000000000098968000000000271000000000000f424000000001800055555555} bits: 0..264; refs: 0..0} CS{Cell{0042ea0000000000061a800000000001900000000000009c4000000001800055555555} bits: 0..264; refs: 0..0} (null) ] 0 (null) ]\n' +
          '[ 4][t 0][2024-10-30 23:27:03.136000][transaction.cpp:1675]\tstarting VM\n' +
          '[ 4][t 0][2024-10-30 23:27:03.136000][transaction.cpp:1680]\tVM terminated with exit code 0\n' +
          '[ 3][t 0][2024-10-30 23:27:03.136000][transaction.cpp:1702]\tsteps: 317 gas: used=10004, max=191044, limit=168804, credit=0\n' +
          '[ 3][t 0][2024-10-30 23:27:03.136000][transaction.cpp:1704]\tout_of_gas=false, accepted=true, success=true, time=0.000498s\n' +
          '[ 4][t 0][2024-10-30 23:27:03.136000][transaction.cpp:1737]\tgas fees: 4001600 = 26214400 * 10004 /2^16 ; price=26214400; flat rate=[40000 for 100]; remaining balance=72416098ng\n' +
          '[ 4][t 0][2024-10-30 23:27:03.136000][transaction.cpp:2448]\tstorage paid for a message: 1 cells, 620 bits\n' +
          '[ 4][t 0][2024-10-30 23:27:03.136000][transaction.cpp:2452]\tcomputed fwd fees = 688000 + 0\n',
        vmLogs: 'e implicit RET\n' +
          'execute OVER\n' +
          'execute ISNULL\n' +
          'execute NOT\n' +
          'execute PUSHCONT x7F01CA00CC\n' +
          'execute PUSHCONT x7032CA00\n' +
          'execute IFELSE\n' +
          'execute PUSHINT -1\n' +
          'execute SWAP\n' +
          'execute STI 1\n' +
          'execute STREF\n' +
          'execute implicit RET\n' +
          'execute ENDC\n' +
          'execute POP c4\n' +
          'execute implicit RET\n',
        debugLogs: '',
        events: [ [Object] ],
        parent: {
          address: 37254810366437813475271750514734067285117962570475561289538093995582013161784n,
          lt: 38000000n,
          prevTransactionHash: 59303524179864286474287896435060585877172497477188987369337522798048729171678n,
          prevTransactionLt: 36000000n,
          now: 1732922822,
          outMessagesCount: 4,
          oldStatus: 'active',
          endStatus: 'active',
          inMessage: [Object],
          outMessages: [Dictionary],
          totalFees: [Object],
          stateUpdate: [Object],
          description: [Object],
          raw: x{7525D79B589F1D73B879432CD1A596C0F9C42CF460467BBB795DA5A20C021C138000000000243D580831C9AEE7434A4DB57EFEFD55DB9ABEB155CB7C7B1587D6CEDA75ECCCA0906DE0000000002255100674A4DC600094803B67688}
           x{E_}
            x{680173A49878148A4F6041C04B952AC2638BD6A1025222AF84BFAF2C3BE5A07436D50014975E6D627C75CEE1E50CB346965B03E710B3D18119EEEDE57696883008704E10E51802DC0610E50A0000000004692682CE949B8C5B43D58B8000000000000000000000004_}
             x{02A05F5E100205F5E10020EE6B28020098968021DCD6500339160633394AC233391606333A526E30000000000000000C_}
              x{801028CD38D6A9FB165BB1D27554DCBBC8B7A064E07EF4C3832956828113614F545_}
            x{DB_}
             x{2_}
              x{2_}
               x{6800A4BAF36B13E3AE770F28659A34B2D81F38859E8C08CF776F2BB4B4418043827100384BA6D6A6B7DF2422C44C909493A07C03CA0A1FF860A7ED8531810050149DDF10101931000609BBB0000000000487AB02CE949B8CC_}
                x{BC26F4C80000000000000000}
              x{2_}
               x{6800A4BAF36B13E3AE770F28659A34B2D81F38859E8C08CF776F2BB4B44180438271001F33C9E03834F86C2DA0166D0212C129A321D08D5D171B4080758BCF48863C4D90101931000609BBB0000000000487AB04CE949B8CC_}
                x{BC26F4C80000000000000001}
             x{2_}
              x{2_}
               x{E00292EBCDAC4F8EB9DC3CA19668D2CB607CE2167A30233DDDBCAED2D106010E09C0000000000487AB06CE949B8CC_}
                x{8B6D3812000000000000000000000000801028CD38D6A9FB165BB1D27554DCBBC8B7A064E07EF4C3832956828113614F544877359401_}
              x{2_}
               x{4800A4BAF36B13E3AE770F28659A34B2D81F38859E8C08CF776F2BB4B44180438271002E74930F029149EC08380972A5584C717AD4204A4455F097F5E5877CB40E86DA90BCA4015C0656E1D8000000000487AB08CE949B8DE_}
                x{34_}
                 x{FF00F4A413F4BCF2C80B}
                  x{62_}
                   x{D001D0D3030171B0A301FA400120D74981010BBAF2E08820D70B0A208104FFBAF2D0898309BAF2E088545053036F04F86102F862DB3C5512DB3CF2E082}
                    x{ED44D0D401F863D200018E2FD31FFA400120D74981010BBAF2E08820D70B0A208104FFBAF2D0898309BAF2E08801D2000191D4926D01E255206C13E0F828D70B0A8309BAF2E089810101D700FA400120D74981010BBAF2E08820D70B0A208104FFBAF2D0898309BAF2E0881202D101DB3C}
                     x{6D}
                    x{0192307FE07021D749C21F953020D70B1FDE208210AFE93535BA8F5130D31F018210AFE93535BAF2E081D33FFA400120D74981010BBAF2E08820D70B0A208104FFBAF2D0898309BAF2E08801D455206C1332820898968070FB024434DB3C30037083067055206D6D6DDB3C597FE0208210B8A3AA14BAE302}
                     x{F8425220C705F2E084}
                     x{C87101CA01500701CA007001CA02500520D74981010BBAF2E08820D70B0A208104FFBAF2D0898309BAF2E088CF165003FA027001CA68236EB3917F93246EB3E2973333017001CA00E30D216EB39C7F01CA0001206EF2D08001CC95317001CA00E2C901FB00}
                      x{7F01CA00C87001CA007001CA00246EB39D7F01CA0004206EF2D0805004CC9634037001CA00E2246EB39D7F01CA0004206EF2D0805004CC9634037001CA00E27001CA00027F01CA0002C958CC}
                     x{30D31F018210B8A3AA14BAF2E081D33FFA400120D74981010BBAF2E08820D70B0A208104FFBAF2D0898309BAF2E088126C12317020FB025520DB3C03708100A07055206D6D6DDB3C587F}
                      x{F8425220C705F2E084}
                      x{C87101CA01500701CA007001CA02500520D74981010BBAF2E08820D70B0A208104FFBAF2D0898309BAF2E088CF165003FA027001CA68236EB3917F93246EB3E2973333017001CA00E30D216EB39C7F01CA0001206EF2D08001CC95317001CA00E2C901FB00}
                       x{7F01CA00C87001CA007001CA00246EB39D7F01CA0004206EF2D0805004CC9634037001CA00E2246EB39D7F01CA0004206EF2D0805004CC9634037001CA00E27001CA00027F01CA0002C958CC}
                     x{8210E601F8E5BA8ECED31F018210E601F8E5BAF2E081D33F0131820898968070FB02F8416F2410235F037083067F25206EF2D080542580C855208210B687AB175004CB1F12CB3FCB1FCCC9103441301443306D6DDB3C7FE03070}
                      x{C87101CA01500701CA007001CA02500520D74981010BBAF2E08820D70B0A208104FFBAF2D0898309BAF2E088CF165003FA027001CA68236EB3917F93246EB3E2973333017001CA00E30D216EB39C7F01CA0001206EF2D08001CC95317001CA00E2C901FB00}
                       x{7F01CA00C87001CA007001CA00246EB39D7F01CA0004206EF2D0805004CC9634037001CA00E2246EB39D7F01CA0004206EF2D0805004CC9634037001CA00E27001CA00027F01CA0002C958CC}
                    x{C8F84301CC7F01CA0055205023CB1F0120D74981010BBAF2E08820D70B0A208104FFBAF2D0898309BAF2E088CF16216EB3957F01CA00CC947032CA00E2C9ED54}
                   x{2_}
                    x{BE28EED9E6D9E3618C_}
                     x{ED44D0D401F863D200018E2FD31FFA400120D74981010BBAF2E08820D70B0A208104FFBAF2D0898309BAF2E08801D2000191D4926D01E255206C13E0F828D70B0A8309BAF2E089810101D700FA400120D74981010BBAF2E08820D70B0A208104FFBAF2D0898309BAF2E0881202D101DB3C}
                      x{6D}
                     x{21}
                    x{2_}
                     x{4}
                      x{B1D8B6CF36CF1B0C6_}
                       x{ED44D0D401F863D200018E2FD31FFA400120D74981010BBAF2E08820D70B0A208104FFBAF2D0898309BAF2E08801D2000191D4926D01E255206C13E0F828D70B0A8309BAF2E089810101D700FA400120D74981010BBAF2E08820D70B0A208104FFBAF2D0898309BAF2E0881202D101DB3C}
                        x{6D}
                       x{20}
                      x{B36436CF36CF1B0C6_}
                       x{ED44D0D401F863D200018E2FD31FFA400120D74981010BBAF2E08820D70B0A208104FFBAF2D0898309BAF2E08801D2000191D4926D01E255206C13E0F828D70B0A8309BAF2E089810101D700FA400120D74981010BBAF2E08820D70B0A208104FFBAF2D0898309BAF2E0881202D101DB3C}
                        x{6D}
                       x{22}
                     x{B82BEED44D0D20001}
                 x{0000000000000000000000000000000000000000000000000000000000000000200292EBCDAC4F8EB9DC3CA19668D2CB607CE2167A30233DDDBCAED2D106010E09C4_}
                  x{C_}
                   x{A0838F_}
                    x{FF00F4A413F4BCF2C80B}
                     x{62_}
                      x{D001D0D3030171B0A301FA400120D74981010BBAF2E08820D70B0A208104FFBAF2D0898309BAF2E088545053036F04F86102F862DB3C5512DB3CF2E082}
                       x{ED44D0D401F863D200018E2FD31FFA400120D74981010BBAF2E08820D70B0A208104FFBAF2D0898309BAF2E08801D2000191D4926D01E255206C13E0F828D70B0A8309BAF2E089810101D700FA400120D74981010BBAF2E08820D70B0A208104FFBAF2D0898309BAF2E0881202D101DB3C}
                        x{6D}
                       x{0192307FE07021D749C21F953020D70B1FDE208210AFE93535BA8F5130D31F018210AFE93535BAF2E081D33FFA400120D74981010BBAF2E08820D70B0A208104FFBAF2D0898309BAF2E08801D455206C1332820898968070FB024434DB3C30037083067055206D6D6DDB3C597FE0208210B8A3AA14BAE302}
                        x{F8425220C705F2E084}
                        x{C87101CA01500701CA007001CA02500520D74981010BBAF2E08820D70B0A208104FFBAF2D0898309BAF2E088CF165003FA027001CA68236EB3917F93246EB3E2973333017001CA00E30D216EB39C7F01CA0001206EF2D08001CC95317001CA00E2C901FB00}
                         x{7F01CA00C87001CA007001CA00246EB39D7F01CA0004206EF2D0805004CC9634037001CA00E2246EB39D7F01CA0004206EF2D0805004CC9634037001CA00E27001CA00027F01CA0002C958CC}
                        x{30D31F018210B8A3AA14BAF2E081D33FFA400120D74981010BBAF2E08820D70B0A208104FFBAF2D0898309BAF2E088126C12317020FB025520DB3C03708100A07055206D6D6DDB3C587F}
                         x{F8425220C705F2E084}
                         x{C87101CA01500701CA007001CA02500520D74981010BBAF2E08820D70B0A208104FFBAF2D0898309BAF2E088CF165003FA027001CA68236EB3917F93246EB3E2973333017001CA00E30D216EB39C7F01CA0001206EF2D08001CC95317001CA00E2C901FB00}
                          x{7F01CA00C87001CA007001CA00246EB39D7F01CA0004206EF2D0805004CC9634037001CA00E2246EB39D7F01CA0004206EF2D0805004CC9634037001CA00E27001CA00027F01CA0002C958CC}
                        x{8210E601F8E5BA8ECED31F018210E601F8E5BAF2E081D33F0131820898968070FB02F8416F2410235F037083067F25206EF2D080542580C855208210B687AB175004CB1F12CB3FCB1FCCC9103441301443306D6DDB3C7FE03070}
                         x{C87101CA01500701CA007001CA02500520D74981010BBAF2E08820D70B0A208104FFBAF2D0898309BAF2E088CF165003FA027001CA68236EB3917F93246EB3E2973333017001CA00E30D216EB39C7F01CA0001206EF2D08001CC95317001CA00E2C901FB00}
                          x{7F01CA00C87001CA007001CA00246EB39D7F01CA0004206EF2D0805004CC9634037001CA00E2246EB39D7F01CA0004206EF2D0805004CC9634037001CA00E27001CA00027F01CA0002C958CC}
                       x{C8F84301CC7F01CA0055205023CB1F0120D74981010BBAF2E08820D70B0A208104FFBAF2D0898309BAF2E088CF16216EB3957F01CA00CC947032CA00E2C9ED54}
                      x{2_}
                       x{BE28EED9E6D9E3618C_}
                        x{ED44D0D401F863D200018E2FD31FFA400120D74981010BBAF2E08820D70B0A208104FFBAF2D0898309BAF2E08801D2000191D4926D01E255206C13E0F828D70B0A8309BAF2E089810101D700FA400120D74981010BBAF2E08820D70B0A208104FFBAF2D0898309BAF2E0881202D101DB3C}
                         x{6D}
                        x{21}
                       x{2_}
                        x{4}
                         x{B1D8B6CF36CF1B0C6_}
                          x{ED44D0D401F863D200018E2FD31FFA400120D74981010BBAF2E08820D70B0A208104FFBAF2D0898309BAF2E08801D2000191D4926D01E255206C13E0F828D70B0A8309BAF2E089810101D700FA400120D74981010BBAF2E08820D70B0A208104FFBAF2D0898309BAF2E0881202D101DB3C}
                           x{6D}
                          x{20}
                         x{B36436CF36CF1B0C6_}
                          x{ED44D0D401F863D200018E2FD31FFA400120D74981010BBAF2E08820D70B0A208104FFBAF2D0898309BAF2E08801D2000191D4926D01E255206C13E0F828D70B0A8309BAF2E089810101D700FA400120D74981010BBAF2E08820D70B0A208104FFBAF2D0898309BAF2E0881202D101DB3C}
                           x{6D}
                          x{22}
                        x{B82BEED44D0D20001}
                x{B8A3AA140000000000000000801D3E5E1B0970E52ABD4EA639AED542E118FE33D2F03FE072737A6B74A8FDC2C69_}
           x{7293BB1254A623083413644500324F570E08312FBEF6048A58F11D2CCAA792E0207CCE6ECF3629518D10A11B954DA29982CAE109702D8838DBEF144B0996D26C30}
           x{04090E51802DD88036E99E11_}
            x{602324EC3D09000000000000000007BF00000000000000000000000000000000000000000000000000000000000000000000000000000000000000000000000000000000000000000000000000000000}
            x{C9AC8D784C8FB95000000000000A000200000008978AB09C630ABAE586F2E48932ABF87C9456752C4917C93BD59D5C9280608AFE48913B24_},
          hash: [Function: hash],
          blockchainLogs: '[ 4][t 0][2024-10-30 23:27:03.125000][transaction.cpp:443]\tunpacking account 525D79B589F1D73B879432CD1A596C0F9C42CF460467BBB795DA5A20C021C138\n' +
            '[ 4][t 0][2024-10-30 23:27:03.125000][transaction.cpp:274]\tlast_paid=1732922822; cells=232 bits=84034 public_cells=0\n' +
            '[ 4][t 0][2024-10-30 23:27:03.125000][transaction.cpp:504]\tend of Account.unpack() for 0:525D79B589F1D73B879432CD1A596C0F9C42CF460467BBB795DA5A20C021C138 (balance = 2100000000ng ; last_trans_lt = 36000000..36000002)\n' +
            '[ 4][t 0][2024-10-30 23:27:03.125000][transaction.cpp:3655]\tblock random seed set to 0000000000000000000000000000000000000000000000000000000000000000\n' +
            '[ 4][t 0][2024-10-30 23:27:03.126000][transaction.cpp:1236]\tgas limits: max=1000000, limit=1000000, credit=0\n' +
            '[ 4][t 0][2024-10-30 23:27:03.126000][transaction.cpp:1575]\tin_msg_state is null\n' +
            '[ 4][t 0][2024-10-30 23:27:03.126000][transaction.cpp:1645]\tcreating VM\n' +
            '[ 4][t 0][2024-10-30 23:27:03.126000][transaction.cpp:1351]\tSmartContractInfo initialized with [ 124711402 0 0 1732922822 38000000 38000000 14068792954309835536948273256715513127174070948738620016199408580766834334284 [ 3060889015 (null) ] CS{Cell{0271c00525d79b589f1d73b879432cd1a596c0f9c42cf460467bbb795da5a20c021c1383d0c05210833a526e3000000000089544091f4add401340} bits: 1..268; refs: 0..0} C{A7EC01478F770EF8F8B037CC7E42F0ABF0D85A50E1828C2394DAD1411691F2DE} C{42B6F0E46484EFC57B9508F6BA7EF42E7512023D5CB4ED5628DD1C7755D16E9D} [ 960889015 (null) ] 0 (null) [ CS{Cell{004dd06600000000000000000000000080000000000000fa00000000000001f4000000000003d09040} bits: 9..305; refs: 0..0} (null) CS{Cell{0094d1000000000000006400000000000f4240de000000002710000000000000000f42400000000002160ec0000000000000271000000000002625a00000000005f5e100000000003b9aca00} bits: 0..592; refs: 0..0} CS{Cell{0094d100000000000000640000000000009c40de000000000190000000000000000f424000000000000f4240000000000000271000000000009896800000000005f5e100000000003b9aca00} bits: 0..592; refs: 0..0} CS{Cell{0042ea000000000098968000000000271000000000000f424000000001800055555555} bits: 0..264; refs: 0..0} CS{Cell{0042ea0000000000061a800000000001900000000000009c4000000001800055555555} bits: 0..264; refs: 0..0} (null) ] 0 (null) ]\n' +
            '[ 4][t 0][2024-10-30 23:27:03.126000][transaction.cpp:1675]\tstarting VM\n' +
            '[ 4][t 0][2024-10-30 23:27:03.128000][transaction.cpp:1680]\tVM terminated with exit code 0\n' +
            '[ 3][t 0][2024-10-30 23:27:03.128000][transaction.cpp:1702]\tsteps: 1983 gas: used=71975, max=1000000, limit=1000000, credit=0\n' +
            '[ 3][t 0][2024-10-30 23:27:03.128000][transaction.cpp:1704]\tout_of_gas=false, accepted=true, success=true, time=0.001771s\n' +
            '[ 4][t 0][2024-10-30 23:27:03.128000][transaction.cpp:1737]\tgas fees: 28790000 = 26214400 * 71975 /2^16 ; price=26214400; flat rate=[40000 for 100]; remaining balance=3032099015ng\n' +
            '[ 3][t 0][2024-10-30 23:27:03.128000][transaction.cpp:2678]\tin try_action_reserve_currency(0)\n' +
            '[ 4][t 0][2024-10-30 23:27:03.128000][transaction.cpp:2684]\taction_reserve_currency: mode=0, reserve=2100000000ng, balance=3032099015ng, original balance=2100000000ng\n' +
            '[ 3][t 0][2024-10-30 23:27:03.128000][transaction.cpp:2729]\tchanged remaining balance to 932099015ng, reserved balance to 2100000000ng\n' +
            '[ 4][t 0][2024-10-30 23:27:03.128000][transaction.cpp:2448]\tstorage paid for a message: 1 cells, 96 bits\n' +
            '[ 4][t 0][2024-10-30 23:27:03.128000][transaction.cpp:2452]\tcomputed fwd fees = 478400 + 0\n' +
            '[ 4][t 0][2024-10-30 23:27:03.128000][transaction.cpp:2448]\tstorage paid for a message: 1 cells, 96 bits\n' +
            '[ 4][t 0][2024-10-30 23:27:03.128000][transaction.cpp:2452]\tcomputed fwd fees = 478400 + 0\n' +
            '[ 4][t 0][2024-10-30 23:27:03.128000][transaction.cpp:2448]\tstorage paid for a message: 1 cells, 431 bits\n' +
            '[ 4][t 0][2024-10-30 23:27:03.128000][transaction.cpp:2452]\tcomputed fwd fees = 612400 + 0\n' +
            '[ 4][t 0][2024-10-30 23:27:03.128000][transaction.cpp:2448]\tstorage paid for a message: 27 cells, 6976 bits\n' +
            '[ 4][t 0][2024-10-30 23:27:03.128000][transaction.cpp:2452]\tcomputed fwd fees = 4270400 + 0\n',
          vmLogs: 'xecute EQUAL\n' +
            'execute THROWIF 137\n' +
            'execute PUSHPOW2 10\n' +
            'execute EQUAL\n' +
            'execute THROWIFNOT 136\n' +
            'execute STSLICER\n' +
            'execute ENDC\n' +
            'execute ROT\n' +
            'execute STREF\n' +
            'execute ENDC\n' +
            'execute SWAP\n' +
            'execute STREF\n' +
            'execute implicit RET\n' +
            'execute ENDC\n' +
            'execute POP c4\n' +
            'execute implicit RET\n',
          debugLogs: '',
          events: [Array],
          parent: [Object],
          children: [Array],
          externals: [Array]
        },
        children: [ [Object] ],
        externals: []
      },
      {
        address: 84049441022908470316622795825605090351520748406577698494615284512509455375210n,
        lt: 41000000n,
        prevTransactionHash: 21174904654603888014535607613806346889912662027780057066868561399139498547776n,
        prevTransactionLt: 37000000n,
        now: 1732922822,
        outMessagesCount: 1,
        oldStatus: 'active',
        endStatus: 'non-existing',
        inMessage: {
          info: [Object],
          init: [Object],
          body: x{B8A3AA140000000000000000801D3E5E1B0970E52ABD4EA639AED542E118FE33D2F03FE072737A6B74A8FDC2C69_}
        },
        outMessages: Dictionary { _key: [Object], _value: [Object], _map: [Map] },
        totalFees: { coins: 3532131n },
        stateUpdate: {
          oldHash: <Buffer 35 24 4e 04 ec e1 d5 bb 47 36 0a 4f 8e ee 37 a7 f5 f8 37 fb b7 19 2a 30 76 dd be 13 bd de fa e5>,
          newHash: <Buffer 90 ae c8 96 5a fa bb 16 eb c3 cb 9b 40 8e ba e7 1b 61 8d 78 78 8b c8 0d 09 84 35 93 ca c9 8d a4>
        },
        description: {
          type: 'generic',
          creditFirst: true,
          storagePhase: [Object],
          creditPhase: [Object],
          computePhase: [Object],
          actionPhase: [Object],
          bouncePhase: undefined,
          aborted: false,
          destroyed: true
        },
        raw: x{7B9D24C3C0A4527B020E025CA956131C5EB5081291157C25FD7961DF2D03A1B6A0000000002719C402ED09241D9CBB3B43F7175B0CD022909E94D2C1B1738A68F25AC953E6C555A400000000002349340674A4DC60003666BCAC6}
         x{E_}
          x{4800A4BAF36B13E3AE770F28659A34B2D81F38859E8C08CF776F2BB4B44180438271002E74930F029149EC08380972A5584C717AD4204A4455F097F5E5877CB40E86DA90BCA4015C0656E1D8000000000487AB08CE949B8DE_}
           x{34_}
            x{FF00F4A413F4BCF2C80B}
             x{62_}
              x{D001D0D3030171B0A301FA400120D74981010BBAF2E08820D70B0A208104FFBAF2D0898309BAF2E088545053036F04F86102F862DB3C5512DB3CF2E082}
               x{ED44D0D401F863D200018E2FD31FFA400120D74981010BBAF2E08820D70B0A208104FFBAF2D0898309BAF2E08801D2000191D4926D01E255206C13E0F828D70B0A8309BAF2E089810101D700FA400120D74981010BBAF2E08820D70B0A208104FFBAF2D0898309BAF2E0881202D101DB3C}
                x{6D}
               x{0192307FE07021D749C21F953020D70B1FDE208210AFE93535BA8F5130D31F018210AFE93535BAF2E081D33FFA400120D74981010BBAF2E08820D70B0A208104FFBAF2D0898309BAF2E08801D455206C1332820898968070FB024434DB3C30037083067055206D6D6DDB3C597FE0208210B8A3AA14BAE302}
                x{F8425220C705F2E084}
                x{C87101CA01500701CA007001CA02500520D74981010BBAF2E08820D70B0A208104FFBAF2D0898309BAF2E088CF165003FA027001CA68236EB3917F93246EB3E2973333017001CA00E30D216EB39C7F01CA0001206EF2D08001CC95317001CA00E2C901FB00}
                 x{7F01CA00C87001CA007001CA00246EB39D7F01CA0004206EF2D0805004CC9634037001CA00E2246EB39D7F01CA0004206EF2D0805004CC9634037001CA00E27001CA00027F01CA0002C958CC}
                x{30D31F018210B8A3AA14BAF2E081D33FFA400120D74981010BBAF2E08820D70B0A208104FFBAF2D0898309BAF2E088126C12317020FB025520DB3C03708100A07055206D6D6DDB3C587F}
                 x{F8425220C705F2E084}
                 x{C87101CA01500701CA007001CA02500520D74981010BBAF2E08820D70B0A208104FFBAF2D0898309BAF2E088CF165003FA027001CA68236EB3917F93246EB3E2973333017001CA00E30D216EB39C7F01CA0001206EF2D08001CC95317001CA00E2C901FB00}
                  x{7F01CA00C87001CA007001CA00246EB39D7F01CA0004206EF2D0805004CC9634037001CA00E2246EB39D7F01CA0004206EF2D0805004CC9634037001CA00E27001CA00027F01CA0002C958CC}
                x{8210E601F8E5BA8ECED31F018210E601F8E5BAF2E081D33F0131820898968070FB02F8416F2410235F037083067F25206EF2D080542580C855208210B687AB175004CB1F12CB3FCB1FCCC9103441301443306D6DDB3C7FE03070}
                 x{C87101CA01500701CA007001CA02500520D74981010BBAF2E08820D70B0A208104FFBAF2D0898309BAF2E088CF165003FA027001CA68236EB3917F93246EB3E2973333017001CA00E30D216EB39C7F01CA0001206EF2D08001CC95317001CA00E2C901FB00}
                  x{7F01CA00C87001CA007001CA00246EB39D7F01CA0004206EF2D0805004CC9634037001CA00E2246EB39D7F01CA0004206EF2D0805004CC9634037001CA00E27001CA00027F01CA0002C958CC}
               x{C8F84301CC7F01CA0055205023CB1F0120D74981010BBAF2E08820D70B0A208104FFBAF2D0898309BAF2E088CF16216EB3957F01CA00CC947032CA00E2C9ED54}
              x{2_}
               x{BE28EED9E6D9E3618C_}
                x{ED44D0D401F863D200018E2FD31FFA400120D74981010BBAF2E08820D70B0A208104FFBAF2D0898309BAF2E08801D2000191D4926D01E255206C13E0F828D70B0A8309BAF2E089810101D700FA400120D74981010BBAF2E08820D70B0A208104FFBAF2D0898309BAF2E0881202D101DB3C}
                 x{6D}
                x{21}
               x{2_}
                x{4}
                 x{B1D8B6CF36CF1B0C6_}
                  x{ED44D0D401F863D200018E2FD31FFA400120D74981010BBAF2E08820D70B0A208104FFBAF2D0898309BAF2E08801D2000191D4926D01E255206C13E0F828D70B0A8309BAF2E089810101D700FA400120D74981010BBAF2E08820D70B0A208104FFBAF2D0898309BAF2E0881202D101DB3C}
                   x{6D}
                  x{20}
                 x{B36436CF36CF1B0C6_}
                  x{ED44D0D401F863D200018E2FD31FFA400120D74981010BBAF2E08820D70B0A208104FFBAF2D0898309BAF2E08801D2000191D4926D01E255206C13E0F828D70B0A8309BAF2E089810101D700FA400120D74981010BBAF2E08820D70B0A208104FFBAF2D0898309BAF2E0881202D101DB3C}
                   x{6D}
                  x{22}
                x{B82BEED44D0D20001}
            x{0000000000000000000000000000000000000000000000000000000000000000200292EBCDAC4F8EB9DC3CA19668D2CB607CE2167A30233DDDBCAED2D106010E09C4_}
             x{C_}
              x{A0838F_}
               x{FF00F4A413F4BCF2C80B}
                x{62_}
                 x{D001D0D3030171B0A301FA400120D74981010BBAF2E08820D70B0A208104FFBAF2D0898309BAF2E088545053036F04F86102F862DB3C5512DB3CF2E082}
                  x{ED44D0D401F863D200018E2FD31FFA400120D74981010BBAF2E08820D70B0A208104FFBAF2D0898309BAF2E08801D2000191D4926D01E255206C13E0F828D70B0A8309BAF2E089810101D700FA400120D74981010BBAF2E08820D70B0A208104FFBAF2D0898309BAF2E0881202D101DB3C}
                   x{6D}
                  x{0192307FE07021D749C21F953020D70B1FDE208210AFE93535BA8F5130D31F018210AFE93535BAF2E081D33FFA400120D74981010BBAF2E08820D70B0A208104FFBAF2D0898309BAF2E08801D455206C1332820898968070FB024434DB3C30037083067055206D6D6DDB3C597FE0208210B8A3AA14BAE302}
                   x{F8425220C705F2E084}
                   x{C87101CA01500701CA007001CA02500520D74981010BBAF2E08820D70B0A208104FFBAF2D0898309BAF2E088CF165003FA027001CA68236EB3917F93246EB3E2973333017001CA00E30D216EB39C7F01CA0001206EF2D08001CC95317001CA00E2C901FB00}
                    x{7F01CA00C87001CA007001CA00246EB39D7F01CA0004206EF2D0805004CC9634037001CA00E2246EB39D7F01CA0004206EF2D0805004CC9634037001CA00E27001CA00027F01CA0002C958CC}
                   x{30D31F018210B8A3AA14BAF2E081D33FFA400120D74981010BBAF2E08820D70B0A208104FFBAF2D0898309BAF2E088126C12317020FB025520DB3C03708100A07055206D6D6DDB3C587F}
                    x{F8425220C705F2E084}
                    x{C87101CA01500701CA007001CA02500520D74981010BBAF2E08820D70B0A208104FFBAF2D0898309BAF2E088CF165003FA027001CA68236EB3917F93246EB3E2973333017001CA00E30D216EB39C7F01CA0001206EF2D08001CC95317001CA00E2C901FB00}
                     x{7F01CA00C87001CA007001CA00246EB39D7F01CA0004206EF2D0805004CC9634037001CA00E2246EB39D7F01CA0004206EF2D0805004CC9634037001CA00E27001CA00027F01CA0002C958CC}
                   x{8210E601F8E5BA8ECED31F018210E601F8E5BAF2E081D33F0131820898968070FB02F8416F2410235F037083067F25206EF2D080542580C855208210B687AB175004CB1F12CB3FCB1FCCC9103441301443306D6DDB3C7FE03070}
                    x{C87101CA01500701CA007001CA02500520D74981010BBAF2E08820D70B0A208104FFBAF2D0898309BAF2E088CF165003FA027001CA68236EB3917F93246EB3E2973333017001CA00E30D216EB39C7F01CA0001206EF2D08001CC95317001CA00E2C901FB00}
                     x{7F01CA00C87001CA007001CA00246EB39D7F01CA0004206EF2D0805004CC9634037001CA00E2246EB39D7F01CA0004206EF2D0805004CC9634037001CA00E27001CA00027F01CA0002C958CC}
                  x{C8F84301CC7F01CA0055205023CB1F0120D74981010BBAF2E08820D70B0A208104FFBAF2D0898309BAF2E088CF16216EB3957F01CA00CC947032CA00E2C9ED54}
                 x{2_}
                  x{BE28EED9E6D9E3618C_}
                   x{ED44D0D401F863D200018E2FD31FFA400120D74981010BBAF2E08820D70B0A208104FFBAF2D0898309BAF2E08801D2000191D4926D01E255206C13E0F828D70B0A8309BAF2E089810101D700FA400120D74981010BBAF2E08820D70B0A208104FFBAF2D0898309BAF2E0881202D101DB3C}
                    x{6D}
                   x{21}
                  x{2_}
                   x{4}
                    x{B1D8B6CF36CF1B0C6_}
                     x{ED44D0D401F863D200018E2FD31FFA400120D74981010BBAF2E08820D70B0A208104FFBAF2D0898309BAF2E08801D2000191D4926D01E255206C13E0F828D70B0A8309BAF2E089810101D700FA400120D74981010BBAF2E08820D70B0A208104FFBAF2D0898309BAF2E0881202D101DB3C}
                      x{6D}
                     x{20}
                    x{B36436CF36CF1B0C6_}
                     x{ED44D0D401F863D200018E2FD31FFA400120D74981010BBAF2E08820D70B0A208104FFBAF2D0898309BAF2E08801D2000191D4926D01E255206C13E0F828D70B0A8309BAF2E089810101D700FA400120D74981010BBAF2E08820D70B0A208104FFBAF2D0898309BAF2E0881202D101DB3C}
                      x{6D}
                     x{22}
                   x{B82BEED44D0D20001}
           x{B8A3AA140000000000000000801D3E5E1B0970E52ABD4EA639AED542E118FE33D2F03FE072737A6B74A8FDC2C69_}
          x{DF_}
           x{480173A49878148A4F6041C04B952AC2638BD6A1025222AF84BFAF2C3BE5A07436D5003A7CBC3612E1CA557A9D4C735DAA85C231FC67A5E07FC0E4E6F4D6E951FB858D10BE1E7F1C0608235A0000000004E33882CE949B8C4_}
         x{7235244E04ECE1D5BB47360A4F8EEE37A7F5F837FBB7192A3076DDBE13BDDEFAE590AEC8965AFABB16EBC3CB9B408EBAE71B618D78788BC80D09843593CAC98DA4}
         x{0C090BCA4015D8667B9213_}
          x{44262C3D09000000000000000000FA00000000000000000000000000000000000000000000000000000000000000000000000000000000000000000000000000000000000000000000000000000000}
          x{DCC186A0260411A6000000000002000100000001F01808E7C65384854FD0A4F77793F95695733B675EB306C4FAC3CFF546A3D22720280B06_},
        hash: [Function: hash],
        blockchainLogs: '[ 4][t 0][2024-10-30 23:27:03.139000][transaction.cpp:443]\tunpacking account B9D24C3C0A4527B020E025CA956131C5EB5081291157C25FD7961DF2D03A1B6A\n' +
          '[ 4][t 0][2024-10-30 23:27:03.139000][transaction.cpp:274]\tlast_paid=1732922822; cells=28 bits=7131 public_cells=0\n' +
          '[ 4][t 0][2024-10-30 23:27:03.139000][transaction.cpp:504]\tend of Account.unpack() for 0:B9D24C3C0A4527B020E025CA956131C5EB5081291157C25FD7961DF2D03A1B6A (balance = 10000000ng ; last_trans_lt = 37000000..37000002)\n' +
          '[ 4][t 0][2024-10-30 23:27:03.139000][transaction.cpp:3655]\tblock random seed set to 0000000000000000000000000000000000000000000000000000000000000000\n' +
          '[ 4][t 0][2024-10-30 23:27:03.139000][transaction.cpp:1236]\tgas limits: max=1000000, limit=1000000, credit=0\n' +
          '[ 4][t 0][2024-10-30 23:27:03.139000][transaction.cpp:1571]\tHASH(in_msg_state) = B9D24C3C0A4527B020E025CA956131C5EB5081291157C25FD7961DF2D03A1B6A, account_state_hash = 0000000000000000000000000000000000000000000000000000000000000000\n' +
          '[ 4][t 0][2024-10-30 23:27:03.139000][transaction.cpp:1645]\tcreating VM\n' +
          '[ 4][t 0][2024-10-30 23:27:03.139000][transaction.cpp:1351]\tSmartContractInfo initialized with [ 124711402 0 0 1732922822 41000000 41000000 84630195367514639409622924175749312199831056191303332875639359062248049886761 [ 801216215 (null) ] CS{Cell{026dc00b9d24c3c0a4527b020e025ca956131c5eb5081291157c25fd7961df2d03a1b6a23886f6c33a526e300000000008d24d08e625a01340} bits: 1..268; refs: 0..0} C{A7EC01478F770EF8F8B037CC7E42F0ABF0D85A50E1828C2394DAD1411691F2DE} C{F2179DCD5CFD8A1E113288591FFB7A5E10E107D0D2C36DF69E40398023DAA7B1} [ 791216215 (null) ] 0 (null) [ CS{Cell{004dd06600000000000000000000000080000000000000fa00000000000001f4000000000003d09040} bits: 9..305; refs: 0..0} (null) CS{Cell{0094d1000000000000006400000000000f4240de000000002710000000000000000f42400000000002160ec0000000000000271000000000002625a00000000005f5e100000000003b9aca00} bits: 0..592; refs: 0..0} CS{Cell{0094d100000000000000640000000000009c40de000000000190000000000000000f424000000000000f4240000000000000271000000000009896800000000005f5e100000000003b9aca00} bits: 0..592; refs: 0..0} CS{Cell{0042ea000000000098968000000000271000000000000f424000000001800055555555} bits: 0..264; refs: 0..0} CS{Cell{0042ea0000000000061a800000000001900000000000009c4000000001800055555555} bits: 0..264; refs: 0..0} (null) ] 0 (null) ]\n' +
          '[ 4][t 0][2024-10-30 23:27:03.139000][transaction.cpp:1675]\tstarting VM\n' +
          '[ 4][t 0][2024-10-30 23:27:03.139000][transaction.cpp:1680]\tVM terminated with exit code 0\n' +
          '[ 3][t 0][2024-10-30 23:27:03.139000][transaction.cpp:1702]\tsteps: 250 gas: used=8497, max=1000000, limit=1000000, credit=0\n' +
          '[ 3][t 0][2024-10-30 23:27:03.139000][transaction.cpp:1704]\tout_of_gas=false, accepted=true, success=true, time=0.000428s\n' +
          '[ 4][t 0][2024-10-30 23:27:03.140000][transaction.cpp:1737]\tgas fees: 3398800 = 26214400 * 8497 /2^16 ; price=26214400; flat rate=[40000 for 100]; remaining balance=797817415ng\n' +
          '[ 3][t 0][2024-10-30 23:27:03.140000][transaction.cpp:2678]\tin try_action_reserve_currency(0)\n' +
          '[ 4][t 0][2024-10-30 23:27:03.140000][transaction.cpp:2684]\taction_reserve_currency: mode=0, reserve=0ng, balance=797817415ng, original balance=10000000ng\n' +
          '[ 3][t 0][2024-10-30 23:27:03.140000][transaction.cpp:2729]\tchanged remaining balance to 797817415ng, reserved balance to 0ng\n' +
          '[ 4][t 0][2024-10-30 23:27:03.140000][transaction.cpp:2448]\tstorage paid for a message: 0 cells, 0 bits\n' +
          '[ 4][t 0][2024-10-30 23:27:03.140000][transaction.cpp:2452]\tcomputed fwd fees = 400000 + 0\n',
        vmLogs: 'ecute STSLICER\n' +
          'execute OVER\n' +
          'execute ISNULL\n' +
          'execute NOT\n' +
          'execute PUSHCONT x7F01CA00CC\n' +
          'execute PUSHCONT x7032CA00\n' +
          'execute IFELSE\n' +
          'execute PUSHINT -1\n' +
          'execute SWAP\n' +
          'execute STI 1\n' +
          'execute STREF\n' +
          'execute implicit RET\n' +
          'execute ENDC\n' +
          'execute POP c4\n' +
          'execute implicit RET\n',
        debugLogs: '',
        events: [ [Object], [Object] ],
        parent: {
          address: 37254810366437813475271750514734067285117962570475561289538093995582013161784n,
          lt: 38000000n,
          prevTransactionHash: 59303524179864286474287896435060585877172497477188987369337522798048729171678n,
          prevTransactionLt: 36000000n,
          now: 1732922822,
          outMessagesCount: 4,
          oldStatus: 'active',
          endStatus: 'active',
          inMessage: [Object],
          outMessages: [Dictionary],
          totalFees: [Object],
          stateUpdate: [Object],
          description: [Object],
          raw: x{7525D79B589F1D73B879432CD1A596C0F9C42CF460467BBB795DA5A20C021C138000000000243D580831C9AEE7434A4DB57EFEFD55DB9ABEB155CB7C7B1587D6CEDA75ECCCA0906DE0000000002255100674A4DC600094803B67688}
           x{E_}
            x{680173A49878148A4F6041C04B952AC2638BD6A1025222AF84BFAF2C3BE5A07436D50014975E6D627C75CEE1E50CB346965B03E710B3D18119EEEDE57696883008704E10E51802DC0610E50A0000000004692682CE949B8C5B43D58B8000000000000000000000004_}
             x{02A05F5E100205F5E10020EE6B28020098968021DCD6500339160633394AC233391606333A526E30000000000000000C_}
              x{801028CD38D6A9FB165BB1D27554DCBBC8B7A064E07EF4C3832956828113614F545_}
            x{DB_}
             x{2_}
              x{2_}
               x{6800A4BAF36B13E3AE770F28659A34B2D81F38859E8C08CF776F2BB4B4418043827100384BA6D6A6B7DF2422C44C909493A07C03CA0A1FF860A7ED8531810050149DDF10101931000609BBB0000000000487AB02CE949B8CC_}
                x{BC26F4C80000000000000000}
              x{2_}
               x{6800A4BAF36B13E3AE770F28659A34B2D81F38859E8C08CF776F2BB4B44180438271001F33C9E03834F86C2DA0166D0212C129A321D08D5D171B4080758BCF48863C4D90101931000609BBB0000000000487AB04CE949B8CC_}
                x{BC26F4C80000000000000001}
             x{2_}
              x{2_}
               x{E00292EBCDAC4F8EB9DC3CA19668D2CB607CE2167A30233DDDBCAED2D106010E09C0000000000487AB06CE949B8CC_}
                x{8B6D3812000000000000000000000000801028CD38D6A9FB165BB1D27554DCBBC8B7A064E07EF4C3832956828113614F544877359401_}
              x{2_}
               x{4800A4BAF36B13E3AE770F28659A34B2D81F38859E8C08CF776F2BB4B44180438271002E74930F029149EC08380972A5584C717AD4204A4455F097F5E5877CB40E86DA90BCA4015C0656E1D8000000000487AB08CE949B8DE_}
                x{34_}
                 x{FF00F4A413F4BCF2C80B}
                  x{62_}
                   x{D001D0D3030171B0A301FA400120D74981010BBAF2E08820D70B0A208104FFBAF2D0898309BAF2E088545053036F04F86102F862DB3C5512DB3CF2E082}
                    x{ED44D0D401F863D200018E2FD31FFA400120D74981010BBAF2E08820D70B0A208104FFBAF2D0898309BAF2E08801D2000191D4926D01E255206C13E0F828D70B0A8309BAF2E089810101D700FA400120D74981010BBAF2E08820D70B0A208104FFBAF2D0898309BAF2E0881202D101DB3C}
                     x{6D}
                    x{0192307FE07021D749C21F953020D70B1FDE208210AFE93535BA8F5130D31F018210AFE93535BAF2E081D33FFA400120D74981010BBAF2E08820D70B0A208104FFBAF2D0898309BAF2E08801D455206C1332820898968070FB024434DB3C30037083067055206D6D6DDB3C597FE0208210B8A3AA14BAE302}
                     x{F8425220C705F2E084}
                     x{C87101CA01500701CA007001CA02500520D74981010BBAF2E08820D70B0A208104FFBAF2D0898309BAF2E088CF165003FA027001CA68236EB3917F93246EB3E2973333017001CA00E30D216EB39C7F01CA0001206EF2D08001CC95317001CA00E2C901FB00}
                      x{7F01CA00C87001CA007001CA00246EB39D7F01CA0004206EF2D0805004CC9634037001CA00E2246EB39D7F01CA0004206EF2D0805004CC9634037001CA00E27001CA00027F01CA0002C958CC}
                     x{30D31F018210B8A3AA14BAF2E081D33FFA400120D74981010BBAF2E08820D70B0A208104FFBAF2D0898309BAF2E088126C12317020FB025520DB3C03708100A07055206D6D6DDB3C587F}
                      x{F8425220C705F2E084}
                      x{C87101CA01500701CA007001CA02500520D74981010BBAF2E08820D70B0A208104FFBAF2D0898309BAF2E088CF165003FA027001CA68236EB3917F93246EB3E2973333017001CA00E30D216EB39C7F01CA0001206EF2D08001CC95317001CA00E2C901FB00}
                       x{7F01CA00C87001CA007001CA00246EB39D7F01CA0004206EF2D0805004CC9634037001CA00E2246EB39D7F01CA0004206EF2D0805004CC9634037001CA00E27001CA00027F01CA0002C958CC}
                     x{8210E601F8E5BA8ECED31F018210E601F8E5BAF2E081D33F0131820898968070FB02F8416F2410235F037083067F25206EF2D080542580C855208210B687AB175004CB1F12CB3FCB1FCCC9103441301443306D6DDB3C7FE03070}
                      x{C87101CA01500701CA007001CA02500520D74981010BBAF2E08820D70B0A208104FFBAF2D0898309BAF2E088CF165003FA027001CA68236EB3917F93246EB3E2973333017001CA00E30D216EB39C7F01CA0001206EF2D08001CC95317001CA00E2C901FB00}
                       x{7F01CA00C87001CA007001CA00246EB39D7F01CA0004206EF2D0805004CC9634037001CA00E2246EB39D7F01CA0004206EF2D0805004CC9634037001CA00E27001CA00027F01CA0002C958CC}
                    x{C8F84301CC7F01CA0055205023CB1F0120D74981010BBAF2E08820D70B0A208104FFBAF2D0898309BAF2E088CF16216EB3957F01CA00CC947032CA00E2C9ED54}
                   x{2_}
                    x{BE28EED9E6D9E3618C_}
                     x{ED44D0D401F863D200018E2FD31FFA400120D74981010BBAF2E08820D70B0A208104FFBAF2D0898309BAF2E08801D2000191D4926D01E255206C13E0F828D70B0A8309BAF2E089810101D700FA400120D74981010BBAF2E08820D70B0A208104FFBAF2D0898309BAF2E0881202D101DB3C}
                      x{6D}
                     x{21}
                    x{2_}
                     x{4}
                      x{B1D8B6CF36CF1B0C6_}
                       x{ED44D0D401F863D200018E2FD31FFA400120D74981010BBAF2E08820D70B0A208104FFBAF2D0898309BAF2E08801D2000191D4926D01E255206C13E0F828D70B0A8309BAF2E089810101D700FA400120D74981010BBAF2E08820D70B0A208104FFBAF2D0898309BAF2E0881202D101DB3C}
                        x{6D}
                       x{20}
                      x{B36436CF36CF1B0C6_}
                       x{ED44D0D401F863D200018E2FD31FFA400120D74981010BBAF2E08820D70B0A208104FFBAF2D0898309BAF2E08801D2000191D4926D01E255206C13E0F828D70B0A8309BAF2E089810101D700FA400120D74981010BBAF2E08820D70B0A208104FFBAF2D0898309BAF2E0881202D101DB3C}
                        x{6D}
                       x{22}
                     x{B82BEED44D0D20001}
                 x{0000000000000000000000000000000000000000000000000000000000000000200292EBCDAC4F8EB9DC3CA19668D2CB607CE2167A30233DDDBCAED2D106010E09C4_}
                  x{C_}
                   x{A0838F_}
                    x{FF00F4A413F4BCF2C80B}
                     x{62_}
                      x{D001D0D3030171B0A301FA400120D74981010BBAF2E08820D70B0A208104FFBAF2D0898309BAF2E088545053036F04F86102F862DB3C5512DB3CF2E082}
                       x{ED44D0D401F863D200018E2FD31FFA400120D74981010BBAF2E08820D70B0A208104FFBAF2D0898309BAF2E08801D2000191D4926D01E255206C13E0F828D70B0A8309BAF2E089810101D700FA400120D74981010BBAF2E08820D70B0A208104FFBAF2D0898309BAF2E0881202D101DB3C}
                        x{6D}
                       x{0192307FE07021D749C21F953020D70B1FDE208210AFE93535BA8F5130D31F018210AFE93535BAF2E081D33FFA400120D74981010BBAF2E08820D70B0A208104FFBAF2D0898309BAF2E08801D455206C1332820898968070FB024434DB3C30037083067055206D6D6DDB3C597FE0208210B8A3AA14BAE302}
                        x{F8425220C705F2E084}
                        x{C87101CA01500701CA007001CA02500520D74981010BBAF2E08820D70B0A208104FFBAF2D0898309BAF2E088CF165003FA027001CA68236EB3917F93246EB3E2973333017001CA00E30D216EB39C7F01CA0001206EF2D08001CC95317001CA00E2C901FB00}
                         x{7F01CA00C87001CA007001CA00246EB39D7F01CA0004206EF2D0805004CC9634037001CA00E2246EB39D7F01CA0004206EF2D0805004CC9634037001CA00E27001CA00027F01CA0002C958CC}
                        x{30D31F018210B8A3AA14BAF2E081D33FFA400120D74981010BBAF2E08820D70B0A208104FFBAF2D0898309BAF2E088126C12317020FB025520DB3C03708100A07055206D6D6DDB3C587F}
                         x{F8425220C705F2E084}
                         x{C87101CA01500701CA007001CA02500520D74981010BBAF2E08820D70B0A208104FFBAF2D0898309BAF2E088CF165003FA027001CA68236EB3917F93246EB3E2973333017001CA00E30D216EB39C7F01CA0001206EF2D08001CC95317001CA00E2C901FB00}
                          x{7F01CA00C87001CA007001CA00246EB39D7F01CA0004206EF2D0805004CC9634037001CA00E2246EB39D7F01CA0004206EF2D0805004CC9634037001CA00E27001CA00027F01CA0002C958CC}
                        x{8210E601F8E5BA8ECED31F018210E601F8E5BAF2E081D33F0131820898968070FB02F8416F2410235F037083067F25206EF2D080542580C855208210B687AB175004CB1F12CB3FCB1FCCC9103441301443306D6DDB3C7FE03070}
                         x{C87101CA01500701CA007001CA02500520D74981010BBAF2E08820D70B0A208104FFBAF2D0898309BAF2E088CF165003FA027001CA68236EB3917F93246EB3E2973333017001CA00E30D216EB39C7F01CA0001206EF2D08001CC95317001CA00E2C901FB00}
                          x{7F01CA00C87001CA007001CA00246EB39D7F01CA0004206EF2D0805004CC9634037001CA00E2246EB39D7F01CA0004206EF2D0805004CC9634037001CA00E27001CA00027F01CA0002C958CC}
                       x{C8F84301CC7F01CA0055205023CB1F0120D74981010BBAF2E08820D70B0A208104FFBAF2D0898309BAF2E088CF16216EB3957F01CA00CC947032CA00E2C9ED54}
                      x{2_}
                       x{BE28EED9E6D9E3618C_}
                        x{ED44D0D401F863D200018E2FD31FFA400120D74981010BBAF2E08820D70B0A208104FFBAF2D0898309BAF2E08801D2000191D4926D01E255206C13E0F828D70B0A8309BAF2E089810101D700FA400120D74981010BBAF2E08820D70B0A208104FFBAF2D0898309BAF2E0881202D101DB3C}
                         x{6D}
                        x{21}
                       x{2_}
                        x{4}
                         x{B1D8B6CF36CF1B0C6_}
                          x{ED44D0D401F863D200018E2FD31FFA400120D74981010BBAF2E08820D70B0A208104FFBAF2D0898309BAF2E08801D2000191D4926D01E255206C13E0F828D70B0A8309BAF2E089810101D700FA400120D74981010BBAF2E08820D70B0A208104FFBAF2D0898309BAF2E0881202D101DB3C}
                           x{6D}
                          x{20}
                         x{B36436CF36CF1B0C6_}
                          x{ED44D0D401F863D200018E2FD31FFA400120D74981010BBAF2E08820D70B0A208104FFBAF2D0898309BAF2E08801D2000191D4926D01E255206C13E0F828D70B0A8309BAF2E089810101D700FA400120D74981010BBAF2E08820D70B0A208104FFBAF2D0898309BAF2E0881202D101DB3C}
                           x{6D}
                          x{22}
                        x{B82BEED44D0D20001}
                x{B8A3AA140000000000000000801D3E5E1B0970E52ABD4EA639AED542E118FE33D2F03FE072737A6B74A8FDC2C69_}
           x{7293BB1254A623083413644500324F570E08312FBEF6048A58F11D2CCAA792E0207CCE6ECF3629518D10A11B954DA29982CAE109702D8838DBEF144B0996D26C30}
           x{04090E51802DD88036E99E11_}
            x{602324EC3D09000000000000000007BF00000000000000000000000000000000000000000000000000000000000000000000000000000000000000000000000000000000000000000000000000000000}
            x{C9AC8D784C8FB95000000000000A000200000008978AB09C630ABAE586F2E48932ABF87C9456752C4917C93BD59D5C9280608AFE48913B24_},
          hash: [Function: hash],
          blockchainLogs: '[ 4][t 0][2024-10-30 23:27:03.125000][transaction.cpp:443]\tunpacking account 525D79B589F1D73B879432CD1A596C0F9C42CF460467BBB795DA5A20C021C138\n' +
            '[ 4][t 0][2024-10-30 23:27:03.125000][transaction.cpp:274]\tlast_paid=1732922822; cells=232 bits=84034 public_cells=0\n' +
            '[ 4][t 0][2024-10-30 23:27:03.125000][transaction.cpp:504]\tend of Account.unpack() for 0:525D79B589F1D73B879432CD1A596C0F9C42CF460467BBB795DA5A20C021C138 (balance = 2100000000ng ; last_trans_lt = 36000000..36000002)\n' +
            '[ 4][t 0][2024-10-30 23:27:03.125000][transaction.cpp:3655]\tblock random seed set to 0000000000000000000000000000000000000000000000000000000000000000\n' +
            '[ 4][t 0][2024-10-30 23:27:03.126000][transaction.cpp:1236]\tgas limits: max=1000000, limit=1000000, credit=0\n' +
            '[ 4][t 0][2024-10-30 23:27:03.126000][transaction.cpp:1575]\tin_msg_state is null\n' +
            '[ 4][t 0][2024-10-30 23:27:03.126000][transaction.cpp:1645]\tcreating VM\n' +
            '[ 4][t 0][2024-10-30 23:27:03.126000][transaction.cpp:1351]\tSmartContractInfo initialized with [ 124711402 0 0 1732922822 38000000 38000000 14068792954309835536948273256715513127174070948738620016199408580766834334284 [ 3060889015 (null) ] CS{Cell{0271c00525d79b589f1d73b879432cd1a596c0f9c42cf460467bbb795da5a20c021c1383d0c05210833a526e3000000000089544091f4add401340} bits: 1..268; refs: 0..0} C{A7EC01478F770EF8F8B037CC7E42F0ABF0D85A50E1828C2394DAD1411691F2DE} C{42B6F0E46484EFC57B9508F6BA7EF42E7512023D5CB4ED5628DD1C7755D16E9D} [ 960889015 (null) ] 0 (null) [ CS{Cell{004dd06600000000000000000000000080000000000000fa00000000000001f4000000000003d09040} bits: 9..305; refs: 0..0} (null) CS{Cell{0094d1000000000000006400000000000f4240de000000002710000000000000000f42400000000002160ec0000000000000271000000000002625a00000000005f5e100000000003b9aca00} bits: 0..592; refs: 0..0} CS{Cell{0094d100000000000000640000000000009c40de000000000190000000000000000f424000000000000f4240000000000000271000000000009896800000000005f5e100000000003b9aca00} bits: 0..592; refs: 0..0} CS{Cell{0042ea000000000098968000000000271000000000000f424000000001800055555555} bits: 0..264; refs: 0..0} CS{Cell{0042ea0000000000061a800000000001900000000000009c4000000001800055555555} bits: 0..264; refs: 0..0} (null) ] 0 (null) ]\n' +
            '[ 4][t 0][2024-10-30 23:27:03.126000][transaction.cpp:1675]\tstarting VM\n' +
            '[ 4][t 0][2024-10-30 23:27:03.128000][transaction.cpp:1680]\tVM terminated with exit code 0\n' +
            '[ 3][t 0][2024-10-30 23:27:03.128000][transaction.cpp:1702]\tsteps: 1983 gas: used=71975, max=1000000, limit=1000000, credit=0\n' +
            '[ 3][t 0][2024-10-30 23:27:03.128000][transaction.cpp:1704]\tout_of_gas=false, accepted=true, success=true, time=0.001771s\n' +
            '[ 4][t 0][2024-10-30 23:27:03.128000][transaction.cpp:1737]\tgas fees: 28790000 = 26214400 * 71975 /2^16 ; price=26214400; flat rate=[40000 for 100]; remaining balance=3032099015ng\n' +
            '[ 3][t 0][2024-10-30 23:27:03.128000][transaction.cpp:2678]\tin try_action_reserve_currency(0)\n' +
            '[ 4][t 0][2024-10-30 23:27:03.128000][transaction.cpp:2684]\taction_reserve_currency: mode=0, reserve=2100000000ng, balance=3032099015ng, original balance=2100000000ng\n' +
            '[ 3][t 0][2024-10-30 23:27:03.128000][transaction.cpp:2729]\tchanged remaining balance to 932099015ng, reserved balance to 2100000000ng\n' +
            '[ 4][t 0][2024-10-30 23:27:03.128000][transaction.cpp:2448]\tstorage paid for a message: 1 cells, 96 bits\n' +
            '[ 4][t 0][2024-10-30 23:27:03.128000][transaction.cpp:2452]\tcomputed fwd fees = 478400 + 0\n' +
            '[ 4][t 0][2024-10-30 23:27:03.128000][transaction.cpp:2448]\tstorage paid for a message: 1 cells, 96 bits\n' +
            '[ 4][t 0][2024-10-30 23:27:03.128000][transaction.cpp:2452]\tcomputed fwd fees = 478400 + 0\n' +
            '[ 4][t 0][2024-10-30 23:27:03.128000][transaction.cpp:2448]\tstorage paid for a message: 1 cells, 431 bits\n' +
            '[ 4][t 0][2024-10-30 23:27:03.128000][transaction.cpp:2452]\tcomputed fwd fees = 612400 + 0\n' +
            '[ 4][t 0][2024-10-30 23:27:03.128000][transaction.cpp:2448]\tstorage paid for a message: 27 cells, 6976 bits\n' +
            '[ 4][t 0][2024-10-30 23:27:03.128000][transaction.cpp:2452]\tcomputed fwd fees = 4270400 + 0\n',
          vmLogs: 'xecute EQUAL\n' +
            'execute THROWIF 137\n' +
            'execute PUSHPOW2 10\n' +
            'execute EQUAL\n' +
            'execute THROWIFNOT 136\n' +
            'execute STSLICER\n' +
            'execute ENDC\n' +
            'execute ROT\n' +
            'execute STREF\n' +
            'execute ENDC\n' +
            'execute SWAP\n' +
            'execute STREF\n' +
            'execute implicit RET\n' +
            'execute ENDC\n' +
            'execute POP c4\n' +
            'execute implicit RET\n',
          debugLogs: '',
          events: [Array],
          parent: [Object],
          children: [Array],
          externals: [Array]
        },
        children: [ [Object] ],
        externals: []
      },
      {
        address: 37254810366437813475271750514734067285117962570475561289538093995582013161784n,
        lt: 42000000n,
        prevTransactionHash: 50843683768065244050508153825875713956410638258577774258197046210221434905745n,
        prevTransactionLt: 38000000n,
        now: 1732922822,
        outMessagesCount: 2,
        oldStatus: 'active',
        endStatus: 'active',
        inMessage: {
          info: [Object],
          init: null,
          body: x{2A004A0500000000000000000000000000000000000000000000000000000000000000000000000000000000400B75A3E1A6460F415CE3721F308920C4B456F3B977F39EB26CED9155308A976CC}
        },
        outMessages: Dictionary { _key: [Object], _value: [Object], _map: [Map] },
        totalFees: { coins: 11323062n },
        stateUpdate: {
          oldHash: <Buffer 7c ce 6e cf 36 29 51 8d 10 a1 1b 95 4d a2 99 82 ca e1 09 70 2d 88 38 db ef 14 4b 09 96 d2 6c 30>,
          newHash: <Buffer 7b 42 f9 61 6d b8 14 d8 df ba 8b c0 93 38 5f d5 9b ef b6 2c 56 95 af d8 b4 a8 bf bb b6 cd 02 98>
        },
        description: {
          type: 'generic',
          creditFirst: false,
          storagePhase: [Object],
          creditPhase: [Object],
          computePhase: [Object],
          actionPhase: [Object],
          bouncePhase: undefined,
          aborted: false,
          destroyed: false
        },
        raw: x{7525D79B589F1D73B879432CD1A596C0F9C42CF460467BBB795DA5A20C021C138000000000280DE80706881558FA6BF8278E1FC26F4710B8E05FF3BF4DCF8FF2F099CD7F9F4D2A491000000000243D580674A4DC6000547598D6C}
         x{E_}
          x{6801C25D36B535BEF92116226484A49D03E01E5050FFC3053F6C298C080280A4EEF90014975E6D627C75CEE1E50CB346965B03E710B3D18119EEEDE57696883008704E101119EF88060DFF5E0000000004A62F82CE949B8CC_}
           x{2A004A0500000000000000000000000000000000000000000000000000000000000000000000000000000000400B75A3E1A6460F415CE3721F308920C4B456F3B977F39EB26CED9155308A976CC}
          x{DD_}
           x{2_}
            x{6800A4BAF36B13E3AE770F28659A34B2D81F38859E8C08CF776F2BB4B44180438271002DD68F8699183D05738DC87CC2248312D15BCEE5DFCE7AC9B3B64554C22A5DB310E27F66000608235A000000000501BD02CE949B8C4_}
           x{2_}
            x{6800A4BAF36B13E3AE770F28659A34B2D81F38859E8C08CF776F2BB4B44180438271003A7CBC3612E1CA557A9D4C735DAA85C231FC67A5E07FC0E4E6F4D6E951FB858D100E4647480608235A000000000501BD04CE949B8C4_}
         x{727CCE6ECF3629518D10A11B954DA29982CAE109702D8838DBEF144B0996D26C307B42F9616DB814D8DFBA8BC093385FD59BEFB62C5695AFD8B4A8BFBBB6CD0298}
         x{040901119EF8987516A211_}
          x{4D7F2C0AF1E00000000000000002E500000000000000000000000000000000000000000000000000000000000000000000000000000000000000000000000000000000000000000000000000000000}
          x{C9861A804C1046980000000000060002000000043651A2A662F89C7740EEA526FC5CE217E82DE3D7D1DE92108F0184BF9C7A0C2840902C14_},
        hash: [Function: hash],
        blockchainLogs: '[ 4][t 0][2024-10-30 23:27:03.143000][transaction.cpp:443]\tunpacking account 525D79B589F1D73B879432CD1A596C0F9C42CF460467BBB795DA5A20C021C138\n' +
          '[ 4][t 0][2024-10-30 23:27:03.143000][transaction.cpp:274]\tlast_paid=1732922822; cells=234 bits=84033 public_cells=0\n' +
          '[ 4][t 0][2024-10-30 23:27:03.143000][transaction.cpp:504]\tend of Account.unpack() for 0:525D79B589F1D73B879432CD1A596C0F9C42CF460467BBB795DA5A20C021C138 (balance = 2100000000ng ; last_trans_lt = 38000000..38000005)\n' +
          '[ 4][t 0][2024-10-30 23:27:03.143000][transaction.cpp:3655]\tblock random seed set to 0000000000000000000000000000000000000000000000000000000000000000\n' +
          '[ 4][t 0][2024-10-30 23:27:03.143000][transaction.cpp:1236]\tgas limits: max=1000000, limit=179320, credit=0\n' +
          '[ 4][t 0][2024-10-30 23:27:03.143000][transaction.cpp:1575]\tin_msg_state is null\n' +
          '[ 4][t 0][2024-10-30 23:27:03.143000][transaction.cpp:1645]\tcreating VM\n' +
          '[ 4][t 0][2024-10-30 23:27:03.143000][transaction.cpp:1351]\tSmartContractInfo initialized with [ 124711402 0 0 1732922822 42000000 42000000 14068792954309835536948273256715513127174070948738620016199408580766834334284 [ 2171728098 (null) ] CS{Cell{0271c00525d79b589f1d73b879432cd1a596c0f9c42cf460467bbb795da5a20c021c1383d4c05210433a526e3000000000090f56151f4add401340} bits: 1..268; refs: 0..0} C{A7EC01478F770EF8F8B037CC7E42F0ABF0D85A50E1828C2394DAD1411691F2DE} C{42B6F0E46484EFC57B9508F6BA7EF42E7512023D5CB4ED5628DD1C7755D16E9D} [ 71728098 (null) ] 0 (null) [ CS{Cell{004dd06600000000000000000000000080000000000000fa00000000000001f4000000000003d09040} bits: 9..305; refs: 0..0} (null) CS{Cell{0094d1000000000000006400000000000f4240de000000002710000000000000000f42400000000002160ec0000000000000271000000000002625a00000000005f5e100000000003b9aca00} bits: 0..592; refs: 0..0} CS{Cell{0094d100000000000000640000000000009c40de000000000190000000000000000f424000000000000f4240000000000000271000000000009896800000000005f5e100000000003b9aca00} bits: 0..592; refs: 0..0} CS{Cell{0042ea000000000098968000000000271000000000000f424000000001800055555555} bits: 0..264; refs: 0..0} CS{Cell{0042ea0000000000061a800000000001900000000000009c4000000001800055555555} bits: 0..264; refs: 0..0} (null) ] 0 (null) ]\n' +
          '[ 4][t 0][2024-10-30 23:27:03.143000][transaction.cpp:1675]\tstarting VM\n' +
          '[ 4][t 0][2024-10-30 23:27:03.144000][transaction.cpp:1680]\tVM terminated with exit code 0\n' +
          '[ 3][t 0][2024-10-30 23:27:03.144000][transaction.cpp:1702]\tsteps: 741 gas: used=27641, max=1000000, limit=179320, credit=0\n' +
          '[ 3][t 0][2024-10-30 23:27:03.144000][transaction.cpp:1704]\tout_of_gas=false, accepted=true, success=true, time=0.000847s\n' +
          '[ 4][t 0][2024-10-30 23:27:03.145000][transaction.cpp:1737]\tgas fees: 11056400 = 26214400 * 27641 /2^16 ; price=26214400; flat rate=[40000 for 100]; remaining balance=2160671698ng\n' +
          '[ 3][t 0][2024-10-30 23:27:03.145000][transaction.cpp:2678]\tin try_action_reserve_currency(0)\n' +
          '[ 4][t 0][2024-10-30 23:27:03.145000][transaction.cpp:2684]\taction_reserve_currency: mode=0, reserve=1150000000ng, balance=2160671698ng, original balance=2100000000ng\n' +
          '[ 3][t 0][2024-10-30 23:27:03.145000][transaction.cpp:2729]\tchanged remaining balance to 1010671698ng, reserved balance to 1150000000ng\n' +
          '[ 4][t 0][2024-10-30 23:27:03.145000][transaction.cpp:2448]\tstorage paid for a message: 0 cells, 0 bits\n' +
          '[ 4][t 0][2024-10-30 23:27:03.145000][transaction.cpp:2452]\tcomputed fwd fees = 400000 + 0\n' +
          '[ 4][t 0][2024-10-30 23:27:03.145000][transaction.cpp:2448]\tstorage paid for a message: 0 cells, 0 bits\n' +
          '[ 4][t 0][2024-10-30 23:27:03.145000][transaction.cpp:2452]\tcomputed fwd fees = 400000 + 0\n',
        vmLogs: 'xecute EQUAL\n' +
          'execute THROWIF 137\n' +
          'execute PUSHPOW2 10\n' +
          'execute EQUAL\n' +
          'execute THROWIFNOT 136\n' +
          'execute STSLICER\n' +
          'execute ENDC\n' +
          'execute ROT\n' +
          'execute STREF\n' +
          'execute ENDC\n' +
          'execute SWAP\n' +
          'execute STREF\n' +
          'execute implicit RET\n' +
          'execute ENDC\n' +
          'execute POP c4\n' +
          'execute implicit RET\n',
        debugLogs: '',
        events: [ [Object], [Object] ],
        parent: {
          address: 101852738109603725607761920797369865272772728943991090530178890834824226043772n,
          lt: 39000000n,
          prevTransactionHash: 8573111737421672654122829587114733179826165018718932916231065590855654992467n,
          prevTransactionLt: 27000000n,
          now: 1732922822,
          outMessagesCount: 1,
          oldStatus: 'active',
          endStatus: 'active',
          inMessage: [Object],
          outMessages: [Dictionary],
          totalFees: [Object],
          stateUpdate: [Object],
          description: [Object],
          raw: x{7E12E9B5A9ADF7C908B113242524E81F00F28287FE1829FB614C604014052777C00000000025317C012F43593DEA7EE8F38C49F3F216AEBD30BE5CD86D8494DDA47CC97A117906A5300000000019BFCC0674A4DC6000346A2CE5E}
           x{E_}
            x{6800A4BAF36B13E3AE770F28659A34B2D81F38859E8C08CF776F2BB4B4418043827100384BA6D6A6B7DF2422C44C909493A07C03CA0A1FF860A7ED8531810050149DDF10101931000609BBB0000000000487AB02CE949B8C5E137A6400000000000000004_}
            x{DF_}
             x{6801C25D36B535BEF92116226484A49D03E01E5050FFC3053F6C298C080280A4EEF90014975E6D627C75CEE1E50CB346965B03E710B3D18119EEEDE57696883008704E101119EF88060DFF5E0000000004A62F82CE949B8CC_}
              x{2A004A0500000000000000000000000000000000000000000000000000000000000000000000000000000000400B75A3E1A6460F415CE3721F308920C4B456F3B977F39EB26CED9155308A976CC}
           x{72745A213DBD97EDD595AA40148983091B9E110D12EDD8B88414468C45B00E447253EDECCEAFE3D82F55FF0CE7D28731C98901A80864696D562114BE55DF8CBC2B}
           x{04C4360789010193101867A1E811_}
            x{44E28C0A4D9000000000000000013D00000000000000000000000000000000000000000000000000000000000000000000000000000000000000000000000000000000000000000000000000000000}
            x{C9853FC04C0DFF44000000000002000000000003012C6B64FF35A2229481D1D656ED00986D336133CEC0CF97D95A4B52C67677FC4090296C_},
          hash: [Function: hash],
          blockchainLogs: '[ 4][t 0][2024-10-30 23:27:03.133000][transaction.cpp:443]\tunpacking account E12E9B5A9ADF7C908B113242524E81F00F28287FE1829FB614C604014052777C\n' +
            '[ 4][t 0][2024-10-30 23:27:03.133000][transaction.cpp:274]\tlast_paid=1730330822; cells=30 bits=12911 public_cells=0\n' +
            '[ 4][t 0][2024-10-30 23:27:03.133000][transaction.cpp:504]\tend of Account.unpack() for 0:E12E9B5A9ADF7C908B113242524E81F00F28287FE1829FB614C604014052777C (balance = 10000000ng ; last_trans_lt = 27000000..27000002)\n' +
            '[ 4][t 0][2024-10-30 23:27:03.133000][transaction.cpp:3655]\tblock random seed set to 0000000000000000000000000000000000000000000000000000000000000000\n' +
            '[ 4][t 0][2024-10-30 23:27:03.133000][transaction.cpp:1236]\tgas limits: max=191044, limit=168804, credit=0\n' +
            '[ 4][t 0][2024-10-30 23:27:03.133000][transaction.cpp:1575]\tin_msg_state is null\n' +
            '[ 4][t 0][2024-10-30 23:27:03.133000][transaction.cpp:1645]\tcreating VM\n' +
            '[ 4][t 0][2024-10-30 23:27:03.133000][transaction.cpp:1351]\tSmartContractInfo initialized with [ 124711402 0 0 1732922822 39000000 39000000 43870772645377937883531240781324653013999287705787709612543318804107744319189 [ 76417698 (null) ] CS{Cell{026dc00e12e9b5a9adf7c908b113242524e81f00f28287fe1829fb614c604014052777c23c8c9bc33916063000000000066ff308e625a01340} bits: 1..268; refs: 0..0} C{A7EC01478F770EF8F8B037CC7E42F0ABF0D85A50E1828C2394DAD1411691F2DE} C{33BB148A451AD17F938AA7C476E48F2B79933715F13F1D58F9234A90730321A8} [ 67521600 (null) ] 1103902 (null) [ CS{Cell{004dd06600000000000000000000000080000000000000fa00000000000001f4000000000003d09040} bits: 9..305; refs: 0..0} (null) CS{Cell{0094d1000000000000006400000000000f4240de000000002710000000000000000f42400000000002160ec0000000000000271000000000002625a00000000005f5e100000000003b9aca00} bits: 0..592; refs: 0..0} CS{Cell{0094d100000000000000640000000000009c40de000000000190000000000000000f424000000000000f4240000000000000271000000000009896800000000005f5e100000000003b9aca00} bits: 0..592; refs: 0..0} CS{Cell{0042ea000000000098968000000000271000000000000f424000000001800055555555} bits: 0..264; refs: 0..0} CS{Cell{0042ea0000000000061a800000000001900000000000009c4000000001800055555555} bits: 0..264; refs: 0..0} (null) ] 0 (null) ]\n' +
            '[ 4][t 0][2024-10-30 23:27:03.133000][transaction.cpp:1675]\tstarting VM\n' +
            '[ 4][t 0][2024-10-30 23:27:03.134000][transaction.cpp:1680]\tVM terminated with exit code 0\n' +
            '[ 3][t 0][2024-10-30 23:27:03.134000][transaction.cpp:1702]\tsteps: 317 gas: used=10004, max=191044, limit=168804, credit=0\n' +
            '[ 3][t 0][2024-10-30 23:27:03.134000][transaction.cpp:1704]\tout_of_gas=false, accepted=true, success=true, time=0.000316s\n' +
            '[ 4][t 0][2024-10-30 23:27:03.134000][transaction.cpp:1737]\tgas fees: 4001600 = 26214400 * 10004 /2^16 ; price=26214400; flat rate=[40000 for 100]; remaining balance=72416098ng\n' +
            '[ 4][t 0][2024-10-30 23:27:03.134000][transaction.cpp:2448]\tstorage paid for a message: 1 cells, 620 bits\n' +
            '[ 4][t 0][2024-10-30 23:27:03.134000][transaction.cpp:2452]\tcomputed fwd fees = 688000 + 0\n',
          vmLogs: 'e implicit RET\n' +
            'execute OVER\n' +
            'execute ISNULL\n' +
            'execute NOT\n' +
            'execute PUSHCONT x7F01CA00CC\n' +
            'execute PUSHCONT x7032CA00\n' +
            'execute IFELSE\n' +
            'execute PUSHINT -1\n' +
            'execute SWAP\n' +
            'execute STI 1\n' +
            'execute STREF\n' +
            'execute implicit RET\n' +
            'execute ENDC\n' +
            'execute POP c4\n' +
            'execute implicit RET\n',
          debugLogs: '',
          events: [Array],
          parent: [Object],
          children: [Array],
          externals: []
        },
        children: [ [Object], [Object] ],
        externals: []
      },
      {
        address: 37254810366437813475271750514734067285117962570475561289538093995582013161784n,
        lt: 43000000n,
        prevTransactionHash: 83283005723080141331289989798300664619267992886438249796135504558856921065262n,
        prevTransactionLt: 42000000n,
        now: 1732922822,
        outMessagesCount: 2,
        oldStatus: 'active',
        endStatus: 'active',
        inMessage: {
          info: [Object],
          init: null,
          body: x{2A004A0500000000000000010000000000000000000000000000000000000000000000000000000000000000C00814669C6B54FD8B2DD8E93AAA6E5DE45BD032703F7A61C194AB414089B0A7AA2}
        },
        outMessages: Dictionary { _key: [Object], _value: [Object], _map: [Map] },
        totalFees: { coins: 11033062n },
        stateUpdate: {
          oldHash: <Buffer 7b 42 f9 61 6d b8 14 d8 df ba 8b c0 93 38 5f d5 9b ef b6 2c 56 95 af d8 b4 a8 bf bb b6 cd 02 98>,
          newHash: <Buffer ee 50 93 5a dc e9 1b f2 2d 2e f2 3a f2 e5 43 7b 41 47 a5 8c 01 54 62 1d a8 ab c1 10 90 a6 d5 ca>
        },
        description: {
          type: 'generic',
          creditFirst: false,
          storagePhase: [Object],
          creditPhase: [Object],
          computePhase: [Object],
          actionPhase: [Object],
          bouncePhase: undefined,
          aborted: false,
          destroyed: false
        },
        raw: x{7525D79B589F1D73B879432CD1A596C0F9C42CF460467BBB795DA5A20C021C13800000000029020C0B82082C2C2022E128B6B89A5A4CD93035A0BB14839210FAC72321198F34AA72E000000000280DE80674A4DC600054750B3CC}
         x{E_}
          x{6800F99E4F01C1A7C3616D00B3681096094D190E846AE8B8DA0403AC5E7A4431E26D0014975E6D627C75CEE1E50CB346965B03E710B3D18119EEEDE57696883008704E101119EF88060DFF5E0000000004C4B402CE949B8CC_}
           x{2A004A0500000000000000010000000000000000000000000000000000000000000000000000000000000000C00814669C6B54FD8B2DD8E93AAA6E5DE45BD032703F7A61C194AB414089B0A7AA2}
          x{DD_}
           x{2_}
            x{6800A4BAF36B13E3AE770F28659A34B2D81F38859E8C08CF776F2BB4B441804382710020519A71AD53F62CB763A4EAA9B977916F40C9C0FDE9870652AD050226C29EA890FA19E1000608235A0000000005204182CE949B8C4_}
           x{2_}
            x{6800A4BAF36B13E3AE770F28659A34B2D81F38859E8C08CF776F2BB4B44180438271003A7CBC3612E1CA557A9D4C735DAA85C231FC67A5E07FC0E4E6F4D6E951FB858D100E57FA880608235A0000000005204184CE949B8C4_}
         x{727B42F9616DB814D8DFBA8BC093385FD59BEFB62C5695AFD8B4A8BFBBB6CD0298EE50935ADCE91BF22D2EF23AF2E5437B4147A58C0154621DA8ABC11090A6D5CA}
         x{040901119EF89874890811_}
          x{4D248C0AF1E00000000000000002E500000000000000000000000000000000000000000000000000000000000000000000000000000000000000000000000000000000000000000000000000000000}
          x{C9861A804C1046980000000000060002000000052AAD406EACA6C587D131AA4517784BFE5726DFFF99153B7D788E0F604E175A2E40902C14_},
        hash: [Function: hash],
        blockchainLogs: '[ 4][t 0][2024-10-30 23:27:03.148000][transaction.cpp:443]\tunpacking account 525D79B589F1D73B879432CD1A596C0F9C42CF460467BBB795DA5A20C021C138\n' +
          '[ 4][t 0][2024-10-30 23:27:03.148000][transaction.cpp:274]\tlast_paid=1732922822; cells=231 bits=83982 public_cells=0\n' +
          '[ 4][t 0][2024-10-30 23:27:03.148000][transaction.cpp:504]\tend of Account.unpack() for 0:525D79B589F1D73B879432CD1A596C0F9C42CF460467BBB795DA5A20C021C138 (balance = 1150000000ng ; last_trans_lt = 42000000..42000003)\n' +
          '[ 4][t 0][2024-10-30 23:27:03.148000][transaction.cpp:3655]\tblock random seed set to 0000000000000000000000000000000000000000000000000000000000000000\n' +
          '[ 4][t 0][2024-10-30 23:27:03.148000][transaction.cpp:1236]\tgas limits: max=1000000, limit=179320, credit=0\n' +
          '[ 4][t 0][2024-10-30 23:27:03.148000][transaction.cpp:1575]\tin_msg_state is null\n' +
          '[ 4][t 0][2024-10-30 23:27:03.148000][transaction.cpp:1645]\tcreating VM\n' +
          '[ 4][t 0][2024-10-30 23:27:03.148000][transaction.cpp:1351]\tSmartContractInfo initialized with [ 124711402 0 0 1732922822 43000000 43000000 14068792954309835536948273256715513127174070948738620016199408580766834334284 [ 1221728098 (null) ] CS{Cell{0271c00525d79b589f1d73b879432cd1a596c0f9c42cf460467bbb795da5a20c021c1383cec05203833a526e30000000000a037a0d1122e6e01340} bits: 1..268; refs: 0..0} C{A7EC01478F770EF8F8B037CC7E42F0ABF0D85A50E1828C2394DAD1411691F2DE} C{42B6F0E46484EFC57B9508F6BA7EF42E7512023D5CB4ED5628DD1C7755D16E9D} [ 71728098 (null) ] 0 (null) [ CS{Cell{004dd06600000000000000000000000080000000000000fa00000000000001f4000000000003d09040} bits: 9..305; refs: 0..0} (null) CS{Cell{0094d1000000000000006400000000000f4240de000000002710000000000000000f42400000000002160ec0000000000000271000000000002625a00000000005f5e100000000003b9aca00} bits: 0..592; refs: 0..0} CS{Cell{0094d100000000000000640000000000009c40de000000000190000000000000000f424000000000000f4240000000000000271000000000009896800000000005f5e100000000003b9aca00} bits: 0..592; refs: 0..0} CS{Cell{0042ea000000000098968000000000271000000000000f424000000001800055555555} bits: 0..264; refs: 0..0} CS{Cell{0042ea0000000000061a800000000001900000000000009c4000000001800055555555} bits: 0..264; refs: 0..0} (null) ] 0 (null) ]\n' +
          '[ 4][t 0][2024-10-30 23:27:03.148000][transaction.cpp:1675]\tstarting VM\n' +
          '[ 4][t 0][2024-10-30 23:27:03.149000][transaction.cpp:1680]\tVM terminated with exit code 0\n' +
          '[ 3][t 0][2024-10-30 23:27:03.149000][transaction.cpp:1702]\tsteps: 741 gas: used=26916, max=1000000, limit=179320, credit=0\n' +
          '[ 3][t 0][2024-10-30 23:27:03.149000][transaction.cpp:1704]\tout_of_gas=false, accepted=true, success=true, time=0.001009s\n' +
          '[ 4][t 0][2024-10-30 23:27:03.149000][transaction.cpp:1737]\tgas fees: 10766400 = 26214400 * 26916 /2^16 ; price=26214400; flat rate=[40000 for 100]; remaining balance=1210961698ng\n' +
          '[ 3][t 0][2024-10-30 23:27:03.149000][transaction.cpp:2678]\tin try_action_reserve_currency(0)\n' +
          '[ 4][t 0][2024-10-30 23:27:03.149000][transaction.cpp:2684]\taction_reserve_currency: mode=0, reserve=101000000ng, balance=1210961698ng, original balance=1150000000ng\n' +
          '[ 3][t 0][2024-10-30 23:27:03.149000][transaction.cpp:2729]\tchanged remaining balance to 1109961698ng, reserved balance to 101000000ng\n' +
          '[ 4][t 0][2024-10-30 23:27:03.149000][transaction.cpp:2448]\tstorage paid for a message: 0 cells, 0 bits\n' +
          '[ 4][t 0][2024-10-30 23:27:03.149000][transaction.cpp:2452]\tcomputed fwd fees = 400000 + 0\n' +
          '[ 4][t 0][2024-10-30 23:27:03.149000][transaction.cpp:2448]\tstorage paid for a message: 0 cells, 0 bits\n' +
          '[ 4][t 0][2024-10-30 23:27:03.149000][transaction.cpp:2452]\tcomputed fwd fees = 400000 + 0\n',
        vmLogs: 'xecute EQUAL\n' +
          'execute THROWIF 137\n' +
          'execute PUSHPOW2 10\n' +
          'execute EQUAL\n' +
          'execute THROWIFNOT 136\n' +
          'execute STSLICER\n' +
          'execute ENDC\n' +
          'execute ROT\n' +
          'execute STREF\n' +
          'execute ENDC\n' +
          'execute SWAP\n' +
          'execute STREF\n' +
          'execute implicit RET\n' +
          'execute ENDC\n' +
          'execute POP c4\n' +
          'execute implicit RET\n',
        debugLogs: '',
        events: [ [Object], [Object] ],
        parent: {
          address: 56452803209391972311245829800318013664241380452486081517026592719308720763190n,
          lt: 40000000n,
          prevTransactionHash: 49488439023795383437134713937281551215679157855153094262467061346103847018906n,
          prevTransactionLt: 28000000n,
          now: 1732922822,
          outMessagesCount: 1,
          oldStatus: 'active',
          endStatus: 'active',
          inMessage: [Object],
          outMessages: [Dictionary],
          totalFees: [Object],
          stateUpdate: [Object],
          description: [Object],
          raw: x{77CCF2780E0D3E1B0B68059B4084B04A68C874235745C6D0201D62F3D2218F1360000000002625A006D6976C0265A1BA6D09F320F80F2E4D80CD13F7D45971BB3DD114B469153E19A0000000001AB3F00674A4DC6000346A2CE5E}
           x{E_}
            x{6800A4BAF36B13E3AE770F28659A34B2D81F38859E8C08CF776F2BB4B44180438271001F33C9E03834F86C2DA0166D0212C129A321D08D5D171B4080758BCF48863C4D90101931000609BBB0000000000487AB04CE949B8C5E137A640000000000000000C_}
            x{DF_}
             x{6800F99E4F01C1A7C3616D00B3681096094D190E846AE8B8DA0403AC5E7A4431E26D0014975E6D627C75CEE1E50CB346965B03E710B3D18119EEEDE57696883008704E101119EF88060DFF5E0000000004C4B402CE949B8CC_}
              x{2A004A0500000000000000010000000000000000000000000000000000000000000000000000000000000000C00814669C6B54FD8B2DD8E93AAA6E5DE45BD032703F7A61C194AB414089B0A7AA2}
           x{7270BF11CDAC9D2CC11102D8E5E51C846575A35F885F9222DF4AB1B7F5CB9AEE3FDAC7F0A875815E93992FA6AC715C702DA329C096B1EBCB3C032B9D431EBEF1FD}
           x{04C4360789010193101867A1E811_}
            x{44E28C0A4D9000000000000000013D00000000000000000000000000000000000000000000000000000000000000000000000000000000000000000000000000000000000000000000000000000000}
            x{C9853FC04C0DFF44000000000002000000000002EF2011805BF718B31174C760DF120A9F20923EA7F17C12961509A919DBB744544090296C_},
          hash: [Function: hash],
          blockchainLogs: '[ 4][t 0][2024-10-30 23:27:03.135000][transaction.cpp:443]\tunpacking account 7CCF2780E0D3E1B0B68059B4084B04A68C874235745C6D0201D62F3D2218F136\n' +
            '[ 4][t 0][2024-10-30 23:27:03.135000][transaction.cpp:274]\tlast_paid=1730330822; cells=30 bits=12911 public_cells=0\n' +
            '[ 4][t 0][2024-10-30 23:27:03.136000][transaction.cpp:504]\tend of Account.unpack() for 0:7CCF2780E0D3E1B0B68059B4084B04A68C874235745C6D0201D62F3D2218F136 (balance = 10000000ng ; last_trans_lt = 28000000..28000002)\n' +
            '[ 4][t 0][2024-10-30 23:27:03.136000][transaction.cpp:3655]\tblock random seed set to 0000000000000000000000000000000000000000000000000000000000000000\n' +
            '[ 4][t 0][2024-10-30 23:27:03.136000][transaction.cpp:1236]\tgas limits: max=191044, limit=168804, credit=0\n' +
            '[ 4][t 0][2024-10-30 23:27:03.136000][transaction.cpp:1575]\tin_msg_state is null\n' +
            '[ 4][t 0][2024-10-30 23:27:03.136000][transaction.cpp:1645]\tcreating VM\n' +
            '[ 4][t 0][2024-10-30 23:27:03.136000][transaction.cpp:1351]\tSmartContractInfo initialized with [ 124711402 0 0 1732922822 40000000 40000000 17158678860825839941702393232993838109470607978381324670400578166443069604636 [ 76417698 (null) ] CS{Cell{026dc007ccf2780e0d3e1b0b68059b4084b04a68c874235745c6d0201d62f3d2218f13623c8c9bc3391606300000000006acfc08e625a01340} bits: 1..268; refs: 0..0} C{A7EC01478F770EF8F8B037CC7E42F0ABF0D85A50E1828C2394DAD1411691F2DE} C{33BB148A451AD17F938AA7C476E48F2B79933715F13F1D58F9234A90730321A8} [ 67521600 (null) ] 1103902 (null) [ CS{Cell{004dd06600000000000000000000000080000000000000fa00000000000001f4000000000003d09040} bits: 9..305; refs: 0..0} (null) CS{Cell{0094d1000000000000006400000000000f4240de000000002710000000000000000f42400000000002160ec0000000000000271000000000002625a00000000005f5e100000000003b9aca00} bits: 0..592; refs: 0..0} CS{Cell{0094d100000000000000640000000000009c40de000000000190000000000000000f424000000000000f4240000000000000271000000000009896800000000005f5e100000000003b9aca00} bits: 0..592; refs: 0..0} CS{Cell{0042ea000000000098968000000000271000000000000f424000000001800055555555} bits: 0..264; refs: 0..0} CS{Cell{0042ea0000000000061a800000000001900000000000009c4000000001800055555555} bits: 0..264; refs: 0..0} (null) ] 0 (null) ]\n' +
            '[ 4][t 0][2024-10-30 23:27:03.136000][transaction.cpp:1675]\tstarting VM\n' +
            '[ 4][t 0][2024-10-30 23:27:03.136000][transaction.cpp:1680]\tVM terminated with exit code 0\n' +
            '[ 3][t 0][2024-10-30 23:27:03.136000][transaction.cpp:1702]\tsteps: 317 gas: used=10004, max=191044, limit=168804, credit=0\n' +
            '[ 3][t 0][2024-10-30 23:27:03.136000][transaction.cpp:1704]\tout_of_gas=false, accepted=true, success=true, time=0.000498s\n' +
            '[ 4][t 0][2024-10-30 23:27:03.136000][transaction.cpp:1737]\tgas fees: 4001600 = 26214400 * 10004 /2^16 ; price=26214400; flat rate=[40000 for 100]; remaining balance=72416098ng\n' +
            '[ 4][t 0][2024-10-30 23:27:03.136000][transaction.cpp:2448]\tstorage paid for a message: 1 cells, 620 bits\n' +
            '[ 4][t 0][2024-10-30 23:27:03.136000][transaction.cpp:2452]\tcomputed fwd fees = 688000 + 0\n',
          vmLogs: 'e implicit RET\n' +
            'execute OVER\n' +
            'execute ISNULL\n' +
            'execute NOT\n' +
            'execute PUSHCONT x7F01CA00CC\n' +
            'execute PUSHCONT x7032CA00\n' +
            'execute IFELSE\n' +
            'execute PUSHINT -1\n' +
            'execute SWAP\n' +
            'execute STI 1\n' +
            'execute STREF\n' +
            'execute implicit RET\n' +
            'execute ENDC\n' +
            'execute POP c4\n' +
            'execute implicit RET\n',
          debugLogs: '',
          events: [Array],
          parent: [Object],
          children: [Array],
          externals: []
        },
        children: [ [Object], [Object] ],
        externals: []
      },
      {
        address: 105818132960003171416304597453717637701794574747475969910003481004036112389684n,
        lt: 44000000n,
        prevTransactionHash: 72404279904333452920887556787527343254067919070070676392185939402445336907106n,
        prevTransactionLt: 33000000n,
        now: 1732922822,
        outMessagesCount: 0,
        oldStatus: 'active',
        endStatus: 'active',
        inMessage: { info: [Object], init: null, body: x{} },
        outMessages: Dictionary { _key: [Object], _value: [Object], _map: Map(0) {} },
        totalFees: { coins: 123600n },
        stateUpdate: {
          oldHash: <Buffer ee 76 4a 6b c2 7b 95 e0 eb 9d a7 ee 26 2b 19 6d fe cd 22 fa c0 8f ae 5c b9 df 4c 7c a9 93 f8 c5>,
          newHash: <Buffer 09 6d 24 df 23 90 8d db de bc 64 51 ae 1d 94 73 3c 24 f6 44 3d fa cf b9 6c a5 70 7f d9 f6 60 71>
        },
        description: {
          type: 'generic',
          creditFirst: true,
          storagePhase: [Object],
          creditPhase: [Object],
          computePhase: [Object],
          actionPhase: [Object],
          bouncePhase: undefined,
          aborted: false,
          destroyed: false
        },
        raw: x{7E9F2F0D84B872955EA7531CD76AA1708C7F19E9781FF03939BD35BA547EE163400000000029F6300A0135EC3928D981F7E399641741BC2D3DEF38BE151EFCBB8D16FEFA4EFB48D620000000001F78A40674A4DC600014603C5A0}
         x{A_}
          x{480173A49878148A4F6041C04B952AC2638BD6A1025222AF84BFAF2C3BE5A07436D5003A7CBC3612E1CA557A9D4C735DAA85C231FC67A5E07FC0E4E6F4D6E951FB858D10BE1E7F1C0608235A0000000004E33882CE949B8C4_}
         x{72EE764A6BC27B95E0EB9DA7EE262B196DFECD22FAC08FAE5CB9DF4C7CA993F8C5096D24DF23908DDBDEBC6451AE1D94733C24F6443DFACFB96CA5707FD9F66071}
         x{0C090BE1E7F1D8603C5A11_}
          x{4026AC3D090000000000000000000500000000000000000000000000000000000000000000000000000000000000000000000000000000000000000000000000000000000000000000000000000000}
          x{C00000000000000000000000012D452DA449E50B8CF7DD27861F146122AFE1B546BB8B70FC8216F0C614139F8E04_},
        hash: [Function: hash],
        blockchainLogs: '[ 4][t 0][2024-10-30 23:27:03.152000][transaction.cpp:443]\tunpacking account E9F2F0D84B872955EA7531CD76AA1708C7F19E9781FF03939BD35BA547EE1634\n' +
          '[ 4][t 0][2024-10-30 23:27:03.152000][transaction.cpp:274]\tlast_paid=1732922822; cells=6 bits=821 public_cells=0\n' +
          '[ 4][t 0][2024-10-30 23:27:03.152000][transaction.cpp:504]\tend of Account.unpack() for 0:E9F2F0D84B872955EA7531CD76AA1708C7F19E9781FF03939BD35BA547EE1634 (balance = 999998997584476ng ; last_trans_lt = 33000000..33000002)\n' +
          '[ 4][t 0][2024-10-30 23:27:03.152000][transaction.cpp:3655]\tblock random seed set to 0000000000000000000000000000000000000000000000000000000000000000\n' +
          '[ 4][t 0][2024-10-30 23:27:03.152000][transaction.cpp:1236]\tgas limits: max=1000000, limit=1000000, credit=0\n' +
          '[ 4][t 0][2024-10-30 23:27:03.152000][transaction.cpp:1575]\tin_msg_state is null\n' +
          '[ 4][t 0][2024-10-30 23:27:03.152000][transaction.cpp:1645]\tcreating VM\n' +
          '[ 4][t 0][2024-10-30 23:27:03.153000][transaction.cpp:1351]\tSmartContractInfo initialized with [ 124711402 0 0 1732922822 44000000 44000000 60210483465141978598827679003117970236339845468170532052053411751718225576024 [ 999999795001891 (null) ] CS{Cell{0275c00e9f2f0d84b872955ea7531cd76aa1708c7f19e9781ff03939bd35ba547ee163420c80cd433a526e300000000007de2909c0e35f9a41b6971340} bits: 1..268; refs: 0..0} C{A7EC01478F770EF8F8B037CC7E42F0ABF0D85A50E1828C2394DAD1411691F2DE} C{D992502B94EA96E7B34E5D62FFB0C6FC73D78B3E61F11F0848FB3A1EB1AFC912} [ 797417415 (null) ] 0 (null) [ CS{Cell{004dd06600000000000000000000000080000000000000fa00000000000001f4000000000003d09040} bits: 9..305; refs: 0..0} (null) CS{Cell{0094d1000000000000006400000000000f4240de000000002710000000000000000f42400000000002160ec0000000000000271000000000002625a00000000005f5e100000000003b9aca00} bits: 0..592; refs: 0..0} CS{Cell{0094d100000000000000640000000000009c40de000000000190000000000000000f424000000000000f4240000000000000271000000000009896800000000005f5e100000000003b9aca00} bits: 0..592; refs: 0..0} CS{Cell{0042ea000000000098968000000000271000000000000f424000000001800055555555} bits: 0..264; refs: 0..0} CS{Cell{0042ea0000000000061a800000000001900000000000009c4000000001800055555555} bits: 0..264; refs: 0..0} (null) ] 0 (null) ]\n' +
          '[ 4][t 0][2024-10-30 23:27:03.153000][transaction.cpp:1675]\tstarting VM\n' +
          '[ 4][t 0][2024-10-30 23:27:03.153000][transaction.cpp:1680]\tVM terminated with exit code 0\n' +
          '[ 3][t 0][2024-10-30 23:27:03.153000][transaction.cpp:1702]\tsteps: 5 gas: used=309, max=1000000, limit=1000000, credit=0\n' +
          '[ 3][t 0][2024-10-30 23:27:03.153000][transaction.cpp:1704]\tout_of_gas=false, accepted=true, success=true, time=0.000027s\n' +
          '[ 4][t 0][2024-10-30 23:27:03.153000][transaction.cpp:1737]\tgas fees: 123600 = 26214400 * 309 /2^16 ; price=26214400; flat rate=[40000 for 100]; remaining balance=999999794878291ng\n',
        vmLogs: 'execute SETCP 0\n' +
          'execute DICTPUSHCONST 19 (xC_,1)\n' +
          'execute DICTIGETJMPZ\n' +
          'execute DROP\n' +
          'execute implicit RET\n',
        debugLogs: '',
        events: [],
        parent: {
          address: 84049441022908470316622795825605090351520748406577698494615284512509455375210n,
          lt: 41000000n,
          prevTransactionHash: 21174904654603888014535607613806346889912662027780057066868561399139498547776n,
          prevTransactionLt: 37000000n,
          now: 1732922822,
          outMessagesCount: 1,
          oldStatus: 'active',
          endStatus: 'non-existing',
          inMessage: [Object],
          outMessages: [Dictionary],
          totalFees: [Object],
          stateUpdate: [Object],
          description: [Object],
          raw: x{7B9D24C3C0A4527B020E025CA956131C5EB5081291157C25FD7961DF2D03A1B6A0000000002719C402ED09241D9CBB3B43F7175B0CD022909E94D2C1B1738A68F25AC953E6C555A400000000002349340674A4DC60003666BCAC6}
           x{E_}
            x{4800A4BAF36B13E3AE770F28659A34B2D81F38859E8C08CF776F2BB4B44180438271002E74930F029149EC08380972A5584C717AD4204A4455F097F5E5877CB40E86DA90BCA4015C0656E1D8000000000487AB08CE949B8DE_}
             x{34_}
              x{FF00F4A413F4BCF2C80B}
               x{62_}
                x{D001D0D3030171B0A301FA400120D74981010BBAF2E08820D70B0A208104FFBAF2D0898309BAF2E088545053036F04F86102F862DB3C5512DB3CF2E082}
                 x{ED44D0D401F863D200018E2FD31FFA400120D74981010BBAF2E08820D70B0A208104FFBAF2D0898309BAF2E08801D2000191D4926D01E255206C13E0F828D70B0A8309BAF2E089810101D700FA400120D74981010BBAF2E08820D70B0A208104FFBAF2D0898309BAF2E0881202D101DB3C}
                  x{6D}
                 x{0192307FE07021D749C21F953020D70B1FDE208210AFE93535BA8F5130D31F018210AFE93535BAF2E081D33FFA400120D74981010BBAF2E08820D70B0A208104FFBAF2D0898309BAF2E08801D455206C1332820898968070FB024434DB3C30037083067055206D6D6DDB3C597FE0208210B8A3AA14BAE302}
                  x{F8425220C705F2E084}
                  x{C87101CA01500701CA007001CA02500520D74981010BBAF2E08820D70B0A208104FFBAF2D0898309BAF2E088CF165003FA027001CA68236EB3917F93246EB3E2973333017001CA00E30D216EB39C7F01CA0001206EF2D08001CC95317001CA00E2C901FB00}
                   x{7F01CA00C87001CA007001CA00246EB39D7F01CA0004206EF2D0805004CC9634037001CA00E2246EB39D7F01CA0004206EF2D0805004CC9634037001CA00E27001CA00027F01CA0002C958CC}
                  x{30D31F018210B8A3AA14BAF2E081D33FFA400120D74981010BBAF2E08820D70B0A208104FFBAF2D0898309BAF2E088126C12317020FB025520DB3C03708100A07055206D6D6DDB3C587F}
                   x{F8425220C705F2E084}
                   x{C87101CA01500701CA007001CA02500520D74981010BBAF2E08820D70B0A208104FFBAF2D0898309BAF2E088CF165003FA027001CA68236EB3917F93246EB3E2973333017001CA00E30D216EB39C7F01CA0001206EF2D08001CC95317001CA00E2C901FB00}
                    x{7F01CA00C87001CA007001CA00246EB39D7F01CA0004206EF2D0805004CC9634037001CA00E2246EB39D7F01CA0004206EF2D0805004CC9634037001CA00E27001CA00027F01CA0002C958CC}
                  x{8210E601F8E5BA8ECED31F018210E601F8E5BAF2E081D33F0131820898968070FB02F8416F2410235F037083067F25206EF2D080542580C855208210B687AB175004CB1F12CB3FCB1FCCC9103441301443306D6DDB3C7FE03070}
                   x{C87101CA01500701CA007001CA02500520D74981010BBAF2E08820D70B0A208104FFBAF2D0898309BAF2E088CF165003FA027001CA68236EB3917F93246EB3E2973333017001CA00E30D216EB39C7F01CA0001206EF2D08001CC95317001CA00E2C901FB00}
                    x{7F01CA00C87001CA007001CA00246EB39D7F01CA0004206EF2D0805004CC9634037001CA00E2246EB39D7F01CA0004206EF2D0805004CC9634037001CA00E27001CA00027F01CA0002C958CC}
                 x{C8F84301CC7F01CA0055205023CB1F0120D74981010BBAF2E08820D70B0A208104FFBAF2D0898309BAF2E088CF16216EB3957F01CA00CC947032CA00E2C9ED54}
                x{2_}
                 x{BE28EED9E6D9E3618C_}
                  x{ED44D0D401F863D200018E2FD31FFA400120D74981010BBAF2E08820D70B0A208104FFBAF2D0898309BAF2E08801D2000191D4926D01E255206C13E0F828D70B0A8309BAF2E089810101D700FA400120D74981010BBAF2E08820D70B0A208104FFBAF2D0898309BAF2E0881202D101DB3C}
                   x{6D}
                  x{21}
                 x{2_}
                  x{4}
                   x{B1D8B6CF36CF1B0C6_}
                    x{ED44D0D401F863D200018E2FD31FFA400120D74981010BBAF2E08820D70B0A208104FFBAF2D0898309BAF2E08801D2000191D4926D01E255206C13E0F828D70B0A8309BAF2E089810101D700FA400120D74981010BBAF2E08820D70B0A208104FFBAF2D0898309BAF2E0881202D101DB3C}
                     x{6D}
                    x{20}
                   x{B36436CF36CF1B0C6_}
                    x{ED44D0D401F863D200018E2FD31FFA400120D74981010BBAF2E08820D70B0A208104FFBAF2D0898309BAF2E08801D2000191D4926D01E255206C13E0F828D70B0A8309BAF2E089810101D700FA400120D74981010BBAF2E08820D70B0A208104FFBAF2D0898309BAF2E0881202D101DB3C}
                     x{6D}
                    x{22}
                  x{B82BEED44D0D20001}
              x{0000000000000000000000000000000000000000000000000000000000000000200292EBCDAC4F8EB9DC3CA19668D2CB607CE2167A30233DDDBCAED2D106010E09C4_}
               x{C_}
                x{A0838F_}
                 x{FF00F4A413F4BCF2C80B}
                  x{62_}
                   x{D001D0D3030171B0A301FA400120D74981010BBAF2E08820D70B0A208104FFBAF2D0898309BAF2E088545053036F04F86102F862DB3C5512DB3CF2E082}
                    x{ED44D0D401F863D200018E2FD31FFA400120D74981010BBAF2E08820D70B0A208104FFBAF2D0898309BAF2E08801D2000191D4926D01E255206C13E0F828D70B0A8309BAF2E089810101D700FA400120D74981010BBAF2E08820D70B0A208104FFBAF2D0898309BAF2E0881202D101DB3C}
                     x{6D}
                    x{0192307FE07021D749C21F953020D70B1FDE208210AFE93535BA8F5130D31F018210AFE93535BAF2E081D33FFA400120D74981010BBAF2E08820D70B0A208104FFBAF2D0898309BAF2E08801D455206C1332820898968070FB024434DB3C30037083067055206D6D6DDB3C597FE0208210B8A3AA14BAE302}
                     x{F8425220C705F2E084}
                     x{C87101CA01500701CA007001CA02500520D74981010BBAF2E08820D70B0A208104FFBAF2D0898309BAF2E088CF165003FA027001CA68236EB3917F93246EB3E2973333017001CA00E30D216EB39C7F01CA0001206EF2D08001CC95317001CA00E2C901FB00}
                      x{7F01CA00C87001CA007001CA00246EB39D7F01CA0004206EF2D0805004CC9634037001CA00E2246EB39D7F01CA0004206EF2D0805004CC9634037001CA00E27001CA00027F01CA0002C958CC}
                     x{30D31F018210B8A3AA14BAF2E081D33FFA400120D74981010BBAF2E08820D70B0A208104FFBAF2D0898309BAF2E088126C12317020FB025520DB3C03708100A07055206D6D6DDB3C587F}
                      x{F8425220C705F2E084}
                      x{C87101CA01500701CA007001CA02500520D74981010BBAF2E08820D70B0A208104FFBAF2D0898309BAF2E088CF165003FA027001CA68236EB3917F93246EB3E2973333017001CA00E30D216EB39C7F01CA0001206EF2D08001CC95317001CA00E2C901FB00}
                       x{7F01CA00C87001CA007001CA00246EB39D7F01CA0004206EF2D0805004CC9634037001CA00E2246EB39D7F01CA0004206EF2D0805004CC9634037001CA00E27001CA00027F01CA0002C958CC}
                     x{8210E601F8E5BA8ECED31F018210E601F8E5BAF2E081D33F0131820898968070FB02F8416F2410235F037083067F25206EF2D080542580C855208210B687AB175004CB1F12CB3FCB1FCCC9103441301443306D6DDB3C7FE03070}
                      x{C87101CA01500701CA007001CA02500520D74981010BBAF2E08820D70B0A208104FFBAF2D0898309BAF2E088CF165003FA027001CA68236EB3917F93246EB3E2973333017001CA00E30D216EB39C7F01CA0001206EF2D08001CC95317001CA00E2C901FB00}
                       x{7F01CA00C87001CA007001CA00246EB39D7F01CA0004206EF2D0805004CC9634037001CA00E2246EB39D7F01CA0004206EF2D0805004CC9634037001CA00E27001CA00027F01CA0002C958CC}
                    x{C8F84301CC7F01CA0055205023CB1F0120D74981010BBAF2E08820D70B0A208104FFBAF2D0898309BAF2E088CF16216EB3957F01CA00CC947032CA00E2C9ED54}
                   x{2_}
                    x{BE28EED9E6D9E3618C_}
                     x{ED44D0D401F863D200018E2FD31FFA400120D74981010BBAF2E08820D70B0A208104FFBAF2D0898309BAF2E08801D2000191D4926D01E255206C13E0F828D70B0A8309BAF2E089810101D700FA400120D74981010BBAF2E08820D70B0A208104FFBAF2D0898309BAF2E0881202D101DB3C}
                      x{6D}
                     x{21}
                    x{2_}
                     x{4}
                      x{B1D8B6CF36CF1B0C6_}
                       x{ED44D0D401F863D200018E2FD31FFA400120D74981010BBAF2E08820D70B0A208104FFBAF2D0898309BAF2E08801D2000191D4926D01E255206C13E0F828D70B0A8309BAF2E089810101D700FA400120D74981010BBAF2E08820D70B0A208104FFBAF2D0898309BAF2E0881202D101DB3C}
                        x{6D}
                       x{20}
                      x{B36436CF36CF1B0C6_}
                       x{ED44D0D401F863D200018E2FD31FFA400120D74981010BBAF2E08820D70B0A208104FFBAF2D0898309BAF2E08801D2000191D4926D01E255206C13E0F828D70B0A8309BAF2E089810101D700FA400120D74981010BBAF2E08820D70B0A208104FFBAF2D0898309BAF2E0881202D101DB3C}
                        x{6D}
                       x{22}
                     x{B82BEED44D0D20001}
             x{B8A3AA140000000000000000801D3E5E1B0970E52ABD4EA639AED542E118FE33D2F03FE072737A6B74A8FDC2C69_}
            x{DF_}
             x{480173A49878148A4F6041C04B952AC2638BD6A1025222AF84BFAF2C3BE5A07436D5003A7CBC3612E1CA557A9D4C735DAA85C231FC67A5E07FC0E4E6F4D6E951FB858D10BE1E7F1C0608235A0000000004E33882CE949B8C4_}
           x{7235244E04ECE1D5BB47360A4F8EEE37A7F5F837FBB7192A3076DDBE13BDDEFAE590AEC8965AFABB16EBC3CB9B408EBAE71B618D78788BC80D09843593CAC98DA4}
           x{0C090BCA4015D8667B9213_}
            x{44262C3D09000000000000000000FA00000000000000000000000000000000000000000000000000000000000000000000000000000000000000000000000000000000000000000000000000000000}
            x{DCC186A0260411A6000000000002000100000001F01808E7C65384854FD0A4F77793F95695733B675EB306C4FAC3CFF546A3D22720280B06_},
          hash: [Function: hash],
          blockchainLogs: '[ 4][t 0][2024-10-30 23:27:03.139000][transaction.cpp:443]\tunpacking account B9D24C3C0A4527B020E025CA956131C5EB5081291157C25FD7961DF2D03A1B6A\n' +
            '[ 4][t 0][2024-10-30 23:27:03.139000][transaction.cpp:274]\tlast_paid=1732922822; cells=28 bits=7131 public_cells=0\n' +
            '[ 4][t 0][2024-10-30 23:27:03.139000][transaction.cpp:504]\tend of Account.unpack() for 0:B9D24C3C0A4527B020E025CA956131C5EB5081291157C25FD7961DF2D03A1B6A (balance = 10000000ng ; last_trans_lt = 37000000..37000002)\n' +
            '[ 4][t 0][2024-10-30 23:27:03.139000][transaction.cpp:3655]\tblock random seed set to 0000000000000000000000000000000000000000000000000000000000000000\n' +
            '[ 4][t 0][2024-10-30 23:27:03.139000][transaction.cpp:1236]\tgas limits: max=1000000, limit=1000000, credit=0\n' +
            '[ 4][t 0][2024-10-30 23:27:03.139000][transaction.cpp:1571]\tHASH(in_msg_state) = B9D24C3C0A4527B020E025CA956131C5EB5081291157C25FD7961DF2D03A1B6A, account_state_hash = 0000000000000000000000000000000000000000000000000000000000000000\n' +
            '[ 4][t 0][2024-10-30 23:27:03.139000][transaction.cpp:1645]\tcreating VM\n' +
            '[ 4][t 0][2024-10-30 23:27:03.139000][transaction.cpp:1351]\tSmartContractInfo initialized with [ 124711402 0 0 1732922822 41000000 41000000 84630195367514639409622924175749312199831056191303332875639359062248049886761 [ 801216215 (null) ] CS{Cell{026dc00b9d24c3c0a4527b020e025ca956131c5eb5081291157c25fd7961df2d03a1b6a23886f6c33a526e300000000008d24d08e625a01340} bits: 1..268; refs: 0..0} C{A7EC01478F770EF8F8B037CC7E42F0ABF0D85A50E1828C2394DAD1411691F2DE} C{F2179DCD5CFD8A1E113288591FFB7A5E10E107D0D2C36DF69E40398023DAA7B1} [ 791216215 (null) ] 0 (null) [ CS{Cell{004dd06600000000000000000000000080000000000000fa00000000000001f4000000000003d09040} bits: 9..305; refs: 0..0} (null) CS{Cell{0094d1000000000000006400000000000f4240de000000002710000000000000000f42400000000002160ec0000000000000271000000000002625a00000000005f5e100000000003b9aca00} bits: 0..592; refs: 0..0} CS{Cell{0094d100000000000000640000000000009c40de000000000190000000000000000f424000000000000f4240000000000000271000000000009896800000000005f5e100000000003b9aca00} bits: 0..592; refs: 0..0} CS{Cell{0042ea000000000098968000000000271000000000000f424000000001800055555555} bits: 0..264; refs: 0..0} CS{Cell{0042ea0000000000061a800000000001900000000000009c4000000001800055555555} bits: 0..264; refs: 0..0} (null) ] 0 (null) ]\n' +
            '[ 4][t 0][2024-10-30 23:27:03.139000][transaction.cpp:1675]\tstarting VM\n' +
            '[ 4][t 0][2024-10-30 23:27:03.139000][transaction.cpp:1680]\tVM terminated with exit code 0\n' +
            '[ 3][t 0][2024-10-30 23:27:03.139000][transaction.cpp:1702]\tsteps: 250 gas: used=8497, max=1000000, limit=1000000, credit=0\n' +
            '[ 3][t 0][2024-10-30 23:27:03.139000][transaction.cpp:1704]\tout_of_gas=false, accepted=true, success=true, time=0.000428s\n' +
            '[ 4][t 0][2024-10-30 23:27:03.140000][transaction.cpp:1737]\tgas fees: 3398800 = 26214400 * 8497 /2^16 ; price=26214400; flat rate=[40000 for 100]; remaining balance=797817415ng\n' +
            '[ 3][t 0][2024-10-30 23:27:03.140000][transaction.cpp:2678]\tin try_action_reserve_currency(0)\n' +
            '[ 4][t 0][2024-10-30 23:27:03.140000][transaction.cpp:2684]\taction_reserve_currency: mode=0, reserve=0ng, balance=797817415ng, original balance=10000000ng\n' +
            '[ 3][t 0][2024-10-30 23:27:03.140000][transaction.cpp:2729]\tchanged remaining balance to 797817415ng, reserved balance to 0ng\n' +
            '[ 4][t 0][2024-10-30 23:27:03.140000][transaction.cpp:2448]\tstorage paid for a message: 0 cells, 0 bits\n' +
            '[ 4][t 0][2024-10-30 23:27:03.140000][transaction.cpp:2452]\tcomputed fwd fees = 400000 + 0\n',
          vmLogs: 'ecute STSLICER\n' +
            'execute OVER\n' +
            'execute ISNULL\n' +
            'execute NOT\n' +
            'execute PUSHCONT x7F01CA00CC\n' +
            'execute PUSHCONT x7032CA00\n' +
            'execute IFELSE\n' +
            'execute PUSHINT -1\n' +
            'execute SWAP\n' +
            'execute STI 1\n' +
            'execute STREF\n' +
            'execute implicit RET\n' +
            'execute ENDC\n' +
            'execute POP c4\n' +
            'execute implicit RET\n',
          debugLogs: '',
          events: [Array],
          parent: [Object],
          children: [Array],
          externals: []
        },
        children: [],
        externals: []
      },
      {
        address: 82932696146371031528842022915703368160952877310224391173905811460306378520268n,
        lt: 45000000n,
        prevTransactionHash: 69896667309826916625516217656255587961079641120740692995121346784363894430930n,
        prevTransactionLt: 32000000n,
        now: 1732922822,
        outMessagesCount: 0,
        oldStatus: 'active',
        endStatus: 'active',
        inMessage: { info: [Object], init: null, body: x{} },
        outMessages: Dictionary { _key: [Object], _value: [Object], _map: Map(0) {} },
        totalFees: { coins: 274724n },
        stateUpdate: {
          oldHash: <Buffer 76 44 31 67 a6 1d b1 dd 8a f9 5d e3 56 e8 a2 11 3f 90 68 87 fb 69 d8 de 5f 9a cf 49 70 71 4a a4>,
          newHash: <Buffer 97 b8 e4 b4 b5 78 17 df 7e 70 5d 34 cf 5d ec f4 84 cf 5f 4f ef d6 d4 54 e3 22 68 71 35 ed c8 dc>
        },
        description: {
          type: 'generic',
          creditFirst: false,
          storagePhase: [Object],
          creditPhase: [Object],
          computePhase: [Object],
          actionPhase: [Object],
          bouncePhase: undefined,
          aborted: false,
          destroyed: false
        },
        raw: x{7B75A3E1A6460F415CE3721F308920C4B456F3B977F39EB26CED9155308A976CC0000000002AEA5409A881C9AFB4BB8FACF4EF5800BED7B89D7FCDC8E97DC1E2E7EA0DE32E1BA5CD20000000001E84800674A4DC6000146086248}
         x{A_}
          x{6800A4BAF36B13E3AE770F28659A34B2D81F38859E8C08CF776F2BB4B44180438271002DD68F8699183D05738DC87CC2248312D15BCEE5DFCE7AC9B3B64554C22A5DB310E27F66000608235A000000000501BD02CE949B8C4_}
         x{7276443167A61DB1DD8AF95DE356E8A2113F906887FB69D8DE5F9ACF4970714AA497B8E4B4B57817DF7E705D34CF5DECF484CF5F4FEFD6D454E322687135EDC8DC}
         x{04C09395090E27F66018603C5A11_}
          x{4026AC3D090000000000000000000500000000000000000000000000000000000000000000000000000000000000000000000000000000000000000000000000000000000000000000000000000000}
          x{C00000000000000000000000012D452DA449E50B8CF7DD27861F146122AFE1B546BB8B70FC8216F0C614139F8E04_},
        hash: [Function: hash],
        blockchainLogs: '[ 4][t 0][2024-10-30 23:27:03.154000][transaction.cpp:443]\tunpacking account B75A3E1A6460F415CE3721F308920C4B456F3B977F39EB26CED9155308A976CC\n' +
          '[ 4][t 0][2024-10-30 23:27:03.154000][transaction.cpp:274]\tlast_paid=1730330822; cells=6 bits=821 public_cells=0\n' +
          '[ 4][t 0][2024-10-30 23:27:03.154000][transaction.cpp:504]\tend of Account.unpack() for 0:B75A3E1A6460F415CE3721F308920C4B456F3B977F39EB26CED9155308A976CC (balance = 999998880577600ng ; last_trans_lt = 32000000..32000001)\n' +
          '[ 4][t 0][2024-10-30 23:27:03.154000][transaction.cpp:3655]\tblock random seed set to 0000000000000000000000000000000000000000000000000000000000000000\n' +
          '[ 4][t 0][2024-10-30 23:27:03.154000][transaction.cpp:1236]\tgas limits: max=1000000, limit=1000000, credit=0\n' +
          '[ 4][t 0][2024-10-30 23:27:03.154000][transaction.cpp:1575]\tin_msg_state is null\n' +
          '[ 4][t 0][2024-10-30 23:27:03.155000][transaction.cpp:1645]\tcreating VM\n' +
          '[ 4][t 0][2024-10-30 23:27:03.155000][transaction.cpp:1351]\tSmartContractInfo initialized with [ 124711402 0 0 1732922822 45000000 45000000 21122878255675644108446800642276849919927819785129319861439300423341550034363 [ 999999830426476 (null) ] CS{Cell{0275c00b75a3e1a6460f415ce3721f308920c4b456f3b977f39eb26ced9155308a976cc20c80cd43391606300000000007a12005c0e35f98835e101340} bits: 1..268; refs: 0..0} C{A7EC01478F770EF8F8B037CC7E42F0ABF0D85A50E1828C2394DAD1411691F2DE} C{D992502B94EA96E7B34E5D62FFB0C6FC73D78B3E61F11F0848FB3A1EB1AFC912} [ 950000000 (null) ] 151124 (null) [ CS{Cell{004dd06600000000000000000000000080000000000000fa00000000000001f4000000000003d09040} bits: 9..305; refs: 0..0} (null) CS{Cell{0094d1000000000000006400000000000f4240de000000002710000000000000000f42400000000002160ec0000000000000271000000000002625a00000000005f5e100000000003b9aca00} bits: 0..592; refs: 0..0} CS{Cell{0094d100000000000000640000000000009c40de000000000190000000000000000f424000000000000f4240000000000000271000000000009896800000000005f5e100000000003b9aca00} bits: 0..592; refs: 0..0} CS{Cell{0042ea000000000098968000000000271000000000000f424000000001800055555555} bits: 0..264; refs: 0..0} CS{Cell{0042ea0000000000061a800000000001900000000000009c4000000001800055555555} bits: 0..264; refs: 0..0} (null) ] 0 (null) ]\n' +
          '[ 4][t 0][2024-10-30 23:27:03.155000][transaction.cpp:1675]\tstarting VM\n' +
          '[ 4][t 0][2024-10-30 23:27:03.155000][transaction.cpp:1680]\tVM terminated with exit code 0\n' +
          '[ 3][t 0][2024-10-30 23:27:03.155000][transaction.cpp:1702]\tsteps: 5 gas: used=309, max=1000000, limit=1000000, credit=0\n' +
          '[ 3][t 0][2024-10-30 23:27:03.155000][transaction.cpp:1704]\tout_of_gas=false, accepted=true, success=true, time=0.000035s\n' +
          '[ 4][t 0][2024-10-30 23:27:03.155000][transaction.cpp:1737]\tgas fees: 123600 = 26214400 * 309 /2^16 ; price=26214400; flat rate=[40000 for 100]; remaining balance=999999830302876ng\n',
        vmLogs: 'execute SETCP 0\n' +
          'execute DICTPUSHCONST 19 (xC_,1)\n' +
          'execute DICTIGETJMPZ\n' +
          'execute DROP\n' +
          'execute implicit RET\n',
        debugLogs: '',
        events: [],
        parent: {
          address: 37254810366437813475271750514734067285117962570475561289538093995582013161784n,
          lt: 42000000n,
          prevTransactionHash: 50843683768065244050508153825875713956410638258577774258197046210221434905745n,
          prevTransactionLt: 38000000n,
          now: 1732922822,
          outMessagesCount: 2,
          oldStatus: 'active',
          endStatus: 'active',
          inMessage: [Object],
          outMessages: [Dictionary],
          totalFees: [Object],
          stateUpdate: [Object],
          description: [Object],
          raw: x{7525D79B589F1D73B879432CD1A596C0F9C42CF460467BBB795DA5A20C021C138000000000280DE80706881558FA6BF8278E1FC26F4710B8E05FF3BF4DCF8FF2F099CD7F9F4D2A491000000000243D580674A4DC6000547598D6C}
           x{E_}
            x{6801C25D36B535BEF92116226484A49D03E01E5050FFC3053F6C298C080280A4EEF90014975E6D627C75CEE1E50CB346965B03E710B3D18119EEEDE57696883008704E101119EF88060DFF5E0000000004A62F82CE949B8CC_}
             x{2A004A0500000000000000000000000000000000000000000000000000000000000000000000000000000000400B75A3E1A6460F415CE3721F308920C4B456F3B977F39EB26CED9155308A976CC}
            x{DD_}
             x{2_}
              x{6800A4BAF36B13E3AE770F28659A34B2D81F38859E8C08CF776F2BB4B44180438271002DD68F8699183D05738DC87CC2248312D15BCEE5DFCE7AC9B3B64554C22A5DB310E27F66000608235A000000000501BD02CE949B8C4_}
             x{2_}
              x{6800A4BAF36B13E3AE770F28659A34B2D81F38859E8C08CF776F2BB4B44180438271003A7CBC3612E1CA557A9D4C735DAA85C231FC67A5E07FC0E4E6F4D6E951FB858D100E4647480608235A000000000501BD04CE949B8C4_}
           x{727CCE6ECF3629518D10A11B954DA29982CAE109702D8838DBEF144B0996D26C307B42F9616DB814D8DFBA8BC093385FD59BEFB62C5695AFD8B4A8BFBBB6CD0298}
           x{040901119EF8987516A211_}
            x{4D7F2C0AF1E00000000000000002E500000000000000000000000000000000000000000000000000000000000000000000000000000000000000000000000000000000000000000000000000000000}
            x{C9861A804C1046980000000000060002000000043651A2A662F89C7740EEA526FC5CE217E82DE3D7D1DE92108F0184BF9C7A0C2840902C14_},
          hash: [Function: hash],
          blockchainLogs: '[ 4][t 0][2024-10-30 23:27:03.143000][transaction.cpp:443]\tunpacking account 525D79B589F1D73B879432CD1A596C0F9C42CF460467BBB795DA5A20C021C138\n' +
            '[ 4][t 0][2024-10-30 23:27:03.143000][transaction.cpp:274]\tlast_paid=1732922822; cells=234 bits=84033 public_cells=0\n' +
            '[ 4][t 0][2024-10-30 23:27:03.143000][transaction.cpp:504]\tend of Account.unpack() for 0:525D79B589F1D73B879432CD1A596C0F9C42CF460467BBB795DA5A20C021C138 (balance = 2100000000ng ; last_trans_lt = 38000000..38000005)\n' +
            '[ 4][t 0][2024-10-30 23:27:03.143000][transaction.cpp:3655]\tblock random seed set to 0000000000000000000000000000000000000000000000000000000000000000\n' +
            '[ 4][t 0][2024-10-30 23:27:03.143000][transaction.cpp:1236]\tgas limits: max=1000000, limit=179320, credit=0\n' +
            '[ 4][t 0][2024-10-30 23:27:03.143000][transaction.cpp:1575]\tin_msg_state is null\n' +
            '[ 4][t 0][2024-10-30 23:27:03.143000][transaction.cpp:1645]\tcreating VM\n' +
            '[ 4][t 0][2024-10-30 23:27:03.143000][transaction.cpp:1351]\tSmartContractInfo initialized with [ 124711402 0 0 1732922822 42000000 42000000 14068792954309835536948273256715513127174070948738620016199408580766834334284 [ 2171728098 (null) ] CS{Cell{0271c00525d79b589f1d73b879432cd1a596c0f9c42cf460467bbb795da5a20c021c1383d4c05210433a526e3000000000090f56151f4add401340} bits: 1..268; refs: 0..0} C{A7EC01478F770EF8F8B037CC7E42F0ABF0D85A50E1828C2394DAD1411691F2DE} C{42B6F0E46484EFC57B9508F6BA7EF42E7512023D5CB4ED5628DD1C7755D16E9D} [ 71728098 (null) ] 0 (null) [ CS{Cell{004dd06600000000000000000000000080000000000000fa00000000000001f4000000000003d09040} bits: 9..305; refs: 0..0} (null) CS{Cell{0094d1000000000000006400000000000f4240de000000002710000000000000000f42400000000002160ec0000000000000271000000000002625a00000000005f5e100000000003b9aca00} bits: 0..592; refs: 0..0} CS{Cell{0094d100000000000000640000000000009c40de000000000190000000000000000f424000000000000f4240000000000000271000000000009896800000000005f5e100000000003b9aca00} bits: 0..592; refs: 0..0} CS{Cell{0042ea000000000098968000000000271000000000000f424000000001800055555555} bits: 0..264; refs: 0..0} CS{Cell{0042ea0000000000061a800000000001900000000000009c4000000001800055555555} bits: 0..264; refs: 0..0} (null) ] 0 (null) ]\n' +
            '[ 4][t 0][2024-10-30 23:27:03.143000][transaction.cpp:1675]\tstarting VM\n' +
            '[ 4][t 0][2024-10-30 23:27:03.144000][transaction.cpp:1680]\tVM terminated with exit code 0\n' +
            '[ 3][t 0][2024-10-30 23:27:03.144000][transaction.cpp:1702]\tsteps: 741 gas: used=27641, max=1000000, limit=179320, credit=0\n' +
            '[ 3][t 0][2024-10-30 23:27:03.144000][transaction.cpp:1704]\tout_of_gas=false, accepted=true, success=true, time=0.000847s\n' +
            '[ 4][t 0][2024-10-30 23:27:03.145000][transaction.cpp:1737]\tgas fees: 11056400 = 26214400 * 27641 /2^16 ; price=26214400; flat rate=[40000 for 100]; remaining balance=2160671698ng\n' +
            '[ 3][t 0][2024-10-30 23:27:03.145000][transaction.cpp:2678]\tin try_action_reserve_currency(0)\n' +
            '[ 4][t 0][2024-10-30 23:27:03.145000][transaction.cpp:2684]\taction_reserve_currency: mode=0, reserve=1150000000ng, balance=2160671698ng, original balance=2100000000ng\n' +
            '[ 3][t 0][2024-10-30 23:27:03.145000][transaction.cpp:2729]\tchanged remaining balance to 1010671698ng, reserved balance to 1150000000ng\n' +
            '[ 4][t 0][2024-10-30 23:27:03.145000][transaction.cpp:2448]\tstorage paid for a message: 0 cells, 0 bits\n' +
            '[ 4][t 0][2024-10-30 23:27:03.145000][transaction.cpp:2452]\tcomputed fwd fees = 400000 + 0\n' +
            '[ 4][t 0][2024-10-30 23:27:03.145000][transaction.cpp:2448]\tstorage paid for a message: 0 cells, 0 bits\n' +
            '[ 4][t 0][2024-10-30 23:27:03.145000][transaction.cpp:2452]\tcomputed fwd fees = 400000 + 0\n',
          vmLogs: 'xecute EQUAL\n' +
            'execute THROWIF 137\n' +
            'execute PUSHPOW2 10\n' +
            'execute EQUAL\n' +
            'execute THROWIFNOT 136\n' +
            'execute STSLICER\n' +
            'execute ENDC\n' +
            'execute ROT\n' +
            'execute STREF\n' +
            'execute ENDC\n' +
            'execute SWAP\n' +
            'execute STREF\n' +
            'execute implicit RET\n' +
            'execute ENDC\n' +
            'execute POP c4\n' +
            'execute implicit RET\n',
          debugLogs: '',
          events: [Array],
          parent: [Object],
          children: [Array],
          externals: []
        },
        children: [],
        externals: []
      },
      {
        address: 105818132960003171416304597453717637701794574747475969910003481004036112389684n,
        lt: 46000000n,
        prevTransactionHash: 85240400545105739250505253116346765189948798819886760740447192485561040704905n,
        prevTransactionLt: 44000000n,
        now: 1732922822,
        outMessagesCount: 0,
        oldStatus: 'active',
        endStatus: 'active',
        inMessage: { info: [Object], init: null, body: x{} },
        outMessages: Dictionary { _key: [Object], _value: [Object], _map: Map(0) {} },
        totalFees: { coins: 123600n },
        stateUpdate: {
          oldHash: <Buffer 09 6d 24 df 23 90 8d db de bc 64 51 ae 1d 94 73 3c 24 f6 44 3d fa cf b9 6c a5 70 7f d9 f6 60 71>,
          newHash: <Buffer 34 13 0a 48 b3 1d d0 47 64 b4 ed 86 63 ac 5b d3 af d8 02 4f b2 bb 29 e9 39 08 13 8d bb c2 9d d6>
        },
        description: {
          type: 'generic',
          creditFirst: false,
          storagePhase: [Object],
          creditPhase: [Object],
          computePhase: [Object],
          actionPhase: [Object],
          bouncePhase: undefined,
          aborted: false,
          destroyed: false
        },
        raw: x{7E9F2F0D84B872955EA7531CD76AA1708C7F19E9781FF03939BD35BA547EE16340000000002BDE780BC745B63E3C084B2ABBAD2B7FBA395EF1E3F32AF5953E4728A20C5D98855158900000000029F6300674A4DC600014603C5A0}
         x{A_}
          x{6800A4BAF36B13E3AE770F28659A34B2D81F38859E8C08CF776F2BB4B44180438271003A7CBC3612E1CA557A9D4C735DAA85C231FC67A5E07FC0E4E6F4D6E951FB858D100E4647480608235A000000000501BD04CE949B8C4_}
         x{72096D24DF23908DDBDEBC6451AE1D94733C24F6443DFACFB96CA5707FD9F6607134130A48B31DD04764B4ED8663AC5BD3AFD8024FB2BB29E93908138DBBC29DD6}
         x{040900E4647498603C5A11_}
          x{4026AC0922BC00000000000000000500000000000000000000000000000000000000000000000000000000000000000000000000000000000000000000000000000000000000000000000000000000}
          x{C00000000000000000000000012D452DA449E50B8CF7DD27861F146122AFE1B546BB8B70FC8216F0C614139F8E04_},
        hash: [Function: hash],
        blockchainLogs: '[ 4][t 0][2024-10-30 23:27:03.156000][transaction.cpp:443]\tunpacking account E9F2F0D84B872955EA7531CD76AA1708C7F19E9781FF03939BD35BA547EE1634\n' +
          '[ 4][t 0][2024-10-30 23:27:03.156000][transaction.cpp:274]\tlast_paid=1732922822; cells=6 bits=821 public_cells=0\n' +
          '[ 4][t 0][2024-10-30 23:27:03.156000][transaction.cpp:504]\tend of Account.unpack() for 0:E9F2F0D84B872955EA7531CD76AA1708C7F19E9781FF03939BD35BA547EE1634 (balance = 999999794878291ng ; last_trans_lt = 44000000..44000001)\n' +
          '[ 4][t 0][2024-10-30 23:27:03.156000][transaction.cpp:3655]\tblock random seed set to 0000000000000000000000000000000000000000000000000000000000000000\n' +
          '[ 4][t 0][2024-10-30 23:27:03.156000][transaction.cpp:1236]\tgas limits: max=1000000, limit=149679, credit=0\n' +
          '[ 4][t 0][2024-10-30 23:27:03.156000][transaction.cpp:1575]\tin_msg_state is null\n' +
          '[ 4][t 0][2024-10-30 23:27:03.156000][transaction.cpp:1645]\tcreating VM\n' +
          '[ 4][t 0][2024-10-30 23:27:03.156000][transaction.cpp:1351]\tSmartContractInfo initialized with [ 124711402 0 0 1732922822 46000000 46000000 60210483465141978598827679003117970236339845468170532052053411751718225576024 [ 999999854749989 (null) ] CS{Cell{0275c00e9f2f0d84b872955ea7531cd76aa1708c7f19e9781ff03939bd35ba547ee163420c80cd433a526e30000000000a7d8c05c0e35fa62325d4d340} bits: 1..268; refs: 0..0} C{A7EC01478F770EF8F8B037CC7E42F0ABF0D85A50E1828C2394DAD1411691F2DE} C{D992502B94EA96E7B34E5D62FFB0C6FC73D78B3E61F11F0848FB3A1EB1AFC912} [ 59871698 (null) ] 0 (null) [ CS{Cell{004dd06600000000000000000000000080000000000000fa00000000000001f4000000000003d09040} bits: 9..305; refs: 0..0} (null) CS{Cell{0094d1000000000000006400000000000f4240de000000002710000000000000000f42400000000002160ec0000000000000271000000000002625a00000000005f5e100000000003b9aca00} bits: 0..592; refs: 0..0} CS{Cell{0094d100000000000000640000000000009c40de000000000190000000000000000f424000000000000f4240000000000000271000000000009896800000000005f5e100000000003b9aca00} bits: 0..592; refs: 0..0} CS{Cell{0042ea000000000098968000000000271000000000000f424000000001800055555555} bits: 0..264; refs: 0..0} CS{Cell{0042ea0000000000061a800000000001900000000000009c4000000001800055555555} bits: 0..264; refs: 0..0} (null) ] 0 (null) ]\n' +
          '[ 4][t 0][2024-10-30 23:27:03.156000][transaction.cpp:1675]\tstarting VM\n' +
          '[ 4][t 0][2024-10-30 23:27:03.156000][transaction.cpp:1680]\tVM terminated with exit code 0\n' +
          '[ 3][t 0][2024-10-30 23:27:03.157000][transaction.cpp:1702]\tsteps: 5 gas: used=309, max=1000000, limit=149679, credit=0\n' +
          '[ 3][t 0][2024-10-30 23:27:03.157000][transaction.cpp:1704]\tout_of_gas=false, accepted=true, success=true, time=0.000018s\n' +
          '[ 4][t 0][2024-10-30 23:27:03.157000][transaction.cpp:1737]\tgas fees: 123600 = 26214400 * 309 /2^16 ; price=26214400; flat rate=[40000 for 100]; remaining balance=999999854626389ng\n',
        vmLogs: 'execute SETCP 0\n' +
          'execute DICTPUSHCONST 19 (xC_,1)\n' +
          'execute DICTIGETJMPZ\n' +
          'execute DROP\n' +
          'execute implicit RET\n',
        debugLogs: '',
        events: [],
        parent: {
          address: 37254810366437813475271750514734067285117962570475561289538093995582013161784n,
          lt: 42000000n,
          prevTransactionHash: 50843683768065244050508153825875713956410638258577774258197046210221434905745n,
          prevTransactionLt: 38000000n,
          now: 1732922822,
          outMessagesCount: 2,
          oldStatus: 'active',
          endStatus: 'active',
          inMessage: [Object],
          outMessages: [Dictionary],
          totalFees: [Object],
          stateUpdate: [Object],
          description: [Object],
          raw: x{7525D79B589F1D73B879432CD1A596C0F9C42CF460467BBB795DA5A20C021C138000000000280DE80706881558FA6BF8278E1FC26F4710B8E05FF3BF4DCF8FF2F099CD7F9F4D2A491000000000243D580674A4DC6000547598D6C}
           x{E_}
            x{6801C25D36B535BEF92116226484A49D03E01E5050FFC3053F6C298C080280A4EEF90014975E6D627C75CEE1E50CB346965B03E710B3D18119EEEDE57696883008704E101119EF88060DFF5E0000000004A62F82CE949B8CC_}
             x{2A004A0500000000000000000000000000000000000000000000000000000000000000000000000000000000400B75A3E1A6460F415CE3721F308920C4B456F3B977F39EB26CED9155308A976CC}
            x{DD_}
             x{2_}
              x{6800A4BAF36B13E3AE770F28659A34B2D81F38859E8C08CF776F2BB4B44180438271002DD68F8699183D05738DC87CC2248312D15BCEE5DFCE7AC9B3B64554C22A5DB310E27F66000608235A000000000501BD02CE949B8C4_}
             x{2_}
              x{6800A4BAF36B13E3AE770F28659A34B2D81F38859E8C08CF776F2BB4B44180438271003A7CBC3612E1CA557A9D4C735DAA85C231FC67A5E07FC0E4E6F4D6E951FB858D100E4647480608235A000000000501BD04CE949B8C4_}
           x{727CCE6ECF3629518D10A11B954DA29982CAE109702D8838DBEF144B0996D26C307B42F9616DB814D8DFBA8BC093385FD59BEFB62C5695AFD8B4A8BFBBB6CD0298}
           x{040901119EF8987516A211_}
            x{4D7F2C0AF1E00000000000000002E500000000000000000000000000000000000000000000000000000000000000000000000000000000000000000000000000000000000000000000000000000000}
            x{C9861A804C1046980000000000060002000000043651A2A662F89C7740EEA526FC5CE217E82DE3D7D1DE92108F0184BF9C7A0C2840902C14_},
          hash: [Function: hash],
          blockchainLogs: '[ 4][t 0][2024-10-30 23:27:03.143000][transaction.cpp:443]\tunpacking account 525D79B589F1D73B879432CD1A596C0F9C42CF460467BBB795DA5A20C021C138\n' +
            '[ 4][t 0][2024-10-30 23:27:03.143000][transaction.cpp:274]\tlast_paid=1732922822; cells=234 bits=84033 public_cells=0\n' +
            '[ 4][t 0][2024-10-30 23:27:03.143000][transaction.cpp:504]\tend of Account.unpack() for 0:525D79B589F1D73B879432CD1A596C0F9C42CF460467BBB795DA5A20C021C138 (balance = 2100000000ng ; last_trans_lt = 38000000..38000005)\n' +
            '[ 4][t 0][2024-10-30 23:27:03.143000][transaction.cpp:3655]\tblock random seed set to 0000000000000000000000000000000000000000000000000000000000000000\n' +
            '[ 4][t 0][2024-10-30 23:27:03.143000][transaction.cpp:1236]\tgas limits: max=1000000, limit=179320, credit=0\n' +
            '[ 4][t 0][2024-10-30 23:27:03.143000][transaction.cpp:1575]\tin_msg_state is null\n' +
            '[ 4][t 0][2024-10-30 23:27:03.143000][transaction.cpp:1645]\tcreating VM\n' +
            '[ 4][t 0][2024-10-30 23:27:03.143000][transaction.cpp:1351]\tSmartContractInfo initialized with [ 124711402 0 0 1732922822 42000000 42000000 14068792954309835536948273256715513127174070948738620016199408580766834334284 [ 2171728098 (null) ] CS{Cell{0271c00525d79b589f1d73b879432cd1a596c0f9c42cf460467bbb795da5a20c021c1383d4c05210433a526e3000000000090f56151f4add401340} bits: 1..268; refs: 0..0} C{A7EC01478F770EF8F8B037CC7E42F0ABF0D85A50E1828C2394DAD1411691F2DE} C{42B6F0E46484EFC57B9508F6BA7EF42E7512023D5CB4ED5628DD1C7755D16E9D} [ 71728098 (null) ] 0 (null) [ CS{Cell{004dd06600000000000000000000000080000000000000fa00000000000001f4000000000003d09040} bits: 9..305; refs: 0..0} (null) CS{Cell{0094d1000000000000006400000000000f4240de000000002710000000000000000f42400000000002160ec0000000000000271000000000002625a00000000005f5e100000000003b9aca00} bits: 0..592; refs: 0..0} CS{Cell{0094d100000000000000640000000000009c40de000000000190000000000000000f424000000000000f4240000000000000271000000000009896800000000005f5e100000000003b9aca00} bits: 0..592; refs: 0..0} CS{Cell{0042ea000000000098968000000000271000000000000f424000000001800055555555} bits: 0..264; refs: 0..0} CS{Cell{0042ea0000000000061a800000000001900000000000009c4000000001800055555555} bits: 0..264; refs: 0..0} (null) ] 0 (null) ]\n' +
            '[ 4][t 0][2024-10-30 23:27:03.143000][transaction.cpp:1675]\tstarting VM\n' +
            '[ 4][t 0][2024-10-30 23:27:03.144000][transaction.cpp:1680]\tVM terminated with exit code 0\n' +
            '[ 3][t 0][2024-10-30 23:27:03.144000][transaction.cpp:1702]\tsteps: 741 gas: used=27641, max=1000000, limit=179320, credit=0\n' +
            '[ 3][t 0][2024-10-30 23:27:03.144000][transaction.cpp:1704]\tout_of_gas=false, accepted=true, success=true, time=0.000847s\n' +
            '[ 4][t 0][2024-10-30 23:27:03.145000][transaction.cpp:1737]\tgas fees: 11056400 = 26214400 * 27641 /2^16 ; price=26214400; flat rate=[40000 for 100]; remaining balance=2160671698ng\n' +
            '[ 3][t 0][2024-10-30 23:27:03.145000][transaction.cpp:2678]\tin try_action_reserve_currency(0)\n' +
            '[ 4][t 0][2024-10-30 23:27:03.145000][transaction.cpp:2684]\taction_reserve_currency: mode=0, reserve=1150000000ng, balance=2160671698ng, original balance=2100000000ng\n' +
            '[ 3][t 0][2024-10-30 23:27:03.145000][transaction.cpp:2729]\tchanged remaining balance to 1010671698ng, reserved balance to 1150000000ng\n' +
            '[ 4][t 0][2024-10-30 23:27:03.145000][transaction.cpp:2448]\tstorage paid for a message: 0 cells, 0 bits\n' +
            '[ 4][t 0][2024-10-30 23:27:03.145000][transaction.cpp:2452]\tcomputed fwd fees = 400000 + 0\n' +
            '[ 4][t 0][2024-10-30 23:27:03.145000][transaction.cpp:2448]\tstorage paid for a message: 0 cells, 0 bits\n' +
            '[ 4][t 0][2024-10-30 23:27:03.145000][transaction.cpp:2452]\tcomputed fwd fees = 400000 + 0\n',
          vmLogs: 'xecute EQUAL\n' +
            'execute THROWIF 137\n' +
            'execute PUSHPOW2 10\n' +
            'execute EQUAL\n' +
            'execute THROWIFNOT 136\n' +
            'execute STSLICER\n' +
            'execute ENDC\n' +
            'execute ROT\n' +
            'execute STREF\n' +
            'execute ENDC\n' +
            'execute SWAP\n' +
            'execute STREF\n' +
            'execute implicit RET\n' +
            'execute ENDC\n' +
            'execute POP c4\n' +
            'execute implicit RET\n',
          debugLogs: '',
          events: [Array],
          parent: [Object],
          children: [Array],
          externals: []
        },
        children: [],
        externals: []
      },
      {
        address: 58472766802306075836644181314469769209867032629105944563722669090714916911778n,
        lt: 47000000n,
        prevTransactionHash: 44865914837772381101506105593285472882317623515906490182024710490061552739669n,
        prevTransactionLt: 26000000n,
        now: 1732922822,
        outMessagesCount: 0,
        oldStatus: 'active',
        endStatus: 'active',
        inMessage: { info: [Object], init: null, body: x{} },
        outMessages: Dictionary { _key: [Object], _value: [Object], _map: Map(0) {} },
        totalFees: { coins: 274724n },
        stateUpdate: {
          oldHash: <Buffer 51 72 fa 23 eb 52 8b fa 63 7f 1d 08 a7 a3 d7 f7 9c 1b 72 c6 60 c8 44 80 43 a2 0f 29 84 02 b5 10>,
          newHash: <Buffer e3 82 9a fa 19 22 0d 73 de 19 bc d9 9c 35 9d 0a 79 f0 43 b8 ca 35 0e 65 41 e6 e5 79 07 5a 6a 2e>
        },
        description: {
          type: 'generic',
          creditFirst: false,
          storagePhase: [Object],
          creditPhase: [Object],
          computePhase: [Object],
          actionPhase: [Object],
          bouncePhase: undefined,
          aborted: false,
          destroyed: false
        },
        raw: x{7814669C6B54FD8B2DD8E93AAA6E5DE45BD032703F7A61C194AB414089B0A7AA20000000002CD29C063313538B98EB179539851EC35F5946F0A9A332C19C3EF474719943E486BE55500000000018CBA80674A4DC6000146086248}
         x{A_}
          x{6800A4BAF36B13E3AE770F28659A34B2D81F38859E8C08CF776F2BB4B441804382710020519A71AD53F62CB763A4EAA9B977916F40C9C0FDE9870652AD050226C29EA890FA19E1000608235A0000000005204182CE949B8C4_}
         x{725172FA23EB528BFA637F1D08A7A3D7F79C1B72C660C8448043A20F298402B510E3829AFA19220D73DE19BCD99C359D0A79F043B8CA350E6541E6E579075A6A2E}
         x{04C09395090FA19E1018603C5A11_}
          x{4026AC3D090000000000000000000500000000000000000000000000000000000000000000000000000000000000000000000000000000000000000000000000000000000000000000000000000000}
          x{C00000000000000000000000012D452DA449E50B8CF7DD27861F146122AFE1B546BB8B70FC8216F0C614139F8E04_},
        hash: [Function: hash],
        blockchainLogs: '[ 4][t 0][2024-10-30 23:27:03.158000][transaction.cpp:443]\tunpacking account 814669C6B54FD8B2DD8E93AAA6E5DE45BD032703F7A61C194AB414089B0A7AA2\n' +
          '[ 4][t 0][2024-10-30 23:27:03.158000][transaction.cpp:274]\tlast_paid=1730330822; cells=6 bits=821 public_cells=0\n' +
          '[ 4][t 0][2024-10-30 23:27:03.158000][transaction.cpp:504]\tend of Account.unpack() for 0:814669C6B54FD8B2DD8E93AAA6E5DE45BD032703F7A61C194AB414089B0A7AA2 (balance = 999998964244000ng ; last_trans_lt = 26000000..26000001)\n' +
          '[ 4][t 0][2024-10-30 23:27:03.158000][transaction.cpp:3655]\tblock random seed set to 0000000000000000000000000000000000000000000000000000000000000000\n' +
          '[ 4][t 0][2024-10-30 23:27:03.158000][transaction.cpp:1236]\tgas limits: max=1000000, limit=1000000, credit=0\n' +
          '[ 4][t 0][2024-10-30 23:27:03.158000][transaction.cpp:1575]\tin_msg_state is null\n' +
          '[ 4][t 0][2024-10-30 23:27:03.158000][transaction.cpp:1645]\tcreating VM\n' +
          '[ 4][t 0][2024-10-30 23:27:03.158000][transaction.cpp:1351]\tSmartContractInfo initialized with [ 124711402 0 0 1732922822 47000000 47000000 115447700146533501994236152434741364412838807905984067774762833459387322310298 [ 1000000013092876 (null) ] CS{Cell{0275c00814669c6b54fd8b2dd8e93aaa6e5de45bd032703f7a61c194ab414089b0a7aa220c80cd4339160630000000000632ea05c0e35f99c287881340} bits: 1..268; refs: 0..0} C{A7EC01478F770EF8F8B037CC7E42F0ABF0D85A50E1828C2394DAD1411691F2DE} C{D992502B94EA96E7B34E5D62FFB0C6FC73D78B3E61F11F0848FB3A1EB1AFC912} [ 1049000000 (null) ] 151124 (null) [ CS{Cell{004dd06600000000000000000000000080000000000000fa00000000000001f4000000000003d09040} bits: 9..305; refs: 0..0} (null) CS{Cell{0094d1000000000000006400000000000f4240de000000002710000000000000000f42400000000002160ec0000000000000271000000000002625a00000000005f5e100000000003b9aca00} bits: 0..592; refs: 0..0} CS{Cell{0094d100000000000000640000000000009c40de000000000190000000000000000f424000000000000f4240000000000000271000000000009896800000000005f5e100000000003b9aca00} bits: 0..592; refs: 0..0} CS{Cell{0042ea000000000098968000000000271000000000000f424000000001800055555555} bits: 0..264; refs: 0..0} CS{Cell{0042ea0000000000061a800000000001900000000000009c4000000001800055555555} bits: 0..264; refs: 0..0} (null) ] 0 (null) ]\n' +
          '[ 4][t 0][2024-10-30 23:27:03.158000][transaction.cpp:1675]\tstarting VM\n' +
          '[ 4][t 0][2024-10-30 23:27:03.158000][transaction.cpp:1680]\tVM terminated with exit code 0\n' +
          '[ 3][t 0][2024-10-30 23:27:03.158000][transaction.cpp:1702]\tsteps: 5 gas: used=309, max=1000000, limit=1000000, credit=0\n' +
          '[ 3][t 0][2024-10-30 23:27:03.158000][transaction.cpp:1704]\tout_of_gas=false, accepted=true, success=true, time=0.000019s\n' +
          '[ 4][t 0][2024-10-30 23:27:03.158000][transaction.cpp:1737]\tgas fees: 123600 = 26214400 * 309 /2^16 ; price=26214400; flat rate=[40000 for 100]; remaining balance=1000000012969276ng\n',
        vmLogs: 'execute SETCP 0\n' +
          'execute DICTPUSHCONST 19 (xC_,1)\n' +
          'execute DICTIGETJMPZ\n' +
          'execute DROP\n' +
          'execute implicit RET\n',
        debugLogs: '',
        events: [],
        parent: {
          address: 37254810366437813475271750514734067285117962570475561289538093995582013161784n,
          lt: 43000000n,
          prevTransactionHash: 83283005723080141331289989798300664619267992886438249796135504558856921065262n,
          prevTransactionLt: 42000000n,
          now: 1732922822,
          outMessagesCount: 2,
          oldStatus: 'active',
          endStatus: 'active',
          inMessage: [Object],
          outMessages: [Dictionary],
          totalFees: [Object],
          stateUpdate: [Object],
          description: [Object],
          raw: x{7525D79B589F1D73B879432CD1A596C0F9C42CF460467BBB795DA5A20C021C13800000000029020C0B82082C2C2022E128B6B89A5A4CD93035A0BB14839210FAC72321198F34AA72E000000000280DE80674A4DC600054750B3CC}
           x{E_}
            x{6800F99E4F01C1A7C3616D00B3681096094D190E846AE8B8DA0403AC5E7A4431E26D0014975E6D627C75CEE1E50CB346965B03E710B3D18119EEEDE57696883008704E101119EF88060DFF5E0000000004C4B402CE949B8CC_}
             x{2A004A0500000000000000010000000000000000000000000000000000000000000000000000000000000000C00814669C6B54FD8B2DD8E93AAA6E5DE45BD032703F7A61C194AB414089B0A7AA2}
            x{DD_}
             x{2_}
              x{6800A4BAF36B13E3AE770F28659A34B2D81F38859E8C08CF776F2BB4B441804382710020519A71AD53F62CB763A4EAA9B977916F40C9C0FDE9870652AD050226C29EA890FA19E1000608235A0000000005204182CE949B8C4_}
             x{2_}
              x{6800A4BAF36B13E3AE770F28659A34B2D81F38859E8C08CF776F2BB4B44180438271003A7CBC3612E1CA557A9D4C735DAA85C231FC67A5E07FC0E4E6F4D6E951FB858D100E57FA880608235A0000000005204184CE949B8C4_}
           x{727B42F9616DB814D8DFBA8BC093385FD59BEFB62C5695AFD8B4A8BFBBB6CD0298EE50935ADCE91BF22D2EF23AF2E5437B4147A58C0154621DA8ABC11090A6D5CA}
           x{040901119EF89874890811_}
            x{4D248C0AF1E00000000000000002E500000000000000000000000000000000000000000000000000000000000000000000000000000000000000000000000000000000000000000000000000000000}
            x{C9861A804C1046980000000000060002000000052AAD406EACA6C587D131AA4517784BFE5726DFFF99153B7D788E0F604E175A2E40902C14_},
          hash: [Function: hash],
          blockchainLogs: '[ 4][t 0][2024-10-30 23:27:03.148000][transaction.cpp:443]\tunpacking account 525D79B589F1D73B879432CD1A596C0F9C42CF460467BBB795DA5A20C021C138\n' +
            '[ 4][t 0][2024-10-30 23:27:03.148000][transaction.cpp:274]\tlast_paid=1732922822; cells=231 bits=83982 public_cells=0\n' +
            '[ 4][t 0][2024-10-30 23:27:03.148000][transaction.cpp:504]\tend of Account.unpack() for 0:525D79B589F1D73B879432CD1A596C0F9C42CF460467BBB795DA5A20C021C138 (balance = 1150000000ng ; last_trans_lt = 42000000..42000003)\n' +
            '[ 4][t 0][2024-10-30 23:27:03.148000][transaction.cpp:3655]\tblock random seed set to 0000000000000000000000000000000000000000000000000000000000000000\n' +
            '[ 4][t 0][2024-10-30 23:27:03.148000][transaction.cpp:1236]\tgas limits: max=1000000, limit=179320, credit=0\n' +
            '[ 4][t 0][2024-10-30 23:27:03.148000][transaction.cpp:1575]\tin_msg_state is null\n' +
            '[ 4][t 0][2024-10-30 23:27:03.148000][transaction.cpp:1645]\tcreating VM\n' +
            '[ 4][t 0][2024-10-30 23:27:03.148000][transaction.cpp:1351]\tSmartContractInfo initialized with [ 124711402 0 0 1732922822 43000000 43000000 14068792954309835536948273256715513127174070948738620016199408580766834334284 [ 1221728098 (null) ] CS{Cell{0271c00525d79b589f1d73b879432cd1a596c0f9c42cf460467bbb795da5a20c021c1383cec05203833a526e30000000000a037a0d1122e6e01340} bits: 1..268; refs: 0..0} C{A7EC01478F770EF8F8B037CC7E42F0ABF0D85A50E1828C2394DAD1411691F2DE} C{42B6F0E46484EFC57B9508F6BA7EF42E7512023D5CB4ED5628DD1C7755D16E9D} [ 71728098 (null) ] 0 (null) [ CS{Cell{004dd06600000000000000000000000080000000000000fa00000000000001f4000000000003d09040} bits: 9..305; refs: 0..0} (null) CS{Cell{0094d1000000000000006400000000000f4240de000000002710000000000000000f42400000000002160ec0000000000000271000000000002625a00000000005f5e100000000003b9aca00} bits: 0..592; refs: 0..0} CS{Cell{0094d100000000000000640000000000009c40de000000000190000000000000000f424000000000000f4240000000000000271000000000009896800000000005f5e100000000003b9aca00} bits: 0..592; refs: 0..0} CS{Cell{0042ea000000000098968000000000271000000000000f424000000001800055555555} bits: 0..264; refs: 0..0} CS{Cell{0042ea0000000000061a800000000001900000000000009c4000000001800055555555} bits: 0..264; refs: 0..0} (null) ] 0 (null) ]\n' +
            '[ 4][t 0][2024-10-30 23:27:03.148000][transaction.cpp:1675]\tstarting VM\n' +
            '[ 4][t 0][2024-10-30 23:27:03.149000][transaction.cpp:1680]\tVM terminated with exit code 0\n' +
            '[ 3][t 0][2024-10-30 23:27:03.149000][transaction.cpp:1702]\tsteps: 741 gas: used=26916, max=1000000, limit=179320, credit=0\n' +
            '[ 3][t 0][2024-10-30 23:27:03.149000][transaction.cpp:1704]\tout_of_gas=false, accepted=true, success=true, time=0.001009s\n' +
            '[ 4][t 0][2024-10-30 23:27:03.149000][transaction.cpp:1737]\tgas fees: 10766400 = 26214400 * 26916 /2^16 ; price=26214400; flat rate=[40000 for 100]; remaining balance=1210961698ng\n' +
            '[ 3][t 0][2024-10-30 23:27:03.149000][transaction.cpp:2678]\tin try_action_reserve_currency(0)\n' +
            '[ 4][t 0][2024-10-30 23:27:03.149000][transaction.cpp:2684]\taction_reserve_currency: mode=0, reserve=101000000ng, balance=1210961698ng, original balance=1150000000ng\n' +
            '[ 3][t 0][2024-10-30 23:27:03.149000][transaction.cpp:2729]\tchanged remaining balance to 1109961698ng, reserved balance to 101000000ng\n' +
            '[ 4][t 0][2024-10-30 23:27:03.149000][transaction.cpp:2448]\tstorage paid for a message: 0 cells, 0 bits\n' +
            '[ 4][t 0][2024-10-30 23:27:03.149000][transaction.cpp:2452]\tcomputed fwd fees = 400000 + 0\n' +
            '[ 4][t 0][2024-10-30 23:27:03.149000][transaction.cpp:2448]\tstorage paid for a message: 0 cells, 0 bits\n' +
            '[ 4][t 0][2024-10-30 23:27:03.149000][transaction.cpp:2452]\tcomputed fwd fees = 400000 + 0\n',
          vmLogs: 'xecute EQUAL\n' +
            'execute THROWIF 137\n' +
            'execute PUSHPOW2 10\n' +
            'execute EQUAL\n' +
            'execute THROWIFNOT 136\n' +
            'execute STSLICER\n' +
            'execute ENDC\n' +
            'execute ROT\n' +
            'execute STREF\n' +
            'execute ENDC\n' +
            'execute SWAP\n' +
            'execute STREF\n' +
            'execute implicit RET\n' +
            'execute ENDC\n' +
            'execute POP c4\n' +
            'execute implicit RET\n',
          debugLogs: '',
          events: [Array],
          parent: [Object],
          children: [Array],
          externals: []
        },
        children: [],
        externals: []
      },
      {
        address: 105818132960003171416304597453717637701794574747475969910003481004036112389684n,
        lt: 48000000n,
        prevTransactionHash: 7779664686840500877880585496486884009684589295949065987602246377552854512503n,
        prevTransactionLt: 46000000n,
        now: 1732922822,
        outMessagesCount: 0,
        oldStatus: 'active',
        endStatus: 'active',
        inMessage: { info: [Object], init: null, body: x{} },
        outMessages: Dictionary { _key: [Object], _value: [Object], _map: Map(0) {} },
        totalFees: { coins: 123600n },
        stateUpdate: {
          oldHash: <Buffer 34 13 0a 48 b3 1d d0 47 64 b4 ed 86 63 ac 5b d3 af d8 02 4f b2 bb 29 e9 39 08 13 8d bb c2 9d d6>,
          newHash: <Buffer 62 bc 80 eb 99 b7 1c 21 7d 9d 4d 83 fb c0 f1 8c 22 97 98 ae 49 f9 10 ba 6e 1b f4 0e de 7c 5c 51>
        },
        description: {
          type: 'generic',
          creditFirst: false,
          storagePhase: [Object],
          creditPhase: [Object],
          computePhase: [Object],
          actionPhase: [Object],
          bouncePhase: undefined,
          aborted: false,
          destroyed: false
        },
        raw: x{7E9F2F0D84B872955EA7531CD76AA1708C7F19E9781FF03939BD35BA547EE16340000000002DC6C001133225911306D27CDA616C6FA7993E18566A6C16AC4CF73BF4C0DBCD38DF3770000000002BDE780674A4DC600014603C5A0}
         x{A_}
          x{6800A4BAF36B13E3AE770F28659A34B2D81F38859E8C08CF776F2BB4B44180438271003A7CBC3612E1CA557A9D4C735DAA85C231FC67A5E07FC0E4E6F4D6E951FB858D100E57FA880608235A0000000005204184CE949B8C4_}
         x{7234130A48B31DD04764B4ED8663AC5BD3AFD8024FB2BB29E93908138DBBC29DD662BC80EB99B71C217D9D4D83FBC0F18C229798AE49F910BA6E1BF40EDE7C5C51}
         x{040900E57FA898603C5A11_}
          x{4026AC092E1000000000000000000500000000000000000000000000000000000000000000000000000000000000000000000000000000000000000000000000000000000000000000000000000000}
          x{C00000000000000000000000012D452DA449E50B8CF7DD27861F146122AFE1B546BB8B70FC8216F0C614139F8E04_},
        hash: [Function: hash],
        blockchainLogs: '[ 4][t 0][2024-10-30 23:27:03.160000][transaction.cpp:443]\tunpacking account E9F2F0D84B872955EA7531CD76AA1708C7F19E9781FF03939BD35BA547EE1634\n' +
          '[ 4][t 0][2024-10-30 23:27:03.160000][transaction.cpp:274]\tlast_paid=1732922822; cells=6 bits=821 public_cells=0\n' +
          '[ 4][t 0][2024-10-30 23:27:03.160000][transaction.cpp:504]\tend of Account.unpack() for 0:E9F2F0D84B872955EA7531CD76AA1708C7F19E9781FF03939BD35BA547EE1634 (balance = 999999854626389ng ; last_trans_lt = 46000000..46000001)\n' +
          '[ 4][t 0][2024-10-30 23:27:03.160000][transaction.cpp:3655]\tblock random seed set to 0000000000000000000000000000000000000000000000000000000000000000\n' +
          '[ 4][t 0][2024-10-30 23:27:03.160000][transaction.cpp:1236]\tgas limits: max=1000000, limit=150404, credit=0\n' +
          '[ 4][t 0][2024-10-30 23:27:03.160000][transaction.cpp:1575]\tin_msg_state is null\n' +
          '[ 4][t 0][2024-10-30 23:27:03.160000][transaction.cpp:1645]\tcreating VM\n' +
          '[ 4][t 0][2024-10-30 23:27:03.160000][transaction.cpp:1351]\tSmartContractInfo initialized with [ 124711402 0 0 1732922822 48000000 48000000 60210483465141978598827679003117970236339845468170532052053411751718225576024 [ 999999914788087 (null) ] CS{Cell{0275c00e9f2f0d84b872955ea7531cd76aa1708c7f19e9781ff03939bd35ba547ee163420c80cd433a526e30000000000af79e05c0e35fa70711955340} bits: 1..268; refs: 0..0} C{A7EC01478F770EF8F8B037CC7E42F0ABF0D85A50E1828C2394DAD1411691F2DE} C{D992502B94EA96E7B34E5D62FFB0C6FC73D78B3E61F11F0848FB3A1EB1AFC912} [ 60161698 (null) ] 0 (null) [ CS{Cell{004dd06600000000000000000000000080000000000000fa00000000000001f4000000000003d09040} bits: 9..305; refs: 0..0} (null) CS{Cell{0094d1000000000000006400000000000f4240de000000002710000000000000000f42400000000002160ec0000000000000271000000000002625a00000000005f5e100000000003b9aca00} bits: 0..592; refs: 0..0} CS{Cell{0094d100000000000000640000000000009c40de000000000190000000000000000f424000000000000f4240000000000000271000000000009896800000000005f5e100000000003b9aca00} bits: 0..592; refs: 0..0} CS{Cell{0042ea000000000098968000000000271000000000000f424000000001800055555555} bits: 0..264; refs: 0..0} CS{Cell{0042ea0000000000061a800000000001900000000000009c4000000001800055555555} bits: 0..264; refs: 0..0} (null) ] 0 (null) ]\n' +
          '[ 4][t 0][2024-10-30 23:27:03.160000][transaction.cpp:1675]\tstarting VM\n' +
          '[ 4][t 0][2024-10-30 23:27:03.160000][transaction.cpp:1680]\tVM terminated with exit code 0\n' +
          '[ 3][t 0][2024-10-30 23:27:03.160000][transaction.cpp:1702]\tsteps: 5 gas: used=309, max=1000000, limit=150404, credit=0\n' +
          '[ 3][t 0][2024-10-30 23:27:03.160000][transaction.cpp:1704]\tout_of_gas=false, accepted=true, success=true, time=0.000018s\n' +
          '[ 4][t 0][2024-10-30 23:27:03.160000][transaction.cpp:1737]\tgas fees: 123600 = 26214400 * 309 /2^16 ; price=26214400; flat rate=[40000 for 100]; remaining balance=999999914664487ng\n',
        vmLogs: 'execute SETCP 0\n' +
          'execute DICTPUSHCONST 19 (xC_,1)\n' +
          'execute DICTIGETJMPZ\n' +
          'execute DROP\n' +
          'execute implicit RET\n',
        debugLogs: '',
        events: [],
        parent: {
          address: 37254810366437813475271750514734067285117962570475561289538093995582013161784n,
          lt: 43000000n,
          prevTransactionHash: 83283005723080141331289989798300664619267992886438249796135504558856921065262n,
          prevTransactionLt: 42000000n,
          now: 1732922822,
          outMessagesCount: 2,
          oldStatus: 'active',
          endStatus: 'active',
          inMessage: [Object],
          outMessages: [Dictionary],
          totalFees: [Object],
          stateUpdate: [Object],
          description: [Object],
          raw: x{7525D79B589F1D73B879432CD1A596C0F9C42CF460467BBB795DA5A20C021C13800000000029020C0B82082C2C2022E128B6B89A5A4CD93035A0BB14839210FAC72321198F34AA72E000000000280DE80674A4DC600054750B3CC}
           x{E_}
            x{6800F99E4F01C1A7C3616D00B3681096094D190E846AE8B8DA0403AC5E7A4431E26D0014975E6D627C75CEE1E50CB346965B03E710B3D18119EEEDE57696883008704E101119EF88060DFF5E0000000004C4B402CE949B8CC_}
             x{2A004A0500000000000000010000000000000000000000000000000000000000000000000000000000000000C00814669C6B54FD8B2DD8E93AAA6E5DE45BD032703F7A61C194AB414089B0A7AA2}
            x{DD_}
             x{2_}
              x{6800A4BAF36B13E3AE770F28659A34B2D81F38859E8C08CF776F2BB4B441804382710020519A71AD53F62CB763A4EAA9B977916F40C9C0FDE9870652AD050226C29EA890FA19E1000608235A0000000005204182CE949B8C4_}
             x{2_}
              x{6800A4BAF36B13E3AE770F28659A34B2D81F38859E8C08CF776F2BB4B44180438271003A7CBC3612E1CA557A9D4C735DAA85C231FC67A5E07FC0E4E6F4D6E951FB858D100E57FA880608235A0000000005204184CE949B8C4_}
           x{727B42F9616DB814D8DFBA8BC093385FD59BEFB62C5695AFD8B4A8BFBBB6CD0298EE50935ADCE91BF22D2EF23AF2E5437B4147A58C0154621DA8ABC11090A6D5CA}
           x{040901119EF89874890811_}
            x{4D248C0AF1E00000000000000002E500000000000000000000000000000000000000000000000000000000000000000000000000000000000000000000000000000000000000000000000000000000}
            x{C9861A804C1046980000000000060002000000052AAD406EACA6C587D131AA4517784BFE5726DFFF99153B7D788E0F604E175A2E40902C14_},
          hash: [Function: hash],
          blockchainLogs: '[ 4][t 0][2024-10-30 23:27:03.148000][transaction.cpp:443]\tunpacking account 525D79B589F1D73B879432CD1A596C0F9C42CF460467BBB795DA5A20C021C138\n' +
            '[ 4][t 0][2024-10-30 23:27:03.148000][transaction.cpp:274]\tlast_paid=1732922822; cells=231 bits=83982 public_cells=0\n' +
            '[ 4][t 0][2024-10-30 23:27:03.148000][transaction.cpp:504]\tend of Account.unpack() for 0:525D79B589F1D73B879432CD1A596C0F9C42CF460467BBB795DA5A20C021C138 (balance = 1150000000ng ; last_trans_lt = 42000000..42000003)\n' +
            '[ 4][t 0][2024-10-30 23:27:03.148000][transaction.cpp:3655]\tblock random seed set to 0000000000000000000000000000000000000000000000000000000000000000\n' +
            '[ 4][t 0][2024-10-30 23:27:03.148000][transaction.cpp:1236]\tgas limits: max=1000000, limit=179320, credit=0\n' +
            '[ 4][t 0][2024-10-30 23:27:03.148000][transaction.cpp:1575]\tin_msg_state is null\n' +
            '[ 4][t 0][2024-10-30 23:27:03.148000][transaction.cpp:1645]\tcreating VM\n' +
            '[ 4][t 0][2024-10-30 23:27:03.148000][transaction.cpp:1351]\tSmartContractInfo initialized with [ 124711402 0 0 1732922822 43000000 43000000 14068792954309835536948273256715513127174070948738620016199408580766834334284 [ 1221728098 (null) ] CS{Cell{0271c00525d79b589f1d73b879432cd1a596c0f9c42cf460467bbb795da5a20c021c1383cec05203833a526e30000000000a037a0d1122e6e01340} bits: 1..268; refs: 0..0} C{A7EC01478F770EF8F8B037CC7E42F0ABF0D85A50E1828C2394DAD1411691F2DE} C{42B6F0E46484EFC57B9508F6BA7EF42E7512023D5CB4ED5628DD1C7755D16E9D} [ 71728098 (null) ] 0 (null) [ CS{Cell{004dd06600000000000000000000000080000000000000fa00000000000001f4000000000003d09040} bits: 9..305; refs: 0..0} (null) CS{Cell{0094d1000000000000006400000000000f4240de000000002710000000000000000f42400000000002160ec0000000000000271000000000002625a00000000005f5e100000000003b9aca00} bits: 0..592; refs: 0..0} CS{Cell{0094d100000000000000640000000000009c40de000000000190000000000000000f424000000000000f4240000000000000271000000000009896800000000005f5e100000000003b9aca00} bits: 0..592; refs: 0..0} CS{Cell{0042ea000000000098968000000000271000000000000f424000000001800055555555} bits: 0..264; refs: 0..0} CS{Cell{0042ea0000000000061a800000000001900000000000009c4000000001800055555555} bits: 0..264; refs: 0..0} (null) ] 0 (null) ]\n' +
            '[ 4][t 0][2024-10-30 23:27:03.148000][transaction.cpp:1675]\tstarting VM\n' +
            '[ 4][t 0][2024-10-30 23:27:03.149000][transaction.cpp:1680]\tVM terminated with exit code 0\n' +
            '[ 3][t 0][2024-10-30 23:27:03.149000][transaction.cpp:1702]\tsteps: 741 gas: used=26916, max=1000000, limit=179320, credit=0\n' +
            '[ 3][t 0][2024-10-30 23:27:03.149000][transaction.cpp:1704]\tout_of_gas=false, accepted=true, success=true, time=0.001009s\n' +
            '[ 4][t 0][2024-10-30 23:27:03.149000][transaction.cpp:1737]\tgas fees: 10766400 = 26214400 * 26916 /2^16 ; price=26214400; flat rate=[40000 for 100]; remaining balance=1210961698ng\n' +
            '[ 3][t 0][2024-10-30 23:27:03.149000][transaction.cpp:2678]\tin try_action_reserve_currency(0)\n' +
            '[ 4][t 0][2024-10-30 23:27:03.149000][transaction.cpp:2684]\taction_reserve_currency: mode=0, reserve=101000000ng, balance=1210961698ng, original balance=1150000000ng\n' +
            '[ 3][t 0][2024-10-30 23:27:03.149000][transaction.cpp:2729]\tchanged remaining balance to 1109961698ng, reserved balance to 101000000ng\n' +
            '[ 4][t 0][2024-10-30 23:27:03.149000][transaction.cpp:2448]\tstorage paid for a message: 0 cells, 0 bits\n' +
            '[ 4][t 0][2024-10-30 23:27:03.149000][transaction.cpp:2452]\tcomputed fwd fees = 400000 + 0\n' +
            '[ 4][t 0][2024-10-30 23:27:03.149000][transaction.cpp:2448]\tstorage paid for a message: 0 cells, 0 bits\n' +
            '[ 4][t 0][2024-10-30 23:27:03.149000][transaction.cpp:2452]\tcomputed fwd fees = 400000 + 0\n',
          vmLogs: 'xecute EQUAL\n' +
            'execute THROWIF 137\n' +
            'execute PUSHPOW2 10\n' +
            'execute EQUAL\n' +
            'execute THROWIFNOT 136\n' +
            'execute STSLICER\n' +
            'execute ENDC\n' +
            'execute ROT\n' +
            'execute STREF\n' +
            'execute ENDC\n' +
            'execute SWAP\n' +
            'execute STREF\n' +
            'execute implicit RET\n' +
            'execute ENDC\n' +
            'execute POP c4\n' +
            'execute implicit RET\n',
          debugLogs: '',
          events: [Array],
          parent: [Object],
          children: [Array],
          externals: []
        },
        children: [],
        externals: []
      }
    ]

      at proceedDeal (tests/MarketTon.spec.ts:2082:17)

  console.log
    [
      {
        type: 'message_sent',
        from: EQDp8vDYS4cpVep1Mc12qhcIx_Gel4H_A5Ob01ulR-4WNMml,
        to: EQBSXXm1ifHXO4eUMs0aWWwPnELPRgRnu7eV2logwCHBOBBt,
        value: 1000000000n,
        body: x{E9626FBA000000000000000000000000}
         x{03DF94AA22408F0D180000001937A3FCD704_}
         x{03DF94AA23405F5E100000001937A3FCD704_},
        bounced: false
      },
      {
        type: 'message_sent',
        from: EQBSXXm1ifHXO4eUMs0aWWwPnELPRgRnu7eV2logwCHBOBBt,
        to: EQASWIYDJyUJTnnETBq5ZC_hy_G_TXfbJcNF3b56jIC81Pj2,
        value: 982832763n,
        body: x{03DF94AA000000000000000022408F0D180000001937A3FCD7011A02FAF080000000C9BD1FE6B82_}
         x{},
        bounced: false
      },
      {
        type: 'message_sent',
        from: EQASWIYDJyUJTnnETBq5ZC_hy_G_TXfbJcNF3b56jIC81Pj2,
        to: EQBSXXm1ifHXO4eUMs0aWWwPnELPRgRnu7eV2logwCHBOBBt,
        value: 978464763n,
        body: x{935FA9D10000000000000000}
         x{00000000000000000000000000000000000000000000000000000000000000220000000000000000000000000000000000000000000000000000000008F0D18001937A3FCD70}
         x{00000000000000000000000000000000000000000000000000000000000000230000000000000000000000000000000000000000000000000000000005F5E10001937A3FCD70},
        bounced: false
      },
      {
        type: 'message_sent',
        from: EQBSXXm1ifHXO4eUMs0aWWwPnELPRgRnu7eV2logwCHBOBBt,
        to: EQC50kw8CkUnsCDgJcqVYTHF61CBKRFXwl_Xlh3y0DobarlX,
        value: 966133163n,
        body: x{E601F8E50000000000000000},
        bounced: false
      },
      {
        type: 'message_sent',
        from: EQC50kw8CkUnsCDgJcqVYTHF61CBKRFXwl_Xlh3y0DobarlX,
        to: EQBSXXm1ifHXO4eUMs0aWWwPnELPRgRnu7eV2logwCHBOBBt,
        value: 960889015n,
        body: x{B687AB17000000000000000000000000}
         x{02A05F5E100205F5E10020EE6B28020098968021DCD6500339160633394AC233391606333A526E30000000000000000C_}
          x{801028CD38D6A9FB165BB1D27554DCBBC8B7A064E07EF4C3832956828113614F545_},
        bounced: false
      },
      {
        type: 'message_sent',
        from: EQBSXXm1ifHXO4eUMs0aWWwPnELPRgRnu7eV2logwCHBOBBt,
        to: EQDhLptamt98kIsRMkJSToHwDygof-GCn7YUxgQBQFJ3fLZb,
        value: 67521600n,
        body: x{BC26F4C80000000000000000},
        bounced: false
      },
      {
        type: 'message_sent',
        from: EQBSXXm1ifHXO4eUMs0aWWwPnELPRgRnu7eV2logwCHBOBBt,
        to: EQB8zyeA4NPhsLaAWbQISwSmjIdCNXRcbQIB1i89IhjxNhei,
        value: 67521600n,
        body: x{BC26F4C80000000000000001},
        bounced: false
      },
      {
        type: 'message_sent',
        from: EQBSXXm1ifHXO4eUMs0aWWwPnELPRgRnu7eV2logwCHBOBBt,
        to: EQC50kw8CkUnsCDgJcqVYTHF61CBKRFXwl_Xlh3y0DobarlX,
        value: 791216215n,
        body: x{B8A3AA140000000000000000801D3E5E1B0970E52ABD4EA639AED542E118FE33D2F03FE072737A6B74A8FDC2C69_},
        bounced: false
      },
      {
        type: 'message_sent',
        from: EQDhLptamt98kIsRMkJSToHwDygof-GCn7YUxgQBQFJ3fLZb,
        to: EQBSXXm1ifHXO4eUMs0aWWwPnELPRgRnu7eV2logwCHBOBBt,
        value: 71728098n,
        body: x{2A004A0500000000000000000000000000000000000000000000000000000000000000000000000000000000400B75A3E1A6460F415CE3721F308920C4B456F3B977F39EB26CED9155308A976CC},
        bounced: false
      },
      {
        type: 'message_sent',
        from: EQB8zyeA4NPhsLaAWbQISwSmjIdCNXRcbQIB1i89IhjxNhei,
        to: EQBSXXm1ifHXO4eUMs0aWWwPnELPRgRnu7eV2logwCHBOBBt,
        value: 71728098n,
        body: x{2A004A0500000000000000010000000000000000000000000000000000000000000000000000000000000000C00814669C6B54FD8B2DD8E93AAA6E5DE45BD032703F7A61C194AB414089B0A7AA2},
        bounced: false
      },
      {
        type: 'message_sent',
        from: EQC50kw8CkUnsCDgJcqVYTHF61CBKRFXwl_Xlh3y0DobarlX,
        to: EQDp8vDYS4cpVep1Mc12qhcIx_Gel4H_A5Ob01ulR-4WNMml,
        value: 797417415n,
        body: x{},
        bounced: false
      },
      {
        type: 'account_destroyed',
        account: EQC50kw8CkUnsCDgJcqVYTHF61CBKRFXwl_Xlh3y0DobarlX
      },
      {
        type: 'message_sent',
        from: EQBSXXm1ifHXO4eUMs0aWWwPnELPRgRnu7eV2logwCHBOBBt,
        to: EQC3Wj4aZGD0Fc43IfMIkgxLRW87l3856ybO2RVTCKl2zDIR,
        value: 950000000n,
        body: x{},
        bounced: false
      },
      {
        type: 'message_sent',
        from: EQBSXXm1ifHXO4eUMs0aWWwPnELPRgRnu7eV2logwCHBOBBt,
        to: EQDp8vDYS4cpVep1Mc12qhcIx_Gel4H_A5Ob01ulR-4WNMml,
        value: 59871698n,
        body: x{},
        bounced: false
      },
      {
        type: 'message_sent',
        from: EQBSXXm1ifHXO4eUMs0aWWwPnELPRgRnu7eV2logwCHBOBBt,
        to: EQCBRmnGtU_Yst2Ok6qm5d5FvQMnA_emHBlKtBQImwp6oicf,
        value: 1049000000n,
        body: x{},
        bounced: false
      },
      {
        type: 'message_sent',
        from: EQBSXXm1ifHXO4eUMs0aWWwPnELPRgRnu7eV2logwCHBOBBt,
        to: EQDp8vDYS4cpVep1Mc12qhcIx_Gel4H_A5Ob01ulR-4WNMml,
        value: 60161698n,
        body: x{},
        bounced: false
      }
    ]

      at proceedDeal (tests/MarketTon.spec.ts:2083:17)

  console.log
    User fee :-0.085335513

      at proceedDeal (tests/MarketTon.spec.ts:2086:17)

  console.log
    User fee :-0.0356324

      at createDeal (tests/MarketTon.spec.ts:1954:17)

  console.log
    User fee :-0.1193928

      at takeDeal (tests/MarketTon.spec.ts:2019:17)

  console.log
    [
      {
        address: 105818132960003171416304597453717637701794574747475969910003481004036112389684n,
        lt: 33000000n,
        prevTransactionHash: 99759893381725063937640922071529168209397002325745509748677712336608785288174n,
        prevTransactionLt: 9000000n,
        now: 1732922823,
        outMessagesCount: 1,
        oldStatus: 'active',
        endStatus: 'active',
        inMessage: {
          info: [Object],
          init: null,
          body: x{579378ED124D4474AEAC829C138B5598B5168CF79FD305630FA5D54299276449C_}
           x{D001}
            x{6200292EBCDAC4F8EB9DC3CA19668D2CB607CE2167A30233DDDBCAED2D106010E09C21DCD6500000000000000000000000000000E9626FBA000000000000000000000000}
             x{03DF94AA22402625A00000001937A3FD1584_}
             x{03DF94AA23405F5E100000001937A3FD1584_}
        },
        outMessages: Dictionary { _key: [Object], _value: [Object], _map: [Map] },
        totalFees: { coins: 2020320n },
        stateUpdate: {
          oldHash: <Buffer 85 bb 73 1a b5 1a 9b ac db 5e e9 04 0f b8 58 2f ec 12 3b 1b 42 41 e4 2b 87 5e 8c 6d b7 54 8f d1>,
          newHash: <Buffer a8 92 b1 25 6f 0c b8 79 7e be 15 9b f2 ac a2 1e 96 d1 26 c2 22 d6 eb 95 8a 35 40 29 4b 56 0e 21>
        },
        description: {
          type: 'generic',
          creditFirst: true,
          storagePhase: [Object],
          creditPhase: undefined,
          computePhase: [Object],
          actionPhase: [Object],
          bouncePhase: undefined,
          aborted: false,
          destroyed: false
        },
        raw: x{7E9F2F0D84B872955EA7531CD76AA1708C7F19E9781FF03939BD35BA547EE16340000000001F78A40DC8E19453BF1E709F5488B020F020C9E4B7A598F2478A8DBBC77921ECB1B4BEE0000000000895440674A4DC70003463DA7C0}
         x{E_}
          x{8801D3E5E1B0970E52ABD4EA639AED542E118FE33D2F03FE072737A6B74A8FDC2C6802BC9BC768926A23A5756414E09C5AACC5A8B467BCFE982B187D2EAA14C93B224E_}
           x{D001}
            x{6200292EBCDAC4F8EB9DC3CA19668D2CB607CE2167A30233DDDBCAED2D106010E09C21DCD6500000000000000000000000000000E9626FBA000000000000000000000000}
             x{03DF94AA22402625A00000001937A3FD1584_}
             x{03DF94AA23405F5E100000001937A3FD1584_}
          x{DF_}
           x{6801D3E5E1B0970E52ABD4EA639AED542E118FE33D2F03FE072737A6B74A8FDC2C690014975E6D627C75CEE1E50CB346965B03E710B3D18119EEEDE57696883008704E10EE6B2800060C0F880000000003EF1482CE949B8E74B137DD0000000000000000000000004_}
            x{03DF94AA22402625A00000001937A3FD1584_}
            x{03DF94AA23405F5E100000001937A3FD1584_}
         x{7285BB731AB51A9BACDB5EE9040FB8582FEC123B1B4241E42B875E8C6DB7548FD1A892B1256F0CB8797EBE159BF2ACA21E96D126C222D6EB958A3540294B560E21}
         x{0CC0939506185E94844_}
          x{40F223138800000000000000000C800000000000000000000000000000000000000000000000000000000000000000000000000000000000000000000000000000000000000000000000000000002_}
          x{C98485D04C0C0F700000000000020000000000033560CA0801F256C776C9B4A7AA78E67D22FFCCD3A9F0655F71BEA1A066F6C52640D022DC_},
        hash: [Function: hash],
        blockchainLogs: '[ 4][t 0][2024-10-30 23:27:03.693000][transaction.cpp:443]\tunpacking account E9F2F0D84B872955EA7531CD76AA1708C7F19E9781FF03939BD35BA547EE1634\n' +
          '[ 4][t 0][2024-10-30 23:27:03.693000][transaction.cpp:274]\tlast_paid=1730330823; cells=6 bits=821 public_cells=0\n' +
          '[ 4][t 0][2024-10-30 23:27:03.693000][transaction.cpp:504]\tend of Account.unpack() for 0:E9F2F0D84B872955EA7531CD76AA1708C7F19E9781FF03939BD35BA547EE1634 (balance = 1000000000000000ng ; last_trans_lt = 9000000..9000001)\n' +
          '[ 4][t 0][2024-10-30 23:27:03.693000][transaction.cpp:3655]\tblock random seed set to 0000000000000000000000000000000000000000000000000000000000000000\n' +
          '[ 4][t 0][2024-10-30 23:27:03.693000][transaction.cpp:788]\tstorage paid for a message: 4 cells, 842 bits\n' +
          '[ 4][t 0][2024-10-30 23:27:03.693000][transaction.cpp:802]\tcomputed fwd fees = 896800 + 0\n' +
          '[ 4][t 0][2024-10-30 23:27:03.693000][transaction.cpp:1236]\tgas limits: max=1000000, limit=0, credit=10000\n' +
          '[ 4][t 0][2024-10-30 23:27:03.693000][transaction.cpp:1575]\tin_msg_state is null\n' +
          '[ 4][t 0][2024-10-30 23:27:03.693000][transaction.cpp:1645]\tcreating VM\n' +
          '[ 4][t 0][2024-10-30 23:27:03.693000][transaction.cpp:1351]\tSmartContractInfo initialized with [ 124711402 0 0 1732922823 33000000 33000000 60210483465141978598827679003117970236339845468170532052053411751718225576024 [ 999999998952076 (null) ] CS{Cell{0275c00e9f2f0d84b872955ea7531cd76aa1708c7f19e9781ff03939bd35ba547ee163420c80cd43391606380000000002255105c0e35fa931a0001340} bits: 1..268; refs: 0..0} C{A7EC01478F770EF8F8B037CC7E42F0ABF0D85A50E1828C2394DAD1411691F2DE} C{D992502B94EA96E7B34E5D62FFB0C6FC73D78B3E61F11F0848FB3A1EB1AFC912} [ 0 (null) ] 151124 (null) [ CS{Cell{004dd06600000000000000000000000080000000000000fa00000000000001f4000000000003d09040} bits: 9..305; refs: 0..0} (null) CS{Cell{0094d1000000000000006400000000000f4240de000000002710000000000000000f42400000000002160ec0000000000000271000000000002625a00000000005f5e100000000003b9aca00} bits: 0..592; refs: 0..0} CS{Cell{0094d100000000000000640000000000009c40de000000000190000000000000000f424000000000000f4240000000000000271000000000009896800000000005f5e100000000003b9aca00} bits: 0..592; refs: 0..0} CS{Cell{0042ea000000000098968000000000271000000000000f424000000001800055555555} bits: 0..264; refs: 0..0} CS{Cell{0042ea0000000000061a800000000001900000000000009c4000000001800055555555} bits: 0..264; refs: 0..0} (null) ] 0 (null) ]\n' +
          '[ 4][t 0][2024-10-30 23:27:03.694000][transaction.cpp:1675]\tstarting VM\n' +
          '[ 4][t 0][2024-10-30 23:27:03.694000][transaction.cpp:1680]\tVM terminated with exit code 0\n' +
          '[ 3][t 0][2024-10-30 23:27:03.694000][transaction.cpp:1702]\tsteps: 50 gas: used=1937, max=1000000, limit=1000000, credit=0\n' +
          '[ 3][t 0][2024-10-30 23:27:03.694000][transaction.cpp:1704]\tout_of_gas=false, accepted=true, success=true, time=0.000090s\n' +
          '[ 4][t 0][2024-10-30 23:27:03.694000][transaction.cpp:1737]\tgas fees: 774800 = 26214400 * 1937 /2^16 ; price=26214400; flat rate=[40000 for 100]; remaining balance=999999998177276ng\n' +
          '[ 4][t 0][2024-10-30 23:27:03.694000][transaction.cpp:2448]\tstorage paid for a message: 2 cells, 282 bits\n' +
          '[ 4][t 0][2024-10-30 23:27:03.694000][transaction.cpp:2452]\tcomputed fwd fees = 592800 + 0\n',
        vmLogs: 'ULLSWAPIFNOT2\n' +
          'execute DUP\n' +
          'execute PUSHCONT x02D307D43001FB00\n' +
          'execute PUSHCONT x32\n' +
          'execute IFELSE\n' +
          'execute POP s2\n' +
          'execute implicit RET\n' +
          'execute SWAP\n' +
          'execute NOT\n' +
          'execute implicit RET\n' +
          'until loop body end\n' +
          'until loop terminated\n' +
          'execute 2DROP\n' +
          'execute implicit RET\n',
        debugLogs: '',
        events: [ [Object] ],
        parent: undefined,
        children: [ [Object] ],
        externals: []
      },
      {
        address: 37254810366437813475271750514734067285117962570475561289538093995582013161784n,
        lt: 34000000n,
        prevTransactionHash: 17468540517168726299792686831395063017927178026304330119430336167715577162462n,
        prevTransactionLt: 25000000n,
        now: 1732922823,
        outMessagesCount: 1,
        oldStatus: 'active',
        endStatus: 'active',
        inMessage: {
          info: [Object],
          init: null,
          body: x{E9626FBA000000000000000000000000}
           x{03DF94AA22402625A00000001937A3FD1584_}
           x{03DF94AA23405F5E100000001937A3FD1584_}
        },
        outMessages: Dictionary { _key: [Object], _value: [Object], _map: [Map] },
        totalFees: { coins: 16763500n },
        stateUpdate: {
          oldHash: <Buffer 53 d0 8b c9 ec 11 0f 94 36 04 d3 e4 30 d4 d3 0c 77 cb 15 25 e5 57 55 2b a2 dd 80 47 5d 5e 69 d4>,
          newHash: <Buffer c9 f6 e1 56 d8 df b0 3f 80 74 a2 97 97 8f 2b aa 7d 5b 91 91 bc 45 1b a8 53 fd 8d 58 eb 9c 7a 54>
        },
        description: {
          type: 'generic',
          creditFirst: false,
          storagePhase: [Object],
          creditPhase: [Object],
          computePhase: [Object],
          actionPhase: [Object],
          bouncePhase: undefined,
          aborted: false,
          destroyed: false
        },
        raw: x{7525D79B589F1D73B879432CD1A596C0F9C42CF460467BBB795DA5A20C021C138000000000206CC80269ED7F34C535755D304F576399A106179892615D3F97592B4A59652C8466ADE00000000017D7840674A4DC7000347FF94D8}
         x{E_}
          x{6801D3E5E1B0970E52ABD4EA639AED542E118FE33D2F03FE072737A6B74A8FDC2C690014975E6D627C75CEE1E50CB346965B03E710B3D18119EEEDE57696883008704E10EE6B2800060C0F880000000003EF1482CE949B8E74B137DD0000000000000000000000004_}
           x{03DF94AA22402625A00000001937A3FD1584_}
           x{03DF94AA23405F5E100000001937A3FD1584_}
          x{DF_}
           x{6800A4BAF36B13E3AE770F28659A34B2D81F38859E8C08CF776F2BB4B441804382710004962180C9C942539E711306AE590BF872FC6FD35DF6C970D1776F9EA3202F3510EA5359EC060C523200000000040D9902CE949B8EC_}
            x{03DF94AA000000000000000022402625A00000001937A3FD15811A02FAF080000000C9BD1FE8AC2_}
             x{}
         x{7253D08BC9EC110F943604D3E430D4D30C77CB1525E557552BA2DD80475D5E69D4C9F6E156D8DFB03F8074A297978F2BAA7D5B9191BC451BA853FD8D58EB9C7A54}
         x{04DDDA39490EE6B2801870A9A011_}
          x{4AAA0C3D090000000000000000025500000000000000000000000000000000000000000000000000000000000000000000000000000000000000000000000000000000000000000000000000000000}
          x{C9849ED04C0C521C00000000000400020000000330D3EC5676B6BE23233280DDDB8F2D55FD6C65A40352B4406D2052CD4AF1EC6640D01FDC_},
        hash: [Function: hash],
        blockchainLogs: '[ 4][t 0][2024-10-30 23:27:03.696000][transaction.cpp:443]\tunpacking account 525D79B589F1D73B879432CD1A596C0F9C42CF460467BBB795DA5A20C021C138\n' +
          '[ 4][t 0][2024-10-30 23:27:03.696000][transaction.cpp:274]\tlast_paid=1730330823; cells=229 bits=83363 public_cells=0\n' +
          '[ 4][t 0][2024-10-30 23:27:03.696000][transaction.cpp:504]\tend of Account.unpack() for 0:525D79B589F1D73B879432CD1A596C0F9C42CF460467BBB795DA5A20C021C138 (balance = 850000000ng ; last_trans_lt = 25000000..25000006)\n' +
          '[ 4][t 0][2024-10-30 23:27:03.696000][transaction.cpp:3655]\tblock random seed set to 0000000000000000000000000000000000000000000000000000000000000000\n' +
          '[ 4][t 0][2024-10-30 23:27:03.696000][transaction.cpp:1236]\tgas limits: max=1000000, limit=1000000, credit=0\n' +
          '[ 4][t 0][2024-10-30 23:27:03.696000][transaction.cpp:1575]\tin_msg_state is null\n' +
          '[ 4][t 0][2024-10-30 23:27:03.696000][transaction.cpp:1645]\tcreating VM\n' +
          '[ 4][t 0][2024-10-30 23:27:03.696000][transaction.cpp:1351]\tSmartContractInfo initialized with [ 124711402 0 0 1732922823 34000000 34000000 14068792954309835536948273256715513127174070948738620016199408580766834334284 [ 1842174363 (null) ] CS{Cell{0271c00525d79b589f1d73b879432cd1a596c0f9c42cf460467bbb795da5a20c021c1383cac05168c3391606380000000005f5e1190caa7e201340} bits: 1..268; refs: 0..0} C{A7EC01478F770EF8F8B037CC7E42F0ABF0D85A50E1828C2394DAD1411691F2DE} C{42B6F0E46484EFC57B9508F6BA7EF42E7512023D5CB4ED5628DD1C7755D16E9D} [ 1000000000 (null) ] 7825637 (null) [ CS{Cell{004dd06600000000000000000000000080000000000000fa00000000000001f4000000000003d09040} bits: 9..305; refs: 0..0} (null) CS{Cell{0094d1000000000000006400000000000f4240de000000002710000000000000000f42400000000002160ec0000000000000271000000000002625a00000000005f5e100000000003b9aca00} bits: 0..592; refs: 0..0} CS{Cell{0094d100000000000000640000000000009c40de000000000190000000000000000f424000000000000f4240000000000000271000000000009896800000000005f5e100000000003b9aca00} bits: 0..592; refs: 0..0} CS{Cell{0042ea000000000098968000000000271000000000000f424000000001800055555555} bits: 0..264; refs: 0..0} CS{Cell{0042ea0000000000061a800000000001900000000000009c4000000001800055555555} bits: 0..264; refs: 0..0} (null) ] 0 (null) ]\n' +
          '[ 4][t 0][2024-10-30 23:27:03.696000][transaction.cpp:1675]\tstarting VM\n' +
          '[ 4][t 0][2024-10-30 23:27:03.697000][transaction.cpp:1680]\tVM terminated with exit code 0\n' +
          '[ 3][t 0][2024-10-30 23:27:03.697000][transaction.cpp:1702]\tsteps: 597 gas: used=21840, max=1000000, limit=1000000, credit=0\n' +
          '[ 3][t 0][2024-10-30 23:27:03.697000][transaction.cpp:1704]\tout_of_gas=false, accepted=true, success=true, time=0.000737s\n' +
          '[ 4][t 0][2024-10-30 23:27:03.697000][transaction.cpp:1737]\tgas fees: 8736000 = 26214400 * 21840 /2^16 ; price=26214400; flat rate=[40000 for 100]; remaining balance=1833438363ng\n' +
          '[ 3][t 0][2024-10-30 23:27:03.697000][transaction.cpp:2678]\tin try_action_reserve_currency(0)\n' +
          '[ 4][t 0][2024-10-30 23:27:03.697000][transaction.cpp:2684]\taction_reserve_currency: mode=0, reserve=850000000ng, balance=1833438363ng, original balance=842174363ng\n' +
          '[ 3][t 0][2024-10-30 23:27:03.697000][transaction.cpp:2729]\tchanged remaining balance to 983438363ng, reserved balance to 850000000ng\n' +
          '[ 4][t 0][2024-10-30 23:27:03.697000][transaction.cpp:2448]\tstorage paid for a message: 2 cells, 314 bits\n' +
          '[ 4][t 0][2024-10-30 23:27:03.697000][transaction.cpp:2452]\tcomputed fwd fees = 605600 + 0\n',
        vmLogs: 'xecute EQUAL\n' +
          'execute THROWIF 137\n' +
          'execute PUSHPOW2 10\n' +
          'execute EQUAL\n' +
          'execute THROWIFNOT 136\n' +
          'execute STSLICER\n' +
          'execute ENDC\n' +
          'execute ROT\n' +
          'execute STREF\n' +
          'execute ENDC\n' +
          'execute SWAP\n' +
          'execute STREF\n' +
          'execute implicit RET\n' +
          'execute ENDC\n' +
          'execute POP c4\n' +
          'execute implicit RET\n',
        debugLogs: '',
        events: [ [Object] ],
        parent: {
          address: 105818132960003171416304597453717637701794574747475969910003481004036112389684n,
          lt: 33000000n,
          prevTransactionHash: 99759893381725063937640922071529168209397002325745509748677712336608785288174n,
          prevTransactionLt: 9000000n,
          now: 1732922823,
          outMessagesCount: 1,
          oldStatus: 'active',
          endStatus: 'active',
          inMessage: [Object],
          outMessages: [Dictionary],
          totalFees: [Object],
          stateUpdate: [Object],
          description: [Object],
          raw: x{7E9F2F0D84B872955EA7531CD76AA1708C7F19E9781FF03939BD35BA547EE16340000000001F78A40DC8E19453BF1E709F5488B020F020C9E4B7A598F2478A8DBBC77921ECB1B4BEE0000000000895440674A4DC70003463DA7C0}
           x{E_}
            x{8801D3E5E1B0970E52ABD4EA639AED542E118FE33D2F03FE072737A6B74A8FDC2C6802BC9BC768926A23A5756414E09C5AACC5A8B467BCFE982B187D2EAA14C93B224E_}
             x{D001}
              x{6200292EBCDAC4F8EB9DC3CA19668D2CB607CE2167A30233DDDBCAED2D106010E09C21DCD6500000000000000000000000000000E9626FBA000000000000000000000000}
               x{03DF94AA22402625A00000001937A3FD1584_}
               x{03DF94AA23405F5E100000001937A3FD1584_}
            x{DF_}
             x{6801D3E5E1B0970E52ABD4EA639AED542E118FE33D2F03FE072737A6B74A8FDC2C690014975E6D627C75CEE1E50CB346965B03E710B3D18119EEEDE57696883008704E10EE6B2800060C0F880000000003EF1482CE949B8E74B137DD0000000000000000000000004_}
              x{03DF94AA22402625A00000001937A3FD1584_}
              x{03DF94AA23405F5E100000001937A3FD1584_}
           x{7285BB731AB51A9BACDB5EE9040FB8582FEC123B1B4241E42B875E8C6DB7548FD1A892B1256F0CB8797EBE159BF2ACA21E96D126C222D6EB958A3540294B560E21}
           x{0CC0939506185E94844_}
            x{40F223138800000000000000000C800000000000000000000000000000000000000000000000000000000000000000000000000000000000000000000000000000000000000000000000000000002_}
            x{C98485D04C0C0F700000000000020000000000033560CA0801F256C776C9B4A7AA78E67D22FFCCD3A9F0655F71BEA1A066F6C52640D022DC_},
          hash: [Function: hash],
          blockchainLogs: '[ 4][t 0][2024-10-30 23:27:03.693000][transaction.cpp:443]\tunpacking account E9F2F0D84B872955EA7531CD76AA1708C7F19E9781FF03939BD35BA547EE1634\n' +
            '[ 4][t 0][2024-10-30 23:27:03.693000][transaction.cpp:274]\tlast_paid=1730330823; cells=6 bits=821 public_cells=0\n' +
            '[ 4][t 0][2024-10-30 23:27:03.693000][transaction.cpp:504]\tend of Account.unpack() for 0:E9F2F0D84B872955EA7531CD76AA1708C7F19E9781FF03939BD35BA547EE1634 (balance = 1000000000000000ng ; last_trans_lt = 9000000..9000001)\n' +
            '[ 4][t 0][2024-10-30 23:27:03.693000][transaction.cpp:3655]\tblock random seed set to 0000000000000000000000000000000000000000000000000000000000000000\n' +
            '[ 4][t 0][2024-10-30 23:27:03.693000][transaction.cpp:788]\tstorage paid for a message: 4 cells, 842 bits\n' +
            '[ 4][t 0][2024-10-30 23:27:03.693000][transaction.cpp:802]\tcomputed fwd fees = 896800 + 0\n' +
            '[ 4][t 0][2024-10-30 23:27:03.693000][transaction.cpp:1236]\tgas limits: max=1000000, limit=0, credit=10000\n' +
            '[ 4][t 0][2024-10-30 23:27:03.693000][transaction.cpp:1575]\tin_msg_state is null\n' +
            '[ 4][t 0][2024-10-30 23:27:03.693000][transaction.cpp:1645]\tcreating VM\n' +
            '[ 4][t 0][2024-10-30 23:27:03.693000][transaction.cpp:1351]\tSmartContractInfo initialized with [ 124711402 0 0 1732922823 33000000 33000000 60210483465141978598827679003117970236339845468170532052053411751718225576024 [ 999999998952076 (null) ] CS{Cell{0275c00e9f2f0d84b872955ea7531cd76aa1708c7f19e9781ff03939bd35ba547ee163420c80cd43391606380000000002255105c0e35fa931a0001340} bits: 1..268; refs: 0..0} C{A7EC01478F770EF8F8B037CC7E42F0ABF0D85A50E1828C2394DAD1411691F2DE} C{D992502B94EA96E7B34E5D62FFB0C6FC73D78B3E61F11F0848FB3A1EB1AFC912} [ 0 (null) ] 151124 (null) [ CS{Cell{004dd06600000000000000000000000080000000000000fa00000000000001f4000000000003d09040} bits: 9..305; refs: 0..0} (null) CS{Cell{0094d1000000000000006400000000000f4240de000000002710000000000000000f42400000000002160ec0000000000000271000000000002625a00000000005f5e100000000003b9aca00} bits: 0..592; refs: 0..0} CS{Cell{0094d100000000000000640000000000009c40de000000000190000000000000000f424000000000000f4240000000000000271000000000009896800000000005f5e100000000003b9aca00} bits: 0..592; refs: 0..0} CS{Cell{0042ea000000000098968000000000271000000000000f424000000001800055555555} bits: 0..264; refs: 0..0} CS{Cell{0042ea0000000000061a800000000001900000000000009c4000000001800055555555} bits: 0..264; refs: 0..0} (null) ] 0 (null) ]\n' +
            '[ 4][t 0][2024-10-30 23:27:03.694000][transaction.cpp:1675]\tstarting VM\n' +
            '[ 4][t 0][2024-10-30 23:27:03.694000][transaction.cpp:1680]\tVM terminated with exit code 0\n' +
            '[ 3][t 0][2024-10-30 23:27:03.694000][transaction.cpp:1702]\tsteps: 50 gas: used=1937, max=1000000, limit=1000000, credit=0\n' +
            '[ 3][t 0][2024-10-30 23:27:03.694000][transaction.cpp:1704]\tout_of_gas=false, accepted=true, success=true, time=0.000090s\n' +
            '[ 4][t 0][2024-10-30 23:27:03.694000][transaction.cpp:1737]\tgas fees: 774800 = 26214400 * 1937 /2^16 ; price=26214400; flat rate=[40000 for 100]; remaining balance=999999998177276ng\n' +
            '[ 4][t 0][2024-10-30 23:27:03.694000][transaction.cpp:2448]\tstorage paid for a message: 2 cells, 282 bits\n' +
            '[ 4][t 0][2024-10-30 23:27:03.694000][transaction.cpp:2452]\tcomputed fwd fees = 592800 + 0\n',
          vmLogs: 'ULLSWAPIFNOT2\n' +
            'execute DUP\n' +
            'execute PUSHCONT x02D307D43001FB00\n' +
            'execute PUSHCONT x32\n' +
            'execute IFELSE\n' +
            'execute POP s2\n' +
            'execute implicit RET\n' +
            'execute SWAP\n' +
            'execute NOT\n' +
            'execute implicit RET\n' +
            'until loop body end\n' +
            'until loop terminated\n' +
            'execute 2DROP\n' +
            'execute implicit RET\n',
          debugLogs: '',
          events: [Array],
          parent: undefined,
          children: [Array],
          externals: []
        },
        children: [ [Object] ],
        externals: []
      },
      {
        address: 8298038735212017995993598744482915721429218553349686891340117237129977838804n,
        lt: 35000000n,
        prevTransactionHash: 72254185049828205888645618938264505200673040759722688209506313205491358451717n,
        prevTransactionLt: 22000000n,
        now: 1732922823,
        outMessagesCount: 1,
        oldStatus: 'active',
        endStatus: 'active',
        inMessage: {
          info: [Object],
          init: null,
          body: x{03DF94AA000000000000000022402625A00000001937A3FD15811A02FAF080000000C9BD1FE8AC2_}
           x{}
        },
        outMessages: Dictionary { _key: [Object], _value: [Object], _map: [Map] },
        totalFees: { coins: 3697061n },
        stateUpdate: {
          oldHash: <Buffer 43 02 9f 61 0e 2d a8 85 a9 5c 73 bc 0e bb 59 b7 d1 63 9a 25 ff 5c 7d d6 61 08 c5 50 13 6d 64 8d>,
          newHash: <Buffer 73 e2 a6 c7 b4 de 3c 88 95 95 fb 4c eb b8 9f 7d ef 53 08 6c bb 0b 5a 58 dc 7a 00 5c 7c 5f af 1d>
        },
        description: {
          type: 'generic',
          creditFirst: false,
          storagePhase: [Object],
          creditPhase: [Object],
          computePhase: [Object],
          actionPhase: [Object],
          bouncePhase: undefined,
          aborted: false,
          destroyed: false
        },
        raw: x{7125886032725094E79C44C1AB9642FE1CBF1BF4D77DB25C345DDBE7A8C80BCD40000000002160EC09FBE6B63FF4EFE5F8E5449876F08CB55320D98FD376DB1B34BD73EEA8267480500000000014FB180674A4DC700034670D34A}
         x{E_}
          x{6800A4BAF36B13E3AE770F28659A34B2D81F38859E8C08CF776F2BB4B441804382710004962180C9C942539E711306AE590BF872FC6FD35DF6C970D1776F9EA3202F3510EA5359EC060C523200000000040D9902CE949B8E01EFCA55000000000000000011201312D00000000C9BD1FE8AC08D017D784000000064DE8FF4561_}
           x{}
          x{DF_}
           x{680024B10C064E4A129CF388983572C85FC397E37E9AEFB64B868BBB7CF5190179A90014975E6D627C75CEE1E50CB346965B03E710B3D18119EEEDE57696883008704E10E948BFEC061479B600000000042C1D82CE949B8EC_}
            x{935FA9D10000000000000000}
             x{00000000000000000000000000000000000000000000000000000000000000220000000000000000000000000000000000000000000000000000000002625A0001937A3FD158}
             x{00000000000000000000000000000000000000000000000000000000000000230000000000000000000000000000000000000000000000000000000005F5E10001937A3FD158}
         x{7243029F610E2DA885A95C73BC0EBB59B7D1639A25FF5C7DD66108C550136D648D73E2A6C7B4DE3C889595FB4CEBB89F7DEF53086CBB0B5A58DC7A005C7C5FAF1D}
         x{04260E383890EA5359ED866696811_}
          x{441A8C3D09000000000000000000D800000000000000000000000000000000000000000000000000000000000000000000000000000000000000000000000000000000000000000000000000000000}
          x{C987ADA04C147994000000000002000000000003B249C982BDBD0E90C77A1463E6F50B51297E8E4F7ACBCC3E05B5315E4A6EECC641103C0C_},
        hash: [Function: hash],
        blockchainLogs: '[ 4][t 0][2024-10-30 23:27:03.700000][transaction.cpp:443]\tunpacking account 125886032725094E79C44C1AB9642FE1CBF1BF4D77DB25C345DDBE7A8C80BCD4\n' +
          '[ 4][t 0][2024-10-30 23:27:03.700000][transaction.cpp:274]\tlast_paid=1730330823; cells=15 bits=4281 public_cells=0\n' +
          '[ 4][t 0][2024-10-30 23:27:03.700000][transaction.cpp:504]\tend of Account.unpack() for 0:125886032725094E79C44C1AB9642FE1CBF1BF4D77DB25C345DDBE7A8C80BCD4 (balance = 0ng ; last_trans_lt = 22000000..22000002)\n' +
          '[ 4][t 0][2024-10-30 23:27:03.700000][transaction.cpp:3655]\tblock random seed set to 0000000000000000000000000000000000000000000000000000000000000000\n' +
          '[ 4][t 0][2024-10-30 23:27:03.700000][transaction.cpp:1236]\tgas limits: max=1000000, limit=1000000, credit=0\n' +
          '[ 4][t 0][2024-10-30 23:27:03.700000][transaction.cpp:1575]\tin_msg_state is null\n' +
          '[ 4][t 0][2024-10-30 23:27:03.700000][transaction.cpp:1645]\tcreating VM\n' +
          '[ 4][t 0][2024-10-30 23:27:03.700000][transaction.cpp:1351]\tSmartContractInfo initialized with [ 124711402 0 0 1732922823 35000000 35000000 82439665744655549942718375299244058949366754266342087607225540301749132006686 [ 982832763 (null) ] CS{Cell{0267c00125886032725094e79c44c1ab9642fe1cbf1bf4d77db25c345ddbe7a8c80bcd421e842e433916063800000000053ec6081340} bits: 1..268; refs: 0..0} C{A7EC01478F770EF8F8B037CC7E42F0ABF0D85A50E1828C2394DAD1411691F2DE} C{BF31B32BE5ACBAACCE8B48CCEB4C84B86023EA1F188E974030A4F420D26CF50F} [ 982832763 (null) ] 0 (null) [ CS{Cell{004dd06600000000000000000000000080000000000000fa00000000000001f4000000000003d09040} bits: 9..305; refs: 0..0} (null) CS{Cell{0094d1000000000000006400000000000f4240de000000002710000000000000000f42400000000002160ec0000000000000271000000000002625a00000000005f5e100000000003b9aca00} bits: 0..592; refs: 0..0} CS{Cell{0094d100000000000000640000000000009c40de000000000190000000000000000f424000000000000f4240000000000000271000000000009896800000000005f5e100000000003b9aca00} bits: 0..592; refs: 0..0} CS{Cell{0042ea000000000098968000000000271000000000000f424000000001800055555555} bits: 0..264; refs: 0..0} CS{Cell{0042ea0000000000061a800000000001900000000000009c4000000001800055555555} bits: 0..264; refs: 0..0} (null) ] 465948 (null) ]\n' +
          '[ 4][t 0][2024-10-30 23:27:03.700000][transaction.cpp:1675]\tstarting VM\n' +
          '[ 4][t 0][2024-10-30 23:27:03.700000][transaction.cpp:1680]\tVM terminated with exit code 0\n' +
          '[ 3][t 0][2024-10-30 23:27:03.700000][transaction.cpp:1702]\tsteps: 216 gas: used=8404, max=1000000, limit=1000000, credit=0\n' +
          '[ 3][t 0][2024-10-30 23:27:03.700000][transaction.cpp:1704]\tout_of_gas=false, accepted=true, success=true, time=0.000227s\n' +
          '[ 4][t 0][2024-10-30 23:27:03.701000][transaction.cpp:1737]\tgas fees: 3361600 = 26214400 * 8404 /2^16 ; price=26214400; flat rate=[40000 for 100]; remaining balance=979471163ng\n' +
          '[ 4][t 0][2024-10-30 23:27:03.701000][transaction.cpp:2448]\tstorage paid for a message: 3 cells, 1216 bits\n' +
          '[ 4][t 0][2024-10-30 23:27:03.701000][transaction.cpp:2452]\tcomputed fwd fees = 1006400 + 0\n',
        vmLogs: 'xecute PUSHINT -1\n' +
          'execute implicit RET\n' +
          'execute THROWIFNOT 130\n' +
          'execute NEWC\n' +
          'execute GETGLOB 3\n' +
          'execute SWAP\n' +
          'execute STREF\n' +
          'execute PUSHINT -1\n' +
          'execute SWAP\n' +
          'execute STI 1\n' +
          'execute SWAP\n' +
          'execute SWAP\n' +
          'execute STU 32\n' +
          'execute ENDC\n' +
          'execute POP c4\n' +
          'execute implicit RET\n',
        debugLogs: '',
        events: [ [Object] ],
        parent: {
          address: 37254810366437813475271750514734067285117962570475561289538093995582013161784n,
          lt: 34000000n,
          prevTransactionHash: 17468540517168726299792686831395063017927178026304330119430336167715577162462n,
          prevTransactionLt: 25000000n,
          now: 1732922823,
          outMessagesCount: 1,
          oldStatus: 'active',
          endStatus: 'active',
          inMessage: [Object],
          outMessages: [Dictionary],
          totalFees: [Object],
          stateUpdate: [Object],
          description: [Object],
          raw: x{7525D79B589F1D73B879432CD1A596C0F9C42CF460467BBB795DA5A20C021C138000000000206CC80269ED7F34C535755D304F576399A106179892615D3F97592B4A59652C8466ADE00000000017D7840674A4DC7000347FF94D8}
           x{E_}
            x{6801D3E5E1B0970E52ABD4EA639AED542E118FE33D2F03FE072737A6B74A8FDC2C690014975E6D627C75CEE1E50CB346965B03E710B3D18119EEEDE57696883008704E10EE6B2800060C0F880000000003EF1482CE949B8E74B137DD0000000000000000000000004_}
             x{03DF94AA22402625A00000001937A3FD1584_}
             x{03DF94AA23405F5E100000001937A3FD1584_}
            x{DF_}
             x{6800A4BAF36B13E3AE770F28659A34B2D81F38859E8C08CF776F2BB4B441804382710004962180C9C942539E711306AE590BF872FC6FD35DF6C970D1776F9EA3202F3510EA5359EC060C523200000000040D9902CE949B8EC_}
              x{03DF94AA000000000000000022402625A00000001937A3FD15811A02FAF080000000C9BD1FE8AC2_}
               x{}
           x{7253D08BC9EC110F943604D3E430D4D30C77CB1525E557552BA2DD80475D5E69D4C9F6E156D8DFB03F8074A297978F2BAA7D5B9191BC451BA853FD8D58EB9C7A54}
           x{04DDDA39490EE6B2801870A9A011_}
            x{4AAA0C3D090000000000000000025500000000000000000000000000000000000000000000000000000000000000000000000000000000000000000000000000000000000000000000000000000000}
            x{C9849ED04C0C521C00000000000400020000000330D3EC5676B6BE23233280DDDB8F2D55FD6C65A40352B4406D2052CD4AF1EC6640D01FDC_},
          hash: [Function: hash],
          blockchainLogs: '[ 4][t 0][2024-10-30 23:27:03.696000][transaction.cpp:443]\tunpacking account 525D79B589F1D73B879432CD1A596C0F9C42CF460467BBB795DA5A20C021C138\n' +
            '[ 4][t 0][2024-10-30 23:27:03.696000][transaction.cpp:274]\tlast_paid=1730330823; cells=229 bits=83363 public_cells=0\n' +
            '[ 4][t 0][2024-10-30 23:27:03.696000][transaction.cpp:504]\tend of Account.unpack() for 0:525D79B589F1D73B879432CD1A596C0F9C42CF460467BBB795DA5A20C021C138 (balance = 850000000ng ; last_trans_lt = 25000000..25000006)\n' +
            '[ 4][t 0][2024-10-30 23:27:03.696000][transaction.cpp:3655]\tblock random seed set to 0000000000000000000000000000000000000000000000000000000000000000\n' +
            '[ 4][t 0][2024-10-30 23:27:03.696000][transaction.cpp:1236]\tgas limits: max=1000000, limit=1000000, credit=0\n' +
            '[ 4][t 0][2024-10-30 23:27:03.696000][transaction.cpp:1575]\tin_msg_state is null\n' +
            '[ 4][t 0][2024-10-30 23:27:03.696000][transaction.cpp:1645]\tcreating VM\n' +
            '[ 4][t 0][2024-10-30 23:27:03.696000][transaction.cpp:1351]\tSmartContractInfo initialized with [ 124711402 0 0 1732922823 34000000 34000000 14068792954309835536948273256715513127174070948738620016199408580766834334284 [ 1842174363 (null) ] CS{Cell{0271c00525d79b589f1d73b879432cd1a596c0f9c42cf460467bbb795da5a20c021c1383cac05168c3391606380000000005f5e1190caa7e201340} bits: 1..268; refs: 0..0} C{A7EC01478F770EF8F8B037CC7E42F0ABF0D85A50E1828C2394DAD1411691F2DE} C{42B6F0E46484EFC57B9508F6BA7EF42E7512023D5CB4ED5628DD1C7755D16E9D} [ 1000000000 (null) ] 7825637 (null) [ CS{Cell{004dd06600000000000000000000000080000000000000fa00000000000001f4000000000003d09040} bits: 9..305; refs: 0..0} (null) CS{Cell{0094d1000000000000006400000000000f4240de000000002710000000000000000f42400000000002160ec0000000000000271000000000002625a00000000005f5e100000000003b9aca00} bits: 0..592; refs: 0..0} CS{Cell{0094d100000000000000640000000000009c40de000000000190000000000000000f424000000000000f4240000000000000271000000000009896800000000005f5e100000000003b9aca00} bits: 0..592; refs: 0..0} CS{Cell{0042ea000000000098968000000000271000000000000f424000000001800055555555} bits: 0..264; refs: 0..0} CS{Cell{0042ea0000000000061a800000000001900000000000009c4000000001800055555555} bits: 0..264; refs: 0..0} (null) ] 0 (null) ]\n' +
            '[ 4][t 0][2024-10-30 23:27:03.696000][transaction.cpp:1675]\tstarting VM\n' +
            '[ 4][t 0][2024-10-30 23:27:03.697000][transaction.cpp:1680]\tVM terminated with exit code 0\n' +
            '[ 3][t 0][2024-10-30 23:27:03.697000][transaction.cpp:1702]\tsteps: 597 gas: used=21840, max=1000000, limit=1000000, credit=0\n' +
            '[ 3][t 0][2024-10-30 23:27:03.697000][transaction.cpp:1704]\tout_of_gas=false, accepted=true, success=true, time=0.000737s\n' +
            '[ 4][t 0][2024-10-30 23:27:03.697000][transaction.cpp:1737]\tgas fees: 8736000 = 26214400 * 21840 /2^16 ; price=26214400; flat rate=[40000 for 100]; remaining balance=1833438363ng\n' +
            '[ 3][t 0][2024-10-30 23:27:03.697000][transaction.cpp:2678]\tin try_action_reserve_currency(0)\n' +
            '[ 4][t 0][2024-10-30 23:27:03.697000][transaction.cpp:2684]\taction_reserve_currency: mode=0, reserve=850000000ng, balance=1833438363ng, original balance=842174363ng\n' +
            '[ 3][t 0][2024-10-30 23:27:03.697000][transaction.cpp:2729]\tchanged remaining balance to 983438363ng, reserved balance to 850000000ng\n' +
            '[ 4][t 0][2024-10-30 23:27:03.697000][transaction.cpp:2448]\tstorage paid for a message: 2 cells, 314 bits\n' +
            '[ 4][t 0][2024-10-30 23:27:03.697000][transaction.cpp:2452]\tcomputed fwd fees = 605600 + 0\n',
          vmLogs: 'xecute EQUAL\n' +
            'execute THROWIF 137\n' +
            'execute PUSHPOW2 10\n' +
            'execute EQUAL\n' +
            'execute THROWIFNOT 136\n' +
            'execute STSLICER\n' +
            'execute ENDC\n' +
            'execute ROT\n' +
            'execute STREF\n' +
            'execute ENDC\n' +
            'execute SWAP\n' +
            'execute STREF\n' +
            'execute implicit RET\n' +
            'execute ENDC\n' +
            'execute POP c4\n' +
            'execute implicit RET\n',
          debugLogs: '',
          events: [Array],
          parent: [Object],
          children: [Array],
          externals: []
        },
        children: [ [Object] ],
        externals: []
      },
      {
        address: 37254810366437813475271750514734067285117962570475561289538093995582013161784n,
        lt: 36000000n,
        prevTransactionHash: 106341228291502386481900495961945470404910240312105862780539852191694661536743n,
        prevTransactionLt: 34000000n,
        now: 1732922823,
        outMessagesCount: 1,
        oldStatus: 'active',
        endStatus: 'active',
        inMessage: {
          info: [Object],
          init: null,
          body: x{935FA9D10000000000000000}
           x{00000000000000000000000000000000000000000000000000000000000000220000000000000000000000000000000000000000000000000000000002625A0001937A3FD158}
           x{00000000000000000000000000000000000000000000000000000000000000230000000000000000000000000000000000000000000000000000000005F5E10001937A3FD158}
        },
        outMessages: Dictionary { _key: [Object], _value: [Object], _map: [Map] },
        totalFees: { coins: 12012664n },
        stateUpdate: {
          oldHash: <Buffer c9 f6 e1 56 d8 df b0 3f 80 74 a2 97 97 8f 2b aa 7d 5b 91 91 bc 45 1b a8 53 fd 8d 58 eb 9c 7a 54>,
          newHash: <Buffer a8 b1 51 2b 90 5a 82 19 b2 b8 44 1e 15 ae a8 bc 72 69 e8 de 28 6f 4a 7b 22 aa 8b f5 7f 0c 63 74>
        },
        description: {
          type: 'generic',
          creditFirst: false,
          storagePhase: [Object],
          creditPhase: [Object],
          computePhase: [Object],
          actionPhase: [Object],
          bouncePhase: undefined,
          aborted: false,
          destroyed: false
        },
        raw: x{7525D79B589F1D73B879432CD1A596C0F9C42CF460467BBB795DA5A20C021C1380000000002255100EB1B00948144FAB913AF2AB51C4836A4C169F4E4B04075E69A41CFD5CDE2CBE7000000000206CC80674A4DC70003476E98F0}
         x{E_}
          x{680024B10C064E4A129CF388983572C85FC397E37E9AEFB64B868BBB7CF5190179A90014975E6D627C75CEE1E50CB346965B03E710B3D18119EEEDE57696883008704E10E948BFEC061479B600000000042C1D82CE949B8E49AFD4E880000000000000004_}
           x{00000000000000000000000000000000000000000000000000000000000000220000000000000000000000000000000000000000000000000000000002625A0001937A3FD158}
           x{00000000000000000000000000000000000000000000000000000000000000230000000000000000000000000000000000000000000000000000000005F5E10001937A3FD158}
          x{DF_}
           x{6800A4BAF36B13E3AE770F28659A34B2D81F38859E8C08CF776F2BB4B44180438271002E74930F029149EC08380972A5584C717AD4204A4455F097F5E5877CB40E86DA90E65816AC0609BBB000000000044AA202CE949B8EC_}
            x{E601F8E50000000000000000}
         x{72C9F6E156D8DFB03F8074A297978F2BAA7D5B9191BC451BA853FD8D58EB9C7A54A8B1512B905A8219B2B8441E15AEA8BC7269E8DE286F4A7B22AA8BF57F0C6374}
         x{04090E948BFED8769BB211_}
          x{4E782C3D090000000000000000031700000000000000000000000000000000000000000000000000000000000000000000000000000000000000000000000000000000000000000000000000000000}
          x{C983A6604C09BBA000000000000400020000000367DFD3EE20776606AD5B47128948C57D9EDA2986FA841CEE66DF6F8C4840F8CA4090190C_},
        hash: [Function: hash],
        blockchainLogs: '[ 4][t 0][2024-10-30 23:27:03.703000][transaction.cpp:443]\tunpacking account 525D79B589F1D73B879432CD1A596C0F9C42CF460467BBB795DA5A20C021C138\n' +
          '[ 4][t 0][2024-10-30 23:27:03.703000][transaction.cpp:274]\tlast_paid=1732922823; cells=232 bits=83682 public_cells=0\n' +
          '[ 4][t 0][2024-10-30 23:27:03.703000][transaction.cpp:504]\tend of Account.unpack() for 0:525D79B589F1D73B879432CD1A596C0F9C42CF460467BBB795DA5A20C021C138 (balance = 850000000ng ; last_trans_lt = 34000000..34000002)\n' +
          '[ 4][t 0][2024-10-30 23:27:03.703000][transaction.cpp:3655]\tblock random seed set to 0000000000000000000000000000000000000000000000000000000000000000\n' +
          '[ 4][t 0][2024-10-30 23:27:03.703000][transaction.cpp:1236]\tgas limits: max=1000000, limit=1000000, credit=0\n' +
          '[ 4][t 0][2024-10-30 23:27:03.703000][transaction.cpp:1575]\tin_msg_state is null\n' +
          '[ 4][t 0][2024-10-30 23:27:03.703000][transaction.cpp:1645]\tcreating VM\n' +
          '[ 4][t 0][2024-10-30 23:27:03.703000][transaction.cpp:1351]\tSmartContractInfo initialized with [ 124711402 0 0 1732922823 36000000 36000000 14068792954309835536948273256715513127174070948738620016199408580766834334284 [ 1828464763 (null) ] CS{Cell{0271c00525d79b589f1d73b879432cd1a596c0f9c42cf460467bbb795da5a20c021c1383d0c051b8833a526e3800000000081b32090caa7e201340} bits: 1..268; refs: 0..0} C{A7EC01478F770EF8F8B037CC7E42F0ABF0D85A50E1828C2394DAD1411691F2DE} C{42B6F0E46484EFC57B9508F6BA7EF42E7512023D5CB4ED5628DD1C7755D16E9D} [ 978464763 (null) ] 0 (null) [ CS{Cell{004dd06600000000000000000000000080000000000000fa00000000000001f4000000000003d09040} bits: 9..305; refs: 0..0} (null) CS{Cell{0094d1000000000000006400000000000f4240de000000002710000000000000000f42400000000002160ec0000000000000271000000000002625a00000000005f5e100000000003b9aca00} bits: 0..592; refs: 0..0} CS{Cell{0094d100000000000000640000000000009c40de000000000190000000000000000f424000000000000f4240000000000000271000000000009896800000000005f5e100000000003b9aca00} bits: 0..592; refs: 0..0} CS{Cell{0042ea000000000098968000000000271000000000000f424000000001800055555555} bits: 0..264; refs: 0..0} CS{Cell{0042ea0000000000061a800000000001900000000000009c4000000001800055555555} bits: 0..264; refs: 0..0} (null) ] 0 (null) ]\n' +
          '[ 4][t 0][2024-10-30 23:27:03.703000][transaction.cpp:1675]\tstarting VM\n' +
          '[ 4][t 0][2024-10-30 23:27:03.704000][transaction.cpp:1680]\tVM terminated with exit code 0\n' +
          '[ 3][t 0][2024-10-30 23:27:03.704000][transaction.cpp:1702]\tsteps: 791 gas: used=29633, max=1000000, limit=1000000, credit=0\n' +
          '[ 3][t 0][2024-10-30 23:27:03.704000][transaction.cpp:1704]\tout_of_gas=false, accepted=true, success=true, time=0.000910s\n' +
          '[ 4][t 0][2024-10-30 23:27:03.704000][transaction.cpp:1737]\tgas fees: 11853200 = 26214400 * 29633 /2^16 ; price=26214400; flat rate=[40000 for 100]; remaining balance=1816611563ng\n' +
          '[ 3][t 0][2024-10-30 23:27:03.704000][transaction.cpp:2678]\tin try_action_reserve_currency(0)\n' +
          '[ 4][t 0][2024-10-30 23:27:03.704000][transaction.cpp:2684]\taction_reserve_currency: mode=0, reserve=850000000ng, balance=1816611563ng, original balance=850000000ng\n' +
          '[ 3][t 0][2024-10-30 23:27:03.704000][transaction.cpp:2729]\tchanged remaining balance to 966611563ng, reserved balance to 850000000ng\n' +
          '[ 4][t 0][2024-10-30 23:27:03.704000][transaction.cpp:2448]\tstorage paid for a message: 1 cells, 96 bits\n' +
          '[ 4][t 0][2024-10-30 23:27:03.704000][transaction.cpp:2452]\tcomputed fwd fees = 478400 + 0\n',
        vmLogs: 'xecute EQUAL\n' +
          'execute THROWIF 137\n' +
          'execute PUSHPOW2 10\n' +
          'execute EQUAL\n' +
          'execute THROWIFNOT 136\n' +
          'execute STSLICER\n' +
          'execute ENDC\n' +
          'execute ROT\n' +
          'execute STREF\n' +
          'execute ENDC\n' +
          'execute SWAP\n' +
          'execute STREF\n' +
          'execute implicit RET\n' +
          'execute ENDC\n' +
          'execute POP c4\n' +
          'execute implicit RET\n',
        debugLogs: '',
        events: [ [Object] ],
        parent: {
          address: 8298038735212017995993598744482915721429218553349686891340117237129977838804n,
          lt: 35000000n,
          prevTransactionHash: 72254185049828205888645618938264505200673040759722688209506313205491358451717n,
          prevTransactionLt: 22000000n,
          now: 1732922823,
          outMessagesCount: 1,
          oldStatus: 'active',
          endStatus: 'active',
          inMessage: [Object],
          outMessages: [Dictionary],
          totalFees: [Object],
          stateUpdate: [Object],
          description: [Object],
          raw: x{7125886032725094E79C44C1AB9642FE1CBF1BF4D77DB25C345DDBE7A8C80BCD40000000002160EC09FBE6B63FF4EFE5F8E5449876F08CB55320D98FD376DB1B34BD73EEA8267480500000000014FB180674A4DC700034670D34A}
           x{E_}
            x{6800A4BAF36B13E3AE770F28659A34B2D81F38859E8C08CF776F2BB4B441804382710004962180C9C942539E711306AE590BF872FC6FD35DF6C970D1776F9EA3202F3510EA5359EC060C523200000000040D9902CE949B8E01EFCA55000000000000000011201312D00000000C9BD1FE8AC08D017D784000000064DE8FF4561_}
             x{}
            x{DF_}
             x{680024B10C064E4A129CF388983572C85FC397E37E9AEFB64B868BBB7CF5190179A90014975E6D627C75CEE1E50CB346965B03E710B3D18119EEEDE57696883008704E10E948BFEC061479B600000000042C1D82CE949B8EC_}
              x{935FA9D10000000000000000}
               x{00000000000000000000000000000000000000000000000000000000000000220000000000000000000000000000000000000000000000000000000002625A0001937A3FD158}
               x{00000000000000000000000000000000000000000000000000000000000000230000000000000000000000000000000000000000000000000000000005F5E10001937A3FD158}
           x{7243029F610E2DA885A95C73BC0EBB59B7D1639A25FF5C7DD66108C550136D648D73E2A6C7B4DE3C889595FB4CEBB89F7DEF53086CBB0B5A58DC7A005C7C5FAF1D}
           x{04260E383890EA5359ED866696811_}
            x{441A8C3D09000000000000000000D800000000000000000000000000000000000000000000000000000000000000000000000000000000000000000000000000000000000000000000000000000000}
            x{C987ADA04C147994000000000002000000000003B249C982BDBD0E90C77A1463E6F50B51297E8E4F7ACBCC3E05B5315E4A6EECC641103C0C_},
          hash: [Function: hash],
          blockchainLogs: '[ 4][t 0][2024-10-30 23:27:03.700000][transaction.cpp:443]\tunpacking account 125886032725094E79C44C1AB9642FE1CBF1BF4D77DB25C345DDBE7A8C80BCD4\n' +
            '[ 4][t 0][2024-10-30 23:27:03.700000][transaction.cpp:274]\tlast_paid=1730330823; cells=15 bits=4281 public_cells=0\n' +
            '[ 4][t 0][2024-10-30 23:27:03.700000][transaction.cpp:504]\tend of Account.unpack() for 0:125886032725094E79C44C1AB9642FE1CBF1BF4D77DB25C345DDBE7A8C80BCD4 (balance = 0ng ; last_trans_lt = 22000000..22000002)\n' +
            '[ 4][t 0][2024-10-30 23:27:03.700000][transaction.cpp:3655]\tblock random seed set to 0000000000000000000000000000000000000000000000000000000000000000\n' +
            '[ 4][t 0][2024-10-30 23:27:03.700000][transaction.cpp:1236]\tgas limits: max=1000000, limit=1000000, credit=0\n' +
            '[ 4][t 0][2024-10-30 23:27:03.700000][transaction.cpp:1575]\tin_msg_state is null\n' +
            '[ 4][t 0][2024-10-30 23:27:03.700000][transaction.cpp:1645]\tcreating VM\n' +
            '[ 4][t 0][2024-10-30 23:27:03.700000][transaction.cpp:1351]\tSmartContractInfo initialized with [ 124711402 0 0 1732922823 35000000 35000000 82439665744655549942718375299244058949366754266342087607225540301749132006686 [ 982832763 (null) ] CS{Cell{0267c00125886032725094e79c44c1ab9642fe1cbf1bf4d77db25c345ddbe7a8c80bcd421e842e433916063800000000053ec6081340} bits: 1..268; refs: 0..0} C{A7EC01478F770EF8F8B037CC7E42F0ABF0D85A50E1828C2394DAD1411691F2DE} C{BF31B32BE5ACBAACCE8B48CCEB4C84B86023EA1F188E974030A4F420D26CF50F} [ 982832763 (null) ] 0 (null) [ CS{Cell{004dd06600000000000000000000000080000000000000fa00000000000001f4000000000003d09040} bits: 9..305; refs: 0..0} (null) CS{Cell{0094d1000000000000006400000000000f4240de000000002710000000000000000f42400000000002160ec0000000000000271000000000002625a00000000005f5e100000000003b9aca00} bits: 0..592; refs: 0..0} CS{Cell{0094d100000000000000640000000000009c40de000000000190000000000000000f424000000000000f4240000000000000271000000000009896800000000005f5e100000000003b9aca00} bits: 0..592; refs: 0..0} CS{Cell{0042ea000000000098968000000000271000000000000f424000000001800055555555} bits: 0..264; refs: 0..0} CS{Cell{0042ea0000000000061a800000000001900000000000009c4000000001800055555555} bits: 0..264; refs: 0..0} (null) ] 465948 (null) ]\n' +
            '[ 4][t 0][2024-10-30 23:27:03.700000][transaction.cpp:1675]\tstarting VM\n' +
            '[ 4][t 0][2024-10-30 23:27:03.700000][transaction.cpp:1680]\tVM terminated with exit code 0\n' +
            '[ 3][t 0][2024-10-30 23:27:03.700000][transaction.cpp:1702]\tsteps: 216 gas: used=8404, max=1000000, limit=1000000, credit=0\n' +
            '[ 3][t 0][2024-10-30 23:27:03.700000][transaction.cpp:1704]\tout_of_gas=false, accepted=true, success=true, time=0.000227s\n' +
            '[ 4][t 0][2024-10-30 23:27:03.701000][transaction.cpp:1737]\tgas fees: 3361600 = 26214400 * 8404 /2^16 ; price=26214400; flat rate=[40000 for 100]; remaining balance=979471163ng\n' +
            '[ 4][t 0][2024-10-30 23:27:03.701000][transaction.cpp:2448]\tstorage paid for a message: 3 cells, 1216 bits\n' +
            '[ 4][t 0][2024-10-30 23:27:03.701000][transaction.cpp:2452]\tcomputed fwd fees = 1006400 + 0\n',
          vmLogs: 'xecute PUSHINT -1\n' +
            'execute implicit RET\n' +
            'execute THROWIFNOT 130\n' +
            'execute NEWC\n' +
            'execute GETGLOB 3\n' +
            'execute SWAP\n' +
            'execute STREF\n' +
            'execute PUSHINT -1\n' +
            'execute SWAP\n' +
            'execute STI 1\n' +
            'execute SWAP\n' +
            'execute SWAP\n' +
            'execute STU 32\n' +
            'execute ENDC\n' +
            'execute POP c4\n' +
            'execute implicit RET\n',
          debugLogs: '',
          events: [Array],
          parent: [Object],
          children: [Array],
          externals: []
        },
        children: [ [Object] ],
        externals: []
      },
      {
        address: 84049441022908470316622795825605090351520748406577698494615284512509455375210n,
        lt: 37000000n,
        prevTransactionHash: 55395319091668439241043286449469375482895260433997539440936009448654875683704n,
        prevTransactionLt: 29000000n,
        now: 1732922823,
        outMessagesCount: 1,
        oldStatus: 'active',
        endStatus: 'active',
        inMessage: { info: [Object], init: null, body: x{E601F8E50000000000000000} },
        outMessages: Dictionary { _key: [Object], _value: [Object], _map: [Map] },
        totalFees: { coins: 4690543n },
        stateUpdate: {
          oldHash: <Buffer af ea a7 7e f1 81 1f 95 01 83 c1 28 35 4f 0c 1a 9e 7c a9 05 b2 d4 64 62 6c 86 38 31 0c 94 6c 90>,
          newHash: <Buffer 0d 3f 16 72 31 3c 5b 33 36 6e 09 96 4b 7c 24 97 8d b4 70 79 e8 63 70 27 d0 d7 08 16 c9 aa 16 43>
        },
        description: {
          type: 'generic',
          creditFirst: false,
          storagePhase: [Object],
          creditPhase: [Object],
          computePhase: [Object],
          actionPhase: [Object],
          bouncePhase: undefined,
          aborted: false,
          destroyed: false
        },
        raw: x{7B9D24C3C0A4527B020E025CA956131C5EB5081291157C25FD7961DF2D03A1B6A00000000023493407A78A3B6F0EB380BEEF2DF05239F3DB6A9C31515086C0BFE25AF1546D1186B780000000001BA8140674A4DC70003468F24DE}
         x{E_}
          x{6800A4BAF36B13E3AE770F28659A34B2D81F38859E8C08CF776F2BB4B44180438271002E74930F029149EC08380972A5584C717AD4204A4455F097F5E5877CB40E86DA90E65816AC0609BBB000000000044AA202CE949B8E7300FC7280000000000000004_}
          x{DF_}
           x{680173A49878148A4F6041C04B952AC2638BD6A1025222AF84BFAF2C3BE5A07436D50014975E6D627C75CEE1E50CB346965B03E710B3D18119EEEDE57696883008704E10E51802DC0610E50A0000000004692682CE949B8EC_}
            x{B687AB17000000000000000000000000}
             x{022017D78402017D78402165A0BC02017D784020B2D05E033916063B39B43A3B3916063B3A526E380000000800000004_}
              x{801028CD38D6A9FB165BB1D27554DCBBC8B7A064E07EF4C3832956828113614F545_}
         x{72AFEAA77EF1811F950183C128354F0C1A9E7CA905B2D464626C8638310C946C900D3F1672313C5B33366E09964B7C24978DB47079E8637027D0D70816C9AA1643}
         x{04C33029090E65816AD866D31211_}
          x{445E2C3D09000000000000000000FE00000000000000000000000000000000000000000000000000000000000000000000000000000000000000000000000000000000000000000000000000000000}
          x{C98655E04C10E4EC0000000000040002000000034BDDB140D4FB7542AECE6B559962FC4799CC4670BC1C9AE313CAD74E28F855B241102E4C_},
        hash: [Function: hash],
        blockchainLogs: '[ 4][t 0][2024-10-30 23:27:03.707000][transaction.cpp:443]\tunpacking account B9D24C3C0A4527B020E025CA956131C5EB5081291157C25FD7961DF2D03A1B6A\n' +
          '[ 4][t 0][2024-10-30 23:27:03.707000][transaction.cpp:274]\tlast_paid=1730330823; cells=28 bits=7131 public_cells=0\n' +
          '[ 4][t 0][2024-10-30 23:27:03.707000][transaction.cpp:504]\tend of Account.unpack() for 0:B9D24C3C0A4527B020E025CA956131C5EB5081291157C25FD7961DF2D03A1B6A (balance = 10000000ng ; last_trans_lt = 29000000..29000002)\n' +
          '[ 4][t 0][2024-10-30 23:27:03.707000][transaction.cpp:3655]\tblock random seed set to 0000000000000000000000000000000000000000000000000000000000000000\n' +
          '[ 4][t 0][2024-10-30 23:27:03.707000][transaction.cpp:1236]\tgas limits: max=1000000, limit=1000000, credit=0\n' +
          '[ 4][t 0][2024-10-30 23:27:03.707000][transaction.cpp:1575]\tin_msg_state is null\n' +
          '[ 4][t 0][2024-10-30 23:27:03.707000][transaction.cpp:1645]\tcreating VM\n' +
          '[ 4][t 0][2024-10-30 23:27:03.707000][transaction.cpp:1351]\tSmartContractInfo initialized with [ 124711402 0 0 1732922823 37000000 37000000 84630195367514639409622924175749312199831056191303332875639359062248049886761 [ 975297415 (null) ] CS{Cell{026dc00b9d24c3c0a4527b020e025ca956131c5eb5081291157c25fd7961df2d03a1b6a23886f6c3391606380000000006ea0508e625a01340} bits: 1..268; refs: 0..0} C{A7EC01478F770EF8F8B037CC7E42F0ABF0D85A50E1828C2394DAD1411691F2DE} C{F2179DCD5CFD8A1E113288591FFB7A5E10E107D0D2C36DF69E40398023DAA7B1} [ 966133163 (null) ] 835748 (null) [ CS{Cell{004dd06600000000000000000000000080000000000000fa00000000000001f4000000000003d09040} bits: 9..305; refs: 0..0} (null) CS{Cell{0094d1000000000000006400000000000f4240de000000002710000000000000000f42400000000002160ec0000000000000271000000000002625a00000000005f5e100000000003b9aca00} bits: 0..592; refs: 0..0} CS{Cell{0094d100000000000000640000000000009c40de000000000190000000000000000f424000000000000f4240000000000000271000000000009896800000000005f5e100000000003b9aca00} bits: 0..592; refs: 0..0} CS{Cell{0042ea000000000098968000000000271000000000000f424000000001800055555555} bits: 0..264; refs: 0..0} CS{Cell{0042ea0000000000061a800000000001900000000000009c4000000001800055555555} bits: 0..264; refs: 0..0} (null) ] 0 (null) ]\n' +
          '[ 4][t 0][2024-10-30 23:27:03.707000][transaction.cpp:1675]\tstarting VM\n' +
          '[ 4][t 0][2024-10-30 23:27:03.707000][transaction.cpp:1680]\tVM terminated with exit code 0\n' +
          '[ 3][t 0][2024-10-30 23:27:03.707000][transaction.cpp:1702]\tsteps: 254 gas: used=8945, max=1000000, limit=1000000, credit=0\n' +
          '[ 3][t 0][2024-10-30 23:27:03.707000][transaction.cpp:1704]\tout_of_gas=false, accepted=true, success=true, time=0.000267s\n' +
          '[ 4][t 0][2024-10-30 23:27:03.707000][transaction.cpp:1737]\tgas fees: 3578000 = 26214400 * 8945 /2^16 ; price=26214400; flat rate=[40000 for 100]; remaining balance=971719415ng\n' +
          '[ 3][t 0][2024-10-30 23:27:03.707000][transaction.cpp:2678]\tin try_action_reserve_currency(0)\n' +
          '[ 4][t 0][2024-10-30 23:27:03.707000][transaction.cpp:2684]\taction_reserve_currency: mode=0, reserve=10000000ng, balance=971719415ng, original balance=9164252ng\n' +
          '[ 3][t 0][2024-10-30 23:27:03.708000][transaction.cpp:2729]\tchanged remaining balance to 961719415ng, reserved balance to 10000000ng\n' +
          '[ 4][t 0][2024-10-30 23:27:03.708000][transaction.cpp:2448]\tstorage paid for a message: 3 cells, 776 bits\n' +
          '[ 4][t 0][2024-10-30 23:27:03.708000][transaction.cpp:2452]\tcomputed fwd fees = 830400 + 0\n',
        vmLogs: 'ecute STSLICER\n' +
          'execute OVER\n' +
          'execute ISNULL\n' +
          'execute NOT\n' +
          'execute PUSHCONT x7F01CA00CC\n' +
          'execute PUSHCONT x7032CA00\n' +
          'execute IFELSE\n' +
          'execute PUSHINT -1\n' +
          'execute SWAP\n' +
          'execute STI 1\n' +
          'execute STREF\n' +
          'execute implicit RET\n' +
          'execute ENDC\n' +
          'execute POP c4\n' +
          'execute implicit RET\n',
        debugLogs: '',
        events: [ [Object] ],
        parent: {
          address: 37254810366437813475271750514734067285117962570475561289538093995582013161784n,
          lt: 36000000n,
          prevTransactionHash: 106341228291502386481900495961945470404910240312105862780539852191694661536743n,
          prevTransactionLt: 34000000n,
          now: 1732922823,
          outMessagesCount: 1,
          oldStatus: 'active',
          endStatus: 'active',
          inMessage: [Object],
          outMessages: [Dictionary],
          totalFees: [Object],
          stateUpdate: [Object],
          description: [Object],
          raw: x{7525D79B589F1D73B879432CD1A596C0F9C42CF460467BBB795DA5A20C021C1380000000002255100EB1B00948144FAB913AF2AB51C4836A4C169F4E4B04075E69A41CFD5CDE2CBE7000000000206CC80674A4DC70003476E98F0}
           x{E_}
            x{680024B10C064E4A129CF388983572C85FC397E37E9AEFB64B868BBB7CF5190179A90014975E6D627C75CEE1E50CB346965B03E710B3D18119EEEDE57696883008704E10E948BFEC061479B600000000042C1D82CE949B8E49AFD4E880000000000000004_}
             x{00000000000000000000000000000000000000000000000000000000000000220000000000000000000000000000000000000000000000000000000002625A0001937A3FD158}
             x{00000000000000000000000000000000000000000000000000000000000000230000000000000000000000000000000000000000000000000000000005F5E10001937A3FD158}
            x{DF_}
             x{6800A4BAF36B13E3AE770F28659A34B2D81F38859E8C08CF776F2BB4B44180438271002E74930F029149EC08380972A5584C717AD4204A4455F097F5E5877CB40E86DA90E65816AC0609BBB000000000044AA202CE949B8EC_}
              x{E601F8E50000000000000000}
           x{72C9F6E156D8DFB03F8074A297978F2BAA7D5B9191BC451BA853FD8D58EB9C7A54A8B1512B905A8219B2B8441E15AEA8BC7269E8DE286F4A7B22AA8BF57F0C6374}
           x{04090E948BFED8769BB211_}
            x{4E782C3D090000000000000000031700000000000000000000000000000000000000000000000000000000000000000000000000000000000000000000000000000000000000000000000000000000}
            x{C983A6604C09BBA000000000000400020000000367DFD3EE20776606AD5B47128948C57D9EDA2986FA841CEE66DF6F8C4840F8CA4090190C_},
          hash: [Function: hash],
          blockchainLogs: '[ 4][t 0][2024-10-30 23:27:03.703000][transaction.cpp:443]\tunpacking account 525D79B589F1D73B879432CD1A596C0F9C42CF460467BBB795DA5A20C021C138\n' +
            '[ 4][t 0][2024-10-30 23:27:03.703000][transaction.cpp:274]\tlast_paid=1732922823; cells=232 bits=83682 public_cells=0\n' +
            '[ 4][t 0][2024-10-30 23:27:03.703000][transaction.cpp:504]\tend of Account.unpack() for 0:525D79B589F1D73B879432CD1A596C0F9C42CF460467BBB795DA5A20C021C138 (balance = 850000000ng ; last_trans_lt = 34000000..34000002)\n' +
            '[ 4][t 0][2024-10-30 23:27:03.703000][transaction.cpp:3655]\tblock random seed set to 0000000000000000000000000000000000000000000000000000000000000000\n' +
            '[ 4][t 0][2024-10-30 23:27:03.703000][transaction.cpp:1236]\tgas limits: max=1000000, limit=1000000, credit=0\n' +
            '[ 4][t 0][2024-10-30 23:27:03.703000][transaction.cpp:1575]\tin_msg_state is null\n' +
            '[ 4][t 0][2024-10-30 23:27:03.703000][transaction.cpp:1645]\tcreating VM\n' +
            '[ 4][t 0][2024-10-30 23:27:03.703000][transaction.cpp:1351]\tSmartContractInfo initialized with [ 124711402 0 0 1732922823 36000000 36000000 14068792954309835536948273256715513127174070948738620016199408580766834334284 [ 1828464763 (null) ] CS{Cell{0271c00525d79b589f1d73b879432cd1a596c0f9c42cf460467bbb795da5a20c021c1383d0c051b8833a526e3800000000081b32090caa7e201340} bits: 1..268; refs: 0..0} C{A7EC01478F770EF8F8B037CC7E42F0ABF0D85A50E1828C2394DAD1411691F2DE} C{42B6F0E46484EFC57B9508F6BA7EF42E7512023D5CB4ED5628DD1C7755D16E9D} [ 978464763 (null) ] 0 (null) [ CS{Cell{004dd06600000000000000000000000080000000000000fa00000000000001f4000000000003d09040} bits: 9..305; refs: 0..0} (null) CS{Cell{0094d1000000000000006400000000000f4240de000000002710000000000000000f42400000000002160ec0000000000000271000000000002625a00000000005f5e100000000003b9aca00} bits: 0..592; refs: 0..0} CS{Cell{0094d100000000000000640000000000009c40de000000000190000000000000000f424000000000000f4240000000000000271000000000009896800000000005f5e100000000003b9aca00} bits: 0..592; refs: 0..0} CS{Cell{0042ea000000000098968000000000271000000000000f424000000001800055555555} bits: 0..264; refs: 0..0} CS{Cell{0042ea0000000000061a800000000001900000000000009c4000000001800055555555} bits: 0..264; refs: 0..0} (null) ] 0 (null) ]\n' +
            '[ 4][t 0][2024-10-30 23:27:03.703000][transaction.cpp:1675]\tstarting VM\n' +
            '[ 4][t 0][2024-10-30 23:27:03.704000][transaction.cpp:1680]\tVM terminated with exit code 0\n' +
            '[ 3][t 0][2024-10-30 23:27:03.704000][transaction.cpp:1702]\tsteps: 791 gas: used=29633, max=1000000, limit=1000000, credit=0\n' +
            '[ 3][t 0][2024-10-30 23:27:03.704000][transaction.cpp:1704]\tout_of_gas=false, accepted=true, success=true, time=0.000910s\n' +
            '[ 4][t 0][2024-10-30 23:27:03.704000][transaction.cpp:1737]\tgas fees: 11853200 = 26214400 * 29633 /2^16 ; price=26214400; flat rate=[40000 for 100]; remaining balance=1816611563ng\n' +
            '[ 3][t 0][2024-10-30 23:27:03.704000][transaction.cpp:2678]\tin try_action_reserve_currency(0)\n' +
            '[ 4][t 0][2024-10-30 23:27:03.704000][transaction.cpp:2684]\taction_reserve_currency: mode=0, reserve=850000000ng, balance=1816611563ng, original balance=850000000ng\n' +
            '[ 3][t 0][2024-10-30 23:27:03.704000][transaction.cpp:2729]\tchanged remaining balance to 966611563ng, reserved balance to 850000000ng\n' +
            '[ 4][t 0][2024-10-30 23:27:03.704000][transaction.cpp:2448]\tstorage paid for a message: 1 cells, 96 bits\n' +
            '[ 4][t 0][2024-10-30 23:27:03.704000][transaction.cpp:2452]\tcomputed fwd fees = 478400 + 0\n',
          vmLogs: 'xecute EQUAL\n' +
            'execute THROWIF 137\n' +
            'execute PUSHPOW2 10\n' +
            'execute EQUAL\n' +
            'execute THROWIFNOT 136\n' +
            'execute STSLICER\n' +
            'execute ENDC\n' +
            'execute ROT\n' +
            'execute STREF\n' +
            'execute ENDC\n' +
            'execute SWAP\n' +
            'execute STREF\n' +
            'execute implicit RET\n' +
            'execute ENDC\n' +
            'execute POP c4\n' +
            'execute implicit RET\n',
          debugLogs: '',
          events: [Array],
          parent: [Object],
          children: [Array],
          externals: []
        },
        children: [ [Object] ],
        externals: []
      },
      {
        address: 37254810366437813475271750514734067285117962570475561289538093995582013161784n,
        lt: 38000000n,
        prevTransactionHash: 13832972198502931777418647643864071055329305530746045742163422853539359678n,
        prevTransactionLt: 36000000n,
        now: 1732922823,
        outMessagesCount: 4,
        oldStatus: 'active',
        endStatus: 'active',
        inMessage: {
          info: [Object],
          init: null,
          body: x{B687AB17000000000000000000000000}
           x{022017D78402017D78402165A0BC02017D784020B2D05E033916063B39B43A3B3916063B3A526E380000000800000004_}
            x{801028CD38D6A9FB165BB1D27554DCBBC8B7A064E07EF4C3832956828113614F545_}
        },
        outMessages: Dictionary { _key: [Object], _value: [Object], _map: [Map] },
        totalFees: { coins: 31144772n },
        stateUpdate: {
          oldHash: <Buffer a8 b1 51 2b 90 5a 82 19 b2 b8 44 1e 15 ae a8 bc 72 69 e8 de 28 6f 4a 7b 22 aa 8b f5 7f 0c 63 74>,
          newHash: <Buffer ab 6d f5 96 19 6a 7c 7d c7 60 48 22 9d 38 7b 76 38 21 c2 4b 23 e1 a9 40 88 f2 e3 9e 9e 8d a8 12>
        },
        description: {
          type: 'generic',
          creditFirst: false,
          storagePhase: [Object],
          creditPhase: [Object],
          computePhase: [Object],
          actionPhase: [Object],
          bouncePhase: undefined,
          aborted: false,
          destroyed: false
        },
        raw: x{7525D79B589F1D73B879432CD1A596C0F9C42CF460467BBB795DA5A20C021C138000000000243D5800007D44574A2D7378F1BAB30FEE7A670645EED12CBBA25AC2E2C5927355CEBBE0000000002255100674A4DC700094803B67688}
         x{E_}
          x{680173A49878148A4F6041C04B952AC2638BD6A1025222AF84BFAF2C3BE5A07436D50014975E6D627C75CEE1E50CB346965B03E710B3D18119EEEDE57696883008704E10E51802DC0610E50A0000000004692682CE949B8E5B43D58B8000000000000000000000004_}
           x{022017D78402017D78402165A0BC02017D784020B2D05E033916063B39B43A3B3916063B3A526E380000000800000004_}
            x{801028CD38D6A9FB165BB1D27554DCBBC8B7A064E07EF4C3832956828113614F545_}
          x{DB_}
           x{2_}
            x{2_}
             x{6800A4BAF36B13E3AE770F28659A34B2D81F38859E8C08CF776F2BB4B44180438271001F33C9E03834F86C2DA0166D0212C129A321D08D5D171B4080758BCF48863C4D90101931000609BBB0000000000487AB02CE949B8EC_}
              x{BC26F4C80000000000000000}
            x{2_}
             x{6800A4BAF36B13E3AE770F28659A34B2D81F38859E8C08CF776F2BB4B4418043827100384BA6D6A6B7DF2422C44C909493A07C03CA0A1FF860A7ED8531810050149DDF10101931000609BBB0000000000487AB04CE949B8EC_}
              x{BC26F4C80000000000000001}
           x{2_}
            x{2_}
             x{E00292EBCDAC4F8EB9DC3CA19668D2CB607CE2167A30233DDDBCAED2D106010E09C0000000000487AB06CE949B8EC_}
              x{8B6D3812000000000000000000000000801028CD38D6A9FB165BB1D27554DCBBC8B7A064E07EF4C3832956828113614F54482CB41781_}
            x{2_}
             x{4800A4BAF36B13E3AE770F28659A34B2D81F38859E8C08CF776F2BB4B44180438271002E74930F029149EC08380972A5584C717AD4204A4455F097F5E5877CB40E86DA90BCA4015C0656E1D8000000000487AB08CE949B8FE_}
              x{34_}
               x{FF00F4A413F4BCF2C80B}
                x{62_}
                 x{D001D0D3030171B0A301FA400120D74981010BBAF2E08820D70B0A208104FFBAF2D0898309BAF2E088545053036F04F86102F862DB3C5512DB3CF2E082}
                  x{ED44D0D401F863D200018E2FD31FFA400120D74981010BBAF2E08820D70B0A208104FFBAF2D0898309BAF2E08801D2000191D4926D01E255206C13E0F828D70B0A8309BAF2E089810101D700FA400120D74981010BBAF2E08820D70B0A208104FFBAF2D0898309BAF2E0881202D101DB3C}
                   x{6D}
                  x{0192307FE07021D749C21F953020D70B1FDE208210AFE93535BA8F5130D31F018210AFE93535BAF2E081D33FFA400120D74981010BBAF2E08820D70B0A208104FFBAF2D0898309BAF2E08801D455206C1332820898968070FB024434DB3C30037083067055206D6D6DDB3C597FE0208210B8A3AA14BAE302}
                   x{F8425220C705F2E084}
                   x{C87101CA01500701CA007001CA02500520D74981010BBAF2E08820D70B0A208104FFBAF2D0898309BAF2E088CF165003FA027001CA68236EB3917F93246EB3E2973333017001CA00E30D216EB39C7F01CA0001206EF2D08001CC95317001CA00E2C901FB00}
                    x{7F01CA00C87001CA007001CA00246EB39D7F01CA0004206EF2D0805004CC9634037001CA00E2246EB39D7F01CA0004206EF2D0805004CC9634037001CA00E27001CA00027F01CA0002C958CC}
                   x{30D31F018210B8A3AA14BAF2E081D33FFA400120D74981010BBAF2E08820D70B0A208104FFBAF2D0898309BAF2E088126C12317020FB025520DB3C03708100A07055206D6D6DDB3C587F}
                    x{F8425220C705F2E084}
                    x{C87101CA01500701CA007001CA02500520D74981010BBAF2E08820D70B0A208104FFBAF2D0898309BAF2E088CF165003FA027001CA68236EB3917F93246EB3E2973333017001CA00E30D216EB39C7F01CA0001206EF2D08001CC95317001CA00E2C901FB00}
                     x{7F01CA00C87001CA007001CA00246EB39D7F01CA0004206EF2D0805004CC9634037001CA00E2246EB39D7F01CA0004206EF2D0805004CC9634037001CA00E27001CA00027F01CA0002C958CC}
                   x{8210E601F8E5BA8ECED31F018210E601F8E5BAF2E081D33F0131820898968070FB02F8416F2410235F037083067F25206EF2D080542580C855208210B687AB175004CB1F12CB3FCB1FCCC9103441301443306D6DDB3C7FE03070}
                    x{C87101CA01500701CA007001CA02500520D74981010BBAF2E08820D70B0A208104FFBAF2D0898309BAF2E088CF165003FA027001CA68236EB3917F93246EB3E2973333017001CA00E30D216EB39C7F01CA0001206EF2D08001CC95317001CA00E2C901FB00}
                     x{7F01CA00C87001CA007001CA00246EB39D7F01CA0004206EF2D0805004CC9634037001CA00E2246EB39D7F01CA0004206EF2D0805004CC9634037001CA00E27001CA00027F01CA0002C958CC}
                  x{C8F84301CC7F01CA0055205023CB1F0120D74981010BBAF2E08820D70B0A208104FFBAF2D0898309BAF2E088CF16216EB3957F01CA00CC947032CA00E2C9ED54}
                 x{2_}
                  x{BE28EED9E6D9E3618C_}
                   x{ED44D0D401F863D200018E2FD31FFA400120D74981010BBAF2E08820D70B0A208104FFBAF2D0898309BAF2E08801D2000191D4926D01E255206C13E0F828D70B0A8309BAF2E089810101D700FA400120D74981010BBAF2E08820D70B0A208104FFBAF2D0898309BAF2E0881202D101DB3C}
                    x{6D}
                   x{21}
                  x{2_}
                   x{4}
                    x{B1D8B6CF36CF1B0C6_}
                     x{ED44D0D401F863D200018E2FD31FFA400120D74981010BBAF2E08820D70B0A208104FFBAF2D0898309BAF2E08801D2000191D4926D01E255206C13E0F828D70B0A8309BAF2E089810101D700FA400120D74981010BBAF2E08820D70B0A208104FFBAF2D0898309BAF2E0881202D101DB3C}
                      x{6D}
                     x{20}
                    x{B36436CF36CF1B0C6_}
                     x{ED44D0D401F863D200018E2FD31FFA400120D74981010BBAF2E08820D70B0A208104FFBAF2D0898309BAF2E08801D2000191D4926D01E255206C13E0F828D70B0A8309BAF2E089810101D700FA400120D74981010BBAF2E08820D70B0A208104FFBAF2D0898309BAF2E0881202D101DB3C}
                      x{6D}
                     x{22}
                   x{B82BEED44D0D20001}
               x{0000000000000000000000000000000000000000000000000000000000000000200292EBCDAC4F8EB9DC3CA19668D2CB607CE2167A30233DDDBCAED2D106010E09C4_}
                x{C_}
                 x{A0838F_}
                  x{FF00F4A413F4BCF2C80B}
                   x{62_}
                    x{D001D0D3030171B0A301FA400120D74981010BBAF2E08820D70B0A208104FFBAF2D0898309BAF2E088545053036F04F86102F862DB3C5512DB3CF2E082}
                     x{ED44D0D401F863D200018E2FD31FFA400120D74981010BBAF2E08820D70B0A208104FFBAF2D0898309BAF2E08801D2000191D4926D01E255206C13E0F828D70B0A8309BAF2E089810101D700FA400120D74981010BBAF2E08820D70B0A208104FFBAF2D0898309BAF2E0881202D101DB3C}
                      x{6D}
                     x{0192307FE07021D749C21F953020D70B1FDE208210AFE93535BA8F5130D31F018210AFE93535BAF2E081D33FFA400120D74981010BBAF2E08820D70B0A208104FFBAF2D0898309BAF2E08801D455206C1332820898968070FB024434DB3C30037083067055206D6D6DDB3C597FE0208210B8A3AA14BAE302}
                      x{F8425220C705F2E084}
                      x{C87101CA01500701CA007001CA02500520D74981010BBAF2E08820D70B0A208104FFBAF2D0898309BAF2E088CF165003FA027001CA68236EB3917F93246EB3E2973333017001CA00E30D216EB39C7F01CA0001206EF2D08001CC95317001CA00E2C901FB00}
                       x{7F01CA00C87001CA007001CA00246EB39D7F01CA0004206EF2D0805004CC9634037001CA00E2246EB39D7F01CA0004206EF2D0805004CC9634037001CA00E27001CA00027F01CA0002C958CC}
                      x{30D31F018210B8A3AA14BAF2E081D33FFA400120D74981010BBAF2E08820D70B0A208104FFBAF2D0898309BAF2E088126C12317020FB025520DB3C03708100A07055206D6D6DDB3C587F}
                       x{F8425220C705F2E084}
                       x{C87101CA01500701CA007001CA02500520D74981010BBAF2E08820D70B0A208104FFBAF2D0898309BAF2E088CF165003FA027001CA68236EB3917F93246EB3E2973333017001CA00E30D216EB39C7F01CA0001206EF2D08001CC95317001CA00E2C901FB00}
                        x{7F01CA00C87001CA007001CA00246EB39D7F01CA0004206EF2D0805004CC9634037001CA00E2246EB39D7F01CA0004206EF2D0805004CC9634037001CA00E27001CA00027F01CA0002C958CC}
                      x{8210E601F8E5BA8ECED31F018210E601F8E5BAF2E081D33F0131820898968070FB02F8416F2410235F037083067F25206EF2D080542580C855208210B687AB175004CB1F12CB3FCB1FCCC9103441301443306D6DDB3C7FE03070}
                       x{C87101CA01500701CA007001CA02500520D74981010BBAF2E08820D70B0A208104FFBAF2D0898309BAF2E088CF165003FA027001CA68236EB3917F93246EB3E2973333017001CA00E30D216EB39C7F01CA0001206EF2D08001CC95317001CA00E2C901FB00}
                        x{7F01CA00C87001CA007001CA00246EB39D7F01CA0004206EF2D0805004CC9634037001CA00E2246EB39D7F01CA0004206EF2D0805004CC9634037001CA00E27001CA00027F01CA0002C958CC}
                     x{C8F84301CC7F01CA0055205023CB1F0120D74981010BBAF2E08820D70B0A208104FFBAF2D0898309BAF2E088CF16216EB3957F01CA00CC947032CA00E2C9ED54}
                    x{2_}
                     x{BE28EED9E6D9E3618C_}
                      x{ED44D0D401F863D200018E2FD31FFA400120D74981010BBAF2E08820D70B0A208104FFBAF2D0898309BAF2E08801D2000191D4926D01E255206C13E0F828D70B0A8309BAF2E089810101D700FA400120D74981010BBAF2E08820D70B0A208104FFBAF2D0898309BAF2E0881202D101DB3C}
                       x{6D}
                      x{21}
                     x{2_}
                      x{4}
                       x{B1D8B6CF36CF1B0C6_}
                        x{ED44D0D401F863D200018E2FD31FFA400120D74981010BBAF2E08820D70B0A208104FFBAF2D0898309BAF2E08801D2000191D4926D01E255206C13E0F828D70B0A8309BAF2E089810101D700FA400120D74981010BBAF2E08820D70B0A208104FFBAF2D0898309BAF2E0881202D101DB3C}
                         x{6D}
                        x{20}
                       x{B36436CF36CF1B0C6_}
                        x{ED44D0D401F863D200018E2FD31FFA400120D74981010BBAF2E08820D70B0A208104FFBAF2D0898309BAF2E08801D2000191D4926D01E255206C13E0F828D70B0A8309BAF2E089810101D700FA400120D74981010BBAF2E08820D70B0A208104FFBAF2D0898309BAF2E0881202D101DB3C}
                         x{6D}
                        x{22}
                      x{B82BEED44D0D20001}
              x{B8A3AA140000000000000000801D3E5E1B0970E52ABD4EA639AED542E118FE33D2F03FE072737A6B74A8FDC2C69_}
         x{72A8B1512B905A8219B2B8441E15AEA8BC7269E8DE286F4A7B22AA8BF57F0C6374AB6DF596196A7C7DC76048229D387B763821C24B23E1A94088F2E39E9E8DA812}
         x{04090E51802DD88036E99E11_}
          x{602324EC3D09000000000000000007BF00000000000000000000000000000000000000000000000000000000000000000000000000000000000000000000000000000000000000000000000000000000}
          x{C9AC8D784C8FB95000000000000A0002000000098ABD23D2BF6E748A1EECE04F589F10B3A65B32C1E272EE63094489F59E3F849C48913B24_},
        hash: [Function: hash],
        blockchainLogs: '[ 4][t 0][2024-10-30 23:27:03.710000][transaction.cpp:443]\tunpacking account 525D79B589F1D73B879432CD1A596C0F9C42CF460467BBB795DA5A20C021C138\n' +
          '[ 4][t 0][2024-10-30 23:27:03.710000][transaction.cpp:274]\tlast_paid=1732922823; cells=232 bits=84034 public_cells=0\n' +
          '[ 4][t 0][2024-10-30 23:27:03.710000][transaction.cpp:504]\tend of Account.unpack() for 0:525D79B589F1D73B879432CD1A596C0F9C42CF460467BBB795DA5A20C021C138 (balance = 850000000ng ; last_trans_lt = 36000000..36000002)\n' +
          '[ 4][t 0][2024-10-30 23:27:03.710000][transaction.cpp:3655]\tblock random seed set to 0000000000000000000000000000000000000000000000000000000000000000\n' +
          '[ 4][t 0][2024-10-30 23:27:03.710000][transaction.cpp:1236]\tgas limits: max=1000000, limit=1000000, credit=0\n' +
          '[ 4][t 0][2024-10-30 23:27:03.710000][transaction.cpp:1575]\tin_msg_state is null\n' +
          '[ 4][t 0][2024-10-30 23:27:03.710000][transaction.cpp:1645]\tcreating VM\n' +
          '[ 4][t 0][2024-10-30 23:27:03.710000][transaction.cpp:1351]\tSmartContractInfo initialized with [ 124711402 0 0 1732922823 38000000 38000000 14068792954309835536948273256715513127174070948738620016199408580766834334284 [ 1810889015 (null) ] CS{Cell{0271c00525d79b589f1d73b879432cd1a596c0f9c42cf460467bbb795da5a20c021c1383d0c05210833a526e3800000000089544090caa7e201340} bits: 1..268; refs: 0..0} C{A7EC01478F770EF8F8B037CC7E42F0ABF0D85A50E1828C2394DAD1411691F2DE} C{42B6F0E46484EFC57B9508F6BA7EF42E7512023D5CB4ED5628DD1C7755D16E9D} [ 960889015 (null) ] 0 (null) [ CS{Cell{004dd06600000000000000000000000080000000000000fa00000000000001f4000000000003d09040} bits: 9..305; refs: 0..0} (null) CS{Cell{0094d1000000000000006400000000000f4240de000000002710000000000000000f42400000000002160ec0000000000000271000000000002625a00000000005f5e100000000003b9aca00} bits: 0..592; refs: 0..0} CS{Cell{0094d100000000000000640000000000009c40de000000000190000000000000000f424000000000000f4240000000000000271000000000009896800000000005f5e100000000003b9aca00} bits: 0..592; refs: 0..0} CS{Cell{0042ea000000000098968000000000271000000000000f424000000001800055555555} bits: 0..264; refs: 0..0} CS{Cell{0042ea0000000000061a800000000001900000000000009c4000000001800055555555} bits: 0..264; refs: 0..0} (null) ] 0 (null) ]\n' +
          '[ 4][t 0][2024-10-30 23:27:03.710000][transaction.cpp:1675]\tstarting VM\n' +
          '[ 4][t 0][2024-10-30 23:27:03.712000][transaction.cpp:1680]\tVM terminated with exit code 0\n' +
          '[ 3][t 0][2024-10-30 23:27:03.712000][transaction.cpp:1702]\tsteps: 1983 gas: used=71975, max=1000000, limit=1000000, credit=0\n' +
          '[ 3][t 0][2024-10-30 23:27:03.712000][transaction.cpp:1704]\tout_of_gas=false, accepted=true, success=true, time=0.001697s\n' +
          '[ 4][t 0][2024-10-30 23:27:03.712000][transaction.cpp:1737]\tgas fees: 28790000 = 26214400 * 71975 /2^16 ; price=26214400; flat rate=[40000 for 100]; remaining balance=1782099015ng\n' +
          '[ 3][t 0][2024-10-30 23:27:03.712000][transaction.cpp:2678]\tin try_action_reserve_currency(0)\n' +
          '[ 4][t 0][2024-10-30 23:27:03.712000][transaction.cpp:2684]\taction_reserve_currency: mode=0, reserve=850000000ng, balance=1782099015ng, original balance=850000000ng\n' +
          '[ 3][t 0][2024-10-30 23:27:03.712000][transaction.cpp:2729]\tchanged remaining balance to 932099015ng, reserved balance to 850000000ng\n' +
          '[ 4][t 0][2024-10-30 23:27:03.712000][transaction.cpp:2448]\tstorage paid for a message: 1 cells, 96 bits\n' +
          '[ 4][t 0][2024-10-30 23:27:03.712000][transaction.cpp:2452]\tcomputed fwd fees = 478400 + 0\n' +
          '[ 4][t 0][2024-10-30 23:27:03.712000][transaction.cpp:2448]\tstorage paid for a message: 1 cells, 96 bits\n' +
          '[ 4][t 0][2024-10-30 23:27:03.712000][transaction.cpp:2452]\tcomputed fwd fees = 478400 + 0\n' +
          '[ 4][t 0][2024-10-30 23:27:03.712000][transaction.cpp:2448]\tstorage paid for a message: 1 cells, 431 bits\n' +
          '[ 4][t 0][2024-10-30 23:27:03.712000][transaction.cpp:2452]\tcomputed fwd fees = 612400 + 0\n' +
          '[ 4][t 0][2024-10-30 23:27:03.712000][transaction.cpp:2448]\tstorage paid for a message: 27 cells, 6976 bits\n' +
          '[ 4][t 0][2024-10-30 23:27:03.712000][transaction.cpp:2452]\tcomputed fwd fees = 4270400 + 0\n',
        vmLogs: 'xecute EQUAL\n' +
          'execute THROWIF 137\n' +
          'execute PUSHPOW2 10\n' +
          'execute EQUAL\n' +
          'execute THROWIFNOT 136\n' +
          'execute STSLICER\n' +
          'execute ENDC\n' +
          'execute ROT\n' +
          'execute STREF\n' +
          'execute ENDC\n' +
          'execute SWAP\n' +
          'execute STREF\n' +
          'execute implicit RET\n' +
          'execute ENDC\n' +
          'execute POP c4\n' +
          'execute implicit RET\n',
        debugLogs: '',
        events: [ [Object], [Object], [Object] ],
        parent: {
          address: 84049441022908470316622795825605090351520748406577698494615284512509455375210n,
          lt: 37000000n,
          prevTransactionHash: 55395319091668439241043286449469375482895260433997539440936009448654875683704n,
          prevTransactionLt: 29000000n,
          now: 1732922823,
          outMessagesCount: 1,
          oldStatus: 'active',
          endStatus: 'active',
          inMessage: [Object],
          outMessages: [Dictionary],
          totalFees: [Object],
          stateUpdate: [Object],
          description: [Object],
          raw: x{7B9D24C3C0A4527B020E025CA956131C5EB5081291157C25FD7961DF2D03A1B6A00000000023493407A78A3B6F0EB380BEEF2DF05239F3DB6A9C31515086C0BFE25AF1546D1186B780000000001BA8140674A4DC70003468F24DE}
           x{E_}
            x{6800A4BAF36B13E3AE770F28659A34B2D81F38859E8C08CF776F2BB4B44180438271002E74930F029149EC08380972A5584C717AD4204A4455F097F5E5877CB40E86DA90E65816AC0609BBB000000000044AA202CE949B8E7300FC7280000000000000004_}
            x{DF_}
             x{680173A49878148A4F6041C04B952AC2638BD6A1025222AF84BFAF2C3BE5A07436D50014975E6D627C75CEE1E50CB346965B03E710B3D18119EEEDE57696883008704E10E51802DC0610E50A0000000004692682CE949B8EC_}
              x{B687AB17000000000000000000000000}
               x{022017D78402017D78402165A0BC02017D784020B2D05E033916063B39B43A3B3916063B3A526E380000000800000004_}
                x{801028CD38D6A9FB165BB1D27554DCBBC8B7A064E07EF4C3832956828113614F545_}
           x{72AFEAA77EF1811F950183C128354F0C1A9E7CA905B2D464626C8638310C946C900D3F1672313C5B33366E09964B7C24978DB47079E8637027D0D70816C9AA1643}
           x{04C33029090E65816AD866D31211_}
            x{445E2C3D09000000000000000000FE00000000000000000000000000000000000000000000000000000000000000000000000000000000000000000000000000000000000000000000000000000000}
            x{C98655E04C10E4EC0000000000040002000000034BDDB140D4FB7542AECE6B559962FC4799CC4670BC1C9AE313CAD74E28F855B241102E4C_},
          hash: [Function: hash],
          blockchainLogs: '[ 4][t 0][2024-10-30 23:27:03.707000][transaction.cpp:443]\tunpacking account B9D24C3C0A4527B020E025CA956131C5EB5081291157C25FD7961DF2D03A1B6A\n' +
            '[ 4][t 0][2024-10-30 23:27:03.707000][transaction.cpp:274]\tlast_paid=1730330823; cells=28 bits=7131 public_cells=0\n' +
            '[ 4][t 0][2024-10-30 23:27:03.707000][transaction.cpp:504]\tend of Account.unpack() for 0:B9D24C3C0A4527B020E025CA956131C5EB5081291157C25FD7961DF2D03A1B6A (balance = 10000000ng ; last_trans_lt = 29000000..29000002)\n' +
            '[ 4][t 0][2024-10-30 23:27:03.707000][transaction.cpp:3655]\tblock random seed set to 0000000000000000000000000000000000000000000000000000000000000000\n' +
            '[ 4][t 0][2024-10-30 23:27:03.707000][transaction.cpp:1236]\tgas limits: max=1000000, limit=1000000, credit=0\n' +
            '[ 4][t 0][2024-10-30 23:27:03.707000][transaction.cpp:1575]\tin_msg_state is null\n' +
            '[ 4][t 0][2024-10-30 23:27:03.707000][transaction.cpp:1645]\tcreating VM\n' +
            '[ 4][t 0][2024-10-30 23:27:03.707000][transaction.cpp:1351]\tSmartContractInfo initialized with [ 124711402 0 0 1732922823 37000000 37000000 84630195367514639409622924175749312199831056191303332875639359062248049886761 [ 975297415 (null) ] CS{Cell{026dc00b9d24c3c0a4527b020e025ca956131c5eb5081291157c25fd7961df2d03a1b6a23886f6c3391606380000000006ea0508e625a01340} bits: 1..268; refs: 0..0} C{A7EC01478F770EF8F8B037CC7E42F0ABF0D85A50E1828C2394DAD1411691F2DE} C{F2179DCD5CFD8A1E113288591FFB7A5E10E107D0D2C36DF69E40398023DAA7B1} [ 966133163 (null) ] 835748 (null) [ CS{Cell{004dd06600000000000000000000000080000000000000fa00000000000001f4000000000003d09040} bits: 9..305; refs: 0..0} (null) CS{Cell{0094d1000000000000006400000000000f4240de000000002710000000000000000f42400000000002160ec0000000000000271000000000002625a00000000005f5e100000000003b9aca00} bits: 0..592; refs: 0..0} CS{Cell{0094d100000000000000640000000000009c40de000000000190000000000000000f424000000000000f4240000000000000271000000000009896800000000005f5e100000000003b9aca00} bits: 0..592; refs: 0..0} CS{Cell{0042ea000000000098968000000000271000000000000f424000000001800055555555} bits: 0..264; refs: 0..0} CS{Cell{0042ea0000000000061a800000000001900000000000009c4000000001800055555555} bits: 0..264; refs: 0..0} (null) ] 0 (null) ]\n' +
            '[ 4][t 0][2024-10-30 23:27:03.707000][transaction.cpp:1675]\tstarting VM\n' +
            '[ 4][t 0][2024-10-30 23:27:03.707000][transaction.cpp:1680]\tVM terminated with exit code 0\n' +
            '[ 3][t 0][2024-10-30 23:27:03.707000][transaction.cpp:1702]\tsteps: 254 gas: used=8945, max=1000000, limit=1000000, credit=0\n' +
            '[ 3][t 0][2024-10-30 23:27:03.707000][transaction.cpp:1704]\tout_of_gas=false, accepted=true, success=true, time=0.000267s\n' +
            '[ 4][t 0][2024-10-30 23:27:03.707000][transaction.cpp:1737]\tgas fees: 3578000 = 26214400 * 8945 /2^16 ; price=26214400; flat rate=[40000 for 100]; remaining balance=971719415ng\n' +
            '[ 3][t 0][2024-10-30 23:27:03.707000][transaction.cpp:2678]\tin try_action_reserve_currency(0)\n' +
            '[ 4][t 0][2024-10-30 23:27:03.707000][transaction.cpp:2684]\taction_reserve_currency: mode=0, reserve=10000000ng, balance=971719415ng, original balance=9164252ng\n' +
            '[ 3][t 0][2024-10-30 23:27:03.708000][transaction.cpp:2729]\tchanged remaining balance to 961719415ng, reserved balance to 10000000ng\n' +
            '[ 4][t 0][2024-10-30 23:27:03.708000][transaction.cpp:2448]\tstorage paid for a message: 3 cells, 776 bits\n' +
            '[ 4][t 0][2024-10-30 23:27:03.708000][transaction.cpp:2452]\tcomputed fwd fees = 830400 + 0\n',
          vmLogs: 'ecute STSLICER\n' +
            'execute OVER\n' +
            'execute ISNULL\n' +
            'execute NOT\n' +
            'execute PUSHCONT x7F01CA00CC\n' +
            'execute PUSHCONT x7032CA00\n' +
            'execute IFELSE\n' +
            'execute PUSHINT -1\n' +
            'execute SWAP\n' +
            'execute STI 1\n' +
            'execute STREF\n' +
            'execute implicit RET\n' +
            'execute ENDC\n' +
            'execute POP c4\n' +
            'execute implicit RET\n',
          debugLogs: '',
          events: [Array],
          parent: [Object],
          children: [Array],
          externals: []
        },
        children: [ [Object], [Object], [Object] ],
        externals: [ [Object] ]
      },
      {
        address: 56452803209391972311245829800318013664241380452486081517026592719308720763190n,
        lt: 39000000n,
        prevTransactionHash: 37170743482127146946096927132752106633930264689204392992310072324695649782951n,
        prevTransactionLt: 28000000n,
        now: 1732922823,
        outMessagesCount: 1,
        oldStatus: 'active',
        endStatus: 'active',
        inMessage: { info: [Object], init: null, body: x{BC26F4C80000000000000000} },
        outMessages: Dictionary { _key: [Object], _value: [Object], _map: [Map] },
        totalFees: { coins: 5334831n },
        stateUpdate: {
          oldHash: <Buffer 0e 33 de ff 2e 7c 5d 9f ac d0 e7 41 2d 52 e0 06 57 ca e8 c2 34 03 d7 84 14 23 e2 82 d3 b2 4d 74>,
          newHash: <Buffer cd 2a e7 e8 ab 15 6e ff b9 88 a6 a9 7f 7f 4f 3f 84 56 90 0f 7f c3 2c e7 2b 2a 3b 56 16 b7 71 85>
        },
        description: {
          type: 'generic',
          creditFirst: false,
          storagePhase: [Object],
          creditPhase: [Object],
          computePhase: [Object],
          actionPhase: [Object],
          bouncePhase: undefined,
          aborted: false,
          destroyed: false
        },
        raw: x{77CCF2780E0D3E1B0B68059B4084B04A68C874235745C6D0201D62F3D2218F13600000000025317C0522DE52F7ECC3CF0A3D3E9D12B38E943FCDB2AAFB0F0389BF85EE40677C98CA70000000001AB3F00674A4DC7000346A2CE5E}
         x{E_}
          x{6800A4BAF36B13E3AE770F28659A34B2D81F38859E8C08CF776F2BB4B44180438271001F33C9E03834F86C2DA0166D0212C129A321D08D5D171B4080758BCF48863C4D90101931000609BBB0000000000487AB02CE949B8E5E137A6400000000000000004_}
          x{DF_}
           x{6800F99E4F01C1A7C3616D00B3681096094D190E846AE8B8DA0403AC5E7A4431E26D0014975E6D627C75CEE1E50CB346965B03E710B3D18119EEEDE57696883008704E101119EF88060DFF5E0000000004A62F82CE949B8EC_}
            x{2A004A0500000000000000000000000000000000000000000000000000000000000000000000000000000000C00814669C6B54FD8B2DD8E93AAA6E5DE45BD032703F7A61C194AB414089B0A7AA2}
         x{720E33DEFF2E7C5D9FACD0E7412D52E00657CAE8C23403D7841423E282D3B24D74CD2AE7E8AB156EFFB988A6A97F7F4F3F8456900F7FC32CE72B2A3B5616B77185}
         x{04C4360789010193101867A1E811_}
          x{44E28C0A4D9000000000000000013D00000000000000000000000000000000000000000000000000000000000000000000000000000000000000000000000000000000000000000000000000000000}
          x{C9853FC04C0DFF44000000000002000000000002E314399E9181B61CA6ACAC445010D6EB366B5E165776588A9812DBEC1225A8904090296C_},
        hash: [Function: hash],
        blockchainLogs: '[ 4][t 0][2024-10-30 23:27:03.717000][transaction.cpp:443]\tunpacking account 7CCF2780E0D3E1B0B68059B4084B04A68C874235745C6D0201D62F3D2218F136\n' +
          '[ 4][t 0][2024-10-30 23:27:03.717000][transaction.cpp:274]\tlast_paid=1730330823; cells=30 bits=12911 public_cells=0\n' +
          '[ 4][t 0][2024-10-30 23:27:03.717000][transaction.cpp:504]\tend of Account.unpack() for 0:7CCF2780E0D3E1B0B68059B4084B04A68C874235745C6D0201D62F3D2218F136 (balance = 10000000ng ; last_trans_lt = 28000000..28000002)\n' +
          '[ 4][t 0][2024-10-30 23:27:03.717000][transaction.cpp:3655]\tblock random seed set to 0000000000000000000000000000000000000000000000000000000000000000\n' +
          '[ 4][t 0][2024-10-30 23:27:03.717000][transaction.cpp:1236]\tgas limits: max=191044, limit=168804, credit=0\n' +
          '[ 4][t 0][2024-10-30 23:27:03.717000][transaction.cpp:1575]\tin_msg_state is null\n' +
          '[ 4][t 0][2024-10-30 23:27:03.717000][transaction.cpp:1645]\tcreating VM\n' +
          '[ 4][t 0][2024-10-30 23:27:03.717000][transaction.cpp:1351]\tSmartContractInfo initialized with [ 124711402 0 0 1732922823 39000000 39000000 17158678860825839941702393232993838109470607978381324670400578166443069604636 [ 76417698 (null) ] CS{Cell{026dc007ccf2780e0d3e1b0b68059b4084b04a68c874235745c6d0201d62f3d2218f13623c8c9bc3391606380000000006acfc08e625a01340} bits: 1..268; refs: 0..0} C{A7EC01478F770EF8F8B037CC7E42F0ABF0D85A50E1828C2394DAD1411691F2DE} C{33BB148A451AD17F938AA7C476E48F2B79933715F13F1D58F9234A90730321A8} [ 67521600 (null) ] 1103902 (null) [ CS{Cell{004dd06600000000000000000000000080000000000000fa00000000000001f4000000000003d09040} bits: 9..305; refs: 0..0} (null) CS{Cell{0094d1000000000000006400000000000f4240de000000002710000000000000000f42400000000002160ec0000000000000271000000000002625a00000000005f5e100000000003b9aca00} bits: 0..592; refs: 0..0} CS{Cell{0094d100000000000000640000000000009c40de000000000190000000000000000f424000000000000f4240000000000000271000000000009896800000000005f5e100000000003b9aca00} bits: 0..592; refs: 0..0} CS{Cell{0042ea000000000098968000000000271000000000000f424000000001800055555555} bits: 0..264; refs: 0..0} CS{Cell{0042ea0000000000061a800000000001900000000000009c4000000001800055555555} bits: 0..264; refs: 0..0} (null) ] 0 (null) ]\n' +
          '[ 4][t 0][2024-10-30 23:27:03.717000][transaction.cpp:1675]\tstarting VM\n' +
          '[ 4][t 0][2024-10-30 23:27:03.718000][transaction.cpp:1680]\tVM terminated with exit code 0\n' +
          '[ 3][t 0][2024-10-30 23:27:03.718000][transaction.cpp:1702]\tsteps: 317 gas: used=10004, max=191044, limit=168804, credit=0\n' +
          '[ 3][t 0][2024-10-30 23:27:03.718000][transaction.cpp:1704]\tout_of_gas=false, accepted=true, success=true, time=0.000333s\n' +
          '[ 4][t 0][2024-10-30 23:27:03.718000][transaction.cpp:1737]\tgas fees: 4001600 = 26214400 * 10004 /2^16 ; price=26214400; flat rate=[40000 for 100]; remaining balance=72416098ng\n' +
          '[ 4][t 0][2024-10-30 23:27:03.718000][transaction.cpp:2448]\tstorage paid for a message: 1 cells, 620 bits\n' +
          '[ 4][t 0][2024-10-30 23:27:03.718000][transaction.cpp:2452]\tcomputed fwd fees = 688000 + 0\n',
        vmLogs: 'e implicit RET\n' +
          'execute OVER\n' +
          'execute ISNULL\n' +
          'execute NOT\n' +
          'execute PUSHCONT x7F01CA00CC\n' +
          'execute PUSHCONT x7032CA00\n' +
          'execute IFELSE\n' +
          'execute PUSHINT -1\n' +
          'execute SWAP\n' +
          'execute STI 1\n' +
          'execute STREF\n' +
          'execute implicit RET\n' +
          'execute ENDC\n' +
          'execute POP c4\n' +
          'execute implicit RET\n',
        debugLogs: '',
        events: [ [Object] ],
        parent: {
          address: 37254810366437813475271750514734067285117962570475561289538093995582013161784n,
          lt: 38000000n,
          prevTransactionHash: 13832972198502931777418647643864071055329305530746045742163422853539359678n,
          prevTransactionLt: 36000000n,
          now: 1732922823,
          outMessagesCount: 4,
          oldStatus: 'active',
          endStatus: 'active',
          inMessage: [Object],
          outMessages: [Dictionary],
          totalFees: [Object],
          stateUpdate: [Object],
          description: [Object],
          raw: x{7525D79B589F1D73B879432CD1A596C0F9C42CF460467BBB795DA5A20C021C138000000000243D5800007D44574A2D7378F1BAB30FEE7A670645EED12CBBA25AC2E2C5927355CEBBE0000000002255100674A4DC700094803B67688}
           x{E_}
            x{680173A49878148A4F6041C04B952AC2638BD6A1025222AF84BFAF2C3BE5A07436D50014975E6D627C75CEE1E50CB346965B03E710B3D18119EEEDE57696883008704E10E51802DC0610E50A0000000004692682CE949B8E5B43D58B8000000000000000000000004_}
             x{022017D78402017D78402165A0BC02017D784020B2D05E033916063B39B43A3B3916063B3A526E380000000800000004_}
              x{801028CD38D6A9FB165BB1D27554DCBBC8B7A064E07EF4C3832956828113614F545_}
            x{DB_}
             x{2_}
              x{2_}
               x{6800A4BAF36B13E3AE770F28659A34B2D81F38859E8C08CF776F2BB4B44180438271001F33C9E03834F86C2DA0166D0212C129A321D08D5D171B4080758BCF48863C4D90101931000609BBB0000000000487AB02CE949B8EC_}
                x{BC26F4C80000000000000000}
              x{2_}
               x{6800A4BAF36B13E3AE770F28659A34B2D81F38859E8C08CF776F2BB4B4418043827100384BA6D6A6B7DF2422C44C909493A07C03CA0A1FF860A7ED8531810050149DDF10101931000609BBB0000000000487AB04CE949B8EC_}
                x{BC26F4C80000000000000001}
             x{2_}
              x{2_}
               x{E00292EBCDAC4F8EB9DC3CA19668D2CB607CE2167A30233DDDBCAED2D106010E09C0000000000487AB06CE949B8EC_}
                x{8B6D3812000000000000000000000000801028CD38D6A9FB165BB1D27554DCBBC8B7A064E07EF4C3832956828113614F54482CB41781_}
              x{2_}
               x{4800A4BAF36B13E3AE770F28659A34B2D81F38859E8C08CF776F2BB4B44180438271002E74930F029149EC08380972A5584C717AD4204A4455F097F5E5877CB40E86DA90BCA4015C0656E1D8000000000487AB08CE949B8FE_}
                x{34_}
                 x{FF00F4A413F4BCF2C80B}
                  x{62_}
                   x{D001D0D3030171B0A301FA400120D74981010BBAF2E08820D70B0A208104FFBAF2D0898309BAF2E088545053036F04F86102F862DB3C5512DB3CF2E082}
                    x{ED44D0D401F863D200018E2FD31FFA400120D74981010BBAF2E08820D70B0A208104FFBAF2D0898309BAF2E08801D2000191D4926D01E255206C13E0F828D70B0A8309BAF2E089810101D700FA400120D74981010BBAF2E08820D70B0A208104FFBAF2D0898309BAF2E0881202D101DB3C}
                     x{6D}
                    x{0192307FE07021D749C21F953020D70B1FDE208210AFE93535BA8F5130D31F018210AFE93535BAF2E081D33FFA400120D74981010BBAF2E08820D70B0A208104FFBAF2D0898309BAF2E08801D455206C1332820898968070FB024434DB3C30037083067055206D6D6DDB3C597FE0208210B8A3AA14BAE302}
                     x{F8425220C705F2E084}
                     x{C87101CA01500701CA007001CA02500520D74981010BBAF2E08820D70B0A208104FFBAF2D0898309BAF2E088CF165003FA027001CA68236EB3917F93246EB3E2973333017001CA00E30D216EB39C7F01CA0001206EF2D08001CC95317001CA00E2C901FB00}
                      x{7F01CA00C87001CA007001CA00246EB39D7F01CA0004206EF2D0805004CC9634037001CA00E2246EB39D7F01CA0004206EF2D0805004CC9634037001CA00E27001CA00027F01CA0002C958CC}
                     x{30D31F018210B8A3AA14BAF2E081D33FFA400120D74981010BBAF2E08820D70B0A208104FFBAF2D0898309BAF2E088126C12317020FB025520DB3C03708100A07055206D6D6DDB3C587F}
                      x{F8425220C705F2E084}
                      x{C87101CA01500701CA007001CA02500520D74981010BBAF2E08820D70B0A208104FFBAF2D0898309BAF2E088CF165003FA027001CA68236EB3917F93246EB3E2973333017001CA00E30D216EB39C7F01CA0001206EF2D08001CC95317001CA00E2C901FB00}
                       x{7F01CA00C87001CA007001CA00246EB39D7F01CA0004206EF2D0805004CC9634037001CA00E2246EB39D7F01CA0004206EF2D0805004CC9634037001CA00E27001CA00027F01CA0002C958CC}
                     x{8210E601F8E5BA8ECED31F018210E601F8E5BAF2E081D33F0131820898968070FB02F8416F2410235F037083067F25206EF2D080542580C855208210B687AB175004CB1F12CB3FCB1FCCC9103441301443306D6DDB3C7FE03070}
                      x{C87101CA01500701CA007001CA02500520D74981010BBAF2E08820D70B0A208104FFBAF2D0898309BAF2E088CF165003FA027001CA68236EB3917F93246EB3E2973333017001CA00E30D216EB39C7F01CA0001206EF2D08001CC95317001CA00E2C901FB00}
                       x{7F01CA00C87001CA007001CA00246EB39D7F01CA0004206EF2D0805004CC9634037001CA00E2246EB39D7F01CA0004206EF2D0805004CC9634037001CA00E27001CA00027F01CA0002C958CC}
                    x{C8F84301CC7F01CA0055205023CB1F0120D74981010BBAF2E08820D70B0A208104FFBAF2D0898309BAF2E088CF16216EB3957F01CA00CC947032CA00E2C9ED54}
                   x{2_}
                    x{BE28EED9E6D9E3618C_}
                     x{ED44D0D401F863D200018E2FD31FFA400120D74981010BBAF2E08820D70B0A208104FFBAF2D0898309BAF2E08801D2000191D4926D01E255206C13E0F828D70B0A8309BAF2E089810101D700FA400120D74981010BBAF2E08820D70B0A208104FFBAF2D0898309BAF2E0881202D101DB3C}
                      x{6D}
                     x{21}
                    x{2_}
                     x{4}
                      x{B1D8B6CF36CF1B0C6_}
                       x{ED44D0D401F863D200018E2FD31FFA400120D74981010BBAF2E08820D70B0A208104FFBAF2D0898309BAF2E08801D2000191D4926D01E255206C13E0F828D70B0A8309BAF2E089810101D700FA400120D74981010BBAF2E08820D70B0A208104FFBAF2D0898309BAF2E0881202D101DB3C}
                        x{6D}
                       x{20}
                      x{B36436CF36CF1B0C6_}
                       x{ED44D0D401F863D200018E2FD31FFA400120D74981010BBAF2E08820D70B0A208104FFBAF2D0898309BAF2E08801D2000191D4926D01E255206C13E0F828D70B0A8309BAF2E089810101D700FA400120D74981010BBAF2E08820D70B0A208104FFBAF2D0898309BAF2E0881202D101DB3C}
                        x{6D}
                       x{22}
                     x{B82BEED44D0D20001}
                 x{0000000000000000000000000000000000000000000000000000000000000000200292EBCDAC4F8EB9DC3CA19668D2CB607CE2167A30233DDDBCAED2D106010E09C4_}
                  x{C_}
                   x{A0838F_}
                    x{FF00F4A413F4BCF2C80B}
                     x{62_}
                      x{D001D0D3030171B0A301FA400120D74981010BBAF2E08820D70B0A208104FFBAF2D0898309BAF2E088545053036F04F86102F862DB3C5512DB3CF2E082}
                       x{ED44D0D401F863D200018E2FD31FFA400120D74981010BBAF2E08820D70B0A208104FFBAF2D0898309BAF2E08801D2000191D4926D01E255206C13E0F828D70B0A8309BAF2E089810101D700FA400120D74981010BBAF2E08820D70B0A208104FFBAF2D0898309BAF2E0881202D101DB3C}
                        x{6D}
                       x{0192307FE07021D749C21F953020D70B1FDE208210AFE93535BA8F5130D31F018210AFE93535BAF2E081D33FFA400120D74981010BBAF2E08820D70B0A208104FFBAF2D0898309BAF2E08801D455206C1332820898968070FB024434DB3C30037083067055206D6D6DDB3C597FE0208210B8A3AA14BAE302}
                        x{F8425220C705F2E084}
                        x{C87101CA01500701CA007001CA02500520D74981010BBAF2E08820D70B0A208104FFBAF2D0898309BAF2E088CF165003FA027001CA68236EB3917F93246EB3E2973333017001CA00E30D216EB39C7F01CA0001206EF2D08001CC95317001CA00E2C901FB00}
                         x{7F01CA00C87001CA007001CA00246EB39D7F01CA0004206EF2D0805004CC9634037001CA00E2246EB39D7F01CA0004206EF2D0805004CC9634037001CA00E27001CA00027F01CA0002C958CC}
                        x{30D31F018210B8A3AA14BAF2E081D33FFA400120D74981010BBAF2E08820D70B0A208104FFBAF2D0898309BAF2E088126C12317020FB025520DB3C03708100A07055206D6D6DDB3C587F}
                         x{F8425220C705F2E084}
                         x{C87101CA01500701CA007001CA02500520D74981010BBAF2E08820D70B0A208104FFBAF2D0898309BAF2E088CF165003FA027001CA68236EB3917F93246EB3E2973333017001CA00E30D216EB39C7F01CA0001206EF2D08001CC95317001CA00E2C901FB00}
                          x{7F01CA00C87001CA007001CA00246EB39D7F01CA0004206EF2D0805004CC9634037001CA00E2246EB39D7F01CA0004206EF2D0805004CC9634037001CA00E27001CA00027F01CA0002C958CC}
                        x{8210E601F8E5BA8ECED31F018210E601F8E5BAF2E081D33F0131820898968070FB02F8416F2410235F037083067F25206EF2D080542580C855208210B687AB175004CB1F12CB3FCB1FCCC9103441301443306D6DDB3C7FE03070}
                         x{C87101CA01500701CA007001CA02500520D74981010BBAF2E08820D70B0A208104FFBAF2D0898309BAF2E088CF165003FA027001CA68236EB3917F93246EB3E2973333017001CA00E30D216EB39C7F01CA0001206EF2D08001CC95317001CA00E2C901FB00}
                          x{7F01CA00C87001CA007001CA00246EB39D7F01CA0004206EF2D0805004CC9634037001CA00E2246EB39D7F01CA0004206EF2D0805004CC9634037001CA00E27001CA00027F01CA0002C958CC}
                       x{C8F84301CC7F01CA0055205023CB1F0120D74981010BBAF2E08820D70B0A208104FFBAF2D0898309BAF2E088CF16216EB3957F01CA00CC947032CA00E2C9ED54}
                      x{2_}
                       x{BE28EED9E6D9E3618C_}
                        x{ED44D0D401F863D200018E2FD31FFA400120D74981010BBAF2E08820D70B0A208104FFBAF2D0898309BAF2E08801D2000191D4926D01E255206C13E0F828D70B0A8309BAF2E089810101D700FA400120D74981010BBAF2E08820D70B0A208104FFBAF2D0898309BAF2E0881202D101DB3C}
                         x{6D}
                        x{21}
                       x{2_}
                        x{4}
                         x{B1D8B6CF36CF1B0C6_}
                          x{ED44D0D401F863D200018E2FD31FFA400120D74981010BBAF2E08820D70B0A208104FFBAF2D0898309BAF2E08801D2000191D4926D01E255206C13E0F828D70B0A8309BAF2E089810101D700FA400120D74981010BBAF2E08820D70B0A208104FFBAF2D0898309BAF2E0881202D101DB3C}
                           x{6D}
                          x{20}
                         x{B36436CF36CF1B0C6_}
                          x{ED44D0D401F863D200018E2FD31FFA400120D74981010BBAF2E08820D70B0A208104FFBAF2D0898309BAF2E08801D2000191D4926D01E255206C13E0F828D70B0A8309BAF2E089810101D700FA400120D74981010BBAF2E08820D70B0A208104FFBAF2D0898309BAF2E0881202D101DB3C}
                           x{6D}
                          x{22}
                        x{B82BEED44D0D20001}
                x{B8A3AA140000000000000000801D3E5E1B0970E52ABD4EA639AED542E118FE33D2F03FE072737A6B74A8FDC2C69_}
           x{72A8B1512B905A8219B2B8441E15AEA8BC7269E8DE286F4A7B22AA8BF57F0C6374AB6DF596196A7C7DC76048229D387B763821C24B23E1A94088F2E39E9E8DA812}
           x{04090E51802DD88036E99E11_}
            x{602324EC3D09000000000000000007BF00000000000000000000000000000000000000000000000000000000000000000000000000000000000000000000000000000000000000000000000000000000}
            x{C9AC8D784C8FB95000000000000A0002000000098ABD23D2BF6E748A1EECE04F589F10B3A65B32C1E272EE63094489F59E3F849C48913B24_},
          hash: [Function: hash],
          blockchainLogs: '[ 4][t 0][2024-10-30 23:27:03.710000][transaction.cpp:443]\tunpacking account 525D79B589F1D73B879432CD1A596C0F9C42CF460467BBB795DA5A20C021C138\n' +
            '[ 4][t 0][2024-10-30 23:27:03.710000][transaction.cpp:274]\tlast_paid=1732922823; cells=232 bits=84034 public_cells=0\n' +
            '[ 4][t 0][2024-10-30 23:27:03.710000][transaction.cpp:504]\tend of Account.unpack() for 0:525D79B589F1D73B879432CD1A596C0F9C42CF460467BBB795DA5A20C021C138 (balance = 850000000ng ; last_trans_lt = 36000000..36000002)\n' +
            '[ 4][t 0][2024-10-30 23:27:03.710000][transaction.cpp:3655]\tblock random seed set to 0000000000000000000000000000000000000000000000000000000000000000\n' +
            '[ 4][t 0][2024-10-30 23:27:03.710000][transaction.cpp:1236]\tgas limits: max=1000000, limit=1000000, credit=0\n' +
            '[ 4][t 0][2024-10-30 23:27:03.710000][transaction.cpp:1575]\tin_msg_state is null\n' +
            '[ 4][t 0][2024-10-30 23:27:03.710000][transaction.cpp:1645]\tcreating VM\n' +
            '[ 4][t 0][2024-10-30 23:27:03.710000][transaction.cpp:1351]\tSmartContractInfo initialized with [ 124711402 0 0 1732922823 38000000 38000000 14068792954309835536948273256715513127174070948738620016199408580766834334284 [ 1810889015 (null) ] CS{Cell{0271c00525d79b589f1d73b879432cd1a596c0f9c42cf460467bbb795da5a20c021c1383d0c05210833a526e3800000000089544090caa7e201340} bits: 1..268; refs: 0..0} C{A7EC01478F770EF8F8B037CC7E42F0ABF0D85A50E1828C2394DAD1411691F2DE} C{42B6F0E46484EFC57B9508F6BA7EF42E7512023D5CB4ED5628DD1C7755D16E9D} [ 960889015 (null) ] 0 (null) [ CS{Cell{004dd06600000000000000000000000080000000000000fa00000000000001f4000000000003d09040} bits: 9..305; refs: 0..0} (null) CS{Cell{0094d1000000000000006400000000000f4240de000000002710000000000000000f42400000000002160ec0000000000000271000000000002625a00000000005f5e100000000003b9aca00} bits: 0..592; refs: 0..0} CS{Cell{0094d100000000000000640000000000009c40de000000000190000000000000000f424000000000000f4240000000000000271000000000009896800000000005f5e100000000003b9aca00} bits: 0..592; refs: 0..0} CS{Cell{0042ea000000000098968000000000271000000000000f424000000001800055555555} bits: 0..264; refs: 0..0} CS{Cell{0042ea0000000000061a800000000001900000000000009c4000000001800055555555} bits: 0..264; refs: 0..0} (null) ] 0 (null) ]\n' +
            '[ 4][t 0][2024-10-30 23:27:03.710000][transaction.cpp:1675]\tstarting VM\n' +
            '[ 4][t 0][2024-10-30 23:27:03.712000][transaction.cpp:1680]\tVM terminated with exit code 0\n' +
            '[ 3][t 0][2024-10-30 23:27:03.712000][transaction.cpp:1702]\tsteps: 1983 gas: used=71975, max=1000000, limit=1000000, credit=0\n' +
            '[ 3][t 0][2024-10-30 23:27:03.712000][transaction.cpp:1704]\tout_of_gas=false, accepted=true, success=true, time=0.001697s\n' +
            '[ 4][t 0][2024-10-30 23:27:03.712000][transaction.cpp:1737]\tgas fees: 28790000 = 26214400 * 71975 /2^16 ; price=26214400; flat rate=[40000 for 100]; remaining balance=1782099015ng\n' +
            '[ 3][t 0][2024-10-30 23:27:03.712000][transaction.cpp:2678]\tin try_action_reserve_currency(0)\n' +
            '[ 4][t 0][2024-10-30 23:27:03.712000][transaction.cpp:2684]\taction_reserve_currency: mode=0, reserve=850000000ng, balance=1782099015ng, original balance=850000000ng\n' +
            '[ 3][t 0][2024-10-30 23:27:03.712000][transaction.cpp:2729]\tchanged remaining balance to 932099015ng, reserved balance to 850000000ng\n' +
            '[ 4][t 0][2024-10-30 23:27:03.712000][transaction.cpp:2448]\tstorage paid for a message: 1 cells, 96 bits\n' +
            '[ 4][t 0][2024-10-30 23:27:03.712000][transaction.cpp:2452]\tcomputed fwd fees = 478400 + 0\n' +
            '[ 4][t 0][2024-10-30 23:27:03.712000][transaction.cpp:2448]\tstorage paid for a message: 1 cells, 96 bits\n' +
            '[ 4][t 0][2024-10-30 23:27:03.712000][transaction.cpp:2452]\tcomputed fwd fees = 478400 + 0\n' +
            '[ 4][t 0][2024-10-30 23:27:03.712000][transaction.cpp:2448]\tstorage paid for a message: 1 cells, 431 bits\n' +
            '[ 4][t 0][2024-10-30 23:27:03.712000][transaction.cpp:2452]\tcomputed fwd fees = 612400 + 0\n' +
            '[ 4][t 0][2024-10-30 23:27:03.712000][transaction.cpp:2448]\tstorage paid for a message: 27 cells, 6976 bits\n' +
            '[ 4][t 0][2024-10-30 23:27:03.712000][transaction.cpp:2452]\tcomputed fwd fees = 4270400 + 0\n',
          vmLogs: 'xecute EQUAL\n' +
            'execute THROWIF 137\n' +
            'execute PUSHPOW2 10\n' +
            'execute EQUAL\n' +
            'execute THROWIFNOT 136\n' +
            'execute STSLICER\n' +
            'execute ENDC\n' +
            'execute ROT\n' +
            'execute STREF\n' +
            'execute ENDC\n' +
            'execute SWAP\n' +
            'execute STREF\n' +
            'execute implicit RET\n' +
            'execute ENDC\n' +
            'execute POP c4\n' +
            'execute implicit RET\n',
          debugLogs: '',
          events: [Array],
          parent: [Object],
          children: [Array],
          externals: [Array]
        },
        children: [ [Object] ],
        externals: []
      },
      {
        address: 101852738109603725607761920797369865272772728943991090530178890834824226043772n,
        lt: 40000000n,
        prevTransactionHash: 66783300746374579418570011346514693089778555840873810502297759737292154715525n,
        prevTransactionLt: 27000000n,
        now: 1732922823,
        outMessagesCount: 1,
        oldStatus: 'active',
        endStatus: 'active',
        inMessage: { info: [Object], init: null, body: x{BC26F4C80000000000000001} },
        outMessages: Dictionary { _key: [Object], _value: [Object], _map: [Map] },
        totalFees: { coins: 5334831n },
        stateUpdate: {
          oldHash: <Buffer 11 79 73 99 a6 f2 c5 91 93 05 05 44 6b 00 d5 01 01 c7 e1 d7 d4 09 2a bb 09 48 00 28 72 68 90 3b>,
          newHash: <Buffer 00 f2 f6 07 63 31 5c c9 61 83 10 09 8f 85 11 f9 e8 93 ba 71 12 d6 fa a2 5d 24 da cb 57 99 88 f3>
        },
        description: {
          type: 'generic',
          creditFirst: false,
          storagePhase: [Object],
          creditPhase: [Object],
          computePhase: [Object],
          actionPhase: [Object],
          bouncePhase: undefined,
          aborted: false,
          destroyed: false
        },
        raw: x{7E12E9B5A9ADF7C908B113242524E81F00F28287FE1829FB614C604014052777C0000000002625A0093A6023AEAA69791E949B4A67D31F41F9270C6C455DA4CA25EAA857D1043BD8500000000019BFCC0674A4DC7000346A2CE5E}
         x{E_}
          x{6800A4BAF36B13E3AE770F28659A34B2D81F38859E8C08CF776F2BB4B4418043827100384BA6D6A6B7DF2422C44C909493A07C03CA0A1FF860A7ED8531810050149DDF10101931000609BBB0000000000487AB04CE949B8E5E137A640000000000000000C_}
          x{DF_}
           x{6801C25D36B535BEF92116226484A49D03E01E5050FFC3053F6C298C080280A4EEF90014975E6D627C75CEE1E50CB346965B03E710B3D18119EEEDE57696883008704E101119EF88060DFF5E0000000004C4B402CE949B8EC_}
            x{2A004A0500000000000000010000000000000000000000000000000000000000000000000000000000000000400B75A3E1A6460F415CE3721F308920C4B456F3B977F39EB26CED9155308A976CC}
         x{7211797399A6F2C591930505446B00D50101C7E1D7D4092ABB094800287268903B00F2F60763315CC9618310098F8511F9E893BA7112D6FAA25D24DACB579988F3}
         x{04C4360789010193101867A1E811_}
          x{44E28C0A4D9000000000000000013D00000000000000000000000000000000000000000000000000000000000000000000000000000000000000000000000000000000000000000000000000000000}
          x{C9853FC04C0DFF44000000000002000000000003FFB2652E35979066CAC0633284C4E8042DB1FCB29F76FDFE1F06536CEE4DA4744090296C_},
        hash: [Function: hash],
        blockchainLogs: '[ 4][t 0][2024-10-30 23:27:03.720000][transaction.cpp:443]\tunpacking account E12E9B5A9ADF7C908B113242524E81F00F28287FE1829FB614C604014052777C\n' +
          '[ 4][t 0][2024-10-30 23:27:03.720000][transaction.cpp:274]\tlast_paid=1730330823; cells=30 bits=12911 public_cells=0\n' +
          '[ 4][t 0][2024-10-30 23:27:03.720000][transaction.cpp:504]\tend of Account.unpack() for 0:E12E9B5A9ADF7C908B113242524E81F00F28287FE1829FB614C604014052777C (balance = 10000000ng ; last_trans_lt = 27000000..27000002)\n' +
          '[ 4][t 0][2024-10-30 23:27:03.720000][transaction.cpp:3655]\tblock random seed set to 0000000000000000000000000000000000000000000000000000000000000000\n' +
          '[ 4][t 0][2024-10-30 23:27:03.720000][transaction.cpp:1236]\tgas limits: max=191044, limit=168804, credit=0\n' +
          '[ 4][t 0][2024-10-30 23:27:03.720000][transaction.cpp:1575]\tin_msg_state is null\n' +
          '[ 4][t 0][2024-10-30 23:27:03.720000][transaction.cpp:1645]\tcreating VM\n' +
          '[ 4][t 0][2024-10-30 23:27:03.720000][transaction.cpp:1351]\tSmartContractInfo initialized with [ 124711402 0 0 1732922823 40000000 40000000 43870772645377937883531240781324653013999287705787709612543318804107744319189 [ 76417698 (null) ] CS{Cell{026dc00e12e9b5a9adf7c908b113242524e81f00f28287fe1829fb614c604014052777c23c8c9bc33916063800000000066ff308e625a01340} bits: 1..268; refs: 0..0} C{A7EC01478F770EF8F8B037CC7E42F0ABF0D85A50E1828C2394DAD1411691F2DE} C{33BB148A451AD17F938AA7C476E48F2B79933715F13F1D58F9234A90730321A8} [ 67521600 (null) ] 1103902 (null) [ CS{Cell{004dd06600000000000000000000000080000000000000fa00000000000001f4000000000003d09040} bits: 9..305; refs: 0..0} (null) CS{Cell{0094d1000000000000006400000000000f4240de000000002710000000000000000f42400000000002160ec0000000000000271000000000002625a00000000005f5e100000000003b9aca00} bits: 0..592; refs: 0..0} CS{Cell{0094d100000000000000640000000000009c40de000000000190000000000000000f424000000000000f4240000000000000271000000000009896800000000005f5e100000000003b9aca00} bits: 0..592; refs: 0..0} CS{Cell{0042ea000000000098968000000000271000000000000f424000000001800055555555} bits: 0..264; refs: 0..0} CS{Cell{0042ea0000000000061a800000000001900000000000009c4000000001800055555555} bits: 0..264; refs: 0..0} (null) ] 0 (null) ]\n' +
          '[ 4][t 0][2024-10-30 23:27:03.720000][transaction.cpp:1675]\tstarting VM\n' +
          '[ 4][t 0][2024-10-30 23:27:03.720000][transaction.cpp:1680]\tVM terminated with exit code 0\n' +
          '[ 3][t 0][2024-10-30 23:27:03.720000][transaction.cpp:1702]\tsteps: 317 gas: used=10004, max=191044, limit=168804, credit=0\n' +
          '[ 3][t 0][2024-10-30 23:27:03.721000][transaction.cpp:1704]\tout_of_gas=false, accepted=true, success=true, time=0.000507s\n' +
          '[ 4][t 0][2024-10-30 23:27:03.721000][transaction.cpp:1737]\tgas fees: 4001600 = 26214400 * 10004 /2^16 ; price=26214400; flat rate=[40000 for 100]; remaining balance=72416098ng\n' +
          '[ 4][t 0][2024-10-30 23:27:03.721000][transaction.cpp:2448]\tstorage paid for a message: 1 cells, 620 bits\n' +
          '[ 4][t 0][2024-10-30 23:27:03.721000][transaction.cpp:2452]\tcomputed fwd fees = 688000 + 0\n',
        vmLogs: 'e implicit RET\n' +
          'execute OVER\n' +
          'execute ISNULL\n' +
          'execute NOT\n' +
          'execute PUSHCONT x7F01CA00CC\n' +
          'execute PUSHCONT x7032CA00\n' +
          'execute IFELSE\n' +
          'execute PUSHINT -1\n' +
          'execute SWAP\n' +
          'execute STI 1\n' +
          'execute STREF\n' +
          'execute implicit RET\n' +
          'execute ENDC\n' +
          'execute POP c4\n' +
          'execute implicit RET\n',
        debugLogs: '',
        events: [ [Object] ],
        parent: {
          address: 37254810366437813475271750514734067285117962570475561289538093995582013161784n,
          lt: 38000000n,
          prevTransactionHash: 13832972198502931777418647643864071055329305530746045742163422853539359678n,
          prevTransactionLt: 36000000n,
          now: 1732922823,
          outMessagesCount: 4,
          oldStatus: 'active',
          endStatus: 'active',
          inMessage: [Object],
          outMessages: [Dictionary],
          totalFees: [Object],
          stateUpdate: [Object],
          description: [Object],
          raw: x{7525D79B589F1D73B879432CD1A596C0F9C42CF460467BBB795DA5A20C021C138000000000243D5800007D44574A2D7378F1BAB30FEE7A670645EED12CBBA25AC2E2C5927355CEBBE0000000002255100674A4DC700094803B67688}
           x{E_}
            x{680173A49878148A4F6041C04B952AC2638BD6A1025222AF84BFAF2C3BE5A07436D50014975E6D627C75CEE1E50CB346965B03E710B3D18119EEEDE57696883008704E10E51802DC0610E50A0000000004692682CE949B8E5B43D58B8000000000000000000000004_}
             x{022017D78402017D78402165A0BC02017D784020B2D05E033916063B39B43A3B3916063B3A526E380000000800000004_}
              x{801028CD38D6A9FB165BB1D27554DCBBC8B7A064E07EF4C3832956828113614F545_}
            x{DB_}
             x{2_}
              x{2_}
               x{6800A4BAF36B13E3AE770F28659A34B2D81F38859E8C08CF776F2BB4B44180438271001F33C9E03834F86C2DA0166D0212C129A321D08D5D171B4080758BCF48863C4D90101931000609BBB0000000000487AB02CE949B8EC_}
                x{BC26F4C80000000000000000}
              x{2_}
               x{6800A4BAF36B13E3AE770F28659A34B2D81F38859E8C08CF776F2BB4B4418043827100384BA6D6A6B7DF2422C44C909493A07C03CA0A1FF860A7ED8531810050149DDF10101931000609BBB0000000000487AB04CE949B8EC_}
                x{BC26F4C80000000000000001}
             x{2_}
              x{2_}
               x{E00292EBCDAC4F8EB9DC3CA19668D2CB607CE2167A30233DDDBCAED2D106010E09C0000000000487AB06CE949B8EC_}
                x{8B6D3812000000000000000000000000801028CD38D6A9FB165BB1D27554DCBBC8B7A064E07EF4C3832956828113614F54482CB41781_}
              x{2_}
               x{4800A4BAF36B13E3AE770F28659A34B2D81F38859E8C08CF776F2BB4B44180438271002E74930F029149EC08380972A5584C717AD4204A4455F097F5E5877CB40E86DA90BCA4015C0656E1D8000000000487AB08CE949B8FE_}
                x{34_}
                 x{FF00F4A413F4BCF2C80B}
                  x{62_}
                   x{D001D0D3030171B0A301FA400120D74981010BBAF2E08820D70B0A208104FFBAF2D0898309BAF2E088545053036F04F86102F862DB3C5512DB3CF2E082}
                    x{ED44D0D401F863D200018E2FD31FFA400120D74981010BBAF2E08820D70B0A208104FFBAF2D0898309BAF2E08801D2000191D4926D01E255206C13E0F828D70B0A8309BAF2E089810101D700FA400120D74981010BBAF2E08820D70B0A208104FFBAF2D0898309BAF2E0881202D101DB3C}
                     x{6D}
                    x{0192307FE07021D749C21F953020D70B1FDE208210AFE93535BA8F5130D31F018210AFE93535BAF2E081D33FFA400120D74981010BBAF2E08820D70B0A208104FFBAF2D0898309BAF2E08801D455206C1332820898968070FB024434DB3C30037083067055206D6D6DDB3C597FE0208210B8A3AA14BAE302}
                     x{F8425220C705F2E084}
                     x{C87101CA01500701CA007001CA02500520D74981010BBAF2E08820D70B0A208104FFBAF2D0898309BAF2E088CF165003FA027001CA68236EB3917F93246EB3E2973333017001CA00E30D216EB39C7F01CA0001206EF2D08001CC95317001CA00E2C901FB00}
                      x{7F01CA00C87001CA007001CA00246EB39D7F01CA0004206EF2D0805004CC9634037001CA00E2246EB39D7F01CA0004206EF2D0805004CC9634037001CA00E27001CA00027F01CA0002C958CC}
                     x{30D31F018210B8A3AA14BAF2E081D33FFA400120D74981010BBAF2E08820D70B0A208104FFBAF2D0898309BAF2E088126C12317020FB025520DB3C03708100A07055206D6D6DDB3C587F}
                      x{F8425220C705F2E084}
                      x{C87101CA01500701CA007001CA02500520D74981010BBAF2E08820D70B0A208104FFBAF2D0898309BAF2E088CF165003FA027001CA68236EB3917F93246EB3E2973333017001CA00E30D216EB39C7F01CA0001206EF2D08001CC95317001CA00E2C901FB00}
                       x{7F01CA00C87001CA007001CA00246EB39D7F01CA0004206EF2D0805004CC9634037001CA00E2246EB39D7F01CA0004206EF2D0805004CC9634037001CA00E27001CA00027F01CA0002C958CC}
                     x{8210E601F8E5BA8ECED31F018210E601F8E5BAF2E081D33F0131820898968070FB02F8416F2410235F037083067F25206EF2D080542580C855208210B687AB175004CB1F12CB3FCB1FCCC9103441301443306D6DDB3C7FE03070}
                      x{C87101CA01500701CA007001CA02500520D74981010BBAF2E08820D70B0A208104FFBAF2D0898309BAF2E088CF165003FA027001CA68236EB3917F93246EB3E2973333017001CA00E30D216EB39C7F01CA0001206EF2D08001CC95317001CA00E2C901FB00}
                       x{7F01CA00C87001CA007001CA00246EB39D7F01CA0004206EF2D0805004CC9634037001CA00E2246EB39D7F01CA0004206EF2D0805004CC9634037001CA00E27001CA00027F01CA0002C958CC}
                    x{C8F84301CC7F01CA0055205023CB1F0120D74981010BBAF2E08820D70B0A208104FFBAF2D0898309BAF2E088CF16216EB3957F01CA00CC947032CA00E2C9ED54}
                   x{2_}
                    x{BE28EED9E6D9E3618C_}
                     x{ED44D0D401F863D200018E2FD31FFA400120D74981010BBAF2E08820D70B0A208104FFBAF2D0898309BAF2E08801D2000191D4926D01E255206C13E0F828D70B0A8309BAF2E089810101D700FA400120D74981010BBAF2E08820D70B0A208104FFBAF2D0898309BAF2E0881202D101DB3C}
                      x{6D}
                     x{21}
                    x{2_}
                     x{4}
                      x{B1D8B6CF36CF1B0C6_}
                       x{ED44D0D401F863D200018E2FD31FFA400120D74981010BBAF2E08820D70B0A208104FFBAF2D0898309BAF2E08801D2000191D4926D01E255206C13E0F828D70B0A8309BAF2E089810101D700FA400120D74981010BBAF2E08820D70B0A208104FFBAF2D0898309BAF2E0881202D101DB3C}
                        x{6D}
                       x{20}
                      x{B36436CF36CF1B0C6_}
                       x{ED44D0D401F863D200018E2FD31FFA400120D74981010BBAF2E08820D70B0A208104FFBAF2D0898309BAF2E08801D2000191D4926D01E255206C13E0F828D70B0A8309BAF2E089810101D700FA400120D74981010BBAF2E08820D70B0A208104FFBAF2D0898309BAF2E0881202D101DB3C}
                        x{6D}
                       x{22}
                     x{B82BEED44D0D20001}
                 x{0000000000000000000000000000000000000000000000000000000000000000200292EBCDAC4F8EB9DC3CA19668D2CB607CE2167A30233DDDBCAED2D106010E09C4_}
                  x{C_}
                   x{A0838F_}
                    x{FF00F4A413F4BCF2C80B}
                     x{62_}
                      x{D001D0D3030171B0A301FA400120D74981010BBAF2E08820D70B0A208104FFBAF2D0898309BAF2E088545053036F04F86102F862DB3C5512DB3CF2E082}
                       x{ED44D0D401F863D200018E2FD31FFA400120D74981010BBAF2E08820D70B0A208104FFBAF2D0898309BAF2E08801D2000191D4926D01E255206C13E0F828D70B0A8309BAF2E089810101D700FA400120D74981010BBAF2E08820D70B0A208104FFBAF2D0898309BAF2E0881202D101DB3C}
                        x{6D}
                       x{0192307FE07021D749C21F953020D70B1FDE208210AFE93535BA8F5130D31F018210AFE93535BAF2E081D33FFA400120D74981010BBAF2E08820D70B0A208104FFBAF2D0898309BAF2E08801D455206C1332820898968070FB024434DB3C30037083067055206D6D6DDB3C597FE0208210B8A3AA14BAE302}
                        x{F8425220C705F2E084}
                        x{C87101CA01500701CA007001CA02500520D74981010BBAF2E08820D70B0A208104FFBAF2D0898309BAF2E088CF165003FA027001CA68236EB3917F93246EB3E2973333017001CA00E30D216EB39C7F01CA0001206EF2D08001CC95317001CA00E2C901FB00}
                         x{7F01CA00C87001CA007001CA00246EB39D7F01CA0004206EF2D0805004CC9634037001CA00E2246EB39D7F01CA0004206EF2D0805004CC9634037001CA00E27001CA00027F01CA0002C958CC}
                        x{30D31F018210B8A3AA14BAF2E081D33FFA400120D74981010BBAF2E08820D70B0A208104FFBAF2D0898309BAF2E088126C12317020FB025520DB3C03708100A07055206D6D6DDB3C587F}
                         x{F8425220C705F2E084}
                         x{C87101CA01500701CA007001CA02500520D74981010BBAF2E08820D70B0A208104FFBAF2D0898309BAF2E088CF165003FA027001CA68236EB3917F93246EB3E2973333017001CA00E30D216EB39C7F01CA0001206EF2D08001CC95317001CA00E2C901FB00}
                          x{7F01CA00C87001CA007001CA00246EB39D7F01CA0004206EF2D0805004CC9634037001CA00E2246EB39D7F01CA0004206EF2D0805004CC9634037001CA00E27001CA00027F01CA0002C958CC}
                        x{8210E601F8E5BA8ECED31F018210E601F8E5BAF2E081D33F0131820898968070FB02F8416F2410235F037083067F25206EF2D080542580C855208210B687AB175004CB1F12CB3FCB1FCCC9103441301443306D6DDB3C7FE03070}
                         x{C87101CA01500701CA007001CA02500520D74981010BBAF2E08820D70B0A208104FFBAF2D0898309BAF2E088CF165003FA027001CA68236EB3917F93246EB3E2973333017001CA00E30D216EB39C7F01CA0001206EF2D08001CC95317001CA00E2C901FB00}
                          x{7F01CA00C87001CA007001CA00246EB39D7F01CA0004206EF2D0805004CC9634037001CA00E2246EB39D7F01CA0004206EF2D0805004CC9634037001CA00E27001CA00027F01CA0002C958CC}
                       x{C8F84301CC7F01CA0055205023CB1F0120D74981010BBAF2E08820D70B0A208104FFBAF2D0898309BAF2E088CF16216EB3957F01CA00CC947032CA00E2C9ED54}
                      x{2_}
                       x{BE28EED9E6D9E3618C_}
                        x{ED44D0D401F863D200018E2FD31FFA400120D74981010BBAF2E08820D70B0A208104FFBAF2D0898309BAF2E08801D2000191D4926D01E255206C13E0F828D70B0A8309BAF2E089810101D700FA400120D74981010BBAF2E08820D70B0A208104FFBAF2D0898309BAF2E0881202D101DB3C}
                         x{6D}
                        x{21}
                       x{2_}
                        x{4}
                         x{B1D8B6CF36CF1B0C6_}
                          x{ED44D0D401F863D200018E2FD31FFA400120D74981010BBAF2E08820D70B0A208104FFBAF2D0898309BAF2E08801D2000191D4926D01E255206C13E0F828D70B0A8309BAF2E089810101D700FA400120D74981010BBAF2E08820D70B0A208104FFBAF2D0898309BAF2E0881202D101DB3C}
                           x{6D}
                          x{20}
                         x{B36436CF36CF1B0C6_}
                          x{ED44D0D401F863D200018E2FD31FFA400120D74981010BBAF2E08820D70B0A208104FFBAF2D0898309BAF2E08801D2000191D4926D01E255206C13E0F828D70B0A8309BAF2E089810101D700FA400120D74981010BBAF2E08820D70B0A208104FFBAF2D0898309BAF2E0881202D101DB3C}
                           x{6D}
                          x{22}
                        x{B82BEED44D0D20001}
                x{B8A3AA140000000000000000801D3E5E1B0970E52ABD4EA639AED542E118FE33D2F03FE072737A6B74A8FDC2C69_}
           x{72A8B1512B905A8219B2B8441E15AEA8BC7269E8DE286F4A7B22AA8BF57F0C6374AB6DF596196A7C7DC76048229D387B763821C24B23E1A94088F2E39E9E8DA812}
           x{04090E51802DD88036E99E11_}
            x{602324EC3D09000000000000000007BF00000000000000000000000000000000000000000000000000000000000000000000000000000000000000000000000000000000000000000000000000000000}
            x{C9AC8D784C8FB95000000000000A0002000000098ABD23D2BF6E748A1EECE04F589F10B3A65B32C1E272EE63094489F59E3F849C48913B24_},
          hash: [Function: hash],
          blockchainLogs: '[ 4][t 0][2024-10-30 23:27:03.710000][transaction.cpp:443]\tunpacking account 525D79B589F1D73B879432CD1A596C0F9C42CF460467BBB795DA5A20C021C138\n' +
            '[ 4][t 0][2024-10-30 23:27:03.710000][transaction.cpp:274]\tlast_paid=1732922823; cells=232 bits=84034 public_cells=0\n' +
            '[ 4][t 0][2024-10-30 23:27:03.710000][transaction.cpp:504]\tend of Account.unpack() for 0:525D79B589F1D73B879432CD1A596C0F9C42CF460467BBB795DA5A20C021C138 (balance = 850000000ng ; last_trans_lt = 36000000..36000002)\n' +
            '[ 4][t 0][2024-10-30 23:27:03.710000][transaction.cpp:3655]\tblock random seed set to 0000000000000000000000000000000000000000000000000000000000000000\n' +
            '[ 4][t 0][2024-10-30 23:27:03.710000][transaction.cpp:1236]\tgas limits: max=1000000, limit=1000000, credit=0\n' +
            '[ 4][t 0][2024-10-30 23:27:03.710000][transaction.cpp:1575]\tin_msg_state is null\n' +
            '[ 4][t 0][2024-10-30 23:27:03.710000][transaction.cpp:1645]\tcreating VM\n' +
            '[ 4][t 0][2024-10-30 23:27:03.710000][transaction.cpp:1351]\tSmartContractInfo initialized with [ 124711402 0 0 1732922823 38000000 38000000 14068792954309835536948273256715513127174070948738620016199408580766834334284 [ 1810889015 (null) ] CS{Cell{0271c00525d79b589f1d73b879432cd1a596c0f9c42cf460467bbb795da5a20c021c1383d0c05210833a526e3800000000089544090caa7e201340} bits: 1..268; refs: 0..0} C{A7EC01478F770EF8F8B037CC7E42F0ABF0D85A50E1828C2394DAD1411691F2DE} C{42B6F0E46484EFC57B9508F6BA7EF42E7512023D5CB4ED5628DD1C7755D16E9D} [ 960889015 (null) ] 0 (null) [ CS{Cell{004dd06600000000000000000000000080000000000000fa00000000000001f4000000000003d09040} bits: 9..305; refs: 0..0} (null) CS{Cell{0094d1000000000000006400000000000f4240de000000002710000000000000000f42400000000002160ec0000000000000271000000000002625a00000000005f5e100000000003b9aca00} bits: 0..592; refs: 0..0} CS{Cell{0094d100000000000000640000000000009c40de000000000190000000000000000f424000000000000f4240000000000000271000000000009896800000000005f5e100000000003b9aca00} bits: 0..592; refs: 0..0} CS{Cell{0042ea000000000098968000000000271000000000000f424000000001800055555555} bits: 0..264; refs: 0..0} CS{Cell{0042ea0000000000061a800000000001900000000000009c4000000001800055555555} bits: 0..264; refs: 0..0} (null) ] 0 (null) ]\n' +
            '[ 4][t 0][2024-10-30 23:27:03.710000][transaction.cpp:1675]\tstarting VM\n' +
            '[ 4][t 0][2024-10-30 23:27:03.712000][transaction.cpp:1680]\tVM terminated with exit code 0\n' +
            '[ 3][t 0][2024-10-30 23:27:03.712000][transaction.cpp:1702]\tsteps: 1983 gas: used=71975, max=1000000, limit=1000000, credit=0\n' +
            '[ 3][t 0][2024-10-30 23:27:03.712000][transaction.cpp:1704]\tout_of_gas=false, accepted=true, success=true, time=0.001697s\n' +
            '[ 4][t 0][2024-10-30 23:27:03.712000][transaction.cpp:1737]\tgas fees: 28790000 = 26214400 * 71975 /2^16 ; price=26214400; flat rate=[40000 for 100]; remaining balance=1782099015ng\n' +
            '[ 3][t 0][2024-10-30 23:27:03.712000][transaction.cpp:2678]\tin try_action_reserve_currency(0)\n' +
            '[ 4][t 0][2024-10-30 23:27:03.712000][transaction.cpp:2684]\taction_reserve_currency: mode=0, reserve=850000000ng, balance=1782099015ng, original balance=850000000ng\n' +
            '[ 3][t 0][2024-10-30 23:27:03.712000][transaction.cpp:2729]\tchanged remaining balance to 932099015ng, reserved balance to 850000000ng\n' +
            '[ 4][t 0][2024-10-30 23:27:03.712000][transaction.cpp:2448]\tstorage paid for a message: 1 cells, 96 bits\n' +
            '[ 4][t 0][2024-10-30 23:27:03.712000][transaction.cpp:2452]\tcomputed fwd fees = 478400 + 0\n' +
            '[ 4][t 0][2024-10-30 23:27:03.712000][transaction.cpp:2448]\tstorage paid for a message: 1 cells, 96 bits\n' +
            '[ 4][t 0][2024-10-30 23:27:03.712000][transaction.cpp:2452]\tcomputed fwd fees = 478400 + 0\n' +
            '[ 4][t 0][2024-10-30 23:27:03.712000][transaction.cpp:2448]\tstorage paid for a message: 1 cells, 431 bits\n' +
            '[ 4][t 0][2024-10-30 23:27:03.712000][transaction.cpp:2452]\tcomputed fwd fees = 612400 + 0\n' +
            '[ 4][t 0][2024-10-30 23:27:03.712000][transaction.cpp:2448]\tstorage paid for a message: 27 cells, 6976 bits\n' +
            '[ 4][t 0][2024-10-30 23:27:03.712000][transaction.cpp:2452]\tcomputed fwd fees = 4270400 + 0\n',
          vmLogs: 'xecute EQUAL\n' +
            'execute THROWIF 137\n' +
            'execute PUSHPOW2 10\n' +
            'execute EQUAL\n' +
            'execute THROWIFNOT 136\n' +
            'execute STSLICER\n' +
            'execute ENDC\n' +
            'execute ROT\n' +
            'execute STREF\n' +
            'execute ENDC\n' +
            'execute SWAP\n' +
            'execute STREF\n' +
            'execute implicit RET\n' +
            'execute ENDC\n' +
            'execute POP c4\n' +
            'execute implicit RET\n',
          debugLogs: '',
          events: [Array],
          parent: [Object],
          children: [Array],
          externals: [Array]
        },
        children: [ [Object] ],
        externals: []
      },
      {
        address: 84049441022908470316622795825605090351520748406577698494615284512509455375210n,
        lt: 41000000n,
        prevTransactionHash: 24305890699497955581468130787511966600687699670457472457985478227196609835022n,
        prevTransactionLt: 37000000n,
        now: 1732922823,
        outMessagesCount: 1,
        oldStatus: 'active',
        endStatus: 'non-existing',
        inMessage: {
          info: [Object],
          init: [Object],
          body: x{B8A3AA140000000000000000801D3E5E1B0970E52ABD4EA639AED542E118FE33D2F03FE072737A6B74A8FDC2C69_}
        },
        outMessages: Dictionary { _key: [Object], _value: [Object], _map: [Map] },
        totalFees: { coins: 3532131n },
        stateUpdate: {
          oldHash: <Buffer 0d 3f 16 72 31 3c 5b 33 36 6e 09 96 4b 7c 24 97 8d b4 70 79 e8 63 70 27 d0 d7 08 16 c9 aa 16 43>,
          newHash: <Buffer 90 ae c8 96 5a fa bb 16 eb c3 cb 9b 40 8e ba e7 1b 61 8d 78 78 8b c8 0d 09 84 35 93 ca c9 8d a4>
        },
        description: {
          type: 'generic',
          creditFirst: true,
          storagePhase: [Object],
          creditPhase: [Object],
          computePhase: [Object],
          actionPhase: [Object],
          bouncePhase: undefined,
          aborted: false,
          destroyed: true
        },
        raw: x{7B9D24C3C0A4527B020E025CA956131C5EB5081291157C25FD7961DF2D03A1B6A0000000002719C4035BCA588CE1DA9009FAFDBDBE1F7F26171D137A595BF4325732782BFFB40300E0000000002349340674A4DC70003666BCAC6}
         x{E_}
          x{4800A4BAF36B13E3AE770F28659A34B2D81F38859E8C08CF776F2BB4B44180438271002E74930F029149EC08380972A5584C717AD4204A4455F097F5E5877CB40E86DA90BCA4015C0656E1D8000000000487AB08CE949B8FE_}
           x{34_}
            x{FF00F4A413F4BCF2C80B}
             x{62_}
              x{D001D0D3030171B0A301FA400120D74981010BBAF2E08820D70B0A208104FFBAF2D0898309BAF2E088545053036F04F86102F862DB3C5512DB3CF2E082}
               x{ED44D0D401F863D200018E2FD31FFA400120D74981010BBAF2E08820D70B0A208104FFBAF2D0898309BAF2E08801D2000191D4926D01E255206C13E0F828D70B0A8309BAF2E089810101D700FA400120D74981010BBAF2E08820D70B0A208104FFBAF2D0898309BAF2E0881202D101DB3C}
                x{6D}
               x{0192307FE07021D749C21F953020D70B1FDE208210AFE93535BA8F5130D31F018210AFE93535BAF2E081D33FFA400120D74981010BBAF2E08820D70B0A208104FFBAF2D0898309BAF2E08801D455206C1332820898968070FB024434DB3C30037083067055206D6D6DDB3C597FE0208210B8A3AA14BAE302}
                x{F8425220C705F2E084}
                x{C87101CA01500701CA007001CA02500520D74981010BBAF2E08820D70B0A208104FFBAF2D0898309BAF2E088CF165003FA027001CA68236EB3917F93246EB3E2973333017001CA00E30D216EB39C7F01CA0001206EF2D08001CC95317001CA00E2C901FB00}
                 x{7F01CA00C87001CA007001CA00246EB39D7F01CA0004206EF2D0805004CC9634037001CA00E2246EB39D7F01CA0004206EF2D0805004CC9634037001CA00E27001CA00027F01CA0002C958CC}
                x{30D31F018210B8A3AA14BAF2E081D33FFA400120D74981010BBAF2E08820D70B0A208104FFBAF2D0898309BAF2E088126C12317020FB025520DB3C03708100A07055206D6D6DDB3C587F}
                 x{F8425220C705F2E084}
                 x{C87101CA01500701CA007001CA02500520D74981010BBAF2E08820D70B0A208104FFBAF2D0898309BAF2E088CF165003FA027001CA68236EB3917F93246EB3E2973333017001CA00E30D216EB39C7F01CA0001206EF2D08001CC95317001CA00E2C901FB00}
                  x{7F01CA00C87001CA007001CA00246EB39D7F01CA0004206EF2D0805004CC9634037001CA00E2246EB39D7F01CA0004206EF2D0805004CC9634037001CA00E27001CA00027F01CA0002C958CC}
                x{8210E601F8E5BA8ECED31F018210E601F8E5BAF2E081D33F0131820898968070FB02F8416F2410235F037083067F25206EF2D080542580C855208210B687AB175004CB1F12CB3FCB1FCCC9103441301443306D6DDB3C7FE03070}
                 x{C87101CA01500701CA007001CA02500520D74981010BBAF2E08820D70B0A208104FFBAF2D0898309BAF2E088CF165003FA027001CA68236EB3917F93246EB3E2973333017001CA00E30D216EB39C7F01CA0001206EF2D08001CC95317001CA00E2C901FB00}
                  x{7F01CA00C87001CA007001CA00246EB39D7F01CA0004206EF2D0805004CC9634037001CA00E2246EB39D7F01CA0004206EF2D0805004CC9634037001CA00E27001CA00027F01CA0002C958CC}
               x{C8F84301CC7F01CA0055205023CB1F0120D74981010BBAF2E08820D70B0A208104FFBAF2D0898309BAF2E088CF16216EB3957F01CA00CC947032CA00E2C9ED54}
              x{2_}
               x{BE28EED9E6D9E3618C_}
                x{ED44D0D401F863D200018E2FD31FFA400120D74981010BBAF2E08820D70B0A208104FFBAF2D0898309BAF2E08801D2000191D4926D01E255206C13E0F828D70B0A8309BAF2E089810101D700FA400120D74981010BBAF2E08820D70B0A208104FFBAF2D0898309BAF2E0881202D101DB3C}
                 x{6D}
                x{21}
               x{2_}
                x{4}
                 x{B1D8B6CF36CF1B0C6_}
                  x{ED44D0D401F863D200018E2FD31FFA400120D74981010BBAF2E08820D70B0A208104FFBAF2D0898309BAF2E08801D2000191D4926D01E255206C13E0F828D70B0A8309BAF2E089810101D700FA400120D74981010BBAF2E08820D70B0A208104FFBAF2D0898309BAF2E0881202D101DB3C}
                   x{6D}
                  x{20}
                 x{B36436CF36CF1B0C6_}
                  x{ED44D0D401F863D200018E2FD31FFA400120D74981010BBAF2E08820D70B0A208104FFBAF2D0898309BAF2E08801D2000191D4926D01E255206C13E0F828D70B0A8309BAF2E089810101D700FA400120D74981010BBAF2E08820D70B0A208104FFBAF2D0898309BAF2E0881202D101DB3C}
                   x{6D}
                  x{22}
                x{B82BEED44D0D20001}
            x{0000000000000000000000000000000000000000000000000000000000000000200292EBCDAC4F8EB9DC3CA19668D2CB607CE2167A30233DDDBCAED2D106010E09C4_}
             x{C_}
              x{A0838F_}
               x{FF00F4A413F4BCF2C80B}
                x{62_}
                 x{D001D0D3030171B0A301FA400120D74981010BBAF2E08820D70B0A208104FFBAF2D0898309BAF2E088545053036F04F86102F862DB3C5512DB3CF2E082}
                  x{ED44D0D401F863D200018E2FD31FFA400120D74981010BBAF2E08820D70B0A208104FFBAF2D0898309BAF2E08801D2000191D4926D01E255206C13E0F828D70B0A8309BAF2E089810101D700FA400120D74981010BBAF2E08820D70B0A208104FFBAF2D0898309BAF2E0881202D101DB3C}
                   x{6D}
                  x{0192307FE07021D749C21F953020D70B1FDE208210AFE93535BA8F5130D31F018210AFE93535BAF2E081D33FFA400120D74981010BBAF2E08820D70B0A208104FFBAF2D0898309BAF2E08801D455206C1332820898968070FB024434DB3C30037083067055206D6D6DDB3C597FE0208210B8A3AA14BAE302}
                   x{F8425220C705F2E084}
                   x{C87101CA01500701CA007001CA02500520D74981010BBAF2E08820D70B0A208104FFBAF2D0898309BAF2E088CF165003FA027001CA68236EB3917F93246EB3E2973333017001CA00E30D216EB39C7F01CA0001206EF2D08001CC95317001CA00E2C901FB00}
                    x{7F01CA00C87001CA007001CA00246EB39D7F01CA0004206EF2D0805004CC9634037001CA00E2246EB39D7F01CA0004206EF2D0805004CC9634037001CA00E27001CA00027F01CA0002C958CC}
                   x{30D31F018210B8A3AA14BAF2E081D33FFA400120D74981010BBAF2E08820D70B0A208104FFBAF2D0898309BAF2E088126C12317020FB025520DB3C03708100A07055206D6D6DDB3C587F}
                    x{F8425220C705F2E084}
                    x{C87101CA01500701CA007001CA02500520D74981010BBAF2E08820D70B0A208104FFBAF2D0898309BAF2E088CF165003FA027001CA68236EB3917F93246EB3E2973333017001CA00E30D216EB39C7F01CA0001206EF2D08001CC95317001CA00E2C901FB00}
                     x{7F01CA00C87001CA007001CA00246EB39D7F01CA0004206EF2D0805004CC9634037001CA00E2246EB39D7F01CA0004206EF2D0805004CC9634037001CA00E27001CA00027F01CA0002C958CC}
                   x{8210E601F8E5BA8ECED31F018210E601F8E5BAF2E081D33F0131820898968070FB02F8416F2410235F037083067F25206EF2D080542580C855208210B687AB175004CB1F12CB3FCB1FCCC9103441301443306D6DDB3C7FE03070}
                    x{C87101CA01500701CA007001CA02500520D74981010BBAF2E08820D70B0A208104FFBAF2D0898309BAF2E088CF165003FA027001CA68236EB3917F93246EB3E2973333017001CA00E30D216EB39C7F01CA0001206EF2D08001CC95317001CA00E2C901FB00}
                     x{7F01CA00C87001CA007001CA00246EB39D7F01CA0004206EF2D0805004CC9634037001CA00E2246EB39D7F01CA0004206EF2D0805004CC9634037001CA00E27001CA00027F01CA0002C958CC}
                  x{C8F84301CC7F01CA0055205023CB1F0120D74981010BBAF2E08820D70B0A208104FFBAF2D0898309BAF2E088CF16216EB3957F01CA00CC947032CA00E2C9ED54}
                 x{2_}
                  x{BE28EED9E6D9E3618C_}
                   x{ED44D0D401F863D200018E2FD31FFA400120D74981010BBAF2E08820D70B0A208104FFBAF2D0898309BAF2E08801D2000191D4926D01E255206C13E0F828D70B0A8309BAF2E089810101D700FA400120D74981010BBAF2E08820D70B0A208104FFBAF2D0898309BAF2E0881202D101DB3C}
                    x{6D}
                   x{21}
                  x{2_}
                   x{4}
                    x{B1D8B6CF36CF1B0C6_}
                     x{ED44D0D401F863D200018E2FD31FFA400120D74981010BBAF2E08820D70B0A208104FFBAF2D0898309BAF2E08801D2000191D4926D01E255206C13E0F828D70B0A8309BAF2E089810101D700FA400120D74981010BBAF2E08820D70B0A208104FFBAF2D0898309BAF2E0881202D101DB3C}
                      x{6D}
                     x{20}
                    x{B36436CF36CF1B0C6_}
                     x{ED44D0D401F863D200018E2FD31FFA400120D74981010BBAF2E08820D70B0A208104FFBAF2D0898309BAF2E08801D2000191D4926D01E255206C13E0F828D70B0A8309BAF2E089810101D700FA400120D74981010BBAF2E08820D70B0A208104FFBAF2D0898309BAF2E0881202D101DB3C}
                      x{6D}
                     x{22}
                   x{B82BEED44D0D20001}
           x{B8A3AA140000000000000000801D3E5E1B0970E52ABD4EA639AED542E118FE33D2F03FE072737A6B74A8FDC2C69_}
          x{DF_}
           x{480173A49878148A4F6041C04B952AC2638BD6A1025222AF84BFAF2C3BE5A07436D5003A7CBC3612E1CA557A9D4C735DAA85C231FC67A5E07FC0E4E6F4D6E951FB858D10BE1E7F1C0608235A0000000004E33882CE949B8E4_}
         x{720D3F1672313C5B33366E09964B7C24978DB47079E8637027D0D70816C9AA164390AEC8965AFABB16EBC3CB9B408EBAE71B618D78788BC80D09843593CAC98DA4}
         x{0C090BCA4015D8667B9213_}
          x{44262C3D09000000000000000000FA00000000000000000000000000000000000000000000000000000000000000000000000000000000000000000000000000000000000000000000000000000000}
          x{DCC186A0260411A6000000000002000100000001F01808E7C65384854FD0A4F77793F95695733B675EB306C4FAC3CFF546A3D22720280B06_},
        hash: [Function: hash],
        blockchainLogs: '[ 4][t 0][2024-10-30 23:27:03.723000][transaction.cpp:443]\tunpacking account B9D24C3C0A4527B020E025CA956131C5EB5081291157C25FD7961DF2D03A1B6A\n' +
          '[ 4][t 0][2024-10-30 23:27:03.723000][transaction.cpp:274]\tlast_paid=1732922823; cells=28 bits=7131 public_cells=0\n' +
          '[ 4][t 0][2024-10-30 23:27:03.723000][transaction.cpp:504]\tend of Account.unpack() for 0:B9D24C3C0A4527B020E025CA956131C5EB5081291157C25FD7961DF2D03A1B6A (balance = 10000000ng ; last_trans_lt = 37000000..37000002)\n' +
          '[ 4][t 0][2024-10-30 23:27:03.723000][transaction.cpp:3655]\tblock random seed set to 0000000000000000000000000000000000000000000000000000000000000000\n' +
          '[ 4][t 0][2024-10-30 23:27:03.723000][transaction.cpp:1236]\tgas limits: max=1000000, limit=1000000, credit=0\n' +
          '[ 4][t 0][2024-10-30 23:27:03.723000][transaction.cpp:1571]\tHASH(in_msg_state) = B9D24C3C0A4527B020E025CA956131C5EB5081291157C25FD7961DF2D03A1B6A, account_state_hash = 0000000000000000000000000000000000000000000000000000000000000000\n' +
          '[ 4][t 0][2024-10-30 23:27:03.723000][transaction.cpp:1645]\tcreating VM\n' +
          '[ 4][t 0][2024-10-30 23:27:03.723000][transaction.cpp:1351]\tSmartContractInfo initialized with [ 124711402 0 0 1732922823 41000000 41000000 84630195367514639409622924175749312199831056191303332875639359062248049886761 [ 801216215 (null) ] CS{Cell{026dc00b9d24c3c0a4527b020e025ca956131c5eb5081291157c25fd7961df2d03a1b6a23886f6c33a526e380000000008d24d08e625a01340} bits: 1..268; refs: 0..0} C{A7EC01478F770EF8F8B037CC7E42F0ABF0D85A50E1828C2394DAD1411691F2DE} C{F2179DCD5CFD8A1E113288591FFB7A5E10E107D0D2C36DF69E40398023DAA7B1} [ 791216215 (null) ] 0 (null) [ CS{Cell{004dd06600000000000000000000000080000000000000fa00000000000001f4000000000003d09040} bits: 9..305; refs: 0..0} (null) CS{Cell{0094d1000000000000006400000000000f4240de000000002710000000000000000f42400000000002160ec0000000000000271000000000002625a00000000005f5e100000000003b9aca00} bits: 0..592; refs: 0..0} CS{Cell{0094d100000000000000640000000000009c40de000000000190000000000000000f424000000000000f4240000000000000271000000000009896800000000005f5e100000000003b9aca00} bits: 0..592; refs: 0..0} CS{Cell{0042ea000000000098968000000000271000000000000f424000000001800055555555} bits: 0..264; refs: 0..0} CS{Cell{0042ea0000000000061a800000000001900000000000009c4000000001800055555555} bits: 0..264; refs: 0..0} (null) ] 0 (null) ]\n' +
          '[ 4][t 0][2024-10-30 23:27:03.723000][transaction.cpp:1675]\tstarting VM\n' +
          '[ 4][t 0][2024-10-30 23:27:03.724000][transaction.cpp:1680]\tVM terminated with exit code 0\n' +
          '[ 3][t 0][2024-10-30 23:27:03.724000][transaction.cpp:1702]\tsteps: 250 gas: used=8497, max=1000000, limit=1000000, credit=0\n' +
          '[ 3][t 0][2024-10-30 23:27:03.724000][transaction.cpp:1704]\tout_of_gas=false, accepted=true, success=true, time=0.000420s\n' +
          '[ 4][t 0][2024-10-30 23:27:03.724000][transaction.cpp:1737]\tgas fees: 3398800 = 26214400 * 8497 /2^16 ; price=26214400; flat rate=[40000 for 100]; remaining balance=797817415ng\n' +
          '[ 3][t 0][2024-10-30 23:27:03.724000][transaction.cpp:2678]\tin try_action_reserve_currency(0)\n' +
          '[ 4][t 0][2024-10-30 23:27:03.724000][transaction.cpp:2684]\taction_reserve_currency: mode=0, reserve=0ng, balance=797817415ng, original balance=10000000ng\n' +
          '[ 3][t 0][2024-10-30 23:27:03.724000][transaction.cpp:2729]\tchanged remaining balance to 797817415ng, reserved balance to 0ng\n' +
          '[ 4][t 0][2024-10-30 23:27:03.724000][transaction.cpp:2448]\tstorage paid for a message: 0 cells, 0 bits\n' +
          '[ 4][t 0][2024-10-30 23:27:03.724000][transaction.cpp:2452]\tcomputed fwd fees = 400000 + 0\n',
        vmLogs: 'ecute STSLICER\n' +
          'execute OVER\n' +
          'execute ISNULL\n' +
          'execute NOT\n' +
          'execute PUSHCONT x7F01CA00CC\n' +
          'execute PUSHCONT x7032CA00\n' +
          'execute IFELSE\n' +
          'execute PUSHINT -1\n' +
          'execute SWAP\n' +
          'execute STI 1\n' +
          'execute STREF\n' +
          'execute implicit RET\n' +
          'execute ENDC\n' +
          'execute POP c4\n' +
          'execute implicit RET\n',
        debugLogs: '',
        events: [ [Object], [Object] ],
        parent: {
          address: 37254810366437813475271750514734067285117962570475561289538093995582013161784n,
          lt: 38000000n,
          prevTransactionHash: 13832972198502931777418647643864071055329305530746045742163422853539359678n,
          prevTransactionLt: 36000000n,
          now: 1732922823,
          outMessagesCount: 4,
          oldStatus: 'active',
          endStatus: 'active',
          inMessage: [Object],
          outMessages: [Dictionary],
          totalFees: [Object],
          stateUpdate: [Object],
          description: [Object],
          raw: x{7525D79B589F1D73B879432CD1A596C0F9C42CF460467BBB795DA5A20C021C138000000000243D5800007D44574A2D7378F1BAB30FEE7A670645EED12CBBA25AC2E2C5927355CEBBE0000000002255100674A4DC700094803B67688}
           x{E_}
            x{680173A49878148A4F6041C04B952AC2638BD6A1025222AF84BFAF2C3BE5A07436D50014975E6D627C75CEE1E50CB346965B03E710B3D18119EEEDE57696883008704E10E51802DC0610E50A0000000004692682CE949B8E5B43D58B8000000000000000000000004_}
             x{022017D78402017D78402165A0BC02017D784020B2D05E033916063B39B43A3B3916063B3A526E380000000800000004_}
              x{801028CD38D6A9FB165BB1D27554DCBBC8B7A064E07EF4C3832956828113614F545_}
            x{DB_}
             x{2_}
              x{2_}
               x{6800A4BAF36B13E3AE770F28659A34B2D81F38859E8C08CF776F2BB4B44180438271001F33C9E03834F86C2DA0166D0212C129A321D08D5D171B4080758BCF48863C4D90101931000609BBB0000000000487AB02CE949B8EC_}
                x{BC26F4C80000000000000000}
              x{2_}
               x{6800A4BAF36B13E3AE770F28659A34B2D81F38859E8C08CF776F2BB4B4418043827100384BA6D6A6B7DF2422C44C909493A07C03CA0A1FF860A7ED8531810050149DDF10101931000609BBB0000000000487AB04CE949B8EC_}
                x{BC26F4C80000000000000001}
             x{2_}
              x{2_}
               x{E00292EBCDAC4F8EB9DC3CA19668D2CB607CE2167A30233DDDBCAED2D106010E09C0000000000487AB06CE949B8EC_}
                x{8B6D3812000000000000000000000000801028CD38D6A9FB165BB1D27554DCBBC8B7A064E07EF4C3832956828113614F54482CB41781_}
              x{2_}
               x{4800A4BAF36B13E3AE770F28659A34B2D81F38859E8C08CF776F2BB4B44180438271002E74930F029149EC08380972A5584C717AD4204A4455F097F5E5877CB40E86DA90BCA4015C0656E1D8000000000487AB08CE949B8FE_}
                x{34_}
                 x{FF00F4A413F4BCF2C80B}
                  x{62_}
                   x{D001D0D3030171B0A301FA400120D74981010BBAF2E08820D70B0A208104FFBAF2D0898309BAF2E088545053036F04F86102F862DB3C5512DB3CF2E082}
                    x{ED44D0D401F863D200018E2FD31FFA400120D74981010BBAF2E08820D70B0A208104FFBAF2D0898309BAF2E08801D2000191D4926D01E255206C13E0F828D70B0A8309BAF2E089810101D700FA400120D74981010BBAF2E08820D70B0A208104FFBAF2D0898309BAF2E0881202D101DB3C}
                     x{6D}
                    x{0192307FE07021D749C21F953020D70B1FDE208210AFE93535BA8F5130D31F018210AFE93535BAF2E081D33FFA400120D74981010BBAF2E08820D70B0A208104FFBAF2D0898309BAF2E08801D455206C1332820898968070FB024434DB3C30037083067055206D6D6DDB3C597FE0208210B8A3AA14BAE302}
                     x{F8425220C705F2E084}
                     x{C87101CA01500701CA007001CA02500520D74981010BBAF2E08820D70B0A208104FFBAF2D0898309BAF2E088CF165003FA027001CA68236EB3917F93246EB3E2973333017001CA00E30D216EB39C7F01CA0001206EF2D08001CC95317001CA00E2C901FB00}
                      x{7F01CA00C87001CA007001CA00246EB39D7F01CA0004206EF2D0805004CC9634037001CA00E2246EB39D7F01CA0004206EF2D0805004CC9634037001CA00E27001CA00027F01CA0002C958CC}
                     x{30D31F018210B8A3AA14BAF2E081D33FFA400120D74981010BBAF2E08820D70B0A208104FFBAF2D0898309BAF2E088126C12317020FB025520DB3C03708100A07055206D6D6DDB3C587F}
                      x{F8425220C705F2E084}
                      x{C87101CA01500701CA007001CA02500520D74981010BBAF2E08820D70B0A208104FFBAF2D0898309BAF2E088CF165003FA027001CA68236EB3917F93246EB3E2973333017001CA00E30D216EB39C7F01CA0001206EF2D08001CC95317001CA00E2C901FB00}
                       x{7F01CA00C87001CA007001CA00246EB39D7F01CA0004206EF2D0805004CC9634037001CA00E2246EB39D7F01CA0004206EF2D0805004CC9634037001CA00E27001CA00027F01CA0002C958CC}
                     x{8210E601F8E5BA8ECED31F018210E601F8E5BAF2E081D33F0131820898968070FB02F8416F2410235F037083067F25206EF2D080542580C855208210B687AB175004CB1F12CB3FCB1FCCC9103441301443306D6DDB3C7FE03070}
                      x{C87101CA01500701CA007001CA02500520D74981010BBAF2E08820D70B0A208104FFBAF2D0898309BAF2E088CF165003FA027001CA68236EB3917F93246EB3E2973333017001CA00E30D216EB39C7F01CA0001206EF2D08001CC95317001CA00E2C901FB00}
                       x{7F01CA00C87001CA007001CA00246EB39D7F01CA0004206EF2D0805004CC9634037001CA00E2246EB39D7F01CA0004206EF2D0805004CC9634037001CA00E27001CA00027F01CA0002C958CC}
                    x{C8F84301CC7F01CA0055205023CB1F0120D74981010BBAF2E08820D70B0A208104FFBAF2D0898309BAF2E088CF16216EB3957F01CA00CC947032CA00E2C9ED54}
                   x{2_}
                    x{BE28EED9E6D9E3618C_}
                     x{ED44D0D401F863D200018E2FD31FFA400120D74981010BBAF2E08820D70B0A208104FFBAF2D0898309BAF2E08801D2000191D4926D01E255206C13E0F828D70B0A8309BAF2E089810101D700FA400120D74981010BBAF2E08820D70B0A208104FFBAF2D0898309BAF2E0881202D101DB3C}
                      x{6D}
                     x{21}
                    x{2_}
                     x{4}
                      x{B1D8B6CF36CF1B0C6_}
                       x{ED44D0D401F863D200018E2FD31FFA400120D74981010BBAF2E08820D70B0A208104FFBAF2D0898309BAF2E08801D2000191D4926D01E255206C13E0F828D70B0A8309BAF2E089810101D700FA400120D74981010BBAF2E08820D70B0A208104FFBAF2D0898309BAF2E0881202D101DB3C}
                        x{6D}
                       x{20}
                      x{B36436CF36CF1B0C6_}
                       x{ED44D0D401F863D200018E2FD31FFA400120D74981010BBAF2E08820D70B0A208104FFBAF2D0898309BAF2E08801D2000191D4926D01E255206C13E0F828D70B0A8309BAF2E089810101D700FA400120D74981010BBAF2E08820D70B0A208104FFBAF2D0898309BAF2E0881202D101DB3C}
                        x{6D}
                       x{22}
                     x{B82BEED44D0D20001}
                 x{0000000000000000000000000000000000000000000000000000000000000000200292EBCDAC4F8EB9DC3CA19668D2CB607CE2167A30233DDDBCAED2D106010E09C4_}
                  x{C_}
                   x{A0838F_}
                    x{FF00F4A413F4BCF2C80B}
                     x{62_}
                      x{D001D0D3030171B0A301FA400120D74981010BBAF2E08820D70B0A208104FFBAF2D0898309BAF2E088545053036F04F86102F862DB3C5512DB3CF2E082}
                       x{ED44D0D401F863D200018E2FD31FFA400120D74981010BBAF2E08820D70B0A208104FFBAF2D0898309BAF2E08801D2000191D4926D01E255206C13E0F828D70B0A8309BAF2E089810101D700FA400120D74981010BBAF2E08820D70B0A208104FFBAF2D0898309BAF2E0881202D101DB3C}
                        x{6D}
                       x{0192307FE07021D749C21F953020D70B1FDE208210AFE93535BA8F5130D31F018210AFE93535BAF2E081D33FFA400120D74981010BBAF2E08820D70B0A208104FFBAF2D0898309BAF2E08801D455206C1332820898968070FB024434DB3C30037083067055206D6D6DDB3C597FE0208210B8A3AA14BAE302}
                        x{F8425220C705F2E084}
                        x{C87101CA01500701CA007001CA02500520D74981010BBAF2E08820D70B0A208104FFBAF2D0898309BAF2E088CF165003FA027001CA68236EB3917F93246EB3E2973333017001CA00E30D216EB39C7F01CA0001206EF2D08001CC95317001CA00E2C901FB00}
                         x{7F01CA00C87001CA007001CA00246EB39D7F01CA0004206EF2D0805004CC9634037001CA00E2246EB39D7F01CA0004206EF2D0805004CC9634037001CA00E27001CA00027F01CA0002C958CC}
                        x{30D31F018210B8A3AA14BAF2E081D33FFA400120D74981010BBAF2E08820D70B0A208104FFBAF2D0898309BAF2E088126C12317020FB025520DB3C03708100A07055206D6D6DDB3C587F}
                         x{F8425220C705F2E084}
                         x{C87101CA01500701CA007001CA02500520D74981010BBAF2E08820D70B0A208104FFBAF2D0898309BAF2E088CF165003FA027001CA68236EB3917F93246EB3E2973333017001CA00E30D216EB39C7F01CA0001206EF2D08001CC95317001CA00E2C901FB00}
                          x{7F01CA00C87001CA007001CA00246EB39D7F01CA0004206EF2D0805004CC9634037001CA00E2246EB39D7F01CA0004206EF2D0805004CC9634037001CA00E27001CA00027F01CA0002C958CC}
                        x{8210E601F8E5BA8ECED31F018210E601F8E5BAF2E081D33F0131820898968070FB02F8416F2410235F037083067F25206EF2D080542580C855208210B687AB175004CB1F12CB3FCB1FCCC9103441301443306D6DDB3C7FE03070}
                         x{C87101CA01500701CA007001CA02500520D74981010BBAF2E08820D70B0A208104FFBAF2D0898309BAF2E088CF165003FA027001CA68236EB3917F93246EB3E2973333017001CA00E30D216EB39C7F01CA0001206EF2D08001CC95317001CA00E2C901FB00}
                          x{7F01CA00C87001CA007001CA00246EB39D7F01CA0004206EF2D0805004CC9634037001CA00E2246EB39D7F01CA0004206EF2D0805004CC9634037001CA00E27001CA00027F01CA0002C958CC}
                       x{C8F84301CC7F01CA0055205023CB1F0120D74981010BBAF2E08820D70B0A208104FFBAF2D0898309BAF2E088CF16216EB3957F01CA00CC947032CA00E2C9ED54}
                      x{2_}
                       x{BE28EED9E6D9E3618C_}
                        x{ED44D0D401F863D200018E2FD31FFA400120D74981010BBAF2E08820D70B0A208104FFBAF2D0898309BAF2E08801D2000191D4926D01E255206C13E0F828D70B0A8309BAF2E089810101D700FA400120D74981010BBAF2E08820D70B0A208104FFBAF2D0898309BAF2E0881202D101DB3C}
                         x{6D}
                        x{21}
                       x{2_}
                        x{4}
                         x{B1D8B6CF36CF1B0C6_}
                          x{ED44D0D401F863D200018E2FD31FFA400120D74981010BBAF2E08820D70B0A208104FFBAF2D0898309BAF2E08801D2000191D4926D01E255206C13E0F828D70B0A8309BAF2E089810101D700FA400120D74981010BBAF2E08820D70B0A208104FFBAF2D0898309BAF2E0881202D101DB3C}
                           x{6D}
                          x{20}
                         x{B36436CF36CF1B0C6_}
                          x{ED44D0D401F863D200018E2FD31FFA400120D74981010BBAF2E08820D70B0A208104FFBAF2D0898309BAF2E08801D2000191D4926D01E255206C13E0F828D70B0A8309BAF2E089810101D700FA400120D74981010BBAF2E08820D70B0A208104FFBAF2D0898309BAF2E0881202D101DB3C}
                           x{6D}
                          x{22}
                        x{B82BEED44D0D20001}
                x{B8A3AA140000000000000000801D3E5E1B0970E52ABD4EA639AED542E118FE33D2F03FE072737A6B74A8FDC2C69_}
           x{72A8B1512B905A8219B2B8441E15AEA8BC7269E8DE286F4A7B22AA8BF57F0C6374AB6DF596196A7C7DC76048229D387B763821C24B23E1A94088F2E39E9E8DA812}
           x{04090E51802DD88036E99E11_}
            x{602324EC3D09000000000000000007BF00000000000000000000000000000000000000000000000000000000000000000000000000000000000000000000000000000000000000000000000000000000}
            x{C9AC8D784C8FB95000000000000A0002000000098ABD23D2BF6E748A1EECE04F589F10B3A65B32C1E272EE63094489F59E3F849C48913B24_},
          hash: [Function: hash],
          blockchainLogs: '[ 4][t 0][2024-10-30 23:27:03.710000][transaction.cpp:443]\tunpacking account 525D79B589F1D73B879432CD1A596C0F9C42CF460467BBB795DA5A20C021C138\n' +
            '[ 4][t 0][2024-10-30 23:27:03.710000][transaction.cpp:274]\tlast_paid=1732922823; cells=232 bits=84034 public_cells=0\n' +
            '[ 4][t 0][2024-10-30 23:27:03.710000][transaction.cpp:504]\tend of Account.unpack() for 0:525D79B589F1D73B879432CD1A596C0F9C42CF460467BBB795DA5A20C021C138 (balance = 850000000ng ; last_trans_lt = 36000000..36000002)\n' +
            '[ 4][t 0][2024-10-30 23:27:03.710000][transaction.cpp:3655]\tblock random seed set to 0000000000000000000000000000000000000000000000000000000000000000\n' +
            '[ 4][t 0][2024-10-30 23:27:03.710000][transaction.cpp:1236]\tgas limits: max=1000000, limit=1000000, credit=0\n' +
            '[ 4][t 0][2024-10-30 23:27:03.710000][transaction.cpp:1575]\tin_msg_state is null\n' +
            '[ 4][t 0][2024-10-30 23:27:03.710000][transaction.cpp:1645]\tcreating VM\n' +
            '[ 4][t 0][2024-10-30 23:27:03.710000][transaction.cpp:1351]\tSmartContractInfo initialized with [ 124711402 0 0 1732922823 38000000 38000000 14068792954309835536948273256715513127174070948738620016199408580766834334284 [ 1810889015 (null) ] CS{Cell{0271c00525d79b589f1d73b879432cd1a596c0f9c42cf460467bbb795da5a20c021c1383d0c05210833a526e3800000000089544090caa7e201340} bits: 1..268; refs: 0..0} C{A7EC01478F770EF8F8B037CC7E42F0ABF0D85A50E1828C2394DAD1411691F2DE} C{42B6F0E46484EFC57B9508F6BA7EF42E7512023D5CB4ED5628DD1C7755D16E9D} [ 960889015 (null) ] 0 (null) [ CS{Cell{004dd06600000000000000000000000080000000000000fa00000000000001f4000000000003d09040} bits: 9..305; refs: 0..0} (null) CS{Cell{0094d1000000000000006400000000000f4240de000000002710000000000000000f42400000000002160ec0000000000000271000000000002625a00000000005f5e100000000003b9aca00} bits: 0..592; refs: 0..0} CS{Cell{0094d100000000000000640000000000009c40de000000000190000000000000000f424000000000000f4240000000000000271000000000009896800000000005f5e100000000003b9aca00} bits: 0..592; refs: 0..0} CS{Cell{0042ea000000000098968000000000271000000000000f424000000001800055555555} bits: 0..264; refs: 0..0} CS{Cell{0042ea0000000000061a800000000001900000000000009c4000000001800055555555} bits: 0..264; refs: 0..0} (null) ] 0 (null) ]\n' +
            '[ 4][t 0][2024-10-30 23:27:03.710000][transaction.cpp:1675]\tstarting VM\n' +
            '[ 4][t 0][2024-10-30 23:27:03.712000][transaction.cpp:1680]\tVM terminated with exit code 0\n' +
            '[ 3][t 0][2024-10-30 23:27:03.712000][transaction.cpp:1702]\tsteps: 1983 gas: used=71975, max=1000000, limit=1000000, credit=0\n' +
            '[ 3][t 0][2024-10-30 23:27:03.712000][transaction.cpp:1704]\tout_of_gas=false, accepted=true, success=true, time=0.001697s\n' +
            '[ 4][t 0][2024-10-30 23:27:03.712000][transaction.cpp:1737]\tgas fees: 28790000 = 26214400 * 71975 /2^16 ; price=26214400; flat rate=[40000 for 100]; remaining balance=1782099015ng\n' +
            '[ 3][t 0][2024-10-30 23:27:03.712000][transaction.cpp:2678]\tin try_action_reserve_currency(0)\n' +
            '[ 4][t 0][2024-10-30 23:27:03.712000][transaction.cpp:2684]\taction_reserve_currency: mode=0, reserve=850000000ng, balance=1782099015ng, original balance=850000000ng\n' +
            '[ 3][t 0][2024-10-30 23:27:03.712000][transaction.cpp:2729]\tchanged remaining balance to 932099015ng, reserved balance to 850000000ng\n' +
            '[ 4][t 0][2024-10-30 23:27:03.712000][transaction.cpp:2448]\tstorage paid for a message: 1 cells, 96 bits\n' +
            '[ 4][t 0][2024-10-30 23:27:03.712000][transaction.cpp:2452]\tcomputed fwd fees = 478400 + 0\n' +
            '[ 4][t 0][2024-10-30 23:27:03.712000][transaction.cpp:2448]\tstorage paid for a message: 1 cells, 96 bits\n' +
            '[ 4][t 0][2024-10-30 23:27:03.712000][transaction.cpp:2452]\tcomputed fwd fees = 478400 + 0\n' +
            '[ 4][t 0][2024-10-30 23:27:03.712000][transaction.cpp:2448]\tstorage paid for a message: 1 cells, 431 bits\n' +
            '[ 4][t 0][2024-10-30 23:27:03.712000][transaction.cpp:2452]\tcomputed fwd fees = 612400 + 0\n' +
            '[ 4][t 0][2024-10-30 23:27:03.712000][transaction.cpp:2448]\tstorage paid for a message: 27 cells, 6976 bits\n' +
            '[ 4][t 0][2024-10-30 23:27:03.712000][transaction.cpp:2452]\tcomputed fwd fees = 4270400 + 0\n',
          vmLogs: 'xecute EQUAL\n' +
            'execute THROWIF 137\n' +
            'execute PUSHPOW2 10\n' +
            'execute EQUAL\n' +
            'execute THROWIFNOT 136\n' +
            'execute STSLICER\n' +
            'execute ENDC\n' +
            'execute ROT\n' +
            'execute STREF\n' +
            'execute ENDC\n' +
            'execute SWAP\n' +
            'execute STREF\n' +
            'execute implicit RET\n' +
            'execute ENDC\n' +
            'execute POP c4\n' +
            'execute implicit RET\n',
          debugLogs: '',
          events: [Array],
          parent: [Object],
          children: [Array],
          externals: [Array]
        },
        children: [ [Object] ],
        externals: []
      },
      {
        address: 37254810366437813475271750514734067285117962570475561289538093995582013161784n,
        lt: 42000000n,
        prevTransactionHash: 60010606728118796862248116638271646224047947022315993245887157570133503061897n,
        prevTransactionLt: 38000000n,
        now: 1732922823,
        outMessagesCount: 2,
        oldStatus: 'active',
        endStatus: 'active',
        inMessage: {
          info: [Object],
          init: null,
          body: x{2A004A0500000000000000000000000000000000000000000000000000000000000000000000000000000000C00814669C6B54FD8B2DD8E93AAA6E5DE45BD032703F7A61C194AB414089B0A7AA2}
        },
        outMessages: Dictionary { _key: [Object], _value: [Object], _map: [Map] },
        totalFees: { coins: 11323062n },
        stateUpdate: {
          oldHash: <Buffer ab 6d f5 96 19 6a 7c 7d c7 60 48 22 9d 38 7b 76 38 21 c2 4b 23 e1 a9 40 88 f2 e3 9e 9e 8d a8 12>,
          newHash: <Buffer ea 58 f2 26 c8 b1 77 b0 11 4a 02 26 a3 f4 2c 47 ec be c5 39 59 37 4e 4e f0 3b 26 70 84 3e 54 ba>
        },
        description: {
          type: 'generic',
          creditFirst: false,
          storagePhase: [Object],
          creditPhase: [Object],
          computePhase: [Object],
          actionPhase: [Object],
          bouncePhase: undefined,
          aborted: false,
          destroyed: false
        },
        raw: x{7525D79B589F1D73B879432CD1A596C0F9C42CF460467BBB795DA5A20C021C138000000000280DE8084ACCCBBD3003577884902EAD977BD5E9818646005611A7465FBA8C91E452F89000000000243D580674A4DC7000547598D6C}
         x{E_}
          x{6800F99E4F01C1A7C3616D00B3681096094D190E846AE8B8DA0403AC5E7A4431E26D0014975E6D627C75CEE1E50CB346965B03E710B3D18119EEEDE57696883008704E101119EF88060DFF5E0000000004A62F82CE949B8EC_}
           x{2A004A0500000000000000000000000000000000000000000000000000000000000000000000000000000000C00814669C6B54FD8B2DD8E93AAA6E5DE45BD032703F7A61C194AB414089B0A7AA2}
          x{DD_}
           x{2_}
            x{6800A4BAF36B13E3AE770F28659A34B2D81F38859E8C08CF776F2BB4B441804382710020519A71AD53F62CB763A4EAA9B977916F40C9C0FDE9870652AD050226C29EA8905705D5000608235A000000000501BD02CE949B8E4_}
           x{2_}
            x{6800A4BAF36B13E3AE770F28659A34B2D81F38859E8C08CF776F2BB4B44180438271003A7CBC3612E1CA557A9D4C735DAA85C231FC67A5E07FC0E4E6F4D6E951FB858D100E4647480608235A000000000501BD04CE949B8E4_}
         x{72AB6DF596196A7C7DC76048229D387B763821C24B23E1A94088F2E39E9E8DA812EA58F226C8B177B0114A0226A3F42C47ECBEC53959374E4EF03B2670843E54BA}
         x{040901119EF8987516A211_}
          x{4D7F2C0AF1E00000000000000002E500000000000000000000000000000000000000000000000000000000000000000000000000000000000000000000000000000000000000000000000000000000}
          x{C9861A804C1046980000000000060002000000051EE39397CA7E161E7312D0BE075F76ECDD1EF48BB482F0A9A591CF35B6EB9E9640902C14_},
        hash: [Function: hash],
        blockchainLogs: '[ 4][t 0][2024-10-30 23:27:03.727000][transaction.cpp:443]\tunpacking account 525D79B589F1D73B879432CD1A596C0F9C42CF460467BBB795DA5A20C021C138\n' +
          '[ 4][t 0][2024-10-30 23:27:03.727000][transaction.cpp:274]\tlast_paid=1732922823; cells=234 bits=84033 public_cells=0\n' +
          '[ 4][t 0][2024-10-30 23:27:03.727000][transaction.cpp:504]\tend of Account.unpack() for 0:525D79B589F1D73B879432CD1A596C0F9C42CF460467BBB795DA5A20C021C138 (balance = 850000000ng ; last_trans_lt = 38000000..38000005)\n' +
          '[ 4][t 0][2024-10-30 23:27:03.727000][transaction.cpp:3655]\tblock random seed set to 0000000000000000000000000000000000000000000000000000000000000000\n' +
          '[ 4][t 0][2024-10-30 23:27:03.727000][transaction.cpp:1236]\tgas limits: max=1000000, limit=179320, credit=0\n' +
          '[ 4][t 0][2024-10-30 23:27:03.727000][transaction.cpp:1575]\tin_msg_state is null\n' +
          '[ 4][t 0][2024-10-30 23:27:03.727000][transaction.cpp:1645]\tcreating VM\n' +
          '[ 4][t 0][2024-10-30 23:27:03.727000][transaction.cpp:1351]\tSmartContractInfo initialized with [ 124711402 0 0 1732922823 42000000 42000000 14068792954309835536948273256715513127174070948738620016199408580766834334284 [ 921728098 (null) ] CS{Cell{0271c00525d79b589f1d73b879432cd1a596c0f9c42cf460467bbb795da5a20c021c1383d4c05210433a526e3800000000090f56150caa7e201340} bits: 1..268; refs: 0..0} C{A7EC01478F770EF8F8B037CC7E42F0ABF0D85A50E1828C2394DAD1411691F2DE} C{42B6F0E46484EFC57B9508F6BA7EF42E7512023D5CB4ED5628DD1C7755D16E9D} [ 71728098 (null) ] 0 (null) [ CS{Cell{004dd06600000000000000000000000080000000000000fa00000000000001f4000000000003d09040} bits: 9..305; refs: 0..0} (null) CS{Cell{0094d1000000000000006400000000000f4240de000000002710000000000000000f42400000000002160ec0000000000000271000000000002625a00000000005f5e100000000003b9aca00} bits: 0..592; refs: 0..0} CS{Cell{0094d100000000000000640000000000009c40de000000000190000000000000000f424000000000000f4240000000000000271000000000009896800000000005f5e100000000003b9aca00} bits: 0..592; refs: 0..0} CS{Cell{0042ea000000000098968000000000271000000000000f424000000001800055555555} bits: 0..264; refs: 0..0} CS{Cell{0042ea0000000000061a800000000001900000000000009c4000000001800055555555} bits: 0..264; refs: 0..0} (null) ] 0 (null) ]\n' +
          '[ 4][t 0][2024-10-30 23:27:03.727000][transaction.cpp:1675]\tstarting VM\n' +
          '[ 4][t 0][2024-10-30 23:27:03.728000][transaction.cpp:1680]\tVM terminated with exit code 0\n' +
          '[ 3][t 0][2024-10-30 23:27:03.728000][transaction.cpp:1702]\tsteps: 741 gas: used=27641, max=1000000, limit=179320, credit=0\n' +
          '[ 3][t 0][2024-10-30 23:27:03.728000][transaction.cpp:1704]\tout_of_gas=false, accepted=true, success=true, time=0.000799s\n' +
          '[ 4][t 0][2024-10-30 23:27:03.728000][transaction.cpp:1737]\tgas fees: 11056400 = 26214400 * 27641 /2^16 ; price=26214400; flat rate=[40000 for 100]; remaining balance=910671698ng\n' +
          '[ 3][t 0][2024-10-30 23:27:03.728000][transaction.cpp:2678]\tin try_action_reserve_currency(0)\n' +
          '[ 4][t 0][2024-10-30 23:27:03.728000][transaction.cpp:2684]\taction_reserve_currency: mode=0, reserve=485000000ng, balance=910671698ng, original balance=850000000ng\n' +
          '[ 3][t 0][2024-10-30 23:27:03.728000][transaction.cpp:2729]\tchanged remaining balance to 425671698ng, reserved balance to 485000000ng\n' +
          '[ 4][t 0][2024-10-30 23:27:03.728000][transaction.cpp:2448]\tstorage paid for a message: 0 cells, 0 bits\n' +
          '[ 4][t 0][2024-10-30 23:27:03.728000][transaction.cpp:2452]\tcomputed fwd fees = 400000 + 0\n' +
          '[ 4][t 0][2024-10-30 23:27:03.728000][transaction.cpp:2448]\tstorage paid for a message: 0 cells, 0 bits\n' +
          '[ 4][t 0][2024-10-30 23:27:03.728000][transaction.cpp:2452]\tcomputed fwd fees = 400000 + 0\n',
        vmLogs: 'xecute EQUAL\n' +
          'execute THROWIF 137\n' +
          'execute PUSHPOW2 10\n' +
          'execute EQUAL\n' +
          'execute THROWIFNOT 136\n' +
          'execute STSLICER\n' +
          'execute ENDC\n' +
          'execute ROT\n' +
          'execute STREF\n' +
          'execute ENDC\n' +
          'execute SWAP\n' +
          'execute STREF\n' +
          'execute implicit RET\n' +
          'execute ENDC\n' +
          'execute POP c4\n' +
          'execute implicit RET\n',
        debugLogs: '',
        events: [ [Object], [Object] ],
        parent: {
          address: 56452803209391972311245829800318013664241380452486081517026592719308720763190n,
          lt: 39000000n,
          prevTransactionHash: 37170743482127146946096927132752106633930264689204392992310072324695649782951n,
          prevTransactionLt: 28000000n,
          now: 1732922823,
          outMessagesCount: 1,
          oldStatus: 'active',
          endStatus: 'active',
          inMessage: [Object],
          outMessages: [Dictionary],
          totalFees: [Object],
          stateUpdate: [Object],
          description: [Object],
          raw: x{77CCF2780E0D3E1B0B68059B4084B04A68C874235745C6D0201D62F3D2218F13600000000025317C0522DE52F7ECC3CF0A3D3E9D12B38E943FCDB2AAFB0F0389BF85EE40677C98CA70000000001AB3F00674A4DC7000346A2CE5E}
           x{E_}
            x{6800A4BAF36B13E3AE770F28659A34B2D81F38859E8C08CF776F2BB4B44180438271001F33C9E03834F86C2DA0166D0212C129A321D08D5D171B4080758BCF48863C4D90101931000609BBB0000000000487AB02CE949B8E5E137A6400000000000000004_}
            x{DF_}
             x{6800F99E4F01C1A7C3616D00B3681096094D190E846AE8B8DA0403AC5E7A4431E26D0014975E6D627C75CEE1E50CB346965B03E710B3D18119EEEDE57696883008704E101119EF88060DFF5E0000000004A62F82CE949B8EC_}
              x{2A004A0500000000000000000000000000000000000000000000000000000000000000000000000000000000C00814669C6B54FD8B2DD8E93AAA6E5DE45BD032703F7A61C194AB414089B0A7AA2}
           x{720E33DEFF2E7C5D9FACD0E7412D52E00657CAE8C23403D7841423E282D3B24D74CD2AE7E8AB156EFFB988A6A97F7F4F3F8456900F7FC32CE72B2A3B5616B77185}
           x{04C4360789010193101867A1E811_}
            x{44E28C0A4D9000000000000000013D00000000000000000000000000000000000000000000000000000000000000000000000000000000000000000000000000000000000000000000000000000000}
            x{C9853FC04C0DFF44000000000002000000000002E314399E9181B61CA6ACAC445010D6EB366B5E165776588A9812DBEC1225A8904090296C_},
          hash: [Function: hash],
          blockchainLogs: '[ 4][t 0][2024-10-30 23:27:03.717000][transaction.cpp:443]\tunpacking account 7CCF2780E0D3E1B0B68059B4084B04A68C874235745C6D0201D62F3D2218F136\n' +
            '[ 4][t 0][2024-10-30 23:27:03.717000][transaction.cpp:274]\tlast_paid=1730330823; cells=30 bits=12911 public_cells=0\n' +
            '[ 4][t 0][2024-10-30 23:27:03.717000][transaction.cpp:504]\tend of Account.unpack() for 0:7CCF2780E0D3E1B0B68059B4084B04A68C874235745C6D0201D62F3D2218F136 (balance = 10000000ng ; last_trans_lt = 28000000..28000002)\n' +
            '[ 4][t 0][2024-10-30 23:27:03.717000][transaction.cpp:3655]\tblock random seed set to 0000000000000000000000000000000000000000000000000000000000000000\n' +
            '[ 4][t 0][2024-10-30 23:27:03.717000][transaction.cpp:1236]\tgas limits: max=191044, limit=168804, credit=0\n' +
            '[ 4][t 0][2024-10-30 23:27:03.717000][transaction.cpp:1575]\tin_msg_state is null\n' +
            '[ 4][t 0][2024-10-30 23:27:03.717000][transaction.cpp:1645]\tcreating VM\n' +
            '[ 4][t 0][2024-10-30 23:27:03.717000][transaction.cpp:1351]\tSmartContractInfo initialized with [ 124711402 0 0 1732922823 39000000 39000000 17158678860825839941702393232993838109470607978381324670400578166443069604636 [ 76417698 (null) ] CS{Cell{026dc007ccf2780e0d3e1b0b68059b4084b04a68c874235745c6d0201d62f3d2218f13623c8c9bc3391606380000000006acfc08e625a01340} bits: 1..268; refs: 0..0} C{A7EC01478F770EF8F8B037CC7E42F0ABF0D85A50E1828C2394DAD1411691F2DE} C{33BB148A451AD17F938AA7C476E48F2B79933715F13F1D58F9234A90730321A8} [ 67521600 (null) ] 1103902 (null) [ CS{Cell{004dd06600000000000000000000000080000000000000fa00000000000001f4000000000003d09040} bits: 9..305; refs: 0..0} (null) CS{Cell{0094d1000000000000006400000000000f4240de000000002710000000000000000f42400000000002160ec0000000000000271000000000002625a00000000005f5e100000000003b9aca00} bits: 0..592; refs: 0..0} CS{Cell{0094d100000000000000640000000000009c40de000000000190000000000000000f424000000000000f4240000000000000271000000000009896800000000005f5e100000000003b9aca00} bits: 0..592; refs: 0..0} CS{Cell{0042ea000000000098968000000000271000000000000f424000000001800055555555} bits: 0..264; refs: 0..0} CS{Cell{0042ea0000000000061a800000000001900000000000009c4000000001800055555555} bits: 0..264; refs: 0..0} (null) ] 0 (null) ]\n' +
            '[ 4][t 0][2024-10-30 23:27:03.717000][transaction.cpp:1675]\tstarting VM\n' +
            '[ 4][t 0][2024-10-30 23:27:03.718000][transaction.cpp:1680]\tVM terminated with exit code 0\n' +
            '[ 3][t 0][2024-10-30 23:27:03.718000][transaction.cpp:1702]\tsteps: 317 gas: used=10004, max=191044, limit=168804, credit=0\n' +
            '[ 3][t 0][2024-10-30 23:27:03.718000][transaction.cpp:1704]\tout_of_gas=false, accepted=true, success=true, time=0.000333s\n' +
            '[ 4][t 0][2024-10-30 23:27:03.718000][transaction.cpp:1737]\tgas fees: 4001600 = 26214400 * 10004 /2^16 ; price=26214400; flat rate=[40000 for 100]; remaining balance=72416098ng\n' +
            '[ 4][t 0][2024-10-30 23:27:03.718000][transaction.cpp:2448]\tstorage paid for a message: 1 cells, 620 bits\n' +
            '[ 4][t 0][2024-10-30 23:27:03.718000][transaction.cpp:2452]\tcomputed fwd fees = 688000 + 0\n',
          vmLogs: 'e implicit RET\n' +
            'execute OVER\n' +
            'execute ISNULL\n' +
            'execute NOT\n' +
            'execute PUSHCONT x7F01CA00CC\n' +
            'execute PUSHCONT x7032CA00\n' +
            'execute IFELSE\n' +
            'execute PUSHINT -1\n' +
            'execute SWAP\n' +
            'execute STI 1\n' +
            'execute STREF\n' +
            'execute implicit RET\n' +
            'execute ENDC\n' +
            'execute POP c4\n' +
            'execute implicit RET\n',
          debugLogs: '',
          events: [Array],
          parent: [Object],
          children: [Array],
          externals: []
        },
        children: [ [Object], [Object] ],
        externals: []
      },
      {
        address: 37254810366437813475271750514734067285117962570475561289538093995582013161784n,
        lt: 43000000n,
        prevTransactionHash: 22118435040725843830316243101029278324447099348166050124895696319340883520108n,
        prevTransactionLt: 42000000n,
        now: 1732922823,
        outMessagesCount: 2,
        oldStatus: 'active',
        endStatus: 'active',
        inMessage: {
          info: [Object],
          init: null,
          body: x{2A004A0500000000000000010000000000000000000000000000000000000000000000000000000000000000400B75A3E1A6460F415CE3721F308920C4B456F3B977F39EB26CED9155308A976CC}
        },
        outMessages: Dictionary { _key: [Object], _value: [Object], _map: [Map] },
        totalFees: { coins: 11033062n },
        stateUpdate: {
          oldHash: <Buffer ea 58 f2 26 c8 b1 77 b0 11 4a 02 26 a3 f4 2c 47 ec be c5 39 59 37 4e 4e f0 3b 26 70 84 3e 54 ba>,
          newHash: <Buffer 7c ff 6e 59 b7 4a 88 2d f6 ec 19 4e 54 5a 24 34 5c 4c 6b 90 73 40 b9 20 fd 7a 1e 0e 2b 1d 23 a5>
        },
        description: {
          type: 'generic',
          creditFirst: false,
          storagePhase: [Object],
          creditPhase: [Object],
          computePhase: [Object],
          actionPhase: [Object],
          bouncePhase: undefined,
          aborted: false,
          destroyed: false
        },
        raw: x{7525D79B589F1D73B879432CD1A596C0F9C42CF460467BBB795DA5A20C021C13800000000029020C030E69730F7664F0604C034E68CD2C5D288EEE908191FD7D606FC78D341B4AA6C000000000280DE80674A4DC700054750B3CC}
         x{E_}
          x{6801C25D36B535BEF92116226484A49D03E01E5050FFC3053F6C298C080280A4EEF90014975E6D627C75CEE1E50CB346965B03E710B3D18119EEEDE57696883008704E101119EF88060DFF5E0000000004C4B402CE949B8EC_}
           x{2A004A0500000000000000010000000000000000000000000000000000000000000000000000000000000000400B75A3E1A6460F415CE3721F308920C4B456F3B977F39EB26CED9155308A976CC}
          x{DD_}
           x{2_}
            x{6800A4BAF36B13E3AE770F28659A34B2D81F38859E8C08CF776F2BB4B44180438271002DD68F8699183D05738DC87CC2248312D15BCEE5DFCE7AC9B3B64554C22A5DB3105BBE54000608235A0000000005204182CE949B8E4_}
           x{2_}
            x{6800A4BAF36B13E3AE770F28659A34B2D81F38859E8C08CF776F2BB4B44180438271003A7CBC3612E1CA557A9D4C735DAA85C231FC67A5E07FC0E4E6F4D6E951FB858D100E57FA880608235A0000000005204184CE949B8E4_}
         x{72EA58F226C8B177B0114A0226A3F42C47ECBEC53959374E4EF03B2670843E54BA7CFF6E59B74A882DF6EC194E545A24345C4C6B907340B920FD7A1E0E2B1D23A5}
         x{040901119EF89874890811_}
          x{4D248C0AF1E00000000000000002E500000000000000000000000000000000000000000000000000000000000000000000000000000000000000000000000000000000000000000000000000000000}
          x{C9861A804C1046980000000000060002000000056274C7F956163ABBFCB18AD8D057027D27D5CC6ED2EEB32F32D4DDB41035FF7840902C14_},
        hash: [Function: hash],
        blockchainLogs: '[ 4][t 0][2024-10-30 23:27:03.731000][transaction.cpp:443]\tunpacking account 525D79B589F1D73B879432CD1A596C0F9C42CF460467BBB795DA5A20C021C138\n' +
          '[ 4][t 0][2024-10-30 23:27:03.731000][transaction.cpp:274]\tlast_paid=1732922823; cells=231 bits=83982 public_cells=0\n' +
          '[ 4][t 0][2024-10-30 23:27:03.731000][transaction.cpp:504]\tend of Account.unpack() for 0:525D79B589F1D73B879432CD1A596C0F9C42CF460467BBB795DA5A20C021C138 (balance = 485000000ng ; last_trans_lt = 42000000..42000003)\n' +
          '[ 4][t 0][2024-10-30 23:27:03.731000][transaction.cpp:3655]\tblock random seed set to 0000000000000000000000000000000000000000000000000000000000000000\n' +
          '[ 4][t 0][2024-10-30 23:27:03.732000][transaction.cpp:1236]\tgas limits: max=1000000, limit=179320, credit=0\n' +
          '[ 4][t 0][2024-10-30 23:27:03.732000][transaction.cpp:1575]\tin_msg_state is null\n' +
          '[ 4][t 0][2024-10-30 23:27:03.732000][transaction.cpp:1645]\tcreating VM\n' +
          '[ 4][t 0][2024-10-30 23:27:03.732000][transaction.cpp:1351]\tSmartContractInfo initialized with [ 124711402 0 0 1732922823 43000000 43000000 14068792954309835536948273256715513127174070948738620016199408580766834334284 [ 556728098 (null) ] CS{Cell{0271c00525d79b589f1d73b879432cd1a596c0f9c42cf460467bbb795da5a20c021c1383cec05203833a526e38000000000a037a0d073a20d01340} bits: 1..268; refs: 0..0} C{A7EC01478F770EF8F8B037CC7E42F0ABF0D85A50E1828C2394DAD1411691F2DE} C{42B6F0E46484EFC57B9508F6BA7EF42E7512023D5CB4ED5628DD1C7755D16E9D} [ 71728098 (null) ] 0 (null) [ CS{Cell{004dd06600000000000000000000000080000000000000fa00000000000001f4000000000003d09040} bits: 9..305; refs: 0..0} (null) CS{Cell{0094d1000000000000006400000000000f4240de000000002710000000000000000f42400000000002160ec0000000000000271000000000002625a00000000005f5e100000000003b9aca00} bits: 0..592; refs: 0..0} CS{Cell{0094d100000000000000640000000000009c40de000000000190000000000000000f424000000000000f4240000000000000271000000000009896800000000005f5e100000000003b9aca00} bits: 0..592; refs: 0..0} CS{Cell{0042ea000000000098968000000000271000000000000f424000000001800055555555} bits: 0..264; refs: 0..0} CS{Cell{0042ea0000000000061a800000000001900000000000009c4000000001800055555555} bits: 0..264; refs: 0..0} (null) ] 0 (null) ]\n' +
          '[ 4][t 0][2024-10-30 23:27:03.732000][transaction.cpp:1675]\tstarting VM\n' +
          '[ 4][t 0][2024-10-30 23:27:03.733000][transaction.cpp:1680]\tVM terminated with exit code 0\n' +
          '[ 3][t 0][2024-10-30 23:27:03.733000][transaction.cpp:1702]\tsteps: 741 gas: used=26916, max=1000000, limit=179320, credit=0\n' +
          '[ 3][t 0][2024-10-30 23:27:03.733000][transaction.cpp:1704]\tout_of_gas=false, accepted=true, success=true, time=0.000917s\n' +
          '[ 4][t 0][2024-10-30 23:27:03.733000][transaction.cpp:1737]\tgas fees: 10766400 = 26214400 * 26916 /2^16 ; price=26214400; flat rate=[40000 for 100]; remaining balance=545961698ng\n' +
          '[ 3][t 0][2024-10-30 23:27:03.733000][transaction.cpp:2678]\tin try_action_reserve_currency(0)\n' +
          '[ 4][t 0][2024-10-30 23:27:03.733000][transaction.cpp:2684]\taction_reserve_currency: mode=0, reserve=100200000ng, balance=545961698ng, original balance=485000000ng\n' +
          '[ 3][t 0][2024-10-30 23:27:03.733000][transaction.cpp:2729]\tchanged remaining balance to 445761698ng, reserved balance to 100200000ng\n' +
          '[ 4][t 0][2024-10-30 23:27:03.733000][transaction.cpp:2448]\tstorage paid for a message: 0 cells, 0 bits\n' +
          '[ 4][t 0][2024-10-30 23:27:03.733000][transaction.cpp:2452]\tcomputed fwd fees = 400000 + 0\n' +
          '[ 4][t 0][2024-10-30 23:27:03.733000][transaction.cpp:2448]\tstorage paid for a message: 0 cells, 0 bits\n' +
          '[ 4][t 0][2024-10-30 23:27:03.733000][transaction.cpp:2452]\tcomputed fwd fees = 400000 + 0\n',
        vmLogs: 'xecute EQUAL\n' +
          'execute THROWIF 137\n' +
          'execute PUSHPOW2 10\n' +
          'execute EQUAL\n' +
          'execute THROWIFNOT 136\n' +
          'execute STSLICER\n' +
          'execute ENDC\n' +
          'execute ROT\n' +
          'execute STREF\n' +
          'execute ENDC\n' +
          'execute SWAP\n' +
          'execute STREF\n' +
          'execute implicit RET\n' +
          'execute ENDC\n' +
          'execute POP c4\n' +
          'execute implicit RET\n',
        debugLogs: '',
        events: [ [Object], [Object] ],
        parent: {
          address: 101852738109603725607761920797369865272772728943991090530178890834824226043772n,
          lt: 40000000n,
          prevTransactionHash: 66783300746374579418570011346514693089778555840873810502297759737292154715525n,
          prevTransactionLt: 27000000n,
          now: 1732922823,
          outMessagesCount: 1,
          oldStatus: 'active',
          endStatus: 'active',
          inMessage: [Object],
          outMessages: [Dictionary],
          totalFees: [Object],
          stateUpdate: [Object],
          description: [Object],
          raw: x{7E12E9B5A9ADF7C908B113242524E81F00F28287FE1829FB614C604014052777C0000000002625A0093A6023AEAA69791E949B4A67D31F41F9270C6C455DA4CA25EAA857D1043BD8500000000019BFCC0674A4DC7000346A2CE5E}
           x{E_}
            x{6800A4BAF36B13E3AE770F28659A34B2D81F38859E8C08CF776F2BB4B4418043827100384BA6D6A6B7DF2422C44C909493A07C03CA0A1FF860A7ED8531810050149DDF10101931000609BBB0000000000487AB04CE949B8E5E137A640000000000000000C_}
            x{DF_}
             x{6801C25D36B535BEF92116226484A49D03E01E5050FFC3053F6C298C080280A4EEF90014975E6D627C75CEE1E50CB346965B03E710B3D18119EEEDE57696883008704E101119EF88060DFF5E0000000004C4B402CE949B8EC_}
              x{2A004A0500000000000000010000000000000000000000000000000000000000000000000000000000000000400B75A3E1A6460F415CE3721F308920C4B456F3B977F39EB26CED9155308A976CC}
           x{7211797399A6F2C591930505446B00D50101C7E1D7D4092ABB094800287268903B00F2F60763315CC9618310098F8511F9E893BA7112D6FAA25D24DACB579988F3}
           x{04C4360789010193101867A1E811_}
            x{44E28C0A4D9000000000000000013D00000000000000000000000000000000000000000000000000000000000000000000000000000000000000000000000000000000000000000000000000000000}
            x{C9853FC04C0DFF44000000000002000000000003FFB2652E35979066CAC0633284C4E8042DB1FCB29F76FDFE1F06536CEE4DA4744090296C_},
          hash: [Function: hash],
          blockchainLogs: '[ 4][t 0][2024-10-30 23:27:03.720000][transaction.cpp:443]\tunpacking account E12E9B5A9ADF7C908B113242524E81F00F28287FE1829FB614C604014052777C\n' +
            '[ 4][t 0][2024-10-30 23:27:03.720000][transaction.cpp:274]\tlast_paid=1730330823; cells=30 bits=12911 public_cells=0\n' +
            '[ 4][t 0][2024-10-30 23:27:03.720000][transaction.cpp:504]\tend of Account.unpack() for 0:E12E9B5A9ADF7C908B113242524E81F00F28287FE1829FB614C604014052777C (balance = 10000000ng ; last_trans_lt = 27000000..27000002)\n' +
            '[ 4][t 0][2024-10-30 23:27:03.720000][transaction.cpp:3655]\tblock random seed set to 0000000000000000000000000000000000000000000000000000000000000000\n' +
            '[ 4][t 0][2024-10-30 23:27:03.720000][transaction.cpp:1236]\tgas limits: max=191044, limit=168804, credit=0\n' +
            '[ 4][t 0][2024-10-30 23:27:03.720000][transaction.cpp:1575]\tin_msg_state is null\n' +
            '[ 4][t 0][2024-10-30 23:27:03.720000][transaction.cpp:1645]\tcreating VM\n' +
            '[ 4][t 0][2024-10-30 23:27:03.720000][transaction.cpp:1351]\tSmartContractInfo initialized with [ 124711402 0 0 1732922823 40000000 40000000 43870772645377937883531240781324653013999287705787709612543318804107744319189 [ 76417698 (null) ] CS{Cell{026dc00e12e9b5a9adf7c908b113242524e81f00f28287fe1829fb614c604014052777c23c8c9bc33916063800000000066ff308e625a01340} bits: 1..268; refs: 0..0} C{A7EC01478F770EF8F8B037CC7E42F0ABF0D85A50E1828C2394DAD1411691F2DE} C{33BB148A451AD17F938AA7C476E48F2B79933715F13F1D58F9234A90730321A8} [ 67521600 (null) ] 1103902 (null) [ CS{Cell{004dd06600000000000000000000000080000000000000fa00000000000001f4000000000003d09040} bits: 9..305; refs: 0..0} (null) CS{Cell{0094d1000000000000006400000000000f4240de000000002710000000000000000f42400000000002160ec0000000000000271000000000002625a00000000005f5e100000000003b9aca00} bits: 0..592; refs: 0..0} CS{Cell{0094d100000000000000640000000000009c40de000000000190000000000000000f424000000000000f4240000000000000271000000000009896800000000005f5e100000000003b9aca00} bits: 0..592; refs: 0..0} CS{Cell{0042ea000000000098968000000000271000000000000f424000000001800055555555} bits: 0..264; refs: 0..0} CS{Cell{0042ea0000000000061a800000000001900000000000009c4000000001800055555555} bits: 0..264; refs: 0..0} (null) ] 0 (null) ]\n' +
            '[ 4][t 0][2024-10-30 23:27:03.720000][transaction.cpp:1675]\tstarting VM\n' +
            '[ 4][t 0][2024-10-30 23:27:03.720000][transaction.cpp:1680]\tVM terminated with exit code 0\n' +
            '[ 3][t 0][2024-10-30 23:27:03.720000][transaction.cpp:1702]\tsteps: 317 gas: used=10004, max=191044, limit=168804, credit=0\n' +
            '[ 3][t 0][2024-10-30 23:27:03.721000][transaction.cpp:1704]\tout_of_gas=false, accepted=true, success=true, time=0.000507s\n' +
            '[ 4][t 0][2024-10-30 23:27:03.721000][transaction.cpp:1737]\tgas fees: 4001600 = 26214400 * 10004 /2^16 ; price=26214400; flat rate=[40000 for 100]; remaining balance=72416098ng\n' +
            '[ 4][t 0][2024-10-30 23:27:03.721000][transaction.cpp:2448]\tstorage paid for a message: 1 cells, 620 bits\n' +
            '[ 4][t 0][2024-10-30 23:27:03.721000][transaction.cpp:2452]\tcomputed fwd fees = 688000 + 0\n',
          vmLogs: 'e implicit RET\n' +
            'execute OVER\n' +
            'execute ISNULL\n' +
            'execute NOT\n' +
            'execute PUSHCONT x7F01CA00CC\n' +
            'execute PUSHCONT x7032CA00\n' +
            'execute IFELSE\n' +
            'execute PUSHINT -1\n' +
            'execute SWAP\n' +
            'execute STI 1\n' +
            'execute STREF\n' +
            'execute implicit RET\n' +
            'execute ENDC\n' +
            'execute POP c4\n' +
            'execute implicit RET\n',
          debugLogs: '',
          events: [Array],
          parent: [Object],
          children: [Array],
          externals: []
        },
        children: [ [Object], [Object] ],
        externals: []
      },
      {
        address: 105818132960003171416304597453717637701794574747475969910003481004036112389684n,
        lt: 44000000n,
        prevTransactionHash: 12954378072199808953480983970839532356369532823146574217410868333409219389115n,
        prevTransactionLt: 33000000n,
        now: 1732922823,
        outMessagesCount: 0,
        oldStatus: 'active',
        endStatus: 'active',
        inMessage: { info: [Object], init: null, body: x{} },
        outMessages: Dictionary { _key: [Object], _value: [Object], _map: Map(0) {} },
        totalFees: { coins: 123600n },
        stateUpdate: {
          oldHash: <Buffer a8 92 b1 25 6f 0c b8 79 7e be 15 9b f2 ac a2 1e 96 d1 26 c2 22 d6 eb 95 8a 35 40 29 4b 56 0e 21>,
          newHash: <Buffer 37 2f 78 f8 bb 07 bd 60 be 6f 50 df 0b c6 8d b4 6e c6 4e b7 40 b4 69 c1 eb 3f 2b cb cf 4d 4a be>
        },
        description: {
          type: 'generic',
          creditFirst: true,
          storagePhase: [Object],
          creditPhase: [Object],
          computePhase: [Object],
          actionPhase: [Object],
          bouncePhase: undefined,
          aborted: false,
          destroyed: false
        },
        raw: x{7E9F2F0D84B872955EA7531CD76AA1708C7F19E9781FF03939BD35BA547EE163400000000029F63001CA3EB0C3CC22D8944E8F02B56958E05B0272F759559FECCE48F458D6CE826BB0000000001F78A40674A4DC700014603C5A0}
         x{A_}
          x{480173A49878148A4F6041C04B952AC2638BD6A1025222AF84BFAF2C3BE5A07436D5003A7CBC3612E1CA557A9D4C735DAA85C231FC67A5E07FC0E4E6F4D6E951FB858D10BE1E7F1C0608235A0000000004E33882CE949B8E4_}
         x{72A892B1256F0CB8797EBE159BF2ACA21E96D126C222D6EB958A3540294B560E21372F78F8BB07BD60BE6F50DF0BC68DB46EC64EB740B469C1EB3F2BCBCF4D4ABE}
         x{0C090BE1E7F1D8603C5A11_}
          x{4026AC3D090000000000000000000500000000000000000000000000000000000000000000000000000000000000000000000000000000000000000000000000000000000000000000000000000000}
          x{C00000000000000000000000012D452DA449E50B8CF7DD27861F146122AFE1B546BB8B70FC8216F0C614139F8E04_},
        hash: [Function: hash],
        blockchainLogs: '[ 4][t 0][2024-10-30 23:27:03.735000][transaction.cpp:443]\tunpacking account E9F2F0D84B872955EA7531CD76AA1708C7F19E9781FF03939BD35BA547EE1634\n' +
          '[ 4][t 0][2024-10-30 23:27:03.735000][transaction.cpp:274]\tlast_paid=1732922823; cells=6 bits=821 public_cells=0\n' +
          '[ 4][t 0][2024-10-30 23:27:03.735000][transaction.cpp:504]\tend of Account.unpack() for 0:E9F2F0D84B872955EA7531CD76AA1708C7F19E9781FF03939BD35BA547EE1634 (balance = 999998997584476ng ; last_trans_lt = 33000000..33000002)\n' +
          '[ 4][t 0][2024-10-30 23:27:03.736000][transaction.cpp:3655]\tblock random seed set to 0000000000000000000000000000000000000000000000000000000000000000\n' +
          '[ 4][t 0][2024-10-30 23:27:03.736000][transaction.cpp:1236]\tgas limits: max=1000000, limit=1000000, credit=0\n' +
          '[ 4][t 0][2024-10-30 23:27:03.736000][transaction.cpp:1575]\tin_msg_state is null\n' +
          '[ 4][t 0][2024-10-30 23:27:03.736000][transaction.cpp:1645]\tcreating VM\n' +
          '[ 4][t 0][2024-10-30 23:27:03.736000][transaction.cpp:1351]\tSmartContractInfo initialized with [ 124711402 0 0 1732922823 44000000 44000000 60210483465141978598827679003117970236339845468170532052053411751718225576024 [ 999999795001891 (null) ] CS{Cell{0275c00e9f2f0d84b872955ea7531cd76aa1708c7f19e9781ff03939bd35ba547ee163420c80cd433a526e380000000007de2909c0e35f9a41b6971340} bits: 1..268; refs: 0..0} C{A7EC01478F770EF8F8B037CC7E42F0ABF0D85A50E1828C2394DAD1411691F2DE} C{D992502B94EA96E7B34E5D62FFB0C6FC73D78B3E61F11F0848FB3A1EB1AFC912} [ 797417415 (null) ] 0 (null) [ CS{Cell{004dd06600000000000000000000000080000000000000fa00000000000001f4000000000003d09040} bits: 9..305; refs: 0..0} (null) CS{Cell{0094d1000000000000006400000000000f4240de000000002710000000000000000f42400000000002160ec0000000000000271000000000002625a00000000005f5e100000000003b9aca00} bits: 0..592; refs: 0..0} CS{Cell{0094d100000000000000640000000000009c40de000000000190000000000000000f424000000000000f4240000000000000271000000000009896800000000005f5e100000000003b9aca00} bits: 0..592; refs: 0..0} CS{Cell{0042ea000000000098968000000000271000000000000f424000000001800055555555} bits: 0..264; refs: 0..0} CS{Cell{0042ea0000000000061a800000000001900000000000009c4000000001800055555555} bits: 0..264; refs: 0..0} (null) ] 0 (null) ]\n' +
          '[ 4][t 0][2024-10-30 23:27:03.736000][transaction.cpp:1675]\tstarting VM\n' +
          '[ 4][t 0][2024-10-30 23:27:03.736000][transaction.cpp:1680]\tVM terminated with exit code 0\n' +
          '[ 3][t 0][2024-10-30 23:27:03.736000][transaction.cpp:1702]\tsteps: 5 gas: used=309, max=1000000, limit=1000000, credit=0\n' +
          '[ 3][t 0][2024-10-30 23:27:03.736000][transaction.cpp:1704]\tout_of_gas=false, accepted=true, success=true, time=0.000022s\n' +
          '[ 4][t 0][2024-10-30 23:27:03.736000][transaction.cpp:1737]\tgas fees: 123600 = 26214400 * 309 /2^16 ; price=26214400; flat rate=[40000 for 100]; remaining balance=999999794878291ng\n',
        vmLogs: 'execute SETCP 0\n' +
          'execute DICTPUSHCONST 19 (xC_,1)\n' +
          'execute DICTIGETJMPZ\n' +
          'execute DROP\n' +
          'execute implicit RET\n',
        debugLogs: '',
        events: [],
        parent: {
          address: 84049441022908470316622795825605090351520748406577698494615284512509455375210n,
          lt: 41000000n,
          prevTransactionHash: 24305890699497955581468130787511966600687699670457472457985478227196609835022n,
          prevTransactionLt: 37000000n,
          now: 1732922823,
          outMessagesCount: 1,
          oldStatus: 'active',
          endStatus: 'non-existing',
          inMessage: [Object],
          outMessages: [Dictionary],
          totalFees: [Object],
          stateUpdate: [Object],
          description: [Object],
          raw: x{7B9D24C3C0A4527B020E025CA956131C5EB5081291157C25FD7961DF2D03A1B6A0000000002719C4035BCA588CE1DA9009FAFDBDBE1F7F26171D137A595BF4325732782BFFB40300E0000000002349340674A4DC70003666BCAC6}
           x{E_}
            x{4800A4BAF36B13E3AE770F28659A34B2D81F38859E8C08CF776F2BB4B44180438271002E74930F029149EC08380972A5584C717AD4204A4455F097F5E5877CB40E86DA90BCA4015C0656E1D8000000000487AB08CE949B8FE_}
             x{34_}
              x{FF00F4A413F4BCF2C80B}
               x{62_}
                x{D001D0D3030171B0A301FA400120D74981010BBAF2E08820D70B0A208104FFBAF2D0898309BAF2E088545053036F04F86102F862DB3C5512DB3CF2E082}
                 x{ED44D0D401F863D200018E2FD31FFA400120D74981010BBAF2E08820D70B0A208104FFBAF2D0898309BAF2E08801D2000191D4926D01E255206C13E0F828D70B0A8309BAF2E089810101D700FA400120D74981010BBAF2E08820D70B0A208104FFBAF2D0898309BAF2E0881202D101DB3C}
                  x{6D}
                 x{0192307FE07021D749C21F953020D70B1FDE208210AFE93535BA8F5130D31F018210AFE93535BAF2E081D33FFA400120D74981010BBAF2E08820D70B0A208104FFBAF2D0898309BAF2E08801D455206C1332820898968070FB024434DB3C30037083067055206D6D6DDB3C597FE0208210B8A3AA14BAE302}
                  x{F8425220C705F2E084}
                  x{C87101CA01500701CA007001CA02500520D74981010BBAF2E08820D70B0A208104FFBAF2D0898309BAF2E088CF165003FA027001CA68236EB3917F93246EB3E2973333017001CA00E30D216EB39C7F01CA0001206EF2D08001CC95317001CA00E2C901FB00}
                   x{7F01CA00C87001CA007001CA00246EB39D7F01CA0004206EF2D0805004CC9634037001CA00E2246EB39D7F01CA0004206EF2D0805004CC9634037001CA00E27001CA00027F01CA0002C958CC}
                  x{30D31F018210B8A3AA14BAF2E081D33FFA400120D74981010BBAF2E08820D70B0A208104FFBAF2D0898309BAF2E088126C12317020FB025520DB3C03708100A07055206D6D6DDB3C587F}
                   x{F8425220C705F2E084}
                   x{C87101CA01500701CA007001CA02500520D74981010BBAF2E08820D70B0A208104FFBAF2D0898309BAF2E088CF165003FA027001CA68236EB3917F93246EB3E2973333017001CA00E30D216EB39C7F01CA0001206EF2D08001CC95317001CA00E2C901FB00}
                    x{7F01CA00C87001CA007001CA00246EB39D7F01CA0004206EF2D0805004CC9634037001CA00E2246EB39D7F01CA0004206EF2D0805004CC9634037001CA00E27001CA00027F01CA0002C958CC}
                  x{8210E601F8E5BA8ECED31F018210E601F8E5BAF2E081D33F0131820898968070FB02F8416F2410235F037083067F25206EF2D080542580C855208210B687AB175004CB1F12CB3FCB1FCCC9103441301443306D6DDB3C7FE03070}
                   x{C87101CA01500701CA007001CA02500520D74981010BBAF2E08820D70B0A208104FFBAF2D0898309BAF2E088CF165003FA027001CA68236EB3917F93246EB3E2973333017001CA00E30D216EB39C7F01CA0001206EF2D08001CC95317001CA00E2C901FB00}
                    x{7F01CA00C87001CA007001CA00246EB39D7F01CA0004206EF2D0805004CC9634037001CA00E2246EB39D7F01CA0004206EF2D0805004CC9634037001CA00E27001CA00027F01CA0002C958CC}
                 x{C8F84301CC7F01CA0055205023CB1F0120D74981010BBAF2E08820D70B0A208104FFBAF2D0898309BAF2E088CF16216EB3957F01CA00CC947032CA00E2C9ED54}
                x{2_}
                 x{BE28EED9E6D9E3618C_}
                  x{ED44D0D401F863D200018E2FD31FFA400120D74981010BBAF2E08820D70B0A208104FFBAF2D0898309BAF2E08801D2000191D4926D01E255206C13E0F828D70B0A8309BAF2E089810101D700FA400120D74981010BBAF2E08820D70B0A208104FFBAF2D0898309BAF2E0881202D101DB3C}
                   x{6D}
                  x{21}
                 x{2_}
                  x{4}
                   x{B1D8B6CF36CF1B0C6_}
                    x{ED44D0D401F863D200018E2FD31FFA400120D74981010BBAF2E08820D70B0A208104FFBAF2D0898309BAF2E08801D2000191D4926D01E255206C13E0F828D70B0A8309BAF2E089810101D700FA400120D74981010BBAF2E08820D70B0A208104FFBAF2D0898309BAF2E0881202D101DB3C}
                     x{6D}
                    x{20}
                   x{B36436CF36CF1B0C6_}
                    x{ED44D0D401F863D200018E2FD31FFA400120D74981010BBAF2E08820D70B0A208104FFBAF2D0898309BAF2E08801D2000191D4926D01E255206C13E0F828D70B0A8309BAF2E089810101D700FA400120D74981010BBAF2E08820D70B0A208104FFBAF2D0898309BAF2E0881202D101DB3C}
                     x{6D}
                    x{22}
                  x{B82BEED44D0D20001}
              x{0000000000000000000000000000000000000000000000000000000000000000200292EBCDAC4F8EB9DC3CA19668D2CB607CE2167A30233DDDBCAED2D106010E09C4_}
               x{C_}
                x{A0838F_}
                 x{FF00F4A413F4BCF2C80B}
                  x{62_}
                   x{D001D0D3030171B0A301FA400120D74981010BBAF2E08820D70B0A208104FFBAF2D0898309BAF2E088545053036F04F86102F862DB3C5512DB3CF2E082}
                    x{ED44D0D401F863D200018E2FD31FFA400120D74981010BBAF2E08820D70B0A208104FFBAF2D0898309BAF2E08801D2000191D4926D01E255206C13E0F828D70B0A8309BAF2E089810101D700FA400120D74981010BBAF2E08820D70B0A208104FFBAF2D0898309BAF2E0881202D101DB3C}
                     x{6D}
                    x{0192307FE07021D749C21F953020D70B1FDE208210AFE93535BA8F5130D31F018210AFE93535BAF2E081D33FFA400120D74981010BBAF2E08820D70B0A208104FFBAF2D0898309BAF2E08801D455206C1332820898968070FB024434DB3C30037083067055206D6D6DDB3C597FE0208210B8A3AA14BAE302}
                     x{F8425220C705F2E084}
                     x{C87101CA01500701CA007001CA02500520D74981010BBAF2E08820D70B0A208104FFBAF2D0898309BAF2E088CF165003FA027001CA68236EB3917F93246EB3E2973333017001CA00E30D216EB39C7F01CA0001206EF2D08001CC95317001CA00E2C901FB00}
                      x{7F01CA00C87001CA007001CA00246EB39D7F01CA0004206EF2D0805004CC9634037001CA00E2246EB39D7F01CA0004206EF2D0805004CC9634037001CA00E27001CA00027F01CA0002C958CC}
                     x{30D31F018210B8A3AA14BAF2E081D33FFA400120D74981010BBAF2E08820D70B0A208104FFBAF2D0898309BAF2E088126C12317020FB025520DB3C03708100A07055206D6D6DDB3C587F}
                      x{F8425220C705F2E084}
                      x{C87101CA01500701CA007001CA02500520D74981010BBAF2E08820D70B0A208104FFBAF2D0898309BAF2E088CF165003FA027001CA68236EB3917F93246EB3E2973333017001CA00E30D216EB39C7F01CA0001206EF2D08001CC95317001CA00E2C901FB00}
                       x{7F01CA00C87001CA007001CA00246EB39D7F01CA0004206EF2D0805004CC9634037001CA00E2246EB39D7F01CA0004206EF2D0805004CC9634037001CA00E27001CA00027F01CA0002C958CC}
                     x{8210E601F8E5BA8ECED31F018210E601F8E5BAF2E081D33F0131820898968070FB02F8416F2410235F037083067F25206EF2D080542580C855208210B687AB175004CB1F12CB3FCB1FCCC9103441301443306D6DDB3C7FE03070}
                      x{C87101CA01500701CA007001CA02500520D74981010BBAF2E08820D70B0A208104FFBAF2D0898309BAF2E088CF165003FA027001CA68236EB3917F93246EB3E2973333017001CA00E30D216EB39C7F01CA0001206EF2D08001CC95317001CA00E2C901FB00}
                       x{7F01CA00C87001CA007001CA00246EB39D7F01CA0004206EF2D0805004CC9634037001CA00E2246EB39D7F01CA0004206EF2D0805004CC9634037001CA00E27001CA00027F01CA0002C958CC}
                    x{C8F84301CC7F01CA0055205023CB1F0120D74981010BBAF2E08820D70B0A208104FFBAF2D0898309BAF2E088CF16216EB3957F01CA00CC947032CA00E2C9ED54}
                   x{2_}
                    x{BE28EED9E6D9E3618C_}
                     x{ED44D0D401F863D200018E2FD31FFA400120D74981010BBAF2E08820D70B0A208104FFBAF2D0898309BAF2E08801D2000191D4926D01E255206C13E0F828D70B0A8309BAF2E089810101D700FA400120D74981010BBAF2E08820D70B0A208104FFBAF2D0898309BAF2E0881202D101DB3C}
                      x{6D}
                     x{21}
                    x{2_}
                     x{4}
                      x{B1D8B6CF36CF1B0C6_}
                       x{ED44D0D401F863D200018E2FD31FFA400120D74981010BBAF2E08820D70B0A208104FFBAF2D0898309BAF2E08801D2000191D4926D01E255206C13E0F828D70B0A8309BAF2E089810101D700FA400120D74981010BBAF2E08820D70B0A208104FFBAF2D0898309BAF2E0881202D101DB3C}
                        x{6D}
                       x{20}
                      x{B36436CF36CF1B0C6_}
                       x{ED44D0D401F863D200018E2FD31FFA400120D74981010BBAF2E08820D70B0A208104FFBAF2D0898309BAF2E08801D2000191D4926D01E255206C13E0F828D70B0A8309BAF2E089810101D700FA400120D74981010BBAF2E08820D70B0A208104FFBAF2D0898309BAF2E0881202D101DB3C}
                        x{6D}
                       x{22}
                     x{B82BEED44D0D20001}
             x{B8A3AA140000000000000000801D3E5E1B0970E52ABD4EA639AED542E118FE33D2F03FE072737A6B74A8FDC2C69_}
            x{DF_}
             x{480173A49878148A4F6041C04B952AC2638BD6A1025222AF84BFAF2C3BE5A07436D5003A7CBC3612E1CA557A9D4C735DAA85C231FC67A5E07FC0E4E6F4D6E951FB858D10BE1E7F1C0608235A0000000004E33882CE949B8E4_}
           x{720D3F1672313C5B33366E09964B7C24978DB47079E8637027D0D70816C9AA164390AEC8965AFABB16EBC3CB9B408EBAE71B618D78788BC80D09843593CAC98DA4}
           x{0C090BCA4015D8667B9213_}
            x{44262C3D09000000000000000000FA00000000000000000000000000000000000000000000000000000000000000000000000000000000000000000000000000000000000000000000000000000000}
            x{DCC186A0260411A6000000000002000100000001F01808E7C65384854FD0A4F77793F95695733B675EB306C4FAC3CFF546A3D22720280B06_},
          hash: [Function: hash],
          blockchainLogs: '[ 4][t 0][2024-10-30 23:27:03.723000][transaction.cpp:443]\tunpacking account B9D24C3C0A4527B020E025CA956131C5EB5081291157C25FD7961DF2D03A1B6A\n' +
            '[ 4][t 0][2024-10-30 23:27:03.723000][transaction.cpp:274]\tlast_paid=1732922823; cells=28 bits=7131 public_cells=0\n' +
            '[ 4][t 0][2024-10-30 23:27:03.723000][transaction.cpp:504]\tend of Account.unpack() for 0:B9D24C3C0A4527B020E025CA956131C5EB5081291157C25FD7961DF2D03A1B6A (balance = 10000000ng ; last_trans_lt = 37000000..37000002)\n' +
            '[ 4][t 0][2024-10-30 23:27:03.723000][transaction.cpp:3655]\tblock random seed set to 0000000000000000000000000000000000000000000000000000000000000000\n' +
            '[ 4][t 0][2024-10-30 23:27:03.723000][transaction.cpp:1236]\tgas limits: max=1000000, limit=1000000, credit=0\n' +
            '[ 4][t 0][2024-10-30 23:27:03.723000][transaction.cpp:1571]\tHASH(in_msg_state) = B9D24C3C0A4527B020E025CA956131C5EB5081291157C25FD7961DF2D03A1B6A, account_state_hash = 0000000000000000000000000000000000000000000000000000000000000000\n' +
            '[ 4][t 0][2024-10-30 23:27:03.723000][transaction.cpp:1645]\tcreating VM\n' +
            '[ 4][t 0][2024-10-30 23:27:03.723000][transaction.cpp:1351]\tSmartContractInfo initialized with [ 124711402 0 0 1732922823 41000000 41000000 84630195367514639409622924175749312199831056191303332875639359062248049886761 [ 801216215 (null) ] CS{Cell{026dc00b9d24c3c0a4527b020e025ca956131c5eb5081291157c25fd7961df2d03a1b6a23886f6c33a526e380000000008d24d08e625a01340} bits: 1..268; refs: 0..0} C{A7EC01478F770EF8F8B037CC7E42F0ABF0D85A50E1828C2394DAD1411691F2DE} C{F2179DCD5CFD8A1E113288591FFB7A5E10E107D0D2C36DF69E40398023DAA7B1} [ 791216215 (null) ] 0 (null) [ CS{Cell{004dd06600000000000000000000000080000000000000fa00000000000001f4000000000003d09040} bits: 9..305; refs: 0..0} (null) CS{Cell{0094d1000000000000006400000000000f4240de000000002710000000000000000f42400000000002160ec0000000000000271000000000002625a00000000005f5e100000000003b9aca00} bits: 0..592; refs: 0..0} CS{Cell{0094d100000000000000640000000000009c40de000000000190000000000000000f424000000000000f4240000000000000271000000000009896800000000005f5e100000000003b9aca00} bits: 0..592; refs: 0..0} CS{Cell{0042ea000000000098968000000000271000000000000f424000000001800055555555} bits: 0..264; refs: 0..0} CS{Cell{0042ea0000000000061a800000000001900000000000009c4000000001800055555555} bits: 0..264; refs: 0..0} (null) ] 0 (null) ]\n' +
            '[ 4][t 0][2024-10-30 23:27:03.723000][transaction.cpp:1675]\tstarting VM\n' +
            '[ 4][t 0][2024-10-30 23:27:03.724000][transaction.cpp:1680]\tVM terminated with exit code 0\n' +
            '[ 3][t 0][2024-10-30 23:27:03.724000][transaction.cpp:1702]\tsteps: 250 gas: used=8497, max=1000000, limit=1000000, credit=0\n' +
            '[ 3][t 0][2024-10-30 23:27:03.724000][transaction.cpp:1704]\tout_of_gas=false, accepted=true, success=true, time=0.000420s\n' +
            '[ 4][t 0][2024-10-30 23:27:03.724000][transaction.cpp:1737]\tgas fees: 3398800 = 26214400 * 8497 /2^16 ; price=26214400; flat rate=[40000 for 100]; remaining balance=797817415ng\n' +
            '[ 3][t 0][2024-10-30 23:27:03.724000][transaction.cpp:2678]\tin try_action_reserve_currency(0)\n' +
            '[ 4][t 0][2024-10-30 23:27:03.724000][transaction.cpp:2684]\taction_reserve_currency: mode=0, reserve=0ng, balance=797817415ng, original balance=10000000ng\n' +
            '[ 3][t 0][2024-10-30 23:27:03.724000][transaction.cpp:2729]\tchanged remaining balance to 797817415ng, reserved balance to 0ng\n' +
            '[ 4][t 0][2024-10-30 23:27:03.724000][transaction.cpp:2448]\tstorage paid for a message: 0 cells, 0 bits\n' +
            '[ 4][t 0][2024-10-30 23:27:03.724000][transaction.cpp:2452]\tcomputed fwd fees = 400000 + 0\n',
          vmLogs: 'ecute STSLICER\n' +
            'execute OVER\n' +
            'execute ISNULL\n' +
            'execute NOT\n' +
            'execute PUSHCONT x7F01CA00CC\n' +
            'execute PUSHCONT x7032CA00\n' +
            'execute IFELSE\n' +
            'execute PUSHINT -1\n' +
            'execute SWAP\n' +
            'execute STI 1\n' +
            'execute STREF\n' +
            'execute implicit RET\n' +
            'execute ENDC\n' +
            'execute POP c4\n' +
            'execute implicit RET\n',
          debugLogs: '',
          events: [Array],
          parent: [Object],
          children: [Array],
          externals: []
        },
        children: [],
        externals: []
      },
      {
        address: 58472766802306075836644181314469769209867032629105944563722669090714916911778n,
        lt: 45000000n,
        prevTransactionHash: 104668364404938538281153719994408495156524210148459000224072486715275436520877n,
        prevTransactionLt: 26000000n,
        now: 1732922823,
        outMessagesCount: 0,
        oldStatus: 'active',
        endStatus: 'active',
        inMessage: { info: [Object], init: null, body: x{} },
        outMessages: Dictionary { _key: [Object], _value: [Object], _map: Map(0) {} },
        totalFees: { coins: 274724n },
        stateUpdate: {
          oldHash: <Buffer 8a be 17 73 9c 2d 5a d0 65 41 f5 7f 3c 28 77 d9 27 d1 1a fa eb 93 e1 95 e0 8b 39 e2 59 b5 cd a0>,
          newHash: <Buffer f8 ac ea 68 a9 eb 6b 0e ce 50 66 85 fc ed 5e 86 d3 89 df 73 20 28 37 1b 9b 08 9d 13 4b 8a dd 7b>
        },
        description: {
          type: 'generic',
          creditFirst: false,
          storagePhase: [Object],
          creditPhase: [Object],
          computePhase: [Object],
          actionPhase: [Object],
          bouncePhase: undefined,
          aborted: false,
          destroyed: false
        },
        raw: x{7814669C6B54FD8B2DD8E93AAA6E5DE45BD032703F7A61C194AB414089B0A7AA20000000002AEA540E76831E254F7A7329E878D2B5D9BBCAE5EDDEEAC032B652068BBE635B34675AD00000000018CBA80674A4DC7000146086248}
         x{A_}
          x{6800A4BAF36B13E3AE770F28659A34B2D81F38859E8C08CF776F2BB4B441804382710020519A71AD53F62CB763A4EAA9B977916F40C9C0FDE9870652AD050226C29EA8905705D5000608235A000000000501BD02CE949B8E4_}
         x{728ABE17739C2D5AD06541F57F3C2877D927D11AFAEB93E195E08B39E259B5CDA0F8ACEA68A9EB6B0ECE506685FCED5E86D389DF732028371B9B089D134B8ADD7B}
         x{04C093950905705D5018603C5A11_}
          x{4026AC37B1D000000000000000000500000000000000000000000000000000000000000000000000000000000000000000000000000000000000000000000000000000000000000000000000000000}
          x{C00000000000000000000000012D452DA449E50B8CF7DD27861F146122AFE1B546BB8B70FC8216F0C614139F8E04_},
        hash: [Function: hash],
        blockchainLogs: '[ 4][t 0][2024-10-30 23:27:03.737000][transaction.cpp:443]\tunpacking account 814669C6B54FD8B2DD8E93AAA6E5DE45BD032703F7A61C194AB414089B0A7AA2\n' +
          '[ 4][t 0][2024-10-30 23:27:03.737000][transaction.cpp:274]\tlast_paid=1730330823; cells=6 bits=821 public_cells=0\n' +
          '[ 4][t 0][2024-10-30 23:27:03.737000][transaction.cpp:504]\tend of Account.unpack() for 0:814669C6B54FD8B2DD8E93AAA6E5DE45BD032703F7A61C194AB414089B0A7AA2 (balance = 999999589244000ng ; last_trans_lt = 26000000..26000001)\n' +
          '[ 4][t 0][2024-10-30 23:27:03.737000][transaction.cpp:3655]\tblock random seed set to 0000000000000000000000000000000000000000000000000000000000000000\n' +
          '[ 4][t 0][2024-10-30 23:27:03.737000][transaction.cpp:1236]\tgas limits: max=1000000, limit=912500, credit=0\n' +
          '[ 4][t 0][2024-10-30 23:27:03.737000][transaction.cpp:1575]\tin_msg_state is null\n' +
          '[ 4][t 0][2024-10-30 23:27:03.737000][transaction.cpp:1645]\tcreating VM\n' +
          '[ 4][t 0][2024-10-30 23:27:03.737000][transaction.cpp:1351]\tSmartContractInfo initialized with [ 124711402 0 0 1732922823 45000000 45000000 115447700146533501994236152434741364412838807905984067774762833459387322310298 [ 999999954092876 (null) ] CS{Cell{0275c00814669c6b54fd8b2dd8e93aaa6e5de45bd032703f7a61c194ab414089b0a7aa220c80cd4339160638000000000632ea05c0e35fa312b7181340} bits: 1..268; refs: 0..0} C{A7EC01478F770EF8F8B037CC7E42F0ABF0D85A50E1828C2394DAD1411691F2DE} C{D992502B94EA96E7B34E5D62FFB0C6FC73D78B3E61F11F0848FB3A1EB1AFC912} [ 365000000 (null) ] 151124 (null) [ CS{Cell{004dd06600000000000000000000000080000000000000fa00000000000001f4000000000003d09040} bits: 9..305; refs: 0..0} (null) CS{Cell{0094d1000000000000006400000000000f4240de000000002710000000000000000f42400000000002160ec0000000000000271000000000002625a00000000005f5e100000000003b9aca00} bits: 0..592; refs: 0..0} CS{Cell{0094d100000000000000640000000000009c40de000000000190000000000000000f424000000000000f4240000000000000271000000000009896800000000005f5e100000000003b9aca00} bits: 0..592; refs: 0..0} CS{Cell{0042ea000000000098968000000000271000000000000f424000000001800055555555} bits: 0..264; refs: 0..0} CS{Cell{0042ea0000000000061a800000000001900000000000009c4000000001800055555555} bits: 0..264; refs: 0..0} (null) ] 0 (null) ]\n' +
          '[ 4][t 0][2024-10-30 23:27:03.738000][transaction.cpp:1675]\tstarting VM\n' +
          '[ 4][t 0][2024-10-30 23:27:03.738000][transaction.cpp:1680]\tVM terminated with exit code 0\n' +
          '[ 3][t 0][2024-10-30 23:27:03.738000][transaction.cpp:1702]\tsteps: 5 gas: used=309, max=1000000, limit=912500, credit=0\n' +
          '[ 3][t 0][2024-10-30 23:27:03.738000][transaction.cpp:1704]\tout_of_gas=false, accepted=true, success=true, time=0.000021s\n' +
          '[ 4][t 0][2024-10-30 23:27:03.738000][transaction.cpp:1737]\tgas fees: 123600 = 26214400 * 309 /2^16 ; price=26214400; flat rate=[40000 for 100]; remaining balance=999999953969276ng\n',
        vmLogs: 'execute SETCP 0\n' +
          'execute DICTPUSHCONST 19 (xC_,1)\n' +
          'execute DICTIGETJMPZ\n' +
          'execute DROP\n' +
          'execute implicit RET\n',
        debugLogs: '',
        events: [],
        parent: {
          address: 37254810366437813475271750514734067285117962570475561289538093995582013161784n,
          lt: 42000000n,
          prevTransactionHash: 60010606728118796862248116638271646224047947022315993245887157570133503061897n,
          prevTransactionLt: 38000000n,
          now: 1732922823,
          outMessagesCount: 2,
          oldStatus: 'active',
          endStatus: 'active',
          inMessage: [Object],
          outMessages: [Dictionary],
          totalFees: [Object],
          stateUpdate: [Object],
          description: [Object],
          raw: x{7525D79B589F1D73B879432CD1A596C0F9C42CF460467BBB795DA5A20C021C138000000000280DE8084ACCCBBD3003577884902EAD977BD5E9818646005611A7465FBA8C91E452F89000000000243D580674A4DC7000547598D6C}
           x{E_}
            x{6800F99E4F01C1A7C3616D00B3681096094D190E846AE8B8DA0403AC5E7A4431E26D0014975E6D627C75CEE1E50CB346965B03E710B3D18119EEEDE57696883008704E101119EF88060DFF5E0000000004A62F82CE949B8EC_}
             x{2A004A0500000000000000000000000000000000000000000000000000000000000000000000000000000000C00814669C6B54FD8B2DD8E93AAA6E5DE45BD032703F7A61C194AB414089B0A7AA2}
            x{DD_}
             x{2_}
              x{6800A4BAF36B13E3AE770F28659A34B2D81F38859E8C08CF776F2BB4B441804382710020519A71AD53F62CB763A4EAA9B977916F40C9C0FDE9870652AD050226C29EA8905705D5000608235A000000000501BD02CE949B8E4_}
             x{2_}
              x{6800A4BAF36B13E3AE770F28659A34B2D81F38859E8C08CF776F2BB4B44180438271003A7CBC3612E1CA557A9D4C735DAA85C231FC67A5E07FC0E4E6F4D6E951FB858D100E4647480608235A000000000501BD04CE949B8E4_}
           x{72AB6DF596196A7C7DC76048229D387B763821C24B23E1A94088F2E39E9E8DA812EA58F226C8B177B0114A0226A3F42C47ECBEC53959374E4EF03B2670843E54BA}
           x{040901119EF8987516A211_}
            x{4D7F2C0AF1E00000000000000002E500000000000000000000000000000000000000000000000000000000000000000000000000000000000000000000000000000000000000000000000000000000}
            x{C9861A804C1046980000000000060002000000051EE39397CA7E161E7312D0BE075F76ECDD1EF48BB482F0A9A591CF35B6EB9E9640902C14_},
          hash: [Function: hash],
          blockchainLogs: '[ 4][t 0][2024-10-30 23:27:03.727000][transaction.cpp:443]\tunpacking account 525D79B589F1D73B879432CD1A596C0F9C42CF460467BBB795DA5A20C021C138\n' +
            '[ 4][t 0][2024-10-30 23:27:03.727000][transaction.cpp:274]\tlast_paid=1732922823; cells=234 bits=84033 public_cells=0\n' +
            '[ 4][t 0][2024-10-30 23:27:03.727000][transaction.cpp:504]\tend of Account.unpack() for 0:525D79B589F1D73B879432CD1A596C0F9C42CF460467BBB795DA5A20C021C138 (balance = 850000000ng ; last_trans_lt = 38000000..38000005)\n' +
            '[ 4][t 0][2024-10-30 23:27:03.727000][transaction.cpp:3655]\tblock random seed set to 0000000000000000000000000000000000000000000000000000000000000000\n' +
            '[ 4][t 0][2024-10-30 23:27:03.727000][transaction.cpp:1236]\tgas limits: max=1000000, limit=179320, credit=0\n' +
            '[ 4][t 0][2024-10-30 23:27:03.727000][transaction.cpp:1575]\tin_msg_state is null\n' +
            '[ 4][t 0][2024-10-30 23:27:03.727000][transaction.cpp:1645]\tcreating VM\n' +
            '[ 4][t 0][2024-10-30 23:27:03.727000][transaction.cpp:1351]\tSmartContractInfo initialized with [ 124711402 0 0 1732922823 42000000 42000000 14068792954309835536948273256715513127174070948738620016199408580766834334284 [ 921728098 (null) ] CS{Cell{0271c00525d79b589f1d73b879432cd1a596c0f9c42cf460467bbb795da5a20c021c1383d4c05210433a526e3800000000090f56150caa7e201340} bits: 1..268; refs: 0..0} C{A7EC01478F770EF8F8B037CC7E42F0ABF0D85A50E1828C2394DAD1411691F2DE} C{42B6F0E46484EFC57B9508F6BA7EF42E7512023D5CB4ED5628DD1C7755D16E9D} [ 71728098 (null) ] 0 (null) [ CS{Cell{004dd06600000000000000000000000080000000000000fa00000000000001f4000000000003d09040} bits: 9..305; refs: 0..0} (null) CS{Cell{0094d1000000000000006400000000000f4240de000000002710000000000000000f42400000000002160ec0000000000000271000000000002625a00000000005f5e100000000003b9aca00} bits: 0..592; refs: 0..0} CS{Cell{0094d100000000000000640000000000009c40de000000000190000000000000000f424000000000000f4240000000000000271000000000009896800000000005f5e100000000003b9aca00} bits: 0..592; refs: 0..0} CS{Cell{0042ea000000000098968000000000271000000000000f424000000001800055555555} bits: 0..264; refs: 0..0} CS{Cell{0042ea0000000000061a800000000001900000000000009c4000000001800055555555} bits: 0..264; refs: 0..0} (null) ] 0 (null) ]\n' +
            '[ 4][t 0][2024-10-30 23:27:03.727000][transaction.cpp:1675]\tstarting VM\n' +
            '[ 4][t 0][2024-10-30 23:27:03.728000][transaction.cpp:1680]\tVM terminated with exit code 0\n' +
            '[ 3][t 0][2024-10-30 23:27:03.728000][transaction.cpp:1702]\tsteps: 741 gas: used=27641, max=1000000, limit=179320, credit=0\n' +
            '[ 3][t 0][2024-10-30 23:27:03.728000][transaction.cpp:1704]\tout_of_gas=false, accepted=true, success=true, time=0.000799s\n' +
            '[ 4][t 0][2024-10-30 23:27:03.728000][transaction.cpp:1737]\tgas fees: 11056400 = 26214400 * 27641 /2^16 ; price=26214400; flat rate=[40000 for 100]; remaining balance=910671698ng\n' +
            '[ 3][t 0][2024-10-30 23:27:03.728000][transaction.cpp:2678]\tin try_action_reserve_currency(0)\n' +
            '[ 4][t 0][2024-10-30 23:27:03.728000][transaction.cpp:2684]\taction_reserve_currency: mode=0, reserve=485000000ng, balance=910671698ng, original balance=850000000ng\n' +
            '[ 3][t 0][2024-10-30 23:27:03.728000][transaction.cpp:2729]\tchanged remaining balance to 425671698ng, reserved balance to 485000000ng\n' +
            '[ 4][t 0][2024-10-30 23:27:03.728000][transaction.cpp:2448]\tstorage paid for a message: 0 cells, 0 bits\n' +
            '[ 4][t 0][2024-10-30 23:27:03.728000][transaction.cpp:2452]\tcomputed fwd fees = 400000 + 0\n' +
            '[ 4][t 0][2024-10-30 23:27:03.728000][transaction.cpp:2448]\tstorage paid for a message: 0 cells, 0 bits\n' +
            '[ 4][t 0][2024-10-30 23:27:03.728000][transaction.cpp:2452]\tcomputed fwd fees = 400000 + 0\n',
          vmLogs: 'xecute EQUAL\n' +
            'execute THROWIF 137\n' +
            'execute PUSHPOW2 10\n' +
            'execute EQUAL\n' +
            'execute THROWIFNOT 136\n' +
            'execute STSLICER\n' +
            'execute ENDC\n' +
            'execute ROT\n' +
            'execute STREF\n' +
            'execute ENDC\n' +
            'execute SWAP\n' +
            'execute STREF\n' +
            'execute implicit RET\n' +
            'execute ENDC\n' +
            'execute POP c4\n' +
            'execute implicit RET\n',
          debugLogs: '',
          events: [Array],
          parent: [Object],
          children: [Array],
          externals: []
        },
        children: [],
        externals: []
      },
      {
        address: 105818132960003171416304597453717637701794574747475969910003481004036112389684n,
        lt: 46000000n,
        prevTransactionHash: 41872166401094746762189176329882366094499972309960745835486591169159517337618n,
        prevTransactionLt: 44000000n,
        now: 1732922823,
        outMessagesCount: 0,
        oldStatus: 'active',
        endStatus: 'active',
        inMessage: { info: [Object], init: null, body: x{} },
        outMessages: Dictionary { _key: [Object], _value: [Object], _map: Map(0) {} },
        totalFees: { coins: 123600n },
        stateUpdate: {
          oldHash: <Buffer 37 2f 78 f8 bb 07 bd 60 be 6f 50 df 0b c6 8d b4 6e c6 4e b7 40 b4 69 c1 eb 3f 2b cb cf 4d 4a be>,
          newHash: <Buffer ea 0a 48 05 f7 2b 19 d3 8e b3 0f 41 7d 59 4b aa dd dd 56 dc 54 a2 22 7d 72 78 da d2 6e 83 b5 a1>
        },
        description: {
          type: 'generic',
          creditFirst: false,
          storagePhase: [Object],
          creditPhase: [Object],
          computePhase: [Object],
          actionPhase: [Object],
          bouncePhase: undefined,
          aborted: false,
          destroyed: false
        },
        raw: x{7E9F2F0D84B872955EA7531CD76AA1708C7F19E9781FF03939BD35BA547EE16340000000002BDE7805C92CE6B93528ABF8A1768761F1BD3DB9A418E1B9368370B2F5207839FEA781200000000029F6300674A4DC700014603C5A0}
         x{A_}
          x{6800A4BAF36B13E3AE770F28659A34B2D81F38859E8C08CF776F2BB4B44180438271003A7CBC3612E1CA557A9D4C735DAA85C231FC67A5E07FC0E4E6F4D6E951FB858D100E4647480608235A000000000501BD04CE949B8E4_}
         x{72372F78F8BB07BD60BE6F50DF0BC68DB46EC64EB740B469C1EB3F2BCBCF4D4ABEEA0A4805F72B19D38EB30F417D594BAADDDD56DC54A2227D7278DAD26E83B5A1}
         x{040900E4647498603C5A11_}
          x{4026AC0922BC00000000000000000500000000000000000000000000000000000000000000000000000000000000000000000000000000000000000000000000000000000000000000000000000000}
          x{C00000000000000000000000012D452DA449E50B8CF7DD27861F146122AFE1B546BB8B70FC8216F0C614139F8E04_},
        hash: [Function: hash],
        blockchainLogs: '[ 4][t 0][2024-10-30 23:27:03.739000][transaction.cpp:443]\tunpacking account E9F2F0D84B872955EA7531CD76AA1708C7F19E9781FF03939BD35BA547EE1634\n' +
          '[ 4][t 0][2024-10-30 23:27:03.739000][transaction.cpp:274]\tlast_paid=1732922823; cells=6 bits=821 public_cells=0\n' +
          '[ 4][t 0][2024-10-30 23:27:03.739000][transaction.cpp:504]\tend of Account.unpack() for 0:E9F2F0D84B872955EA7531CD76AA1708C7F19E9781FF03939BD35BA547EE1634 (balance = 999999794878291ng ; last_trans_lt = 44000000..44000001)\n' +
          '[ 4][t 0][2024-10-30 23:27:03.739000][transaction.cpp:3655]\tblock random seed set to 0000000000000000000000000000000000000000000000000000000000000000\n' +
          '[ 4][t 0][2024-10-30 23:27:03.739000][transaction.cpp:1236]\tgas limits: max=1000000, limit=149679, credit=0\n' +
          '[ 4][t 0][2024-10-30 23:27:03.739000][transaction.cpp:1575]\tin_msg_state is null\n' +
          '[ 4][t 0][2024-10-30 23:27:03.739000][transaction.cpp:1645]\tcreating VM\n' +
          '[ 4][t 0][2024-10-30 23:27:03.739000][transaction.cpp:1351]\tSmartContractInfo initialized with [ 124711402 0 0 1732922823 46000000 46000000 60210483465141978598827679003117970236339845468170532052053411751718225576024 [ 999999854749989 (null) ] CS{Cell{0275c00e9f2f0d84b872955ea7531cd76aa1708c7f19e9781ff03939bd35ba547ee163420c80cd433a526e38000000000a7d8c05c0e35fa62325d4d340} bits: 1..268; refs: 0..0} C{A7EC01478F770EF8F8B037CC7E42F0ABF0D85A50E1828C2394DAD1411691F2DE} C{D992502B94EA96E7B34E5D62FFB0C6FC73D78B3E61F11F0848FB3A1EB1AFC912} [ 59871698 (null) ] 0 (null) [ CS{Cell{004dd06600000000000000000000000080000000000000fa00000000000001f4000000000003d09040} bits: 9..305; refs: 0..0} (null) CS{Cell{0094d1000000000000006400000000000f4240de000000002710000000000000000f42400000000002160ec0000000000000271000000000002625a00000000005f5e100000000003b9aca00} bits: 0..592; refs: 0..0} CS{Cell{0094d100000000000000640000000000009c40de000000000190000000000000000f424000000000000f4240000000000000271000000000009896800000000005f5e100000000003b9aca00} bits: 0..592; refs: 0..0} CS{Cell{0042ea000000000098968000000000271000000000000f424000000001800055555555} bits: 0..264; refs: 0..0} CS{Cell{0042ea0000000000061a800000000001900000000000009c4000000001800055555555} bits: 0..264; refs: 0..0} (null) ] 0 (null) ]\n' +
          '[ 4][t 0][2024-10-30 23:27:03.739000][transaction.cpp:1675]\tstarting VM\n' +
          '[ 4][t 0][2024-10-30 23:27:03.739000][transaction.cpp:1680]\tVM terminated with exit code 0\n' +
          '[ 3][t 0][2024-10-30 23:27:03.739000][transaction.cpp:1702]\tsteps: 5 gas: used=309, max=1000000, limit=149679, credit=0\n' +
          '[ 3][t 0][2024-10-30 23:27:03.739000][transaction.cpp:1704]\tout_of_gas=false, accepted=true, success=true, time=0.000018s\n' +
          '[ 4][t 0][2024-10-30 23:27:03.739000][transaction.cpp:1737]\tgas fees: 123600 = 26214400 * 309 /2^16 ; price=26214400; flat rate=[40000 for 100]; remaining balance=999999854626389ng\n',
        vmLogs: 'execute SETCP 0\n' +
          'execute DICTPUSHCONST 19 (xC_,1)\n' +
          'execute DICTIGETJMPZ\n' +
          'execute DROP\n' +
          'execute implicit RET\n',
        debugLogs: '',
        events: [],
        parent: {
          address: 37254810366437813475271750514734067285117962570475561289538093995582013161784n,
          lt: 42000000n,
          prevTransactionHash: 60010606728118796862248116638271646224047947022315993245887157570133503061897n,
          prevTransactionLt: 38000000n,
          now: 1732922823,
          outMessagesCount: 2,
          oldStatus: 'active',
          endStatus: 'active',
          inMessage: [Object],
          outMessages: [Dictionary],
          totalFees: [Object],
          stateUpdate: [Object],
          description: [Object],
          raw: x{7525D79B589F1D73B879432CD1A596C0F9C42CF460467BBB795DA5A20C021C138000000000280DE8084ACCCBBD3003577884902EAD977BD5E9818646005611A7465FBA8C91E452F89000000000243D580674A4DC7000547598D6C}
           x{E_}
            x{6800F99E4F01C1A7C3616D00B3681096094D190E846AE8B8DA0403AC5E7A4431E26D0014975E6D627C75CEE1E50CB346965B03E710B3D18119EEEDE57696883008704E101119EF88060DFF5E0000000004A62F82CE949B8EC_}
             x{2A004A0500000000000000000000000000000000000000000000000000000000000000000000000000000000C00814669C6B54FD8B2DD8E93AAA6E5DE45BD032703F7A61C194AB414089B0A7AA2}
            x{DD_}
             x{2_}
              x{6800A4BAF36B13E3AE770F28659A34B2D81F38859E8C08CF776F2BB4B441804382710020519A71AD53F62CB763A4EAA9B977916F40C9C0FDE9870652AD050226C29EA8905705D5000608235A000000000501BD02CE949B8E4_}
             x{2_}
              x{6800A4BAF36B13E3AE770F28659A34B2D81F38859E8C08CF776F2BB4B44180438271003A7CBC3612E1CA557A9D4C735DAA85C231FC67A5E07FC0E4E6F4D6E951FB858D100E4647480608235A000000000501BD04CE949B8E4_}
           x{72AB6DF596196A7C7DC76048229D387B763821C24B23E1A94088F2E39E9E8DA812EA58F226C8B177B0114A0226A3F42C47ECBEC53959374E4EF03B2670843E54BA}
           x{040901119EF8987516A211_}
            x{4D7F2C0AF1E00000000000000002E500000000000000000000000000000000000000000000000000000000000000000000000000000000000000000000000000000000000000000000000000000000}
            x{C9861A804C1046980000000000060002000000051EE39397CA7E161E7312D0BE075F76ECDD1EF48BB482F0A9A591CF35B6EB9E9640902C14_},
          hash: [Function: hash],
          blockchainLogs: '[ 4][t 0][2024-10-30 23:27:03.727000][transaction.cpp:443]\tunpacking account 525D79B589F1D73B879432CD1A596C0F9C42CF460467BBB795DA5A20C021C138\n' +
            '[ 4][t 0][2024-10-30 23:27:03.727000][transaction.cpp:274]\tlast_paid=1732922823; cells=234 bits=84033 public_cells=0\n' +
            '[ 4][t 0][2024-10-30 23:27:03.727000][transaction.cpp:504]\tend of Account.unpack() for 0:525D79B589F1D73B879432CD1A596C0F9C42CF460467BBB795DA5A20C021C138 (balance = 850000000ng ; last_trans_lt = 38000000..38000005)\n' +
            '[ 4][t 0][2024-10-30 23:27:03.727000][transaction.cpp:3655]\tblock random seed set to 0000000000000000000000000000000000000000000000000000000000000000\n' +
            '[ 4][t 0][2024-10-30 23:27:03.727000][transaction.cpp:1236]\tgas limits: max=1000000, limit=179320, credit=0\n' +
            '[ 4][t 0][2024-10-30 23:27:03.727000][transaction.cpp:1575]\tin_msg_state is null\n' +
            '[ 4][t 0][2024-10-30 23:27:03.727000][transaction.cpp:1645]\tcreating VM\n' +
            '[ 4][t 0][2024-10-30 23:27:03.727000][transaction.cpp:1351]\tSmartContractInfo initialized with [ 124711402 0 0 1732922823 42000000 42000000 14068792954309835536948273256715513127174070948738620016199408580766834334284 [ 921728098 (null) ] CS{Cell{0271c00525d79b589f1d73b879432cd1a596c0f9c42cf460467bbb795da5a20c021c1383d4c05210433a526e3800000000090f56150caa7e201340} bits: 1..268; refs: 0..0} C{A7EC01478F770EF8F8B037CC7E42F0ABF0D85A50E1828C2394DAD1411691F2DE} C{42B6F0E46484EFC57B9508F6BA7EF42E7512023D5CB4ED5628DD1C7755D16E9D} [ 71728098 (null) ] 0 (null) [ CS{Cell{004dd06600000000000000000000000080000000000000fa00000000000001f4000000000003d09040} bits: 9..305; refs: 0..0} (null) CS{Cell{0094d1000000000000006400000000000f4240de000000002710000000000000000f42400000000002160ec0000000000000271000000000002625a00000000005f5e100000000003b9aca00} bits: 0..592; refs: 0..0} CS{Cell{0094d100000000000000640000000000009c40de000000000190000000000000000f424000000000000f4240000000000000271000000000009896800000000005f5e100000000003b9aca00} bits: 0..592; refs: 0..0} CS{Cell{0042ea000000000098968000000000271000000000000f424000000001800055555555} bits: 0..264; refs: 0..0} CS{Cell{0042ea0000000000061a800000000001900000000000009c4000000001800055555555} bits: 0..264; refs: 0..0} (null) ] 0 (null) ]\n' +
            '[ 4][t 0][2024-10-30 23:27:03.727000][transaction.cpp:1675]\tstarting VM\n' +
            '[ 4][t 0][2024-10-30 23:27:03.728000][transaction.cpp:1680]\tVM terminated with exit code 0\n' +
            '[ 3][t 0][2024-10-30 23:27:03.728000][transaction.cpp:1702]\tsteps: 741 gas: used=27641, max=1000000, limit=179320, credit=0\n' +
            '[ 3][t 0][2024-10-30 23:27:03.728000][transaction.cpp:1704]\tout_of_gas=false, accepted=true, success=true, time=0.000799s\n' +
            '[ 4][t 0][2024-10-30 23:27:03.728000][transaction.cpp:1737]\tgas fees: 11056400 = 26214400 * 27641 /2^16 ; price=26214400; flat rate=[40000 for 100]; remaining balance=910671698ng\n' +
            '[ 3][t 0][2024-10-30 23:27:03.728000][transaction.cpp:2678]\tin try_action_reserve_currency(0)\n' +
            '[ 4][t 0][2024-10-30 23:27:03.728000][transaction.cpp:2684]\taction_reserve_currency: mode=0, reserve=485000000ng, balance=910671698ng, original balance=850000000ng\n' +
            '[ 3][t 0][2024-10-30 23:27:03.728000][transaction.cpp:2729]\tchanged remaining balance to 425671698ng, reserved balance to 485000000ng\n' +
            '[ 4][t 0][2024-10-30 23:27:03.728000][transaction.cpp:2448]\tstorage paid for a message: 0 cells, 0 bits\n' +
            '[ 4][t 0][2024-10-30 23:27:03.728000][transaction.cpp:2452]\tcomputed fwd fees = 400000 + 0\n' +
            '[ 4][t 0][2024-10-30 23:27:03.728000][transaction.cpp:2448]\tstorage paid for a message: 0 cells, 0 bits\n' +
            '[ 4][t 0][2024-10-30 23:27:03.728000][transaction.cpp:2452]\tcomputed fwd fees = 400000 + 0\n',
          vmLogs: 'xecute EQUAL\n' +
            'execute THROWIF 137\n' +
            'execute PUSHPOW2 10\n' +
            'execute EQUAL\n' +
            'execute THROWIFNOT 136\n' +
            'execute STSLICER\n' +
            'execute ENDC\n' +
            'execute ROT\n' +
            'execute STREF\n' +
            'execute ENDC\n' +
            'execute SWAP\n' +
            'execute STREF\n' +
            'execute implicit RET\n' +
            'execute ENDC\n' +
            'execute POP c4\n' +
            'execute implicit RET\n',
          debugLogs: '',
          events: [Array],
          parent: [Object],
          children: [Array],
          externals: []
        },
        children: [],
        externals: []
      },
      {
        address: 82932696146371031528842022915703368160952877310224391173905811460306378520268n,
        lt: 47000000n,
        prevTransactionHash: 94303526593680972720985416296310821617668473553518508047558714035173718997944n,
        prevTransactionLt: 32000000n,
        now: 1732922823,
        outMessagesCount: 0,
        oldStatus: 'active',
        endStatus: 'active',
        inMessage: { info: [Object], init: null, body: x{} },
        outMessages: Dictionary { _key: [Object], _value: [Object], _map: Map(0) {} },
        totalFees: { coins: 274724n },
        stateUpdate: {
          oldHash: <Buffer c4 7b bd 5d de fd 11 6e 3e 45 6e 92 65 7e 80 87 74 f9 f2 25 ff 7a 32 bd 8c f7 4f 89 d7 0d e3 f5>,
          newHash: <Buffer 5c b8 0a 06 9d 1d 1b a6 32 4b 08 9a a2 21 38 6f 7c e3 9f 3b ca 8e c5 7a 12 83 d4 06 1a c8 2a 31>
        },
        description: {
          type: 'generic',
          creditFirst: false,
          storagePhase: [Object],
          creditPhase: [Object],
          computePhase: [Object],
          actionPhase: [Object],
          bouncePhase: undefined,
          aborted: false,
          destroyed: false
        },
        raw: x{7B75A3E1A6460F415CE3721F308920C4B456F3B977F39EB26CED9155308A976CC0000000002CD29C0D07DE790BA5BC47A8F5D225DE3F90B073FE0D8EEB4536508D685A9A6FDFFBBB80000000001E84800674A4DC7000146086248}
         x{A_}
          x{6800A4BAF36B13E3AE770F28659A34B2D81F38859E8C08CF776F2BB4B44180438271002DD68F8699183D05738DC87CC2248312D15BCEE5DFCE7AC9B3B64554C22A5DB3105BBE54000608235A0000000005204182CE949B8E4_}
         x{72C47BBD5DDEFD116E3E456E92657E808774F9F225FF7A32BD8CF74F89D70DE3F55CB80A069D1D1BA6324B089AA221386F7CE39F3BCA8EC57A1283D4061AC82A31}
         x{04C093950905BBE54018603C5A11_}
          x{4026AC3AB74000000000000000000500000000000000000000000000000000000000000000000000000000000000000000000000000000000000000000000000000000000000000000000000000000}
          x{C00000000000000000000000012D452DA449E50B8CF7DD27861F146122AFE1B546BB8B70FC8216F0C614139F8E04_},
        hash: [Function: hash],
        blockchainLogs: '[ 4][t 0][2024-10-30 23:27:03.741000][transaction.cpp:443]\tunpacking account B75A3E1A6460F415CE3721F308920C4B456F3B977F39EB26CED9155308A976CC\n' +
          '[ 4][t 0][2024-10-30 23:27:03.741000][transaction.cpp:274]\tlast_paid=1730330823; cells=6 bits=821 public_cells=0\n' +
          '[ 4][t 0][2024-10-30 23:27:03.741000][transaction.cpp:504]\tend of Account.unpack() for 0:B75A3E1A6460F415CE3721F308920C4B456F3B977F39EB26CED9155308A976CC (balance = 999999505607200ng ; last_trans_lt = 32000000..32000001)\n' +
          '[ 4][t 0][2024-10-30 23:27:03.741000][transaction.cpp:3655]\tblock random seed set to 0000000000000000000000000000000000000000000000000000000000000000\n' +
          '[ 4][t 0][2024-10-30 23:27:03.741000][transaction.cpp:1236]\tgas limits: max=1000000, limit=962000, credit=0\n' +
          '[ 4][t 0][2024-10-30 23:27:03.741000][transaction.cpp:1575]\tin_msg_state is null\n' +
          '[ 4][t 0][2024-10-30 23:27:03.741000][transaction.cpp:1645]\tcreating VM\n' +
          '[ 4][t 0][2024-10-30 23:27:03.741000][transaction.cpp:1351]\tSmartContractInfo initialized with [ 124711402 0 0 1732922823 47000000 47000000 21122878255675644108446800642276849919927819785129319861439300423341550034363 [ 999999890256076 (null) ] CS{Cell{0275c00b75a3e1a6460f415ce3721f308920c4b456f3b977f39eb26ced9155308a976cc20c80cd43391606380000000007a12005c0e35fa1d3aa881340} bits: 1..268; refs: 0..0} C{A7EC01478F770EF8F8B037CC7E42F0ABF0D85A50E1828C2394DAD1411691F2DE} C{D992502B94EA96E7B34E5D62FFB0C6FC73D78B3E61F11F0848FB3A1EB1AFC912} [ 384800000 (null) ] 151124 (null) [ CS{Cell{004dd06600000000000000000000000080000000000000fa00000000000001f4000000000003d09040} bits: 9..305; refs: 0..0} (null) CS{Cell{0094d1000000000000006400000000000f4240de000000002710000000000000000f42400000000002160ec0000000000000271000000000002625a00000000005f5e100000000003b9aca00} bits: 0..592; refs: 0..0} CS{Cell{0094d100000000000000640000000000009c40de000000000190000000000000000f424000000000000f4240000000000000271000000000009896800000000005f5e100000000003b9aca00} bits: 0..592; refs: 0..0} CS{Cell{0042ea000000000098968000000000271000000000000f424000000001800055555555} bits: 0..264; refs: 0..0} CS{Cell{0042ea0000000000061a800000000001900000000000009c4000000001800055555555} bits: 0..264; refs: 0..0} (null) ] 0 (null) ]\n' +
          '[ 4][t 0][2024-10-30 23:27:03.741000][transaction.cpp:1675]\tstarting VM\n' +
          '[ 4][t 0][2024-10-30 23:27:03.741000][transaction.cpp:1680]\tVM terminated with exit code 0\n' +
          '[ 3][t 0][2024-10-30 23:27:03.741000][transaction.cpp:1702]\tsteps: 5 gas: used=309, max=1000000, limit=962000, credit=0\n' +
          '[ 3][t 0][2024-10-30 23:27:03.741000][transaction.cpp:1704]\tout_of_gas=false, accepted=true, success=true, time=0.000017s\n' +
          '[ 4][t 0][2024-10-30 23:27:03.741000][transaction.cpp:1737]\tgas fees: 123600 = 26214400 * 309 /2^16 ; price=26214400; flat rate=[40000 for 100]; remaining balance=999999890132476ng\n',
        vmLogs: 'execute SETCP 0\n' +
          'execute DICTPUSHCONST 19 (xC_,1)\n' +
          'execute DICTIGETJMPZ\n' +
          'execute DROP\n' +
          'execute implicit RET\n',
        debugLogs: '',
        events: [],
        parent: {
          address: 37254810366437813475271750514734067285117962570475561289538093995582013161784n,
          lt: 43000000n,
          prevTransactionHash: 22118435040725843830316243101029278324447099348166050124895696319340883520108n,
          prevTransactionLt: 42000000n,
          now: 1732922823,
          outMessagesCount: 2,
          oldStatus: 'active',
          endStatus: 'active',
          inMessage: [Object],
          outMessages: [Dictionary],
          totalFees: [Object],
          stateUpdate: [Object],
          description: [Object],
          raw: x{7525D79B589F1D73B879432CD1A596C0F9C42CF460467BBB795DA5A20C021C13800000000029020C030E69730F7664F0604C034E68CD2C5D288EEE908191FD7D606FC78D341B4AA6C000000000280DE80674A4DC700054750B3CC}
           x{E_}
            x{6801C25D36B535BEF92116226484A49D03E01E5050FFC3053F6C298C080280A4EEF90014975E6D627C75CEE1E50CB346965B03E710B3D18119EEEDE57696883008704E101119EF88060DFF5E0000000004C4B402CE949B8EC_}
             x{2A004A0500000000000000010000000000000000000000000000000000000000000000000000000000000000400B75A3E1A6460F415CE3721F308920C4B456F3B977F39EB26CED9155308A976CC}
            x{DD_}
             x{2_}
              x{6800A4BAF36B13E3AE770F28659A34B2D81F38859E8C08CF776F2BB4B44180438271002DD68F8699183D05738DC87CC2248312D15BCEE5DFCE7AC9B3B64554C22A5DB3105BBE54000608235A0000000005204182CE949B8E4_}
             x{2_}
              x{6800A4BAF36B13E3AE770F28659A34B2D81F38859E8C08CF776F2BB4B44180438271003A7CBC3612E1CA557A9D4C735DAA85C231FC67A5E07FC0E4E6F4D6E951FB858D100E57FA880608235A0000000005204184CE949B8E4_}
           x{72EA58F226C8B177B0114A0226A3F42C47ECBEC53959374E4EF03B2670843E54BA7CFF6E59B74A882DF6EC194E545A24345C4C6B907340B920FD7A1E0E2B1D23A5}
           x{040901119EF89874890811_}
            x{4D248C0AF1E00000000000000002E500000000000000000000000000000000000000000000000000000000000000000000000000000000000000000000000000000000000000000000000000000000}
            x{C9861A804C1046980000000000060002000000056274C7F956163ABBFCB18AD8D057027D27D5CC6ED2EEB32F32D4DDB41035FF7840902C14_},
          hash: [Function: hash],
          blockchainLogs: '[ 4][t 0][2024-10-30 23:27:03.731000][transaction.cpp:443]\tunpacking account 525D79B589F1D73B879432CD1A596C0F9C42CF460467BBB795DA5A20C021C138\n' +
            '[ 4][t 0][2024-10-30 23:27:03.731000][transaction.cpp:274]\tlast_paid=1732922823; cells=231 bits=83982 public_cells=0\n' +
            '[ 4][t 0][2024-10-30 23:27:03.731000][transaction.cpp:504]\tend of Account.unpack() for 0:525D79B589F1D73B879432CD1A596C0F9C42CF460467BBB795DA5A20C021C138 (balance = 485000000ng ; last_trans_lt = 42000000..42000003)\n' +
            '[ 4][t 0][2024-10-30 23:27:03.731000][transaction.cpp:3655]\tblock random seed set to 0000000000000000000000000000000000000000000000000000000000000000\n' +
            '[ 4][t 0][2024-10-30 23:27:03.732000][transaction.cpp:1236]\tgas limits: max=1000000, limit=179320, credit=0\n' +
            '[ 4][t 0][2024-10-30 23:27:03.732000][transaction.cpp:1575]\tin_msg_state is null\n' +
            '[ 4][t 0][2024-10-30 23:27:03.732000][transaction.cpp:1645]\tcreating VM\n' +
            '[ 4][t 0][2024-10-30 23:27:03.732000][transaction.cpp:1351]\tSmartContractInfo initialized with [ 124711402 0 0 1732922823 43000000 43000000 14068792954309835536948273256715513127174070948738620016199408580766834334284 [ 556728098 (null) ] CS{Cell{0271c00525d79b589f1d73b879432cd1a596c0f9c42cf460467bbb795da5a20c021c1383cec05203833a526e38000000000a037a0d073a20d01340} bits: 1..268; refs: 0..0} C{A7EC01478F770EF8F8B037CC7E42F0ABF0D85A50E1828C2394DAD1411691F2DE} C{42B6F0E46484EFC57B9508F6BA7EF42E7512023D5CB4ED5628DD1C7755D16E9D} [ 71728098 (null) ] 0 (null) [ CS{Cell{004dd06600000000000000000000000080000000000000fa00000000000001f4000000000003d09040} bits: 9..305; refs: 0..0} (null) CS{Cell{0094d1000000000000006400000000000f4240de000000002710000000000000000f42400000000002160ec0000000000000271000000000002625a00000000005f5e100000000003b9aca00} bits: 0..592; refs: 0..0} CS{Cell{0094d100000000000000640000000000009c40de000000000190000000000000000f424000000000000f4240000000000000271000000000009896800000000005f5e100000000003b9aca00} bits: 0..592; refs: 0..0} CS{Cell{0042ea000000000098968000000000271000000000000f424000000001800055555555} bits: 0..264; refs: 0..0} CS{Cell{0042ea0000000000061a800000000001900000000000009c4000000001800055555555} bits: 0..264; refs: 0..0} (null) ] 0 (null) ]\n' +
            '[ 4][t 0][2024-10-30 23:27:03.732000][transaction.cpp:1675]\tstarting VM\n' +
            '[ 4][t 0][2024-10-30 23:27:03.733000][transaction.cpp:1680]\tVM terminated with exit code 0\n' +
            '[ 3][t 0][2024-10-30 23:27:03.733000][transaction.cpp:1702]\tsteps: 741 gas: used=26916, max=1000000, limit=179320, credit=0\n' +
            '[ 3][t 0][2024-10-30 23:27:03.733000][transaction.cpp:1704]\tout_of_gas=false, accepted=true, success=true, time=0.000917s\n' +
            '[ 4][t 0][2024-10-30 23:27:03.733000][transaction.cpp:1737]\tgas fees: 10766400 = 26214400 * 26916 /2^16 ; price=26214400; flat rate=[40000 for 100]; remaining balance=545961698ng\n' +
            '[ 3][t 0][2024-10-30 23:27:03.733000][transaction.cpp:2678]\tin try_action_reserve_currency(0)\n' +
            '[ 4][t 0][2024-10-30 23:27:03.733000][transaction.cpp:2684]\taction_reserve_currency: mode=0, reserve=100200000ng, balance=545961698ng, original balance=485000000ng\n' +
            '[ 3][t 0][2024-10-30 23:27:03.733000][transaction.cpp:2729]\tchanged remaining balance to 445761698ng, reserved balance to 100200000ng\n' +
            '[ 4][t 0][2024-10-30 23:27:03.733000][transaction.cpp:2448]\tstorage paid for a message: 0 cells, 0 bits\n' +
            '[ 4][t 0][2024-10-30 23:27:03.733000][transaction.cpp:2452]\tcomputed fwd fees = 400000 + 0\n' +
            '[ 4][t 0][2024-10-30 23:27:03.733000][transaction.cpp:2448]\tstorage paid for a message: 0 cells, 0 bits\n' +
            '[ 4][t 0][2024-10-30 23:27:03.733000][transaction.cpp:2452]\tcomputed fwd fees = 400000 + 0\n',
          vmLogs: 'xecute EQUAL\n' +
            'execute THROWIF 137\n' +
            'execute PUSHPOW2 10\n' +
            'execute EQUAL\n' +
            'execute THROWIFNOT 136\n' +
            'execute STSLICER\n' +
            'execute ENDC\n' +
            'execute ROT\n' +
            'execute STREF\n' +
            'execute ENDC\n' +
            'execute SWAP\n' +
            'execute STREF\n' +
            'execute implicit RET\n' +
            'execute ENDC\n' +
            'execute POP c4\n' +
            'execute implicit RET\n',
          debugLogs: '',
          events: [Array],
          parent: [Object],
          children: [Array],
          externals: []
        },
        children: [],
        externals: []
      },
      {
        address: 105818132960003171416304597453717637701794574747475969910003481004036112389684n,
        lt: 48000000n,
        prevTransactionHash: 79098626585774254156271720820553412423040112244444871441459061923751413449278n,
        prevTransactionLt: 46000000n,
        now: 1732922823,
        outMessagesCount: 0,
        oldStatus: 'active',
        endStatus: 'active',
        inMessage: { info: [Object], init: null, body: x{} },
        outMessages: Dictionary { _key: [Object], _value: [Object], _map: Map(0) {} },
        totalFees: { coins: 123600n },
        stateUpdate: {
          oldHash: <Buffer ea 0a 48 05 f7 2b 19 d3 8e b3 0f 41 7d 59 4b aa dd dd 56 dc 54 a2 22 7d 72 78 da d2 6e 83 b5 a1>,
          newHash: <Buffer 9b 80 8d 95 5b 4c 84 f3 16 1b 98 0c 64 9a ac c4 7e a5 fd 94 79 5c 21 45 5f 03 07 44 d0 ee 99 e9>
        },
        description: {
          type: 'generic',
          creditFirst: false,
          storagePhase: [Object],
          creditPhase: [Object],
          computePhase: [Object],
          actionPhase: [Object],
          bouncePhase: undefined,
          aborted: false,
          destroyed: false
        },
        raw: x{7E9F2F0D84B872955EA7531CD76AA1708C7F19E9781FF03939BD35BA547EE16340000000002DC6C00AEE03C726DC6CA14F4AC51E39F78129D8DEDD6679B9FD79FB8A18312AF14823E0000000002BDE780674A4DC700014603C5A0}
         x{A_}
          x{6800A4BAF36B13E3AE770F28659A34B2D81F38859E8C08CF776F2BB4B44180438271003A7CBC3612E1CA557A9D4C735DAA85C231FC67A5E07FC0E4E6F4D6E951FB858D100E57FA880608235A0000000005204184CE949B8E4_}
         x{72EA0A4805F72B19D38EB30F417D594BAADDDD56DC54A2227D7278DAD26E83B5A19B808D955B4C84F3161B980C649AACC47EA5FD94795C21455F030744D0EE99E9}
         x{040900E57FA898603C5A11_}
          x{4026AC092E1000000000000000000500000000000000000000000000000000000000000000000000000000000000000000000000000000000000000000000000000000000000000000000000000000}
          x{C00000000000000000000000012D452DA449E50B8CF7DD27861F146122AFE1B546BB8B70FC8216F0C614139F8E04_},
        hash: [Function: hash],
        blockchainLogs: '[ 4][t 0][2024-10-30 23:27:03.742000][transaction.cpp:443]\tunpacking account E9F2F0D84B872955EA7531CD76AA1708C7F19E9781FF03939BD35BA547EE1634\n' +
          '[ 4][t 0][2024-10-30 23:27:03.743000][transaction.cpp:274]\tlast_paid=1732922823; cells=6 bits=821 public_cells=0\n' +
          '[ 4][t 0][2024-10-30 23:27:03.743000][transaction.cpp:504]\tend of Account.unpack() for 0:E9F2F0D84B872955EA7531CD76AA1708C7F19E9781FF03939BD35BA547EE1634 (balance = 999999854626389ng ; last_trans_lt = 46000000..46000001)\n' +
          '[ 4][t 0][2024-10-30 23:27:03.743000][transaction.cpp:3655]\tblock random seed set to 0000000000000000000000000000000000000000000000000000000000000000\n' +
          '[ 4][t 0][2024-10-30 23:27:03.743000][transaction.cpp:1236]\tgas limits: max=1000000, limit=150404, credit=0\n' +
          '[ 4][t 0][2024-10-30 23:27:03.743000][transaction.cpp:1575]\tin_msg_state is null\n' +
          '[ 4][t 0][2024-10-30 23:27:03.743000][transaction.cpp:1645]\tcreating VM\n' +
          '[ 4][t 0][2024-10-30 23:27:03.743000][transaction.cpp:1351]\tSmartContractInfo initialized with [ 124711402 0 0 1732922823 48000000 48000000 60210483465141978598827679003117970236339845468170532052053411751718225576024 [ 999999914788087 (null) ] CS{Cell{0275c00e9f2f0d84b872955ea7531cd76aa1708c7f19e9781ff03939bd35ba547ee163420c80cd433a526e38000000000af79e05c0e35fa70711955340} bits: 1..268; refs: 0..0} C{A7EC01478F770EF8F8B037CC7E42F0ABF0D85A50E1828C2394DAD1411691F2DE} C{D992502B94EA96E7B34E5D62FFB0C6FC73D78B3E61F11F0848FB3A1EB1AFC912} [ 60161698 (null) ] 0 (null) [ CS{Cell{004dd06600000000000000000000000080000000000000fa00000000000001f4000000000003d09040} bits: 9..305; refs: 0..0} (null) CS{Cell{0094d1000000000000006400000000000f4240de000000002710000000000000000f42400000000002160ec0000000000000271000000000002625a00000000005f5e100000000003b9aca00} bits: 0..592; refs: 0..0} CS{Cell{0094d100000000000000640000000000009c40de000000000190000000000000000f424000000000000f4240000000000000271000000000009896800000000005f5e100000000003b9aca00} bits: 0..592; refs: 0..0} CS{Cell{0042ea000000000098968000000000271000000000000f424000000001800055555555} bits: 0..264; refs: 0..0} CS{Cell{0042ea0000000000061a800000000001900000000000009c4000000001800055555555} bits: 0..264; refs: 0..0} (null) ] 0 (null) ]\n' +
          '[ 4][t 0][2024-10-30 23:27:03.743000][transaction.cpp:1675]\tstarting VM\n' +
          '[ 4][t 0][2024-10-30 23:27:03.743000][transaction.cpp:1680]\tVM terminated with exit code 0\n' +
          '[ 3][t 0][2024-10-30 23:27:03.743000][transaction.cpp:1702]\tsteps: 5 gas: used=309, max=1000000, limit=150404, credit=0\n' +
          '[ 3][t 0][2024-10-30 23:27:03.743000][transaction.cpp:1704]\tout_of_gas=false, accepted=true, success=true, time=0.000018s\n' +
          '[ 4][t 0][2024-10-30 23:27:03.743000][transaction.cpp:1737]\tgas fees: 123600 = 26214400 * 309 /2^16 ; price=26214400; flat rate=[40000 for 100]; remaining balance=999999914664487ng\n',
        vmLogs: 'execute SETCP 0\n' +
          'execute DICTPUSHCONST 19 (xC_,1)\n' +
          'execute DICTIGETJMPZ\n' +
          'execute DROP\n' +
          'execute implicit RET\n',
        debugLogs: '',
        events: [],
        parent: {
          address: 37254810366437813475271750514734067285117962570475561289538093995582013161784n,
          lt: 43000000n,
          prevTransactionHash: 22118435040725843830316243101029278324447099348166050124895696319340883520108n,
          prevTransactionLt: 42000000n,
          now: 1732922823,
          outMessagesCount: 2,
          oldStatus: 'active',
          endStatus: 'active',
          inMessage: [Object],
          outMessages: [Dictionary],
          totalFees: [Object],
          stateUpdate: [Object],
          description: [Object],
          raw: x{7525D79B589F1D73B879432CD1A596C0F9C42CF460467BBB795DA5A20C021C13800000000029020C030E69730F7664F0604C034E68CD2C5D288EEE908191FD7D606FC78D341B4AA6C000000000280DE80674A4DC700054750B3CC}
           x{E_}
            x{6801C25D36B535BEF92116226484A49D03E01E5050FFC3053F6C298C080280A4EEF90014975E6D627C75CEE1E50CB346965B03E710B3D18119EEEDE57696883008704E101119EF88060DFF5E0000000004C4B402CE949B8EC_}
             x{2A004A0500000000000000010000000000000000000000000000000000000000000000000000000000000000400B75A3E1A6460F415CE3721F308920C4B456F3B977F39EB26CED9155308A976CC}
            x{DD_}
             x{2_}
              x{6800A4BAF36B13E3AE770F28659A34B2D81F38859E8C08CF776F2BB4B44180438271002DD68F8699183D05738DC87CC2248312D15BCEE5DFCE7AC9B3B64554C22A5DB3105BBE54000608235A0000000005204182CE949B8E4_}
             x{2_}
              x{6800A4BAF36B13E3AE770F28659A34B2D81F38859E8C08CF776F2BB4B44180438271003A7CBC3612E1CA557A9D4C735DAA85C231FC67A5E07FC0E4E6F4D6E951FB858D100E57FA880608235A0000000005204184CE949B8E4_}
           x{72EA58F226C8B177B0114A0226A3F42C47ECBEC53959374E4EF03B2670843E54BA7CFF6E59B74A882DF6EC194E545A24345C4C6B907340B920FD7A1E0E2B1D23A5}
           x{040901119EF89874890811_}
            x{4D248C0AF1E00000000000000002E500000000000000000000000000000000000000000000000000000000000000000000000000000000000000000000000000000000000000000000000000000000}
            x{C9861A804C1046980000000000060002000000056274C7F956163ABBFCB18AD8D057027D27D5CC6ED2EEB32F32D4DDB41035FF7840902C14_},
          hash: [Function: hash],
          blockchainLogs: '[ 4][t 0][2024-10-30 23:27:03.731000][transaction.cpp:443]\tunpacking account 525D79B589F1D73B879432CD1A596C0F9C42CF460467BBB795DA5A20C021C138\n' +
            '[ 4][t 0][2024-10-30 23:27:03.731000][transaction.cpp:274]\tlast_paid=1732922823; cells=231 bits=83982 public_cells=0\n' +
            '[ 4][t 0][2024-10-30 23:27:03.731000][transaction.cpp:504]\tend of Account.unpack() for 0:525D79B589F1D73B879432CD1A596C0F9C42CF460467BBB795DA5A20C021C138 (balance = 485000000ng ; last_trans_lt = 42000000..42000003)\n' +
            '[ 4][t 0][2024-10-30 23:27:03.731000][transaction.cpp:3655]\tblock random seed set to 0000000000000000000000000000000000000000000000000000000000000000\n' +
            '[ 4][t 0][2024-10-30 23:27:03.732000][transaction.cpp:1236]\tgas limits: max=1000000, limit=179320, credit=0\n' +
            '[ 4][t 0][2024-10-30 23:27:03.732000][transaction.cpp:1575]\tin_msg_state is null\n' +
            '[ 4][t 0][2024-10-30 23:27:03.732000][transaction.cpp:1645]\tcreating VM\n' +
            '[ 4][t 0][2024-10-30 23:27:03.732000][transaction.cpp:1351]\tSmartContractInfo initialized with [ 124711402 0 0 1732922823 43000000 43000000 14068792954309835536948273256715513127174070948738620016199408580766834334284 [ 556728098 (null) ] CS{Cell{0271c00525d79b589f1d73b879432cd1a596c0f9c42cf460467bbb795da5a20c021c1383cec05203833a526e38000000000a037a0d073a20d01340} bits: 1..268; refs: 0..0} C{A7EC01478F770EF8F8B037CC7E42F0ABF0D85A50E1828C2394DAD1411691F2DE} C{42B6F0E46484EFC57B9508F6BA7EF42E7512023D5CB4ED5628DD1C7755D16E9D} [ 71728098 (null) ] 0 (null) [ CS{Cell{004dd06600000000000000000000000080000000000000fa00000000000001f4000000000003d09040} bits: 9..305; refs: 0..0} (null) CS{Cell{0094d1000000000000006400000000000f4240de000000002710000000000000000f42400000000002160ec0000000000000271000000000002625a00000000005f5e100000000003b9aca00} bits: 0..592; refs: 0..0} CS{Cell{0094d100000000000000640000000000009c40de000000000190000000000000000f424000000000000f4240000000000000271000000000009896800000000005f5e100000000003b9aca00} bits: 0..592; refs: 0..0} CS{Cell{0042ea000000000098968000000000271000000000000f424000000001800055555555} bits: 0..264; refs: 0..0} CS{Cell{0042ea0000000000061a800000000001900000000000009c4000000001800055555555} bits: 0..264; refs: 0..0} (null) ] 0 (null) ]\n' +
            '[ 4][t 0][2024-10-30 23:27:03.732000][transaction.cpp:1675]\tstarting VM\n' +
            '[ 4][t 0][2024-10-30 23:27:03.733000][transaction.cpp:1680]\tVM terminated with exit code 0\n' +
            '[ 3][t 0][2024-10-30 23:27:03.733000][transaction.cpp:1702]\tsteps: 741 gas: used=26916, max=1000000, limit=179320, credit=0\n' +
            '[ 3][t 0][2024-10-30 23:27:03.733000][transaction.cpp:1704]\tout_of_gas=false, accepted=true, success=true, time=0.000917s\n' +
            '[ 4][t 0][2024-10-30 23:27:03.733000][transaction.cpp:1737]\tgas fees: 10766400 = 26214400 * 26916 /2^16 ; price=26214400; flat rate=[40000 for 100]; remaining balance=545961698ng\n' +
            '[ 3][t 0][2024-10-30 23:27:03.733000][transaction.cpp:2678]\tin try_action_reserve_currency(0)\n' +
            '[ 4][t 0][2024-10-30 23:27:03.733000][transaction.cpp:2684]\taction_reserve_currency: mode=0, reserve=100200000ng, balance=545961698ng, original balance=485000000ng\n' +
            '[ 3][t 0][2024-10-30 23:27:03.733000][transaction.cpp:2729]\tchanged remaining balance to 445761698ng, reserved balance to 100200000ng\n' +
            '[ 4][t 0][2024-10-30 23:27:03.733000][transaction.cpp:2448]\tstorage paid for a message: 0 cells, 0 bits\n' +
            '[ 4][t 0][2024-10-30 23:27:03.733000][transaction.cpp:2452]\tcomputed fwd fees = 400000 + 0\n' +
            '[ 4][t 0][2024-10-30 23:27:03.733000][transaction.cpp:2448]\tstorage paid for a message: 0 cells, 0 bits\n' +
            '[ 4][t 0][2024-10-30 23:27:03.733000][transaction.cpp:2452]\tcomputed fwd fees = 400000 + 0\n',
          vmLogs: 'xecute EQUAL\n' +
            'execute THROWIF 137\n' +
            'execute PUSHPOW2 10\n' +
            'execute EQUAL\n' +
            'execute THROWIFNOT 136\n' +
            'execute STSLICER\n' +
            'execute ENDC\n' +
            'execute ROT\n' +
            'execute STREF\n' +
            'execute ENDC\n' +
            'execute SWAP\n' +
            'execute STREF\n' +
            'execute implicit RET\n' +
            'execute ENDC\n' +
            'execute POP c4\n' +
            'execute implicit RET\n',
          debugLogs: '',
          events: [Array],
          parent: [Object],
          children: [Array],
          externals: []
        },
        children: [],
        externals: []
      }
    ]

      at proceedDeal (tests/MarketTon.spec.ts:2082:17)

  console.log
    [
      {
        type: 'message_sent',
        from: EQDp8vDYS4cpVep1Mc12qhcIx_Gel4H_A5Ob01ulR-4WNMml,
        to: EQBSXXm1ifHXO4eUMs0aWWwPnELPRgRnu7eV2logwCHBOBBt,
        value: 1000000000n,
        body: x{E9626FBA000000000000000000000000}
         x{03DF94AA22402625A00000001937A3FD1584_}
         x{03DF94AA23405F5E100000001937A3FD1584_},
        bounced: false
      },
      {
        type: 'message_sent',
        from: EQBSXXm1ifHXO4eUMs0aWWwPnELPRgRnu7eV2logwCHBOBBt,
        to: EQASWIYDJyUJTnnETBq5ZC_hy_G_TXfbJcNF3b56jIC81Pj2,
        value: 982832763n,
        body: x{03DF94AA000000000000000022402625A00000001937A3FD15811A02FAF080000000C9BD1FE8AC2_}
         x{},
        bounced: false
      },
      {
        type: 'message_sent',
        from: EQASWIYDJyUJTnnETBq5ZC_hy_G_TXfbJcNF3b56jIC81Pj2,
        to: EQBSXXm1ifHXO4eUMs0aWWwPnELPRgRnu7eV2logwCHBOBBt,
        value: 978464763n,
        body: x{935FA9D10000000000000000}
         x{00000000000000000000000000000000000000000000000000000000000000220000000000000000000000000000000000000000000000000000000002625A0001937A3FD158}
         x{00000000000000000000000000000000000000000000000000000000000000230000000000000000000000000000000000000000000000000000000005F5E10001937A3FD158},
        bounced: false
      },
      {
        type: 'message_sent',
        from: EQBSXXm1ifHXO4eUMs0aWWwPnELPRgRnu7eV2logwCHBOBBt,
        to: EQC50kw8CkUnsCDgJcqVYTHF61CBKRFXwl_Xlh3y0DobarlX,
        value: 966133163n,
        body: x{E601F8E50000000000000000},
        bounced: false
      },
      {
        type: 'message_sent',
        from: EQC50kw8CkUnsCDgJcqVYTHF61CBKRFXwl_Xlh3y0DobarlX,
        to: EQBSXXm1ifHXO4eUMs0aWWwPnELPRgRnu7eV2logwCHBOBBt,
        value: 960889015n,
        body: x{B687AB17000000000000000000000000}
         x{022017D78402017D78402165A0BC02017D784020B2D05E033916063B39B43A3B3916063B3A526E380000000800000004_}
          x{801028CD38D6A9FB165BB1D27554DCBBC8B7A064E07EF4C3832956828113614F545_},
        bounced: false
      },
      {
        type: 'message_sent',
        from: EQBSXXm1ifHXO4eUMs0aWWwPnELPRgRnu7eV2logwCHBOBBt,
        to: EQB8zyeA4NPhsLaAWbQISwSmjIdCNXRcbQIB1i89IhjxNhei,
        value: 67521600n,
        body: x{BC26F4C80000000000000000},
        bounced: false
      },
      {
        type: 'message_sent',
        from: EQBSXXm1ifHXO4eUMs0aWWwPnELPRgRnu7eV2logwCHBOBBt,
        to: EQDhLptamt98kIsRMkJSToHwDygof-GCn7YUxgQBQFJ3fLZb,
        value: 67521600n,
        body: x{BC26F4C80000000000000001},
        bounced: false
      },
      {
        type: 'message_sent',
        from: EQBSXXm1ifHXO4eUMs0aWWwPnELPRgRnu7eV2logwCHBOBBt,
        to: EQC50kw8CkUnsCDgJcqVYTHF61CBKRFXwl_Xlh3y0DobarlX,
        value: 791216215n,
        body: x{B8A3AA140000000000000000801D3E5E1B0970E52ABD4EA639AED542E118FE33D2F03FE072737A6B74A8FDC2C69_},
        bounced: false
      },
      {
        type: 'message_sent',
        from: EQB8zyeA4NPhsLaAWbQISwSmjIdCNXRcbQIB1i89IhjxNhei,
        to: EQBSXXm1ifHXO4eUMs0aWWwPnELPRgRnu7eV2logwCHBOBBt,
        value: 71728098n,
        body: x{2A004A0500000000000000000000000000000000000000000000000000000000000000000000000000000000C00814669C6B54FD8B2DD8E93AAA6E5DE45BD032703F7A61C194AB414089B0A7AA2},
        bounced: false
      },
      {
        type: 'message_sent',
        from: EQDhLptamt98kIsRMkJSToHwDygof-GCn7YUxgQBQFJ3fLZb,
        to: EQBSXXm1ifHXO4eUMs0aWWwPnELPRgRnu7eV2logwCHBOBBt,
        value: 71728098n,
        body: x{2A004A0500000000000000010000000000000000000000000000000000000000000000000000000000000000400B75A3E1A6460F415CE3721F308920C4B456F3B977F39EB26CED9155308A976CC},
        bounced: false
      },
      {
        type: 'message_sent',
        from: EQC50kw8CkUnsCDgJcqVYTHF61CBKRFXwl_Xlh3y0DobarlX,
        to: EQDp8vDYS4cpVep1Mc12qhcIx_Gel4H_A5Ob01ulR-4WNMml,
        value: 797417415n,
        body: x{},
        bounced: false
      },
      {
        type: 'account_destroyed',
        account: EQC50kw8CkUnsCDgJcqVYTHF61CBKRFXwl_Xlh3y0DobarlX
      },
      {
        type: 'message_sent',
        from: EQBSXXm1ifHXO4eUMs0aWWwPnELPRgRnu7eV2logwCHBOBBt,
        to: EQCBRmnGtU_Yst2Ok6qm5d5FvQMnA_emHBlKtBQImwp6oicf,
        value: 365000000n,
        body: x{},
        bounced: false
      },
      {
        type: 'message_sent',
        from: EQBSXXm1ifHXO4eUMs0aWWwPnELPRgRnu7eV2logwCHBOBBt,
        to: EQDp8vDYS4cpVep1Mc12qhcIx_Gel4H_A5Ob01ulR-4WNMml,
        value: 59871698n,
        body: x{},
        bounced: false
      },
      {
        type: 'message_sent',
        from: EQBSXXm1ifHXO4eUMs0aWWwPnELPRgRnu7eV2logwCHBOBBt,
        to: EQC3Wj4aZGD0Fc43IfMIkgxLRW87l3856ybO2RVTCKl2zDIR,
        value: 384800000n,
        body: x{},
        bounced: false
      },
      {
        type: 'message_sent',
        from: EQBSXXm1ifHXO4eUMs0aWWwPnELPRgRnu7eV2logwCHBOBBt,
        to: EQDp8vDYS4cpVep1Mc12qhcIx_Gel4H_A5Ob01ulR-4WNMml,
        value: 60161698n,
        body: x{},
        bounced: false
      }
    ]

      at proceedDeal (tests/MarketTon.spec.ts:2083:17)

  console.log
    User fee :-0.085335513

      at proceedDeal (tests/MarketTon.spec.ts:2086:17)

  console.log
    User fee :-0.0356324

      at createDeal (tests/MarketTon.spec.ts:1954:17)

  console.log
    User fee :-0.1193928

      at takeDeal (tests/MarketTon.spec.ts:2019:17)

  console.log
    [
      {
        address: 105818132960003171416304597453717637701794574747475969910003481004036112389684n,
        lt: 33000000n,
        prevTransactionHash: 37866056593020153084681010430190058650536176812007838626994524442911258856432n,
        prevTransactionLt: 9000000n,
        now: 1732922824,
        outMessagesCount: 1,
        oldStatus: 'active',
        endStatus: 'active',
        inMessage: {
          info: [Object],
          init: null,
          body: x{579378ED124D4474AEAC829C138B5598B5168CF79FD305630FA5D54299276449C_}
           x{D001}
            x{6200292EBCDAC4F8EB9DC3CA19668D2CB607CE2167A30233DDDBCAED2D106010E09C21DCD6500000000000000000000000000000E9626FBA000000000000000000000000}
             x{03DF94AA22417D78400000001937A3FD5404_}
             x{03DF94AA23405F5E100000001937A3FD5404_}
        },
        outMessages: Dictionary { _key: [Object], _value: [Object], _map: [Map] },
        totalFees: { coins: 2020320n },
        stateUpdate: {
          oldHash: <Buffer 22 28 58 5c 4b a9 57 b4 6c 84 9b b8 31 27 ca ca 01 29 71 b3 83 e9 28 8e b4 25 8c 48 73 70 0d f1>,
          newHash: <Buffer 23 31 db a1 dc 1e b2 75 c8 7a ef dd a1 d9 72 dd 2d e2 c9 46 ec df 78 39 7b 3d 7c 1a 57 8a d8 3b>
        },
        description: {
          type: 'generic',
          creditFirst: true,
          storagePhase: [Object],
          creditPhase: undefined,
          computePhase: [Object],
          actionPhase: [Object],
          bouncePhase: undefined,
          aborted: false,
          destroyed: false
        },
        raw: x{7E9F2F0D84B872955EA7531CD76AA1708C7F19E9781FF03939BD35BA547EE16340000000001F78A4053B76DB42BCC1E7BB425943549B7CA6FA36BABC2FD4FC2D3D5A025614A164BF00000000000895440674A4DC80003463DA7C0}
         x{E_}
          x{8801D3E5E1B0970E52ABD4EA639AED542E118FE33D2F03FE072737A6B74A8FDC2C6802BC9BC768926A23A5756414E09C5AACC5A8B467BCFE982B187D2EAA14C93B224E_}
           x{D001}
            x{6200292EBCDAC4F8EB9DC3CA19668D2CB607CE2167A30233DDDBCAED2D106010E09C21DCD6500000000000000000000000000000E9626FBA000000000000000000000000}
             x{03DF94AA22417D78400000001937A3FD5404_}
             x{03DF94AA23405F5E100000001937A3FD5404_}
          x{DF_}
           x{6801D3E5E1B0970E52ABD4EA639AED542E118FE33D2F03FE072737A6B74A8FDC2C690014975E6D627C75CEE1E50CB346965B03E710B3D18119EEEDE57696883008704E10EE6B2800060C0F880000000003EF1482CE949B9074B137DD0000000000000000000000004_}
            x{03DF94AA22417D78400000001937A3FD5404_}
            x{03DF94AA23405F5E100000001937A3FD5404_}
         x{722228585C4BA957B46C849BB83127CACA012971B383E9288EB4258C4873700DF12331DBA1DC1EB275C87AEFDDA1D972DD2DE2C946ECDF78397B3D7C1A578AD83B}
         x{0CC0939506185E94844_}
          x{40F223138800000000000000000C800000000000000000000000000000000000000000000000000000000000000000000000000000000000000000000000000000000000000000000000000000002_}
          x{C98485D04C0C0F70000000000002000000000003C8E5B7FE84F827D93ADF95ABC79302500EE734FB7D84D13151A21EAC49EA1DCC40D022DC_},
        hash: [Function: hash],
        blockchainLogs: '[ 4][t 0][2024-10-30 23:27:04.387000][transaction.cpp:443]\tunpacking account E9F2F0D84B872955EA7531CD76AA1708C7F19E9781FF03939BD35BA547EE1634\n' +
          '[ 4][t 0][2024-10-30 23:27:04.387000][transaction.cpp:274]\tlast_paid=1730330824; cells=6 bits=821 public_cells=0\n' +
          '[ 4][t 0][2024-10-30 23:27:04.387000][transaction.cpp:504]\tend of Account.unpack() for 0:E9F2F0D84B872955EA7531CD76AA1708C7F19E9781FF03939BD35BA547EE1634 (balance = 1000000000000000ng ; last_trans_lt = 9000000..9000001)\n' +
          '[ 4][t 0][2024-10-30 23:27:04.387000][transaction.cpp:3655]\tblock random seed set to 0000000000000000000000000000000000000000000000000000000000000000\n' +
          '[ 4][t 0][2024-10-30 23:27:04.387000][transaction.cpp:788]\tstorage paid for a message: 4 cells, 842 bits\n' +
          '[ 4][t 0][2024-10-30 23:27:04.387000][transaction.cpp:802]\tcomputed fwd fees = 896800 + 0\n' +
          '[ 4][t 0][2024-10-30 23:27:04.387000][transaction.cpp:1236]\tgas limits: max=1000000, limit=0, credit=10000\n' +
          '[ 4][t 0][2024-10-30 23:27:04.387000][transaction.cpp:1575]\tin_msg_state is null\n' +
          '[ 4][t 0][2024-10-30 23:27:04.387000][transaction.cpp:1645]\tcreating VM\n' +
          '[ 4][t 0][2024-10-30 23:27:04.387000][transaction.cpp:1351]\tSmartContractInfo initialized with [ 124711402 0 0 1732922824 33000000 33000000 60210483465141978598827679003117970236339845468170532052053411751718225576024 [ 999999998952076 (null) ] CS{Cell{0275c00e9f2f0d84b872955ea7531cd76aa1708c7f19e9781ff03939bd35ba547ee163420c80cd43391606400000000002255105c0e35fa931a0001340} bits: 1..268; refs: 0..0} C{A7EC01478F770EF8F8B037CC7E42F0ABF0D85A50E1828C2394DAD1411691F2DE} C{D992502B94EA96E7B34E5D62FFB0C6FC73D78B3E61F11F0848FB3A1EB1AFC912} [ 0 (null) ] 151124 (null) [ CS{Cell{004dd06600000000000000000000000080000000000000fa00000000000001f4000000000003d09040} bits: 9..305; refs: 0..0} (null) CS{Cell{0094d1000000000000006400000000000f4240de000000002710000000000000000f42400000000002160ec0000000000000271000000000002625a00000000005f5e100000000003b9aca00} bits: 0..592; refs: 0..0} CS{Cell{0094d100000000000000640000000000009c40de000000000190000000000000000f424000000000000f4240000000000000271000000000009896800000000005f5e100000000003b9aca00} bits: 0..592; refs: 0..0} CS{Cell{0042ea000000000098968000000000271000000000000f424000000001800055555555} bits: 0..264; refs: 0..0} CS{Cell{0042ea0000000000061a800000000001900000000000009c4000000001800055555555} bits: 0..264; refs: 0..0} (null) ] 0 (null) ]\n' +
          '[ 4][t 0][2024-10-30 23:27:04.388000][transaction.cpp:1675]\tstarting VM\n' +
          '[ 4][t 0][2024-10-30 23:27:04.388000][transaction.cpp:1680]\tVM terminated with exit code 0\n' +
          '[ 3][t 0][2024-10-30 23:27:04.388000][transaction.cpp:1702]\tsteps: 50 gas: used=1937, max=1000000, limit=1000000, credit=0\n' +
          '[ 3][t 0][2024-10-30 23:27:04.388000][transaction.cpp:1704]\tout_of_gas=false, accepted=true, success=true, time=0.000086s\n' +
          '[ 4][t 0][2024-10-30 23:27:04.388000][transaction.cpp:1737]\tgas fees: 774800 = 26214400 * 1937 /2^16 ; price=26214400; flat rate=[40000 for 100]; remaining balance=999999998177276ng\n' +
          '[ 4][t 0][2024-10-30 23:27:04.388000][transaction.cpp:2448]\tstorage paid for a message: 2 cells, 282 bits\n' +
          '[ 4][t 0][2024-10-30 23:27:04.388000][transaction.cpp:2452]\tcomputed fwd fees = 592800 + 0\n',
        vmLogs: 'ULLSWAPIFNOT2\n' +
          'execute DUP\n' +
          'execute PUSHCONT x02D307D43001FB00\n' +
          'execute PUSHCONT x32\n' +
          'execute IFELSE\n' +
          'execute POP s2\n' +
          'execute implicit RET\n' +
          'execute SWAP\n' +
          'execute NOT\n' +
          'execute implicit RET\n' +
          'until loop body end\n' +
          'until loop terminated\n' +
          'execute 2DROP\n' +
          'execute implicit RET\n',
        debugLogs: '',
        events: [ [Object] ],
        parent: undefined,
        children: [ [Object] ],
        externals: []
      },
      {
        address: 37254810366437813475271750514734067285117962570475561289538093995582013161784n,
        lt: 34000000n,
        prevTransactionHash: 81930958426886334311564629852190977330892166263226734852081976787028588297445n,
        prevTransactionLt: 25000000n,
        now: 1732922824,
        outMessagesCount: 1,
        oldStatus: 'active',
        endStatus: 'active',
        inMessage: {
          info: [Object],
          init: null,
          body: x{E9626FBA000000000000000000000000}
           x{03DF94AA22417D78400000001937A3FD5404_}
           x{03DF94AA23405F5E100000001937A3FD5404_}
        },
        outMessages: Dictionary { _key: [Object], _value: [Object], _map: [Map] },
        totalFees: { coins: 16764133n },
        stateUpdate: {
          oldHash: <Buffer a6 b5 d2 04 a5 ef 29 ed 61 cd c8 e3 b0 82 10 5b 31 4c 61 a2 73 30 45 ba c2 f3 1e 5d fa e3 2b 4a>,
          newHash: <Buffer c4 05 13 c1 90 79 58 ae b3 1b 3d 75 31 b3 a8 79 62 22 aa b1 48 ef de b2 18 97 1d da bd cc 44 3d>
        },
        description: {
          type: 'generic',
          creditFirst: false,
          storagePhase: [Object],
          creditPhase: [Object],
          computePhase: [Object],
          actionPhase: [Object],
          bouncePhase: undefined,
          aborted: false,
          destroyed: false
        },
        raw: x{7525D79B589F1D73B879432CD1A596C0F9C42CF460467BBB795DA5A20C021C138000000000206CC80B5234775498763231978D05C7939EA28C229BE576951BBF2121E3FFDA55AFCE500000000017D7840674A4DC8000347FF99CA}
         x{E_}
          x{6801D3E5E1B0970E52ABD4EA639AED542E118FE33D2F03FE072737A6B74A8FDC2C690014975E6D627C75CEE1E50CB346965B03E710B3D18119EEEDE57696883008704E10EE6B2800060C0F880000000003EF1482CE949B9074B137DD0000000000000000000000004_}
           x{03DF94AA22417D78400000001937A3FD5404_}
           x{03DF94AA23405F5E100000001937A3FD5404_}
          x{DF_}
           x{6800A4BAF36B13E3AE770F28659A34B2D81F38859E8C08CF776F2BB4B441804382710004962180C9C942539E711306AE590BF872FC6FD35DF6C970D1776F9EA3202F3510EA535008060C523200000000040D9902CE949B90C_}
            x{03DF94AA000000000000000022417D78400000001937A3FD54011A02FAF080000000C9BD1FEAA02_}
             x{}
         x{72A6B5D204A5EF29ED61CDC8E3B082105B314C61A2733045BAC2F31E5DFAE32B4AC40513C1907958AEB31B3D7531B3A8796222AAB148EFDEB218971DDABDCC443D}
         x{04DDDAD7890EE6B2801870A9A011_}
          x{4AAA0C3D090000000000000000025500000000000000000000000000000000000000000000000000000000000000000000000000000000000000000000000000000000000000000000000000000000}
          x{C9849ED04C0C521C00000000000400020000000200EDE4CA86E71A79FB373345BC7764EDD2303F86CB2D5DBDE9B2C45E1A92C44240D01FDC_},
        hash: [Function: hash],
        blockchainLogs: '[ 4][t 0][2024-10-30 23:27:04.390000][transaction.cpp:443]\tunpacking account 525D79B589F1D73B879432CD1A596C0F9C42CF460467BBB795DA5A20C021C138\n' +
          '[ 4][t 0][2024-10-30 23:27:04.390000][transaction.cpp:274]\tlast_paid=1730330824; cells=229 bits=83379 public_cells=0\n' +
          '[ 4][t 0][2024-10-30 23:27:04.390000][transaction.cpp:504]\tend of Account.unpack() for 0:525D79B589F1D73B879432CD1A596C0F9C42CF460467BBB795DA5A20C021C138 (balance = 4900000000ng ; last_trans_lt = 25000000..25000006)\n' +
          '[ 4][t 0][2024-10-30 23:27:04.390000][transaction.cpp:3655]\tblock random seed set to 0000000000000000000000000000000000000000000000000000000000000000\n' +
          '[ 4][t 0][2024-10-30 23:27:04.390000][transaction.cpp:1236]\tgas limits: max=1000000, limit=1000000, credit=0\n' +
          '[ 4][t 0][2024-10-30 23:27:04.390000][transaction.cpp:1575]\tin_msg_state is null\n' +
          '[ 4][t 0][2024-10-30 23:27:04.390000][transaction.cpp:1645]\tcreating VM\n' +
          '[ 4][t 0][2024-10-30 23:27:04.390000][transaction.cpp:1351]\tSmartContractInfo initialized with [ 124711402 0 0 1732922824 34000000 34000000 14068792954309835536948273256715513127174070948738620016199408580766834334284 [ 5892173730 (null) ] CS{Cell{0273c00525d79b589f1d73b879432cd1a596c0f9c42cf460467bbb795da5a20c021c1383cac0516cc3391606400000000005f5e11940490404401340} bits: 1..268; refs: 0..0} C{A7EC01478F770EF8F8B037CC7E42F0ABF0D85A50E1828C2394DAD1411691F2DE} C{42B6F0E46484EFC57B9508F6BA7EF42E7512023D5CB4ED5628DD1C7755D16E9D} [ 1000000000 (null) ] 7826270 (null) [ CS{Cell{004dd06600000000000000000000000080000000000000fa00000000000001f4000000000003d09040} bits: 9..305; refs: 0..0} (null) CS{Cell{0094d1000000000000006400000000000f4240de000000002710000000000000000f42400000000002160ec0000000000000271000000000002625a00000000005f5e100000000003b9aca00} bits: 0..592; refs: 0..0} CS{Cell{0094d100000000000000640000000000009c40de000000000190000000000000000f424000000000000f4240000000000000271000000000009896800000000005f5e100000000003b9aca00} bits: 0..592; refs: 0..0} CS{Cell{0042ea000000000098968000000000271000000000000f424000000001800055555555} bits: 0..264; refs: 0..0} CS{Cell{0042ea0000000000061a800000000001900000000000009c4000000001800055555555} bits: 0..264; refs: 0..0} (null) ] 0 (null) ]\n' +
          '[ 4][t 0][2024-10-30 23:27:04.390000][transaction.cpp:1675]\tstarting VM\n' +
          '[ 4][t 0][2024-10-30 23:27:04.391000][transaction.cpp:1680]\tVM terminated with exit code 0\n' +
          '[ 3][t 0][2024-10-30 23:27:04.391000][transaction.cpp:1702]\tsteps: 597 gas: used=21840, max=1000000, limit=1000000, credit=0\n' +
          '[ 3][t 0][2024-10-30 23:27:04.391000][transaction.cpp:1704]\tout_of_gas=false, accepted=true, success=true, time=0.000715s\n' +
          '[ 4][t 0][2024-10-30 23:27:04.391000][transaction.cpp:1737]\tgas fees: 8736000 = 26214400 * 21840 /2^16 ; price=26214400; flat rate=[40000 for 100]; remaining balance=5883437730ng\n' +
          '[ 3][t 0][2024-10-30 23:27:04.391000][transaction.cpp:2678]\tin try_action_reserve_currency(0)\n' +
          '[ 4][t 0][2024-10-30 23:27:04.391000][transaction.cpp:2684]\taction_reserve_currency: mode=0, reserve=4900000000ng, balance=5883437730ng, original balance=4892173730ng\n' +
          '[ 3][t 0][2024-10-30 23:27:04.391000][transaction.cpp:2729]\tchanged remaining balance to 983437730ng, reserved balance to 4900000000ng\n' +
          '[ 4][t 0][2024-10-30 23:27:04.391000][transaction.cpp:2448]\tstorage paid for a message: 2 cells, 314 bits\n' +
          '[ 4][t 0][2024-10-30 23:27:04.391000][transaction.cpp:2452]\tcomputed fwd fees = 605600 + 0\n',
        vmLogs: 'xecute EQUAL\n' +
          'execute THROWIF 137\n' +
          'execute PUSHPOW2 10\n' +
          'execute EQUAL\n' +
          'execute THROWIFNOT 136\n' +
          'execute STSLICER\n' +
          'execute ENDC\n' +
          'execute ROT\n' +
          'execute STREF\n' +
          'execute ENDC\n' +
          'execute SWAP\n' +
          'execute STREF\n' +
          'execute implicit RET\n' +
          'execute ENDC\n' +
          'execute POP c4\n' +
          'execute implicit RET\n',
        debugLogs: '',
        events: [ [Object] ],
        parent: {
          address: 105818132960003171416304597453717637701794574747475969910003481004036112389684n,
          lt: 33000000n,
          prevTransactionHash: 37866056593020153084681010430190058650536176812007838626994524442911258856432n,
          prevTransactionLt: 9000000n,
          now: 1732922824,
          outMessagesCount: 1,
          oldStatus: 'active',
          endStatus: 'active',
          inMessage: [Object],
          outMessages: [Dictionary],
          totalFees: [Object],
          stateUpdate: [Object],
          description: [Object],
          raw: x{7E9F2F0D84B872955EA7531CD76AA1708C7F19E9781FF03939BD35BA547EE16340000000001F78A4053B76DB42BCC1E7BB425943549B7CA6FA36BABC2FD4FC2D3D5A025614A164BF00000000000895440674A4DC80003463DA7C0}
           x{E_}
            x{8801D3E5E1B0970E52ABD4EA639AED542E118FE33D2F03FE072737A6B74A8FDC2C6802BC9BC768926A23A5756414E09C5AACC5A8B467BCFE982B187D2EAA14C93B224E_}
             x{D001}
              x{6200292EBCDAC4F8EB9DC3CA19668D2CB607CE2167A30233DDDBCAED2D106010E09C21DCD6500000000000000000000000000000E9626FBA000000000000000000000000}
               x{03DF94AA22417D78400000001937A3FD5404_}
               x{03DF94AA23405F5E100000001937A3FD5404_}
            x{DF_}
             x{6801D3E5E1B0970E52ABD4EA639AED542E118FE33D2F03FE072737A6B74A8FDC2C690014975E6D627C75CEE1E50CB346965B03E710B3D18119EEEDE57696883008704E10EE6B2800060C0F880000000003EF1482CE949B9074B137DD0000000000000000000000004_}
              x{03DF94AA22417D78400000001937A3FD5404_}
              x{03DF94AA23405F5E100000001937A3FD5404_}
           x{722228585C4BA957B46C849BB83127CACA012971B383E9288EB4258C4873700DF12331DBA1DC1EB275C87AEFDDA1D972DD2DE2C946ECDF78397B3D7C1A578AD83B}
           x{0CC0939506185E94844_}
            x{40F223138800000000000000000C800000000000000000000000000000000000000000000000000000000000000000000000000000000000000000000000000000000000000000000000000000002_}
            x{C98485D04C0C0F70000000000002000000000003C8E5B7FE84F827D93ADF95ABC79302500EE734FB7D84D13151A21EAC49EA1DCC40D022DC_},
          hash: [Function: hash],
          blockchainLogs: '[ 4][t 0][2024-10-30 23:27:04.387000][transaction.cpp:443]\tunpacking account E9F2F0D84B872955EA7531CD76AA1708C7F19E9781FF03939BD35BA547EE1634\n' +
            '[ 4][t 0][2024-10-30 23:27:04.387000][transaction.cpp:274]\tlast_paid=1730330824; cells=6 bits=821 public_cells=0\n' +
            '[ 4][t 0][2024-10-30 23:27:04.387000][transaction.cpp:504]\tend of Account.unpack() for 0:E9F2F0D84B872955EA7531CD76AA1708C7F19E9781FF03939BD35BA547EE1634 (balance = 1000000000000000ng ; last_trans_lt = 9000000..9000001)\n' +
            '[ 4][t 0][2024-10-30 23:27:04.387000][transaction.cpp:3655]\tblock random seed set to 0000000000000000000000000000000000000000000000000000000000000000\n' +
            '[ 4][t 0][2024-10-30 23:27:04.387000][transaction.cpp:788]\tstorage paid for a message: 4 cells, 842 bits\n' +
            '[ 4][t 0][2024-10-30 23:27:04.387000][transaction.cpp:802]\tcomputed fwd fees = 896800 + 0\n' +
            '[ 4][t 0][2024-10-30 23:27:04.387000][transaction.cpp:1236]\tgas limits: max=1000000, limit=0, credit=10000\n' +
            '[ 4][t 0][2024-10-30 23:27:04.387000][transaction.cpp:1575]\tin_msg_state is null\n' +
            '[ 4][t 0][2024-10-30 23:27:04.387000][transaction.cpp:1645]\tcreating VM\n' +
            '[ 4][t 0][2024-10-30 23:27:04.387000][transaction.cpp:1351]\tSmartContractInfo initialized with [ 124711402 0 0 1732922824 33000000 33000000 60210483465141978598827679003117970236339845468170532052053411751718225576024 [ 999999998952076 (null) ] CS{Cell{0275c00e9f2f0d84b872955ea7531cd76aa1708c7f19e9781ff03939bd35ba547ee163420c80cd43391606400000000002255105c0e35fa931a0001340} bits: 1..268; refs: 0..0} C{A7EC01478F770EF8F8B037CC7E42F0ABF0D85A50E1828C2394DAD1411691F2DE} C{D992502B94EA96E7B34E5D62FFB0C6FC73D78B3E61F11F0848FB3A1EB1AFC912} [ 0 (null) ] 151124 (null) [ CS{Cell{004dd06600000000000000000000000080000000000000fa00000000000001f4000000000003d09040} bits: 9..305; refs: 0..0} (null) CS{Cell{0094d1000000000000006400000000000f4240de000000002710000000000000000f42400000000002160ec0000000000000271000000000002625a00000000005f5e100000000003b9aca00} bits: 0..592; refs: 0..0} CS{Cell{0094d100000000000000640000000000009c40de000000000190000000000000000f424000000000000f4240000000000000271000000000009896800000000005f5e100000000003b9aca00} bits: 0..592; refs: 0..0} CS{Cell{0042ea000000000098968000000000271000000000000f424000000001800055555555} bits: 0..264; refs: 0..0} CS{Cell{0042ea0000000000061a800000000001900000000000009c4000000001800055555555} bits: 0..264; refs: 0..0} (null) ] 0 (null) ]\n' +
            '[ 4][t 0][2024-10-30 23:27:04.388000][transaction.cpp:1675]\tstarting VM\n' +
            '[ 4][t 0][2024-10-30 23:27:04.388000][transaction.cpp:1680]\tVM terminated with exit code 0\n' +
            '[ 3][t 0][2024-10-30 23:27:04.388000][transaction.cpp:1702]\tsteps: 50 gas: used=1937, max=1000000, limit=1000000, credit=0\n' +
            '[ 3][t 0][2024-10-30 23:27:04.388000][transaction.cpp:1704]\tout_of_gas=false, accepted=true, success=true, time=0.000086s\n' +
            '[ 4][t 0][2024-10-30 23:27:04.388000][transaction.cpp:1737]\tgas fees: 774800 = 26214400 * 1937 /2^16 ; price=26214400; flat rate=[40000 for 100]; remaining balance=999999998177276ng\n' +
            '[ 4][t 0][2024-10-30 23:27:04.388000][transaction.cpp:2448]\tstorage paid for a message: 2 cells, 282 bits\n' +
            '[ 4][t 0][2024-10-30 23:27:04.388000][transaction.cpp:2452]\tcomputed fwd fees = 592800 + 0\n',
          vmLogs: 'ULLSWAPIFNOT2\n' +
            'execute DUP\n' +
            'execute PUSHCONT x02D307D43001FB00\n' +
            'execute PUSHCONT x32\n' +
            'execute IFELSE\n' +
            'execute POP s2\n' +
            'execute implicit RET\n' +
            'execute SWAP\n' +
            'execute NOT\n' +
            'execute implicit RET\n' +
            'until loop body end\n' +
            'until loop terminated\n' +
            'execute 2DROP\n' +
            'execute implicit RET\n',
          debugLogs: '',
          events: [Array],
          parent: undefined,
          children: [Array],
          externals: []
        },
        children: [ [Object] ],
        externals: []
      },
      {
        address: 8298038735212017995993598744482915721429218553349686891340117237129977838804n,
        lt: 35000000n,
        prevTransactionHash: 28163011935694451327965182413073439189987628464699340088975489860089960114887n,
        prevTransactionLt: 22000000n,
        now: 1732922824,
        outMessagesCount: 1,
        oldStatus: 'active',
        endStatus: 'active',
        inMessage: {
          info: [Object],
          init: null,
          body: x{03DF94AA000000000000000022417D78400000001937A3FD54011A02FAF080000000C9BD1FEAA02_}
           x{}
        },
        outMessages: Dictionary { _key: [Object], _value: [Object], _map: [Map] },
        totalFees: { coins: 3697061n },
        stateUpdate: {
          oldHash: <Buffer a6 3c 08 90 53 f7 bb 22 3e 25 89 0b fd 64 fe be 1f 91 fa f3 12 3f 69 d6 6d 6e b3 7e 04 67 6f 6f>,
          newHash: <Buffer a0 14 0d 2c f6 91 67 f9 f8 72 77 87 57 a1 cd 19 13 dd b6 8e 74 e0 cb ad dc bd ad b7 b4 df 1f 53>
        },
        description: {
          type: 'generic',
          creditFirst: false,
          storagePhase: [Object],
          creditPhase: [Object],
          computePhase: [Object],
          actionPhase: [Object],
          bouncePhase: undefined,
          aborted: false,
          destroyed: false
        },
        raw: x{7125886032725094E79C44C1AB9642FE1CBF1BF4D77DB25C345DDBE7A8C80BCD40000000002160EC03E43B32AF00749A3B4318643515B4E08F151855B8EEC30D05422819A6492AAC700000000014FB180674A4DC800034670D34A}
         x{E_}
          x{6800A4BAF36B13E3AE770F28659A34B2D81F38859E8C08CF776F2BB4B441804382710004962180C9C942539E711306AE590BF872FC6FD35DF6C970D1776F9EA3202F3510EA535008060C523200000000040D9902CE949B9001EFCA5500000000000000001120BEBC200000000C9BD1FEAA008D017D784000000064DE8FF5501_}
           x{}
          x{DF_}
           x{680024B10C064E4A129CF388983572C85FC397E37E9AEFB64B868BBB7CF5190179A90014975E6D627C75CEE1E50CB346965B03E710B3D18119EEEDE57696883008704E10E948B608061479B600000000042C1D82CE949B90C_}
            x{935FA9D10000000000000000}
             x{00000000000000000000000000000000000000000000000000000000000000220000000000000000000000000000000000000000000000000000000017D7840001937A3FD540}
             x{00000000000000000000000000000000000000000000000000000000000000230000000000000000000000000000000000000000000000000000000005F5E10001937A3FD540}
         x{72A63C089053F7BB223E25890BFD64FEBE1F91FAF3123F69D66D6EB37E04676F6FA0140D2CF69167F9F872778757A1CD1913DDB68E74E0CBADDCBDADB7B4DF1F53}
         x{04260E383890EA535009866696811_}
          x{441A8C3D09000000000000000000D800000000000000000000000000000000000000000000000000000000000000000000000000000000000000000000000000000000000000000000000000000000}
          x{C987ADA04C147994000000000002000000000003AB97FA34061B4B4F874B65737F5DE6D30437D12341B51B3E1118247E6B2CF1D641103C0C_},
        hash: [Function: hash],
        blockchainLogs: '[ 4][t 0][2024-10-30 23:27:04.394000][transaction.cpp:443]\tunpacking account 125886032725094E79C44C1AB9642FE1CBF1BF4D77DB25C345DDBE7A8C80BCD4\n' +
          '[ 4][t 0][2024-10-30 23:27:04.394000][transaction.cpp:274]\tlast_paid=1730330824; cells=15 bits=4281 public_cells=0\n' +
          '[ 4][t 0][2024-10-30 23:27:04.394000][transaction.cpp:504]\tend of Account.unpack() for 0:125886032725094E79C44C1AB9642FE1CBF1BF4D77DB25C345DDBE7A8C80BCD4 (balance = 0ng ; last_trans_lt = 22000000..22000002)\n' +
          '[ 4][t 0][2024-10-30 23:27:04.394000][transaction.cpp:3655]\tblock random seed set to 0000000000000000000000000000000000000000000000000000000000000000\n' +
          '[ 4][t 0][2024-10-30 23:27:04.394000][transaction.cpp:1236]\tgas limits: max=1000000, limit=1000000, credit=0\n' +
          '[ 4][t 0][2024-10-30 23:27:04.394000][transaction.cpp:1575]\tin_msg_state is null\n' +
          '[ 4][t 0][2024-10-30 23:27:04.394000][transaction.cpp:1645]\tcreating VM\n' +
          '[ 4][t 0][2024-10-30 23:27:04.394000][transaction.cpp:1351]\tSmartContractInfo initialized with [ 124711402 0 0 1732922824 35000000 35000000 82439665744655549942718375299244058949366754266342087607225540301749132006686 [ 982832130 (null) ] CS{Cell{0267c00125886032725094e79c44c1ab9642fe1cbf1bf4d77db25c345ddbe7a8c80bcd421e842e433916064000000000053ec6081340} bits: 1..268; refs: 0..0} C{A7EC01478F770EF8F8B037CC7E42F0ABF0D85A50E1828C2394DAD1411691F2DE} C{BF31B32BE5ACBAACCE8B48CCEB4C84B86023EA1F188E974030A4F420D26CF50F} [ 982832130 (null) ] 0 (null) [ CS{Cell{004dd06600000000000000000000000080000000000000fa00000000000001f4000000000003d09040} bits: 9..305; refs: 0..0} (null) CS{Cell{0094d1000000000000006400000000000f4240de000000002710000000000000000f42400000000002160ec0000000000000271000000000002625a00000000005f5e100000000003b9aca00} bits: 0..592; refs: 0..0} CS{Cell{0094d100000000000000640000000000009c40de000000000190000000000000000f424000000000000f4240000000000000271000000000009896800000000005f5e100000000003b9aca00} bits: 0..592; refs: 0..0} CS{Cell{0042ea000000000098968000000000271000000000000f424000000001800055555555} bits: 0..264; refs: 0..0} CS{Cell{0042ea0000000000061a800000000001900000000000009c4000000001800055555555} bits: 0..264; refs: 0..0} (null) ] 465948 (null) ]\n' +
          '[ 4][t 0][2024-10-30 23:27:04.394000][transaction.cpp:1675]\tstarting VM\n' +
          '[ 4][t 0][2024-10-30 23:27:04.394000][transaction.cpp:1680]\tVM terminated with exit code 0\n' +
          '[ 3][t 0][2024-10-30 23:27:04.394000][transaction.cpp:1702]\tsteps: 216 gas: used=8404, max=1000000, limit=1000000, credit=0\n' +
          '[ 3][t 0][2024-10-30 23:27:04.394000][transaction.cpp:1704]\tout_of_gas=false, accepted=true, success=true, time=0.000229s\n' +
          '[ 4][t 0][2024-10-30 23:27:04.394000][transaction.cpp:1737]\tgas fees: 3361600 = 26214400 * 8404 /2^16 ; price=26214400; flat rate=[40000 for 100]; remaining balance=979470530ng\n' +
          '[ 4][t 0][2024-10-30 23:27:04.394000][transaction.cpp:2448]\tstorage paid for a message: 3 cells, 1216 bits\n' +
          '[ 4][t 0][2024-10-30 23:27:04.394000][transaction.cpp:2452]\tcomputed fwd fees = 1006400 + 0\n',
        vmLogs: 'xecute PUSHINT -1\n' +
          'execute implicit RET\n' +
          'execute THROWIFNOT 130\n' +
          'execute NEWC\n' +
          'execute GETGLOB 3\n' +
          'execute SWAP\n' +
          'execute STREF\n' +
          'execute PUSHINT -1\n' +
          'execute SWAP\n' +
          'execute STI 1\n' +
          'execute SWAP\n' +
          'execute SWAP\n' +
          'execute STU 32\n' +
          'execute ENDC\n' +
          'execute POP c4\n' +
          'execute implicit RET\n',
        debugLogs: '',
        events: [ [Object] ],
        parent: {
          address: 37254810366437813475271750514734067285117962570475561289538093995582013161784n,
          lt: 34000000n,
          prevTransactionHash: 81930958426886334311564629852190977330892166263226734852081976787028588297445n,
          prevTransactionLt: 25000000n,
          now: 1732922824,
          outMessagesCount: 1,
          oldStatus: 'active',
          endStatus: 'active',
          inMessage: [Object],
          outMessages: [Dictionary],
          totalFees: [Object],
          stateUpdate: [Object],
          description: [Object],
          raw: x{7525D79B589F1D73B879432CD1A596C0F9C42CF460467BBB795DA5A20C021C138000000000206CC80B5234775498763231978D05C7939EA28C229BE576951BBF2121E3FFDA55AFCE500000000017D7840674A4DC8000347FF99CA}
           x{E_}
            x{6801D3E5E1B0970E52ABD4EA639AED542E118FE33D2F03FE072737A6B74A8FDC2C690014975E6D627C75CEE1E50CB346965B03E710B3D18119EEEDE57696883008704E10EE6B2800060C0F880000000003EF1482CE949B9074B137DD0000000000000000000000004_}
             x{03DF94AA22417D78400000001937A3FD5404_}
             x{03DF94AA23405F5E100000001937A3FD5404_}
            x{DF_}
             x{6800A4BAF36B13E3AE770F28659A34B2D81F38859E8C08CF776F2BB4B441804382710004962180C9C942539E711306AE590BF872FC6FD35DF6C970D1776F9EA3202F3510EA535008060C523200000000040D9902CE949B90C_}
              x{03DF94AA000000000000000022417D78400000001937A3FD54011A02FAF080000000C9BD1FEAA02_}
               x{}
           x{72A6B5D204A5EF29ED61CDC8E3B082105B314C61A2733045BAC2F31E5DFAE32B4AC40513C1907958AEB31B3D7531B3A8796222AAB148EFDEB218971DDABDCC443D}
           x{04DDDAD7890EE6B2801870A9A011_}
            x{4AAA0C3D090000000000000000025500000000000000000000000000000000000000000000000000000000000000000000000000000000000000000000000000000000000000000000000000000000}
            x{C9849ED04C0C521C00000000000400020000000200EDE4CA86E71A79FB373345BC7764EDD2303F86CB2D5DBDE9B2C45E1A92C44240D01FDC_},
          hash: [Function: hash],
          blockchainLogs: '[ 4][t 0][2024-10-30 23:27:04.390000][transaction.cpp:443]\tunpacking account 525D79B589F1D73B879432CD1A596C0F9C42CF460467BBB795DA5A20C021C138\n' +
            '[ 4][t 0][2024-10-30 23:27:04.390000][transaction.cpp:274]\tlast_paid=1730330824; cells=229 bits=83379 public_cells=0\n' +
            '[ 4][t 0][2024-10-30 23:27:04.390000][transaction.cpp:504]\tend of Account.unpack() for 0:525D79B589F1D73B879432CD1A596C0F9C42CF460467BBB795DA5A20C021C138 (balance = 4900000000ng ; last_trans_lt = 25000000..25000006)\n' +
            '[ 4][t 0][2024-10-30 23:27:04.390000][transaction.cpp:3655]\tblock random seed set to 0000000000000000000000000000000000000000000000000000000000000000\n' +
            '[ 4][t 0][2024-10-30 23:27:04.390000][transaction.cpp:1236]\tgas limits: max=1000000, limit=1000000, credit=0\n' +
            '[ 4][t 0][2024-10-30 23:27:04.390000][transaction.cpp:1575]\tin_msg_state is null\n' +
            '[ 4][t 0][2024-10-30 23:27:04.390000][transaction.cpp:1645]\tcreating VM\n' +
            '[ 4][t 0][2024-10-30 23:27:04.390000][transaction.cpp:1351]\tSmartContractInfo initialized with [ 124711402 0 0 1732922824 34000000 34000000 14068792954309835536948273256715513127174070948738620016199408580766834334284 [ 5892173730 (null) ] CS{Cell{0273c00525d79b589f1d73b879432cd1a596c0f9c42cf460467bbb795da5a20c021c1383cac0516cc3391606400000000005f5e11940490404401340} bits: 1..268; refs: 0..0} C{A7EC01478F770EF8F8B037CC7E42F0ABF0D85A50E1828C2394DAD1411691F2DE} C{42B6F0E46484EFC57B9508F6BA7EF42E7512023D5CB4ED5628DD1C7755D16E9D} [ 1000000000 (null) ] 7826270 (null) [ CS{Cell{004dd06600000000000000000000000080000000000000fa00000000000001f4000000000003d09040} bits: 9..305; refs: 0..0} (null) CS{Cell{0094d1000000000000006400000000000f4240de000000002710000000000000000f42400000000002160ec0000000000000271000000000002625a00000000005f5e100000000003b9aca00} bits: 0..592; refs: 0..0} CS{Cell{0094d100000000000000640000000000009c40de000000000190000000000000000f424000000000000f4240000000000000271000000000009896800000000005f5e100000000003b9aca00} bits: 0..592; refs: 0..0} CS{Cell{0042ea000000000098968000000000271000000000000f424000000001800055555555} bits: 0..264; refs: 0..0} CS{Cell{0042ea0000000000061a800000000001900000000000009c4000000001800055555555} bits: 0..264; refs: 0..0} (null) ] 0 (null) ]\n' +
            '[ 4][t 0][2024-10-30 23:27:04.390000][transaction.cpp:1675]\tstarting VM\n' +
            '[ 4][t 0][2024-10-30 23:27:04.391000][transaction.cpp:1680]\tVM terminated with exit code 0\n' +
            '[ 3][t 0][2024-10-30 23:27:04.391000][transaction.cpp:1702]\tsteps: 597 gas: used=21840, max=1000000, limit=1000000, credit=0\n' +
            '[ 3][t 0][2024-10-30 23:27:04.391000][transaction.cpp:1704]\tout_of_gas=false, accepted=true, success=true, time=0.000715s\n' +
            '[ 4][t 0][2024-10-30 23:27:04.391000][transaction.cpp:1737]\tgas fees: 8736000 = 26214400 * 21840 /2^16 ; price=26214400; flat rate=[40000 for 100]; remaining balance=5883437730ng\n' +
            '[ 3][t 0][2024-10-30 23:27:04.391000][transaction.cpp:2678]\tin try_action_reserve_currency(0)\n' +
            '[ 4][t 0][2024-10-30 23:27:04.391000][transaction.cpp:2684]\taction_reserve_currency: mode=0, reserve=4900000000ng, balance=5883437730ng, original balance=4892173730ng\n' +
            '[ 3][t 0][2024-10-30 23:27:04.391000][transaction.cpp:2729]\tchanged remaining balance to 983437730ng, reserved balance to 4900000000ng\n' +
            '[ 4][t 0][2024-10-30 23:27:04.391000][transaction.cpp:2448]\tstorage paid for a message: 2 cells, 314 bits\n' +
            '[ 4][t 0][2024-10-30 23:27:04.391000][transaction.cpp:2452]\tcomputed fwd fees = 605600 + 0\n',
          vmLogs: 'xecute EQUAL\n' +
            'execute THROWIF 137\n' +
            'execute PUSHPOW2 10\n' +
            'execute EQUAL\n' +
            'execute THROWIFNOT 136\n' +
            'execute STSLICER\n' +
            'execute ENDC\n' +
            'execute ROT\n' +
            'execute STREF\n' +
            'execute ENDC\n' +
            'execute SWAP\n' +
            'execute STREF\n' +
            'execute implicit RET\n' +
            'execute ENDC\n' +
            'execute POP c4\n' +
            'execute implicit RET\n',
          debugLogs: '',
          events: [Array],
          parent: [Object],
          children: [Array],
          externals: []
        },
        children: [ [Object] ],
        externals: []
      },
      {
        address: 37254810366437813475271750514734067285117962570475561289538093995582013161784n,
        lt: 36000000n,
        prevTransactionHash: 56540743672602345665600675360533373867178719877698522110625670855010364301639n,
        prevTransactionLt: 34000000n,
        now: 1732922824,
        outMessagesCount: 1,
        oldStatus: 'active',
        endStatus: 'active',
        inMessage: {
          info: [Object],
          init: null,
          body: x{935FA9D10000000000000000}
           x{00000000000000000000000000000000000000000000000000000000000000220000000000000000000000000000000000000000000000000000000017D7840001937A3FD540}
           x{00000000000000000000000000000000000000000000000000000000000000230000000000000000000000000000000000000000000000000000000005F5E10001937A3FD540}
        },
        outMessages: Dictionary { _key: [Object], _value: [Object], _map: [Map] },
        totalFees: { coins: 12012664n },
        stateUpdate: {
          oldHash: <Buffer c4 05 13 c1 90 79 58 ae b3 1b 3d 75 31 b3 a8 79 62 22 aa b1 48 ef de b2 18 97 1d da bd cc 44 3d>,
          newHash: <Buffer eb b2 81 fb 87 b6 f1 7e ce ac ba e9 09 67 ae a9 9f c1 c3 18 d9 ca 1c 2f 46 49 d1 82 eb 7d b7 f8>
        },
        description: {
          type: 'generic',
          creditFirst: false,
          storagePhase: [Object],
          creditPhase: [Object],
          computePhase: [Object],
          actionPhase: [Object],
          bouncePhase: undefined,
          aborted: false,
          destroyed: false
        },
        raw: x{7525D79B589F1D73B879432CD1A596C0F9C42CF460467BBB795DA5A20C021C13800000000022551007D00ED45F2D5D3986238C82E71933C7BBD153F362EA9BA7C2FDC32834A722147000000000206CC80674A4DC80003476E98F0}
         x{E_}
          x{680024B10C064E4A129CF388983572C85FC397E37E9AEFB64B868BBB7CF5190179A90014975E6D627C75CEE1E50CB346965B03E710B3D18119EEEDE57696883008704E10E948B608061479B600000000042C1D82CE949B9049AFD4E880000000000000004_}
           x{00000000000000000000000000000000000000000000000000000000000000220000000000000000000000000000000000000000000000000000000017D7840001937A3FD540}
           x{00000000000000000000000000000000000000000000000000000000000000230000000000000000000000000000000000000000000000000000000005F5E10001937A3FD540}
          x{DF_}
           x{6800A4BAF36B13E3AE770F28659A34B2D81F38859E8C08CF776F2BB4B44180438271002E74930F029149EC08380972A5584C717AD4204A4455F097F5E5877CB40E86DA90E6580CC80609BBB000000000044AA202CE949B90C_}
            x{E601F8E50000000000000000}
         x{72C40513C1907958AEB31B3D7531B3A8796222AAB148EFDEB218971DDABDCC443DEBB281FB87B6F17ECEACBAE90967AEA99FC1C318D9CA1C2F4649D182EB7DB7F8}
         x{04090E948B6098769BB211_}
          x{4E782C3D090000000000000000031700000000000000000000000000000000000000000000000000000000000000000000000000000000000000000000000000000000000000000000000000000000}
          x{C983A6604C09BBA000000000000400020000000214626847A94A5F87461B73B7CA12CC1BA3A3427CB42B73372FBA71BFE5AB652A4090190C_},
        hash: [Function: hash],
        blockchainLogs: '[ 4][t 0][2024-10-30 23:27:04.397000][transaction.cpp:443]\tunpacking account 525D79B589F1D73B879432CD1A596C0F9C42CF460467BBB795DA5A20C021C138\n' +
          '[ 4][t 0][2024-10-30 23:27:04.397000][transaction.cpp:274]\tlast_paid=1732922824; cells=232 bits=83698 public_cells=0\n' +
          '[ 4][t 0][2024-10-30 23:27:04.397000][transaction.cpp:504]\tend of Account.unpack() for 0:525D79B589F1D73B879432CD1A596C0F9C42CF460467BBB795DA5A20C021C138 (balance = 4900000000ng ; last_trans_lt = 34000000..34000002)\n' +
          '[ 4][t 0][2024-10-30 23:27:04.397000][transaction.cpp:3655]\tblock random seed set to 0000000000000000000000000000000000000000000000000000000000000000\n' +
          '[ 4][t 0][2024-10-30 23:27:04.397000][transaction.cpp:1236]\tgas limits: max=1000000, limit=1000000, credit=0\n' +
          '[ 4][t 0][2024-10-30 23:27:04.397000][transaction.cpp:1575]\tin_msg_state is null\n' +
          '[ 4][t 0][2024-10-30 23:27:04.397000][transaction.cpp:1645]\tcreating VM\n' +
          '[ 4][t 0][2024-10-30 23:27:04.397000][transaction.cpp:1351]\tSmartContractInfo initialized with [ 124711402 0 0 1732922824 36000000 36000000 14068792954309835536948273256715513127174070948738620016199408580766834334284 [ 5878464130 (null) ] CS{Cell{0273c00525d79b589f1d73b879432cd1a596c0f9c42cf460467bbb795da5a20c021c1383d0c051bc833a526e4000000000081b320940490404401340} bits: 1..268; refs: 0..0} C{A7EC01478F770EF8F8B037CC7E42F0ABF0D85A50E1828C2394DAD1411691F2DE} C{42B6F0E46484EFC57B9508F6BA7EF42E7512023D5CB4ED5628DD1C7755D16E9D} [ 978464130 (null) ] 0 (null) [ CS{Cell{004dd06600000000000000000000000080000000000000fa00000000000001f4000000000003d09040} bits: 9..305; refs: 0..0} (null) CS{Cell{0094d1000000000000006400000000000f4240de000000002710000000000000000f42400000000002160ec0000000000000271000000000002625a00000000005f5e100000000003b9aca00} bits: 0..592; refs: 0..0} CS{Cell{0094d100000000000000640000000000009c40de000000000190000000000000000f424000000000000f4240000000000000271000000000009896800000000005f5e100000000003b9aca00} bits: 0..592; refs: 0..0} CS{Cell{0042ea000000000098968000000000271000000000000f424000000001800055555555} bits: 0..264; refs: 0..0} CS{Cell{0042ea0000000000061a800000000001900000000000009c4000000001800055555555} bits: 0..264; refs: 0..0} (null) ] 0 (null) ]\n' +
          '[ 4][t 0][2024-10-30 23:27:04.397000][transaction.cpp:1675]\tstarting VM\n' +
          '[ 4][t 0][2024-10-30 23:27:04.398000][transaction.cpp:1680]\tVM terminated with exit code 0\n' +
          '[ 3][t 0][2024-10-30 23:27:04.398000][transaction.cpp:1702]\tsteps: 791 gas: used=29633, max=1000000, limit=1000000, credit=0\n' +
          '[ 3][t 0][2024-10-30 23:27:04.398000][transaction.cpp:1704]\tout_of_gas=false, accepted=true, success=true, time=0.000903s\n' +
          '[ 4][t 0][2024-10-30 23:27:04.398000][transaction.cpp:1737]\tgas fees: 11853200 = 26214400 * 29633 /2^16 ; price=26214400; flat rate=[40000 for 100]; remaining balance=5866610930ng\n' +
          '[ 3][t 0][2024-10-30 23:27:04.398000][transaction.cpp:2678]\tin try_action_reserve_currency(0)\n' +
          '[ 4][t 0][2024-10-30 23:27:04.398000][transaction.cpp:2684]\taction_reserve_currency: mode=0, reserve=4900000000ng, balance=5866610930ng, original balance=4900000000ng\n' +
          '[ 3][t 0][2024-10-30 23:27:04.398000][transaction.cpp:2729]\tchanged remaining balance to 966610930ng, reserved balance to 4900000000ng\n' +
          '[ 4][t 0][2024-10-30 23:27:04.398000][transaction.cpp:2448]\tstorage paid for a message: 1 cells, 96 bits\n' +
          '[ 4][t 0][2024-10-30 23:27:04.398000][transaction.cpp:2452]\tcomputed fwd fees = 478400 + 0\n',
        vmLogs: 'xecute EQUAL\n' +
          'execute THROWIF 137\n' +
          'execute PUSHPOW2 10\n' +
          'execute EQUAL\n' +
          'execute THROWIFNOT 136\n' +
          'execute STSLICER\n' +
          'execute ENDC\n' +
          'execute ROT\n' +
          'execute STREF\n' +
          'execute ENDC\n' +
          'execute SWAP\n' +
          'execute STREF\n' +
          'execute implicit RET\n' +
          'execute ENDC\n' +
          'execute POP c4\n' +
          'execute implicit RET\n',
        debugLogs: '',
        events: [ [Object] ],
        parent: {
          address: 8298038735212017995993598744482915721429218553349686891340117237129977838804n,
          lt: 35000000n,
          prevTransactionHash: 28163011935694451327965182413073439189987628464699340088975489860089960114887n,
          prevTransactionLt: 22000000n,
          now: 1732922824,
          outMessagesCount: 1,
          oldStatus: 'active',
          endStatus: 'active',
          inMessage: [Object],
          outMessages: [Dictionary],
          totalFees: [Object],
          stateUpdate: [Object],
          description: [Object],
          raw: x{7125886032725094E79C44C1AB9642FE1CBF1BF4D77DB25C345DDBE7A8C80BCD40000000002160EC03E43B32AF00749A3B4318643515B4E08F151855B8EEC30D05422819A6492AAC700000000014FB180674A4DC800034670D34A}
           x{E_}
            x{6800A4BAF36B13E3AE770F28659A34B2D81F38859E8C08CF776F2BB4B441804382710004962180C9C942539E711306AE590BF872FC6FD35DF6C970D1776F9EA3202F3510EA535008060C523200000000040D9902CE949B9001EFCA5500000000000000001120BEBC200000000C9BD1FEAA008D017D784000000064DE8FF5501_}
             x{}
            x{DF_}
             x{680024B10C064E4A129CF388983572C85FC397E37E9AEFB64B868BBB7CF5190179A90014975E6D627C75CEE1E50CB346965B03E710B3D18119EEEDE57696883008704E10E948B608061479B600000000042C1D82CE949B90C_}
              x{935FA9D10000000000000000}
               x{00000000000000000000000000000000000000000000000000000000000000220000000000000000000000000000000000000000000000000000000017D7840001937A3FD540}
               x{00000000000000000000000000000000000000000000000000000000000000230000000000000000000000000000000000000000000000000000000005F5E10001937A3FD540}
           x{72A63C089053F7BB223E25890BFD64FEBE1F91FAF3123F69D66D6EB37E04676F6FA0140D2CF69167F9F872778757A1CD1913DDB68E74E0CBADDCBDADB7B4DF1F53}
           x{04260E383890EA535009866696811_}
            x{441A8C3D09000000000000000000D800000000000000000000000000000000000000000000000000000000000000000000000000000000000000000000000000000000000000000000000000000000}
            x{C987ADA04C147994000000000002000000000003AB97FA34061B4B4F874B65737F5DE6D30437D12341B51B3E1118247E6B2CF1D641103C0C_},
          hash: [Function: hash],
          blockchainLogs: '[ 4][t 0][2024-10-30 23:27:04.394000][transaction.cpp:443]\tunpacking account 125886032725094E79C44C1AB9642FE1CBF1BF4D77DB25C345DDBE7A8C80BCD4\n' +
            '[ 4][t 0][2024-10-30 23:27:04.394000][transaction.cpp:274]\tlast_paid=1730330824; cells=15 bits=4281 public_cells=0\n' +
            '[ 4][t 0][2024-10-30 23:27:04.394000][transaction.cpp:504]\tend of Account.unpack() for 0:125886032725094E79C44C1AB9642FE1CBF1BF4D77DB25C345DDBE7A8C80BCD4 (balance = 0ng ; last_trans_lt = 22000000..22000002)\n' +
            '[ 4][t 0][2024-10-30 23:27:04.394000][transaction.cpp:3655]\tblock random seed set to 0000000000000000000000000000000000000000000000000000000000000000\n' +
            '[ 4][t 0][2024-10-30 23:27:04.394000][transaction.cpp:1236]\tgas limits: max=1000000, limit=1000000, credit=0\n' +
            '[ 4][t 0][2024-10-30 23:27:04.394000][transaction.cpp:1575]\tin_msg_state is null\n' +
            '[ 4][t 0][2024-10-30 23:27:04.394000][transaction.cpp:1645]\tcreating VM\n' +
            '[ 4][t 0][2024-10-30 23:27:04.394000][transaction.cpp:1351]\tSmartContractInfo initialized with [ 124711402 0 0 1732922824 35000000 35000000 82439665744655549942718375299244058949366754266342087607225540301749132006686 [ 982832130 (null) ] CS{Cell{0267c00125886032725094e79c44c1ab9642fe1cbf1bf4d77db25c345ddbe7a8c80bcd421e842e433916064000000000053ec6081340} bits: 1..268; refs: 0..0} C{A7EC01478F770EF8F8B037CC7E42F0ABF0D85A50E1828C2394DAD1411691F2DE} C{BF31B32BE5ACBAACCE8B48CCEB4C84B86023EA1F188E974030A4F420D26CF50F} [ 982832130 (null) ] 0 (null) [ CS{Cell{004dd06600000000000000000000000080000000000000fa00000000000001f4000000000003d09040} bits: 9..305; refs: 0..0} (null) CS{Cell{0094d1000000000000006400000000000f4240de000000002710000000000000000f42400000000002160ec0000000000000271000000000002625a00000000005f5e100000000003b9aca00} bits: 0..592; refs: 0..0} CS{Cell{0094d100000000000000640000000000009c40de000000000190000000000000000f424000000000000f4240000000000000271000000000009896800000000005f5e100000000003b9aca00} bits: 0..592; refs: 0..0} CS{Cell{0042ea000000000098968000000000271000000000000f424000000001800055555555} bits: 0..264; refs: 0..0} CS{Cell{0042ea0000000000061a800000000001900000000000009c4000000001800055555555} bits: 0..264; refs: 0..0} (null) ] 465948 (null) ]\n' +
            '[ 4][t 0][2024-10-30 23:27:04.394000][transaction.cpp:1675]\tstarting VM\n' +
            '[ 4][t 0][2024-10-30 23:27:04.394000][transaction.cpp:1680]\tVM terminated with exit code 0\n' +
            '[ 3][t 0][2024-10-30 23:27:04.394000][transaction.cpp:1702]\tsteps: 216 gas: used=8404, max=1000000, limit=1000000, credit=0\n' +
            '[ 3][t 0][2024-10-30 23:27:04.394000][transaction.cpp:1704]\tout_of_gas=false, accepted=true, success=true, time=0.000229s\n' +
            '[ 4][t 0][2024-10-30 23:27:04.394000][transaction.cpp:1737]\tgas fees: 3361600 = 26214400 * 8404 /2^16 ; price=26214400; flat rate=[40000 for 100]; remaining balance=979470530ng\n' +
            '[ 4][t 0][2024-10-30 23:27:04.394000][transaction.cpp:2448]\tstorage paid for a message: 3 cells, 1216 bits\n' +
            '[ 4][t 0][2024-10-30 23:27:04.394000][transaction.cpp:2452]\tcomputed fwd fees = 1006400 + 0\n',
          vmLogs: 'xecute PUSHINT -1\n' +
            'execute implicit RET\n' +
            'execute THROWIFNOT 130\n' +
            'execute NEWC\n' +
            'execute GETGLOB 3\n' +
            'execute SWAP\n' +
            'execute STREF\n' +
            'execute PUSHINT -1\n' +
            'execute SWAP\n' +
            'execute STI 1\n' +
            'execute SWAP\n' +
            'execute SWAP\n' +
            'execute STU 32\n' +
            'execute ENDC\n' +
            'execute POP c4\n' +
            'execute implicit RET\n',
          debugLogs: '',
          events: [Array],
          parent: [Object],
          children: [Array],
          externals: []
        },
        children: [ [Object] ],
        externals: []
      },
      {
        address: 84049441022908470316622795825605090351520748406577698494615284512509455375210n,
        lt: 37000000n,
        prevTransactionHash: 115165856530283258355154071761335464094693152966047486814559504750939825684826n,
        prevTransactionLt: 29000000n,
        now: 1732922824,
        outMessagesCount: 1,
        oldStatus: 'active',
        endStatus: 'active',
        inMessage: { info: [Object], init: null, body: x{E601F8E50000000000000000} },
        outMessages: Dictionary { _key: [Object], _value: [Object], _map: [Map] },
        totalFees: { coins: 4690543n },
        stateUpdate: {
          oldHash: <Buffer d6 1a 2d 0a fb 4b 9e c1 e6 43 30 4d f2 0f c8 39 78 30 9e f8 ca 5e 05 c1 f1 da 9a 94 b4 73 67 6a>,
          newHash: <Buffer d0 10 9a de 7f 2c 4d db 69 be a7 80 f0 28 24 30 1d 73 3c d6 04 93 ea 7b ae f5 e9 e8 2f 86 c6 09>
        },
        description: {
          type: 'generic',
          creditFirst: false,
          storagePhase: [Object],
          creditPhase: [Object],
          computePhase: [Object],
          actionPhase: [Object],
          bouncePhase: undefined,
          aborted: false,
          destroyed: false
        },
        raw: x{7B9D24C3C0A4527B020E025CA956131C5EB5081291157C25FD7961DF2D03A1B6A0000000002349340FE9D9099E9C21937C60DDBCBFA04ACE623907F97F83CB9499218193E5676C15A0000000001BA8140674A4DC80003468F24DE}
         x{E_}
          x{6800A4BAF36B13E3AE770F28659A34B2D81F38859E8C08CF776F2BB4B44180438271002E74930F029149EC08380972A5584C717AD4204A4455F097F5E5877CB40E86DA90E6580CC80609BBB000000000044AA202CE949B907300FC7280000000000000004_}
          x{DF_}
           x{680173A49878148A4F6041C04B952AC2638BD6A1025222AF84BFAF2C3BE5A07436D50014975E6D627C75CEE1E50CB346965B03E710B3D18119EEEDE57696883008704E10E517F8F80610E50A0000000004692682CE949B90C_}
            x{B687AB17000000000000000000000000}
             x{02208F0D180208F0D180217D78400200E4E1C0247868C00339160643395FDA43391606433A526E400000000800000004_}
              x{801028CD38D6A9FB165BB1D27554DCBBC8B7A064E07EF4C3832956828113614F545_}
         x{72D61A2D0AFB4B9EC1E643304DF20FC83978309EF8CA5E05C1F1DA9A94B473676AD0109ADE7F2C4DDB69BEA780F02824301D733CD60493EA7BAEF5E9E82F86C609}
         x{04C33029090E6580CC9866D31211_}
          x{445E2C3D09000000000000000000FE00000000000000000000000000000000000000000000000000000000000000000000000000000000000000000000000000000000000000000000000000000000}
          x{C98655E04C10E4EC000000000004000200000003B24654A2ACCE12597459BBACD9550F76832E0EB3B9826BEDF680061271C770AC41102E4C_},
        hash: [Function: hash],
        blockchainLogs: '[ 4][t 0][2024-10-30 23:27:04.401000][transaction.cpp:443]\tunpacking account B9D24C3C0A4527B020E025CA956131C5EB5081291157C25FD7961DF2D03A1B6A\n' +
          '[ 4][t 0][2024-10-30 23:27:04.401000][transaction.cpp:274]\tlast_paid=1730330824; cells=28 bits=7131 public_cells=0\n' +
          '[ 4][t 0][2024-10-30 23:27:04.401000][transaction.cpp:504]\tend of Account.unpack() for 0:B9D24C3C0A4527B020E025CA956131C5EB5081291157C25FD7961DF2D03A1B6A (balance = 10000000ng ; last_trans_lt = 29000000..29000002)\n' +
          '[ 4][t 0][2024-10-30 23:27:04.401000][transaction.cpp:3655]\tblock random seed set to 0000000000000000000000000000000000000000000000000000000000000000\n' +
          '[ 4][t 0][2024-10-30 23:27:04.401000][transaction.cpp:1236]\tgas limits: max=1000000, limit=1000000, credit=0\n' +
          '[ 4][t 0][2024-10-30 23:27:04.401000][transaction.cpp:1575]\tin_msg_state is null\n' +
          '[ 4][t 0][2024-10-30 23:27:04.401000][transaction.cpp:1645]\tcreating VM\n' +
          '[ 4][t 0][2024-10-30 23:27:04.401000][transaction.cpp:1351]\tSmartContractInfo initialized with [ 124711402 0 0 1732922824 37000000 37000000 84630195367514639409622924175749312199831056191303332875639359062248049886761 [ 975296782 (null) ] CS{Cell{026dc00b9d24c3c0a4527b020e025ca956131c5eb5081291157c25fd7961df2d03a1b6a23886f6c3391606400000000006ea0508e625a01340} bits: 1..268; refs: 0..0} C{A7EC01478F770EF8F8B037CC7E42F0ABF0D85A50E1828C2394DAD1411691F2DE} C{F2179DCD5CFD8A1E113288591FFB7A5E10E107D0D2C36DF69E40398023DAA7B1} [ 966132530 (null) ] 835748 (null) [ CS{Cell{004dd06600000000000000000000000080000000000000fa00000000000001f4000000000003d09040} bits: 9..305; refs: 0..0} (null) CS{Cell{0094d1000000000000006400000000000f4240de000000002710000000000000000f42400000000002160ec0000000000000271000000000002625a00000000005f5e100000000003b9aca00} bits: 0..592; refs: 0..0} CS{Cell{0094d100000000000000640000000000009c40de000000000190000000000000000f424000000000000f4240000000000000271000000000009896800000000005f5e100000000003b9aca00} bits: 0..592; refs: 0..0} CS{Cell{0042ea000000000098968000000000271000000000000f424000000001800055555555} bits: 0..264; refs: 0..0} CS{Cell{0042ea0000000000061a800000000001900000000000009c4000000001800055555555} bits: 0..264; refs: 0..0} (null) ] 0 (null) ]\n' +
          '[ 4][t 0][2024-10-30 23:27:04.401000][transaction.cpp:1675]\tstarting VM\n' +
          '[ 4][t 0][2024-10-30 23:27:04.401000][transaction.cpp:1680]\tVM terminated with exit code 0\n' +
          '[ 3][t 0][2024-10-30 23:27:04.401000][transaction.cpp:1702]\tsteps: 254 gas: used=8945, max=1000000, limit=1000000, credit=0\n' +
          '[ 3][t 0][2024-10-30 23:27:04.401000][transaction.cpp:1704]\tout_of_gas=false, accepted=true, success=true, time=0.000255s\n' +
          '[ 4][t 0][2024-10-30 23:27:04.401000][transaction.cpp:1737]\tgas fees: 3578000 = 26214400 * 8945 /2^16 ; price=26214400; flat rate=[40000 for 100]; remaining balance=971718782ng\n' +
          '[ 3][t 0][2024-10-30 23:27:04.401000][transaction.cpp:2678]\tin try_action_reserve_currency(0)\n' +
          '[ 4][t 0][2024-10-30 23:27:04.401000][transaction.cpp:2684]\taction_reserve_currency: mode=0, reserve=10000000ng, balance=971718782ng, original balance=9164252ng\n' +
          '[ 3][t 0][2024-10-30 23:27:04.401000][transaction.cpp:2729]\tchanged remaining balance to 961718782ng, reserved balance to 10000000ng\n' +
          '[ 4][t 0][2024-10-30 23:27:04.401000][transaction.cpp:2448]\tstorage paid for a message: 3 cells, 776 bits\n' +
          '[ 4][t 0][2024-10-30 23:27:04.401000][transaction.cpp:2452]\tcomputed fwd fees = 830400 + 0\n',
        vmLogs: 'ecute STSLICER\n' +
          'execute OVER\n' +
          'execute ISNULL\n' +
          'execute NOT\n' +
          'execute PUSHCONT x7F01CA00CC\n' +
          'execute PUSHCONT x7032CA00\n' +
          'execute IFELSE\n' +
          'execute PUSHINT -1\n' +
          'execute SWAP\n' +
          'execute STI 1\n' +
          'execute STREF\n' +
          'execute implicit RET\n' +
          'execute ENDC\n' +
          'execute POP c4\n' +
          'execute implicit RET\n',
        debugLogs: '',
        events: [ [Object] ],
        parent: {
          address: 37254810366437813475271750514734067285117962570475561289538093995582013161784n,
          lt: 36000000n,
          prevTransactionHash: 56540743672602345665600675360533373867178719877698522110625670855010364301639n,
          prevTransactionLt: 34000000n,
          now: 1732922824,
          outMessagesCount: 1,
          oldStatus: 'active',
          endStatus: 'active',
          inMessage: [Object],
          outMessages: [Dictionary],
          totalFees: [Object],
          stateUpdate: [Object],
          description: [Object],
          raw: x{7525D79B589F1D73B879432CD1A596C0F9C42CF460467BBB795DA5A20C021C13800000000022551007D00ED45F2D5D3986238C82E71933C7BBD153F362EA9BA7C2FDC32834A722147000000000206CC80674A4DC80003476E98F0}
           x{E_}
            x{680024B10C064E4A129CF388983572C85FC397E37E9AEFB64B868BBB7CF5190179A90014975E6D627C75CEE1E50CB346965B03E710B3D18119EEEDE57696883008704E10E948B608061479B600000000042C1D82CE949B9049AFD4E880000000000000004_}
             x{00000000000000000000000000000000000000000000000000000000000000220000000000000000000000000000000000000000000000000000000017D7840001937A3FD540}
             x{00000000000000000000000000000000000000000000000000000000000000230000000000000000000000000000000000000000000000000000000005F5E10001937A3FD540}
            x{DF_}
             x{6800A4BAF36B13E3AE770F28659A34B2D81F38859E8C08CF776F2BB4B44180438271002E74930F029149EC08380972A5584C717AD4204A4455F097F5E5877CB40E86DA90E6580CC80609BBB000000000044AA202CE949B90C_}
              x{E601F8E50000000000000000}
           x{72C40513C1907958AEB31B3D7531B3A8796222AAB148EFDEB218971DDABDCC443DEBB281FB87B6F17ECEACBAE90967AEA99FC1C318D9CA1C2F4649D182EB7DB7F8}
           x{04090E948B6098769BB211_}
            x{4E782C3D090000000000000000031700000000000000000000000000000000000000000000000000000000000000000000000000000000000000000000000000000000000000000000000000000000}
            x{C983A6604C09BBA000000000000400020000000214626847A94A5F87461B73B7CA12CC1BA3A3427CB42B73372FBA71BFE5AB652A4090190C_},
          hash: [Function: hash],
          blockchainLogs: '[ 4][t 0][2024-10-30 23:27:04.397000][transaction.cpp:443]\tunpacking account 525D79B589F1D73B879432CD1A596C0F9C42CF460467BBB795DA5A20C021C138\n' +
            '[ 4][t 0][2024-10-30 23:27:04.397000][transaction.cpp:274]\tlast_paid=1732922824; cells=232 bits=83698 public_cells=0\n' +
            '[ 4][t 0][2024-10-30 23:27:04.397000][transaction.cpp:504]\tend of Account.unpack() for 0:525D79B589F1D73B879432CD1A596C0F9C42CF460467BBB795DA5A20C021C138 (balance = 4900000000ng ; last_trans_lt = 34000000..34000002)\n' +
            '[ 4][t 0][2024-10-30 23:27:04.397000][transaction.cpp:3655]\tblock random seed set to 0000000000000000000000000000000000000000000000000000000000000000\n' +
            '[ 4][t 0][2024-10-30 23:27:04.397000][transaction.cpp:1236]\tgas limits: max=1000000, limit=1000000, credit=0\n' +
            '[ 4][t 0][2024-10-30 23:27:04.397000][transaction.cpp:1575]\tin_msg_state is null\n' +
            '[ 4][t 0][2024-10-30 23:27:04.397000][transaction.cpp:1645]\tcreating VM\n' +
            '[ 4][t 0][2024-10-30 23:27:04.397000][transaction.cpp:1351]\tSmartContractInfo initialized with [ 124711402 0 0 1732922824 36000000 36000000 14068792954309835536948273256715513127174070948738620016199408580766834334284 [ 5878464130 (null) ] CS{Cell{0273c00525d79b589f1d73b879432cd1a596c0f9c42cf460467bbb795da5a20c021c1383d0c051bc833a526e4000000000081b320940490404401340} bits: 1..268; refs: 0..0} C{A7EC01478F770EF8F8B037CC7E42F0ABF0D85A50E1828C2394DAD1411691F2DE} C{42B6F0E46484EFC57B9508F6BA7EF42E7512023D5CB4ED5628DD1C7755D16E9D} [ 978464130 (null) ] 0 (null) [ CS{Cell{004dd06600000000000000000000000080000000000000fa00000000000001f4000000000003d09040} bits: 9..305; refs: 0..0} (null) CS{Cell{0094d1000000000000006400000000000f4240de000000002710000000000000000f42400000000002160ec0000000000000271000000000002625a00000000005f5e100000000003b9aca00} bits: 0..592; refs: 0..0} CS{Cell{0094d100000000000000640000000000009c40de000000000190000000000000000f424000000000000f4240000000000000271000000000009896800000000005f5e100000000003b9aca00} bits: 0..592; refs: 0..0} CS{Cell{0042ea000000000098968000000000271000000000000f424000000001800055555555} bits: 0..264; refs: 0..0} CS{Cell{0042ea0000000000061a800000000001900000000000009c4000000001800055555555} bits: 0..264; refs: 0..0} (null) ] 0 (null) ]\n' +
            '[ 4][t 0][2024-10-30 23:27:04.397000][transaction.cpp:1675]\tstarting VM\n' +
            '[ 4][t 0][2024-10-30 23:27:04.398000][transaction.cpp:1680]\tVM terminated with exit code 0\n' +
            '[ 3][t 0][2024-10-30 23:27:04.398000][transaction.cpp:1702]\tsteps: 791 gas: used=29633, max=1000000, limit=1000000, credit=0\n' +
            '[ 3][t 0][2024-10-30 23:27:04.398000][transaction.cpp:1704]\tout_of_gas=false, accepted=true, success=true, time=0.000903s\n' +
            '[ 4][t 0][2024-10-30 23:27:04.398000][transaction.cpp:1737]\tgas fees: 11853200 = 26214400 * 29633 /2^16 ; price=26214400; flat rate=[40000 for 100]; remaining balance=5866610930ng\n' +
            '[ 3][t 0][2024-10-30 23:27:04.398000][transaction.cpp:2678]\tin try_action_reserve_currency(0)\n' +
            '[ 4][t 0][2024-10-30 23:27:04.398000][transaction.cpp:2684]\taction_reserve_currency: mode=0, reserve=4900000000ng, balance=5866610930ng, original balance=4900000000ng\n' +
            '[ 3][t 0][2024-10-30 23:27:04.398000][transaction.cpp:2729]\tchanged remaining balance to 966610930ng, reserved balance to 4900000000ng\n' +
            '[ 4][t 0][2024-10-30 23:27:04.398000][transaction.cpp:2448]\tstorage paid for a message: 1 cells, 96 bits\n' +
            '[ 4][t 0][2024-10-30 23:27:04.398000][transaction.cpp:2452]\tcomputed fwd fees = 478400 + 0\n',
          vmLogs: 'xecute EQUAL\n' +
            'execute THROWIF 137\n' +
            'execute PUSHPOW2 10\n' +
            'execute EQUAL\n' +
            'execute THROWIFNOT 136\n' +
            'execute STSLICER\n' +
            'execute ENDC\n' +
            'execute ROT\n' +
            'execute STREF\n' +
            'execute ENDC\n' +
            'execute SWAP\n' +
            'execute STREF\n' +
            'execute implicit RET\n' +
            'execute ENDC\n' +
            'execute POP c4\n' +
            'execute implicit RET\n',
          debugLogs: '',
          events: [Array],
          parent: [Object],
          children: [Array],
          externals: []
        },
        children: [ [Object] ],
        externals: []
      },
      {
        address: 37254810366437813475271750514734067285117962570475561289538093995582013161784n,
        lt: 38000000n,
        prevTransactionHash: 29672042455214283075261880657225969573425834989645920877703210596215611091393n,
        prevTransactionLt: 36000000n,
        now: 1732922824,
        outMessagesCount: 4,
        oldStatus: 'active',
        endStatus: 'active',
        inMessage: {
          info: [Object],
          init: null,
          body: x{B687AB17000000000000000000000000}
           x{02208F0D180208F0D180217D78400200E4E1C0247868C00339160643395FDA43391606433A526E400000000800000004_}
            x{801028CD38D6A9FB165BB1D27554DCBBC8B7A064E07EF4C3832956828113614F545_}
        },
        outMessages: Dictionary { _key: [Object], _value: [Object], _map: [Map] },
        totalFees: { coins: 31153972n },
        stateUpdate: {
          oldHash: <Buffer eb b2 81 fb 87 b6 f1 7e ce ac ba e9 09 67 ae a9 9f c1 c3 18 d9 ca 1c 2f 46 49 d1 82 eb 7d b7 f8>,
          newHash: <Buffer 2b 70 74 f3 2d 62 61 af cb 63 da 70 63 7d 99 ad 5d 53 ad 21 27 37 9e f4 2d de c8 09 51 c9 d6 34>
        },
        description: {
          type: 'generic',
          creditFirst: false,
          storagePhase: [Object],
          creditPhase: [Object],
          computePhase: [Object],
          actionPhase: [Object],
          bouncePhase: undefined,
          aborted: false,
          destroyed: false
        },
        raw: x{7525D79B589F1D73B879432CD1A596C0F9C42CF460467BBB795DA5A20C021C138000000000243D5804199C7E7C88C52849D8F1B8B94E027CCF7154E84823CC7C19A30D065244669C10000000002255100674A4DC800094803B6BE68}
         x{E_}
          x{680173A49878148A4F6041C04B952AC2638BD6A1025222AF84BFAF2C3BE5A07436D50014975E6D627C75CEE1E50CB346965B03E710B3D18119EEEDE57696883008704E10E517F8F80610E50A0000000004692682CE949B905B43D58B8000000000000000000000004_}
           x{02208F0D180208F0D180217D78400200E4E1C0247868C00339160643395FDA43391606433A526E400000000800000004_}
            x{801028CD38D6A9FB165BB1D27554DCBBC8B7A064E07EF4C3832956828113614F545_}
          x{DB_}
           x{2_}
            x{2_}
             x{6800A4BAF36B13E3AE770F28659A34B2D81F38859E8C08CF776F2BB4B44180438271001F33C9E03834F86C2DA0166D0212C129A321D08D5D171B4080758BCF48863C4D90101931000609BBB0000000000487AB02CE949B90C_}
              x{BC26F4C80000000000000000}
            x{2_}
             x{6800A4BAF36B13E3AE770F28659A34B2D81F38859E8C08CF776F2BB4B4418043827100384BA6D6A6B7DF2422C44C909493A07C03CA0A1FF860A7ED8531810050149DDF10101931000609BBB0000000000487AB04CE949B90C_}
              x{BC26F4C80000000000000001}
           x{2_}
            x{2_}
             x{E00292EBCDAC4F8EB9DC3CA19668D2CB607CE2167A30233DDDBCAED2D106010E09C0000000000487AB06CE949B90C_}
              x{8B6D3812000000000000000000000000801028CD38D6A9FB165BB1D27554DCBBC8B7A064E07EF4C3832956828113614F54491E1A3001_}
            x{2_}
             x{4800A4BAF36B13E3AE770F28659A34B2D81F38859E8C08CF776F2BB4B44180438271002E74930F029149EC08380972A5584C717AD4204A4455F097F5E5877CB40E86DA90BCA367B80656E1D8000000000487AB08CE949B91E_}
              x{34_}
               x{FF00F4A413F4BCF2C80B}
                x{62_}
                 x{D001D0D3030171B0A301FA400120D74981010BBAF2E08820D70B0A208104FFBAF2D0898309BAF2E088545053036F04F86102F862DB3C5512DB3CF2E082}
                  x{ED44D0D401F863D200018E2FD31FFA400120D74981010BBAF2E08820D70B0A208104FFBAF2D0898309BAF2E08801D2000191D4926D01E255206C13E0F828D70B0A8309BAF2E089810101D700FA400120D74981010BBAF2E08820D70B0A208104FFBAF2D0898309BAF2E0881202D101DB3C}
                   x{6D}
                  x{0192307FE07021D749C21F953020D70B1FDE208210AFE93535BA8F5130D31F018210AFE93535BAF2E081D33FFA400120D74981010BBAF2E08820D70B0A208104FFBAF2D0898309BAF2E08801D455206C1332820898968070FB024434DB3C30037083067055206D6D6DDB3C597FE0208210B8A3AA14BAE302}
                   x{F8425220C705F2E084}
                   x{C87101CA01500701CA007001CA02500520D74981010BBAF2E08820D70B0A208104FFBAF2D0898309BAF2E088CF165003FA027001CA68236EB3917F93246EB3E2973333017001CA00E30D216EB39C7F01CA0001206EF2D08001CC95317001CA00E2C901FB00}
                    x{7F01CA00C87001CA007001CA00246EB39D7F01CA0004206EF2D0805004CC9634037001CA00E2246EB39D7F01CA0004206EF2D0805004CC9634037001CA00E27001CA00027F01CA0002C958CC}
                   x{30D31F018210B8A3AA14BAF2E081D33FFA400120D74981010BBAF2E08820D70B0A208104FFBAF2D0898309BAF2E088126C12317020FB025520DB3C03708100A07055206D6D6DDB3C587F}
                    x{F8425220C705F2E084}
                    x{C87101CA01500701CA007001CA02500520D74981010BBAF2E08820D70B0A208104FFBAF2D0898309BAF2E088CF165003FA027001CA68236EB3917F93246EB3E2973333017001CA00E30D216EB39C7F01CA0001206EF2D08001CC95317001CA00E2C901FB00}
                     x{7F01CA00C87001CA007001CA00246EB39D7F01CA0004206EF2D0805004CC9634037001CA00E2246EB39D7F01CA0004206EF2D0805004CC9634037001CA00E27001CA00027F01CA0002C958CC}
                   x{8210E601F8E5BA8ECED31F018210E601F8E5BAF2E081D33F0131820898968070FB02F8416F2410235F037083067F25206EF2D080542580C855208210B687AB175004CB1F12CB3FCB1FCCC9103441301443306D6DDB3C7FE03070}
                    x{C87101CA01500701CA007001CA02500520D74981010BBAF2E08820D70B0A208104FFBAF2D0898309BAF2E088CF165003FA027001CA68236EB3917F93246EB3E2973333017001CA00E30D216EB39C7F01CA0001206EF2D08001CC95317001CA00E2C901FB00}
                     x{7F01CA00C87001CA007001CA00246EB39D7F01CA0004206EF2D0805004CC9634037001CA00E2246EB39D7F01CA0004206EF2D0805004CC9634037001CA00E27001CA00027F01CA0002C958CC}
                  x{C8F84301CC7F01CA0055205023CB1F0120D74981010BBAF2E08820D70B0A208104FFBAF2D0898309BAF2E088CF16216EB3957F01CA00CC947032CA00E2C9ED54}
                 x{2_}
                  x{BE28EED9E6D9E3618C_}
                   x{ED44D0D401F863D200018E2FD31FFA400120D74981010BBAF2E08820D70B0A208104FFBAF2D0898309BAF2E08801D2000191D4926D01E255206C13E0F828D70B0A8309BAF2E089810101D700FA400120D74981010BBAF2E08820D70B0A208104FFBAF2D0898309BAF2E0881202D101DB3C}
                    x{6D}
                   x{21}
                  x{2_}
                   x{4}
                    x{B1D8B6CF36CF1B0C6_}
                     x{ED44D0D401F863D200018E2FD31FFA400120D74981010BBAF2E08820D70B0A208104FFBAF2D0898309BAF2E08801D2000191D4926D01E255206C13E0F828D70B0A8309BAF2E089810101D700FA400120D74981010BBAF2E08820D70B0A208104FFBAF2D0898309BAF2E0881202D101DB3C}
                      x{6D}
                     x{20}
                    x{B36436CF36CF1B0C6_}
                     x{ED44D0D401F863D200018E2FD31FFA400120D74981010BBAF2E08820D70B0A208104FFBAF2D0898309BAF2E08801D2000191D4926D01E255206C13E0F828D70B0A8309BAF2E089810101D700FA400120D74981010BBAF2E08820D70B0A208104FFBAF2D0898309BAF2E0881202D101DB3C}
                      x{6D}
                     x{22}
                   x{B82BEED44D0D20001}
               x{0000000000000000000000000000000000000000000000000000000000000000200292EBCDAC4F8EB9DC3CA19668D2CB607CE2167A30233DDDBCAED2D106010E09C4_}
                x{C_}
                 x{A0838F_}
                  x{FF00F4A413F4BCF2C80B}
                   x{62_}
                    x{D001D0D3030171B0A301FA400120D74981010BBAF2E08820D70B0A208104FFBAF2D0898309BAF2E088545053036F04F86102F862DB3C5512DB3CF2E082}
                     x{ED44D0D401F863D200018E2FD31FFA400120D74981010BBAF2E08820D70B0A208104FFBAF2D0898309BAF2E08801D2000191D4926D01E255206C13E0F828D70B0A8309BAF2E089810101D700FA400120D74981010BBAF2E08820D70B0A208104FFBAF2D0898309BAF2E0881202D101DB3C}
                      x{6D}
                     x{0192307FE07021D749C21F953020D70B1FDE208210AFE93535BA8F5130D31F018210AFE93535BAF2E081D33FFA400120D74981010BBAF2E08820D70B0A208104FFBAF2D0898309BAF2E08801D455206C1332820898968070FB024434DB3C30037083067055206D6D6DDB3C597FE0208210B8A3AA14BAE302}
                      x{F8425220C705F2E084}
                      x{C87101CA01500701CA007001CA02500520D74981010BBAF2E08820D70B0A208104FFBAF2D0898309BAF2E088CF165003FA027001CA68236EB3917F93246EB3E2973333017001CA00E30D216EB39C7F01CA0001206EF2D08001CC95317001CA00E2C901FB00}
                       x{7F01CA00C87001CA007001CA00246EB39D7F01CA0004206EF2D0805004CC9634037001CA00E2246EB39D7F01CA0004206EF2D0805004CC9634037001CA00E27001CA00027F01CA0002C958CC}
                      x{30D31F018210B8A3AA14BAF2E081D33FFA400120D74981010BBAF2E08820D70B0A208104FFBAF2D0898309BAF2E088126C12317020FB025520DB3C03708100A07055206D6D6DDB3C587F}
                       x{F8425220C705F2E084}
                       x{C87101CA01500701CA007001CA02500520D74981010BBAF2E08820D70B0A208104FFBAF2D0898309BAF2E088CF165003FA027001CA68236EB3917F93246EB3E2973333017001CA00E30D216EB39C7F01CA0001206EF2D08001CC95317001CA00E2C901FB00}
                        x{7F01CA00C87001CA007001CA00246EB39D7F01CA0004206EF2D0805004CC9634037001CA00E2246EB39D7F01CA0004206EF2D0805004CC9634037001CA00E27001CA00027F01CA0002C958CC}
                      x{8210E601F8E5BA8ECED31F018210E601F8E5BAF2E081D33F0131820898968070FB02F8416F2410235F037083067F25206EF2D080542580C855208210B687AB175004CB1F12CB3FCB1FCCC9103441301443306D6DDB3C7FE03070}
                       x{C87101CA01500701CA007001CA02500520D74981010BBAF2E08820D70B0A208104FFBAF2D0898309BAF2E088CF165003FA027001CA68236EB3917F93246EB3E2973333017001CA00E30D216EB39C7F01CA0001206EF2D08001CC95317001CA00E2C901FB00}
                        x{7F01CA00C87001CA007001CA00246EB39D7F01CA0004206EF2D0805004CC9634037001CA00E2246EB39D7F01CA0004206EF2D0805004CC9634037001CA00E27001CA00027F01CA0002C958CC}
                     x{C8F84301CC7F01CA0055205023CB1F0120D74981010BBAF2E08820D70B0A208104FFBAF2D0898309BAF2E088CF16216EB3957F01CA00CC947032CA00E2C9ED54}
                    x{2_}
                     x{BE28EED9E6D9E3618C_}
                      x{ED44D0D401F863D200018E2FD31FFA400120D74981010BBAF2E08820D70B0A208104FFBAF2D0898309BAF2E08801D2000191D4926D01E255206C13E0F828D70B0A8309BAF2E089810101D700FA400120D74981010BBAF2E08820D70B0A208104FFBAF2D0898309BAF2E0881202D101DB3C}
                       x{6D}
                      x{21}
                     x{2_}
                      x{4}
                       x{B1D8B6CF36CF1B0C6_}
                        x{ED44D0D401F863D200018E2FD31FFA400120D74981010BBAF2E08820D70B0A208104FFBAF2D0898309BAF2E08801D2000191D4926D01E255206C13E0F828D70B0A8309BAF2E089810101D700FA400120D74981010BBAF2E08820D70B0A208104FFBAF2D0898309BAF2E0881202D101DB3C}
                         x{6D}
                        x{20}
                       x{B36436CF36CF1B0C6_}
                        x{ED44D0D401F863D200018E2FD31FFA400120D74981010BBAF2E08820D70B0A208104FFBAF2D0898309BAF2E08801D2000191D4926D01E255206C13E0F828D70B0A8309BAF2E089810101D700FA400120D74981010BBAF2E08820D70B0A208104FFBAF2D0898309BAF2E0881202D101DB3C}
                         x{6D}
                        x{22}
                      x{B82BEED44D0D20001}
              x{B8A3AA140000000000000000801D3E5E1B0970E52ABD4EA639AED542E118FE33D2F03FE072737A6B74A8FDC2C69_}
         x{72EBB281FB87B6F17ECEACBAE90967AEA99FC1C318D9CA1C2F4649D182EB7DB7F82B7074F32D6261AFCB63DA70637D99AD5D53AD2127379EF42DDEC80951C9D634}
         x{04090E517F8F988036EE1C11_}
          x{602327CC3D09000000000000000007C100000000000000000000000000000000000000000000000000000000000000000000000000000000000000000000000000000000000000000000000000000000}
          x{C9AC8D784C8FB95000000000000A00020000000909C268BB019E365A54F6987EE82CB6D75AE5AD786F74151A02DF5B90A75671C448913B24_},
        hash: [Function: hash],
        blockchainLogs: '[ 4][t 0][2024-10-30 23:27:04.406000][transaction.cpp:443]\tunpacking account 525D79B589F1D73B879432CD1A596C0F9C42CF460467BBB795DA5A20C021C138\n' +
          '[ 4][t 0][2024-10-30 23:27:04.406000][transaction.cpp:274]\tlast_paid=1732922824; cells=232 bits=84050 public_cells=0\n' +
          '[ 4][t 0][2024-10-30 23:27:04.406000][transaction.cpp:504]\tend of Account.unpack() for 0:525D79B589F1D73B879432CD1A596C0F9C42CF460467BBB795DA5A20C021C138 (balance = 4900000000ng ; last_trans_lt = 36000000..36000002)\n' +
          '[ 4][t 0][2024-10-30 23:27:04.406000][transaction.cpp:3655]\tblock random seed set to 0000000000000000000000000000000000000000000000000000000000000000\n' +
          '[ 4][t 0][2024-10-30 23:27:04.406000][transaction.cpp:1236]\tgas limits: max=1000000, limit=1000000, credit=0\n' +
          '[ 4][t 0][2024-10-30 23:27:04.406000][transaction.cpp:1575]\tin_msg_state is null\n' +
          '[ 4][t 0][2024-10-30 23:27:04.406000][transaction.cpp:1645]\tcreating VM\n' +
          '[ 4][t 0][2024-10-30 23:27:04.406000][transaction.cpp:1351]\tSmartContractInfo initialized with [ 124711402 0 0 1732922824 38000000 38000000 14068792954309835536948273256715513127174070948738620016199408580766834334284 [ 5860888382 (null) ] CS{Cell{0273c00525d79b589f1d73b879432cd1a596c0f9c42cf460467bbb795da5a20c021c1383d0c05214833a526e40000000000895440940490404401340} bits: 1..268; refs: 0..0} C{A7EC01478F770EF8F8B037CC7E42F0ABF0D85A50E1828C2394DAD1411691F2DE} C{42B6F0E46484EFC57B9508F6BA7EF42E7512023D5CB4ED5628DD1C7755D16E9D} [ 960888382 (null) ] 0 (null) [ CS{Cell{004dd06600000000000000000000000080000000000000fa00000000000001f4000000000003d09040} bits: 9..305; refs: 0..0} (null) CS{Cell{0094d1000000000000006400000000000f4240de000000002710000000000000000f42400000000002160ec0000000000000271000000000002625a00000000005f5e100000000003b9aca00} bits: 0..592; refs: 0..0} CS{Cell{0094d100000000000000640000000000009c40de000000000190000000000000000f424000000000000f4240000000000000271000000000009896800000000005f5e100000000003b9aca00} bits: 0..592; refs: 0..0} CS{Cell{0042ea000000000098968000000000271000000000000f424000000001800055555555} bits: 0..264; refs: 0..0} CS{Cell{0042ea0000000000061a800000000001900000000000009c4000000001800055555555} bits: 0..264; refs: 0..0} (null) ] 0 (null) ]\n' +
          '[ 4][t 0][2024-10-30 23:27:04.406000][transaction.cpp:1675]\tstarting VM\n' +
          '[ 4][t 0][2024-10-30 23:27:04.408000][transaction.cpp:1680]\tVM terminated with exit code 0\n' +
          '[ 3][t 0][2024-10-30 23:27:04.408000][transaction.cpp:1702]\tsteps: 1985 gas: used=71998, max=1000000, limit=1000000, credit=0\n' +
          '[ 3][t 0][2024-10-30 23:27:04.408000][transaction.cpp:1704]\tout_of_gas=false, accepted=true, success=true, time=0.001934s\n' +
          '[ 4][t 0][2024-10-30 23:27:04.408000][transaction.cpp:1737]\tgas fees: 28799200 = 26214400 * 71998 /2^16 ; price=26214400; flat rate=[40000 for 100]; remaining balance=5832089182ng\n' +
          '[ 3][t 0][2024-10-30 23:27:04.408000][transaction.cpp:2678]\tin try_action_reserve_currency(0)\n' +
          '[ 4][t 0][2024-10-30 23:27:04.408000][transaction.cpp:2684]\taction_reserve_currency: mode=0, reserve=4900000000ng, balance=5832089182ng, original balance=4900000000ng\n' +
          '[ 3][t 0][2024-10-30 23:27:04.408000][transaction.cpp:2729]\tchanged remaining balance to 932089182ng, reserved balance to 4900000000ng\n' +
          '[ 4][t 0][2024-10-30 23:27:04.408000][transaction.cpp:2448]\tstorage paid for a message: 1 cells, 96 bits\n' +
          '[ 4][t 0][2024-10-30 23:27:04.408000][transaction.cpp:2452]\tcomputed fwd fees = 478400 + 0\n' +
          '[ 4][t 0][2024-10-30 23:27:04.408000][transaction.cpp:2448]\tstorage paid for a message: 1 cells, 96 bits\n' +
          '[ 4][t 0][2024-10-30 23:27:04.408000][transaction.cpp:2452]\tcomputed fwd fees = 478400 + 0\n' +
          '[ 4][t 0][2024-10-30 23:27:04.408000][transaction.cpp:2448]\tstorage paid for a message: 1 cells, 431 bits\n' +
          '[ 4][t 0][2024-10-30 23:27:04.408000][transaction.cpp:2452]\tcomputed fwd fees = 612400 + 0\n' +
          '[ 4][t 0][2024-10-30 23:27:04.408000][transaction.cpp:2448]\tstorage paid for a message: 27 cells, 6976 bits\n' +
          '[ 4][t 0][2024-10-30 23:27:04.408000][transaction.cpp:2452]\tcomputed fwd fees = 4270400 + 0\n',
        vmLogs: 'xecute EQUAL\n' +
          'execute THROWIF 137\n' +
          'execute PUSHPOW2 10\n' +
          'execute EQUAL\n' +
          'execute THROWIFNOT 136\n' +
          'execute STSLICER\n' +
          'execute ENDC\n' +
          'execute ROT\n' +
          'execute STREF\n' +
          'execute ENDC\n' +
          'execute SWAP\n' +
          'execute STREF\n' +
          'execute implicit RET\n' +
          'execute ENDC\n' +
          'execute POP c4\n' +
          'execute implicit RET\n',
        debugLogs: '',
        events: [ [Object], [Object], [Object] ],
        parent: {
          address: 84049441022908470316622795825605090351520748406577698494615284512509455375210n,
          lt: 37000000n,
          prevTransactionHash: 115165856530283258355154071761335464094693152966047486814559504750939825684826n,
          prevTransactionLt: 29000000n,
          now: 1732922824,
          outMessagesCount: 1,
          oldStatus: 'active',
          endStatus: 'active',
          inMessage: [Object],
          outMessages: [Dictionary],
          totalFees: [Object],
          stateUpdate: [Object],
          description: [Object],
          raw: x{7B9D24C3C0A4527B020E025CA956131C5EB5081291157C25FD7961DF2D03A1B6A0000000002349340FE9D9099E9C21937C60DDBCBFA04ACE623907F97F83CB9499218193E5676C15A0000000001BA8140674A4DC80003468F24DE}
           x{E_}
            x{6800A4BAF36B13E3AE770F28659A34B2D81F38859E8C08CF776F2BB4B44180438271002E74930F029149EC08380972A5584C717AD4204A4455F097F5E5877CB40E86DA90E6580CC80609BBB000000000044AA202CE949B907300FC7280000000000000004_}
            x{DF_}
             x{680173A49878148A4F6041C04B952AC2638BD6A1025222AF84BFAF2C3BE5A07436D50014975E6D627C75CEE1E50CB346965B03E710B3D18119EEEDE57696883008704E10E517F8F80610E50A0000000004692682CE949B90C_}
              x{B687AB17000000000000000000000000}
               x{02208F0D180208F0D180217D78400200E4E1C0247868C00339160643395FDA43391606433A526E400000000800000004_}
                x{801028CD38D6A9FB165BB1D27554DCBBC8B7A064E07EF4C3832956828113614F545_}
           x{72D61A2D0AFB4B9EC1E643304DF20FC83978309EF8CA5E05C1F1DA9A94B473676AD0109ADE7F2C4DDB69BEA780F02824301D733CD60493EA7BAEF5E9E82F86C609}
           x{04C33029090E6580CC9866D31211_}
            x{445E2C3D09000000000000000000FE00000000000000000000000000000000000000000000000000000000000000000000000000000000000000000000000000000000000000000000000000000000}
            x{C98655E04C10E4EC000000000004000200000003B24654A2ACCE12597459BBACD9550F76832E0EB3B9826BEDF680061271C770AC41102E4C_},
          hash: [Function: hash],
          blockchainLogs: '[ 4][t 0][2024-10-30 23:27:04.401000][transaction.cpp:443]\tunpacking account B9D24C3C0A4527B020E025CA956131C5EB5081291157C25FD7961DF2D03A1B6A\n' +
            '[ 4][t 0][2024-10-30 23:27:04.401000][transaction.cpp:274]\tlast_paid=1730330824; cells=28 bits=7131 public_cells=0\n' +
            '[ 4][t 0][2024-10-30 23:27:04.401000][transaction.cpp:504]\tend of Account.unpack() for 0:B9D24C3C0A4527B020E025CA956131C5EB5081291157C25FD7961DF2D03A1B6A (balance = 10000000ng ; last_trans_lt = 29000000..29000002)\n' +
            '[ 4][t 0][2024-10-30 23:27:04.401000][transaction.cpp:3655]\tblock random seed set to 0000000000000000000000000000000000000000000000000000000000000000\n' +
            '[ 4][t 0][2024-10-30 23:27:04.401000][transaction.cpp:1236]\tgas limits: max=1000000, limit=1000000, credit=0\n' +
            '[ 4][t 0][2024-10-30 23:27:04.401000][transaction.cpp:1575]\tin_msg_state is null\n' +
            '[ 4][t 0][2024-10-30 23:27:04.401000][transaction.cpp:1645]\tcreating VM\n' +
            '[ 4][t 0][2024-10-30 23:27:04.401000][transaction.cpp:1351]\tSmartContractInfo initialized with [ 124711402 0 0 1732922824 37000000 37000000 84630195367514639409622924175749312199831056191303332875639359062248049886761 [ 975296782 (null) ] CS{Cell{026dc00b9d24c3c0a4527b020e025ca956131c5eb5081291157c25fd7961df2d03a1b6a23886f6c3391606400000000006ea0508e625a01340} bits: 1..268; refs: 0..0} C{A7EC01478F770EF8F8B037CC7E42F0ABF0D85A50E1828C2394DAD1411691F2DE} C{F2179DCD5CFD8A1E113288591FFB7A5E10E107D0D2C36DF69E40398023DAA7B1} [ 966132530 (null) ] 835748 (null) [ CS{Cell{004dd06600000000000000000000000080000000000000fa00000000000001f4000000000003d09040} bits: 9..305; refs: 0..0} (null) CS{Cell{0094d1000000000000006400000000000f4240de000000002710000000000000000f42400000000002160ec0000000000000271000000000002625a00000000005f5e100000000003b9aca00} bits: 0..592; refs: 0..0} CS{Cell{0094d100000000000000640000000000009c40de000000000190000000000000000f424000000000000f4240000000000000271000000000009896800000000005f5e100000000003b9aca00} bits: 0..592; refs: 0..0} CS{Cell{0042ea000000000098968000000000271000000000000f424000000001800055555555} bits: 0..264; refs: 0..0} CS{Cell{0042ea0000000000061a800000000001900000000000009c4000000001800055555555} bits: 0..264; refs: 0..0} (null) ] 0 (null) ]\n' +
            '[ 4][t 0][2024-10-30 23:27:04.401000][transaction.cpp:1675]\tstarting VM\n' +
            '[ 4][t 0][2024-10-30 23:27:04.401000][transaction.cpp:1680]\tVM terminated with exit code 0\n' +
            '[ 3][t 0][2024-10-30 23:27:04.401000][transaction.cpp:1702]\tsteps: 254 gas: used=8945, max=1000000, limit=1000000, credit=0\n' +
            '[ 3][t 0][2024-10-30 23:27:04.401000][transaction.cpp:1704]\tout_of_gas=false, accepted=true, success=true, time=0.000255s\n' +
            '[ 4][t 0][2024-10-30 23:27:04.401000][transaction.cpp:1737]\tgas fees: 3578000 = 26214400 * 8945 /2^16 ; price=26214400; flat rate=[40000 for 100]; remaining balance=971718782ng\n' +
            '[ 3][t 0][2024-10-30 23:27:04.401000][transaction.cpp:2678]\tin try_action_reserve_currency(0)\n' +
            '[ 4][t 0][2024-10-30 23:27:04.401000][transaction.cpp:2684]\taction_reserve_currency: mode=0, reserve=10000000ng, balance=971718782ng, original balance=9164252ng\n' +
            '[ 3][t 0][2024-10-30 23:27:04.401000][transaction.cpp:2729]\tchanged remaining balance to 961718782ng, reserved balance to 10000000ng\n' +
            '[ 4][t 0][2024-10-30 23:27:04.401000][transaction.cpp:2448]\tstorage paid for a message: 3 cells, 776 bits\n' +
            '[ 4][t 0][2024-10-30 23:27:04.401000][transaction.cpp:2452]\tcomputed fwd fees = 830400 + 0\n',
          vmLogs: 'ecute STSLICER\n' +
            'execute OVER\n' +
            'execute ISNULL\n' +
            'execute NOT\n' +
            'execute PUSHCONT x7F01CA00CC\n' +
            'execute PUSHCONT x7032CA00\n' +
            'execute IFELSE\n' +
            'execute PUSHINT -1\n' +
            'execute SWAP\n' +
            'execute STI 1\n' +
            'execute STREF\n' +
            'execute implicit RET\n' +
            'execute ENDC\n' +
            'execute POP c4\n' +
            'execute implicit RET\n',
          debugLogs: '',
          events: [Array],
          parent: [Object],
          children: [Array],
          externals: []
        },
        children: [ [Object], [Object], [Object] ],
        externals: [ [Object] ]
      },
      {
        address: 56452803209391972311245829800318013664241380452486081517026592719308720763190n,
        lt: 39000000n,
        prevTransactionHash: 58859299746430333014000358006351114125316889733329331773044729324566780096499n,
        prevTransactionLt: 28000000n,
        now: 1732922824,
        outMessagesCount: 1,
        oldStatus: 'active',
        endStatus: 'active',
        inMessage: { info: [Object], init: null, body: x{BC26F4C80000000000000000} },
        outMessages: Dictionary { _key: [Object], _value: [Object], _map: [Map] },
        totalFees: { coins: 5334831n },
        stateUpdate: {
          oldHash: <Buffer 85 85 d1 44 a0 03 e6 af ea 3e f6 b2 2d 7c 34 bd 86 a1 5f 17 1c 89 28 97 be aa f2 20 04 05 17 c9>,
          newHash: <Buffer fe 89 84 c2 8f 88 89 56 83 e8 2c 34 8e 96 9c 8f cc e5 55 04 67 80 5c 2d 18 ae 7f 4b 57 62 fd 51>
        },
        description: {
          type: 'generic',
          creditFirst: false,
          storagePhase: [Object],
          creditPhase: [Object],
          computePhase: [Object],
          actionPhase: [Object],
          bouncePhase: undefined,
          aborted: false,
          destroyed: false
        },
        raw: x{77CCF2780E0D3E1B0B68059B4084B04A68C874235745C6D0201D62F3D2218F13600000000025317C082212EDE723636A489BC77992C8486D93481C5A68B5CCE709D9CD166E234AFF30000000001AB3F00674A4DC8000346A2CE5E}
         x{E_}
          x{6800A4BAF36B13E3AE770F28659A34B2D81F38859E8C08CF776F2BB4B44180438271001F33C9E03834F86C2DA0166D0212C129A321D08D5D171B4080758BCF48863C4D90101931000609BBB0000000000487AB02CE949B905E137A6400000000000000004_}
          x{DF_}
           x{6800F99E4F01C1A7C3616D00B3681096094D190E846AE8B8DA0403AC5E7A4431E26D0014975E6D627C75CEE1E50CB346965B03E710B3D18119EEEDE57696883008704E101119EF88060DFF5E0000000004A62F82CE949B90C_}
            x{2A004A0500000000000000000000000000000000000000000000000000000000000000000000000000000000C00814669C6B54FD8B2DD8E93AAA6E5DE45BD032703F7A61C194AB414089B0A7AA2}
         x{728585D144A003E6AFEA3EF6B22D7C34BD86A15F171C892897BEAAF220040517C9FE8984C28F88895683E82C348E969C8FCCE5550467805C2D18AE7F4B5762FD51}
         x{04C4360789010193101867A1E811_}
          x{44E28C0A4D9000000000000000013D00000000000000000000000000000000000000000000000000000000000000000000000000000000000000000000000000000000000000000000000000000000}
          x{C9853FC04C0DFF44000000000002000000000002E314399E9181B61CA6ACAC445010D6EB366B5E165776588A9812DBEC1225A8904090296C_},
        hash: [Function: hash],
        blockchainLogs: '[ 4][t 0][2024-10-30 23:27:04.413000][transaction.cpp:443]\tunpacking account 7CCF2780E0D3E1B0B68059B4084B04A68C874235745C6D0201D62F3D2218F136\n' +
          '[ 4][t 0][2024-10-30 23:27:04.413000][transaction.cpp:274]\tlast_paid=1730330824; cells=30 bits=12911 public_cells=0\n' +
          '[ 4][t 0][2024-10-30 23:27:04.413000][transaction.cpp:504]\tend of Account.unpack() for 0:7CCF2780E0D3E1B0B68059B4084B04A68C874235745C6D0201D62F3D2218F136 (balance = 10000000ng ; last_trans_lt = 28000000..28000002)\n' +
          '[ 4][t 0][2024-10-30 23:27:04.413000][transaction.cpp:3655]\tblock random seed set to 0000000000000000000000000000000000000000000000000000000000000000\n' +
          '[ 4][t 0][2024-10-30 23:27:04.413000][transaction.cpp:1236]\tgas limits: max=191044, limit=168804, credit=0\n' +
          '[ 4][t 0][2024-10-30 23:27:04.413000][transaction.cpp:1575]\tin_msg_state is null\n' +
          '[ 4][t 0][2024-10-30 23:27:04.413000][transaction.cpp:1645]\tcreating VM\n' +
          '[ 4][t 0][2024-10-30 23:27:04.413000][transaction.cpp:1351]\tSmartContractInfo initialized with [ 124711402 0 0 1732922824 39000000 39000000 17158678860825839941702393232993838109470607978381324670400578166443069604636 [ 76417698 (null) ] CS{Cell{026dc007ccf2780e0d3e1b0b68059b4084b04a68c874235745c6d0201d62f3d2218f13623c8c9bc3391606400000000006acfc08e625a01340} bits: 1..268; refs: 0..0} C{A7EC01478F770EF8F8B037CC7E42F0ABF0D85A50E1828C2394DAD1411691F2DE} C{33BB148A451AD17F938AA7C476E48F2B79933715F13F1D58F9234A90730321A8} [ 67521600 (null) ] 1103902 (null) [ CS{Cell{004dd06600000000000000000000000080000000000000fa00000000000001f4000000000003d09040} bits: 9..305; refs: 0..0} (null) CS{Cell{0094d1000000000000006400000000000f4240de000000002710000000000000000f42400000000002160ec0000000000000271000000000002625a00000000005f5e100000000003b9aca00} bits: 0..592; refs: 0..0} CS{Cell{0094d100000000000000640000000000009c40de000000000190000000000000000f424000000000000f4240000000000000271000000000009896800000000005f5e100000000003b9aca00} bits: 0..592; refs: 0..0} CS{Cell{0042ea000000000098968000000000271000000000000f424000000001800055555555} bits: 0..264; refs: 0..0} CS{Cell{0042ea0000000000061a800000000001900000000000009c4000000001800055555555} bits: 0..264; refs: 0..0} (null) ] 0 (null) ]\n' +
          '[ 4][t 0][2024-10-30 23:27:04.414000][transaction.cpp:1675]\tstarting VM\n' +
          '[ 4][t 0][2024-10-30 23:27:04.414000][transaction.cpp:1680]\tVM terminated with exit code 0\n' +
          '[ 3][t 0][2024-10-30 23:27:04.414000][transaction.cpp:1702]\tsteps: 317 gas: used=10004, max=191044, limit=168804, credit=0\n' +
          '[ 3][t 0][2024-10-30 23:27:04.414000][transaction.cpp:1704]\tout_of_gas=false, accepted=true, success=true, time=0.000350s\n' +
          '[ 4][t 0][2024-10-30 23:27:04.414000][transaction.cpp:1737]\tgas fees: 4001600 = 26214400 * 10004 /2^16 ; price=26214400; flat rate=[40000 for 100]; remaining balance=72416098ng\n' +
          '[ 4][t 0][2024-10-30 23:27:04.414000][transaction.cpp:2448]\tstorage paid for a message: 1 cells, 620 bits\n' +
          '[ 4][t 0][2024-10-30 23:27:04.414000][transaction.cpp:2452]\tcomputed fwd fees = 688000 + 0\n',
        vmLogs: 'e implicit RET\n' +
          'execute OVER\n' +
          'execute ISNULL\n' +
          'execute NOT\n' +
          'execute PUSHCONT x7F01CA00CC\n' +
          'execute PUSHCONT x7032CA00\n' +
          'execute IFELSE\n' +
          'execute PUSHINT -1\n' +
          'execute SWAP\n' +
          'execute STI 1\n' +
          'execute STREF\n' +
          'execute implicit RET\n' +
          'execute ENDC\n' +
          'execute POP c4\n' +
          'execute implicit RET\n',
        debugLogs: '',
        events: [ [Object] ],
        parent: {
          address: 37254810366437813475271750514734067285117962570475561289538093995582013161784n,
          lt: 38000000n,
          prevTransactionHash: 29672042455214283075261880657225969573425834989645920877703210596215611091393n,
          prevTransactionLt: 36000000n,
          now: 1732922824,
          outMessagesCount: 4,
          oldStatus: 'active',
          endStatus: 'active',
          inMessage: [Object],
          outMessages: [Dictionary],
          totalFees: [Object],
          stateUpdate: [Object],
          description: [Object],
          raw: x{7525D79B589F1D73B879432CD1A596C0F9C42CF460467BBB795DA5A20C021C138000000000243D5804199C7E7C88C52849D8F1B8B94E027CCF7154E84823CC7C19A30D065244669C10000000002255100674A4DC800094803B6BE68}
           x{E_}
            x{680173A49878148A4F6041C04B952AC2638BD6A1025222AF84BFAF2C3BE5A07436D50014975E6D627C75CEE1E50CB346965B03E710B3D18119EEEDE57696883008704E10E517F8F80610E50A0000000004692682CE949B905B43D58B8000000000000000000000004_}
             x{02208F0D180208F0D180217D78400200E4E1C0247868C00339160643395FDA43391606433A526E400000000800000004_}
              x{801028CD38D6A9FB165BB1D27554DCBBC8B7A064E07EF4C3832956828113614F545_}
            x{DB_}
             x{2_}
              x{2_}
               x{6800A4BAF36B13E3AE770F28659A34B2D81F38859E8C08CF776F2BB4B44180438271001F33C9E03834F86C2DA0166D0212C129A321D08D5D171B4080758BCF48863C4D90101931000609BBB0000000000487AB02CE949B90C_}
                x{BC26F4C80000000000000000}
              x{2_}
               x{6800A4BAF36B13E3AE770F28659A34B2D81F38859E8C08CF776F2BB4B4418043827100384BA6D6A6B7DF2422C44C909493A07C03CA0A1FF860A7ED8531810050149DDF10101931000609BBB0000000000487AB04CE949B90C_}
                x{BC26F4C80000000000000001}
             x{2_}
              x{2_}
               x{E00292EBCDAC4F8EB9DC3CA19668D2CB607CE2167A30233DDDBCAED2D106010E09C0000000000487AB06CE949B90C_}
                x{8B6D3812000000000000000000000000801028CD38D6A9FB165BB1D27554DCBBC8B7A064E07EF4C3832956828113614F54491E1A3001_}
              x{2_}
               x{4800A4BAF36B13E3AE770F28659A34B2D81F38859E8C08CF776F2BB4B44180438271002E74930F029149EC08380972A5584C717AD4204A4455F097F5E5877CB40E86DA90BCA367B80656E1D8000000000487AB08CE949B91E_}
                x{34_}
                 x{FF00F4A413F4BCF2C80B}
                  x{62_}
                   x{D001D0D3030171B0A301FA400120D74981010BBAF2E08820D70B0A208104FFBAF2D0898309BAF2E088545053036F04F86102F862DB3C5512DB3CF2E082}
                    x{ED44D0D401F863D200018E2FD31FFA400120D74981010BBAF2E08820D70B0A208104FFBAF2D0898309BAF2E08801D2000191D4926D01E255206C13E0F828D70B0A8309BAF2E089810101D700FA400120D74981010BBAF2E08820D70B0A208104FFBAF2D0898309BAF2E0881202D101DB3C}
                     x{6D}
                    x{0192307FE07021D749C21F953020D70B1FDE208210AFE93535BA8F5130D31F018210AFE93535BAF2E081D33FFA400120D74981010BBAF2E08820D70B0A208104FFBAF2D0898309BAF2E08801D455206C1332820898968070FB024434DB3C30037083067055206D6D6DDB3C597FE0208210B8A3AA14BAE302}
                     x{F8425220C705F2E084}
                     x{C87101CA01500701CA007001CA02500520D74981010BBAF2E08820D70B0A208104FFBAF2D0898309BAF2E088CF165003FA027001CA68236EB3917F93246EB3E2973333017001CA00E30D216EB39C7F01CA0001206EF2D08001CC95317001CA00E2C901FB00}
                      x{7F01CA00C87001CA007001CA00246EB39D7F01CA0004206EF2D0805004CC9634037001CA00E2246EB39D7F01CA0004206EF2D0805004CC9634037001CA00E27001CA00027F01CA0002C958CC}
                     x{30D31F018210B8A3AA14BAF2E081D33FFA400120D74981010BBAF2E08820D70B0A208104FFBAF2D0898309BAF2E088126C12317020FB025520DB3C03708100A07055206D6D6DDB3C587F}
                      x{F8425220C705F2E084}
                      x{C87101CA01500701CA007001CA02500520D74981010BBAF2E08820D70B0A208104FFBAF2D0898309BAF2E088CF165003FA027001CA68236EB3917F93246EB3E2973333017001CA00E30D216EB39C7F01CA0001206EF2D08001CC95317001CA00E2C901FB00}
                       x{7F01CA00C87001CA007001CA00246EB39D7F01CA0004206EF2D0805004CC9634037001CA00E2246EB39D7F01CA0004206EF2D0805004CC9634037001CA00E27001CA00027F01CA0002C958CC}
                     x{8210E601F8E5BA8ECED31F018210E601F8E5BAF2E081D33F0131820898968070FB02F8416F2410235F037083067F25206EF2D080542580C855208210B687AB175004CB1F12CB3FCB1FCCC9103441301443306D6DDB3C7FE03070}
                      x{C87101CA01500701CA007001CA02500520D74981010BBAF2E08820D70B0A208104FFBAF2D0898309BAF2E088CF165003FA027001CA68236EB3917F93246EB3E2973333017001CA00E30D216EB39C7F01CA0001206EF2D08001CC95317001CA00E2C901FB00}
                       x{7F01CA00C87001CA007001CA00246EB39D7F01CA0004206EF2D0805004CC9634037001CA00E2246EB39D7F01CA0004206EF2D0805004CC9634037001CA00E27001CA00027F01CA0002C958CC}
                    x{C8F84301CC7F01CA0055205023CB1F0120D74981010BBAF2E08820D70B0A208104FFBAF2D0898309BAF2E088CF16216EB3957F01CA00CC947032CA00E2C9ED54}
                   x{2_}
                    x{BE28EED9E6D9E3618C_}
                     x{ED44D0D401F863D200018E2FD31FFA400120D74981010BBAF2E08820D70B0A208104FFBAF2D0898309BAF2E08801D2000191D4926D01E255206C13E0F828D70B0A8309BAF2E089810101D700FA400120D74981010BBAF2E08820D70B0A208104FFBAF2D0898309BAF2E0881202D101DB3C}
                      x{6D}
                     x{21}
                    x{2_}
                     x{4}
                      x{B1D8B6CF36CF1B0C6_}
                       x{ED44D0D401F863D200018E2FD31FFA400120D74981010BBAF2E08820D70B0A208104FFBAF2D0898309BAF2E08801D2000191D4926D01E255206C13E0F828D70B0A8309BAF2E089810101D700FA400120D74981010BBAF2E08820D70B0A208104FFBAF2D0898309BAF2E0881202D101DB3C}
                        x{6D}
                       x{20}
                      x{B36436CF36CF1B0C6_}
                       x{ED44D0D401F863D200018E2FD31FFA400120D74981010BBAF2E08820D70B0A208104FFBAF2D0898309BAF2E08801D2000191D4926D01E255206C13E0F828D70B0A8309BAF2E089810101D700FA400120D74981010BBAF2E08820D70B0A208104FFBAF2D0898309BAF2E0881202D101DB3C}
                        x{6D}
                       x{22}
                     x{B82BEED44D0D20001}
                 x{0000000000000000000000000000000000000000000000000000000000000000200292EBCDAC4F8EB9DC3CA19668D2CB607CE2167A30233DDDBCAED2D106010E09C4_}
                  x{C_}
                   x{A0838F_}
                    x{FF00F4A413F4BCF2C80B}
                     x{62_}
                      x{D001D0D3030171B0A301FA400120D74981010BBAF2E08820D70B0A208104FFBAF2D0898309BAF2E088545053036F04F86102F862DB3C5512DB3CF2E082}
                       x{ED44D0D401F863D200018E2FD31FFA400120D74981010BBAF2E08820D70B0A208104FFBAF2D0898309BAF2E08801D2000191D4926D01E255206C13E0F828D70B0A8309BAF2E089810101D700FA400120D74981010BBAF2E08820D70B0A208104FFBAF2D0898309BAF2E0881202D101DB3C}
                        x{6D}
                       x{0192307FE07021D749C21F953020D70B1FDE208210AFE93535BA8F5130D31F018210AFE93535BAF2E081D33FFA400120D74981010BBAF2E08820D70B0A208104FFBAF2D0898309BAF2E08801D455206C1332820898968070FB024434DB3C30037083067055206D6D6DDB3C597FE0208210B8A3AA14BAE302}
                        x{F8425220C705F2E084}
                        x{C87101CA01500701CA007001CA02500520D74981010BBAF2E08820D70B0A208104FFBAF2D0898309BAF2E088CF165003FA027001CA68236EB3917F93246EB3E2973333017001CA00E30D216EB39C7F01CA0001206EF2D08001CC95317001CA00E2C901FB00}
                         x{7F01CA00C87001CA007001CA00246EB39D7F01CA0004206EF2D0805004CC9634037001CA00E2246EB39D7F01CA0004206EF2D0805004CC9634037001CA00E27001CA00027F01CA0002C958CC}
                        x{30D31F018210B8A3AA14BAF2E081D33FFA400120D74981010BBAF2E08820D70B0A208104FFBAF2D0898309BAF2E088126C12317020FB025520DB3C03708100A07055206D6D6DDB3C587F}
                         x{F8425220C705F2E084}
                         x{C87101CA01500701CA007001CA02500520D74981010BBAF2E08820D70B0A208104FFBAF2D0898309BAF2E088CF165003FA027001CA68236EB3917F93246EB3E2973333017001CA00E30D216EB39C7F01CA0001206EF2D08001CC95317001CA00E2C901FB00}
                          x{7F01CA00C87001CA007001CA00246EB39D7F01CA0004206EF2D0805004CC9634037001CA00E2246EB39D7F01CA0004206EF2D0805004CC9634037001CA00E27001CA00027F01CA0002C958CC}
                        x{8210E601F8E5BA8ECED31F018210E601F8E5BAF2E081D33F0131820898968070FB02F8416F2410235F037083067F25206EF2D080542580C855208210B687AB175004CB1F12CB3FCB1FCCC9103441301443306D6DDB3C7FE03070}
                         x{C87101CA01500701CA007001CA02500520D74981010BBAF2E08820D70B0A208104FFBAF2D0898309BAF2E088CF165003FA027001CA68236EB3917F93246EB3E2973333017001CA00E30D216EB39C7F01CA0001206EF2D08001CC95317001CA00E2C901FB00}
                          x{7F01CA00C87001CA007001CA00246EB39D7F01CA0004206EF2D0805004CC9634037001CA00E2246EB39D7F01CA0004206EF2D0805004CC9634037001CA00E27001CA00027F01CA0002C958CC}
                       x{C8F84301CC7F01CA0055205023CB1F0120D74981010BBAF2E08820D70B0A208104FFBAF2D0898309BAF2E088CF16216EB3957F01CA00CC947032CA00E2C9ED54}
                      x{2_}
                       x{BE28EED9E6D9E3618C_}
                        x{ED44D0D401F863D200018E2FD31FFA400120D74981010BBAF2E08820D70B0A208104FFBAF2D0898309BAF2E08801D2000191D4926D01E255206C13E0F828D70B0A8309BAF2E089810101D700FA400120D74981010BBAF2E08820D70B0A208104FFBAF2D0898309BAF2E0881202D101DB3C}
                         x{6D}
                        x{21}
                       x{2_}
                        x{4}
                         x{B1D8B6CF36CF1B0C6_}
                          x{ED44D0D401F863D200018E2FD31FFA400120D74981010BBAF2E08820D70B0A208104FFBAF2D0898309BAF2E08801D2000191D4926D01E255206C13E0F828D70B0A8309BAF2E089810101D700FA400120D74981010BBAF2E08820D70B0A208104FFBAF2D0898309BAF2E0881202D101DB3C}
                           x{6D}
                          x{20}
                         x{B36436CF36CF1B0C6_}
                          x{ED44D0D401F863D200018E2FD31FFA400120D74981010BBAF2E08820D70B0A208104FFBAF2D0898309BAF2E08801D2000191D4926D01E255206C13E0F828D70B0A8309BAF2E089810101D700FA400120D74981010BBAF2E08820D70B0A208104FFBAF2D0898309BAF2E0881202D101DB3C}
                           x{6D}
                          x{22}
                        x{B82BEED44D0D20001}
                x{B8A3AA140000000000000000801D3E5E1B0970E52ABD4EA639AED542E118FE33D2F03FE072737A6B74A8FDC2C69_}
           x{72EBB281FB87B6F17ECEACBAE90967AEA99FC1C318D9CA1C2F4649D182EB7DB7F82B7074F32D6261AFCB63DA70637D99AD5D53AD2127379EF42DDEC80951C9D634}
           x{04090E517F8F988036EE1C11_}
            x{602327CC3D09000000000000000007C100000000000000000000000000000000000000000000000000000000000000000000000000000000000000000000000000000000000000000000000000000000}
            x{C9AC8D784C8FB95000000000000A00020000000909C268BB019E365A54F6987EE82CB6D75AE5AD786F74151A02DF5B90A75671C448913B24_},
          hash: [Function: hash],
          blockchainLogs: '[ 4][t 0][2024-10-30 23:27:04.406000][transaction.cpp:443]\tunpacking account 525D79B589F1D73B879432CD1A596C0F9C42CF460467BBB795DA5A20C021C138\n' +
            '[ 4][t 0][2024-10-30 23:27:04.406000][transaction.cpp:274]\tlast_paid=1732922824; cells=232 bits=84050 public_cells=0\n' +
            '[ 4][t 0][2024-10-30 23:27:04.406000][transaction.cpp:504]\tend of Account.unpack() for 0:525D79B589F1D73B879432CD1A596C0F9C42CF460467BBB795DA5A20C021C138 (balance = 4900000000ng ; last_trans_lt = 36000000..36000002)\n' +
            '[ 4][t 0][2024-10-30 23:27:04.406000][transaction.cpp:3655]\tblock random seed set to 0000000000000000000000000000000000000000000000000000000000000000\n' +
            '[ 4][t 0][2024-10-30 23:27:04.406000][transaction.cpp:1236]\tgas limits: max=1000000, limit=1000000, credit=0\n' +
            '[ 4][t 0][2024-10-30 23:27:04.406000][transaction.cpp:1575]\tin_msg_state is null\n' +
            '[ 4][t 0][2024-10-30 23:27:04.406000][transaction.cpp:1645]\tcreating VM\n' +
            '[ 4][t 0][2024-10-30 23:27:04.406000][transaction.cpp:1351]\tSmartContractInfo initialized with [ 124711402 0 0 1732922824 38000000 38000000 14068792954309835536948273256715513127174070948738620016199408580766834334284 [ 5860888382 (null) ] CS{Cell{0273c00525d79b589f1d73b879432cd1a596c0f9c42cf460467bbb795da5a20c021c1383d0c05214833a526e40000000000895440940490404401340} bits: 1..268; refs: 0..0} C{A7EC01478F770EF8F8B037CC7E42F0ABF0D85A50E1828C2394DAD1411691F2DE} C{42B6F0E46484EFC57B9508F6BA7EF42E7512023D5CB4ED5628DD1C7755D16E9D} [ 960888382 (null) ] 0 (null) [ CS{Cell{004dd06600000000000000000000000080000000000000fa00000000000001f4000000000003d09040} bits: 9..305; refs: 0..0} (null) CS{Cell{0094d1000000000000006400000000000f4240de000000002710000000000000000f42400000000002160ec0000000000000271000000000002625a00000000005f5e100000000003b9aca00} bits: 0..592; refs: 0..0} CS{Cell{0094d100000000000000640000000000009c40de000000000190000000000000000f424000000000000f4240000000000000271000000000009896800000000005f5e100000000003b9aca00} bits: 0..592; refs: 0..0} CS{Cell{0042ea000000000098968000000000271000000000000f424000000001800055555555} bits: 0..264; refs: 0..0} CS{Cell{0042ea0000000000061a800000000001900000000000009c4000000001800055555555} bits: 0..264; refs: 0..0} (null) ] 0 (null) ]\n' +
            '[ 4][t 0][2024-10-30 23:27:04.406000][transaction.cpp:1675]\tstarting VM\n' +
            '[ 4][t 0][2024-10-30 23:27:04.408000][transaction.cpp:1680]\tVM terminated with exit code 0\n' +
            '[ 3][t 0][2024-10-30 23:27:04.408000][transaction.cpp:1702]\tsteps: 1985 gas: used=71998, max=1000000, limit=1000000, credit=0\n' +
            '[ 3][t 0][2024-10-30 23:27:04.408000][transaction.cpp:1704]\tout_of_gas=false, accepted=true, success=true, time=0.001934s\n' +
            '[ 4][t 0][2024-10-30 23:27:04.408000][transaction.cpp:1737]\tgas fees: 28799200 = 26214400 * 71998 /2^16 ; price=26214400; flat rate=[40000 for 100]; remaining balance=5832089182ng\n' +
            '[ 3][t 0][2024-10-30 23:27:04.408000][transaction.cpp:2678]\tin try_action_reserve_currency(0)\n' +
            '[ 4][t 0][2024-10-30 23:27:04.408000][transaction.cpp:2684]\taction_reserve_currency: mode=0, reserve=4900000000ng, balance=5832089182ng, original balance=4900000000ng\n' +
            '[ 3][t 0][2024-10-30 23:27:04.408000][transaction.cpp:2729]\tchanged remaining balance to 932089182ng, reserved balance to 4900000000ng\n' +
            '[ 4][t 0][2024-10-30 23:27:04.408000][transaction.cpp:2448]\tstorage paid for a message: 1 cells, 96 bits\n' +
            '[ 4][t 0][2024-10-30 23:27:04.408000][transaction.cpp:2452]\tcomputed fwd fees = 478400 + 0\n' +
            '[ 4][t 0][2024-10-30 23:27:04.408000][transaction.cpp:2448]\tstorage paid for a message: 1 cells, 96 bits\n' +
            '[ 4][t 0][2024-10-30 23:27:04.408000][transaction.cpp:2452]\tcomputed fwd fees = 478400 + 0\n' +
            '[ 4][t 0][2024-10-30 23:27:04.408000][transaction.cpp:2448]\tstorage paid for a message: 1 cells, 431 bits\n' +
            '[ 4][t 0][2024-10-30 23:27:04.408000][transaction.cpp:2452]\tcomputed fwd fees = 612400 + 0\n' +
            '[ 4][t 0][2024-10-30 23:27:04.408000][transaction.cpp:2448]\tstorage paid for a message: 27 cells, 6976 bits\n' +
            '[ 4][t 0][2024-10-30 23:27:04.408000][transaction.cpp:2452]\tcomputed fwd fees = 4270400 + 0\n',
          vmLogs: 'xecute EQUAL\n' +
            'execute THROWIF 137\n' +
            'execute PUSHPOW2 10\n' +
            'execute EQUAL\n' +
            'execute THROWIFNOT 136\n' +
            'execute STSLICER\n' +
            'execute ENDC\n' +
            'execute ROT\n' +
            'execute STREF\n' +
            'execute ENDC\n' +
            'execute SWAP\n' +
            'execute STREF\n' +
            'execute implicit RET\n' +
            'execute ENDC\n' +
            'execute POP c4\n' +
            'execute implicit RET\n',
          debugLogs: '',
          events: [Array],
          parent: [Object],
          children: [Array],
          externals: [Array]
        },
        children: [ [Object] ],
        externals: []
      },
      {
        address: 101852738109603725607761920797369865272772728943991090530178890834824226043772n,
        lt: 40000000n,
        prevTransactionHash: 18823896571104462826005349536524258397277804136907730778076281425368745507883n,
        prevTransactionLt: 27000000n,
        now: 1732922824,
        outMessagesCount: 1,
        oldStatus: 'active',
        endStatus: 'active',
        inMessage: { info: [Object], init: null, body: x{BC26F4C80000000000000001} },
        outMessages: Dictionary { _key: [Object], _value: [Object], _map: [Map] },
        totalFees: { coins: 5334831n },
        stateUpdate: {
          oldHash: <Buffer 4c a9 12 fb 6c f9 3b fd 74 87 ab d9 6b 6c 83 14 f9 93 ac 2e 8c d5 25 14 72 f3 c7 a6 7d 23 bf 24>,
          newHash: <Buffer 30 3b e4 59 8d bd 54 8d 5e 1a b1 7d 61 42 6b 0e 7d db 21 e2 21 06 be 2a f2 30 0b 25 96 69 27 c3>
        },
        description: {
          type: 'generic',
          creditFirst: false,
          storagePhase: [Object],
          creditPhase: [Object],
          computePhase: [Object],
          actionPhase: [Object],
          bouncePhase: undefined,
          aborted: false,
          destroyed: false
        },
        raw: x{7E12E9B5A9ADF7C908B113242524E81F00F28287FE1829FB614C604014052777C0000000002625A00299DF2A96A191722C03605517B8ADAB356B3FFAA668810CC7464B99F14CBFC2B00000000019BFCC0674A4DC8000346A2CE5E}
         x{E_}
          x{6800A4BAF36B13E3AE770F28659A34B2D81F38859E8C08CF776F2BB4B4418043827100384BA6D6A6B7DF2422C44C909493A07C03CA0A1FF860A7ED8531810050149DDF10101931000609BBB0000000000487AB04CE949B905E137A640000000000000000C_}
          x{DF_}
           x{6801C25D36B535BEF92116226484A49D03E01E5050FFC3053F6C298C080280A4EEF90014975E6D627C75CEE1E50CB346965B03E710B3D18119EEEDE57696883008704E101119EF88060DFF5E0000000004C4B402CE949B90C_}
            x{2A004A0500000000000000010000000000000000000000000000000000000000000000000000000000000000400B75A3E1A6460F415CE3721F308920C4B456F3B977F39EB26CED9155308A976CC}
         x{724CA912FB6CF93BFD7487ABD96B6C8314F993AC2E8CD5251472F3C7A67D23BF24303BE4598DBD548D5E1AB17D61426B0E7DDB21E22106BE2AF2300B25966927C3}
         x{04C4360789010193101867A1E811_}
          x{44E28C0A4D9000000000000000013D00000000000000000000000000000000000000000000000000000000000000000000000000000000000000000000000000000000000000000000000000000000}
          x{C9853FC04C0DFF44000000000002000000000003FFB2652E35979066CAC0633284C4E8042DB1FCB29F76FDFE1F06536CEE4DA4744090296C_},
        hash: [Function: hash],
        blockchainLogs: '[ 4][t 0][2024-10-30 23:27:04.416000][transaction.cpp:443]\tunpacking account E12E9B5A9ADF7C908B113242524E81F00F28287FE1829FB614C604014052777C\n' +
          '[ 4][t 0][2024-10-30 23:27:04.416000][transaction.cpp:274]\tlast_paid=1730330824; cells=30 bits=12911 public_cells=0\n' +
          '[ 4][t 0][2024-10-30 23:27:04.416000][transaction.cpp:504]\tend of Account.unpack() for 0:E12E9B5A9ADF7C908B113242524E81F00F28287FE1829FB614C604014052777C (balance = 10000000ng ; last_trans_lt = 27000000..27000002)\n' +
          '[ 4][t 0][2024-10-30 23:27:04.416000][transaction.cpp:3655]\tblock random seed set to 0000000000000000000000000000000000000000000000000000000000000000\n' +
          '[ 4][t 0][2024-10-30 23:27:04.416000][transaction.cpp:1236]\tgas limits: max=191044, limit=168804, credit=0\n' +
          '[ 4][t 0][2024-10-30 23:27:04.416000][transaction.cpp:1575]\tin_msg_state is null\n' +
          '[ 4][t 0][2024-10-30 23:27:04.416000][transaction.cpp:1645]\tcreating VM\n' +
          '[ 4][t 0][2024-10-30 23:27:04.416000][transaction.cpp:1351]\tSmartContractInfo initialized with [ 124711402 0 0 1732922824 40000000 40000000 43870772645377937883531240781324653013999287705787709612543318804107744319189 [ 76417698 (null) ] CS{Cell{026dc00e12e9b5a9adf7c908b113242524e81f00f28287fe1829fb614c604014052777c23c8c9bc33916064000000000066ff308e625a01340} bits: 1..268; refs: 0..0} C{A7EC01478F770EF8F8B037CC7E42F0ABF0D85A50E1828C2394DAD1411691F2DE} C{33BB148A451AD17F938AA7C476E48F2B79933715F13F1D58F9234A90730321A8} [ 67521600 (null) ] 1103902 (null) [ CS{Cell{004dd06600000000000000000000000080000000000000fa00000000000001f4000000000003d09040} bits: 9..305; refs: 0..0} (null) CS{Cell{0094d1000000000000006400000000000f4240de000000002710000000000000000f42400000000002160ec0000000000000271000000000002625a00000000005f5e100000000003b9aca00} bits: 0..592; refs: 0..0} CS{Cell{0094d100000000000000640000000000009c40de000000000190000000000000000f424000000000000f4240000000000000271000000000009896800000000005f5e100000000003b9aca00} bits: 0..592; refs: 0..0} CS{Cell{0042ea000000000098968000000000271000000000000f424000000001800055555555} bits: 0..264; refs: 0..0} CS{Cell{0042ea0000000000061a800000000001900000000000009c4000000001800055555555} bits: 0..264; refs: 0..0} (null) ] 0 (null) ]\n' +
          '[ 4][t 0][2024-10-30 23:27:04.416000][transaction.cpp:1675]\tstarting VM\n' +
          '[ 4][t 0][2024-10-30 23:27:04.417000][transaction.cpp:1680]\tVM terminated with exit code 0\n' +
          '[ 3][t 0][2024-10-30 23:27:04.417000][transaction.cpp:1702]\tsteps: 317 gas: used=10004, max=191044, limit=168804, credit=0\n' +
          '[ 3][t 0][2024-10-30 23:27:04.417000][transaction.cpp:1704]\tout_of_gas=false, accepted=true, success=true, time=0.000475s\n' +
          '[ 4][t 0][2024-10-30 23:27:04.417000][transaction.cpp:1737]\tgas fees: 4001600 = 26214400 * 10004 /2^16 ; price=26214400; flat rate=[40000 for 100]; remaining balance=72416098ng\n' +
          '[ 4][t 0][2024-10-30 23:27:04.417000][transaction.cpp:2448]\tstorage paid for a message: 1 cells, 620 bits\n' +
          '[ 4][t 0][2024-10-30 23:27:04.417000][transaction.cpp:2452]\tcomputed fwd fees = 688000 + 0\n',
        vmLogs: 'e implicit RET\n' +
          'execute OVER\n' +
          'execute ISNULL\n' +
          'execute NOT\n' +
          'execute PUSHCONT x7F01CA00CC\n' +
          'execute PUSHCONT x7032CA00\n' +
          'execute IFELSE\n' +
          'execute PUSHINT -1\n' +
          'execute SWAP\n' +
          'execute STI 1\n' +
          'execute STREF\n' +
          'execute implicit RET\n' +
          'execute ENDC\n' +
          'execute POP c4\n' +
          'execute implicit RET\n',
        debugLogs: '',
        events: [ [Object] ],
        parent: {
          address: 37254810366437813475271750514734067285117962570475561289538093995582013161784n,
          lt: 38000000n,
          prevTransactionHash: 29672042455214283075261880657225969573425834989645920877703210596215611091393n,
          prevTransactionLt: 36000000n,
          now: 1732922824,
          outMessagesCount: 4,
          oldStatus: 'active',
          endStatus: 'active',
          inMessage: [Object],
          outMessages: [Dictionary],
          totalFees: [Object],
          stateUpdate: [Object],
          description: [Object],
          raw: x{7525D79B589F1D73B879432CD1A596C0F9C42CF460467BBB795DA5A20C021C138000000000243D5804199C7E7C88C52849D8F1B8B94E027CCF7154E84823CC7C19A30D065244669C10000000002255100674A4DC800094803B6BE68}
           x{E_}
            x{680173A49878148A4F6041C04B952AC2638BD6A1025222AF84BFAF2C3BE5A07436D50014975E6D627C75CEE1E50CB346965B03E710B3D18119EEEDE57696883008704E10E517F8F80610E50A0000000004692682CE949B905B43D58B8000000000000000000000004_}
             x{02208F0D180208F0D180217D78400200E4E1C0247868C00339160643395FDA43391606433A526E400000000800000004_}
              x{801028CD38D6A9FB165BB1D27554DCBBC8B7A064E07EF4C3832956828113614F545_}
            x{DB_}
             x{2_}
              x{2_}
               x{6800A4BAF36B13E3AE770F28659A34B2D81F38859E8C08CF776F2BB4B44180438271001F33C9E03834F86C2DA0166D0212C129A321D08D5D171B4080758BCF48863C4D90101931000609BBB0000000000487AB02CE949B90C_}
                x{BC26F4C80000000000000000}
              x{2_}
               x{6800A4BAF36B13E3AE770F28659A34B2D81F38859E8C08CF776F2BB4B4418043827100384BA6D6A6B7DF2422C44C909493A07C03CA0A1FF860A7ED8531810050149DDF10101931000609BBB0000000000487AB04CE949B90C_}
                x{BC26F4C80000000000000001}
             x{2_}
              x{2_}
               x{E00292EBCDAC4F8EB9DC3CA19668D2CB607CE2167A30233DDDBCAED2D106010E09C0000000000487AB06CE949B90C_}
                x{8B6D3812000000000000000000000000801028CD38D6A9FB165BB1D27554DCBBC8B7A064E07EF4C3832956828113614F54491E1A3001_}
              x{2_}
               x{4800A4BAF36B13E3AE770F28659A34B2D81F38859E8C08CF776F2BB4B44180438271002E74930F029149EC08380972A5584C717AD4204A4455F097F5E5877CB40E86DA90BCA367B80656E1D8000000000487AB08CE949B91E_}
                x{34_}
                 x{FF00F4A413F4BCF2C80B}
                  x{62_}
                   x{D001D0D3030171B0A301FA400120D74981010BBAF2E08820D70B0A208104FFBAF2D0898309BAF2E088545053036F04F86102F862DB3C5512DB3CF2E082}
                    x{ED44D0D401F863D200018E2FD31FFA400120D74981010BBAF2E08820D70B0A208104FFBAF2D0898309BAF2E08801D2000191D4926D01E255206C13E0F828D70B0A8309BAF2E089810101D700FA400120D74981010BBAF2E08820D70B0A208104FFBAF2D0898309BAF2E0881202D101DB3C}
                     x{6D}
                    x{0192307FE07021D749C21F953020D70B1FDE208210AFE93535BA8F5130D31F018210AFE93535BAF2E081D33FFA400120D74981010BBAF2E08820D70B0A208104FFBAF2D0898309BAF2E08801D455206C1332820898968070FB024434DB3C30037083067055206D6D6DDB3C597FE0208210B8A3AA14BAE302}
                     x{F8425220C705F2E084}
                     x{C87101CA01500701CA007001CA02500520D74981010BBAF2E08820D70B0A208104FFBAF2D0898309BAF2E088CF165003FA027001CA68236EB3917F93246EB3E2973333017001CA00E30D216EB39C7F01CA0001206EF2D08001CC95317001CA00E2C901FB00}
                      x{7F01CA00C87001CA007001CA00246EB39D7F01CA0004206EF2D0805004CC9634037001CA00E2246EB39D7F01CA0004206EF2D0805004CC9634037001CA00E27001CA00027F01CA0002C958CC}
                     x{30D31F018210B8A3AA14BAF2E081D33FFA400120D74981010BBAF2E08820D70B0A208104FFBAF2D0898309BAF2E088126C12317020FB025520DB3C03708100A07055206D6D6DDB3C587F}
                      x{F8425220C705F2E084}
                      x{C87101CA01500701CA007001CA02500520D74981010BBAF2E08820D70B0A208104FFBAF2D0898309BAF2E088CF165003FA027001CA68236EB3917F93246EB3E2973333017001CA00E30D216EB39C7F01CA0001206EF2D08001CC95317001CA00E2C901FB00}
                       x{7F01CA00C87001CA007001CA00246EB39D7F01CA0004206EF2D0805004CC9634037001CA00E2246EB39D7F01CA0004206EF2D0805004CC9634037001CA00E27001CA00027F01CA0002C958CC}
                     x{8210E601F8E5BA8ECED31F018210E601F8E5BAF2E081D33F0131820898968070FB02F8416F2410235F037083067F25206EF2D080542580C855208210B687AB175004CB1F12CB3FCB1FCCC9103441301443306D6DDB3C7FE03070}
                      x{C87101CA01500701CA007001CA02500520D74981010BBAF2E08820D70B0A208104FFBAF2D0898309BAF2E088CF165003FA027001CA68236EB3917F93246EB3E2973333017001CA00E30D216EB39C7F01CA0001206EF2D08001CC95317001CA00E2C901FB00}
                       x{7F01CA00C87001CA007001CA00246EB39D7F01CA0004206EF2D0805004CC9634037001CA00E2246EB39D7F01CA0004206EF2D0805004CC9634037001CA00E27001CA00027F01CA0002C958CC}
                    x{C8F84301CC7F01CA0055205023CB1F0120D74981010BBAF2E08820D70B0A208104FFBAF2D0898309BAF2E088CF16216EB3957F01CA00CC947032CA00E2C9ED54}
                   x{2_}
                    x{BE28EED9E6D9E3618C_}
                     x{ED44D0D401F863D200018E2FD31FFA400120D74981010BBAF2E08820D70B0A208104FFBAF2D0898309BAF2E08801D2000191D4926D01E255206C13E0F828D70B0A8309BAF2E089810101D700FA400120D74981010BBAF2E08820D70B0A208104FFBAF2D0898309BAF2E0881202D101DB3C}
                      x{6D}
                     x{21}
                    x{2_}
                     x{4}
                      x{B1D8B6CF36CF1B0C6_}
                       x{ED44D0D401F863D200018E2FD31FFA400120D74981010BBAF2E08820D70B0A208104FFBAF2D0898309BAF2E08801D2000191D4926D01E255206C13E0F828D70B0A8309BAF2E089810101D700FA400120D74981010BBAF2E08820D70B0A208104FFBAF2D0898309BAF2E0881202D101DB3C}
                        x{6D}
                       x{20}
                      x{B36436CF36CF1B0C6_}
                       x{ED44D0D401F863D200018E2FD31FFA400120D74981010BBAF2E08820D70B0A208104FFBAF2D0898309BAF2E08801D2000191D4926D01E255206C13E0F828D70B0A8309BAF2E089810101D700FA400120D74981010BBAF2E08820D70B0A208104FFBAF2D0898309BAF2E0881202D101DB3C}
                        x{6D}
                       x{22}
                     x{B82BEED44D0D20001}
                 x{0000000000000000000000000000000000000000000000000000000000000000200292EBCDAC4F8EB9DC3CA19668D2CB607CE2167A30233DDDBCAED2D106010E09C4_}
                  x{C_}
                   x{A0838F_}
                    x{FF00F4A413F4BCF2C80B}
                     x{62_}
                      x{D001D0D3030171B0A301FA400120D74981010BBAF2E08820D70B0A208104FFBAF2D0898309BAF2E088545053036F04F86102F862DB3C5512DB3CF2E082}
                       x{ED44D0D401F863D200018E2FD31FFA400120D74981010BBAF2E08820D70B0A208104FFBAF2D0898309BAF2E08801D2000191D4926D01E255206C13E0F828D70B0A8309BAF2E089810101D700FA400120D74981010BBAF2E08820D70B0A208104FFBAF2D0898309BAF2E0881202D101DB3C}
                        x{6D}
                       x{0192307FE07021D749C21F953020D70B1FDE208210AFE93535BA8F5130D31F018210AFE93535BAF2E081D33FFA400120D74981010BBAF2E08820D70B0A208104FFBAF2D0898309BAF2E08801D455206C1332820898968070FB024434DB3C30037083067055206D6D6DDB3C597FE0208210B8A3AA14BAE302}
                        x{F8425220C705F2E084}
                        x{C87101CA01500701CA007001CA02500520D74981010BBAF2E08820D70B0A208104FFBAF2D0898309BAF2E088CF165003FA027001CA68236EB3917F93246EB3E2973333017001CA00E30D216EB39C7F01CA0001206EF2D08001CC95317001CA00E2C901FB00}
                         x{7F01CA00C87001CA007001CA00246EB39D7F01CA0004206EF2D0805004CC9634037001CA00E2246EB39D7F01CA0004206EF2D0805004CC9634037001CA00E27001CA00027F01CA0002C958CC}
                        x{30D31F018210B8A3AA14BAF2E081D33FFA400120D74981010BBAF2E08820D70B0A208104FFBAF2D0898309BAF2E088126C12317020FB025520DB3C03708100A07055206D6D6DDB3C587F}
                         x{F8425220C705F2E084}
                         x{C87101CA01500701CA007001CA02500520D74981010BBAF2E08820D70B0A208104FFBAF2D0898309BAF2E088CF165003FA027001CA68236EB3917F93246EB3E2973333017001CA00E30D216EB39C7F01CA0001206EF2D08001CC95317001CA00E2C901FB00}
                          x{7F01CA00C87001CA007001CA00246EB39D7F01CA0004206EF2D0805004CC9634037001CA00E2246EB39D7F01CA0004206EF2D0805004CC9634037001CA00E27001CA00027F01CA0002C958CC}
                        x{8210E601F8E5BA8ECED31F018210E601F8E5BAF2E081D33F0131820898968070FB02F8416F2410235F037083067F25206EF2D080542580C855208210B687AB175004CB1F12CB3FCB1FCCC9103441301443306D6DDB3C7FE03070}
                         x{C87101CA01500701CA007001CA02500520D74981010BBAF2E08820D70B0A208104FFBAF2D0898309BAF2E088CF165003FA027001CA68236EB3917F93246EB3E2973333017001CA00E30D216EB39C7F01CA0001206EF2D08001CC95317001CA00E2C901FB00}
                          x{7F01CA00C87001CA007001CA00246EB39D7F01CA0004206EF2D0805004CC9634037001CA00E2246EB39D7F01CA0004206EF2D0805004CC9634037001CA00E27001CA00027F01CA0002C958CC}
                       x{C8F84301CC7F01CA0055205023CB1F0120D74981010BBAF2E08820D70B0A208104FFBAF2D0898309BAF2E088CF16216EB3957F01CA00CC947032CA00E2C9ED54}
                      x{2_}
                       x{BE28EED9E6D9E3618C_}
                        x{ED44D0D401F863D200018E2FD31FFA400120D74981010BBAF2E08820D70B0A208104FFBAF2D0898309BAF2E08801D2000191D4926D01E255206C13E0F828D70B0A8309BAF2E089810101D700FA400120D74981010BBAF2E08820D70B0A208104FFBAF2D0898309BAF2E0881202D101DB3C}
                         x{6D}
                        x{21}
                       x{2_}
                        x{4}
                         x{B1D8B6CF36CF1B0C6_}
                          x{ED44D0D401F863D200018E2FD31FFA400120D74981010BBAF2E08820D70B0A208104FFBAF2D0898309BAF2E08801D2000191D4926D01E255206C13E0F828D70B0A8309BAF2E089810101D700FA400120D74981010BBAF2E08820D70B0A208104FFBAF2D0898309BAF2E0881202D101DB3C}
                           x{6D}
                          x{20}
                         x{B36436CF36CF1B0C6_}
                          x{ED44D0D401F863D200018E2FD31FFA400120D74981010BBAF2E08820D70B0A208104FFBAF2D0898309BAF2E08801D2000191D4926D01E255206C13E0F828D70B0A8309BAF2E089810101D700FA400120D74981010BBAF2E08820D70B0A208104FFBAF2D0898309BAF2E0881202D101DB3C}
                           x{6D}
                          x{22}
                        x{B82BEED44D0D20001}
                x{B8A3AA140000000000000000801D3E5E1B0970E52ABD4EA639AED542E118FE33D2F03FE072737A6B74A8FDC2C69_}
           x{72EBB281FB87B6F17ECEACBAE90967AEA99FC1C318D9CA1C2F4649D182EB7DB7F82B7074F32D6261AFCB63DA70637D99AD5D53AD2127379EF42DDEC80951C9D634}
           x{04090E517F8F988036EE1C11_}
            x{602327CC3D09000000000000000007C100000000000000000000000000000000000000000000000000000000000000000000000000000000000000000000000000000000000000000000000000000000}
            x{C9AC8D784C8FB95000000000000A00020000000909C268BB019E365A54F6987EE82CB6D75AE5AD786F74151A02DF5B90A75671C448913B24_},
          hash: [Function: hash],
          blockchainLogs: '[ 4][t 0][2024-10-30 23:27:04.406000][transaction.cpp:443]\tunpacking account 525D79B589F1D73B879432CD1A596C0F9C42CF460467BBB795DA5A20C021C138\n' +
            '[ 4][t 0][2024-10-30 23:27:04.406000][transaction.cpp:274]\tlast_paid=1732922824; cells=232 bits=84050 public_cells=0\n' +
            '[ 4][t 0][2024-10-30 23:27:04.406000][transaction.cpp:504]\tend of Account.unpack() for 0:525D79B589F1D73B879432CD1A596C0F9C42CF460467BBB795DA5A20C021C138 (balance = 4900000000ng ; last_trans_lt = 36000000..36000002)\n' +
            '[ 4][t 0][2024-10-30 23:27:04.406000][transaction.cpp:3655]\tblock random seed set to 0000000000000000000000000000000000000000000000000000000000000000\n' +
            '[ 4][t 0][2024-10-30 23:27:04.406000][transaction.cpp:1236]\tgas limits: max=1000000, limit=1000000, credit=0\n' +
            '[ 4][t 0][2024-10-30 23:27:04.406000][transaction.cpp:1575]\tin_msg_state is null\n' +
            '[ 4][t 0][2024-10-30 23:27:04.406000][transaction.cpp:1645]\tcreating VM\n' +
            '[ 4][t 0][2024-10-30 23:27:04.406000][transaction.cpp:1351]\tSmartContractInfo initialized with [ 124711402 0 0 1732922824 38000000 38000000 14068792954309835536948273256715513127174070948738620016199408580766834334284 [ 5860888382 (null) ] CS{Cell{0273c00525d79b589f1d73b879432cd1a596c0f9c42cf460467bbb795da5a20c021c1383d0c05214833a526e40000000000895440940490404401340} bits: 1..268; refs: 0..0} C{A7EC01478F770EF8F8B037CC7E42F0ABF0D85A50E1828C2394DAD1411691F2DE} C{42B6F0E46484EFC57B9508F6BA7EF42E7512023D5CB4ED5628DD1C7755D16E9D} [ 960888382 (null) ] 0 (null) [ CS{Cell{004dd06600000000000000000000000080000000000000fa00000000000001f4000000000003d09040} bits: 9..305; refs: 0..0} (null) CS{Cell{0094d1000000000000006400000000000f4240de000000002710000000000000000f42400000000002160ec0000000000000271000000000002625a00000000005f5e100000000003b9aca00} bits: 0..592; refs: 0..0} CS{Cell{0094d100000000000000640000000000009c40de000000000190000000000000000f424000000000000f4240000000000000271000000000009896800000000005f5e100000000003b9aca00} bits: 0..592; refs: 0..0} CS{Cell{0042ea000000000098968000000000271000000000000f424000000001800055555555} bits: 0..264; refs: 0..0} CS{Cell{0042ea0000000000061a800000000001900000000000009c4000000001800055555555} bits: 0..264; refs: 0..0} (null) ] 0 (null) ]\n' +
            '[ 4][t 0][2024-10-30 23:27:04.406000][transaction.cpp:1675]\tstarting VM\n' +
            '[ 4][t 0][2024-10-30 23:27:04.408000][transaction.cpp:1680]\tVM terminated with exit code 0\n' +
            '[ 3][t 0][2024-10-30 23:27:04.408000][transaction.cpp:1702]\tsteps: 1985 gas: used=71998, max=1000000, limit=1000000, credit=0\n' +
            '[ 3][t 0][2024-10-30 23:27:04.408000][transaction.cpp:1704]\tout_of_gas=false, accepted=true, success=true, time=0.001934s\n' +
            '[ 4][t 0][2024-10-30 23:27:04.408000][transaction.cpp:1737]\tgas fees: 28799200 = 26214400 * 71998 /2^16 ; price=26214400; flat rate=[40000 for 100]; remaining balance=5832089182ng\n' +
            '[ 3][t 0][2024-10-30 23:27:04.408000][transaction.cpp:2678]\tin try_action_reserve_currency(0)\n' +
            '[ 4][t 0][2024-10-30 23:27:04.408000][transaction.cpp:2684]\taction_reserve_currency: mode=0, reserve=4900000000ng, balance=5832089182ng, original balance=4900000000ng\n' +
            '[ 3][t 0][2024-10-30 23:27:04.408000][transaction.cpp:2729]\tchanged remaining balance to 932089182ng, reserved balance to 4900000000ng\n' +
            '[ 4][t 0][2024-10-30 23:27:04.408000][transaction.cpp:2448]\tstorage paid for a message: 1 cells, 96 bits\n' +
            '[ 4][t 0][2024-10-30 23:27:04.408000][transaction.cpp:2452]\tcomputed fwd fees = 478400 + 0\n' +
            '[ 4][t 0][2024-10-30 23:27:04.408000][transaction.cpp:2448]\tstorage paid for a message: 1 cells, 96 bits\n' +
            '[ 4][t 0][2024-10-30 23:27:04.408000][transaction.cpp:2452]\tcomputed fwd fees = 478400 + 0\n' +
            '[ 4][t 0][2024-10-30 23:27:04.408000][transaction.cpp:2448]\tstorage paid for a message: 1 cells, 431 bits\n' +
            '[ 4][t 0][2024-10-30 23:27:04.408000][transaction.cpp:2452]\tcomputed fwd fees = 612400 + 0\n' +
            '[ 4][t 0][2024-10-30 23:27:04.408000][transaction.cpp:2448]\tstorage paid for a message: 27 cells, 6976 bits\n' +
            '[ 4][t 0][2024-10-30 23:27:04.408000][transaction.cpp:2452]\tcomputed fwd fees = 4270400 + 0\n',
          vmLogs: 'xecute EQUAL\n' +
            'execute THROWIF 137\n' +
            'execute PUSHPOW2 10\n' +
            'execute EQUAL\n' +
            'execute THROWIFNOT 136\n' +
            'execute STSLICER\n' +
            'execute ENDC\n' +
            'execute ROT\n' +
            'execute STREF\n' +
            'execute ENDC\n' +
            'execute SWAP\n' +
            'execute STREF\n' +
            'execute implicit RET\n' +
            'execute ENDC\n' +
            'execute POP c4\n' +
            'execute implicit RET\n',
          debugLogs: '',
          events: [Array],
          parent: [Object],
          children: [Array],
          externals: [Array]
        },
        children: [ [Object] ],
        externals: []
      },
      {
        address: 84049441022908470316622795825605090351520748406577698494615284512509455375210n,
        lt: 41000000n,
        prevTransactionHash: 56441114258945791812552979377682946974067067843270264767904326325560249433267n,
        prevTransactionLt: 37000000n,
        now: 1732922824,
        outMessagesCount: 1,
        oldStatus: 'active',
        endStatus: 'non-existing',
        inMessage: {
          info: [Object],
          init: [Object],
          body: x{B8A3AA140000000000000000801D3E5E1B0970E52ABD4EA639AED542E118FE33D2F03FE072737A6B74A8FDC2C69_}
        },
        outMessages: Dictionary { _key: [Object], _value: [Object], _map: [Map] },
        totalFees: { coins: 3532131n },
        stateUpdate: {
          oldHash: <Buffer d0 10 9a de 7f 2c 4d db 69 be a7 80 f0 28 24 30 1d 73 3c d6 04 93 ea 7b ae f5 e9 e8 2f 86 c6 09>,
          newHash: <Buffer 90 ae c8 96 5a fa bb 16 eb c3 cb 9b 40 8e ba e7 1b 61 8d 78 78 8b c8 0d 09 84 35 93 ca c9 8d a4>
        },
        description: {
          type: 'generic',
          creditFirst: true,
          storagePhase: [Object],
          creditPhase: [Object],
          computePhase: [Object],
          actionPhase: [Object],
          bouncePhase: undefined,
          aborted: false,
          destroyed: true
        },
        raw: x{7B9D24C3C0A4527B020E025CA956131C5EB5081291157C25FD7961DF2D03A1B6A0000000002719C407CC889E19BFD3762923F23A42698DF1F7F006C594CFF20C37AD28514CE4C3CB30000000002349340674A4DC80003666BCAC6}
         x{E_}
          x{4800A4BAF36B13E3AE770F28659A34B2D81F38859E8C08CF776F2BB4B44180438271002E74930F029149EC08380972A5584C717AD4204A4455F097F5E5877CB40E86DA90BCA367B80656E1D8000000000487AB08CE949B91E_}
           x{34_}
            x{FF00F4A413F4BCF2C80B}
             x{62_}
              x{D001D0D3030171B0A301FA400120D74981010BBAF2E08820D70B0A208104FFBAF2D0898309BAF2E088545053036F04F86102F862DB3C5512DB3CF2E082}
               x{ED44D0D401F863D200018E2FD31FFA400120D74981010BBAF2E08820D70B0A208104FFBAF2D0898309BAF2E08801D2000191D4926D01E255206C13E0F828D70B0A8309BAF2E089810101D700FA400120D74981010BBAF2E08820D70B0A208104FFBAF2D0898309BAF2E0881202D101DB3C}
                x{6D}
               x{0192307FE07021D749C21F953020D70B1FDE208210AFE93535BA8F5130D31F018210AFE93535BAF2E081D33FFA400120D74981010BBAF2E08820D70B0A208104FFBAF2D0898309BAF2E08801D455206C1332820898968070FB024434DB3C30037083067055206D6D6DDB3C597FE0208210B8A3AA14BAE302}
                x{F8425220C705F2E084}
                x{C87101CA01500701CA007001CA02500520D74981010BBAF2E08820D70B0A208104FFBAF2D0898309BAF2E088CF165003FA027001CA68236EB3917F93246EB3E2973333017001CA00E30D216EB39C7F01CA0001206EF2D08001CC95317001CA00E2C901FB00}
                 x{7F01CA00C87001CA007001CA00246EB39D7F01CA0004206EF2D0805004CC9634037001CA00E2246EB39D7F01CA0004206EF2D0805004CC9634037001CA00E27001CA00027F01CA0002C958CC}
                x{30D31F018210B8A3AA14BAF2E081D33FFA400120D74981010BBAF2E08820D70B0A208104FFBAF2D0898309BAF2E088126C12317020FB025520DB3C03708100A07055206D6D6DDB3C587F}
                 x{F8425220C705F2E084}
                 x{C87101CA01500701CA007001CA02500520D74981010BBAF2E08820D70B0A208104FFBAF2D0898309BAF2E088CF165003FA027001CA68236EB3917F93246EB3E2973333017001CA00E30D216EB39C7F01CA0001206EF2D08001CC95317001CA00E2C901FB00}
                  x{7F01CA00C87001CA007001CA00246EB39D7F01CA0004206EF2D0805004CC9634037001CA00E2246EB39D7F01CA0004206EF2D0805004CC9634037001CA00E27001CA00027F01CA0002C958CC}
                x{8210E601F8E5BA8ECED31F018210E601F8E5BAF2E081D33F0131820898968070FB02F8416F2410235F037083067F25206EF2D080542580C855208210B687AB175004CB1F12CB3FCB1FCCC9103441301443306D6DDB3C7FE03070}
                 x{C87101CA01500701CA007001CA02500520D74981010BBAF2E08820D70B0A208104FFBAF2D0898309BAF2E088CF165003FA027001CA68236EB3917F93246EB3E2973333017001CA00E30D216EB39C7F01CA0001206EF2D08001CC95317001CA00E2C901FB00}
                  x{7F01CA00C87001CA007001CA00246EB39D7F01CA0004206EF2D0805004CC9634037001CA00E2246EB39D7F01CA0004206EF2D0805004CC9634037001CA00E27001CA00027F01CA0002C958CC}
               x{C8F84301CC7F01CA0055205023CB1F0120D74981010BBAF2E08820D70B0A208104FFBAF2D0898309BAF2E088CF16216EB3957F01CA00CC947032CA00E2C9ED54}
              x{2_}
               x{BE28EED9E6D9E3618C_}
                x{ED44D0D401F863D200018E2FD31FFA400120D74981010BBAF2E08820D70B0A208104FFBAF2D0898309BAF2E08801D2000191D4926D01E255206C13E0F828D70B0A8309BAF2E089810101D700FA400120D74981010BBAF2E08820D70B0A208104FFBAF2D0898309BAF2E0881202D101DB3C}
                 x{6D}
                x{21}
               x{2_}
                x{4}
                 x{B1D8B6CF36CF1B0C6_}
                  x{ED44D0D401F863D200018E2FD31FFA400120D74981010BBAF2E08820D70B0A208104FFBAF2D0898309BAF2E08801D2000191D4926D01E255206C13E0F828D70B0A8309BAF2E089810101D700FA400120D74981010BBAF2E08820D70B0A208104FFBAF2D0898309BAF2E0881202D101DB3C}
                   x{6D}
                  x{20}
                 x{B36436CF36CF1B0C6_}
                  x{ED44D0D401F863D200018E2FD31FFA400120D74981010BBAF2E08820D70B0A208104FFBAF2D0898309BAF2E08801D2000191D4926D01E255206C13E0F828D70B0A8309BAF2E089810101D700FA400120D74981010BBAF2E08820D70B0A208104FFBAF2D0898309BAF2E0881202D101DB3C}
                   x{6D}
                  x{22}
                x{B82BEED44D0D20001}
            x{0000000000000000000000000000000000000000000000000000000000000000200292EBCDAC4F8EB9DC3CA19668D2CB607CE2167A30233DDDBCAED2D106010E09C4_}
             x{C_}
              x{A0838F_}
               x{FF00F4A413F4BCF2C80B}
                x{62_}
                 x{D001D0D3030171B0A301FA400120D74981010BBAF2E08820D70B0A208104FFBAF2D0898309BAF2E088545053036F04F86102F862DB3C5512DB3CF2E082}
                  x{ED44D0D401F863D200018E2FD31FFA400120D74981010BBAF2E08820D70B0A208104FFBAF2D0898309BAF2E08801D2000191D4926D01E255206C13E0F828D70B0A8309BAF2E089810101D700FA400120D74981010BBAF2E08820D70B0A208104FFBAF2D0898309BAF2E0881202D101DB3C}
                   x{6D}
                  x{0192307FE07021D749C21F953020D70B1FDE208210AFE93535BA8F5130D31F018210AFE93535BAF2E081D33FFA400120D74981010BBAF2E08820D70B0A208104FFBAF2D0898309BAF2E08801D455206C1332820898968070FB024434DB3C30037083067055206D6D6DDB3C597FE0208210B8A3AA14BAE302}
                   x{F8425220C705F2E084}
                   x{C87101CA01500701CA007001CA02500520D74981010BBAF2E08820D70B0A208104FFBAF2D0898309BAF2E088CF165003FA027001CA68236EB3917F93246EB3E2973333017001CA00E30D216EB39C7F01CA0001206EF2D08001CC95317001CA00E2C901FB00}
                    x{7F01CA00C87001CA007001CA00246EB39D7F01CA0004206EF2D0805004CC9634037001CA00E2246EB39D7F01CA0004206EF2D0805004CC9634037001CA00E27001CA00027F01CA0002C958CC}
                   x{30D31F018210B8A3AA14BAF2E081D33FFA400120D74981010BBAF2E08820D70B0A208104FFBAF2D0898309BAF2E088126C12317020FB025520DB3C03708100A07055206D6D6DDB3C587F}
                    x{F8425220C705F2E084}
                    x{C87101CA01500701CA007001CA02500520D74981010BBAF2E08820D70B0A208104FFBAF2D0898309BAF2E088CF165003FA027001CA68236EB3917F93246EB3E2973333017001CA00E30D216EB39C7F01CA0001206EF2D08001CC95317001CA00E2C901FB00}
                     x{7F01CA00C87001CA007001CA00246EB39D7F01CA0004206EF2D0805004CC9634037001CA00E2246EB39D7F01CA0004206EF2D0805004CC9634037001CA00E27001CA00027F01CA0002C958CC}
                   x{8210E601F8E5BA8ECED31F018210E601F8E5BAF2E081D33F0131820898968070FB02F8416F2410235F037083067F25206EF2D080542580C855208210B687AB175004CB1F12CB3FCB1FCCC9103441301443306D6DDB3C7FE03070}
                    x{C87101CA01500701CA007001CA02500520D74981010BBAF2E08820D70B0A208104FFBAF2D0898309BAF2E088CF165003FA027001CA68236EB3917F93246EB3E2973333017001CA00E30D216EB39C7F01CA0001206EF2D08001CC95317001CA00E2C901FB00}
                     x{7F01CA00C87001CA007001CA00246EB39D7F01CA0004206EF2D0805004CC9634037001CA00E2246EB39D7F01CA0004206EF2D0805004CC9634037001CA00E27001CA00027F01CA0002C958CC}
                  x{C8F84301CC7F01CA0055205023CB1F0120D74981010BBAF2E08820D70B0A208104FFBAF2D0898309BAF2E088CF16216EB3957F01CA00CC947032CA00E2C9ED54}
                 x{2_}
                  x{BE28EED9E6D9E3618C_}
                   x{ED44D0D401F863D200018E2FD31FFA400120D74981010BBAF2E08820D70B0A208104FFBAF2D0898309BAF2E08801D2000191D4926D01E255206C13E0F828D70B0A8309BAF2E089810101D700FA400120D74981010BBAF2E08820D70B0A208104FFBAF2D0898309BAF2E0881202D101DB3C}
                    x{6D}
                   x{21}
                  x{2_}
                   x{4}
                    x{B1D8B6CF36CF1B0C6_}
                     x{ED44D0D401F863D200018E2FD31FFA400120D74981010BBAF2E08820D70B0A208104FFBAF2D0898309BAF2E08801D2000191D4926D01E255206C13E0F828D70B0A8309BAF2E089810101D700FA400120D74981010BBAF2E08820D70B0A208104FFBAF2D0898309BAF2E0881202D101DB3C}
                      x{6D}
                     x{20}
                    x{B36436CF36CF1B0C6_}
                     x{ED44D0D401F863D200018E2FD31FFA400120D74981010BBAF2E08820D70B0A208104FFBAF2D0898309BAF2E08801D2000191D4926D01E255206C13E0F828D70B0A8309BAF2E089810101D700FA400120D74981010BBAF2E08820D70B0A208104FFBAF2D0898309BAF2E0881202D101DB3C}
                      x{6D}
                     x{22}
                   x{B82BEED44D0D20001}
           x{B8A3AA140000000000000000801D3E5E1B0970E52ABD4EA639AED542E118FE33D2F03FE072737A6B74A8FDC2C69_}
          x{DF_}
           x{480173A49878148A4F6041C04B952AC2638BD6A1025222AF84BFAF2C3BE5A07436D5003A7CBC3612E1CA557A9D4C735DAA85C231FC67A5E07FC0E4E6F4D6E951FB858D10BE1DE5780608235A0000000004E33882CE949B904_}
         x{72D0109ADE7F2C4DDB69BEA780F02824301D733CD60493EA7BAEF5E9E82F86C60990AEC8965AFABB16EBC3CB9B408EBAE71B618D78788BC80D09843593CAC98DA4}
         x{0C090BCA367B98667B9213_}
          x{44262C3D09000000000000000000FA00000000000000000000000000000000000000000000000000000000000000000000000000000000000000000000000000000000000000000000000000000000}
          x{DCC186A0260411A6000000000002000100000001F01808E7C65384854FD0A4F77793F95695733B675EB306C4FAC3CFF546A3D22720280B06_},
        hash: [Function: hash],
        blockchainLogs: '[ 4][t 0][2024-10-30 23:27:04.419000][transaction.cpp:443]\tunpacking account B9D24C3C0A4527B020E025CA956131C5EB5081291157C25FD7961DF2D03A1B6A\n' +
          '[ 4][t 0][2024-10-30 23:27:04.419000][transaction.cpp:274]\tlast_paid=1732922824; cells=28 bits=7131 public_cells=0\n' +
          '[ 4][t 0][2024-10-30 23:27:04.419000][transaction.cpp:504]\tend of Account.unpack() for 0:B9D24C3C0A4527B020E025CA956131C5EB5081291157C25FD7961DF2D03A1B6A (balance = 10000000ng ; last_trans_lt = 37000000..37000002)\n' +
          '[ 4][t 0][2024-10-30 23:27:04.419000][transaction.cpp:3655]\tblock random seed set to 0000000000000000000000000000000000000000000000000000000000000000\n' +
          '[ 4][t 0][2024-10-30 23:27:04.419000][transaction.cpp:1236]\tgas limits: max=1000000, limit=1000000, credit=0\n' +
          '[ 4][t 0][2024-10-30 23:27:04.419000][transaction.cpp:1571]\tHASH(in_msg_state) = B9D24C3C0A4527B020E025CA956131C5EB5081291157C25FD7961DF2D03A1B6A, account_state_hash = 0000000000000000000000000000000000000000000000000000000000000000\n' +
          '[ 4][t 0][2024-10-30 23:27:04.419000][transaction.cpp:1645]\tcreating VM\n' +
          '[ 4][t 0][2024-10-30 23:27:04.419000][transaction.cpp:1351]\tSmartContractInfo initialized with [ 124711402 0 0 1732922824 41000000 41000000 84630195367514639409622924175749312199831056191303332875639359062248049886761 [ 801206382 (null) ] CS{Cell{026dc00b9d24c3c0a4527b020e025ca956131c5eb5081291157c25fd7961df2d03a1b6a23886f6c33a526e400000000008d24d08e625a01340} bits: 1..268; refs: 0..0} C{A7EC01478F770EF8F8B037CC7E42F0ABF0D85A50E1828C2394DAD1411691F2DE} C{F2179DCD5CFD8A1E113288591FFB7A5E10E107D0D2C36DF69E40398023DAA7B1} [ 791206382 (null) ] 0 (null) [ CS{Cell{004dd06600000000000000000000000080000000000000fa00000000000001f4000000000003d09040} bits: 9..305; refs: 0..0} (null) CS{Cell{0094d1000000000000006400000000000f4240de000000002710000000000000000f42400000000002160ec0000000000000271000000000002625a00000000005f5e100000000003b9aca00} bits: 0..592; refs: 0..0} CS{Cell{0094d100000000000000640000000000009c40de000000000190000000000000000f424000000000000f4240000000000000271000000000009896800000000005f5e100000000003b9aca00} bits: 0..592; refs: 0..0} CS{Cell{0042ea000000000098968000000000271000000000000f424000000001800055555555} bits: 0..264; refs: 0..0} CS{Cell{0042ea0000000000061a800000000001900000000000009c4000000001800055555555} bits: 0..264; refs: 0..0} (null) ] 0 (null) ]\n' +
          '[ 4][t 0][2024-10-30 23:27:04.420000][transaction.cpp:1675]\tstarting VM\n' +
          '[ 4][t 0][2024-10-30 23:27:04.420000][transaction.cpp:1680]\tVM terminated with exit code 0\n' +
          '[ 3][t 0][2024-10-30 23:27:04.420000][transaction.cpp:1702]\tsteps: 250 gas: used=8497, max=1000000, limit=1000000, credit=0\n' +
          '[ 3][t 0][2024-10-30 23:27:04.420000][transaction.cpp:1704]\tout_of_gas=false, accepted=true, success=true, time=0.000441s\n' +
          '[ 4][t 0][2024-10-30 23:27:04.420000][transaction.cpp:1737]\tgas fees: 3398800 = 26214400 * 8497 /2^16 ; price=26214400; flat rate=[40000 for 100]; remaining balance=797807582ng\n' +
          '[ 3][t 0][2024-10-30 23:27:04.420000][transaction.cpp:2678]\tin try_action_reserve_currency(0)\n' +
          '[ 4][t 0][2024-10-30 23:27:04.420000][transaction.cpp:2684]\taction_reserve_currency: mode=0, reserve=0ng, balance=797807582ng, original balance=10000000ng\n' +
          '[ 3][t 0][2024-10-30 23:27:04.420000][transaction.cpp:2729]\tchanged remaining balance to 797807582ng, reserved balance to 0ng\n' +
          '[ 4][t 0][2024-10-30 23:27:04.420000][transaction.cpp:2448]\tstorage paid for a message: 0 cells, 0 bits\n' +
          '[ 4][t 0][2024-10-30 23:27:04.420000][transaction.cpp:2452]\tcomputed fwd fees = 400000 + 0\n',
        vmLogs: 'ecute STSLICER\n' +
          'execute OVER\n' +
          'execute ISNULL\n' +
          'execute NOT\n' +
          'execute PUSHCONT x7F01CA00CC\n' +
          'execute PUSHCONT x7032CA00\n' +
          'execute IFELSE\n' +
          'execute PUSHINT -1\n' +
          'execute SWAP\n' +
          'execute STI 1\n' +
          'execute STREF\n' +
          'execute implicit RET\n' +
          'execute ENDC\n' +
          'execute POP c4\n' +
          'execute implicit RET\n',
        debugLogs: '',
        events: [ [Object], [Object] ],
        parent: {
          address: 37254810366437813475271750514734067285117962570475561289538093995582013161784n,
          lt: 38000000n,
          prevTransactionHash: 29672042455214283075261880657225969573425834989645920877703210596215611091393n,
          prevTransactionLt: 36000000n,
          now: 1732922824,
          outMessagesCount: 4,
          oldStatus: 'active',
          endStatus: 'active',
          inMessage: [Object],
          outMessages: [Dictionary],
          totalFees: [Object],
          stateUpdate: [Object],
          description: [Object],
          raw: x{7525D79B589F1D73B879432CD1A596C0F9C42CF460467BBB795DA5A20C021C138000000000243D5804199C7E7C88C52849D8F1B8B94E027CCF7154E84823CC7C19A30D065244669C10000000002255100674A4DC800094803B6BE68}
           x{E_}
            x{680173A49878148A4F6041C04B952AC2638BD6A1025222AF84BFAF2C3BE5A07436D50014975E6D627C75CEE1E50CB346965B03E710B3D18119EEEDE57696883008704E10E517F8F80610E50A0000000004692682CE949B905B43D58B8000000000000000000000004_}
             x{02208F0D180208F0D180217D78400200E4E1C0247868C00339160643395FDA43391606433A526E400000000800000004_}
              x{801028CD38D6A9FB165BB1D27554DCBBC8B7A064E07EF4C3832956828113614F545_}
            x{DB_}
             x{2_}
              x{2_}
               x{6800A4BAF36B13E3AE770F28659A34B2D81F38859E8C08CF776F2BB4B44180438271001F33C9E03834F86C2DA0166D0212C129A321D08D5D171B4080758BCF48863C4D90101931000609BBB0000000000487AB02CE949B90C_}
                x{BC26F4C80000000000000000}
              x{2_}
               x{6800A4BAF36B13E3AE770F28659A34B2D81F38859E8C08CF776F2BB4B4418043827100384BA6D6A6B7DF2422C44C909493A07C03CA0A1FF860A7ED8531810050149DDF10101931000609BBB0000000000487AB04CE949B90C_}
                x{BC26F4C80000000000000001}
             x{2_}
              x{2_}
               x{E00292EBCDAC4F8EB9DC3CA19668D2CB607CE2167A30233DDDBCAED2D106010E09C0000000000487AB06CE949B90C_}
                x{8B6D3812000000000000000000000000801028CD38D6A9FB165BB1D27554DCBBC8B7A064E07EF4C3832956828113614F54491E1A3001_}
              x{2_}
               x{4800A4BAF36B13E3AE770F28659A34B2D81F38859E8C08CF776F2BB4B44180438271002E74930F029149EC08380972A5584C717AD4204A4455F097F5E5877CB40E86DA90BCA367B80656E1D8000000000487AB08CE949B91E_}
                x{34_}
                 x{FF00F4A413F4BCF2C80B}
                  x{62_}
                   x{D001D0D3030171B0A301FA400120D74981010BBAF2E08820D70B0A208104FFBAF2D0898309BAF2E088545053036F04F86102F862DB3C5512DB3CF2E082}
                    x{ED44D0D401F863D200018E2FD31FFA400120D74981010BBAF2E08820D70B0A208104FFBAF2D0898309BAF2E08801D2000191D4926D01E255206C13E0F828D70B0A8309BAF2E089810101D700FA400120D74981010BBAF2E08820D70B0A208104FFBAF2D0898309BAF2E0881202D101DB3C}
                     x{6D}
                    x{0192307FE07021D749C21F953020D70B1FDE208210AFE93535BA8F5130D31F018210AFE93535BAF2E081D33FFA400120D74981010BBAF2E08820D70B0A208104FFBAF2D0898309BAF2E08801D455206C1332820898968070FB024434DB3C30037083067055206D6D6DDB3C597FE0208210B8A3AA14BAE302}
                     x{F8425220C705F2E084}
                     x{C87101CA01500701CA007001CA02500520D74981010BBAF2E08820D70B0A208104FFBAF2D0898309BAF2E088CF165003FA027001CA68236EB3917F93246EB3E2973333017001CA00E30D216EB39C7F01CA0001206EF2D08001CC95317001CA00E2C901FB00}
                      x{7F01CA00C87001CA007001CA00246EB39D7F01CA0004206EF2D0805004CC9634037001CA00E2246EB39D7F01CA0004206EF2D0805004CC9634037001CA00E27001CA00027F01CA0002C958CC}
                     x{30D31F018210B8A3AA14BAF2E081D33FFA400120D74981010BBAF2E08820D70B0A208104FFBAF2D0898309BAF2E088126C12317020FB025520DB3C03708100A07055206D6D6DDB3C587F}
                      x{F8425220C705F2E084}
                      x{C87101CA01500701CA007001CA02500520D74981010BBAF2E08820D70B0A208104FFBAF2D0898309BAF2E088CF165003FA027001CA68236EB3917F93246EB3E2973333017001CA00E30D216EB39C7F01CA0001206EF2D08001CC95317001CA00E2C901FB00}
                       x{7F01CA00C87001CA007001CA00246EB39D7F01CA0004206EF2D0805004CC9634037001CA00E2246EB39D7F01CA0004206EF2D0805004CC9634037001CA00E27001CA00027F01CA0002C958CC}
                     x{8210E601F8E5BA8ECED31F018210E601F8E5BAF2E081D33F0131820898968070FB02F8416F2410235F037083067F25206EF2D080542580C855208210B687AB175004CB1F12CB3FCB1FCCC9103441301443306D6DDB3C7FE03070}
                      x{C87101CA01500701CA007001CA02500520D74981010BBAF2E08820D70B0A208104FFBAF2D0898309BAF2E088CF165003FA027001CA68236EB3917F93246EB3E2973333017001CA00E30D216EB39C7F01CA0001206EF2D08001CC95317001CA00E2C901FB00}
                       x{7F01CA00C87001CA007001CA00246EB39D7F01CA0004206EF2D0805004CC9634037001CA00E2246EB39D7F01CA0004206EF2D0805004CC9634037001CA00E27001CA00027F01CA0002C958CC}
                    x{C8F84301CC7F01CA0055205023CB1F0120D74981010BBAF2E08820D70B0A208104FFBAF2D0898309BAF2E088CF16216EB3957F01CA00CC947032CA00E2C9ED54}
                   x{2_}
                    x{BE28EED9E6D9E3618C_}
                     x{ED44D0D401F863D200018E2FD31FFA400120D74981010BBAF2E08820D70B0A208104FFBAF2D0898309BAF2E08801D2000191D4926D01E255206C13E0F828D70B0A8309BAF2E089810101D700FA400120D74981010BBAF2E08820D70B0A208104FFBAF2D0898309BAF2E0881202D101DB3C}
                      x{6D}
                     x{21}
                    x{2_}
                     x{4}
                      x{B1D8B6CF36CF1B0C6_}
                       x{ED44D0D401F863D200018E2FD31FFA400120D74981010BBAF2E08820D70B0A208104FFBAF2D0898309BAF2E08801D2000191D4926D01E255206C13E0F828D70B0A8309BAF2E089810101D700FA400120D74981010BBAF2E08820D70B0A208104FFBAF2D0898309BAF2E0881202D101DB3C}
                        x{6D}
                       x{20}
                      x{B36436CF36CF1B0C6_}
                       x{ED44D0D401F863D200018E2FD31FFA400120D74981010BBAF2E08820D70B0A208104FFBAF2D0898309BAF2E08801D2000191D4926D01E255206C13E0F828D70B0A8309BAF2E089810101D700FA400120D74981010BBAF2E08820D70B0A208104FFBAF2D0898309BAF2E0881202D101DB3C}
                        x{6D}
                       x{22}
                     x{B82BEED44D0D20001}
                 x{0000000000000000000000000000000000000000000000000000000000000000200292EBCDAC4F8EB9DC3CA19668D2CB607CE2167A30233DDDBCAED2D106010E09C4_}
                  x{C_}
                   x{A0838F_}
                    x{FF00F4A413F4BCF2C80B}
                     x{62_}
                      x{D001D0D3030171B0A301FA400120D74981010BBAF2E08820D70B0A208104FFBAF2D0898309BAF2E088545053036F04F86102F862DB3C5512DB3CF2E082}
                       x{ED44D0D401F863D200018E2FD31FFA400120D74981010BBAF2E08820D70B0A208104FFBAF2D0898309BAF2E08801D2000191D4926D01E255206C13E0F828D70B0A8309BAF2E089810101D700FA400120D74981010BBAF2E08820D70B0A208104FFBAF2D0898309BAF2E0881202D101DB3C}
                        x{6D}
                       x{0192307FE07021D749C21F953020D70B1FDE208210AFE93535BA8F5130D31F018210AFE93535BAF2E081D33FFA400120D74981010BBAF2E08820D70B0A208104FFBAF2D0898309BAF2E08801D455206C1332820898968070FB024434DB3C30037083067055206D6D6DDB3C597FE0208210B8A3AA14BAE302}
                        x{F8425220C705F2E084}
                        x{C87101CA01500701CA007001CA02500520D74981010BBAF2E08820D70B0A208104FFBAF2D0898309BAF2E088CF165003FA027001CA68236EB3917F93246EB3E2973333017001CA00E30D216EB39C7F01CA0001206EF2D08001CC95317001CA00E2C901FB00}
                         x{7F01CA00C87001CA007001CA00246EB39D7F01CA0004206EF2D0805004CC9634037001CA00E2246EB39D7F01CA0004206EF2D0805004CC9634037001CA00E27001CA00027F01CA0002C958CC}
                        x{30D31F018210B8A3AA14BAF2E081D33FFA400120D74981010BBAF2E08820D70B0A208104FFBAF2D0898309BAF2E088126C12317020FB025520DB3C03708100A07055206D6D6DDB3C587F}
                         x{F8425220C705F2E084}
                         x{C87101CA01500701CA007001CA02500520D74981010BBAF2E08820D70B0A208104FFBAF2D0898309BAF2E088CF165003FA027001CA68236EB3917F93246EB3E2973333017001CA00E30D216EB39C7F01CA0001206EF2D08001CC95317001CA00E2C901FB00}
                          x{7F01CA00C87001CA007001CA00246EB39D7F01CA0004206EF2D0805004CC9634037001CA00E2246EB39D7F01CA0004206EF2D0805004CC9634037001CA00E27001CA00027F01CA0002C958CC}
                        x{8210E601F8E5BA8ECED31F018210E601F8E5BAF2E081D33F0131820898968070FB02F8416F2410235F037083067F25206EF2D080542580C855208210B687AB175004CB1F12CB3FCB1FCCC9103441301443306D6DDB3C7FE03070}
                         x{C87101CA01500701CA007001CA02500520D74981010BBAF2E08820D70B0A208104FFBAF2D0898309BAF2E088CF165003FA027001CA68236EB3917F93246EB3E2973333017001CA00E30D216EB39C7F01CA0001206EF2D08001CC95317001CA00E2C901FB00}
                          x{7F01CA00C87001CA007001CA00246EB39D7F01CA0004206EF2D0805004CC9634037001CA00E2246EB39D7F01CA0004206EF2D0805004CC9634037001CA00E27001CA00027F01CA0002C958CC}
                       x{C8F84301CC7F01CA0055205023CB1F0120D74981010BBAF2E08820D70B0A208104FFBAF2D0898309BAF2E088CF16216EB3957F01CA00CC947032CA00E2C9ED54}
                      x{2_}
                       x{BE28EED9E6D9E3618C_}
                        x{ED44D0D401F863D200018E2FD31FFA400120D74981010BBAF2E08820D70B0A208104FFBAF2D0898309BAF2E08801D2000191D4926D01E255206C13E0F828D70B0A8309BAF2E089810101D700FA400120D74981010BBAF2E08820D70B0A208104FFBAF2D0898309BAF2E0881202D101DB3C}
                         x{6D}
                        x{21}
                       x{2_}
                        x{4}
                         x{B1D8B6CF36CF1B0C6_}
                          x{ED44D0D401F863D200018E2FD31FFA400120D74981010BBAF2E08820D70B0A208104FFBAF2D0898309BAF2E08801D2000191D4926D01E255206C13E0F828D70B0A8309BAF2E089810101D700FA400120D74981010BBAF2E08820D70B0A208104FFBAF2D0898309BAF2E0881202D101DB3C}
                           x{6D}
                          x{20}
                         x{B36436CF36CF1B0C6_}
                          x{ED44D0D401F863D200018E2FD31FFA400120D74981010BBAF2E08820D70B0A208104FFBAF2D0898309BAF2E08801D2000191D4926D01E255206C13E0F828D70B0A8309BAF2E089810101D700FA400120D74981010BBAF2E08820D70B0A208104FFBAF2D0898309BAF2E0881202D101DB3C}
                           x{6D}
                          x{22}
                        x{B82BEED44D0D20001}
                x{B8A3AA140000000000000000801D3E5E1B0970E52ABD4EA639AED542E118FE33D2F03FE072737A6B74A8FDC2C69_}
           x{72EBB281FB87B6F17ECEACBAE90967AEA99FC1C318D9CA1C2F4649D182EB7DB7F82B7074F32D6261AFCB63DA70637D99AD5D53AD2127379EF42DDEC80951C9D634}
           x{04090E517F8F988036EE1C11_}
            x{602327CC3D09000000000000000007C100000000000000000000000000000000000000000000000000000000000000000000000000000000000000000000000000000000000000000000000000000000}
            x{C9AC8D784C8FB95000000000000A00020000000909C268BB019E365A54F6987EE82CB6D75AE5AD786F74151A02DF5B90A75671C448913B24_},
          hash: [Function: hash],
          blockchainLogs: '[ 4][t 0][2024-10-30 23:27:04.406000][transaction.cpp:443]\tunpacking account 525D79B589F1D73B879432CD1A596C0F9C42CF460467BBB795DA5A20C021C138\n' +
            '[ 4][t 0][2024-10-30 23:27:04.406000][transaction.cpp:274]\tlast_paid=1732922824; cells=232 bits=84050 public_cells=0\n' +
            '[ 4][t 0][2024-10-30 23:27:04.406000][transaction.cpp:504]\tend of Account.unpack() for 0:525D79B589F1D73B879432CD1A596C0F9C42CF460467BBB795DA5A20C021C138 (balance = 4900000000ng ; last_trans_lt = 36000000..36000002)\n' +
            '[ 4][t 0][2024-10-30 23:27:04.406000][transaction.cpp:3655]\tblock random seed set to 0000000000000000000000000000000000000000000000000000000000000000\n' +
            '[ 4][t 0][2024-10-30 23:27:04.406000][transaction.cpp:1236]\tgas limits: max=1000000, limit=1000000, credit=0\n' +
            '[ 4][t 0][2024-10-30 23:27:04.406000][transaction.cpp:1575]\tin_msg_state is null\n' +
            '[ 4][t 0][2024-10-30 23:27:04.406000][transaction.cpp:1645]\tcreating VM\n' +
            '[ 4][t 0][2024-10-30 23:27:04.406000][transaction.cpp:1351]\tSmartContractInfo initialized with [ 124711402 0 0 1732922824 38000000 38000000 14068792954309835536948273256715513127174070948738620016199408580766834334284 [ 5860888382 (null) ] CS{Cell{0273c00525d79b589f1d73b879432cd1a596c0f9c42cf460467bbb795da5a20c021c1383d0c05214833a526e40000000000895440940490404401340} bits: 1..268; refs: 0..0} C{A7EC01478F770EF8F8B037CC7E42F0ABF0D85A50E1828C2394DAD1411691F2DE} C{42B6F0E46484EFC57B9508F6BA7EF42E7512023D5CB4ED5628DD1C7755D16E9D} [ 960888382 (null) ] 0 (null) [ CS{Cell{004dd06600000000000000000000000080000000000000fa00000000000001f4000000000003d09040} bits: 9..305; refs: 0..0} (null) CS{Cell{0094d1000000000000006400000000000f4240de000000002710000000000000000f42400000000002160ec0000000000000271000000000002625a00000000005f5e100000000003b9aca00} bits: 0..592; refs: 0..0} CS{Cell{0094d100000000000000640000000000009c40de000000000190000000000000000f424000000000000f4240000000000000271000000000009896800000000005f5e100000000003b9aca00} bits: 0..592; refs: 0..0} CS{Cell{0042ea000000000098968000000000271000000000000f424000000001800055555555} bits: 0..264; refs: 0..0} CS{Cell{0042ea0000000000061a800000000001900000000000009c4000000001800055555555} bits: 0..264; refs: 0..0} (null) ] 0 (null) ]\n' +
            '[ 4][t 0][2024-10-30 23:27:04.406000][transaction.cpp:1675]\tstarting VM\n' +
            '[ 4][t 0][2024-10-30 23:27:04.408000][transaction.cpp:1680]\tVM terminated with exit code 0\n' +
            '[ 3][t 0][2024-10-30 23:27:04.408000][transaction.cpp:1702]\tsteps: 1985 gas: used=71998, max=1000000, limit=1000000, credit=0\n' +
            '[ 3][t 0][2024-10-30 23:27:04.408000][transaction.cpp:1704]\tout_of_gas=false, accepted=true, success=true, time=0.001934s\n' +
            '[ 4][t 0][2024-10-30 23:27:04.408000][transaction.cpp:1737]\tgas fees: 28799200 = 26214400 * 71998 /2^16 ; price=26214400; flat rate=[40000 for 100]; remaining balance=5832089182ng\n' +
            '[ 3][t 0][2024-10-30 23:27:04.408000][transaction.cpp:2678]\tin try_action_reserve_currency(0)\n' +
            '[ 4][t 0][2024-10-30 23:27:04.408000][transaction.cpp:2684]\taction_reserve_currency: mode=0, reserve=4900000000ng, balance=5832089182ng, original balance=4900000000ng\n' +
            '[ 3][t 0][2024-10-30 23:27:04.408000][transaction.cpp:2729]\tchanged remaining balance to 932089182ng, reserved balance to 4900000000ng\n' +
            '[ 4][t 0][2024-10-30 23:27:04.408000][transaction.cpp:2448]\tstorage paid for a message: 1 cells, 96 bits\n' +
            '[ 4][t 0][2024-10-30 23:27:04.408000][transaction.cpp:2452]\tcomputed fwd fees = 478400 + 0\n' +
            '[ 4][t 0][2024-10-30 23:27:04.408000][transaction.cpp:2448]\tstorage paid for a message: 1 cells, 96 bits\n' +
            '[ 4][t 0][2024-10-30 23:27:04.408000][transaction.cpp:2452]\tcomputed fwd fees = 478400 + 0\n' +
            '[ 4][t 0][2024-10-30 23:27:04.408000][transaction.cpp:2448]\tstorage paid for a message: 1 cells, 431 bits\n' +
            '[ 4][t 0][2024-10-30 23:27:04.408000][transaction.cpp:2452]\tcomputed fwd fees = 612400 + 0\n' +
            '[ 4][t 0][2024-10-30 23:27:04.408000][transaction.cpp:2448]\tstorage paid for a message: 27 cells, 6976 bits\n' +
            '[ 4][t 0][2024-10-30 23:27:04.408000][transaction.cpp:2452]\tcomputed fwd fees = 4270400 + 0\n',
          vmLogs: 'xecute EQUAL\n' +
            'execute THROWIF 137\n' +
            'execute PUSHPOW2 10\n' +
            'execute EQUAL\n' +
            'execute THROWIFNOT 136\n' +
            'execute STSLICER\n' +
            'execute ENDC\n' +
            'execute ROT\n' +
            'execute STREF\n' +
            'execute ENDC\n' +
            'execute SWAP\n' +
            'execute STREF\n' +
            'execute implicit RET\n' +
            'execute ENDC\n' +
            'execute POP c4\n' +
            'execute implicit RET\n',
          debugLogs: '',
          events: [Array],
          parent: [Object],
          children: [Array],
          externals: [Array]
        },
        children: [ [Object] ],
        externals: []
      },
      {
        address: 37254810366437813475271750514734067285117962570475561289538093995582013161784n,
        lt: 42000000n,
        prevTransactionHash: 59502638618939157984041048974874784466549447884963992631941186080548524959033n,
        prevTransactionLt: 38000000n,
        now: 1732922824,
        outMessagesCount: 2,
        oldStatus: 'active',
        endStatus: 'active',
        inMessage: {
          info: [Object],
          init: null,
          body: x{2A004A0500000000000000000000000000000000000000000000000000000000000000000000000000000000C00814669C6B54FD8B2DD8E93AAA6E5DE45BD032703F7A61C194AB414089B0A7AA2}
        },
        outMessages: Dictionary { _key: [Object], _value: [Object], _map: [Map] },
        totalFees: { coins: 11323062n },
        stateUpdate: {
          oldHash: <Buffer 2b 70 74 f3 2d 62 61 af cb 63 da 70 63 7d 99 ad 5d 53 ad 21 27 37 9e f4 2d de c8 09 51 c9 d6 34>,
          newHash: <Buffer 20 b5 1b ee 83 e8 c8 d5 93 9c d3 59 ed 43 fd bd 07 e1 c1 83 d1 45 bd a3 51 e6 ab 45 d7 2b d7 a9>
        },
        description: {
          type: 'generic',
          creditFirst: false,
          storagePhase: [Object],
          creditPhase: [Object],
          computePhase: [Object],
          actionPhase: [Object],
          bouncePhase: undefined,
          aborted: false,
          destroyed: false
        },
        raw: x{7525D79B589F1D73B879432CD1A596C0F9C42CF460467BBB795DA5A20C021C138000000000280DE80838D4CCB79999C8BFBB2A9039FE89F5454BC1D0383FCFB9A55F20FF38164A539000000000243D580674A4DC8000547598D6C}
         x{E_}
          x{6800F99E4F01C1A7C3616D00B3681096094D190E846AE8B8DA0403AC5E7A4431E26D0014975E6D627C75CEE1E50CB346965B03E710B3D18119EEEDE57696883008704E101119EF88060DFF5E0000000004A62F82CE949B90C_}
           x{2A004A0500000000000000000000000000000000000000000000000000000000000000000000000000000000C00814669C6B54FD8B2DD8E93AAA6E5DE45BD032703F7A61C194AB414089B0A7AA2}
          x{DD_}
           x{2_}
            x{6800A4BAF36B13E3AE770F28659A34B2D81F38859E8C08CF776F2BB4B441804382710020519A71AD53F62CB763A4EAA9B977916F40C9C0FDE9870652AD050226C29EA8925391D2000608235A000000000501BD02CE949B904_}
           x{2_}
            x{6800A4BAF36B13E3AE770F28659A34B2D81F38859E8C08CF776F2BB4B44180438271003A7CBC3612E1CA557A9D4C735DAA85C231FC67A5E07FC0E4E6F4D6E951FB858D100E4647480608235A000000000501BD04CE949B904_}
         x{722B7074F32D6261AFCB63DA70637D99AD5D53AD2127379EF42DDEC80951C9D63420B51BEE83E8C8D5939CD359ED43FDBD07E1C183D145BDA351E6AB45D72BD7A9}
         x{040901119EF8987516A211_}
          x{4D7F2C0AF1E00000000000000002E500000000000000000000000000000000000000000000000000000000000000000000000000000000000000000000000000000000000000000000000000000000}
          x{C9861A804C104698000000000006000200000005D014517FEC289D69832959643C1458BE070A2ADB9589EF074B2498019F6D474640902C14_},
        hash: [Function: hash],
        blockchainLogs: '[ 4][t 0][2024-10-30 23:27:04.424000][transaction.cpp:443]\tunpacking account 525D79B589F1D73B879432CD1A596C0F9C42CF460467BBB795DA5A20C021C138\n' +
          '[ 4][t 0][2024-10-30 23:27:04.424000][transaction.cpp:274]\tlast_paid=1732922824; cells=234 bits=84049 public_cells=0\n' +
          '[ 4][t 0][2024-10-30 23:27:04.424000][transaction.cpp:504]\tend of Account.unpack() for 0:525D79B589F1D73B879432CD1A596C0F9C42CF460467BBB795DA5A20C021C138 (balance = 4900000000ng ; last_trans_lt = 38000000..38000005)\n' +
          '[ 4][t 0][2024-10-30 23:27:04.424000][transaction.cpp:3655]\tblock random seed set to 0000000000000000000000000000000000000000000000000000000000000000\n' +
          '[ 4][t 0][2024-10-30 23:27:04.424000][transaction.cpp:1236]\tgas limits: max=1000000, limit=179320, credit=0\n' +
          '[ 4][t 0][2024-10-30 23:27:04.424000][transaction.cpp:1575]\tin_msg_state is null\n' +
          '[ 4][t 0][2024-10-30 23:27:04.424000][transaction.cpp:1645]\tcreating VM\n' +
          '[ 4][t 0][2024-10-30 23:27:04.424000][transaction.cpp:1351]\tSmartContractInfo initialized with [ 124711402 0 0 1732922824 42000000 42000000 14068792954309835536948273256715513127174070948738620016199408580766834334284 [ 4971728098 (null) ] CS{Cell{0273c00525d79b589f1d73b879432cd1a596c0f9c42cf460467bbb795da5a20c021c1383d4c05214433a526e4000000000090f561540490404401340} bits: 1..268; refs: 0..0} C{A7EC01478F770EF8F8B037CC7E42F0ABF0D85A50E1828C2394DAD1411691F2DE} C{42B6F0E46484EFC57B9508F6BA7EF42E7512023D5CB4ED5628DD1C7755D16E9D} [ 71728098 (null) ] 0 (null) [ CS{Cell{004dd06600000000000000000000000080000000000000fa00000000000001f4000000000003d09040} bits: 9..305; refs: 0..0} (null) CS{Cell{0094d1000000000000006400000000000f4240de000000002710000000000000000f42400000000002160ec0000000000000271000000000002625a00000000005f5e100000000003b9aca00} bits: 0..592; refs: 0..0} CS{Cell{0094d100000000000000640000000000009c40de000000000190000000000000000f424000000000000f4240000000000000271000000000009896800000000005f5e100000000003b9aca00} bits: 0..592; refs: 0..0} CS{Cell{0042ea000000000098968000000000271000000000000f424000000001800055555555} bits: 0..264; refs: 0..0} CS{Cell{0042ea0000000000061a800000000001900000000000009c4000000001800055555555} bits: 0..264; refs: 0..0} (null) ] 0 (null) ]\n' +
          '[ 4][t 0][2024-10-30 23:27:04.424000][transaction.cpp:1675]\tstarting VM\n' +
          '[ 4][t 0][2024-10-30 23:27:04.425000][transaction.cpp:1680]\tVM terminated with exit code 0\n' +
          '[ 3][t 0][2024-10-30 23:27:04.425000][transaction.cpp:1702]\tsteps: 741 gas: used=27641, max=1000000, limit=179320, credit=0\n' +
          '[ 3][t 0][2024-10-30 23:27:04.425000][transaction.cpp:1704]\tout_of_gas=false, accepted=true, success=true, time=0.000774s\n' +
          '[ 4][t 0][2024-10-30 23:27:04.425000][transaction.cpp:1737]\tgas fees: 11056400 = 26214400 * 27641 /2^16 ; price=26214400; flat rate=[40000 for 100]; remaining balance=4960671698ng\n' +
          '[ 3][t 0][2024-10-30 23:27:04.425000][transaction.cpp:2678]\tin try_action_reserve_currency(0)\n' +
          '[ 4][t 0][2024-10-30 23:27:04.425000][transaction.cpp:2684]\taction_reserve_currency: mode=0, reserve=2402000000ng, balance=4960671698ng, original balance=4900000000ng\n' +
          '[ 3][t 0][2024-10-30 23:27:04.425000][transaction.cpp:2729]\tchanged remaining balance to 2558671698ng, reserved balance to 2402000000ng\n' +
          '[ 4][t 0][2024-10-30 23:27:04.425000][transaction.cpp:2448]\tstorage paid for a message: 0 cells, 0 bits\n' +
          '[ 4][t 0][2024-10-30 23:27:04.425000][transaction.cpp:2452]\tcomputed fwd fees = 400000 + 0\n' +
          '[ 4][t 0][2024-10-30 23:27:04.425000][transaction.cpp:2448]\tstorage paid for a message: 0 cells, 0 bits\n' +
          '[ 4][t 0][2024-10-30 23:27:04.425000][transaction.cpp:2452]\tcomputed fwd fees = 400000 + 0\n',
        vmLogs: 'xecute EQUAL\n' +
          'execute THROWIF 137\n' +
          'execute PUSHPOW2 10\n' +
          'execute EQUAL\n' +
          'execute THROWIFNOT 136\n' +
          'execute STSLICER\n' +
          'execute ENDC\n' +
          'execute ROT\n' +
          'execute STREF\n' +
          'execute ENDC\n' +
          'execute SWAP\n' +
          'execute STREF\n' +
          'execute implicit RET\n' +
          'execute ENDC\n' +
          'execute POP c4\n' +
          'execute implicit RET\n',
        debugLogs: '',
        events: [ [Object], [Object] ],
        parent: {
          address: 56452803209391972311245829800318013664241380452486081517026592719308720763190n,
          lt: 39000000n,
          prevTransactionHash: 58859299746430333014000358006351114125316889733329331773044729324566780096499n,
          prevTransactionLt: 28000000n,
          now: 1732922824,
          outMessagesCount: 1,
          oldStatus: 'active',
          endStatus: 'active',
          inMessage: [Object],
          outMessages: [Dictionary],
          totalFees: [Object],
          stateUpdate: [Object],
          description: [Object],
          raw: x{77CCF2780E0D3E1B0B68059B4084B04A68C874235745C6D0201D62F3D2218F13600000000025317C082212EDE723636A489BC77992C8486D93481C5A68B5CCE709D9CD166E234AFF30000000001AB3F00674A4DC8000346A2CE5E}
           x{E_}
            x{6800A4BAF36B13E3AE770F28659A34B2D81F38859E8C08CF776F2BB4B44180438271001F33C9E03834F86C2DA0166D0212C129A321D08D5D171B4080758BCF48863C4D90101931000609BBB0000000000487AB02CE949B905E137A6400000000000000004_}
            x{DF_}
             x{6800F99E4F01C1A7C3616D00B3681096094D190E846AE8B8DA0403AC5E7A4431E26D0014975E6D627C75CEE1E50CB346965B03E710B3D18119EEEDE57696883008704E101119EF88060DFF5E0000000004A62F82CE949B90C_}
              x{2A004A0500000000000000000000000000000000000000000000000000000000000000000000000000000000C00814669C6B54FD8B2DD8E93AAA6E5DE45BD032703F7A61C194AB414089B0A7AA2}
           x{728585D144A003E6AFEA3EF6B22D7C34BD86A15F171C892897BEAAF220040517C9FE8984C28F88895683E82C348E969C8FCCE5550467805C2D18AE7F4B5762FD51}
           x{04C4360789010193101867A1E811_}
            x{44E28C0A4D9000000000000000013D00000000000000000000000000000000000000000000000000000000000000000000000000000000000000000000000000000000000000000000000000000000}
            x{C9853FC04C0DFF44000000000002000000000002E314399E9181B61CA6ACAC445010D6EB366B5E165776588A9812DBEC1225A8904090296C_},
          hash: [Function: hash],
          blockchainLogs: '[ 4][t 0][2024-10-30 23:27:04.413000][transaction.cpp:443]\tunpacking account 7CCF2780E0D3E1B0B68059B4084B04A68C874235745C6D0201D62F3D2218F136\n' +
            '[ 4][t 0][2024-10-30 23:27:04.413000][transaction.cpp:274]\tlast_paid=1730330824; cells=30 bits=12911 public_cells=0\n' +
            '[ 4][t 0][2024-10-30 23:27:04.413000][transaction.cpp:504]\tend of Account.unpack() for 0:7CCF2780E0D3E1B0B68059B4084B04A68C874235745C6D0201D62F3D2218F136 (balance = 10000000ng ; last_trans_lt = 28000000..28000002)\n' +
            '[ 4][t 0][2024-10-30 23:27:04.413000][transaction.cpp:3655]\tblock random seed set to 0000000000000000000000000000000000000000000000000000000000000000\n' +
            '[ 4][t 0][2024-10-30 23:27:04.413000][transaction.cpp:1236]\tgas limits: max=191044, limit=168804, credit=0\n' +
            '[ 4][t 0][2024-10-30 23:27:04.413000][transaction.cpp:1575]\tin_msg_state is null\n' +
            '[ 4][t 0][2024-10-30 23:27:04.413000][transaction.cpp:1645]\tcreating VM\n' +
            '[ 4][t 0][2024-10-30 23:27:04.413000][transaction.cpp:1351]\tSmartContractInfo initialized with [ 124711402 0 0 1732922824 39000000 39000000 17158678860825839941702393232993838109470607978381324670400578166443069604636 [ 76417698 (null) ] CS{Cell{026dc007ccf2780e0d3e1b0b68059b4084b04a68c874235745c6d0201d62f3d2218f13623c8c9bc3391606400000000006acfc08e625a01340} bits: 1..268; refs: 0..0} C{A7EC01478F770EF8F8B037CC7E42F0ABF0D85A50E1828C2394DAD1411691F2DE} C{33BB148A451AD17F938AA7C476E48F2B79933715F13F1D58F9234A90730321A8} [ 67521600 (null) ] 1103902 (null) [ CS{Cell{004dd06600000000000000000000000080000000000000fa00000000000001f4000000000003d09040} bits: 9..305; refs: 0..0} (null) CS{Cell{0094d1000000000000006400000000000f4240de000000002710000000000000000f42400000000002160ec0000000000000271000000000002625a00000000005f5e100000000003b9aca00} bits: 0..592; refs: 0..0} CS{Cell{0094d100000000000000640000000000009c40de000000000190000000000000000f424000000000000f4240000000000000271000000000009896800000000005f5e100000000003b9aca00} bits: 0..592; refs: 0..0} CS{Cell{0042ea000000000098968000000000271000000000000f424000000001800055555555} bits: 0..264; refs: 0..0} CS{Cell{0042ea0000000000061a800000000001900000000000009c4000000001800055555555} bits: 0..264; refs: 0..0} (null) ] 0 (null) ]\n' +
            '[ 4][t 0][2024-10-30 23:27:04.414000][transaction.cpp:1675]\tstarting VM\n' +
            '[ 4][t 0][2024-10-30 23:27:04.414000][transaction.cpp:1680]\tVM terminated with exit code 0\n' +
            '[ 3][t 0][2024-10-30 23:27:04.414000][transaction.cpp:1702]\tsteps: 317 gas: used=10004, max=191044, limit=168804, credit=0\n' +
            '[ 3][t 0][2024-10-30 23:27:04.414000][transaction.cpp:1704]\tout_of_gas=false, accepted=true, success=true, time=0.000350s\n' +
            '[ 4][t 0][2024-10-30 23:27:04.414000][transaction.cpp:1737]\tgas fees: 4001600 = 26214400 * 10004 /2^16 ; price=26214400; flat rate=[40000 for 100]; remaining balance=72416098ng\n' +
            '[ 4][t 0][2024-10-30 23:27:04.414000][transaction.cpp:2448]\tstorage paid for a message: 1 cells, 620 bits\n' +
            '[ 4][t 0][2024-10-30 23:27:04.414000][transaction.cpp:2452]\tcomputed fwd fees = 688000 + 0\n',
          vmLogs: 'e implicit RET\n' +
            'execute OVER\n' +
            'execute ISNULL\n' +
            'execute NOT\n' +
            'execute PUSHCONT x7F01CA00CC\n' +
            'execute PUSHCONT x7032CA00\n' +
            'execute IFELSE\n' +
            'execute PUSHINT -1\n' +
            'execute SWAP\n' +
            'execute STI 1\n' +
            'execute STREF\n' +
            'execute implicit RET\n' +
            'execute ENDC\n' +
            'execute POP c4\n' +
            'execute implicit RET\n',
          debugLogs: '',
          events: [Array],
          parent: [Object],
          children: [Array],
          externals: []
        },
        children: [ [Object], [Object] ],
        externals: []
      },
      {
        address: 37254810366437813475271750514734067285117962570475561289538093995582013161784n,
        lt: 43000000n,
        prevTransactionHash: 53992871237900308337631284911860432291655972983408765579128599762247525475941n,
        prevTransactionLt: 42000000n,
        now: 1732922824,
        outMessagesCount: 2,
        oldStatus: 'active',
        endStatus: 'active',
        inMessage: {
          info: [Object],
          init: null,
          body: x{2A004A0500000000000000010000000000000000000000000000000000000000000000000000000000000000400B75A3E1A6460F415CE3721F308920C4B456F3B977F39EB26CED9155308A976CC}
        },
        outMessages: Dictionary { _key: [Object], _value: [Object], _map: [Map] },
        totalFees: { coins: 11033062n },
        stateUpdate: {
          oldHash: <Buffer 20 b5 1b ee 83 e8 c8 d5 93 9c d3 59 ed 43 fd bd 07 e1 c1 83 d1 45 bd a3 51 e6 ab 45 d7 2b d7 a9>,
          newHash: <Buffer f3 c0 5a d5 7e 11 56 f1 1a b5 cb f5 2c 4d 17 a7 8e 90 8a 07 e5 a5 5d c2 c3 1f 27 56 ab 75 20 ee>
        },
        description: {
          type: 'generic',
          creditFirst: false,
          storagePhase: [Object],
          creditPhase: [Object],
          computePhase: [Object],
          actionPhase: [Object],
          bouncePhase: undefined,
          aborted: false,
          destroyed: false
        },
        raw: x{7525D79B589F1D73B879432CD1A596C0F9C42CF460467BBB795DA5A20C021C13800000000029020C0775EE1D4E3916F59965B3D4A5143A46AA12A7B92D27BAA6BD85AB1FFF4522665000000000280DE80674A4DC800054750B3CC}
         x{E_}
          x{6801C25D36B535BEF92116226484A49D03E01E5050FFC3053F6C298C080280A4EEF90014975E6D627C75CEE1E50CB346965B03E710B3D18119EEEDE57696883008704E101119EF88060DFF5E0000000004C4B402CE949B90C_}
           x{2A004A0500000000000000010000000000000000000000000000000000000000000000000000000000000000400B75A3E1A6460F415CE3721F308920C4B456F3B977F39EB26CED9155308A976CC}
          x{DD_}
           x{2_}
            x{6800A4BAF36B13E3AE770F28659A34B2D81F38859E8C08CF776F2BB4B44180438271002DD68F8699183D05738DC87CC2248312D15BCEE5DFCE7AC9B3B64554C22A5DB312245CDC000608235A0000000005204182CE949B904_}
           x{2_}
            x{6800A4BAF36B13E3AE770F28659A34B2D81F38859E8C08CF776F2BB4B44180438271003A7CBC3612E1CA557A9D4C735DAA85C231FC67A5E07FC0E4E6F4D6E951FB858D100E57FA880608235A0000000005204184CE949B904_}
         x{7220B51BEE83E8C8D5939CD359ED43FDBD07E1C183D145BDA351E6AB45D72BD7A9F3C05AD57E1156F11AB5CBF52C4D17A78E908A07E5A55DC2C31F2756AB7520EE}
         x{040901119EF89874890811_}
          x{4D248C0AF1E00000000000000002E500000000000000000000000000000000000000000000000000000000000000000000000000000000000000000000000000000000000000000000000000000000}
          x{C9861A804C1046980000000000060002000000050E6F11A9BF912E05D84C7354F710791BEE2887124EE5E5E4B828D673F029A0EC40902C14_},
        hash: [Function: hash],
        blockchainLogs: '[ 4][t 0][2024-10-30 23:27:04.428000][transaction.cpp:443]\tunpacking account 525D79B589F1D73B879432CD1A596C0F9C42CF460467BBB795DA5A20C021C138\n' +
          '[ 4][t 0][2024-10-30 23:27:04.428000][transaction.cpp:274]\tlast_paid=1732922824; cells=231 bits=83982 public_cells=0\n' +
          '[ 4][t 0][2024-10-30 23:27:04.428000][transaction.cpp:504]\tend of Account.unpack() for 0:525D79B589F1D73B879432CD1A596C0F9C42CF460467BBB795DA5A20C021C138 (balance = 2402000000ng ; last_trans_lt = 42000000..42000003)\n' +
          '[ 4][t 0][2024-10-30 23:27:04.428000][transaction.cpp:3655]\tblock random seed set to 0000000000000000000000000000000000000000000000000000000000000000\n' +
          '[ 4][t 0][2024-10-30 23:27:04.428000][transaction.cpp:1236]\tgas limits: max=1000000, limit=179320, credit=0\n' +
          '[ 4][t 0][2024-10-30 23:27:04.428000][transaction.cpp:1575]\tin_msg_state is null\n' +
          '[ 4][t 0][2024-10-30 23:27:04.428000][transaction.cpp:1645]\tcreating VM\n' +
          '[ 4][t 0][2024-10-30 23:27:04.428000][transaction.cpp:1351]\tSmartContractInfo initialized with [ 124711402 0 0 1732922824 43000000 43000000 14068792954309835536948273256715513127174070948738620016199408580766834334284 [ 2473728098 (null) ] CS{Cell{0271c00525d79b589f1d73b879432cd1a596c0f9c42cf460467bbb795da5a20c021c1383cec05203833a526e40000000000a037a0d23cae7201340} bits: 1..268; refs: 0..0} C{A7EC01478F770EF8F8B037CC7E42F0ABF0D85A50E1828C2394DAD1411691F2DE} C{42B6F0E46484EFC57B9508F6BA7EF42E7512023D5CB4ED5628DD1C7755D16E9D} [ 71728098 (null) ] 0 (null) [ CS{Cell{004dd06600000000000000000000000080000000000000fa00000000000001f4000000000003d09040} bits: 9..305; refs: 0..0} (null) CS{Cell{0094d1000000000000006400000000000f4240de000000002710000000000000000f42400000000002160ec0000000000000271000000000002625a00000000005f5e100000000003b9aca00} bits: 0..592; refs: 0..0} CS{Cell{0094d100000000000000640000000000009c40de000000000190000000000000000f424000000000000f4240000000000000271000000000009896800000000005f5e100000000003b9aca00} bits: 0..592; refs: 0..0} CS{Cell{0042ea000000000098968000000000271000000000000f424000000001800055555555} bits: 0..264; refs: 0..0} CS{Cell{0042ea0000000000061a800000000001900000000000009c4000000001800055555555} bits: 0..264; refs: 0..0} (null) ] 0 (null) ]\n' +
          '[ 4][t 0][2024-10-30 23:27:04.428000][transaction.cpp:1675]\tstarting VM\n' +
          '[ 4][t 0][2024-10-30 23:27:04.429000][transaction.cpp:1680]\tVM terminated with exit code 0\n' +
          '[ 3][t 0][2024-10-30 23:27:04.429000][transaction.cpp:1702]\tsteps: 741 gas: used=26916, max=1000000, limit=179320, credit=0\n' +
          '[ 3][t 0][2024-10-30 23:27:04.429000][transaction.cpp:1704]\tout_of_gas=false, accepted=true, success=true, time=0.000947s\n' +
          '[ 4][t 0][2024-10-30 23:27:04.429000][transaction.cpp:1737]\tgas fees: 10766400 = 26214400 * 26916 /2^16 ; price=26214400; flat rate=[40000 for 100]; remaining balance=2462961698ng\n' +
          '[ 3][t 0][2024-10-30 23:27:04.429000][transaction.cpp:2678]\tin try_action_reserve_currency(0)\n' +
          '[ 4][t 0][2024-10-30 23:27:04.429000][transaction.cpp:2684]\taction_reserve_currency: mode=0, reserve=102000000ng, balance=2462961698ng, original balance=2402000000ng\n' +
          '[ 3][t 0][2024-10-30 23:27:04.429000][transaction.cpp:2729]\tchanged remaining balance to 2360961698ng, reserved balance to 102000000ng\n' +
          '[ 4][t 0][2024-10-30 23:27:04.429000][transaction.cpp:2448]\tstorage paid for a message: 0 cells, 0 bits\n' +
          '[ 4][t 0][2024-10-30 23:27:04.429000][transaction.cpp:2452]\tcomputed fwd fees = 400000 + 0\n' +
          '[ 4][t 0][2024-10-30 23:27:04.429000][transaction.cpp:2448]\tstorage paid for a message: 0 cells, 0 bits\n' +
          '[ 4][t 0][2024-10-30 23:27:04.429000][transaction.cpp:2452]\tcomputed fwd fees = 400000 + 0\n',
        vmLogs: 'xecute EQUAL\n' +
          'execute THROWIF 137\n' +
          'execute PUSHPOW2 10\n' +
          'execute EQUAL\n' +
          'execute THROWIFNOT 136\n' +
          'execute STSLICER\n' +
          'execute ENDC\n' +
          'execute ROT\n' +
          'execute STREF\n' +
          'execute ENDC\n' +
          'execute SWAP\n' +
          'execute STREF\n' +
          'execute implicit RET\n' +
          'execute ENDC\n' +
          'execute POP c4\n' +
          'execute implicit RET\n',
        debugLogs: '',
        events: [ [Object], [Object] ],
        parent: {
          address: 101852738109603725607761920797369865272772728943991090530178890834824226043772n,
          lt: 40000000n,
          prevTransactionHash: 18823896571104462826005349536524258397277804136907730778076281425368745507883n,
          prevTransactionLt: 27000000n,
          now: 1732922824,
          outMessagesCount: 1,
          oldStatus: 'active',
          endStatus: 'active',
          inMessage: [Object],
          outMessages: [Dictionary],
          totalFees: [Object],
          stateUpdate: [Object],
          description: [Object],
          raw: x{7E12E9B5A9ADF7C908B113242524E81F00F28287FE1829FB614C604014052777C0000000002625A00299DF2A96A191722C03605517B8ADAB356B3FFAA668810CC7464B99F14CBFC2B00000000019BFCC0674A4DC8000346A2CE5E}
           x{E_}
            x{6800A4BAF36B13E3AE770F28659A34B2D81F38859E8C08CF776F2BB4B4418043827100384BA6D6A6B7DF2422C44C909493A07C03CA0A1FF860A7ED8531810050149DDF10101931000609BBB0000000000487AB04CE949B905E137A640000000000000000C_}
            x{DF_}
             x{6801C25D36B535BEF92116226484A49D03E01E5050FFC3053F6C298C080280A4EEF90014975E6D627C75CEE1E50CB346965B03E710B3D18119EEEDE57696883008704E101119EF88060DFF5E0000000004C4B402CE949B90C_}
              x{2A004A0500000000000000010000000000000000000000000000000000000000000000000000000000000000400B75A3E1A6460F415CE3721F308920C4B456F3B977F39EB26CED9155308A976CC}
           x{724CA912FB6CF93BFD7487ABD96B6C8314F993AC2E8CD5251472F3C7A67D23BF24303BE4598DBD548D5E1AB17D61426B0E7DDB21E22106BE2AF2300B25966927C3}
           x{04C4360789010193101867A1E811_}
            x{44E28C0A4D9000000000000000013D00000000000000000000000000000000000000000000000000000000000000000000000000000000000000000000000000000000000000000000000000000000}
            x{C9853FC04C0DFF44000000000002000000000003FFB2652E35979066CAC0633284C4E8042DB1FCB29F76FDFE1F06536CEE4DA4744090296C_},
          hash: [Function: hash],
          blockchainLogs: '[ 4][t 0][2024-10-30 23:27:04.416000][transaction.cpp:443]\tunpacking account E12E9B5A9ADF7C908B113242524E81F00F28287FE1829FB614C604014052777C\n' +
            '[ 4][t 0][2024-10-30 23:27:04.416000][transaction.cpp:274]\tlast_paid=1730330824; cells=30 bits=12911 public_cells=0\n' +
            '[ 4][t 0][2024-10-30 23:27:04.416000][transaction.cpp:504]\tend of Account.unpack() for 0:E12E9B5A9ADF7C908B113242524E81F00F28287FE1829FB614C604014052777C (balance = 10000000ng ; last_trans_lt = 27000000..27000002)\n' +
            '[ 4][t 0][2024-10-30 23:27:04.416000][transaction.cpp:3655]\tblock random seed set to 0000000000000000000000000000000000000000000000000000000000000000\n' +
            '[ 4][t 0][2024-10-30 23:27:04.416000][transaction.cpp:1236]\tgas limits: max=191044, limit=168804, credit=0\n' +
            '[ 4][t 0][2024-10-30 23:27:04.416000][transaction.cpp:1575]\tin_msg_state is null\n' +
            '[ 4][t 0][2024-10-30 23:27:04.416000][transaction.cpp:1645]\tcreating VM\n' +
            '[ 4][t 0][2024-10-30 23:27:04.416000][transaction.cpp:1351]\tSmartContractInfo initialized with [ 124711402 0 0 1732922824 40000000 40000000 43870772645377937883531240781324653013999287705787709612543318804107744319189 [ 76417698 (null) ] CS{Cell{026dc00e12e9b5a9adf7c908b113242524e81f00f28287fe1829fb614c604014052777c23c8c9bc33916064000000000066ff308e625a01340} bits: 1..268; refs: 0..0} C{A7EC01478F770EF8F8B037CC7E42F0ABF0D85A50E1828C2394DAD1411691F2DE} C{33BB148A451AD17F938AA7C476E48F2B79933715F13F1D58F9234A90730321A8} [ 67521600 (null) ] 1103902 (null) [ CS{Cell{004dd06600000000000000000000000080000000000000fa00000000000001f4000000000003d09040} bits: 9..305; refs: 0..0} (null) CS{Cell{0094d1000000000000006400000000000f4240de000000002710000000000000000f42400000000002160ec0000000000000271000000000002625a00000000005f5e100000000003b9aca00} bits: 0..592; refs: 0..0} CS{Cell{0094d100000000000000640000000000009c40de000000000190000000000000000f424000000000000f4240000000000000271000000000009896800000000005f5e100000000003b9aca00} bits: 0..592; refs: 0..0} CS{Cell{0042ea000000000098968000000000271000000000000f424000000001800055555555} bits: 0..264; refs: 0..0} CS{Cell{0042ea0000000000061a800000000001900000000000009c4000000001800055555555} bits: 0..264; refs: 0..0} (null) ] 0 (null) ]\n' +
            '[ 4][t 0][2024-10-30 23:27:04.416000][transaction.cpp:1675]\tstarting VM\n' +
            '[ 4][t 0][2024-10-30 23:27:04.417000][transaction.cpp:1680]\tVM terminated with exit code 0\n' +
            '[ 3][t 0][2024-10-30 23:27:04.417000][transaction.cpp:1702]\tsteps: 317 gas: used=10004, max=191044, limit=168804, credit=0\n' +
            '[ 3][t 0][2024-10-30 23:27:04.417000][transaction.cpp:1704]\tout_of_gas=false, accepted=true, success=true, time=0.000475s\n' +
            '[ 4][t 0][2024-10-30 23:27:04.417000][transaction.cpp:1737]\tgas fees: 4001600 = 26214400 * 10004 /2^16 ; price=26214400; flat rate=[40000 for 100]; remaining balance=72416098ng\n' +
            '[ 4][t 0][2024-10-30 23:27:04.417000][transaction.cpp:2448]\tstorage paid for a message: 1 cells, 620 bits\n' +
            '[ 4][t 0][2024-10-30 23:27:04.417000][transaction.cpp:2452]\tcomputed fwd fees = 688000 + 0\n',
          vmLogs: 'e implicit RET\n' +
            'execute OVER\n' +
            'execute ISNULL\n' +
            'execute NOT\n' +
            'execute PUSHCONT x7F01CA00CC\n' +
            'execute PUSHCONT x7032CA00\n' +
            'execute IFELSE\n' +
            'execute PUSHINT -1\n' +
            'execute SWAP\n' +
            'execute STI 1\n' +
            'execute STREF\n' +
            'execute implicit RET\n' +
            'execute ENDC\n' +
            'execute POP c4\n' +
            'execute implicit RET\n',
          debugLogs: '',
          events: [Array],
          parent: [Object],
          children: [Array],
          externals: []
        },
        children: [ [Object], [Object] ],
        externals: []
      },
      {
        address: 105818132960003171416304597453717637701794574747475969910003481004036112389684n,
        lt: 44000000n,
        prevTransactionHash: 67056238244620882791298533769500568033538533698552347681502559425289213240691n,
        prevTransactionLt: 33000000n,
        now: 1732922824,
        outMessagesCount: 0,
        oldStatus: 'active',
        endStatus: 'active',
        inMessage: { info: [Object], init: null, body: x{} },
        outMessages: Dictionary { _key: [Object], _value: [Object], _map: Map(0) {} },
        totalFees: { coins: 123600n },
        stateUpdate: {
          oldHash: <Buffer 23 31 db a1 dc 1e b2 75 c8 7a ef dd a1 d9 72 dd 2d e2 c9 46 ec df 78 39 7b 3d 7c 1a 57 8a d8 3b>,
          newHash: <Buffer ba ce 68 02 6a 10 a3 76 60 29 5d 88 3d 95 ab 70 49 d8 7d 22 07 a6 98 15 cf 91 58 60 ab eb f0 d5>
        },
        description: {
          type: 'generic',
          creditFirst: true,
          storagePhase: [Object],
          creditPhase: [Object],
          computePhase: [Object],
          actionPhase: [Object],
          bouncePhase: undefined,
          aborted: false,
          destroyed: false
        },
        raw: x{7E9F2F0D84B872955EA7531CD76AA1708C7F19E9781FF03939BD35BA547EE163400000000029F630094407C61639B5204194A774571A8B83EA919AEAA2D28A3C72B08560F9AA4E5730000000001F78A40674A4DC800014603C5A0}
         x{A_}
          x{480173A49878148A4F6041C04B952AC2638BD6A1025222AF84BFAF2C3BE5A07436D5003A7CBC3612E1CA557A9D4C735DAA85C231FC67A5E07FC0E4E6F4D6E951FB858D10BE1DE5780608235A0000000004E33882CE949B904_}
         x{722331DBA1DC1EB275C87AEFDDA1D972DD2DE2C946ECDF78397B3D7C1A578AD83BBACE68026A10A37660295D883D95AB7049D87D2207A69815CF915860ABEBF0D5}
         x{0C090BE1DE5798603C5A11_}
          x{4026AC3D090000000000000000000500000000000000000000000000000000000000000000000000000000000000000000000000000000000000000000000000000000000000000000000000000000}
          x{C00000000000000000000000012D452DA449E50B8CF7DD27861F146122AFE1B546BB8B70FC8216F0C614139F8E04_},
        hash: [Function: hash],
        blockchainLogs: '[ 4][t 0][2024-10-30 23:27:04.432000][transaction.cpp:443]\tunpacking account E9F2F0D84B872955EA7531CD76AA1708C7F19E9781FF03939BD35BA547EE1634\n' +
          '[ 4][t 0][2024-10-30 23:27:04.432000][transaction.cpp:274]\tlast_paid=1732922824; cells=6 bits=821 public_cells=0\n' +
          '[ 4][t 0][2024-10-30 23:27:04.432000][transaction.cpp:504]\tend of Account.unpack() for 0:E9F2F0D84B872955EA7531CD76AA1708C7F19E9781FF03939BD35BA547EE1634 (balance = 999998997584476ng ; last_trans_lt = 33000000..33000002)\n' +
          '[ 4][t 0][2024-10-30 23:27:04.432000][transaction.cpp:3655]\tblock random seed set to 0000000000000000000000000000000000000000000000000000000000000000\n' +
          '[ 4][t 0][2024-10-30 23:27:04.432000][transaction.cpp:1236]\tgas limits: max=1000000, limit=1000000, credit=0\n' +
          '[ 4][t 0][2024-10-30 23:27:04.432000][transaction.cpp:1575]\tin_msg_state is null\n' +
          '[ 4][t 0][2024-10-30 23:27:04.432000][transaction.cpp:1645]\tcreating VM\n' +
          '[ 4][t 0][2024-10-30 23:27:04.432000][transaction.cpp:1351]\tSmartContractInfo initialized with [ 124711402 0 0 1732922824 44000000 44000000 60210483465141978598827679003117970236339845468170532052053411751718225576024 [ 999999794992058 (null) ] CS{Cell{0275c00e9f2f0d84b872955ea7531cd76aa1708c7f19e9781ff03939bd35ba547ee163420c80cd433a526e400000000007de2909c0e35f9a41b6971340} bits: 1..268; refs: 0..0} C{A7EC01478F770EF8F8B037CC7E42F0ABF0D85A50E1828C2394DAD1411691F2DE} C{D992502B94EA96E7B34E5D62FFB0C6FC73D78B3E61F11F0848FB3A1EB1AFC912} [ 797407582 (null) ] 0 (null) [ CS{Cell{004dd06600000000000000000000000080000000000000fa00000000000001f4000000000003d09040} bits: 9..305; refs: 0..0} (null) CS{Cell{0094d1000000000000006400000000000f4240de000000002710000000000000000f42400000000002160ec0000000000000271000000000002625a00000000005f5e100000000003b9aca00} bits: 0..592; refs: 0..0} CS{Cell{0094d100000000000000640000000000009c40de000000000190000000000000000f424000000000000f4240000000000000271000000000009896800000000005f5e100000000003b9aca00} bits: 0..592; refs: 0..0} CS{Cell{0042ea000000000098968000000000271000000000000f424000000001800055555555} bits: 0..264; refs: 0..0} CS{Cell{0042ea0000000000061a800000000001900000000000009c4000000001800055555555} bits: 0..264; refs: 0..0} (null) ] 0 (null) ]\n' +
          '[ 4][t 0][2024-10-30 23:27:04.432000][transaction.cpp:1675]\tstarting VM\n' +
          '[ 4][t 0][2024-10-30 23:27:04.432000][transaction.cpp:1680]\tVM terminated with exit code 0\n' +
          '[ 3][t 0][2024-10-30 23:27:04.432000][transaction.cpp:1702]\tsteps: 5 gas: used=309, max=1000000, limit=1000000, credit=0\n' +
          '[ 3][t 0][2024-10-30 23:27:04.432000][transaction.cpp:1704]\tout_of_gas=false, accepted=true, success=true, time=0.000019s\n' +
          '[ 4][t 0][2024-10-30 23:27:04.432000][transaction.cpp:1737]\tgas fees: 123600 = 26214400 * 309 /2^16 ; price=26214400; flat rate=[40000 for 100]; remaining balance=999999794868458ng\n',
        vmLogs: 'execute SETCP 0\n' +
          'execute DICTPUSHCONST 19 (xC_,1)\n' +
          'execute DICTIGETJMPZ\n' +
          'execute DROP\n' +
          'execute implicit RET\n',
        debugLogs: '',
        events: [],
        parent: {
          address: 84049441022908470316622795825605090351520748406577698494615284512509455375210n,
          lt: 41000000n,
          prevTransactionHash: 56441114258945791812552979377682946974067067843270264767904326325560249433267n,
          prevTransactionLt: 37000000n,
          now: 1732922824,
          outMessagesCount: 1,
          oldStatus: 'active',
          endStatus: 'non-existing',
          inMessage: [Object],
          outMessages: [Dictionary],
          totalFees: [Object],
          stateUpdate: [Object],
          description: [Object],
          raw: x{7B9D24C3C0A4527B020E025CA956131C5EB5081291157C25FD7961DF2D03A1B6A0000000002719C407CC889E19BFD3762923F23A42698DF1F7F006C594CFF20C37AD28514CE4C3CB30000000002349340674A4DC80003666BCAC6}
           x{E_}
            x{4800A4BAF36B13E3AE770F28659A34B2D81F38859E8C08CF776F2BB4B44180438271002E74930F029149EC08380972A5584C717AD4204A4455F097F5E5877CB40E86DA90BCA367B80656E1D8000000000487AB08CE949B91E_}
             x{34_}
              x{FF00F4A413F4BCF2C80B}
               x{62_}
                x{D001D0D3030171B0A301FA400120D74981010BBAF2E08820D70B0A208104FFBAF2D0898309BAF2E088545053036F04F86102F862DB3C5512DB3CF2E082}
                 x{ED44D0D401F863D200018E2FD31FFA400120D74981010BBAF2E08820D70B0A208104FFBAF2D0898309BAF2E08801D2000191D4926D01E255206C13E0F828D70B0A8309BAF2E089810101D700FA400120D74981010BBAF2E08820D70B0A208104FFBAF2D0898309BAF2E0881202D101DB3C}
                  x{6D}
                 x{0192307FE07021D749C21F953020D70B1FDE208210AFE93535BA8F5130D31F018210AFE93535BAF2E081D33FFA400120D74981010BBAF2E08820D70B0A208104FFBAF2D0898309BAF2E08801D455206C1332820898968070FB024434DB3C30037083067055206D6D6DDB3C597FE0208210B8A3AA14BAE302}
                  x{F8425220C705F2E084}
                  x{C87101CA01500701CA007001CA02500520D74981010BBAF2E08820D70B0A208104FFBAF2D0898309BAF2E088CF165003FA027001CA68236EB3917F93246EB3E2973333017001CA00E30D216EB39C7F01CA0001206EF2D08001CC95317001CA00E2C901FB00}
                   x{7F01CA00C87001CA007001CA00246EB39D7F01CA0004206EF2D0805004CC9634037001CA00E2246EB39D7F01CA0004206EF2D0805004CC9634037001CA00E27001CA00027F01CA0002C958CC}
                  x{30D31F018210B8A3AA14BAF2E081D33FFA400120D74981010BBAF2E08820D70B0A208104FFBAF2D0898309BAF2E088126C12317020FB025520DB3C03708100A07055206D6D6DDB3C587F}
                   x{F8425220C705F2E084}
                   x{C87101CA01500701CA007001CA02500520D74981010BBAF2E08820D70B0A208104FFBAF2D0898309BAF2E088CF165003FA027001CA68236EB3917F93246EB3E2973333017001CA00E30D216EB39C7F01CA0001206EF2D08001CC95317001CA00E2C901FB00}
                    x{7F01CA00C87001CA007001CA00246EB39D7F01CA0004206EF2D0805004CC9634037001CA00E2246EB39D7F01CA0004206EF2D0805004CC9634037001CA00E27001CA00027F01CA0002C958CC}
                  x{8210E601F8E5BA8ECED31F018210E601F8E5BAF2E081D33F0131820898968070FB02F8416F2410235F037083067F25206EF2D080542580C855208210B687AB175004CB1F12CB3FCB1FCCC9103441301443306D6DDB3C7FE03070}
                   x{C87101CA01500701CA007001CA02500520D74981010BBAF2E08820D70B0A208104FFBAF2D0898309BAF2E088CF165003FA027001CA68236EB3917F93246EB3E2973333017001CA00E30D216EB39C7F01CA0001206EF2D08001CC95317001CA00E2C901FB00}
                    x{7F01CA00C87001CA007001CA00246EB39D7F01CA0004206EF2D0805004CC9634037001CA00E2246EB39D7F01CA0004206EF2D0805004CC9634037001CA00E27001CA00027F01CA0002C958CC}
                 x{C8F84301CC7F01CA0055205023CB1F0120D74981010BBAF2E08820D70B0A208104FFBAF2D0898309BAF2E088CF16216EB3957F01CA00CC947032CA00E2C9ED54}
                x{2_}
                 x{BE28EED9E6D9E3618C_}
                  x{ED44D0D401F863D200018E2FD31FFA400120D74981010BBAF2E08820D70B0A208104FFBAF2D0898309BAF2E08801D2000191D4926D01E255206C13E0F828D70B0A8309BAF2E089810101D700FA400120D74981010BBAF2E08820D70B0A208104FFBAF2D0898309BAF2E0881202D101DB3C}
                   x{6D}
                  x{21}
                 x{2_}
                  x{4}
                   x{B1D8B6CF36CF1B0C6_}
                    x{ED44D0D401F863D200018E2FD31FFA400120D74981010BBAF2E08820D70B0A208104FFBAF2D0898309BAF2E08801D2000191D4926D01E255206C13E0F828D70B0A8309BAF2E089810101D700FA400120D74981010BBAF2E08820D70B0A208104FFBAF2D0898309BAF2E0881202D101DB3C}
                     x{6D}
                    x{20}
                   x{B36436CF36CF1B0C6_}
                    x{ED44D0D401F863D200018E2FD31FFA400120D74981010BBAF2E08820D70B0A208104FFBAF2D0898309BAF2E08801D2000191D4926D01E255206C13E0F828D70B0A8309BAF2E089810101D700FA400120D74981010BBAF2E08820D70B0A208104FFBAF2D0898309BAF2E0881202D101DB3C}
                     x{6D}
                    x{22}
                  x{B82BEED44D0D20001}
              x{0000000000000000000000000000000000000000000000000000000000000000200292EBCDAC4F8EB9DC3CA19668D2CB607CE2167A30233DDDBCAED2D106010E09C4_}
               x{C_}
                x{A0838F_}
                 x{FF00F4A413F4BCF2C80B}
                  x{62_}
                   x{D001D0D3030171B0A301FA400120D74981010BBAF2E08820D70B0A208104FFBAF2D0898309BAF2E088545053036F04F86102F862DB3C5512DB3CF2E082}
                    x{ED44D0D401F863D200018E2FD31FFA400120D74981010BBAF2E08820D70B0A208104FFBAF2D0898309BAF2E08801D2000191D4926D01E255206C13E0F828D70B0A8309BAF2E089810101D700FA400120D74981010BBAF2E08820D70B0A208104FFBAF2D0898309BAF2E0881202D101DB3C}
                     x{6D}
                    x{0192307FE07021D749C21F953020D70B1FDE208210AFE93535BA8F5130D31F018210AFE93535BAF2E081D33FFA400120D74981010BBAF2E08820D70B0A208104FFBAF2D0898309BAF2E08801D455206C1332820898968070FB024434DB3C30037083067055206D6D6DDB3C597FE0208210B8A3AA14BAE302}
                     x{F8425220C705F2E084}
                     x{C87101CA01500701CA007001CA02500520D74981010BBAF2E08820D70B0A208104FFBAF2D0898309BAF2E088CF165003FA027001CA68236EB3917F93246EB3E2973333017001CA00E30D216EB39C7F01CA0001206EF2D08001CC95317001CA00E2C901FB00}
                      x{7F01CA00C87001CA007001CA00246EB39D7F01CA0004206EF2D0805004CC9634037001CA00E2246EB39D7F01CA0004206EF2D0805004CC9634037001CA00E27001CA00027F01CA0002C958CC}
                     x{30D31F018210B8A3AA14BAF2E081D33FFA400120D74981010BBAF2E08820D70B0A208104FFBAF2D0898309BAF2E088126C12317020FB025520DB3C03708100A07055206D6D6DDB3C587F}
                      x{F8425220C705F2E084}
                      x{C87101CA01500701CA007001CA02500520D74981010BBAF2E08820D70B0A208104FFBAF2D0898309BAF2E088CF165003FA027001CA68236EB3917F93246EB3E2973333017001CA00E30D216EB39C7F01CA0001206EF2D08001CC95317001CA00E2C901FB00}
                       x{7F01CA00C87001CA007001CA00246EB39D7F01CA0004206EF2D0805004CC9634037001CA00E2246EB39D7F01CA0004206EF2D0805004CC9634037001CA00E27001CA00027F01CA0002C958CC}
                     x{8210E601F8E5BA8ECED31F018210E601F8E5BAF2E081D33F0131820898968070FB02F8416F2410235F037083067F25206EF2D080542580C855208210B687AB175004CB1F12CB3FCB1FCCC9103441301443306D6DDB3C7FE03070}
                      x{C87101CA01500701CA007001CA02500520D74981010BBAF2E08820D70B0A208104FFBAF2D0898309BAF2E088CF165003FA027001CA68236EB3917F93246EB3E2973333017001CA00E30D216EB39C7F01CA0001206EF2D08001CC95317001CA00E2C901FB00}
                       x{7F01CA00C87001CA007001CA00246EB39D7F01CA0004206EF2D0805004CC9634037001CA00E2246EB39D7F01CA0004206EF2D0805004CC9634037001CA00E27001CA00027F01CA0002C958CC}
                    x{C8F84301CC7F01CA0055205023CB1F0120D74981010BBAF2E08820D70B0A208104FFBAF2D0898309BAF2E088CF16216EB3957F01CA00CC947032CA00E2C9ED54}
                   x{2_}
                    x{BE28EED9E6D9E3618C_}
                     x{ED44D0D401F863D200018E2FD31FFA400120D74981010BBAF2E08820D70B0A208104FFBAF2D0898309BAF2E08801D2000191D4926D01E255206C13E0F828D70B0A8309BAF2E089810101D700FA400120D74981010BBAF2E08820D70B0A208104FFBAF2D0898309BAF2E0881202D101DB3C}
                      x{6D}
                     x{21}
                    x{2_}
                     x{4}
                      x{B1D8B6CF36CF1B0C6_}
                       x{ED44D0D401F863D200018E2FD31FFA400120D74981010BBAF2E08820D70B0A208104FFBAF2D0898309BAF2E08801D2000191D4926D01E255206C13E0F828D70B0A8309BAF2E089810101D700FA400120D74981010BBAF2E08820D70B0A208104FFBAF2D0898309BAF2E0881202D101DB3C}
                        x{6D}
                       x{20}
                      x{B36436CF36CF1B0C6_}
                       x{ED44D0D401F863D200018E2FD31FFA400120D74981010BBAF2E08820D70B0A208104FFBAF2D0898309BAF2E08801D2000191D4926D01E255206C13E0F828D70B0A8309BAF2E089810101D700FA400120D74981010BBAF2E08820D70B0A208104FFBAF2D0898309BAF2E0881202D101DB3C}
                        x{6D}
                       x{22}
                     x{B82BEED44D0D20001}
             x{B8A3AA140000000000000000801D3E5E1B0970E52ABD4EA639AED542E118FE33D2F03FE072737A6B74A8FDC2C69_}
            x{DF_}
             x{480173A49878148A4F6041C04B952AC2638BD6A1025222AF84BFAF2C3BE5A07436D5003A7CBC3612E1CA557A9D4C735DAA85C231FC67A5E07FC0E4E6F4D6E951FB858D10BE1DE5780608235A0000000004E33882CE949B904_}
           x{72D0109ADE7F2C4DDB69BEA780F02824301D733CD60493EA7BAEF5E9E82F86C60990AEC8965AFABB16EBC3CB9B408EBAE71B618D78788BC80D09843593CAC98DA4}
           x{0C090BCA367B98667B9213_}
            x{44262C3D09000000000000000000FA00000000000000000000000000000000000000000000000000000000000000000000000000000000000000000000000000000000000000000000000000000000}
            x{DCC186A0260411A6000000000002000100000001F01808E7C65384854FD0A4F77793F95695733B675EB306C4FAC3CFF546A3D22720280B06_},
          hash: [Function: hash],
          blockchainLogs: '[ 4][t 0][2024-10-30 23:27:04.419000][transaction.cpp:443]\tunpacking account B9D24C3C0A4527B020E025CA956131C5EB5081291157C25FD7961DF2D03A1B6A\n' +
            '[ 4][t 0][2024-10-30 23:27:04.419000][transaction.cpp:274]\tlast_paid=1732922824; cells=28 bits=7131 public_cells=0\n' +
            '[ 4][t 0][2024-10-30 23:27:04.419000][transaction.cpp:504]\tend of Account.unpack() for 0:B9D24C3C0A4527B020E025CA956131C5EB5081291157C25FD7961DF2D03A1B6A (balance = 10000000ng ; last_trans_lt = 37000000..37000002)\n' +
            '[ 4][t 0][2024-10-30 23:27:04.419000][transaction.cpp:3655]\tblock random seed set to 0000000000000000000000000000000000000000000000000000000000000000\n' +
            '[ 4][t 0][2024-10-30 23:27:04.419000][transaction.cpp:1236]\tgas limits: max=1000000, limit=1000000, credit=0\n' +
            '[ 4][t 0][2024-10-30 23:27:04.419000][transaction.cpp:1571]\tHASH(in_msg_state) = B9D24C3C0A4527B020E025CA956131C5EB5081291157C25FD7961DF2D03A1B6A, account_state_hash = 0000000000000000000000000000000000000000000000000000000000000000\n' +
            '[ 4][t 0][2024-10-30 23:27:04.419000][transaction.cpp:1645]\tcreating VM\n' +
            '[ 4][t 0][2024-10-30 23:27:04.419000][transaction.cpp:1351]\tSmartContractInfo initialized with [ 124711402 0 0 1732922824 41000000 41000000 84630195367514639409622924175749312199831056191303332875639359062248049886761 [ 801206382 (null) ] CS{Cell{026dc00b9d24c3c0a4527b020e025ca956131c5eb5081291157c25fd7961df2d03a1b6a23886f6c33a526e400000000008d24d08e625a01340} bits: 1..268; refs: 0..0} C{A7EC01478F770EF8F8B037CC7E42F0ABF0D85A50E1828C2394DAD1411691F2DE} C{F2179DCD5CFD8A1E113288591FFB7A5E10E107D0D2C36DF69E40398023DAA7B1} [ 791206382 (null) ] 0 (null) [ CS{Cell{004dd06600000000000000000000000080000000000000fa00000000000001f4000000000003d09040} bits: 9..305; refs: 0..0} (null) CS{Cell{0094d1000000000000006400000000000f4240de000000002710000000000000000f42400000000002160ec0000000000000271000000000002625a00000000005f5e100000000003b9aca00} bits: 0..592; refs: 0..0} CS{Cell{0094d100000000000000640000000000009c40de000000000190000000000000000f424000000000000f4240000000000000271000000000009896800000000005f5e100000000003b9aca00} bits: 0..592; refs: 0..0} CS{Cell{0042ea000000000098968000000000271000000000000f424000000001800055555555} bits: 0..264; refs: 0..0} CS{Cell{0042ea0000000000061a800000000001900000000000009c4000000001800055555555} bits: 0..264; refs: 0..0} (null) ] 0 (null) ]\n' +
            '[ 4][t 0][2024-10-30 23:27:04.420000][transaction.cpp:1675]\tstarting VM\n' +
            '[ 4][t 0][2024-10-30 23:27:04.420000][transaction.cpp:1680]\tVM terminated with exit code 0\n' +
            '[ 3][t 0][2024-10-30 23:27:04.420000][transaction.cpp:1702]\tsteps: 250 gas: used=8497, max=1000000, limit=1000000, credit=0\n' +
            '[ 3][t 0][2024-10-30 23:27:04.420000][transaction.cpp:1704]\tout_of_gas=false, accepted=true, success=true, time=0.000441s\n' +
            '[ 4][t 0][2024-10-30 23:27:04.420000][transaction.cpp:1737]\tgas fees: 3398800 = 26214400 * 8497 /2^16 ; price=26214400; flat rate=[40000 for 100]; remaining balance=797807582ng\n' +
            '[ 3][t 0][2024-10-30 23:27:04.420000][transaction.cpp:2678]\tin try_action_reserve_currency(0)\n' +
            '[ 4][t 0][2024-10-30 23:27:04.420000][transaction.cpp:2684]\taction_reserve_currency: mode=0, reserve=0ng, balance=797807582ng, original balance=10000000ng\n' +
            '[ 3][t 0][2024-10-30 23:27:04.420000][transaction.cpp:2729]\tchanged remaining balance to 797807582ng, reserved balance to 0ng\n' +
            '[ 4][t 0][2024-10-30 23:27:04.420000][transaction.cpp:2448]\tstorage paid for a message: 0 cells, 0 bits\n' +
            '[ 4][t 0][2024-10-30 23:27:04.420000][transaction.cpp:2452]\tcomputed fwd fees = 400000 + 0\n',
          vmLogs: 'ecute STSLICER\n' +
            'execute OVER\n' +
            'execute ISNULL\n' +
            'execute NOT\n' +
            'execute PUSHCONT x7F01CA00CC\n' +
            'execute PUSHCONT x7032CA00\n' +
            'execute IFELSE\n' +
            'execute PUSHINT -1\n' +
            'execute SWAP\n' +
            'execute STI 1\n' +
            'execute STREF\n' +
            'execute implicit RET\n' +
            'execute ENDC\n' +
            'execute POP c4\n' +
            'execute implicit RET\n',
          debugLogs: '',
          events: [Array],
          parent: [Object],
          children: [Array],
          externals: []
        },
        children: [],
        externals: []
      },
      {
        address: 58472766802306075836644181314469769209867032629105944563722669090714916911778n,
        lt: 45000000n,
        prevTransactionHash: 86747273242373935765445238152002601511130857670066530658272582831601471256753n,
        prevTransactionLt: 26000000n,
        now: 1732922824,
        outMessagesCount: 0,
        oldStatus: 'active',
        endStatus: 'active',
        inMessage: { info: [Object], init: null, body: x{} },
        outMessages: Dictionary { _key: [Object], _value: [Object], _map: Map(0) {} },
        totalFees: { coins: 274724n },
        stateUpdate: {
          oldHash: <Buffer 43 4f 8e 13 e4 bd ec 5b d0 62 a6 75 2a 21 55 c7 38 3d 77 04 5c 1a 72 26 2d 49 76 ac 82 49 b8 63>,
          newHash: <Buffer 86 78 fe d0 cd 1d 96 56 c0 d0 0e fa 95 b9 b4 fc aa c9 7b ef 5e d5 d8 bd 08 cb 31 26 33 23 54 6f>
        },
        description: {
          type: 'generic',
          creditFirst: false,
          storagePhase: [Object],
          creditPhase: [Object],
          computePhase: [Object],
          actionPhase: [Object],
          bouncePhase: undefined,
          aborted: false,
          destroyed: false
        },
        raw: x{7814669C6B54FD8B2DD8E93AAA6E5DE45BD032703F7A61C194AB414089B0A7AA20000000002AEA540BFC9377AA8E5E219376164DE414483098B39EB809CE0B874A2731E919D10F8B100000000018CBA80674A4DC8000146086248}
         x{A_}
          x{6800A4BAF36B13E3AE770F28659A34B2D81F38859E8C08CF776F2BB4B441804382710020519A71AD53F62CB763A4EAA9B977916F40C9C0FDE9870652AD050226C29EA8925391D2000608235A000000000501BD02CE949B904_}
         x{72434F8E13E4BDEC5BD062A6752A2155C7383D77045C1A72262D4976AC8249B8638678FED0CD1D9656C0D00EFA95B9B4FCAAC97BEF5ED5D8BD08CB31263323546F}
         x{04C093950925391D2018603C5A11_}
          x{4026AC3D090000000000000000000500000000000000000000000000000000000000000000000000000000000000000000000000000000000000000000000000000000000000000000000000000000}
          x{C00000000000000000000000012D452DA449E50B8CF7DD27861F146122AFE1B546BB8B70FC8216F0C614139F8E04_},
        hash: [Function: hash],
        blockchainLogs: '[ 4][t 0][2024-10-30 23:27:04.434000][transaction.cpp:443]\tunpacking account 814669C6B54FD8B2DD8E93AAA6E5DE45BD032703F7A61C194AB414089B0A7AA2\n' +
          '[ 4][t 0][2024-10-30 23:27:04.434000][transaction.cpp:274]\tlast_paid=1730330824; cells=6 bits=821 public_cells=0\n' +
          '[ 4][t 0][2024-10-30 23:27:04.434000][transaction.cpp:504]\tend of Account.unpack() for 0:814669C6B54FD8B2DD8E93AAA6E5DE45BD032703F7A61C194AB414089B0A7AA2 (balance = 999997564244000ng ; last_trans_lt = 26000000..26000001)\n' +
          '[ 4][t 0][2024-10-30 23:27:04.434000][transaction.cpp:3655]\tblock random seed set to 0000000000000000000000000000000000000000000000000000000000000000\n' +
          '[ 4][t 0][2024-10-30 23:27:04.434000][transaction.cpp:1236]\tgas limits: max=1000000, limit=1000000, credit=0\n' +
          '[ 4][t 0][2024-10-30 23:27:04.434000][transaction.cpp:1575]\tin_msg_state is null\n' +
          '[ 4][t 0][2024-10-30 23:27:04.434000][transaction.cpp:1645]\tcreating VM\n' +
          '[ 4][t 0][2024-10-30 23:27:04.434000][transaction.cpp:1351]\tSmartContractInfo initialized with [ 124711402 0 0 1732922824 45000000 45000000 115447700146533501994236152434741364412838807905984067774762833459387322310298 [ 1000000062092876 (null) ] CS{Cell{0275c00814669c6b54fd8b2dd8e93aaa6e5de45bd032703f7a61c194ab414089b0a7aa220c80cd4339160640000000000632ea05c0e35f84e5f4081340} bits: 1..268; refs: 0..0} C{A7EC01478F770EF8F8B037CC7E42F0ABF0D85A50E1828C2394DAD1411691F2DE} C{D992502B94EA96E7B34E5D62FFB0C6FC73D78B3E61F11F0848FB3A1EB1AFC912} [ 2498000000 (null) ] 151124 (null) [ CS{Cell{004dd06600000000000000000000000080000000000000fa00000000000001f4000000000003d09040} bits: 9..305; refs: 0..0} (null) CS{Cell{0094d1000000000000006400000000000f4240de000000002710000000000000000f42400000000002160ec0000000000000271000000000002625a00000000005f5e100000000003b9aca00} bits: 0..592; refs: 0..0} CS{Cell{0094d100000000000000640000000000009c40de000000000190000000000000000f424000000000000f4240000000000000271000000000009896800000000005f5e100000000003b9aca00} bits: 0..592; refs: 0..0} CS{Cell{0042ea000000000098968000000000271000000000000f424000000001800055555555} bits: 0..264; refs: 0..0} CS{Cell{0042ea0000000000061a800000000001900000000000009c4000000001800055555555} bits: 0..264; refs: 0..0} (null) ] 0 (null) ]\n' +
          '[ 4][t 0][2024-10-30 23:27:04.434000][transaction.cpp:1675]\tstarting VM\n' +
          '[ 4][t 0][2024-10-30 23:27:04.434000][transaction.cpp:1680]\tVM terminated with exit code 0\n' +
          '[ 3][t 0][2024-10-30 23:27:04.434000][transaction.cpp:1702]\tsteps: 5 gas: used=309, max=1000000, limit=1000000, credit=0\n' +
          '[ 3][t 0][2024-10-30 23:27:04.434000][transaction.cpp:1704]\tout_of_gas=false, accepted=true, success=true, time=0.000019s\n' +
          '[ 4][t 0][2024-10-30 23:27:04.434000][transaction.cpp:1737]\tgas fees: 123600 = 26214400 * 309 /2^16 ; price=26214400; flat rate=[40000 for 100]; remaining balance=1000000061969276ng\n',
        vmLogs: 'execute SETCP 0\n' +
          'execute DICTPUSHCONST 19 (xC_,1)\n' +
          'execute DICTIGETJMPZ\n' +
          'execute DROP\n' +
          'execute implicit RET\n',
        debugLogs: '',
        events: [],
        parent: {
          address: 37254810366437813475271750514734067285117962570475561289538093995582013161784n,
          lt: 42000000n,
          prevTransactionHash: 59502638618939157984041048974874784466549447884963992631941186080548524959033n,
          prevTransactionLt: 38000000n,
          now: 1732922824,
          outMessagesCount: 2,
          oldStatus: 'active',
          endStatus: 'active',
          inMessage: [Object],
          outMessages: [Dictionary],
          totalFees: [Object],
          stateUpdate: [Object],
          description: [Object],
          raw: x{7525D79B589F1D73B879432CD1A596C0F9C42CF460467BBB795DA5A20C021C138000000000280DE80838D4CCB79999C8BFBB2A9039FE89F5454BC1D0383FCFB9A55F20FF38164A539000000000243D580674A4DC8000547598D6C}
           x{E_}
            x{6800F99E4F01C1A7C3616D00B3681096094D190E846AE8B8DA0403AC5E7A4431E26D0014975E6D627C75CEE1E50CB346965B03E710B3D18119EEEDE57696883008704E101119EF88060DFF5E0000000004A62F82CE949B90C_}
             x{2A004A0500000000000000000000000000000000000000000000000000000000000000000000000000000000C00814669C6B54FD8B2DD8E93AAA6E5DE45BD032703F7A61C194AB414089B0A7AA2}
            x{DD_}
             x{2_}
              x{6800A4BAF36B13E3AE770F28659A34B2D81F38859E8C08CF776F2BB4B441804382710020519A71AD53F62CB763A4EAA9B977916F40C9C0FDE9870652AD050226C29EA8925391D2000608235A000000000501BD02CE949B904_}
             x{2_}
              x{6800A4BAF36B13E3AE770F28659A34B2D81F38859E8C08CF776F2BB4B44180438271003A7CBC3612E1CA557A9D4C735DAA85C231FC67A5E07FC0E4E6F4D6E951FB858D100E4647480608235A000000000501BD04CE949B904_}
           x{722B7074F32D6261AFCB63DA70637D99AD5D53AD2127379EF42DDEC80951C9D63420B51BEE83E8C8D5939CD359ED43FDBD07E1C183D145BDA351E6AB45D72BD7A9}
           x{040901119EF8987516A211_}
            x{4D7F2C0AF1E00000000000000002E500000000000000000000000000000000000000000000000000000000000000000000000000000000000000000000000000000000000000000000000000000000}
            x{C9861A804C104698000000000006000200000005D014517FEC289D69832959643C1458BE070A2ADB9589EF074B2498019F6D474640902C14_},
          hash: [Function: hash],
          blockchainLogs: '[ 4][t 0][2024-10-30 23:27:04.424000][transaction.cpp:443]\tunpacking account 525D79B589F1D73B879432CD1A596C0F9C42CF460467BBB795DA5A20C021C138\n' +
            '[ 4][t 0][2024-10-30 23:27:04.424000][transaction.cpp:274]\tlast_paid=1732922824; cells=234 bits=84049 public_cells=0\n' +
            '[ 4][t 0][2024-10-30 23:27:04.424000][transaction.cpp:504]\tend of Account.unpack() for 0:525D79B589F1D73B879432CD1A596C0F9C42CF460467BBB795DA5A20C021C138 (balance = 4900000000ng ; last_trans_lt = 38000000..38000005)\n' +
            '[ 4][t 0][2024-10-30 23:27:04.424000][transaction.cpp:3655]\tblock random seed set to 0000000000000000000000000000000000000000000000000000000000000000\n' +
            '[ 4][t 0][2024-10-30 23:27:04.424000][transaction.cpp:1236]\tgas limits: max=1000000, limit=179320, credit=0\n' +
            '[ 4][t 0][2024-10-30 23:27:04.424000][transaction.cpp:1575]\tin_msg_state is null\n' +
            '[ 4][t 0][2024-10-30 23:27:04.424000][transaction.cpp:1645]\tcreating VM\n' +
            '[ 4][t 0][2024-10-30 23:27:04.424000][transaction.cpp:1351]\tSmartContractInfo initialized with [ 124711402 0 0 1732922824 42000000 42000000 14068792954309835536948273256715513127174070948738620016199408580766834334284 [ 4971728098 (null) ] CS{Cell{0273c00525d79b589f1d73b879432cd1a596c0f9c42cf460467bbb795da5a20c021c1383d4c05214433a526e4000000000090f561540490404401340} bits: 1..268; refs: 0..0} C{A7EC01478F770EF8F8B037CC7E42F0ABF0D85A50E1828C2394DAD1411691F2DE} C{42B6F0E46484EFC57B9508F6BA7EF42E7512023D5CB4ED5628DD1C7755D16E9D} [ 71728098 (null) ] 0 (null) [ CS{Cell{004dd06600000000000000000000000080000000000000fa00000000000001f4000000000003d09040} bits: 9..305; refs: 0..0} (null) CS{Cell{0094d1000000000000006400000000000f4240de000000002710000000000000000f42400000000002160ec0000000000000271000000000002625a00000000005f5e100000000003b9aca00} bits: 0..592; refs: 0..0} CS{Cell{0094d100000000000000640000000000009c40de000000000190000000000000000f424000000000000f4240000000000000271000000000009896800000000005f5e100000000003b9aca00} bits: 0..592; refs: 0..0} CS{Cell{0042ea000000000098968000000000271000000000000f424000000001800055555555} bits: 0..264; refs: 0..0} CS{Cell{0042ea0000000000061a800000000001900000000000009c4000000001800055555555} bits: 0..264; refs: 0..0} (null) ] 0 (null) ]\n' +
            '[ 4][t 0][2024-10-30 23:27:04.424000][transaction.cpp:1675]\tstarting VM\n' +
            '[ 4][t 0][2024-10-30 23:27:04.425000][transaction.cpp:1680]\tVM terminated with exit code 0\n' +
            '[ 3][t 0][2024-10-30 23:27:04.425000][transaction.cpp:1702]\tsteps: 741 gas: used=27641, max=1000000, limit=179320, credit=0\n' +
            '[ 3][t 0][2024-10-30 23:27:04.425000][transaction.cpp:1704]\tout_of_gas=false, accepted=true, success=true, time=0.000774s\n' +
            '[ 4][t 0][2024-10-30 23:27:04.425000][transaction.cpp:1737]\tgas fees: 11056400 = 26214400 * 27641 /2^16 ; price=26214400; flat rate=[40000 for 100]; remaining balance=4960671698ng\n' +
            '[ 3][t 0][2024-10-30 23:27:04.425000][transaction.cpp:2678]\tin try_action_reserve_currency(0)\n' +
            '[ 4][t 0][2024-10-30 23:27:04.425000][transaction.cpp:2684]\taction_reserve_currency: mode=0, reserve=2402000000ng, balance=4960671698ng, original balance=4900000000ng\n' +
            '[ 3][t 0][2024-10-30 23:27:04.425000][transaction.cpp:2729]\tchanged remaining balance to 2558671698ng, reserved balance to 2402000000ng\n' +
            '[ 4][t 0][2024-10-30 23:27:04.425000][transaction.cpp:2448]\tstorage paid for a message: 0 cells, 0 bits\n' +
            '[ 4][t 0][2024-10-30 23:27:04.425000][transaction.cpp:2452]\tcomputed fwd fees = 400000 + 0\n' +
            '[ 4][t 0][2024-10-30 23:27:04.425000][transaction.cpp:2448]\tstorage paid for a message: 0 cells, 0 bits\n' +
            '[ 4][t 0][2024-10-30 23:27:04.425000][transaction.cpp:2452]\tcomputed fwd fees = 400000 + 0\n',
          vmLogs: 'xecute EQUAL\n' +
            'execute THROWIF 137\n' +
            'execute PUSHPOW2 10\n' +
            'execute EQUAL\n' +
            'execute THROWIFNOT 136\n' +
            'execute STSLICER\n' +
            'execute ENDC\n' +
            'execute ROT\n' +
            'execute STREF\n' +
            'execute ENDC\n' +
            'execute SWAP\n' +
            'execute STREF\n' +
            'execute implicit RET\n' +
            'execute ENDC\n' +
            'execute POP c4\n' +
            'execute implicit RET\n',
          debugLogs: '',
          events: [Array],
          parent: [Object],
          children: [Array],
          externals: []
        },
        children: [],
        externals: []
      },
      {
        address: 105818132960003171416304597453717637701794574747475969910003481004036112389684n,
        lt: 46000000n,
        prevTransactionHash: 83552119510323220929639886953193329170026892089958102208488976620376850444669n,
        prevTransactionLt: 44000000n,
        now: 1732922824,
        outMessagesCount: 0,
        oldStatus: 'active',
        endStatus: 'active',
        inMessage: { info: [Object], init: null, body: x{} },
        outMessages: Dictionary { _key: [Object], _value: [Object], _map: Map(0) {} },
        totalFees: { coins: 123600n },
        stateUpdate: {
          oldHash: <Buffer ba ce 68 02 6a 10 a3 76 60 29 5d 88 3d 95 ab 70 49 d8 7d 22 07 a6 98 15 cf 91 58 60 ab eb f0 d5>,
          newHash: <Buffer 3a d9 e2 9c c0 42 a8 bd 5c f7 2e e9 fe e0 36 a4 16 40 68 2f 07 2c 45 53 13 70 eb 4e 5d 6a 90 2b>
        },
        description: {
          type: 'generic',
          creditFirst: false,
          storagePhase: [Object],
          creditPhase: [Object],
          computePhase: [Object],
          actionPhase: [Object],
          bouncePhase: undefined,
          aborted: false,
          destroyed: false
        },
        raw: x{7E9F2F0D84B872955EA7531CD76AA1708C7F19E9781FF03939BD35BA547EE16340000000002BDE780B8B8D2E3E817D9C9D21727940AFCB106753A72B6C69217FB818FD2CD8134317D00000000029F6300674A4DC800014603C5A0}
         x{A_}
          x{6800A4BAF36B13E3AE770F28659A34B2D81F38859E8C08CF776F2BB4B44180438271003A7CBC3612E1CA557A9D4C735DAA85C231FC67A5E07FC0E4E6F4D6E951FB858D100E4647480608235A000000000501BD04CE949B904_}
         x{72BACE68026A10A37660295D883D95AB7049D87D2207A69815CF915860ABEBF0D53AD9E29CC042A8BD5CF72EE9FEE036A41640682F072C45531370EB4E5D6A902B}
         x{040900E4647498603C5A11_}
          x{4026AC0922BC00000000000000000500000000000000000000000000000000000000000000000000000000000000000000000000000000000000000000000000000000000000000000000000000000}
          x{C00000000000000000000000012D452DA449E50B8CF7DD27861F146122AFE1B546BB8B70FC8216F0C614139F8E04_},
        hash: [Function: hash],
        blockchainLogs: '[ 4][t 0][2024-10-30 23:27:04.436000][transaction.cpp:443]\tunpacking account E9F2F0D84B872955EA7531CD76AA1708C7F19E9781FF03939BD35BA547EE1634\n' +
          '[ 4][t 0][2024-10-30 23:27:04.436000][transaction.cpp:274]\tlast_paid=1732922824; cells=6 bits=821 public_cells=0\n' +
          '[ 4][t 0][2024-10-30 23:27:04.436000][transaction.cpp:504]\tend of Account.unpack() for 0:E9F2F0D84B872955EA7531CD76AA1708C7F19E9781FF03939BD35BA547EE1634 (balance = 999999794868458ng ; last_trans_lt = 44000000..44000001)\n' +
          '[ 4][t 0][2024-10-30 23:27:04.436000][transaction.cpp:3655]\tblock random seed set to 0000000000000000000000000000000000000000000000000000000000000000\n' +
          '[ 4][t 0][2024-10-30 23:27:04.436000][transaction.cpp:1236]\tgas limits: max=1000000, limit=149679, credit=0\n' +
          '[ 4][t 0][2024-10-30 23:27:04.436000][transaction.cpp:1575]\tin_msg_state is null\n' +
          '[ 4][t 0][2024-10-30 23:27:04.436000][transaction.cpp:1645]\tcreating VM\n' +
          '[ 4][t 0][2024-10-30 23:27:04.436000][transaction.cpp:1351]\tSmartContractInfo initialized with [ 124711402 0 0 1732922824 46000000 46000000 60210483465141978598827679003117970236339845468170532052053411751718225576024 [ 999999854740156 (null) ] CS{Cell{0275c00e9f2f0d84b872955ea7531cd76aa1708c7f19e9781ff03939bd35ba547ee163420c80cd433a526e40000000000a7d8c05c0e35fa6231c3a9340} bits: 1..268; refs: 0..0} C{A7EC01478F770EF8F8B037CC7E42F0ABF0D85A50E1828C2394DAD1411691F2DE} C{D992502B94EA96E7B34E5D62FFB0C6FC73D78B3E61F11F0848FB3A1EB1AFC912} [ 59871698 (null) ] 0 (null) [ CS{Cell{004dd06600000000000000000000000080000000000000fa00000000000001f4000000000003d09040} bits: 9..305; refs: 0..0} (null) CS{Cell{0094d1000000000000006400000000000f4240de000000002710000000000000000f42400000000002160ec0000000000000271000000000002625a00000000005f5e100000000003b9aca00} bits: 0..592; refs: 0..0} CS{Cell{0094d100000000000000640000000000009c40de000000000190000000000000000f424000000000000f4240000000000000271000000000009896800000000005f5e100000000003b9aca00} bits: 0..592; refs: 0..0} CS{Cell{0042ea000000000098968000000000271000000000000f424000000001800055555555} bits: 0..264; refs: 0..0} CS{Cell{0042ea0000000000061a800000000001900000000000009c4000000001800055555555} bits: 0..264; refs: 0..0} (null) ] 0 (null) ]\n' +
          '[ 4][t 0][2024-10-30 23:27:04.436000][transaction.cpp:1675]\tstarting VM\n' +
          '[ 4][t 0][2024-10-30 23:27:04.436000][transaction.cpp:1680]\tVM terminated with exit code 0\n' +
          '[ 3][t 0][2024-10-30 23:27:04.436000][transaction.cpp:1702]\tsteps: 5 gas: used=309, max=1000000, limit=149679, credit=0\n' +
          '[ 3][t 0][2024-10-30 23:27:04.436000][transaction.cpp:1704]\tout_of_gas=false, accepted=true, success=true, time=0.000019s\n' +
          '[ 4][t 0][2024-10-30 23:27:04.436000][transaction.cpp:1737]\tgas fees: 123600 = 26214400 * 309 /2^16 ; price=26214400; flat rate=[40000 for 100]; remaining balance=999999854616556ng\n',
        vmLogs: 'execute SETCP 0\n' +
          'execute DICTPUSHCONST 19 (xC_,1)\n' +
          'execute DICTIGETJMPZ\n' +
          'execute DROP\n' +
          'execute implicit RET\n',
        debugLogs: '',
        events: [],
        parent: {
          address: 37254810366437813475271750514734067285117962570475561289538093995582013161784n,
          lt: 42000000n,
          prevTransactionHash: 59502638618939157984041048974874784466549447884963992631941186080548524959033n,
          prevTransactionLt: 38000000n,
          now: 1732922824,
          outMessagesCount: 2,
          oldStatus: 'active',
          endStatus: 'active',
          inMessage: [Object],
          outMessages: [Dictionary],
          totalFees: [Object],
          stateUpdate: [Object],
          description: [Object],
          raw: x{7525D79B589F1D73B879432CD1A596C0F9C42CF460467BBB795DA5A20C021C138000000000280DE80838D4CCB79999C8BFBB2A9039FE89F5454BC1D0383FCFB9A55F20FF38164A539000000000243D580674A4DC8000547598D6C}
           x{E_}
            x{6800F99E4F01C1A7C3616D00B3681096094D190E846AE8B8DA0403AC5E7A4431E26D0014975E6D627C75CEE1E50CB346965B03E710B3D18119EEEDE57696883008704E101119EF88060DFF5E0000000004A62F82CE949B90C_}
             x{2A004A0500000000000000000000000000000000000000000000000000000000000000000000000000000000C00814669C6B54FD8B2DD8E93AAA6E5DE45BD032703F7A61C194AB414089B0A7AA2}
            x{DD_}
             x{2_}
              x{6800A4BAF36B13E3AE770F28659A34B2D81F38859E8C08CF776F2BB4B441804382710020519A71AD53F62CB763A4EAA9B977916F40C9C0FDE9870652AD050226C29EA8925391D2000608235A000000000501BD02CE949B904_}
             x{2_}
              x{6800A4BAF36B13E3AE770F28659A34B2D81F38859E8C08CF776F2BB4B44180438271003A7CBC3612E1CA557A9D4C735DAA85C231FC67A5E07FC0E4E6F4D6E951FB858D100E4647480608235A000000000501BD04CE949B904_}
           x{722B7074F32D6261AFCB63DA70637D99AD5D53AD2127379EF42DDEC80951C9D63420B51BEE83E8C8D5939CD359ED43FDBD07E1C183D145BDA351E6AB45D72BD7A9}
           x{040901119EF8987516A211_}
            x{4D7F2C0AF1E00000000000000002E500000000000000000000000000000000000000000000000000000000000000000000000000000000000000000000000000000000000000000000000000000000}
            x{C9861A804C104698000000000006000200000005D014517FEC289D69832959643C1458BE070A2ADB9589EF074B2498019F6D474640902C14_},
          hash: [Function: hash],
          blockchainLogs: '[ 4][t 0][2024-10-30 23:27:04.424000][transaction.cpp:443]\tunpacking account 525D79B589F1D73B879432CD1A596C0F9C42CF460467BBB795DA5A20C021C138\n' +
            '[ 4][t 0][2024-10-30 23:27:04.424000][transaction.cpp:274]\tlast_paid=1732922824; cells=234 bits=84049 public_cells=0\n' +
            '[ 4][t 0][2024-10-30 23:27:04.424000][transaction.cpp:504]\tend of Account.unpack() for 0:525D79B589F1D73B879432CD1A596C0F9C42CF460467BBB795DA5A20C021C138 (balance = 4900000000ng ; last_trans_lt = 38000000..38000005)\n' +
            '[ 4][t 0][2024-10-30 23:27:04.424000][transaction.cpp:3655]\tblock random seed set to 0000000000000000000000000000000000000000000000000000000000000000\n' +
            '[ 4][t 0][2024-10-30 23:27:04.424000][transaction.cpp:1236]\tgas limits: max=1000000, limit=179320, credit=0\n' +
            '[ 4][t 0][2024-10-30 23:27:04.424000][transaction.cpp:1575]\tin_msg_state is null\n' +
            '[ 4][t 0][2024-10-30 23:27:04.424000][transaction.cpp:1645]\tcreating VM\n' +
            '[ 4][t 0][2024-10-30 23:27:04.424000][transaction.cpp:1351]\tSmartContractInfo initialized with [ 124711402 0 0 1732922824 42000000 42000000 14068792954309835536948273256715513127174070948738620016199408580766834334284 [ 4971728098 (null) ] CS{Cell{0273c00525d79b589f1d73b879432cd1a596c0f9c42cf460467bbb795da5a20c021c1383d4c05214433a526e4000000000090f561540490404401340} bits: 1..268; refs: 0..0} C{A7EC01478F770EF8F8B037CC7E42F0ABF0D85A50E1828C2394DAD1411691F2DE} C{42B6F0E46484EFC57B9508F6BA7EF42E7512023D5CB4ED5628DD1C7755D16E9D} [ 71728098 (null) ] 0 (null) [ CS{Cell{004dd06600000000000000000000000080000000000000fa00000000000001f4000000000003d09040} bits: 9..305; refs: 0..0} (null) CS{Cell{0094d1000000000000006400000000000f4240de000000002710000000000000000f42400000000002160ec0000000000000271000000000002625a00000000005f5e100000000003b9aca00} bits: 0..592; refs: 0..0} CS{Cell{0094d100000000000000640000000000009c40de000000000190000000000000000f424000000000000f4240000000000000271000000000009896800000000005f5e100000000003b9aca00} bits: 0..592; refs: 0..0} CS{Cell{0042ea000000000098968000000000271000000000000f424000000001800055555555} bits: 0..264; refs: 0..0} CS{Cell{0042ea0000000000061a800000000001900000000000009c4000000001800055555555} bits: 0..264; refs: 0..0} (null) ] 0 (null) ]\n' +
            '[ 4][t 0][2024-10-30 23:27:04.424000][transaction.cpp:1675]\tstarting VM\n' +
            '[ 4][t 0][2024-10-30 23:27:04.425000][transaction.cpp:1680]\tVM terminated with exit code 0\n' +
            '[ 3][t 0][2024-10-30 23:27:04.425000][transaction.cpp:1702]\tsteps: 741 gas: used=27641, max=1000000, limit=179320, credit=0\n' +
            '[ 3][t 0][2024-10-30 23:27:04.425000][transaction.cpp:1704]\tout_of_gas=false, accepted=true, success=true, time=0.000774s\n' +
            '[ 4][t 0][2024-10-30 23:27:04.425000][transaction.cpp:1737]\tgas fees: 11056400 = 26214400 * 27641 /2^16 ; price=26214400; flat rate=[40000 for 100]; remaining balance=4960671698ng\n' +
            '[ 3][t 0][2024-10-30 23:27:04.425000][transaction.cpp:2678]\tin try_action_reserve_currency(0)\n' +
            '[ 4][t 0][2024-10-30 23:27:04.425000][transaction.cpp:2684]\taction_reserve_currency: mode=0, reserve=2402000000ng, balance=4960671698ng, original balance=4900000000ng\n' +
            '[ 3][t 0][2024-10-30 23:27:04.425000][transaction.cpp:2729]\tchanged remaining balance to 2558671698ng, reserved balance to 2402000000ng\n' +
            '[ 4][t 0][2024-10-30 23:27:04.425000][transaction.cpp:2448]\tstorage paid for a message: 0 cells, 0 bits\n' +
            '[ 4][t 0][2024-10-30 23:27:04.425000][transaction.cpp:2452]\tcomputed fwd fees = 400000 + 0\n' +
            '[ 4][t 0][2024-10-30 23:27:04.425000][transaction.cpp:2448]\tstorage paid for a message: 0 cells, 0 bits\n' +
            '[ 4][t 0][2024-10-30 23:27:04.425000][transaction.cpp:2452]\tcomputed fwd fees = 400000 + 0\n',
          vmLogs: 'xecute EQUAL\n' +
            'execute THROWIF 137\n' +
            'execute PUSHPOW2 10\n' +
            'execute EQUAL\n' +
            'execute THROWIFNOT 136\n' +
            'execute STSLICER\n' +
            'execute ENDC\n' +
            'execute ROT\n' +
            'execute STREF\n' +
            'execute ENDC\n' +
            'execute SWAP\n' +
            'execute STREF\n' +
            'execute implicit RET\n' +
            'execute ENDC\n' +
            'execute POP c4\n' +
            'execute implicit RET\n',
          debugLogs: '',
          events: [Array],
          parent: [Object],
          children: [Array],
          externals: []
        },
        children: [],
        externals: []
      },
      {
        address: 82932696146371031528842022915703368160952877310224391173905811460306378520268n,
        lt: 47000000n,
        prevTransactionHash: 54572053459830474430404030677657191169545898654511817620188897563963139578169n,
        prevTransactionLt: 32000000n,
        now: 1732922824,
        outMessagesCount: 0,
        oldStatus: 'active',
        endStatus: 'active',
        inMessage: { info: [Object], init: null, body: x{} },
        outMessages: Dictionary { _key: [Object], _value: [Object], _map: Map(0) {} },
        totalFees: { coins: 274724n },
        stateUpdate: {
          oldHash: <Buffer 73 7b 36 7c e4 47 92 ba 87 91 82 88 15 f0 d8 33 18 d2 ed 3e 35 63 2a 2d 8c 95 f6 d7 dc 99 de 4a>,
          newHash: <Buffer 10 97 87 db d5 aa f1 bc 18 16 30 18 c9 39 66 13 86 22 27 2b eb c3 34 18 ec 84 3d be 0a 2a 00 d6>
        },
        description: {
          type: 'generic',
          creditFirst: false,
          storagePhase: [Object],
          creditPhase: [Object],
          computePhase: [Object],
          actionPhase: [Object],
          bouncePhase: undefined,
          aborted: false,
          destroyed: false
        },
        raw: x{7B75A3E1A6460F415CE3721F308920C4B456F3B977F39EB26CED9155308A976CC0000000002CD29C078A6B00B7D0BB1F2ED314579DDFC64922A8AF2E1A1E526FBA97769D6C41059390000000001E84800674A4DC8000146086248}
         x{A_}
          x{6800A4BAF36B13E3AE770F28659A34B2D81F38859E8C08CF776F2BB4B44180438271002DD68F8699183D05738DC87CC2248312D15BCEE5DFCE7AC9B3B64554C22A5DB312245CDC000608235A0000000005204182CE949B904_}
         x{72737B367CE44792BA8791828815F0D83318D2ED3E35632A2D8C95F6D7DC99DE4A109787DBD5AAF1BC18163018C93966138622272BEBC33418EC843DBE0A2A00D6}
         x{04C09395092245CDC018603C5A11_}
          x{4026AC3D090000000000000000000500000000000000000000000000000000000000000000000000000000000000000000000000000000000000000000000000000000000000000000000000000000}
          x{C00000000000000000000000012D452DA449E50B8CF7DD27861F146122AFE1B546BB8B70FC8216F0C614139F8E04_},
        hash: [Function: hash],
        blockchainLogs: '[ 4][t 0][2024-10-30 23:27:04.437000][transaction.cpp:443]\tunpacking account B75A3E1A6460F415CE3721F308920C4B456F3B977F39EB26CED9155308A976CC\n' +
          '[ 4][t 0][2024-10-30 23:27:04.437000][transaction.cpp:274]\tlast_paid=1730330824; cells=6 bits=821 public_cells=0\n' +
          '[ 4][t 0][2024-10-30 23:27:04.437000][transaction.cpp:504]\tend of Account.unpack() for 0:B75A3E1A6460F415CE3721F308920C4B456F3B977F39EB26CED9155308A976CC (balance = 999997480607200ng ; last_trans_lt = 32000000..32000001)\n' +
          '[ 4][t 0][2024-10-30 23:27:04.437000][transaction.cpp:3655]\tblock random seed set to 0000000000000000000000000000000000000000000000000000000000000000\n' +
          '[ 4][t 0][2024-10-30 23:27:04.438000][transaction.cpp:1236]\tgas limits: max=1000000, limit=1000000, credit=0\n' +
          '[ 4][t 0][2024-10-30 23:27:04.438000][transaction.cpp:1575]\tin_msg_state is null\n' +
          '[ 4][t 0][2024-10-30 23:27:04.438000][transaction.cpp:1645]\tcreating VM\n' +
          '[ 4][t 0][2024-10-30 23:27:04.438000][transaction.cpp:1351]\tSmartContractInfo initialized with [ 124711402 0 0 1732922824 47000000 47000000 21122878255675644108446800642276849919927819785129319861439300423341550034363 [ 999999780456076 (null) ] CS{Cell{0275c00b75a3e1a6460f415ce3721f308920c4b456f3b977f39eb26ced9155308a976cc20c80cd43391606400000000007a12005c0e35f83a6e7781340} bits: 1..268; refs: 0..0} C{A7EC01478F770EF8F8B037CC7E42F0ABF0D85A50E1828C2394DAD1411691F2DE} C{D992502B94EA96E7B34E5D62FFB0C6FC73D78B3E61F11F0848FB3A1EB1AFC912} [ 2300000000 (null) ] 151124 (null) [ CS{Cell{004dd06600000000000000000000000080000000000000fa00000000000001f4000000000003d09040} bits: 9..305; refs: 0..0} (null) CS{Cell{0094d1000000000000006400000000000f4240de000000002710000000000000000f42400000000002160ec0000000000000271000000000002625a00000000005f5e100000000003b9aca00} bits: 0..592; refs: 0..0} CS{Cell{0094d100000000000000640000000000009c40de000000000190000000000000000f424000000000000f4240000000000000271000000000009896800000000005f5e100000000003b9aca00} bits: 0..592; refs: 0..0} CS{Cell{0042ea000000000098968000000000271000000000000f424000000001800055555555} bits: 0..264; refs: 0..0} CS{Cell{0042ea0000000000061a800000000001900000000000009c4000000001800055555555} bits: 0..264; refs: 0..0} (null) ] 0 (null) ]\n' +
          '[ 4][t 0][2024-10-30 23:27:04.438000][transaction.cpp:1675]\tstarting VM\n' +
          '[ 4][t 0][2024-10-30 23:27:04.438000][transaction.cpp:1680]\tVM terminated with exit code 0\n' +
          '[ 3][t 0][2024-10-30 23:27:04.438000][transaction.cpp:1702]\tsteps: 5 gas: used=309, max=1000000, limit=1000000, credit=0\n' +
          '[ 3][t 0][2024-10-30 23:27:04.438000][transaction.cpp:1704]\tout_of_gas=false, accepted=true, success=true, time=0.000020s\n' +
          '[ 4][t 0][2024-10-30 23:27:04.438000][transaction.cpp:1737]\tgas fees: 123600 = 26214400 * 309 /2^16 ; price=26214400; flat rate=[40000 for 100]; remaining balance=999999780332476ng\n',
        vmLogs: 'execute SETCP 0\n' +
          'execute DICTPUSHCONST 19 (xC_,1)\n' +
          'execute DICTIGETJMPZ\n' +
          'execute DROP\n' +
          'execute implicit RET\n',
        debugLogs: '',
        events: [],
        parent: {
          address: 37254810366437813475271750514734067285117962570475561289538093995582013161784n,
          lt: 43000000n,
          prevTransactionHash: 53992871237900308337631284911860432291655972983408765579128599762247525475941n,
          prevTransactionLt: 42000000n,
          now: 1732922824,
          outMessagesCount: 2,
          oldStatus: 'active',
          endStatus: 'active',
          inMessage: [Object],
          outMessages: [Dictionary],
          totalFees: [Object],
          stateUpdate: [Object],
          description: [Object],
          raw: x{7525D79B589F1D73B879432CD1A596C0F9C42CF460467BBB795DA5A20C021C13800000000029020C0775EE1D4E3916F59965B3D4A5143A46AA12A7B92D27BAA6BD85AB1FFF4522665000000000280DE80674A4DC800054750B3CC}
           x{E_}
            x{6801C25D36B535BEF92116226484A49D03E01E5050FFC3053F6C298C080280A4EEF90014975E6D627C75CEE1E50CB346965B03E710B3D18119EEEDE57696883008704E101119EF88060DFF5E0000000004C4B402CE949B90C_}
             x{2A004A0500000000000000010000000000000000000000000000000000000000000000000000000000000000400B75A3E1A6460F415CE3721F308920C4B456F3B977F39EB26CED9155308A976CC}
            x{DD_}
             x{2_}
              x{6800A4BAF36B13E3AE770F28659A34B2D81F38859E8C08CF776F2BB4B44180438271002DD68F8699183D05738DC87CC2248312D15BCEE5DFCE7AC9B3B64554C22A5DB312245CDC000608235A0000000005204182CE949B904_}
             x{2_}
              x{6800A4BAF36B13E3AE770F28659A34B2D81F38859E8C08CF776F2BB4B44180438271003A7CBC3612E1CA557A9D4C735DAA85C231FC67A5E07FC0E4E6F4D6E951FB858D100E57FA880608235A0000000005204184CE949B904_}
           x{7220B51BEE83E8C8D5939CD359ED43FDBD07E1C183D145BDA351E6AB45D72BD7A9F3C05AD57E1156F11AB5CBF52C4D17A78E908A07E5A55DC2C31F2756AB7520EE}
           x{040901119EF89874890811_}
            x{4D248C0AF1E00000000000000002E500000000000000000000000000000000000000000000000000000000000000000000000000000000000000000000000000000000000000000000000000000000}
            x{C9861A804C1046980000000000060002000000050E6F11A9BF912E05D84C7354F710791BEE2887124EE5E5E4B828D673F029A0EC40902C14_},
          hash: [Function: hash],
          blockchainLogs: '[ 4][t 0][2024-10-30 23:27:04.428000][transaction.cpp:443]\tunpacking account 525D79B589F1D73B879432CD1A596C0F9C42CF460467BBB795DA5A20C021C138\n' +
            '[ 4][t 0][2024-10-30 23:27:04.428000][transaction.cpp:274]\tlast_paid=1732922824; cells=231 bits=83982 public_cells=0\n' +
            '[ 4][t 0][2024-10-30 23:27:04.428000][transaction.cpp:504]\tend of Account.unpack() for 0:525D79B589F1D73B879432CD1A596C0F9C42CF460467BBB795DA5A20C021C138 (balance = 2402000000ng ; last_trans_lt = 42000000..42000003)\n' +
            '[ 4][t 0][2024-10-30 23:27:04.428000][transaction.cpp:3655]\tblock random seed set to 0000000000000000000000000000000000000000000000000000000000000000\n' +
            '[ 4][t 0][2024-10-30 23:27:04.428000][transaction.cpp:1236]\tgas limits: max=1000000, limit=179320, credit=0\n' +
            '[ 4][t 0][2024-10-30 23:27:04.428000][transaction.cpp:1575]\tin_msg_state is null\n' +
            '[ 4][t 0][2024-10-30 23:27:04.428000][transaction.cpp:1645]\tcreating VM\n' +
            '[ 4][t 0][2024-10-30 23:27:04.428000][transaction.cpp:1351]\tSmartContractInfo initialized with [ 124711402 0 0 1732922824 43000000 43000000 14068792954309835536948273256715513127174070948738620016199408580766834334284 [ 2473728098 (null) ] CS{Cell{0271c00525d79b589f1d73b879432cd1a596c0f9c42cf460467bbb795da5a20c021c1383cec05203833a526e40000000000a037a0d23cae7201340} bits: 1..268; refs: 0..0} C{A7EC01478F770EF8F8B037CC7E42F0ABF0D85A50E1828C2394DAD1411691F2DE} C{42B6F0E46484EFC57B9508F6BA7EF42E7512023D5CB4ED5628DD1C7755D16E9D} [ 71728098 (null) ] 0 (null) [ CS{Cell{004dd06600000000000000000000000080000000000000fa00000000000001f4000000000003d09040} bits: 9..305; refs: 0..0} (null) CS{Cell{0094d1000000000000006400000000000f4240de000000002710000000000000000f42400000000002160ec0000000000000271000000000002625a00000000005f5e100000000003b9aca00} bits: 0..592; refs: 0..0} CS{Cell{0094d100000000000000640000000000009c40de000000000190000000000000000f424000000000000f4240000000000000271000000000009896800000000005f5e100000000003b9aca00} bits: 0..592; refs: 0..0} CS{Cell{0042ea000000000098968000000000271000000000000f424000000001800055555555} bits: 0..264; refs: 0..0} CS{Cell{0042ea0000000000061a800000000001900000000000009c4000000001800055555555} bits: 0..264; refs: 0..0} (null) ] 0 (null) ]\n' +
            '[ 4][t 0][2024-10-30 23:27:04.428000][transaction.cpp:1675]\tstarting VM\n' +
            '[ 4][t 0][2024-10-30 23:27:04.429000][transaction.cpp:1680]\tVM terminated with exit code 0\n' +
            '[ 3][t 0][2024-10-30 23:27:04.429000][transaction.cpp:1702]\tsteps: 741 gas: used=26916, max=1000000, limit=179320, credit=0\n' +
            '[ 3][t 0][2024-10-30 23:27:04.429000][transaction.cpp:1704]\tout_of_gas=false, accepted=true, success=true, time=0.000947s\n' +
            '[ 4][t 0][2024-10-30 23:27:04.429000][transaction.cpp:1737]\tgas fees: 10766400 = 26214400 * 26916 /2^16 ; price=26214400; flat rate=[40000 for 100]; remaining balance=2462961698ng\n' +
            '[ 3][t 0][2024-10-30 23:27:04.429000][transaction.cpp:2678]\tin try_action_reserve_currency(0)\n' +
            '[ 4][t 0][2024-10-30 23:27:04.429000][transaction.cpp:2684]\taction_reserve_currency: mode=0, reserve=102000000ng, balance=2462961698ng, original balance=2402000000ng\n' +
            '[ 3][t 0][2024-10-30 23:27:04.429000][transaction.cpp:2729]\tchanged remaining balance to 2360961698ng, reserved balance to 102000000ng\n' +
            '[ 4][t 0][2024-10-30 23:27:04.429000][transaction.cpp:2448]\tstorage paid for a message: 0 cells, 0 bits\n' +
            '[ 4][t 0][2024-10-30 23:27:04.429000][transaction.cpp:2452]\tcomputed fwd fees = 400000 + 0\n' +
            '[ 4][t 0][2024-10-30 23:27:04.429000][transaction.cpp:2448]\tstorage paid for a message: 0 cells, 0 bits\n' +
            '[ 4][t 0][2024-10-30 23:27:04.429000][transaction.cpp:2452]\tcomputed fwd fees = 400000 + 0\n',
          vmLogs: 'xecute EQUAL\n' +
            'execute THROWIF 137\n' +
            'execute PUSHPOW2 10\n' +
            'execute EQUAL\n' +
            'execute THROWIFNOT 136\n' +
            'execute STSLICER\n' +
            'execute ENDC\n' +
            'execute ROT\n' +
            'execute STREF\n' +
            'execute ENDC\n' +
            'execute SWAP\n' +
            'execute STREF\n' +
            'execute implicit RET\n' +
            'execute ENDC\n' +
            'execute POP c4\n' +
            'execute implicit RET\n',
          debugLogs: '',
          events: [Array],
          parent: [Object],
          children: [Array],
          externals: []
        },
        children: [],
        externals: []
      },
      {
        address: 105818132960003171416304597453717637701794574747475969910003481004036112389684n,
        lt: 48000000n,
        prevTransactionHash: 5004662553919963644424290871405114141874858937459807107573057163129789400049n,
        prevTransactionLt: 46000000n,
        now: 1732922824,
        outMessagesCount: 0,
        oldStatus: 'active',
        endStatus: 'active',
        inMessage: { info: [Object], init: null, body: x{} },
        outMessages: Dictionary { _key: [Object], _value: [Object], _map: Map(0) {} },
        totalFees: { coins: 123600n },
        stateUpdate: {
          oldHash: <Buffer 3a d9 e2 9c c0 42 a8 bd 5c f7 2e e9 fe e0 36 a4 16 40 68 2f 07 2c 45 53 13 70 eb 4e 5d 6a 90 2b>,
          newHash: <Buffer b8 d6 6d 6f 9b 0b 66 04 b0 ae 30 9a ed 8b 7d 83 89 bf b6 7b 06 ed 07 5c a5 50 9a 6b 4f 06 55 75>
        },
        description: {
          type: 'generic',
          creditFirst: false,
          storagePhase: [Object],
          creditPhase: [Object],
          computePhase: [Object],
          actionPhase: [Object],
          bouncePhase: undefined,
          aborted: false,
          destroyed: false
        },
        raw: x{7E9F2F0D84B872955EA7531CD76AA1708C7F19E9781FF03939BD35BA547EE16340000000002DC6C000B1089E3456A0D5D6FFB57620A986DD0763320C2D43E2EC8F296DCB4C40CC3F10000000002BDE780674A4DC800014603C5A0}
         x{A_}
          x{6800A4BAF36B13E3AE770F28659A34B2D81F38859E8C08CF776F2BB4B44180438271003A7CBC3612E1CA557A9D4C735DAA85C231FC67A5E07FC0E4E6F4D6E951FB858D100E57FA880608235A0000000005204184CE949B904_}
         x{723AD9E29CC042A8BD5CF72EE9FEE036A41640682F072C45531370EB4E5D6A902BB8D66D6F9B0B6604B0AE309AED8B7D8389BFB67B06ED075CA5509A6B4F065575}
         x{040900E57FA898603C5A11_}
          x{4026AC092E1000000000000000000500000000000000000000000000000000000000000000000000000000000000000000000000000000000000000000000000000000000000000000000000000000}
          x{C00000000000000000000000012D452DA449E50B8CF7DD27861F146122AFE1B546BB8B70FC8216F0C614139F8E04_},
        hash: [Function: hash],
        blockchainLogs: '[ 4][t 0][2024-10-30 23:27:04.439000][transaction.cpp:443]\tunpacking account E9F2F0D84B872955EA7531CD76AA1708C7F19E9781FF03939BD35BA547EE1634\n' +
          '[ 4][t 0][2024-10-30 23:27:04.439000][transaction.cpp:274]\tlast_paid=1732922824; cells=6 bits=821 public_cells=0\n' +
          '[ 4][t 0][2024-10-30 23:27:04.439000][transaction.cpp:504]\tend of Account.unpack() for 0:E9F2F0D84B872955EA7531CD76AA1708C7F19E9781FF03939BD35BA547EE1634 (balance = 999999854616556ng ; last_trans_lt = 46000000..46000001)\n' +
          '[ 4][t 0][2024-10-30 23:27:04.439000][transaction.cpp:3655]\tblock random seed set to 0000000000000000000000000000000000000000000000000000000000000000\n' +
          '[ 4][t 0][2024-10-30 23:27:04.439000][transaction.cpp:1236]\tgas limits: max=1000000, limit=150404, credit=0\n' +
          '[ 4][t 0][2024-10-30 23:27:04.439000][transaction.cpp:1575]\tin_msg_state is null\n' +
          '[ 4][t 0][2024-10-30 23:27:04.439000][transaction.cpp:1645]\tcreating VM\n' +
          '[ 4][t 0][2024-10-30 23:27:04.439000][transaction.cpp:1351]\tSmartContractInfo initialized with [ 124711402 0 0 1732922824 48000000 48000000 60210483465141978598827679003117970236339845468170532052053411751718225576024 [ 999999914778254 (null) ] CS{Cell{0275c00e9f2f0d84b872955ea7531cd76aa1708c7f19e9781ff03939bd35ba547ee163420c80cd433a526e40000000000af79e05c0e35fa70707fb1340} bits: 1..268; refs: 0..0} C{A7EC01478F770EF8F8B037CC7E42F0ABF0D85A50E1828C2394DAD1411691F2DE} C{D992502B94EA96E7B34E5D62FFB0C6FC73D78B3E61F11F0848FB3A1EB1AFC912} [ 60161698 (null) ] 0 (null) [ CS{Cell{004dd06600000000000000000000000080000000000000fa00000000000001f4000000000003d09040} bits: 9..305; refs: 0..0} (null) CS{Cell{0094d1000000000000006400000000000f4240de000000002710000000000000000f42400000000002160ec0000000000000271000000000002625a00000000005f5e100000000003b9aca00} bits: 0..592; refs: 0..0} CS{Cell{0094d100000000000000640000000000009c40de000000000190000000000000000f424000000000000f4240000000000000271000000000009896800000000005f5e100000000003b9aca00} bits: 0..592; refs: 0..0} CS{Cell{0042ea000000000098968000000000271000000000000f424000000001800055555555} bits: 0..264; refs: 0..0} CS{Cell{0042ea0000000000061a800000000001900000000000009c4000000001800055555555} bits: 0..264; refs: 0..0} (null) ] 0 (null) ]\n' +
          '[ 4][t 0][2024-10-30 23:27:04.439000][transaction.cpp:1675]\tstarting VM\n' +
          '[ 4][t 0][2024-10-30 23:27:04.440000][transaction.cpp:1680]\tVM terminated with exit code 0\n' +
          '[ 3][t 0][2024-10-30 23:27:04.440000][transaction.cpp:1702]\tsteps: 5 gas: used=309, max=1000000, limit=150404, credit=0\n' +
          '[ 3][t 0][2024-10-30 23:27:04.440000][transaction.cpp:1704]\tout_of_gas=false, accepted=true, success=true, time=0.000017s\n' +
          '[ 4][t 0][2024-10-30 23:27:04.440000][transaction.cpp:1737]\tgas fees: 123600 = 26214400 * 309 /2^16 ; price=26214400; flat rate=[40000 for 100]; remaining balance=999999914654654ng\n',
        vmLogs: 'execute SETCP 0\n' +
          'execute DICTPUSHCONST 19 (xC_,1)\n' +
          'execute DICTIGETJMPZ\n' +
          'execute DROP\n' +
          'execute implicit RET\n',
        debugLogs: '',
        events: [],
        parent: {
          address: 37254810366437813475271750514734067285117962570475561289538093995582013161784n,
          lt: 43000000n,
          prevTransactionHash: 53992871237900308337631284911860432291655972983408765579128599762247525475941n,
          prevTransactionLt: 42000000n,
          now: 1732922824,
          outMessagesCount: 2,
          oldStatus: 'active',
          endStatus: 'active',
          inMessage: [Object],
          outMessages: [Dictionary],
          totalFees: [Object],
          stateUpdate: [Object],
          description: [Object],
          raw: x{7525D79B589F1D73B879432CD1A596C0F9C42CF460467BBB795DA5A20C021C13800000000029020C0775EE1D4E3916F59965B3D4A5143A46AA12A7B92D27BAA6BD85AB1FFF4522665000000000280DE80674A4DC800054750B3CC}
           x{E_}
            x{6801C25D36B535BEF92116226484A49D03E01E5050FFC3053F6C298C080280A4EEF90014975E6D627C75CEE1E50CB346965B03E710B3D18119EEEDE57696883008704E101119EF88060DFF5E0000000004C4B402CE949B90C_}
             x{2A004A0500000000000000010000000000000000000000000000000000000000000000000000000000000000400B75A3E1A6460F415CE3721F308920C4B456F3B977F39EB26CED9155308A976CC}
            x{DD_}
             x{2_}
              x{6800A4BAF36B13E3AE770F28659A34B2D81F38859E8C08CF776F2BB4B44180438271002DD68F8699183D05738DC87CC2248312D15BCEE5DFCE7AC9B3B64554C22A5DB312245CDC000608235A0000000005204182CE949B904_}
             x{2_}
              x{6800A4BAF36B13E3AE770F28659A34B2D81F38859E8C08CF776F2BB4B44180438271003A7CBC3612E1CA557A9D4C735DAA85C231FC67A5E07FC0E4E6F4D6E951FB858D100E57FA880608235A0000000005204184CE949B904_}
           x{7220B51BEE83E8C8D5939CD359ED43FDBD07E1C183D145BDA351E6AB45D72BD7A9F3C05AD57E1156F11AB5CBF52C4D17A78E908A07E5A55DC2C31F2756AB7520EE}
           x{040901119EF89874890811_}
            x{4D248C0AF1E00000000000000002E500000000000000000000000000000000000000000000000000000000000000000000000000000000000000000000000000000000000000000000000000000000}
            x{C9861A804C1046980000000000060002000000050E6F11A9BF912E05D84C7354F710791BEE2887124EE5E5E4B828D673F029A0EC40902C14_},
          hash: [Function: hash],
          blockchainLogs: '[ 4][t 0][2024-10-30 23:27:04.428000][transaction.cpp:443]\tunpacking account 525D79B589F1D73B879432CD1A596C0F9C42CF460467BBB795DA5A20C021C138\n' +
            '[ 4][t 0][2024-10-30 23:27:04.428000][transaction.cpp:274]\tlast_paid=1732922824; cells=231 bits=83982 public_cells=0\n' +
            '[ 4][t 0][2024-10-30 23:27:04.428000][transaction.cpp:504]\tend of Account.unpack() for 0:525D79B589F1D73B879432CD1A596C0F9C42CF460467BBB795DA5A20C021C138 (balance = 2402000000ng ; last_trans_lt = 42000000..42000003)\n' +
            '[ 4][t 0][2024-10-30 23:27:04.428000][transaction.cpp:3655]\tblock random seed set to 0000000000000000000000000000000000000000000000000000000000000000\n' +
            '[ 4][t 0][2024-10-30 23:27:04.428000][transaction.cpp:1236]\tgas limits: max=1000000, limit=179320, credit=0\n' +
            '[ 4][t 0][2024-10-30 23:27:04.428000][transaction.cpp:1575]\tin_msg_state is null\n' +
            '[ 4][t 0][2024-10-30 23:27:04.428000][transaction.cpp:1645]\tcreating VM\n' +
            '[ 4][t 0][2024-10-30 23:27:04.428000][transaction.cpp:1351]\tSmartContractInfo initialized with [ 124711402 0 0 1732922824 43000000 43000000 14068792954309835536948273256715513127174070948738620016199408580766834334284 [ 2473728098 (null) ] CS{Cell{0271c00525d79b589f1d73b879432cd1a596c0f9c42cf460467bbb795da5a20c021c1383cec05203833a526e40000000000a037a0d23cae7201340} bits: 1..268; refs: 0..0} C{A7EC01478F770EF8F8B037CC7E42F0ABF0D85A50E1828C2394DAD1411691F2DE} C{42B6F0E46484EFC57B9508F6BA7EF42E7512023D5CB4ED5628DD1C7755D16E9D} [ 71728098 (null) ] 0 (null) [ CS{Cell{004dd06600000000000000000000000080000000000000fa00000000000001f4000000000003d09040} bits: 9..305; refs: 0..0} (null) CS{Cell{0094d1000000000000006400000000000f4240de000000002710000000000000000f42400000000002160ec0000000000000271000000000002625a00000000005f5e100000000003b9aca00} bits: 0..592; refs: 0..0} CS{Cell{0094d100000000000000640000000000009c40de000000000190000000000000000f424000000000000f4240000000000000271000000000009896800000000005f5e100000000003b9aca00} bits: 0..592; refs: 0..0} CS{Cell{0042ea000000000098968000000000271000000000000f424000000001800055555555} bits: 0..264; refs: 0..0} CS{Cell{0042ea0000000000061a800000000001900000000000009c4000000001800055555555} bits: 0..264; refs: 0..0} (null) ] 0 (null) ]\n' +
            '[ 4][t 0][2024-10-30 23:27:04.428000][transaction.cpp:1675]\tstarting VM\n' +
            '[ 4][t 0][2024-10-30 23:27:04.429000][transaction.cpp:1680]\tVM terminated with exit code 0\n' +
            '[ 3][t 0][2024-10-30 23:27:04.429000][transaction.cpp:1702]\tsteps: 741 gas: used=26916, max=1000000, limit=179320, credit=0\n' +
            '[ 3][t 0][2024-10-30 23:27:04.429000][transaction.cpp:1704]\tout_of_gas=false, accepted=true, success=true, time=0.000947s\n' +
            '[ 4][t 0][2024-10-30 23:27:04.429000][transaction.cpp:1737]\tgas fees: 10766400 = 26214400 * 26916 /2^16 ; price=26214400; flat rate=[40000 for 100]; remaining balance=2462961698ng\n' +
            '[ 3][t 0][2024-10-30 23:27:04.429000][transaction.cpp:2678]\tin try_action_reserve_currency(0)\n' +
            '[ 4][t 0][2024-10-30 23:27:04.429000][transaction.cpp:2684]\taction_reserve_currency: mode=0, reserve=102000000ng, balance=2462961698ng, original balance=2402000000ng\n' +
            '[ 3][t 0][2024-10-30 23:27:04.429000][transaction.cpp:2729]\tchanged remaining balance to 2360961698ng, reserved balance to 102000000ng\n' +
            '[ 4][t 0][2024-10-30 23:27:04.429000][transaction.cpp:2448]\tstorage paid for a message: 0 cells, 0 bits\n' +
            '[ 4][t 0][2024-10-30 23:27:04.429000][transaction.cpp:2452]\tcomputed fwd fees = 400000 + 0\n' +
            '[ 4][t 0][2024-10-30 23:27:04.429000][transaction.cpp:2448]\tstorage paid for a message: 0 cells, 0 bits\n' +
            '[ 4][t 0][2024-10-30 23:27:04.429000][transaction.cpp:2452]\tcomputed fwd fees = 400000 + 0\n',
          vmLogs: 'xecute EQUAL\n' +
            'execute THROWIF 137\n' +
            'execute PUSHPOW2 10\n' +
            'execute EQUAL\n' +
            'execute THROWIFNOT 136\n' +
            'execute STSLICER\n' +
            'execute ENDC\n' +
            'execute ROT\n' +
            'execute STREF\n' +
            'execute ENDC\n' +
            'execute SWAP\n' +
            'execute STREF\n' +
            'execute implicit RET\n' +
            'execute ENDC\n' +
            'execute POP c4\n' +
            'execute implicit RET\n',
          debugLogs: '',
          events: [Array],
          parent: [Object],
          children: [Array],
          externals: []
        },
        children: [],
        externals: []
      }
    ]

      at proceedDeal (tests/MarketTon.spec.ts:2082:17)

  console.log
    [
      {
        type: 'message_sent',
        from: EQDp8vDYS4cpVep1Mc12qhcIx_Gel4H_A5Ob01ulR-4WNMml,
        to: EQBSXXm1ifHXO4eUMs0aWWwPnELPRgRnu7eV2logwCHBOBBt,
        value: 1000000000n,
        body: x{E9626FBA000000000000000000000000}
         x{03DF94AA22417D78400000001937A3FD5404_}
         x{03DF94AA23405F5E100000001937A3FD5404_},
        bounced: false
      },
      {
        type: 'message_sent',
        from: EQBSXXm1ifHXO4eUMs0aWWwPnELPRgRnu7eV2logwCHBOBBt,
        to: EQASWIYDJyUJTnnETBq5ZC_hy_G_TXfbJcNF3b56jIC81Pj2,
        value: 982832130n,
        body: x{03DF94AA000000000000000022417D78400000001937A3FD54011A02FAF080000000C9BD1FEAA02_}
         x{},
        bounced: false
      },
      {
        type: 'message_sent',
        from: EQASWIYDJyUJTnnETBq5ZC_hy_G_TXfbJcNF3b56jIC81Pj2,
        to: EQBSXXm1ifHXO4eUMs0aWWwPnELPRgRnu7eV2logwCHBOBBt,
        value: 978464130n,
        body: x{935FA9D10000000000000000}
         x{00000000000000000000000000000000000000000000000000000000000000220000000000000000000000000000000000000000000000000000000017D7840001937A3FD540}
         x{00000000000000000000000000000000000000000000000000000000000000230000000000000000000000000000000000000000000000000000000005F5E10001937A3FD540},
        bounced: false
      },
      {
        type: 'message_sent',
        from: EQBSXXm1ifHXO4eUMs0aWWwPnELPRgRnu7eV2logwCHBOBBt,
        to: EQC50kw8CkUnsCDgJcqVYTHF61CBKRFXwl_Xlh3y0DobarlX,
        value: 966132530n,
        body: x{E601F8E50000000000000000},
        bounced: false
      },
      {
        type: 'message_sent',
        from: EQC50kw8CkUnsCDgJcqVYTHF61CBKRFXwl_Xlh3y0DobarlX,
        to: EQBSXXm1ifHXO4eUMs0aWWwPnELPRgRnu7eV2logwCHBOBBt,
        value: 960888382n,
        body: x{B687AB17000000000000000000000000}
         x{02208F0D180208F0D180217D78400200E4E1C0247868C00339160643395FDA43391606433A526E400000000800000004_}
          x{801028CD38D6A9FB165BB1D27554DCBBC8B7A064E07EF4C3832956828113614F545_},
        bounced: false
      },
      {
        type: 'message_sent',
        from: EQBSXXm1ifHXO4eUMs0aWWwPnELPRgRnu7eV2logwCHBOBBt,
        to: EQB8zyeA4NPhsLaAWbQISwSmjIdCNXRcbQIB1i89IhjxNhei,
        value: 67521600n,
        body: x{BC26F4C80000000000000000},
        bounced: false
      },
      {
        type: 'message_sent',
        from: EQBSXXm1ifHXO4eUMs0aWWwPnELPRgRnu7eV2logwCHBOBBt,
        to: EQDhLptamt98kIsRMkJSToHwDygof-GCn7YUxgQBQFJ3fLZb,
        value: 67521600n,
        body: x{BC26F4C80000000000000001},
        bounced: false
      },
      {
        type: 'message_sent',
        from: EQBSXXm1ifHXO4eUMs0aWWwPnELPRgRnu7eV2logwCHBOBBt,
        to: EQC50kw8CkUnsCDgJcqVYTHF61CBKRFXwl_Xlh3y0DobarlX,
        value: 791206382n,
        body: x{B8A3AA140000000000000000801D3E5E1B0970E52ABD4EA639AED542E118FE33D2F03FE072737A6B74A8FDC2C69_},
        bounced: false
      },
      {
        type: 'message_sent',
        from: EQB8zyeA4NPhsLaAWbQISwSmjIdCNXRcbQIB1i89IhjxNhei,
        to: EQBSXXm1ifHXO4eUMs0aWWwPnELPRgRnu7eV2logwCHBOBBt,
        value: 71728098n,
        body: x{2A004A0500000000000000000000000000000000000000000000000000000000000000000000000000000000C00814669C6B54FD8B2DD8E93AAA6E5DE45BD032703F7A61C194AB414089B0A7AA2},
        bounced: false
      },
      {
        type: 'message_sent',
        from: EQDhLptamt98kIsRMkJSToHwDygof-GCn7YUxgQBQFJ3fLZb,
        to: EQBSXXm1ifHXO4eUMs0aWWwPnELPRgRnu7eV2logwCHBOBBt,
        value: 71728098n,
        body: x{2A004A0500000000000000010000000000000000000000000000000000000000000000000000000000000000400B75A3E1A6460F415CE3721F308920C4B456F3B977F39EB26CED9155308A976CC},
        bounced: false
      },
      {
        type: 'message_sent',
        from: EQC50kw8CkUnsCDgJcqVYTHF61CBKRFXwl_Xlh3y0DobarlX,
        to: EQDp8vDYS4cpVep1Mc12qhcIx_Gel4H_A5Ob01ulR-4WNMml,
        value: 797407582n,
        body: x{},
        bounced: false
      },
      {
        type: 'account_destroyed',
        account: EQC50kw8CkUnsCDgJcqVYTHF61CBKRFXwl_Xlh3y0DobarlX
      },
      {
        type: 'message_sent',
        from: EQBSXXm1ifHXO4eUMs0aWWwPnELPRgRnu7eV2logwCHBOBBt,
        to: EQCBRmnGtU_Yst2Ok6qm5d5FvQMnA_emHBlKtBQImwp6oicf,
        value: 2498000000n,
        body: x{},
        bounced: false
      },
      {
        type: 'message_sent',
        from: EQBSXXm1ifHXO4eUMs0aWWwPnELPRgRnu7eV2logwCHBOBBt,
        to: EQDp8vDYS4cpVep1Mc12qhcIx_Gel4H_A5Ob01ulR-4WNMml,
        value: 59871698n,
        body: x{},
        bounced: false
      },
      {
        type: 'message_sent',
        from: EQBSXXm1ifHXO4eUMs0aWWwPnELPRgRnu7eV2logwCHBOBBt,
        to: EQC3Wj4aZGD0Fc43IfMIkgxLRW87l3856ybO2RVTCKl2zDIR,
        value: 2300000000n,
        body: x{},
        bounced: false
      },
      {
        type: 'message_sent',
        from: EQBSXXm1ifHXO4eUMs0aWWwPnELPRgRnu7eV2logwCHBOBBt,
        to: EQDp8vDYS4cpVep1Mc12qhcIx_Gel4H_A5Ob01ulR-4WNMml,
        value: 60161698n,
        body: x{},
        bounced: false
      }
    ]

      at proceedDeal (tests/MarketTon.spec.ts:2083:17)

  console.log
    User fee :-0.085345346

      at proceedDeal (tests/MarketTon.spec.ts:2086:17)

  console.log
    User fee :-0.035626

      at createDeal (tests/MarketTon.spec.ts:1954:17)

  console.log
    User fee :-0.119416

      at takeDeal (tests/MarketTon.spec.ts:2019:17)

  console.log
    [
      {
        address: 105818132960003171416304597453717637701794574747475969910003481004036112389684n,
        lt: 33000000n,
        prevTransactionHash: 37866056593020153084681010430190058650536176812007838626994524442911258856432n,
        prevTransactionLt: 9000000n,
        now: 1732922824,
        outMessagesCount: 1,
        oldStatus: 'active',
        endStatus: 'active',
        inMessage: {
          info: [Object],
          init: null,
          body: x{579378ED124D4474AEAC829C138B5598B5168CF79FD305630FA5D54299276449C_}
           x{D001}
            x{6200292EBCDAC4F8EB9DC3CA19668D2CB607CE2167A30233DDDBCAED2D106010E09C21DCD6500000000000000000000000000000E9626FBA000000000000000000000000}
             x{03DF94AA2240BEBC200000001937A3FD5404_}
             x{03DF94AA23405F5E100000001937A3FD5404_}
        },
        outMessages: Dictionary { _key: [Object], _value: [Object], _map: [Map] },
        totalFees: { coins: 2020320n },
        stateUpdate: {
          oldHash: <Buffer 22 28 58 5c 4b a9 57 b4 6c 84 9b b8 31 27 ca ca 01 29 71 b3 83 e9 28 8e b4 25 8c 48 73 70 0d f1>,
          newHash: <Buffer 23 31 db a1 dc 1e b2 75 c8 7a ef dd a1 d9 72 dd 2d e2 c9 46 ec df 78 39 7b 3d 7c 1a 57 8a d8 3b>
        },
        description: {
          type: 'generic',
          creditFirst: true,
          storagePhase: [Object],
          creditPhase: undefined,
          computePhase: [Object],
          actionPhase: [Object],
          bouncePhase: undefined,
          aborted: false,
          destroyed: false
        },
        raw: x{7E9F2F0D84B872955EA7531CD76AA1708C7F19E9781FF03939BD35BA547EE16340000000001F78A4053B76DB42BCC1E7BB425943549B7CA6FA36BABC2FD4FC2D3D5A025614A164BF00000000000895440674A4DC80003463DA7C0}
         x{E_}
          x{8801D3E5E1B0970E52ABD4EA639AED542E118FE33D2F03FE072737A6B74A8FDC2C6802BC9BC768926A23A5756414E09C5AACC5A8B467BCFE982B187D2EAA14C93B224E_}
           x{D001}
            x{6200292EBCDAC4F8EB9DC3CA19668D2CB607CE2167A30233DDDBCAED2D106010E09C21DCD6500000000000000000000000000000E9626FBA000000000000000000000000}
             x{03DF94AA2240BEBC200000001937A3FD5404_}
             x{03DF94AA23405F5E100000001937A3FD5404_}
          x{DF_}
           x{6801D3E5E1B0970E52ABD4EA639AED542E118FE33D2F03FE072737A6B74A8FDC2C690014975E6D627C75CEE1E50CB346965B03E710B3D18119EEEDE57696883008704E10EE6B2800060C0F880000000003EF1482CE949B9074B137DD0000000000000000000000004_}
            x{03DF94AA2240BEBC200000001937A3FD5404_}
            x{03DF94AA23405F5E100000001937A3FD5404_}
         x{722228585C4BA957B46C849BB83127CACA012971B383E9288EB4258C4873700DF12331DBA1DC1EB275C87AEFDDA1D972DD2DE2C946ECDF78397B3D7C1A578AD83B}
         x{0CC0939506185E94844_}
          x{40F223138800000000000000000C800000000000000000000000000000000000000000000000000000000000000000000000000000000000000000000000000000000000000000000000000000002_}
          x{C98485D04C0C0F700000000000020000000000026EA547963ED1D8E9F1B325D1C9DA23AD73DA798C69A227D58A6D09EF09A4F1EE40D022DC_},
        hash: [Function: hash],
        blockchainLogs: '[ 4][t 0][2024-10-30 23:27:04.966000][transaction.cpp:443]\tunpacking account E9F2F0D84B872955EA7531CD76AA1708C7F19E9781FF03939BD35BA547EE1634\n' +
          '[ 4][t 0][2024-10-30 23:27:04.966000][transaction.cpp:274]\tlast_paid=1730330824; cells=6 bits=821 public_cells=0\n' +
          '[ 4][t 0][2024-10-30 23:27:04.966000][transaction.cpp:504]\tend of Account.unpack() for 0:E9F2F0D84B872955EA7531CD76AA1708C7F19E9781FF03939BD35BA547EE1634 (balance = 1000000000000000ng ; last_trans_lt = 9000000..9000001)\n' +
          '[ 4][t 0][2024-10-30 23:27:04.966000][transaction.cpp:3655]\tblock random seed set to 0000000000000000000000000000000000000000000000000000000000000000\n' +
          '[ 4][t 0][2024-10-30 23:27:04.966000][transaction.cpp:788]\tstorage paid for a message: 4 cells, 842 bits\n' +
          '[ 4][t 0][2024-10-30 23:27:04.966000][transaction.cpp:802]\tcomputed fwd fees = 896800 + 0\n' +
          '[ 4][t 0][2024-10-30 23:27:04.966000][transaction.cpp:1236]\tgas limits: max=1000000, limit=0, credit=10000\n' +
          '[ 4][t 0][2024-10-30 23:27:04.966000][transaction.cpp:1575]\tin_msg_state is null\n' +
          '[ 4][t 0][2024-10-30 23:27:04.966000][transaction.cpp:1645]\tcreating VM\n' +
          '[ 4][t 0][2024-10-30 23:27:04.966000][transaction.cpp:1351]\tSmartContractInfo initialized with [ 124711402 0 0 1732922824 33000000 33000000 60210483465141978598827679003117970236339845468170532052053411751718225576024 [ 999999998952076 (null) ] CS{Cell{0275c00e9f2f0d84b872955ea7531cd76aa1708c7f19e9781ff03939bd35ba547ee163420c80cd43391606400000000002255105c0e35fa931a0001340} bits: 1..268; refs: 0..0} C{A7EC01478F770EF8F8B037CC7E42F0ABF0D85A50E1828C2394DAD1411691F2DE} C{D992502B94EA96E7B34E5D62FFB0C6FC73D78B3E61F11F0848FB3A1EB1AFC912} [ 0 (null) ] 151124 (null) [ CS{Cell{004dd06600000000000000000000000080000000000000fa00000000000001f4000000000003d09040} bits: 9..305; refs: 0..0} (null) CS{Cell{0094d1000000000000006400000000000f4240de000000002710000000000000000f42400000000002160ec0000000000000271000000000002625a00000000005f5e100000000003b9aca00} bits: 0..592; refs: 0..0} CS{Cell{0094d100000000000000640000000000009c40de000000000190000000000000000f424000000000000f4240000000000000271000000000009896800000000005f5e100000000003b9aca00} bits: 0..592; refs: 0..0} CS{Cell{0042ea000000000098968000000000271000000000000f424000000001800055555555} bits: 0..264; refs: 0..0} CS{Cell{0042ea0000000000061a800000000001900000000000009c4000000001800055555555} bits: 0..264; refs: 0..0} (null) ] 0 (null) ]\n' +
          '[ 4][t 0][2024-10-30 23:27:04.966000][transaction.cpp:1675]\tstarting VM\n' +
          '[ 4][t 0][2024-10-30 23:27:04.967000][transaction.cpp:1680]\tVM terminated with exit code 0\n' +
          '[ 3][t 0][2024-10-30 23:27:04.967000][transaction.cpp:1702]\tsteps: 50 gas: used=1937, max=1000000, limit=1000000, credit=0\n' +
          '[ 3][t 0][2024-10-30 23:27:04.967000][transaction.cpp:1704]\tout_of_gas=false, accepted=true, success=true, time=0.000108s\n' +
          '[ 4][t 0][2024-10-30 23:27:04.967000][transaction.cpp:1737]\tgas fees: 774800 = 26214400 * 1937 /2^16 ; price=26214400; flat rate=[40000 for 100]; remaining balance=999999998177276ng\n' +
          '[ 4][t 0][2024-10-30 23:27:04.967000][transaction.cpp:2448]\tstorage paid for a message: 2 cells, 282 bits\n' +
          '[ 4][t 0][2024-10-30 23:27:04.967000][transaction.cpp:2452]\tcomputed fwd fees = 592800 + 0\n',
        vmLogs: 'ULLSWAPIFNOT2\n' +
          'execute DUP\n' +
          'execute PUSHCONT x02D307D43001FB00\n' +
          'execute PUSHCONT x32\n' +
          'execute IFELSE\n' +
          'execute POP s2\n' +
          'execute implicit RET\n' +
          'execute SWAP\n' +
          'execute NOT\n' +
          'execute implicit RET\n' +
          'until loop body end\n' +
          'until loop terminated\n' +
          'execute 2DROP\n' +
          'execute implicit RET\n',
        debugLogs: '',
        events: [ [Object] ],
        parent: undefined,
        children: [ [Object] ],
        externals: []
      },
      {
        address: 37254810366437813475271750514734067285117962570475561289538093995582013161784n,
        lt: 34000000n,
        prevTransactionHash: 97217432454106262464802102914253932950070699317461591089977828651170683809226n,
        prevTransactionLt: 25000000n,
        now: 1732922824,
        outMessagesCount: 1,
        oldStatus: 'active',
        endStatus: 'active',
        inMessage: {
          info: [Object],
          init: null,
          body: x{E9626FBA000000000000000000000000}
           x{03DF94AA2240BEBC200000001937A3FD5404_}
           x{03DF94AA23405F5E100000001937A3FD5404_}
        },
        outMessages: Dictionary { _key: [Object], _value: [Object], _map: [Map] },
        totalFees: { coins: 16763500n },
        stateUpdate: {
          oldHash: <Buffer 63 e3 5d 70 be 8d 7c 65 1b 3c b3 06 34 d9 ab 78 0d 2e 6a a0 0c 29 4d a4 db f8 48 ee 98 90 2e d9>,
          newHash: <Buffer 06 eb b5 be 3b 69 75 92 5c e6 f3 33 49 5c 42 84 44 e1 cf 35 12 b8 a4 00 6c f2 f4 35 e7 90 eb d4>
        },
        description: {
          type: 'generic',
          creditFirst: false,
          storagePhase: [Object],
          creditPhase: [Object],
          computePhase: [Object],
          actionPhase: [Object],
          bouncePhase: undefined,
          aborted: false,
          destroyed: false
        },
        raw: x{7525D79B589F1D73B879432CD1A596C0F9C42CF460467BBB795DA5A20C021C138000000000206CC80D6EF1DE820CB15D841B67486B723500CCFEED49A791DFFA8350F86496095EDCA00000000017D7840674A4DC8000347FF94D8}
         x{E_}
          x{6801D3E5E1B0970E52ABD4EA639AED542E118FE33D2F03FE072737A6B74A8FDC2C690014975E6D627C75CEE1E50CB346965B03E710B3D18119EEEDE57696883008704E10EE6B2800060C0F880000000003EF1482CE949B9074B137DD0000000000000000000000004_}
           x{03DF94AA2240BEBC200000001937A3FD5404_}
           x{03DF94AA23405F5E100000001937A3FD5404_}
          x{DF_}
           x{6800A4BAF36B13E3AE770F28659A34B2D81F38859E8C08CF776F2BB4B441804382710004962180C9C942539E711306AE590BF872FC6FD35DF6C970D1776F9EA3202F3510EA5359EC060C523200000000040D9902CE949B90C_}
            x{03DF94AA00000000000000002240BEBC200000001937A3FD54011A02FAF080000000C9BD1FEAA02_}
             x{}
         x{7263E35D70BE8D7C651B3CB30634D9AB780D2E6AA00C294DA4DBF848EE98902ED906EBB5BE3B6975925CE6F333495C428444E1CF3512B8A4006CF2F435E790EBD4}
         x{04DDDA39490EE6B2801870A9A011_}
          x{4AAA0C3D090000000000000000025500000000000000000000000000000000000000000000000000000000000000000000000000000000000000000000000000000000000000000000000000000000}
          x{C9849ED04C0C521C0000000000040002000000028F3811980228EAD81109CD640A15E5BE950B01D000F064A012CD32E3E417216C40D01FDC_},
        hash: [Function: hash],
        blockchainLogs: '[ 4][t 0][2024-10-30 23:27:04.969000][transaction.cpp:443]\tunpacking account 525D79B589F1D73B879432CD1A596C0F9C42CF460467BBB795DA5A20C021C138\n' +
          '[ 4][t 0][2024-10-30 23:27:04.969000][transaction.cpp:274]\tlast_paid=1730330824; cells=229 bits=83363 public_cells=0\n' +
          '[ 4][t 0][2024-10-30 23:27:04.969000][transaction.cpp:504]\tend of Account.unpack() for 0:525D79B589F1D73B879432CD1A596C0F9C42CF460467BBB795DA5A20C021C138 (balance = 3100000000ng ; last_trans_lt = 25000000..25000006)\n' +
          '[ 4][t 0][2024-10-30 23:27:04.969000][transaction.cpp:3655]\tblock random seed set to 0000000000000000000000000000000000000000000000000000000000000000\n' +
          '[ 4][t 0][2024-10-30 23:27:04.969000][transaction.cpp:1236]\tgas limits: max=1000000, limit=1000000, credit=0\n' +
          '[ 4][t 0][2024-10-30 23:27:04.969000][transaction.cpp:1575]\tin_msg_state is null\n' +
          '[ 4][t 0][2024-10-30 23:27:04.969000][transaction.cpp:1645]\tcreating VM\n' +
          '[ 4][t 0][2024-10-30 23:27:04.969000][transaction.cpp:1351]\tSmartContractInfo initialized with [ 124711402 0 0 1732922824 34000000 34000000 14068792954309835536948273256715513127174070948738620016199408580766834334284 [ 4092174363 (null) ] CS{Cell{0271c00525d79b589f1d73b879432cd1a596c0f9c42cf460467bbb795da5a20c021c1383cac05168c3391606400000000005f5e1192e318fc01340} bits: 1..268; refs: 0..0} C{A7EC01478F770EF8F8B037CC7E42F0ABF0D85A50E1828C2394DAD1411691F2DE} C{42B6F0E46484EFC57B9508F6BA7EF42E7512023D5CB4ED5628DD1C7755D16E9D} [ 1000000000 (null) ] 7825637 (null) [ CS{Cell{004dd06600000000000000000000000080000000000000fa00000000000001f4000000000003d09040} bits: 9..305; refs: 0..0} (null) CS{Cell{0094d1000000000000006400000000000f4240de000000002710000000000000000f42400000000002160ec0000000000000271000000000002625a00000000005f5e100000000003b9aca00} bits: 0..592; refs: 0..0} CS{Cell{0094d100000000000000640000000000009c40de000000000190000000000000000f424000000000000f4240000000000000271000000000009896800000000005f5e100000000003b9aca00} bits: 0..592; refs: 0..0} CS{Cell{0042ea000000000098968000000000271000000000000f424000000001800055555555} bits: 0..264; refs: 0..0} CS{Cell{0042ea0000000000061a800000000001900000000000009c4000000001800055555555} bits: 0..264; refs: 0..0} (null) ] 0 (null) ]\n' +
          '[ 4][t 0][2024-10-30 23:27:04.969000][transaction.cpp:1675]\tstarting VM\n' +
          '[ 4][t 0][2024-10-30 23:27:04.970000][transaction.cpp:1680]\tVM terminated with exit code 0\n' +
          '[ 3][t 0][2024-10-30 23:27:04.970000][transaction.cpp:1702]\tsteps: 597 gas: used=21840, max=1000000, limit=1000000, credit=0\n' +
          '[ 3][t 0][2024-10-30 23:27:04.970000][transaction.cpp:1704]\tout_of_gas=false, accepted=true, success=true, time=0.000755s\n' +
          '[ 4][t 0][2024-10-30 23:27:04.970000][transaction.cpp:1737]\tgas fees: 8736000 = 26214400 * 21840 /2^16 ; price=26214400; flat rate=[40000 for 100]; remaining balance=4083438363ng\n' +
          '[ 3][t 0][2024-10-30 23:27:04.970000][transaction.cpp:2678]\tin try_action_reserve_currency(0)\n' +
          '[ 4][t 0][2024-10-30 23:27:04.970000][transaction.cpp:2684]\taction_reserve_currency: mode=0, reserve=3100000000ng, balance=4083438363ng, original balance=3092174363ng\n' +
          '[ 3][t 0][2024-10-30 23:27:04.970000][transaction.cpp:2729]\tchanged remaining balance to 983438363ng, reserved balance to 3100000000ng\n' +
          '[ 4][t 0][2024-10-30 23:27:04.970000][transaction.cpp:2448]\tstorage paid for a message: 2 cells, 314 bits\n' +
          '[ 4][t 0][2024-10-30 23:27:04.970000][transaction.cpp:2452]\tcomputed fwd fees = 605600 + 0\n',
        vmLogs: 'xecute EQUAL\n' +
          'execute THROWIF 137\n' +
          'execute PUSHPOW2 10\n' +
          'execute EQUAL\n' +
          'execute THROWIFNOT 136\n' +
          'execute STSLICER\n' +
          'execute ENDC\n' +
          'execute ROT\n' +
          'execute STREF\n' +
          'execute ENDC\n' +
          'execute SWAP\n' +
          'execute STREF\n' +
          'execute implicit RET\n' +
          'execute ENDC\n' +
          'execute POP c4\n' +
          'execute implicit RET\n',
        debugLogs: '',
        events: [ [Object] ],
        parent: {
          address: 105818132960003171416304597453717637701794574747475969910003481004036112389684n,
          lt: 33000000n,
          prevTransactionHash: 37866056593020153084681010430190058650536176812007838626994524442911258856432n,
          prevTransactionLt: 9000000n,
          now: 1732922824,
          outMessagesCount: 1,
          oldStatus: 'active',
          endStatus: 'active',
          inMessage: [Object],
          outMessages: [Dictionary],
          totalFees: [Object],
          stateUpdate: [Object],
          description: [Object],
          raw: x{7E9F2F0D84B872955EA7531CD76AA1708C7F19E9781FF03939BD35BA547EE16340000000001F78A4053B76DB42BCC1E7BB425943549B7CA6FA36BABC2FD4FC2D3D5A025614A164BF00000000000895440674A4DC80003463DA7C0}
           x{E_}
            x{8801D3E5E1B0970E52ABD4EA639AED542E118FE33D2F03FE072737A6B74A8FDC2C6802BC9BC768926A23A5756414E09C5AACC5A8B467BCFE982B187D2EAA14C93B224E_}
             x{D001}
              x{6200292EBCDAC4F8EB9DC3CA19668D2CB607CE2167A30233DDDBCAED2D106010E09C21DCD6500000000000000000000000000000E9626FBA000000000000000000000000}
               x{03DF94AA2240BEBC200000001937A3FD5404_}
               x{03DF94AA23405F5E100000001937A3FD5404_}
            x{DF_}
             x{6801D3E5E1B0970E52ABD4EA639AED542E118FE33D2F03FE072737A6B74A8FDC2C690014975E6D627C75CEE1E50CB346965B03E710B3D18119EEEDE57696883008704E10EE6B2800060C0F880000000003EF1482CE949B9074B137DD0000000000000000000000004_}
              x{03DF94AA2240BEBC200000001937A3FD5404_}
              x{03DF94AA23405F5E100000001937A3FD5404_}
           x{722228585C4BA957B46C849BB83127CACA012971B383E9288EB4258C4873700DF12331DBA1DC1EB275C87AEFDDA1D972DD2DE2C946ECDF78397B3D7C1A578AD83B}
           x{0CC0939506185E94844_}
            x{40F223138800000000000000000C800000000000000000000000000000000000000000000000000000000000000000000000000000000000000000000000000000000000000000000000000000002_}
            x{C98485D04C0C0F700000000000020000000000026EA547963ED1D8E9F1B325D1C9DA23AD73DA798C69A227D58A6D09EF09A4F1EE40D022DC_},
          hash: [Function: hash],
          blockchainLogs: '[ 4][t 0][2024-10-30 23:27:04.966000][transaction.cpp:443]\tunpacking account E9F2F0D84B872955EA7531CD76AA1708C7F19E9781FF03939BD35BA547EE1634\n' +
            '[ 4][t 0][2024-10-30 23:27:04.966000][transaction.cpp:274]\tlast_paid=1730330824; cells=6 bits=821 public_cells=0\n' +
            '[ 4][t 0][2024-10-30 23:27:04.966000][transaction.cpp:504]\tend of Account.unpack() for 0:E9F2F0D84B872955EA7531CD76AA1708C7F19E9781FF03939BD35BA547EE1634 (balance = 1000000000000000ng ; last_trans_lt = 9000000..9000001)\n' +
            '[ 4][t 0][2024-10-30 23:27:04.966000][transaction.cpp:3655]\tblock random seed set to 0000000000000000000000000000000000000000000000000000000000000000\n' +
            '[ 4][t 0][2024-10-30 23:27:04.966000][transaction.cpp:788]\tstorage paid for a message: 4 cells, 842 bits\n' +
            '[ 4][t 0][2024-10-30 23:27:04.966000][transaction.cpp:802]\tcomputed fwd fees = 896800 + 0\n' +
            '[ 4][t 0][2024-10-30 23:27:04.966000][transaction.cpp:1236]\tgas limits: max=1000000, limit=0, credit=10000\n' +
            '[ 4][t 0][2024-10-30 23:27:04.966000][transaction.cpp:1575]\tin_msg_state is null\n' +
            '[ 4][t 0][2024-10-30 23:27:04.966000][transaction.cpp:1645]\tcreating VM\n' +
            '[ 4][t 0][2024-10-30 23:27:04.966000][transaction.cpp:1351]\tSmartContractInfo initialized with [ 124711402 0 0 1732922824 33000000 33000000 60210483465141978598827679003117970236339845468170532052053411751718225576024 [ 999999998952076 (null) ] CS{Cell{0275c00e9f2f0d84b872955ea7531cd76aa1708c7f19e9781ff03939bd35ba547ee163420c80cd43391606400000000002255105c0e35fa931a0001340} bits: 1..268; refs: 0..0} C{A7EC01478F770EF8F8B037CC7E42F0ABF0D85A50E1828C2394DAD1411691F2DE} C{D992502B94EA96E7B34E5D62FFB0C6FC73D78B3E61F11F0848FB3A1EB1AFC912} [ 0 (null) ] 151124 (null) [ CS{Cell{004dd06600000000000000000000000080000000000000fa00000000000001f4000000000003d09040} bits: 9..305; refs: 0..0} (null) CS{Cell{0094d1000000000000006400000000000f4240de000000002710000000000000000f42400000000002160ec0000000000000271000000000002625a00000000005f5e100000000003b9aca00} bits: 0..592; refs: 0..0} CS{Cell{0094d100000000000000640000000000009c40de000000000190000000000000000f424000000000000f4240000000000000271000000000009896800000000005f5e100000000003b9aca00} bits: 0..592; refs: 0..0} CS{Cell{0042ea000000000098968000000000271000000000000f424000000001800055555555} bits: 0..264; refs: 0..0} CS{Cell{0042ea0000000000061a800000000001900000000000009c4000000001800055555555} bits: 0..264; refs: 0..0} (null) ] 0 (null) ]\n' +
            '[ 4][t 0][2024-10-30 23:27:04.966000][transaction.cpp:1675]\tstarting VM\n' +
            '[ 4][t 0][2024-10-30 23:27:04.967000][transaction.cpp:1680]\tVM terminated with exit code 0\n' +
            '[ 3][t 0][2024-10-30 23:27:04.967000][transaction.cpp:1702]\tsteps: 50 gas: used=1937, max=1000000, limit=1000000, credit=0\n' +
            '[ 3][t 0][2024-10-30 23:27:04.967000][transaction.cpp:1704]\tout_of_gas=false, accepted=true, success=true, time=0.000108s\n' +
            '[ 4][t 0][2024-10-30 23:27:04.967000][transaction.cpp:1737]\tgas fees: 774800 = 26214400 * 1937 /2^16 ; price=26214400; flat rate=[40000 for 100]; remaining balance=999999998177276ng\n' +
            '[ 4][t 0][2024-10-30 23:27:04.967000][transaction.cpp:2448]\tstorage paid for a message: 2 cells, 282 bits\n' +
            '[ 4][t 0][2024-10-30 23:27:04.967000][transaction.cpp:2452]\tcomputed fwd fees = 592800 + 0\n',
          vmLogs: 'ULLSWAPIFNOT2\n' +
            'execute DUP\n' +
            'execute PUSHCONT x02D307D43001FB00\n' +
            'execute PUSHCONT x32\n' +
            'execute IFELSE\n' +
            'execute POP s2\n' +
            'execute implicit RET\n' +
            'execute SWAP\n' +
            'execute NOT\n' +
            'execute implicit RET\n' +
            'until loop body end\n' +
            'until loop terminated\n' +
            'execute 2DROP\n' +
            'execute implicit RET\n',
          debugLogs: '',
          events: [Array],
          parent: undefined,
          children: [Array],
          externals: []
        },
        children: [ [Object] ],
        externals: []
      },
      {
        address: 8298038735212017995993598744482915721429218553349686891340117237129977838804n,
        lt: 35000000n,
        prevTransactionHash: 18116439156391842938113655014164777640690372271580194184606271430189183732694n,
        prevTransactionLt: 22000000n,
        now: 1732922824,
        outMessagesCount: 1,
        oldStatus: 'active',
        endStatus: 'active',
        inMessage: {
          info: [Object],
          init: null,
          body: x{03DF94AA00000000000000002240BEBC200000001937A3FD54011A02FAF080000000C9BD1FEAA02_}
           x{}
        },
        outMessages: Dictionary { _key: [Object], _value: [Object], _map: [Map] },
        totalFees: { coins: 3697061n },
        stateUpdate: {
          oldHash: <Buffer a6 3c 08 90 53 f7 bb 22 3e 25 89 0b fd 64 fe be 1f 91 fa f3 12 3f 69 d6 6d 6e b3 7e 04 67 6f 6f>,
          newHash: <Buffer a0 14 0d 2c f6 91 67 f9 f8 72 77 87 57 a1 cd 19 13 dd b6 8e 74 e0 cb ad dc bd ad b7 b4 df 1f 53>
        },
        description: {
          type: 'generic',
          creditFirst: false,
          storagePhase: [Object],
          creditPhase: [Object],
          computePhase: [Object],
          actionPhase: [Object],
          bouncePhase: undefined,
          aborted: false,
          destroyed: false
        },
        raw: x{7125886032725094E79C44C1AB9642FE1CBF1BF4D77DB25C345DDBE7A8C80BCD40000000002160EC0280D8A8B79744936E6ABE86FAA07413DF4CF086CC8523212C2982C834B550BD600000000014FB180674A4DC800034670D34A}
         x{E_}
          x{6800A4BAF36B13E3AE770F28659A34B2D81F38859E8C08CF776F2BB4B441804382710004962180C9C942539E711306AE590BF872FC6FD35DF6C970D1776F9EA3202F3510EA5359EC060C523200000000040D9902CE949B9001EFCA55000000000000000011205F5E100000000C9BD1FEAA008D017D784000000064DE8FF5501_}
           x{}
          x{DF_}
           x{680024B10C064E4A129CF388983572C85FC397E37E9AEFB64B868BBB7CF5190179A90014975E6D627C75CEE1E50CB346965B03E710B3D18119EEEDE57696883008704E10E948BFEC061479B600000000042C1D82CE949B90C_}
            x{935FA9D10000000000000000}
             x{0000000000000000000000000000000000000000000000000000000000000022000000000000000000000000000000000000000000000000000000000BEBC20001937A3FD540}
             x{00000000000000000000000000000000000000000000000000000000000000230000000000000000000000000000000000000000000000000000000005F5E10001937A3FD540}
         x{72A63C089053F7BB223E25890BFD64FEBE1F91FAF3123F69D66D6EB37E04676F6FA0140D2CF69167F9F872778757A1CD1913DDB68E74E0CBADDCBDADB7B4DF1F53}
         x{04260E383890EA5359ED866696811_}
          x{441A8C3D09000000000000000000D800000000000000000000000000000000000000000000000000000000000000000000000000000000000000000000000000000000000000000000000000000000}
          x{C987ADA04C14799400000000000200000000000240568FA02D83C0A6BE8C4D9F490D54B7734C794545F4B4A7EAE0265A95E4EA3841103C0C_},
        hash: [Function: hash],
        blockchainLogs: '[ 4][t 0][2024-10-30 23:27:04.973000][transaction.cpp:443]\tunpacking account 125886032725094E79C44C1AB9642FE1CBF1BF4D77DB25C345DDBE7A8C80BCD4\n' +
          '[ 4][t 0][2024-10-30 23:27:04.973000][transaction.cpp:274]\tlast_paid=1730330824; cells=15 bits=4281 public_cells=0\n' +
          '[ 4][t 0][2024-10-30 23:27:04.973000][transaction.cpp:504]\tend of Account.unpack() for 0:125886032725094E79C44C1AB9642FE1CBF1BF4D77DB25C345DDBE7A8C80BCD4 (balance = 0ng ; last_trans_lt = 22000000..22000002)\n' +
          '[ 4][t 0][2024-10-30 23:27:04.973000][transaction.cpp:3655]\tblock random seed set to 0000000000000000000000000000000000000000000000000000000000000000\n' +
          '[ 4][t 0][2024-10-30 23:27:04.973000][transaction.cpp:1236]\tgas limits: max=1000000, limit=1000000, credit=0\n' +
          '[ 4][t 0][2024-10-30 23:27:04.973000][transaction.cpp:1575]\tin_msg_state is null\n' +
          '[ 4][t 0][2024-10-30 23:27:04.973000][transaction.cpp:1645]\tcreating VM\n' +
          '[ 4][t 0][2024-10-30 23:27:04.973000][transaction.cpp:1351]\tSmartContractInfo initialized with [ 124711402 0 0 1732922824 35000000 35000000 82439665744655549942718375299244058949366754266342087607225540301749132006686 [ 982832763 (null) ] CS{Cell{0267c00125886032725094e79c44c1ab9642fe1cbf1bf4d77db25c345ddbe7a8c80bcd421e842e433916064000000000053ec6081340} bits: 1..268; refs: 0..0} C{A7EC01478F770EF8F8B037CC7E42F0ABF0D85A50E1828C2394DAD1411691F2DE} C{BF31B32BE5ACBAACCE8B48CCEB4C84B86023EA1F188E974030A4F420D26CF50F} [ 982832763 (null) ] 0 (null) [ CS{Cell{004dd06600000000000000000000000080000000000000fa00000000000001f4000000000003d09040} bits: 9..305; refs: 0..0} (null) CS{Cell{0094d1000000000000006400000000000f4240de000000002710000000000000000f42400000000002160ec0000000000000271000000000002625a00000000005f5e100000000003b9aca00} bits: 0..592; refs: 0..0} CS{Cell{0094d100000000000000640000000000009c40de000000000190000000000000000f424000000000000f4240000000000000271000000000009896800000000005f5e100000000003b9aca00} bits: 0..592; refs: 0..0} CS{Cell{0042ea000000000098968000000000271000000000000f424000000001800055555555} bits: 0..264; refs: 0..0} CS{Cell{0042ea0000000000061a800000000001900000000000009c4000000001800055555555} bits: 0..264; refs: 0..0} (null) ] 465948 (null) ]\n' +
          '[ 4][t 0][2024-10-30 23:27:04.973000][transaction.cpp:1675]\tstarting VM\n' +
          '[ 4][t 0][2024-10-30 23:27:04.973000][transaction.cpp:1680]\tVM terminated with exit code 0\n' +
          '[ 3][t 0][2024-10-30 23:27:04.973000][transaction.cpp:1702]\tsteps: 216 gas: used=8404, max=1000000, limit=1000000, credit=0\n' +
          '[ 3][t 0][2024-10-30 23:27:04.973000][transaction.cpp:1704]\tout_of_gas=false, accepted=true, success=true, time=0.000224s\n' +
          '[ 4][t 0][2024-10-30 23:27:04.973000][transaction.cpp:1737]\tgas fees: 3361600 = 26214400 * 8404 /2^16 ; price=26214400; flat rate=[40000 for 100]; remaining balance=979471163ng\n' +
          '[ 4][t 0][2024-10-30 23:27:04.973000][transaction.cpp:2448]\tstorage paid for a message: 3 cells, 1216 bits\n' +
          '[ 4][t 0][2024-10-30 23:27:04.973000][transaction.cpp:2452]\tcomputed fwd fees = 1006400 + 0\n',
        vmLogs: 'xecute PUSHINT -1\n' +
          'execute implicit RET\n' +
          'execute THROWIFNOT 130\n' +
          'execute NEWC\n' +
          'execute GETGLOB 3\n' +
          'execute SWAP\n' +
          'execute STREF\n' +
          'execute PUSHINT -1\n' +
          'execute SWAP\n' +
          'execute STI 1\n' +
          'execute SWAP\n' +
          'execute SWAP\n' +
          'execute STU 32\n' +
          'execute ENDC\n' +
          'execute POP c4\n' +
          'execute implicit RET\n',
        debugLogs: '',
        events: [ [Object] ],
        parent: {
          address: 37254810366437813475271750514734067285117962570475561289538093995582013161784n,
          lt: 34000000n,
          prevTransactionHash: 97217432454106262464802102914253932950070699317461591089977828651170683809226n,
          prevTransactionLt: 25000000n,
          now: 1732922824,
          outMessagesCount: 1,
          oldStatus: 'active',
          endStatus: 'active',
          inMessage: [Object],
          outMessages: [Dictionary],
          totalFees: [Object],
          stateUpdate: [Object],
          description: [Object],
          raw: x{7525D79B589F1D73B879432CD1A596C0F9C42CF460467BBB795DA5A20C021C138000000000206CC80D6EF1DE820CB15D841B67486B723500CCFEED49A791DFFA8350F86496095EDCA00000000017D7840674A4DC8000347FF94D8}
           x{E_}
            x{6801D3E5E1B0970E52ABD4EA639AED542E118FE33D2F03FE072737A6B74A8FDC2C690014975E6D627C75CEE1E50CB346965B03E710B3D18119EEEDE57696883008704E10EE6B2800060C0F880000000003EF1482CE949B9074B137DD0000000000000000000000004_}
             x{03DF94AA2240BEBC200000001937A3FD5404_}
             x{03DF94AA23405F5E100000001937A3FD5404_}
            x{DF_}
             x{6800A4BAF36B13E3AE770F28659A34B2D81F38859E8C08CF776F2BB4B441804382710004962180C9C942539E711306AE590BF872FC6FD35DF6C970D1776F9EA3202F3510EA5359EC060C523200000000040D9902CE949B90C_}
              x{03DF94AA00000000000000002240BEBC200000001937A3FD54011A02FAF080000000C9BD1FEAA02_}
               x{}
           x{7263E35D70BE8D7C651B3CB30634D9AB780D2E6AA00C294DA4DBF848EE98902ED906EBB5BE3B6975925CE6F333495C428444E1CF3512B8A4006CF2F435E790EBD4}
           x{04DDDA39490EE6B2801870A9A011_}
            x{4AAA0C3D090000000000000000025500000000000000000000000000000000000000000000000000000000000000000000000000000000000000000000000000000000000000000000000000000000}
            x{C9849ED04C0C521C0000000000040002000000028F3811980228EAD81109CD640A15E5BE950B01D000F064A012CD32E3E417216C40D01FDC_},
          hash: [Function: hash],
          blockchainLogs: '[ 4][t 0][2024-10-30 23:27:04.969000][transaction.cpp:443]\tunpacking account 525D79B589F1D73B879432CD1A596C0F9C42CF460467BBB795DA5A20C021C138\n' +
            '[ 4][t 0][2024-10-30 23:27:04.969000][transaction.cpp:274]\tlast_paid=1730330824; cells=229 bits=83363 public_cells=0\n' +
            '[ 4][t 0][2024-10-30 23:27:04.969000][transaction.cpp:504]\tend of Account.unpack() for 0:525D79B589F1D73B879432CD1A596C0F9C42CF460467BBB795DA5A20C021C138 (balance = 3100000000ng ; last_trans_lt = 25000000..25000006)\n' +
            '[ 4][t 0][2024-10-30 23:27:04.969000][transaction.cpp:3655]\tblock random seed set to 0000000000000000000000000000000000000000000000000000000000000000\n' +
            '[ 4][t 0][2024-10-30 23:27:04.969000][transaction.cpp:1236]\tgas limits: max=1000000, limit=1000000, credit=0\n' +
            '[ 4][t 0][2024-10-30 23:27:04.969000][transaction.cpp:1575]\tin_msg_state is null\n' +
            '[ 4][t 0][2024-10-30 23:27:04.969000][transaction.cpp:1645]\tcreating VM\n' +
            '[ 4][t 0][2024-10-30 23:27:04.969000][transaction.cpp:1351]\tSmartContractInfo initialized with [ 124711402 0 0 1732922824 34000000 34000000 14068792954309835536948273256715513127174070948738620016199408580766834334284 [ 4092174363 (null) ] CS{Cell{0271c00525d79b589f1d73b879432cd1a596c0f9c42cf460467bbb795da5a20c021c1383cac05168c3391606400000000005f5e1192e318fc01340} bits: 1..268; refs: 0..0} C{A7EC01478F770EF8F8B037CC7E42F0ABF0D85A50E1828C2394DAD1411691F2DE} C{42B6F0E46484EFC57B9508F6BA7EF42E7512023D5CB4ED5628DD1C7755D16E9D} [ 1000000000 (null) ] 7825637 (null) [ CS{Cell{004dd06600000000000000000000000080000000000000fa00000000000001f4000000000003d09040} bits: 9..305; refs: 0..0} (null) CS{Cell{0094d1000000000000006400000000000f4240de000000002710000000000000000f42400000000002160ec0000000000000271000000000002625a00000000005f5e100000000003b9aca00} bits: 0..592; refs: 0..0} CS{Cell{0094d100000000000000640000000000009c40de000000000190000000000000000f424000000000000f4240000000000000271000000000009896800000000005f5e100000000003b9aca00} bits: 0..592; refs: 0..0} CS{Cell{0042ea000000000098968000000000271000000000000f424000000001800055555555} bits: 0..264; refs: 0..0} CS{Cell{0042ea0000000000061a800000000001900000000000009c4000000001800055555555} bits: 0..264; refs: 0..0} (null) ] 0 (null) ]\n' +
            '[ 4][t 0][2024-10-30 23:27:04.969000][transaction.cpp:1675]\tstarting VM\n' +
            '[ 4][t 0][2024-10-30 23:27:04.970000][transaction.cpp:1680]\tVM terminated with exit code 0\n' +
            '[ 3][t 0][2024-10-30 23:27:04.970000][transaction.cpp:1702]\tsteps: 597 gas: used=21840, max=1000000, limit=1000000, credit=0\n' +
            '[ 3][t 0][2024-10-30 23:27:04.970000][transaction.cpp:1704]\tout_of_gas=false, accepted=true, success=true, time=0.000755s\n' +
            '[ 4][t 0][2024-10-30 23:27:04.970000][transaction.cpp:1737]\tgas fees: 8736000 = 26214400 * 21840 /2^16 ; price=26214400; flat rate=[40000 for 100]; remaining balance=4083438363ng\n' +
            '[ 3][t 0][2024-10-30 23:27:04.970000][transaction.cpp:2678]\tin try_action_reserve_currency(0)\n' +
            '[ 4][t 0][2024-10-30 23:27:04.970000][transaction.cpp:2684]\taction_reserve_currency: mode=0, reserve=3100000000ng, balance=4083438363ng, original balance=3092174363ng\n' +
            '[ 3][t 0][2024-10-30 23:27:04.970000][transaction.cpp:2729]\tchanged remaining balance to 983438363ng, reserved balance to 3100000000ng\n' +
            '[ 4][t 0][2024-10-30 23:27:04.970000][transaction.cpp:2448]\tstorage paid for a message: 2 cells, 314 bits\n' +
            '[ 4][t 0][2024-10-30 23:27:04.970000][transaction.cpp:2452]\tcomputed fwd fees = 605600 + 0\n',
          vmLogs: 'xecute EQUAL\n' +
            'execute THROWIF 137\n' +
            'execute PUSHPOW2 10\n' +
            'execute EQUAL\n' +
            'execute THROWIFNOT 136\n' +
            'execute STSLICER\n' +
            'execute ENDC\n' +
            'execute ROT\n' +
            'execute STREF\n' +
            'execute ENDC\n' +
            'execute SWAP\n' +
            'execute STREF\n' +
            'execute implicit RET\n' +
            'execute ENDC\n' +
            'execute POP c4\n' +
            'execute implicit RET\n',
          debugLogs: '',
          events: [Array],
          parent: [Object],
          children: [Array],
          externals: []
        },
        children: [ [Object] ],
        externals: []
      },
      {
        address: 37254810366437813475271750514734067285117962570475561289538093995582013161784n,
        lt: 36000000n,
        prevTransactionHash: 3933906100159458161445316525437368890477920507773238350812496490447027600468n,
        prevTransactionLt: 34000000n,
        now: 1732922824,
        outMessagesCount: 1,
        oldStatus: 'active',
        endStatus: 'active',
        inMessage: {
          info: [Object],
          init: null,
          body: x{935FA9D10000000000000000}
           x{0000000000000000000000000000000000000000000000000000000000000022000000000000000000000000000000000000000000000000000000000BEBC20001937A3FD540}
           x{00000000000000000000000000000000000000000000000000000000000000230000000000000000000000000000000000000000000000000000000005F5E10001937A3FD540}
        },
        outMessages: Dictionary { _key: [Object], _value: [Object], _map: [Map] },
        totalFees: { coins: 12012664n },
        stateUpdate: {
          oldHash: <Buffer 06 eb b5 be 3b 69 75 92 5c e6 f3 33 49 5c 42 84 44 e1 cf 35 12 b8 a4 00 6c f2 f4 35 e7 90 eb d4>,
          newHash: <Buffer fb 8c 65 38 0f 99 ec 4b 6c 59 56 12 1a 0f d2 4a 9f 17 ff 25 1c 6a 01 b4 70 f9 3e f9 82 0e 8d 76>
        },
        description: {
          type: 'generic',
          creditFirst: false,
          storagePhase: [Object],
          creditPhase: [Object],
          computePhase: [Object],
          actionPhase: [Object],
          bouncePhase: undefined,
          aborted: false,
          destroyed: false
        },
        raw: x{7525D79B589F1D73B879432CD1A596C0F9C42CF460467BBB795DA5A20C021C138000000000225510008B2830F07859916C5C51BD14DED2F096CEE7281ADC5DDF2AC210B4C9F647C54000000000206CC80674A4DC80003476E98F0}
         x{E_}
          x{680024B10C064E4A129CF388983572C85FC397E37E9AEFB64B868BBB7CF5190179A90014975E6D627C75CEE1E50CB346965B03E710B3D18119EEEDE57696883008704E10E948BFEC061479B600000000042C1D82CE949B9049AFD4E880000000000000004_}
           x{0000000000000000000000000000000000000000000000000000000000000022000000000000000000000000000000000000000000000000000000000BEBC20001937A3FD540}
           x{00000000000000000000000000000000000000000000000000000000000000230000000000000000000000000000000000000000000000000000000005F5E10001937A3FD540}
          x{DF_}
           x{6800A4BAF36B13E3AE770F28659A34B2D81F38859E8C08CF776F2BB4B44180438271002E74930F029149EC08380972A5584C717AD4204A4455F097F5E5877CB40E86DA90E65816AC0609BBB000000000044AA202CE949B90C_}
            x{E601F8E50000000000000000}
         x{7206EBB5BE3B6975925CE6F333495C428444E1CF3512B8A4006CF2F435E790EBD4FB8C65380F99EC4B6C5956121A0FD24A9F17FF251C6A01B470F93EF9820E8D76}
         x{04090E948BFED8769BB211_}
          x{4E782C3D090000000000000000031700000000000000000000000000000000000000000000000000000000000000000000000000000000000000000000000000000000000000000000000000000000}
          x{C983A6604C09BBA0000000000004000200000003DB2D5D4EBD2DE13425E0045D0C0A0B5AA3EA7A35B5049CD0B0D3CBCC141521BA4090190C_},
        hash: [Function: hash],
        blockchainLogs: '[ 4][t 0][2024-10-30 23:27:04.976000][transaction.cpp:443]\tunpacking account 525D79B589F1D73B879432CD1A596C0F9C42CF460467BBB795DA5A20C021C138\n' +
          '[ 4][t 0][2024-10-30 23:27:04.976000][transaction.cpp:274]\tlast_paid=1732922824; cells=232 bits=83682 public_cells=0\n' +
          '[ 4][t 0][2024-10-30 23:27:04.976000][transaction.cpp:504]\tend of Account.unpack() for 0:525D79B589F1D73B879432CD1A596C0F9C42CF460467BBB795DA5A20C021C138 (balance = 3100000000ng ; last_trans_lt = 34000000..34000002)\n' +
          '[ 4][t 0][2024-10-30 23:27:04.976000][transaction.cpp:3655]\tblock random seed set to 0000000000000000000000000000000000000000000000000000000000000000\n' +
          '[ 4][t 0][2024-10-30 23:27:04.976000][transaction.cpp:1236]\tgas limits: max=1000000, limit=1000000, credit=0\n' +
          '[ 4][t 0][2024-10-30 23:27:04.976000][transaction.cpp:1575]\tin_msg_state is null\n' +
          '[ 4][t 0][2024-10-30 23:27:04.976000][transaction.cpp:1645]\tcreating VM\n' +
          '[ 4][t 0][2024-10-30 23:27:04.976000][transaction.cpp:1351]\tSmartContractInfo initialized with [ 124711402 0 0 1732922824 36000000 36000000 14068792954309835536948273256715513127174070948738620016199408580766834334284 [ 4078464763 (null) ] CS{Cell{0271c00525d79b589f1d73b879432cd1a596c0f9c42cf460467bbb795da5a20c021c1383d0c051b8833a526e4000000000081b32092e318fc01340} bits: 1..268; refs: 0..0} C{A7EC01478F770EF8F8B037CC7E42F0ABF0D85A50E1828C2394DAD1411691F2DE} C{42B6F0E46484EFC57B9508F6BA7EF42E7512023D5CB4ED5628DD1C7755D16E9D} [ 978464763 (null) ] 0 (null) [ CS{Cell{004dd06600000000000000000000000080000000000000fa00000000000001f4000000000003d09040} bits: 9..305; refs: 0..0} (null) CS{Cell{0094d1000000000000006400000000000f4240de000000002710000000000000000f42400000000002160ec0000000000000271000000000002625a00000000005f5e100000000003b9aca00} bits: 0..592; refs: 0..0} CS{Cell{0094d100000000000000640000000000009c40de000000000190000000000000000f424000000000000f4240000000000000271000000000009896800000000005f5e100000000003b9aca00} bits: 0..592; refs: 0..0} CS{Cell{0042ea000000000098968000000000271000000000000f424000000001800055555555} bits: 0..264; refs: 0..0} CS{Cell{0042ea0000000000061a800000000001900000000000009c4000000001800055555555} bits: 0..264; refs: 0..0} (null) ] 0 (null) ]\n' +
          '[ 4][t 0][2024-10-30 23:27:04.976000][transaction.cpp:1675]\tstarting VM\n' +
          '[ 4][t 0][2024-10-30 23:27:04.977000][transaction.cpp:1680]\tVM terminated with exit code 0\n' +
          '[ 3][t 0][2024-10-30 23:27:04.977000][transaction.cpp:1702]\tsteps: 791 gas: used=29633, max=1000000, limit=1000000, credit=0\n' +
          '[ 3][t 0][2024-10-30 23:27:04.977000][transaction.cpp:1704]\tout_of_gas=false, accepted=true, success=true, time=0.000928s\n' +
          '[ 4][t 0][2024-10-30 23:27:04.977000][transaction.cpp:1737]\tgas fees: 11853200 = 26214400 * 29633 /2^16 ; price=26214400; flat rate=[40000 for 100]; remaining balance=4066611563ng\n' +
          '[ 3][t 0][2024-10-30 23:27:04.977000][transaction.cpp:2678]\tin try_action_reserve_currency(0)\n' +
          '[ 4][t 0][2024-10-30 23:27:04.977000][transaction.cpp:2684]\taction_reserve_currency: mode=0, reserve=3100000000ng, balance=4066611563ng, original balance=3100000000ng\n' +
          '[ 3][t 0][2024-10-30 23:27:04.977000][transaction.cpp:2729]\tchanged remaining balance to 966611563ng, reserved balance to 3100000000ng\n' +
          '[ 4][t 0][2024-10-30 23:27:04.977000][transaction.cpp:2448]\tstorage paid for a message: 1 cells, 96 bits\n' +
          '[ 4][t 0][2024-10-30 23:27:04.977000][transaction.cpp:2452]\tcomputed fwd fees = 478400 + 0\n',
        vmLogs: 'xecute EQUAL\n' +
          'execute THROWIF 137\n' +
          'execute PUSHPOW2 10\n' +
          'execute EQUAL\n' +
          'execute THROWIFNOT 136\n' +
          'execute STSLICER\n' +
          'execute ENDC\n' +
          'execute ROT\n' +
          'execute STREF\n' +
          'execute ENDC\n' +
          'execute SWAP\n' +
          'execute STREF\n' +
          'execute implicit RET\n' +
          'execute ENDC\n' +
          'execute POP c4\n' +
          'execute implicit RET\n',
        debugLogs: '',
        events: [ [Object] ],
        parent: {
          address: 8298038735212017995993598744482915721429218553349686891340117237129977838804n,
          lt: 35000000n,
          prevTransactionHash: 18116439156391842938113655014164777640690372271580194184606271430189183732694n,
          prevTransactionLt: 22000000n,
          now: 1732922824,
          outMessagesCount: 1,
          oldStatus: 'active',
          endStatus: 'active',
          inMessage: [Object],
          outMessages: [Dictionary],
          totalFees: [Object],
          stateUpdate: [Object],
          description: [Object],
          raw: x{7125886032725094E79C44C1AB9642FE1CBF1BF4D77DB25C345DDBE7A8C80BCD40000000002160EC0280D8A8B79744936E6ABE86FAA07413DF4CF086CC8523212C2982C834B550BD600000000014FB180674A4DC800034670D34A}
           x{E_}
            x{6800A4BAF36B13E3AE770F28659A34B2D81F38859E8C08CF776F2BB4B441804382710004962180C9C942539E711306AE590BF872FC6FD35DF6C970D1776F9EA3202F3510EA5359EC060C523200000000040D9902CE949B9001EFCA55000000000000000011205F5E100000000C9BD1FEAA008D017D784000000064DE8FF5501_}
             x{}
            x{DF_}
             x{680024B10C064E4A129CF388983572C85FC397E37E9AEFB64B868BBB7CF5190179A90014975E6D627C75CEE1E50CB346965B03E710B3D18119EEEDE57696883008704E10E948BFEC061479B600000000042C1D82CE949B90C_}
              x{935FA9D10000000000000000}
               x{0000000000000000000000000000000000000000000000000000000000000022000000000000000000000000000000000000000000000000000000000BEBC20001937A3FD540}
               x{00000000000000000000000000000000000000000000000000000000000000230000000000000000000000000000000000000000000000000000000005F5E10001937A3FD540}
           x{72A63C089053F7BB223E25890BFD64FEBE1F91FAF3123F69D66D6EB37E04676F6FA0140D2CF69167F9F872778757A1CD1913DDB68E74E0CBADDCBDADB7B4DF1F53}
           x{04260E383890EA5359ED866696811_}
            x{441A8C3D09000000000000000000D800000000000000000000000000000000000000000000000000000000000000000000000000000000000000000000000000000000000000000000000000000000}
            x{C987ADA04C14799400000000000200000000000240568FA02D83C0A6BE8C4D9F490D54B7734C794545F4B4A7EAE0265A95E4EA3841103C0C_},
          hash: [Function: hash],
          blockchainLogs: '[ 4][t 0][2024-10-30 23:27:04.973000][transaction.cpp:443]\tunpacking account 125886032725094E79C44C1AB9642FE1CBF1BF4D77DB25C345DDBE7A8C80BCD4\n' +
            '[ 4][t 0][2024-10-30 23:27:04.973000][transaction.cpp:274]\tlast_paid=1730330824; cells=15 bits=4281 public_cells=0\n' +
            '[ 4][t 0][2024-10-30 23:27:04.973000][transaction.cpp:504]\tend of Account.unpack() for 0:125886032725094E79C44C1AB9642FE1CBF1BF4D77DB25C345DDBE7A8C80BCD4 (balance = 0ng ; last_trans_lt = 22000000..22000002)\n' +
            '[ 4][t 0][2024-10-30 23:27:04.973000][transaction.cpp:3655]\tblock random seed set to 0000000000000000000000000000000000000000000000000000000000000000\n' +
            '[ 4][t 0][2024-10-30 23:27:04.973000][transaction.cpp:1236]\tgas limits: max=1000000, limit=1000000, credit=0\n' +
            '[ 4][t 0][2024-10-30 23:27:04.973000][transaction.cpp:1575]\tin_msg_state is null\n' +
            '[ 4][t 0][2024-10-30 23:27:04.973000][transaction.cpp:1645]\tcreating VM\n' +
            '[ 4][t 0][2024-10-30 23:27:04.973000][transaction.cpp:1351]\tSmartContractInfo initialized with [ 124711402 0 0 1732922824 35000000 35000000 82439665744655549942718375299244058949366754266342087607225540301749132006686 [ 982832763 (null) ] CS{Cell{0267c00125886032725094e79c44c1ab9642fe1cbf1bf4d77db25c345ddbe7a8c80bcd421e842e433916064000000000053ec6081340} bits: 1..268; refs: 0..0} C{A7EC01478F770EF8F8B037CC7E42F0ABF0D85A50E1828C2394DAD1411691F2DE} C{BF31B32BE5ACBAACCE8B48CCEB4C84B86023EA1F188E974030A4F420D26CF50F} [ 982832763 (null) ] 0 (null) [ CS{Cell{004dd06600000000000000000000000080000000000000fa00000000000001f4000000000003d09040} bits: 9..305; refs: 0..0} (null) CS{Cell{0094d1000000000000006400000000000f4240de000000002710000000000000000f42400000000002160ec0000000000000271000000000002625a00000000005f5e100000000003b9aca00} bits: 0..592; refs: 0..0} CS{Cell{0094d100000000000000640000000000009c40de000000000190000000000000000f424000000000000f4240000000000000271000000000009896800000000005f5e100000000003b9aca00} bits: 0..592; refs: 0..0} CS{Cell{0042ea000000000098968000000000271000000000000f424000000001800055555555} bits: 0..264; refs: 0..0} CS{Cell{0042ea0000000000061a800000000001900000000000009c4000000001800055555555} bits: 0..264; refs: 0..0} (null) ] 465948 (null) ]\n' +
            '[ 4][t 0][2024-10-30 23:27:04.973000][transaction.cpp:1675]\tstarting VM\n' +
            '[ 4][t 0][2024-10-30 23:27:04.973000][transaction.cpp:1680]\tVM terminated with exit code 0\n' +
            '[ 3][t 0][2024-10-30 23:27:04.973000][transaction.cpp:1702]\tsteps: 216 gas: used=8404, max=1000000, limit=1000000, credit=0\n' +
            '[ 3][t 0][2024-10-30 23:27:04.973000][transaction.cpp:1704]\tout_of_gas=false, accepted=true, success=true, time=0.000224s\n' +
            '[ 4][t 0][2024-10-30 23:27:04.973000][transaction.cpp:1737]\tgas fees: 3361600 = 26214400 * 8404 /2^16 ; price=26214400; flat rate=[40000 for 100]; remaining balance=979471163ng\n' +
            '[ 4][t 0][2024-10-30 23:27:04.973000][transaction.cpp:2448]\tstorage paid for a message: 3 cells, 1216 bits\n' +
            '[ 4][t 0][2024-10-30 23:27:04.973000][transaction.cpp:2452]\tcomputed fwd fees = 1006400 + 0\n',
          vmLogs: 'xecute PUSHINT -1\n' +
            'execute implicit RET\n' +
            'execute THROWIFNOT 130\n' +
            'execute NEWC\n' +
            'execute GETGLOB 3\n' +
            'execute SWAP\n' +
            'execute STREF\n' +
            'execute PUSHINT -1\n' +
            'execute SWAP\n' +
            'execute STI 1\n' +
            'execute SWAP\n' +
            'execute SWAP\n' +
            'execute STU 32\n' +
            'execute ENDC\n' +
            'execute POP c4\n' +
            'execute implicit RET\n',
          debugLogs: '',
          events: [Array],
          parent: [Object],
          children: [Array],
          externals: []
        },
        children: [ [Object] ],
        externals: []
      },
      {
        address: 84049441022908470316622795825605090351520748406577698494615284512509455375210n,
        lt: 37000000n,
        prevTransactionHash: 100853058431154594898186522750678364535194577410131013041122308022915934214666n,
        prevTransactionLt: 29000000n,
        now: 1732922824,
        outMessagesCount: 1,
        oldStatus: 'active',
        endStatus: 'active',
        inMessage: { info: [Object], init: null, body: x{E601F8E50000000000000000} },
        outMessages: Dictionary { _key: [Object], _value: [Object], _map: [Map] },
        totalFees: { coins: 4689161n },
        stateUpdate: {
          oldHash: <Buffer 8b 97 97 13 a4 44 fc 1f 12 9d c4 d5 4d 49 e4 1d a2 dd b2 f7 d4 d7 45 cf ec 52 e7 2a ce ef 1a 29>,
          newHash: <Buffer a7 65 9b b7 0c da 1d 4e 57 66 b4 65 6c e1 51 56 f8 fa 2e ee 1c 52 92 7a 3c 4c c8 29 73 26 5b 02>
        },
        description: {
          type: 'generic',
          creditFirst: false,
          storagePhase: [Object],
          creditPhase: [Object],
          computePhase: [Object],
          actionPhase: [Object],
          bouncePhase: undefined,
          aborted: false,
          destroyed: false
        },
        raw: x{7B9D24C3C0A4527B020E025CA956131C5EB5081291157C25FD7961DF2D03A1B6A0000000002349340DEF8CEE67C19932BBB49EDF104113B5D19BC6B941C381B6D5887B91499385A0A0000000001BA8140674A4DC80003468F1A12}
         x{E_}
          x{6800A4BAF36B13E3AE770F28659A34B2D81F38859E8C08CF776F2BB4B44180438271002E74930F029149EC08380972A5584C717AD4204A4455F097F5E5877CB40E86DA90E65816AC0609BBB000000000044AA202CE949B907300FC7280000000000000004_}
          x{DF_}
           x{680173A49878148A4F6041C04B952AC2638BD6A1025222AF84BFAF2C3BE5A07436D50014975E6D627C75CEE1E50CB346965B03E710B3D18119EEEDE57696883008704E10E51839CC0610D45E0000000004692682CE949B90C_}
            x{B687AB17000000000000000000000000}
             x{02A07735940207735940211E1A3001F270E022CB417803391606433935AA43391606433A526E40000000000000000C_}
              x{801028CD38D6A9FB165BB1D27554DCBBC8B7A064E07EF4C3832956828113614F545_}
         x{728B979713A444FC1F129DC4D54D49E41DA2DDB2F7D4D745CFEC52E72ACEEF1A29A7659BB70CDA1D4E5766B4656CE15156F8FA2EEE1C52927A3C4CC82973265B02}
         x{04C32FDA090E65816AD866D31211_}
          x{445E2C3D09000000000000000000FE00000000000000000000000000000000000000000000000000000000000000000000000000000000000000000000000000000000000000000000000000000000}
          x{C9864FA04C10D444000000000004000200000002DD075CFDA4E026095AA902AF93BB325A17CBD764F9165A25A2A09D5D789297BE41102E0C_},
        hash: [Function: hash],
        blockchainLogs: '[ 4][t 0][2024-10-30 23:27:04.980000][transaction.cpp:443]\tunpacking account B9D24C3C0A4527B020E025CA956131C5EB5081291157C25FD7961DF2D03A1B6A\n' +
          '[ 4][t 0][2024-10-30 23:27:04.980000][transaction.cpp:274]\tlast_paid=1730330824; cells=28 bits=7123 public_cells=0\n' +
          '[ 4][t 0][2024-10-30 23:27:04.980000][transaction.cpp:504]\tend of Account.unpack() for 0:B9D24C3C0A4527B020E025CA956131C5EB5081291157C25FD7961DF2D03A1B6A (balance = 10000000ng ; last_trans_lt = 29000000..29000002)\n' +
          '[ 4][t 0][2024-10-30 23:27:04.980000][transaction.cpp:3655]\tblock random seed set to 0000000000000000000000000000000000000000000000000000000000000000\n' +
          '[ 4][t 0][2024-10-30 23:27:04.980000][transaction.cpp:1236]\tgas limits: max=1000000, limit=1000000, credit=0\n' +
          '[ 4][t 0][2024-10-30 23:27:04.980000][transaction.cpp:1575]\tin_msg_state is null\n' +
          '[ 4][t 0][2024-10-30 23:27:04.980000][transaction.cpp:1645]\tcreating VM\n' +
          '[ 4][t 0][2024-10-30 23:27:04.980000][transaction.cpp:1351]\tSmartContractInfo initialized with [ 124711402 0 0 1732922824 37000000 37000000 84630195367514639409622924175749312199831056191303332875639359062248049886761 [ 975297731 (null) ] CS{Cell{026dc00b9d24c3c0a4527b020e025ca956131c5eb5081291157c25fd7961df2d03a1b6a23886f4c3391606400000000006ea0508e625a01340} bits: 1..268; refs: 0..0} C{A7EC01478F770EF8F8B037CC7E42F0ABF0D85A50E1828C2394DAD1411691F2DE} C{F2179DCD5CFD8A1E113288591FFB7A5E10E107D0D2C36DF69E40398023DAA7B1} [ 966133163 (null) ] 835432 (null) [ CS{Cell{004dd06600000000000000000000000080000000000000fa00000000000001f4000000000003d09040} bits: 9..305; refs: 0..0} (null) CS{Cell{0094d1000000000000006400000000000f4240de000000002710000000000000000f42400000000002160ec0000000000000271000000000002625a00000000005f5e100000000003b9aca00} bits: 0..592; refs: 0..0} CS{Cell{0094d100000000000000640000000000009c40de000000000190000000000000000f424000000000000f4240000000000000271000000000009896800000000005f5e100000000003b9aca00} bits: 0..592; refs: 0..0} CS{Cell{0042ea000000000098968000000000271000000000000f424000000001800055555555} bits: 0..264; refs: 0..0} CS{Cell{0042ea0000000000061a800000000001900000000000009c4000000001800055555555} bits: 0..264; refs: 0..0} (null) ] 0 (null) ]\n' +
          '[ 4][t 0][2024-10-30 23:27:04.980000][transaction.cpp:1675]\tstarting VM\n' +
          '[ 4][t 0][2024-10-30 23:27:04.980000][transaction.cpp:1680]\tVM terminated with exit code 0\n' +
          '[ 3][t 0][2024-10-30 23:27:04.980000][transaction.cpp:1702]\tsteps: 254 gas: used=8945, max=1000000, limit=1000000, credit=0\n' +
          '[ 3][t 0][2024-10-30 23:27:04.980000][transaction.cpp:1704]\tout_of_gas=false, accepted=true, success=true, time=0.000254s\n' +
          '[ 4][t 0][2024-10-30 23:27:04.980000][transaction.cpp:1737]\tgas fees: 3578000 = 26214400 * 8945 /2^16 ; price=26214400; flat rate=[40000 for 100]; remaining balance=971719731ng\n' +
          '[ 3][t 0][2024-10-30 23:27:04.980000][transaction.cpp:2678]\tin try_action_reserve_currency(0)\n' +
          '[ 4][t 0][2024-10-30 23:27:04.980000][transaction.cpp:2684]\taction_reserve_currency: mode=0, reserve=10000000ng, balance=971719731ng, original balance=9164568ng\n' +
          '[ 3][t 0][2024-10-30 23:27:04.980000][transaction.cpp:2729]\tchanged remaining balance to 961719731ng, reserved balance to 10000000ng\n' +
          '[ 4][t 0][2024-10-30 23:27:04.980000][transaction.cpp:2448]\tstorage paid for a message: 3 cells, 768 bits\n' +
          '[ 4][t 0][2024-10-30 23:27:04.980000][transaction.cpp:2452]\tcomputed fwd fees = 827200 + 0\n',
        vmLogs: 'ecute STSLICER\n' +
          'execute OVER\n' +
          'execute ISNULL\n' +
          'execute NOT\n' +
          'execute PUSHCONT x7F01CA00CC\n' +
          'execute PUSHCONT x7032CA00\n' +
          'execute IFELSE\n' +
          'execute PUSHINT -1\n' +
          'execute SWAP\n' +
          'execute STI 1\n' +
          'execute STREF\n' +
          'execute implicit RET\n' +
          'execute ENDC\n' +
          'execute POP c4\n' +
          'execute implicit RET\n',
        debugLogs: '',
        events: [ [Object] ],
        parent: {
          address: 37254810366437813475271750514734067285117962570475561289538093995582013161784n,
          lt: 36000000n,
          prevTransactionHash: 3933906100159458161445316525437368890477920507773238350812496490447027600468n,
          prevTransactionLt: 34000000n,
          now: 1732922824,
          outMessagesCount: 1,
          oldStatus: 'active',
          endStatus: 'active',
          inMessage: [Object],
          outMessages: [Dictionary],
          totalFees: [Object],
          stateUpdate: [Object],
          description: [Object],
          raw: x{7525D79B589F1D73B879432CD1A596C0F9C42CF460467BBB795DA5A20C021C138000000000225510008B2830F07859916C5C51BD14DED2F096CEE7281ADC5DDF2AC210B4C9F647C54000000000206CC80674A4DC80003476E98F0}
           x{E_}
            x{680024B10C064E4A129CF388983572C85FC397E37E9AEFB64B868BBB7CF5190179A90014975E6D627C75CEE1E50CB346965B03E710B3D18119EEEDE57696883008704E10E948BFEC061479B600000000042C1D82CE949B9049AFD4E880000000000000004_}
             x{0000000000000000000000000000000000000000000000000000000000000022000000000000000000000000000000000000000000000000000000000BEBC20001937A3FD540}
             x{00000000000000000000000000000000000000000000000000000000000000230000000000000000000000000000000000000000000000000000000005F5E10001937A3FD540}
            x{DF_}
             x{6800A4BAF36B13E3AE770F28659A34B2D81F38859E8C08CF776F2BB4B44180438271002E74930F029149EC08380972A5584C717AD4204A4455F097F5E5877CB40E86DA90E65816AC0609BBB000000000044AA202CE949B90C_}
              x{E601F8E50000000000000000}
           x{7206EBB5BE3B6975925CE6F333495C428444E1CF3512B8A4006CF2F435E790EBD4FB8C65380F99EC4B6C5956121A0FD24A9F17FF251C6A01B470F93EF9820E8D76}
           x{04090E948BFED8769BB211_}
            x{4E782C3D090000000000000000031700000000000000000000000000000000000000000000000000000000000000000000000000000000000000000000000000000000000000000000000000000000}
            x{C983A6604C09BBA0000000000004000200000003DB2D5D4EBD2DE13425E0045D0C0A0B5AA3EA7A35B5049CD0B0D3CBCC141521BA4090190C_},
          hash: [Function: hash],
          blockchainLogs: '[ 4][t 0][2024-10-30 23:27:04.976000][transaction.cpp:443]\tunpacking account 525D79B589F1D73B879432CD1A596C0F9C42CF460467BBB795DA5A20C021C138\n' +
            '[ 4][t 0][2024-10-30 23:27:04.976000][transaction.cpp:274]\tlast_paid=1732922824; cells=232 bits=83682 public_cells=0\n' +
            '[ 4][t 0][2024-10-30 23:27:04.976000][transaction.cpp:504]\tend of Account.unpack() for 0:525D79B589F1D73B879432CD1A596C0F9C42CF460467BBB795DA5A20C021C138 (balance = 3100000000ng ; last_trans_lt = 34000000..34000002)\n' +
            '[ 4][t 0][2024-10-30 23:27:04.976000][transaction.cpp:3655]\tblock random seed set to 0000000000000000000000000000000000000000000000000000000000000000\n' +
            '[ 4][t 0][2024-10-30 23:27:04.976000][transaction.cpp:1236]\tgas limits: max=1000000, limit=1000000, credit=0\n' +
            '[ 4][t 0][2024-10-30 23:27:04.976000][transaction.cpp:1575]\tin_msg_state is null\n' +
            '[ 4][t 0][2024-10-30 23:27:04.976000][transaction.cpp:1645]\tcreating VM\n' +
            '[ 4][t 0][2024-10-30 23:27:04.976000][transaction.cpp:1351]\tSmartContractInfo initialized with [ 124711402 0 0 1732922824 36000000 36000000 14068792954309835536948273256715513127174070948738620016199408580766834334284 [ 4078464763 (null) ] CS{Cell{0271c00525d79b589f1d73b879432cd1a596c0f9c42cf460467bbb795da5a20c021c1383d0c051b8833a526e4000000000081b32092e318fc01340} bits: 1..268; refs: 0..0} C{A7EC01478F770EF8F8B037CC7E42F0ABF0D85A50E1828C2394DAD1411691F2DE} C{42B6F0E46484EFC57B9508F6BA7EF42E7512023D5CB4ED5628DD1C7755D16E9D} [ 978464763 (null) ] 0 (null) [ CS{Cell{004dd06600000000000000000000000080000000000000fa00000000000001f4000000000003d09040} bits: 9..305; refs: 0..0} (null) CS{Cell{0094d1000000000000006400000000000f4240de000000002710000000000000000f42400000000002160ec0000000000000271000000000002625a00000000005f5e100000000003b9aca00} bits: 0..592; refs: 0..0} CS{Cell{0094d100000000000000640000000000009c40de000000000190000000000000000f424000000000000f4240000000000000271000000000009896800000000005f5e100000000003b9aca00} bits: 0..592; refs: 0..0} CS{Cell{0042ea000000000098968000000000271000000000000f424000000001800055555555} bits: 0..264; refs: 0..0} CS{Cell{0042ea0000000000061a800000000001900000000000009c4000000001800055555555} bits: 0..264; refs: 0..0} (null) ] 0 (null) ]\n' +
            '[ 4][t 0][2024-10-30 23:27:04.976000][transaction.cpp:1675]\tstarting VM\n' +
            '[ 4][t 0][2024-10-30 23:27:04.977000][transaction.cpp:1680]\tVM terminated with exit code 0\n' +
            '[ 3][t 0][2024-10-30 23:27:04.977000][transaction.cpp:1702]\tsteps: 791 gas: used=29633, max=1000000, limit=1000000, credit=0\n' +
            '[ 3][t 0][2024-10-30 23:27:04.977000][transaction.cpp:1704]\tout_of_gas=false, accepted=true, success=true, time=0.000928s\n' +
            '[ 4][t 0][2024-10-30 23:27:04.977000][transaction.cpp:1737]\tgas fees: 11853200 = 26214400 * 29633 /2^16 ; price=26214400; flat rate=[40000 for 100]; remaining balance=4066611563ng\n' +
            '[ 3][t 0][2024-10-30 23:27:04.977000][transaction.cpp:2678]\tin try_action_reserve_currency(0)\n' +
            '[ 4][t 0][2024-10-30 23:27:04.977000][transaction.cpp:2684]\taction_reserve_currency: mode=0, reserve=3100000000ng, balance=4066611563ng, original balance=3100000000ng\n' +
            '[ 3][t 0][2024-10-30 23:27:04.977000][transaction.cpp:2729]\tchanged remaining balance to 966611563ng, reserved balance to 3100000000ng\n' +
            '[ 4][t 0][2024-10-30 23:27:04.977000][transaction.cpp:2448]\tstorage paid for a message: 1 cells, 96 bits\n' +
            '[ 4][t 0][2024-10-30 23:27:04.977000][transaction.cpp:2452]\tcomputed fwd fees = 478400 + 0\n',
          vmLogs: 'xecute EQUAL\n' +
            'execute THROWIF 137\n' +
            'execute PUSHPOW2 10\n' +
            'execute EQUAL\n' +
            'execute THROWIFNOT 136\n' +
            'execute STSLICER\n' +
            'execute ENDC\n' +
            'execute ROT\n' +
            'execute STREF\n' +
            'execute ENDC\n' +
            'execute SWAP\n' +
            'execute STREF\n' +
            'execute implicit RET\n' +
            'execute ENDC\n' +
            'execute POP c4\n' +
            'execute implicit RET\n',
          debugLogs: '',
          events: [Array],
          parent: [Object],
          children: [Array],
          externals: []
        },
        children: [ [Object] ],
        externals: []
      },
      {
        address: 37254810366437813475271750514734067285117962570475561289538093995582013161784n,
        lt: 38000000n,
        prevTransactionHash: 29062411643597598020007387718043535435057101295392444503629623870505566197349n,
        prevTransactionLt: 36000000n,
        now: 1732922824,
        outMessagesCount: 4,
        oldStatus: 'active',
        endStatus: 'active',
        inMessage: {
          info: [Object],
          init: null,
          body: x{B687AB17000000000000000000000000}
           x{02A07735940207735940211E1A3001F270E022CB417803391606433935AA43391606433A526E40000000000000000C_}
            x{801028CD38D6A9FB165BB1D27554DCBBC8B7A064E07EF4C3832956828113614F545_}
        },
        outMessages: Dictionary { _key: [Object], _value: [Object], _map: [Map] },
        totalFees: { coins: 31144772n },
        stateUpdate: {
          oldHash: <Buffer fb 8c 65 38 0f 99 ec 4b 6c 59 56 12 1a 0f d2 4a 9f 17 ff 25 1c 6a 01 b4 70 f9 3e f9 82 0e 8d 76>,
          newHash: <Buffer 84 42 df e7 98 dd bb 43 0f 80 30 24 ff d1 0c 66 16 d1 83 20 e2 00 13 64 99 45 f8 d3 4d 60 8a 04>
        },
        description: {
          type: 'generic',
          creditFirst: false,
          storagePhase: [Object],
          creditPhase: [Object],
          computePhase: [Object],
          actionPhase: [Object],
          bouncePhase: undefined,
          aborted: false,
          destroyed: false
        },
        raw: x{7525D79B589F1D73B879432CD1A596C0F9C42CF460467BBB795DA5A20C021C138000000000243D5804040BDF838F07AA648EC26CE0BFC6B9AF54E8DFFC31A4A6C55FF65764F31D6650000000002255100674A4DC800094803B67688}
         x{E_}
          x{680173A49878148A4F6041C04B952AC2638BD6A1025222AF84BFAF2C3BE5A07436D50014975E6D627C75CEE1E50CB346965B03E710B3D18119EEEDE57696883008704E10E51839CC0610D45E0000000004692682CE949B905B43D58B8000000000000000000000004_}
           x{02A07735940207735940211E1A3001F270E022CB417803391606433935AA43391606433A526E40000000000000000C_}
            x{801028CD38D6A9FB165BB1D27554DCBBC8B7A064E07EF4C3832956828113614F545_}
          x{DB_}
           x{2_}
            x{2_}
             x{6800A4BAF36B13E3AE770F28659A34B2D81F38859E8C08CF776F2BB4B4418043827100384BA6D6A6B7DF2422C44C909493A07C03CA0A1FF860A7ED8531810050149DDF10101931000609BBB0000000000487AB02CE949B90C_}
              x{BC26F4C80000000000000000}
            x{2_}
             x{6800A4BAF36B13E3AE770F28659A34B2D81F38859E8C08CF776F2BB4B44180438271001F33C9E03834F86C2DA0166D0212C129A321D08D5D171B4080758BCF48863C4D90101931000609BBB0000000000487AB04CE949B90C_}
              x{BC26F4C80000000000000001}
           x{2_}
            x{2_}
             x{E00292EBCDAC4F8EB9DC3CA19668D2CB607CE2167A30233DDDBCAED2D106010E09C0000000000487AB06CE949B90C_}
              x{8B6D3812000000000000000000000000801028CD38D6A9FB165BB1D27554DCBBC8B7A064E07EF4C3832956828113614F5448B2D05E01_}
            x{2_}
             x{4800A4BAF36B13E3AE770F28659A34B2D81F38859E8C08CF776F2BB4B44180438271002E74930F029149EC08380972A5584C717AD4204A4455F097F5E5877CB40E86DA90BCA4384C0656E1D8000000000487AB08CE949B91E_}
              x{34_}
               x{FF00F4A413F4BCF2C80B}
                x{62_}
                 x{D001D0D3030171B0A301FA400120D74981010BBAF2E08820D70B0A208104FFBAF2D0898309BAF2E088545053036F04F86102F862DB3C5512DB3CF2E082}
                  x{ED44D0D401F863D200018E2FD31FFA400120D74981010BBAF2E08820D70B0A208104FFBAF2D0898309BAF2E08801D2000191D4926D01E255206C13E0F828D70B0A8309BAF2E089810101D700FA400120D74981010BBAF2E08820D70B0A208104FFBAF2D0898309BAF2E0881202D101DB3C}
                   x{6D}
                  x{0192307FE07021D749C21F953020D70B1FDE208210AFE93535BA8F5130D31F018210AFE93535BAF2E081D33FFA400120D74981010BBAF2E08820D70B0A208104FFBAF2D0898309BAF2E08801D455206C1332820898968070FB024434DB3C30037083067055206D6D6DDB3C597FE0208210B8A3AA14BAE302}
                   x{F8425220C705F2E084}
                   x{C87101CA01500701CA007001CA02500520D74981010BBAF2E08820D70B0A208104FFBAF2D0898309BAF2E088CF165003FA027001CA68236EB3917F93246EB3E2973333017001CA00E30D216EB39C7F01CA0001206EF2D08001CC95317001CA00E2C901FB00}
                    x{7F01CA00C87001CA007001CA00246EB39D7F01CA0004206EF2D0805004CC9634037001CA00E2246EB39D7F01CA0004206EF2D0805004CC9634037001CA00E27001CA00027F01CA0002C958CC}
                   x{30D31F018210B8A3AA14BAF2E081D33FFA400120D74981010BBAF2E08820D70B0A208104FFBAF2D0898309BAF2E088126C12317020FB025520DB3C03708100A07055206D6D6DDB3C587F}
                    x{F8425220C705F2E084}
                    x{C87101CA01500701CA007001CA02500520D74981010BBAF2E08820D70B0A208104FFBAF2D0898309BAF2E088CF165003FA027001CA68236EB3917F93246EB3E2973333017001CA00E30D216EB39C7F01CA0001206EF2D08001CC95317001CA00E2C901FB00}
                     x{7F01CA00C87001CA007001CA00246EB39D7F01CA0004206EF2D0805004CC9634037001CA00E2246EB39D7F01CA0004206EF2D0805004CC9634037001CA00E27001CA00027F01CA0002C958CC}
                   x{8210E601F8E5BA8ECED31F018210E601F8E5BAF2E081D33F0131820898968070FB02F8416F2410235F037083067F25206EF2D080542580C855208210B687AB175004CB1F12CB3FCB1FCCC9103441301443306D6DDB3C7FE03070}
                    x{C87101CA01500701CA007001CA02500520D74981010BBAF2E08820D70B0A208104FFBAF2D0898309BAF2E088CF165003FA027001CA68236EB3917F93246EB3E2973333017001CA00E30D216EB39C7F01CA0001206EF2D08001CC95317001CA00E2C901FB00}
                     x{7F01CA00C87001CA007001CA00246EB39D7F01CA0004206EF2D0805004CC9634037001CA00E2246EB39D7F01CA0004206EF2D0805004CC9634037001CA00E27001CA00027F01CA0002C958CC}
                  x{C8F84301CC7F01CA0055205023CB1F0120D74981010BBAF2E08820D70B0A208104FFBAF2D0898309BAF2E088CF16216EB3957F01CA00CC947032CA00E2C9ED54}
                 x{2_}
                  x{BE28EED9E6D9E3618C_}
                   x{ED44D0D401F863D200018E2FD31FFA400120D74981010BBAF2E08820D70B0A208104FFBAF2D0898309BAF2E08801D2000191D4926D01E255206C13E0F828D70B0A8309BAF2E089810101D700FA400120D74981010BBAF2E08820D70B0A208104FFBAF2D0898309BAF2E0881202D101DB3C}
                    x{6D}
                   x{21}
                  x{2_}
                   x{4}
                    x{B1D8B6CF36CF1B0C6_}
                     x{ED44D0D401F863D200018E2FD31FFA400120D74981010BBAF2E08820D70B0A208104FFBAF2D0898309BAF2E08801D2000191D4926D01E255206C13E0F828D70B0A8309BAF2E089810101D700FA400120D74981010BBAF2E08820D70B0A208104FFBAF2D0898309BAF2E0881202D101DB3C}
                      x{6D}
                     x{20}
                    x{B36436CF36CF1B0C6_}
                     x{ED44D0D401F863D200018E2FD31FFA400120D74981010BBAF2E08820D70B0A208104FFBAF2D0898309BAF2E08801D2000191D4926D01E255206C13E0F828D70B0A8309BAF2E089810101D700FA400120D74981010BBAF2E08820D70B0A208104FFBAF2D0898309BAF2E0881202D101DB3C}
                      x{6D}
                     x{22}
                   x{B82BEED44D0D20001}
               x{0000000000000000000000000000000000000000000000000000000000000000200292EBCDAC4F8EB9DC3CA19668D2CB607CE2167A30233DDDBCAED2D106010E09C4_}
                x{C_}
                 x{A0838F_}
                  x{FF00F4A413F4BCF2C80B}
                   x{62_}
                    x{D001D0D3030171B0A301FA400120D74981010BBAF2E08820D70B0A208104FFBAF2D0898309BAF2E088545053036F04F86102F862DB3C5512DB3CF2E082}
                     x{ED44D0D401F863D200018E2FD31FFA400120D74981010BBAF2E08820D70B0A208104FFBAF2D0898309BAF2E08801D2000191D4926D01E255206C13E0F828D70B0A8309BAF2E089810101D700FA400120D74981010BBAF2E08820D70B0A208104FFBAF2D0898309BAF2E0881202D101DB3C}
                      x{6D}
                     x{0192307FE07021D749C21F953020D70B1FDE208210AFE93535BA8F5130D31F018210AFE93535BAF2E081D33FFA400120D74981010BBAF2E08820D70B0A208104FFBAF2D0898309BAF2E08801D455206C1332820898968070FB024434DB3C30037083067055206D6D6DDB3C597FE0208210B8A3AA14BAE302}
                      x{F8425220C705F2E084}
                      x{C87101CA01500701CA007001CA02500520D74981010BBAF2E08820D70B0A208104FFBAF2D0898309BAF2E088CF165003FA027001CA68236EB3917F93246EB3E2973333017001CA00E30D216EB39C7F01CA0001206EF2D08001CC95317001CA00E2C901FB00}
                       x{7F01CA00C87001CA007001CA00246EB39D7F01CA0004206EF2D0805004CC9634037001CA00E2246EB39D7F01CA0004206EF2D0805004CC9634037001CA00E27001CA00027F01CA0002C958CC}
                      x{30D31F018210B8A3AA14BAF2E081D33FFA400120D74981010BBAF2E08820D70B0A208104FFBAF2D0898309BAF2E088126C12317020FB025520DB3C03708100A07055206D6D6DDB3C587F}
                       x{F8425220C705F2E084}
                       x{C87101CA01500701CA007001CA02500520D74981010BBAF2E08820D70B0A208104FFBAF2D0898309BAF2E088CF165003FA027001CA68236EB3917F93246EB3E2973333017001CA00E30D216EB39C7F01CA0001206EF2D08001CC95317001CA00E2C901FB00}
                        x{7F01CA00C87001CA007001CA00246EB39D7F01CA0004206EF2D0805004CC9634037001CA00E2246EB39D7F01CA0004206EF2D0805004CC9634037001CA00E27001CA00027F01CA0002C958CC}
                      x{8210E601F8E5BA8ECED31F018210E601F8E5BAF2E081D33F0131820898968070FB02F8416F2410235F037083067F25206EF2D080542580C855208210B687AB175004CB1F12CB3FCB1FCCC9103441301443306D6DDB3C7FE03070}
                       x{C87101CA01500701CA007001CA02500520D74981010BBAF2E08820D70B0A208104FFBAF2D0898309BAF2E088CF165003FA027001CA68236EB3917F93246EB3E2973333017001CA00E30D216EB39C7F01CA0001206EF2D08001CC95317001CA00E2C901FB00}
                        x{7F01CA00C87001CA007001CA00246EB39D7F01CA0004206EF2D0805004CC9634037001CA00E2246EB39D7F01CA0004206EF2D0805004CC9634037001CA00E27001CA00027F01CA0002C958CC}
                     x{C8F84301CC7F01CA0055205023CB1F0120D74981010BBAF2E08820D70B0A208104FFBAF2D0898309BAF2E088CF16216EB3957F01CA00CC947032CA00E2C9ED54}
                    x{2_}
                     x{BE28EED9E6D9E3618C_}
                      x{ED44D0D401F863D200018E2FD31FFA400120D74981010BBAF2E08820D70B0A208104FFBAF2D0898309BAF2E08801D2000191D4926D01E255206C13E0F828D70B0A8309BAF2E089810101D700FA400120D74981010BBAF2E08820D70B0A208104FFBAF2D0898309BAF2E0881202D101DB3C}
                       x{6D}
                      x{21}
                     x{2_}
                      x{4}
                       x{B1D8B6CF36CF1B0C6_}
                        x{ED44D0D401F863D200018E2FD31FFA400120D74981010BBAF2E08820D70B0A208104FFBAF2D0898309BAF2E08801D2000191D4926D01E255206C13E0F828D70B0A8309BAF2E089810101D700FA400120D74981010BBAF2E08820D70B0A208104FFBAF2D0898309BAF2E0881202D101DB3C}
                         x{6D}
                        x{20}
                       x{B36436CF36CF1B0C6_}
                        x{ED44D0D401F863D200018E2FD31FFA400120D74981010BBAF2E08820D70B0A208104FFBAF2D0898309BAF2E08801D2000191D4926D01E255206C13E0F828D70B0A8309BAF2E089810101D700FA400120D74981010BBAF2E08820D70B0A208104FFBAF2D0898309BAF2E0881202D101DB3C}
                         x{6D}
                        x{22}
                      x{B82BEED44D0D20001}
              x{B8A3AA140000000000000000801D3E5E1B0970E52ABD4EA639AED542E118FE33D2F03FE072737A6B74A8FDC2C69_}
         x{72FB8C65380F99EC4B6C5956121A0FD24A9F17FF251C6A01B470F93EF9820E8D768442DFE798DDBB430F803024FFD10C6616D18320E20013649945F8D34D608A04}
         x{04090E51839CD88036E99E11_}
          x{602324EC3D09000000000000000007BF00000000000000000000000000000000000000000000000000000000000000000000000000000000000000000000000000000000000000000000000000000000}
          x{C9AC8D784C8FB95000000000000A00020000000870BA97418920FFE103EEBF1DE27BC4153BF266F30A518B77030335B27E783F1048913B24_},
        hash: [Function: hash],
        blockchainLogs: '[ 4][t 0][2024-10-30 23:27:04.983000][transaction.cpp:443]\tunpacking account 525D79B589F1D73B879432CD1A596C0F9C42CF460467BBB795DA5A20C021C138\n' +
          '[ 4][t 0][2024-10-30 23:27:04.983000][transaction.cpp:274]\tlast_paid=1732922824; cells=232 bits=84034 public_cells=0\n' +
          '[ 4][t 0][2024-10-30 23:27:04.983000][transaction.cpp:504]\tend of Account.unpack() for 0:525D79B589F1D73B879432CD1A596C0F9C42CF460467BBB795DA5A20C021C138 (balance = 3100000000ng ; last_trans_lt = 36000000..36000002)\n' +
          '[ 4][t 0][2024-10-30 23:27:04.983000][transaction.cpp:3655]\tblock random seed set to 0000000000000000000000000000000000000000000000000000000000000000\n' +
          '[ 4][t 0][2024-10-30 23:27:04.983000][transaction.cpp:1236]\tgas limits: max=1000000, limit=1000000, credit=0\n' +
          '[ 4][t 0][2024-10-30 23:27:04.983000][transaction.cpp:1575]\tin_msg_state is null\n' +
          '[ 4][t 0][2024-10-30 23:27:04.983000][transaction.cpp:1645]\tcreating VM\n' +
          '[ 4][t 0][2024-10-30 23:27:04.983000][transaction.cpp:1351]\tSmartContractInfo initialized with [ 124711402 0 0 1732922824 38000000 38000000 14068792954309835536948273256715513127174070948738620016199408580766834334284 [ 4060892531 (null) ] CS{Cell{0271c00525d79b589f1d73b879432cd1a596c0f9c42cf460467bbb795da5a20c021c1383d0c05210833a526e4000000000089544092e318fc01340} bits: 1..268; refs: 0..0} C{A7EC01478F770EF8F8B037CC7E42F0ABF0D85A50E1828C2394DAD1411691F2DE} C{42B6F0E46484EFC57B9508F6BA7EF42E7512023D5CB4ED5628DD1C7755D16E9D} [ 960892531 (null) ] 0 (null) [ CS{Cell{004dd06600000000000000000000000080000000000000fa00000000000001f4000000000003d09040} bits: 9..305; refs: 0..0} (null) CS{Cell{0094d1000000000000006400000000000f4240de000000002710000000000000000f42400000000002160ec0000000000000271000000000002625a00000000005f5e100000000003b9aca00} bits: 0..592; refs: 0..0} CS{Cell{0094d100000000000000640000000000009c40de000000000190000000000000000f424000000000000f4240000000000000271000000000009896800000000005f5e100000000003b9aca00} bits: 0..592; refs: 0..0} CS{Cell{0042ea000000000098968000000000271000000000000f424000000001800055555555} bits: 0..264; refs: 0..0} CS{Cell{0042ea0000000000061a800000000001900000000000009c4000000001800055555555} bits: 0..264; refs: 0..0} (null) ] 0 (null) ]\n' +
          '[ 4][t 0][2024-10-30 23:27:04.983000][transaction.cpp:1675]\tstarting VM\n' +
          '[ 4][t 0][2024-10-30 23:27:04.985000][transaction.cpp:1680]\tVM terminated with exit code 0\n' +
          '[ 3][t 0][2024-10-30 23:27:04.985000][transaction.cpp:1702]\tsteps: 1983 gas: used=71975, max=1000000, limit=1000000, credit=0\n' +
          '[ 3][t 0][2024-10-30 23:27:04.985000][transaction.cpp:1704]\tout_of_gas=false, accepted=true, success=true, time=0.001842s\n' +
          '[ 4][t 0][2024-10-30 23:27:04.985000][transaction.cpp:1737]\tgas fees: 28790000 = 26214400 * 71975 /2^16 ; price=26214400; flat rate=[40000 for 100]; remaining balance=4032102531ng\n' +
          '[ 3][t 0][2024-10-30 23:27:04.985000][transaction.cpp:2678]\tin try_action_reserve_currency(0)\n' +
          '[ 4][t 0][2024-10-30 23:27:04.985000][transaction.cpp:2684]\taction_reserve_currency: mode=0, reserve=3100000000ng, balance=4032102531ng, original balance=3100000000ng\n' +
          '[ 3][t 0][2024-10-30 23:27:04.985000][transaction.cpp:2729]\tchanged remaining balance to 932102531ng, reserved balance to 3100000000ng\n' +
          '[ 4][t 0][2024-10-30 23:27:04.985000][transaction.cpp:2448]\tstorage paid for a message: 1 cells, 96 bits\n' +
          '[ 4][t 0][2024-10-30 23:27:04.985000][transaction.cpp:2452]\tcomputed fwd fees = 478400 + 0\n' +
          '[ 4][t 0][2024-10-30 23:27:04.985000][transaction.cpp:2448]\tstorage paid for a message: 1 cells, 96 bits\n' +
          '[ 4][t 0][2024-10-30 23:27:04.985000][transaction.cpp:2452]\tcomputed fwd fees = 478400 + 0\n' +
          '[ 4][t 0][2024-10-30 23:27:04.985000][transaction.cpp:2448]\tstorage paid for a message: 1 cells, 431 bits\n' +
          '[ 4][t 0][2024-10-30 23:27:04.985000][transaction.cpp:2452]\tcomputed fwd fees = 612400 + 0\n' +
          '[ 4][t 0][2024-10-30 23:27:04.985000][transaction.cpp:2448]\tstorage paid for a message: 27 cells, 6976 bits\n' +
          '[ 4][t 0][2024-10-30 23:27:04.985000][transaction.cpp:2452]\tcomputed fwd fees = 4270400 + 0\n',
        vmLogs: 'xecute EQUAL\n' +
          'execute THROWIF 137\n' +
          'execute PUSHPOW2 10\n' +
          'execute EQUAL\n' +
          'execute THROWIFNOT 136\n' +
          'execute STSLICER\n' +
          'execute ENDC\n' +
          'execute ROT\n' +
          'execute STREF\n' +
          'execute ENDC\n' +
          'execute SWAP\n' +
          'execute STREF\n' +
          'execute implicit RET\n' +
          'execute ENDC\n' +
          'execute POP c4\n' +
          'execute implicit RET\n',
        debugLogs: '',
        events: [ [Object], [Object], [Object] ],
        parent: {
          address: 84049441022908470316622795825605090351520748406577698494615284512509455375210n,
          lt: 37000000n,
          prevTransactionHash: 100853058431154594898186522750678364535194577410131013041122308022915934214666n,
          prevTransactionLt: 29000000n,
          now: 1732922824,
          outMessagesCount: 1,
          oldStatus: 'active',
          endStatus: 'active',
          inMessage: [Object],
          outMessages: [Dictionary],
          totalFees: [Object],
          stateUpdate: [Object],
          description: [Object],
          raw: x{7B9D24C3C0A4527B020E025CA956131C5EB5081291157C25FD7961DF2D03A1B6A0000000002349340DEF8CEE67C19932BBB49EDF104113B5D19BC6B941C381B6D5887B91499385A0A0000000001BA8140674A4DC80003468F1A12}
           x{E_}
            x{6800A4BAF36B13E3AE770F28659A34B2D81F38859E8C08CF776F2BB4B44180438271002E74930F029149EC08380972A5584C717AD4204A4455F097F5E5877CB40E86DA90E65816AC0609BBB000000000044AA202CE949B907300FC7280000000000000004_}
            x{DF_}
             x{680173A49878148A4F6041C04B952AC2638BD6A1025222AF84BFAF2C3BE5A07436D50014975E6D627C75CEE1E50CB346965B03E710B3D18119EEEDE57696883008704E10E51839CC0610D45E0000000004692682CE949B90C_}
              x{B687AB17000000000000000000000000}
               x{02A07735940207735940211E1A3001F270E022CB417803391606433935AA43391606433A526E40000000000000000C_}
                x{801028CD38D6A9FB165BB1D27554DCBBC8B7A064E07EF4C3832956828113614F545_}
           x{728B979713A444FC1F129DC4D54D49E41DA2DDB2F7D4D745CFEC52E72ACEEF1A29A7659BB70CDA1D4E5766B4656CE15156F8FA2EEE1C52927A3C4CC82973265B02}
           x{04C32FDA090E65816AD866D31211_}
            x{445E2C3D09000000000000000000FE00000000000000000000000000000000000000000000000000000000000000000000000000000000000000000000000000000000000000000000000000000000}
            x{C9864FA04C10D444000000000004000200000002DD075CFDA4E026095AA902AF93BB325A17CBD764F9165A25A2A09D5D789297BE41102E0C_},
          hash: [Function: hash],
          blockchainLogs: '[ 4][t 0][2024-10-30 23:27:04.980000][transaction.cpp:443]\tunpacking account B9D24C3C0A4527B020E025CA956131C5EB5081291157C25FD7961DF2D03A1B6A\n' +
            '[ 4][t 0][2024-10-30 23:27:04.980000][transaction.cpp:274]\tlast_paid=1730330824; cells=28 bits=7123 public_cells=0\n' +
            '[ 4][t 0][2024-10-30 23:27:04.980000][transaction.cpp:504]\tend of Account.unpack() for 0:B9D24C3C0A4527B020E025CA956131C5EB5081291157C25FD7961DF2D03A1B6A (balance = 10000000ng ; last_trans_lt = 29000000..29000002)\n' +
            '[ 4][t 0][2024-10-30 23:27:04.980000][transaction.cpp:3655]\tblock random seed set to 0000000000000000000000000000000000000000000000000000000000000000\n' +
            '[ 4][t 0][2024-10-30 23:27:04.980000][transaction.cpp:1236]\tgas limits: max=1000000, limit=1000000, credit=0\n' +
            '[ 4][t 0][2024-10-30 23:27:04.980000][transaction.cpp:1575]\tin_msg_state is null\n' +
            '[ 4][t 0][2024-10-30 23:27:04.980000][transaction.cpp:1645]\tcreating VM\n' +
            '[ 4][t 0][2024-10-30 23:27:04.980000][transaction.cpp:1351]\tSmartContractInfo initialized with [ 124711402 0 0 1732922824 37000000 37000000 84630195367514639409622924175749312199831056191303332875639359062248049886761 [ 975297731 (null) ] CS{Cell{026dc00b9d24c3c0a4527b020e025ca956131c5eb5081291157c25fd7961df2d03a1b6a23886f4c3391606400000000006ea0508e625a01340} bits: 1..268; refs: 0..0} C{A7EC01478F770EF8F8B037CC7E42F0ABF0D85A50E1828C2394DAD1411691F2DE} C{F2179DCD5CFD8A1E113288591FFB7A5E10E107D0D2C36DF69E40398023DAA7B1} [ 966133163 (null) ] 835432 (null) [ CS{Cell{004dd06600000000000000000000000080000000000000fa00000000000001f4000000000003d09040} bits: 9..305; refs: 0..0} (null) CS{Cell{0094d1000000000000006400000000000f4240de000000002710000000000000000f42400000000002160ec0000000000000271000000000002625a00000000005f5e100000000003b9aca00} bits: 0..592; refs: 0..0} CS{Cell{0094d100000000000000640000000000009c40de000000000190000000000000000f424000000000000f4240000000000000271000000000009896800000000005f5e100000000003b9aca00} bits: 0..592; refs: 0..0} CS{Cell{0042ea000000000098968000000000271000000000000f424000000001800055555555} bits: 0..264; refs: 0..0} CS{Cell{0042ea0000000000061a800000000001900000000000009c4000000001800055555555} bits: 0..264; refs: 0..0} (null) ] 0 (null) ]\n' +
            '[ 4][t 0][2024-10-30 23:27:04.980000][transaction.cpp:1675]\tstarting VM\n' +
            '[ 4][t 0][2024-10-30 23:27:04.980000][transaction.cpp:1680]\tVM terminated with exit code 0\n' +
            '[ 3][t 0][2024-10-30 23:27:04.980000][transaction.cpp:1702]\tsteps: 254 gas: used=8945, max=1000000, limit=1000000, credit=0\n' +
            '[ 3][t 0][2024-10-30 23:27:04.980000][transaction.cpp:1704]\tout_of_gas=false, accepted=true, success=true, time=0.000254s\n' +
            '[ 4][t 0][2024-10-30 23:27:04.980000][transaction.cpp:1737]\tgas fees: 3578000 = 26214400 * 8945 /2^16 ; price=26214400; flat rate=[40000 for 100]; remaining balance=971719731ng\n' +
            '[ 3][t 0][2024-10-30 23:27:04.980000][transaction.cpp:2678]\tin try_action_reserve_currency(0)\n' +
            '[ 4][t 0][2024-10-30 23:27:04.980000][transaction.cpp:2684]\taction_reserve_currency: mode=0, reserve=10000000ng, balance=971719731ng, original balance=9164568ng\n' +
            '[ 3][t 0][2024-10-30 23:27:04.980000][transaction.cpp:2729]\tchanged remaining balance to 961719731ng, reserved balance to 10000000ng\n' +
            '[ 4][t 0][2024-10-30 23:27:04.980000][transaction.cpp:2448]\tstorage paid for a message: 3 cells, 768 bits\n' +
            '[ 4][t 0][2024-10-30 23:27:04.980000][transaction.cpp:2452]\tcomputed fwd fees = 827200 + 0\n',
          vmLogs: 'ecute STSLICER\n' +
            'execute OVER\n' +
            'execute ISNULL\n' +
            'execute NOT\n' +
            'execute PUSHCONT x7F01CA00CC\n' +
            'execute PUSHCONT x7032CA00\n' +
            'execute IFELSE\n' +
            'execute PUSHINT -1\n' +
            'execute SWAP\n' +
            'execute STI 1\n' +
            'execute STREF\n' +
            'execute implicit RET\n' +
            'execute ENDC\n' +
            'execute POP c4\n' +
            'execute implicit RET\n',
          debugLogs: '',
          events: [Array],
          parent: [Object],
          children: [Array],
          externals: []
        },
        children: [ [Object], [Object], [Object] ],
        externals: [ [Object] ]
      },
      {
        address: 101852738109603725607761920797369865272772728943991090530178890834824226043772n,
        lt: 39000000n,
        prevTransactionHash: 18823896571104462826005349536524258397277804136907730778076281425368745507883n,
        prevTransactionLt: 27000000n,
        now: 1732922824,
        outMessagesCount: 1,
        oldStatus: 'active',
        endStatus: 'active',
        inMessage: { info: [Object], init: null, body: x{BC26F4C80000000000000000} },
        outMessages: Dictionary { _key: [Object], _value: [Object], _map: [Map] },
        totalFees: { coins: 5334831n },
        stateUpdate: {
          oldHash: <Buffer 4c a9 12 fb 6c f9 3b fd 74 87 ab d9 6b 6c 83 14 f9 93 ac 2e 8c d5 25 14 72 f3 c7 a6 7d 23 bf 24>,
          newHash: <Buffer f7 0c 1e 7f 5c 48 e1 b5 b8 3f 7d c0 a1 c2 28 93 5c e2 80 06 03 48 33 b2 5e f5 e8 a8 91 ae ea 63>
        },
        description: {
          type: 'generic',
          creditFirst: false,
          storagePhase: [Object],
          creditPhase: [Object],
          computePhase: [Object],
          actionPhase: [Object],
          bouncePhase: undefined,
          aborted: false,
          destroyed: false
        },
        raw: x{7E12E9B5A9ADF7C908B113242524E81F00F28287FE1829FB614C604014052777C00000000025317C0299DF2A96A191722C03605517B8ADAB356B3FFAA668810CC7464B99F14CBFC2B00000000019BFCC0674A4DC8000346A2CE5E}
         x{E_}
          x{6800A4BAF36B13E3AE770F28659A34B2D81F38859E8C08CF776F2BB4B4418043827100384BA6D6A6B7DF2422C44C909493A07C03CA0A1FF860A7ED8531810050149DDF10101931000609BBB0000000000487AB02CE949B905E137A6400000000000000004_}
          x{DF_}
           x{6801C25D36B535BEF92116226484A49D03E01E5050FFC3053F6C298C080280A4EEF90014975E6D627C75CEE1E50CB346965B03E710B3D18119EEEDE57696883008704E101119EF88060DFF5E0000000004A62F82CE949B90C_}
            x{2A004A0500000000000000000000000000000000000000000000000000000000000000000000000000000000400B75A3E1A6460F415CE3721F308920C4B456F3B977F39EB26CED9155308A976CC}
         x{724CA912FB6CF93BFD7487ABD96B6C8314F993AC2E8CD5251472F3C7A67D23BF24F70C1E7F5C48E1B5B83F7DC0A1C228935CE28006034833B25EF5E8A891AEEA63}
         x{04C4360789010193101867A1E811_}
          x{44E28C0A4D9000000000000000013D00000000000000000000000000000000000000000000000000000000000000000000000000000000000000000000000000000000000000000000000000000000}
          x{C9853FC04C0DFF44000000000002000000000003012C6B64FF35A2229481D1D656ED00986D336133CEC0CF97D95A4B52C67677FC4090296C_},
        hash: [Function: hash],
        blockchainLogs: '[ 4][t 0][2024-10-30 23:27:04.990000][transaction.cpp:443]\tunpacking account E12E9B5A9ADF7C908B113242524E81F00F28287FE1829FB614C604014052777C\n' +
          '[ 4][t 0][2024-10-30 23:27:04.990000][transaction.cpp:274]\tlast_paid=1730330824; cells=30 bits=12911 public_cells=0\n' +
          '[ 4][t 0][2024-10-30 23:27:04.990000][transaction.cpp:504]\tend of Account.unpack() for 0:E12E9B5A9ADF7C908B113242524E81F00F28287FE1829FB614C604014052777C (balance = 10000000ng ; last_trans_lt = 27000000..27000002)\n' +
          '[ 4][t 0][2024-10-30 23:27:04.990000][transaction.cpp:3655]\tblock random seed set to 0000000000000000000000000000000000000000000000000000000000000000\n' +
          '[ 4][t 0][2024-10-30 23:27:04.990000][transaction.cpp:1236]\tgas limits: max=191044, limit=168804, credit=0\n' +
          '[ 4][t 0][2024-10-30 23:27:04.990000][transaction.cpp:1575]\tin_msg_state is null\n' +
          '[ 4][t 0][2024-10-30 23:27:04.990000][transaction.cpp:1645]\tcreating VM\n' +
          '[ 4][t 0][2024-10-30 23:27:04.990000][transaction.cpp:1351]\tSmartContractInfo initialized with [ 124711402 0 0 1732922824 39000000 39000000 43870772645377937883531240781324653013999287705787709612543318804107744319189 [ 76417698 (null) ] CS{Cell{026dc00e12e9b5a9adf7c908b113242524e81f00f28287fe1829fb614c604014052777c23c8c9bc33916064000000000066ff308e625a01340} bits: 1..268; refs: 0..0} C{A7EC01478F770EF8F8B037CC7E42F0ABF0D85A50E1828C2394DAD1411691F2DE} C{33BB148A451AD17F938AA7C476E48F2B79933715F13F1D58F9234A90730321A8} [ 67521600 (null) ] 1103902 (null) [ CS{Cell{004dd06600000000000000000000000080000000000000fa00000000000001f4000000000003d09040} bits: 9..305; refs: 0..0} (null) CS{Cell{0094d1000000000000006400000000000f4240de000000002710000000000000000f42400000000002160ec0000000000000271000000000002625a00000000005f5e100000000003b9aca00} bits: 0..592; refs: 0..0} CS{Cell{0094d100000000000000640000000000009c40de000000000190000000000000000f424000000000000f4240000000000000271000000000009896800000000005f5e100000000003b9aca00} bits: 0..592; refs: 0..0} CS{Cell{0042ea000000000098968000000000271000000000000f424000000001800055555555} bits: 0..264; refs: 0..0} CS{Cell{0042ea0000000000061a800000000001900000000000009c4000000001800055555555} bits: 0..264; refs: 0..0} (null) ] 0 (null) ]\n' +
          '[ 4][t 0][2024-10-30 23:27:04.990000][transaction.cpp:1675]\tstarting VM\n' +
          '[ 4][t 0][2024-10-30 23:27:04.991000][transaction.cpp:1680]\tVM terminated with exit code 0\n' +
          '[ 3][t 0][2024-10-30 23:27:04.991000][transaction.cpp:1702]\tsteps: 317 gas: used=10004, max=191044, limit=168804, credit=0\n' +
          '[ 3][t 0][2024-10-30 23:27:04.991000][transaction.cpp:1704]\tout_of_gas=false, accepted=true, success=true, time=0.000307s\n' +
          '[ 4][t 0][2024-10-30 23:27:04.991000][transaction.cpp:1737]\tgas fees: 4001600 = 26214400 * 10004 /2^16 ; price=26214400; flat rate=[40000 for 100]; remaining balance=72416098ng\n' +
          '[ 4][t 0][2024-10-30 23:27:04.991000][transaction.cpp:2448]\tstorage paid for a message: 1 cells, 620 bits\n' +
          '[ 4][t 0][2024-10-30 23:27:04.991000][transaction.cpp:2452]\tcomputed fwd fees = 688000 + 0\n',
        vmLogs: 'e implicit RET\n' +
          'execute OVER\n' +
          'execute ISNULL\n' +
          'execute NOT\n' +
          'execute PUSHCONT x7F01CA00CC\n' +
          'execute PUSHCONT x7032CA00\n' +
          'execute IFELSE\n' +
          'execute PUSHINT -1\n' +
          'execute SWAP\n' +
          'execute STI 1\n' +
          'execute STREF\n' +
          'execute implicit RET\n' +
          'execute ENDC\n' +
          'execute POP c4\n' +
          'execute implicit RET\n',
        debugLogs: '',
        events: [ [Object] ],
        parent: {
          address: 37254810366437813475271750514734067285117962570475561289538093995582013161784n,
          lt: 38000000n,
          prevTransactionHash: 29062411643597598020007387718043535435057101295392444503629623870505566197349n,
          prevTransactionLt: 36000000n,
          now: 1732922824,
          outMessagesCount: 4,
          oldStatus: 'active',
          endStatus: 'active',
          inMessage: [Object],
          outMessages: [Dictionary],
          totalFees: [Object],
          stateUpdate: [Object],
          description: [Object],
          raw: x{7525D79B589F1D73B879432CD1A596C0F9C42CF460467BBB795DA5A20C021C138000000000243D5804040BDF838F07AA648EC26CE0BFC6B9AF54E8DFFC31A4A6C55FF65764F31D6650000000002255100674A4DC800094803B67688}
           x{E_}
            x{680173A49878148A4F6041C04B952AC2638BD6A1025222AF84BFAF2C3BE5A07436D50014975E6D627C75CEE1E50CB346965B03E710B3D18119EEEDE57696883008704E10E51839CC0610D45E0000000004692682CE949B905B43D58B8000000000000000000000004_}
             x{02A07735940207735940211E1A3001F270E022CB417803391606433935AA43391606433A526E40000000000000000C_}
              x{801028CD38D6A9FB165BB1D27554DCBBC8B7A064E07EF4C3832956828113614F545_}
            x{DB_}
             x{2_}
              x{2_}
               x{6800A4BAF36B13E3AE770F28659A34B2D81F38859E8C08CF776F2BB4B4418043827100384BA6D6A6B7DF2422C44C909493A07C03CA0A1FF860A7ED8531810050149DDF10101931000609BBB0000000000487AB02CE949B90C_}
                x{BC26F4C80000000000000000}
              x{2_}
               x{6800A4BAF36B13E3AE770F28659A34B2D81F38859E8C08CF776F2BB4B44180438271001F33C9E03834F86C2DA0166D0212C129A321D08D5D171B4080758BCF48863C4D90101931000609BBB0000000000487AB04CE949B90C_}
                x{BC26F4C80000000000000001}
             x{2_}
              x{2_}
               x{E00292EBCDAC4F8EB9DC3CA19668D2CB607CE2167A30233DDDBCAED2D106010E09C0000000000487AB06CE949B90C_}
                x{8B6D3812000000000000000000000000801028CD38D6A9FB165BB1D27554DCBBC8B7A064E07EF4C3832956828113614F5448B2D05E01_}
              x{2_}
               x{4800A4BAF36B13E3AE770F28659A34B2D81F38859E8C08CF776F2BB4B44180438271002E74930F029149EC08380972A5584C717AD4204A4455F097F5E5877CB40E86DA90BCA4384C0656E1D8000000000487AB08CE949B91E_}
                x{34_}
                 x{FF00F4A413F4BCF2C80B}
                  x{62_}
                   x{D001D0D3030171B0A301FA400120D74981010BBAF2E08820D70B0A208104FFBAF2D0898309BAF2E088545053036F04F86102F862DB3C5512DB3CF2E082}
                    x{ED44D0D401F863D200018E2FD31FFA400120D74981010BBAF2E08820D70B0A208104FFBAF2D0898309BAF2E08801D2000191D4926D01E255206C13E0F828D70B0A8309BAF2E089810101D700FA400120D74981010BBAF2E08820D70B0A208104FFBAF2D0898309BAF2E0881202D101DB3C}
                     x{6D}
                    x{0192307FE07021D749C21F953020D70B1FDE208210AFE93535BA8F5130D31F018210AFE93535BAF2E081D33FFA400120D74981010BBAF2E08820D70B0A208104FFBAF2D0898309BAF2E08801D455206C1332820898968070FB024434DB3C30037083067055206D6D6DDB3C597FE0208210B8A3AA14BAE302}
                     x{F8425220C705F2E084}
                     x{C87101CA01500701CA007001CA02500520D74981010BBAF2E08820D70B0A208104FFBAF2D0898309BAF2E088CF165003FA027001CA68236EB3917F93246EB3E2973333017001CA00E30D216EB39C7F01CA0001206EF2D08001CC95317001CA00E2C901FB00}
                      x{7F01CA00C87001CA007001CA00246EB39D7F01CA0004206EF2D0805004CC9634037001CA00E2246EB39D7F01CA0004206EF2D0805004CC9634037001CA00E27001CA00027F01CA0002C958CC}
                     x{30D31F018210B8A3AA14BAF2E081D33FFA400120D74981010BBAF2E08820D70B0A208104FFBAF2D0898309BAF2E088126C12317020FB025520DB3C03708100A07055206D6D6DDB3C587F}
                      x{F8425220C705F2E084}
                      x{C87101CA01500701CA007001CA02500520D74981010BBAF2E08820D70B0A208104FFBAF2D0898309BAF2E088CF165003FA027001CA68236EB3917F93246EB3E2973333017001CA00E30D216EB39C7F01CA0001206EF2D08001CC95317001CA00E2C901FB00}
                       x{7F01CA00C87001CA007001CA00246EB39D7F01CA0004206EF2D0805004CC9634037001CA00E2246EB39D7F01CA0004206EF2D0805004CC9634037001CA00E27001CA00027F01CA0002C958CC}
                     x{8210E601F8E5BA8ECED31F018210E601F8E5BAF2E081D33F0131820898968070FB02F8416F2410235F037083067F25206EF2D080542580C855208210B687AB175004CB1F12CB3FCB1FCCC9103441301443306D6DDB3C7FE03070}
                      x{C87101CA01500701CA007001CA02500520D74981010BBAF2E08820D70B0A208104FFBAF2D0898309BAF2E088CF165003FA027001CA68236EB3917F93246EB3E2973333017001CA00E30D216EB39C7F01CA0001206EF2D08001CC95317001CA00E2C901FB00}
                       x{7F01CA00C87001CA007001CA00246EB39D7F01CA0004206EF2D0805004CC9634037001CA00E2246EB39D7F01CA0004206EF2D0805004CC9634037001CA00E27001CA00027F01CA0002C958CC}
                    x{C8F84301CC7F01CA0055205023CB1F0120D74981010BBAF2E08820D70B0A208104FFBAF2D0898309BAF2E088CF16216EB3957F01CA00CC947032CA00E2C9ED54}
                   x{2_}
                    x{BE28EED9E6D9E3618C_}
                     x{ED44D0D401F863D200018E2FD31FFA400120D74981010BBAF2E08820D70B0A208104FFBAF2D0898309BAF2E08801D2000191D4926D01E255206C13E0F828D70B0A8309BAF2E089810101D700FA400120D74981010BBAF2E08820D70B0A208104FFBAF2D0898309BAF2E0881202D101DB3C}
                      x{6D}
                     x{21}
                    x{2_}
                     x{4}
                      x{B1D8B6CF36CF1B0C6_}
                       x{ED44D0D401F863D200018E2FD31FFA400120D74981010BBAF2E08820D70B0A208104FFBAF2D0898309BAF2E08801D2000191D4926D01E255206C13E0F828D70B0A8309BAF2E089810101D700FA400120D74981010BBAF2E08820D70B0A208104FFBAF2D0898309BAF2E0881202D101DB3C}
                        x{6D}
                       x{20}
                      x{B36436CF36CF1B0C6_}
                       x{ED44D0D401F863D200018E2FD31FFA400120D74981010BBAF2E08820D70B0A208104FFBAF2D0898309BAF2E08801D2000191D4926D01E255206C13E0F828D70B0A8309BAF2E089810101D700FA400120D74981010BBAF2E08820D70B0A208104FFBAF2D0898309BAF2E0881202D101DB3C}
                        x{6D}
                       x{22}
                     x{B82BEED44D0D20001}
                 x{0000000000000000000000000000000000000000000000000000000000000000200292EBCDAC4F8EB9DC3CA19668D2CB607CE2167A30233DDDBCAED2D106010E09C4_}
                  x{C_}
                   x{A0838F_}
                    x{FF00F4A413F4BCF2C80B}
                     x{62_}
                      x{D001D0D3030171B0A301FA400120D74981010BBAF2E08820D70B0A208104FFBAF2D0898309BAF2E088545053036F04F86102F862DB3C5512DB3CF2E082}
                       x{ED44D0D401F863D200018E2FD31FFA400120D74981010BBAF2E08820D70B0A208104FFBAF2D0898309BAF2E08801D2000191D4926D01E255206C13E0F828D70B0A8309BAF2E089810101D700FA400120D74981010BBAF2E08820D70B0A208104FFBAF2D0898309BAF2E0881202D101DB3C}
                        x{6D}
                       x{0192307FE07021D749C21F953020D70B1FDE208210AFE93535BA8F5130D31F018210AFE93535BAF2E081D33FFA400120D74981010BBAF2E08820D70B0A208104FFBAF2D0898309BAF2E08801D455206C1332820898968070FB024434DB3C30037083067055206D6D6DDB3C597FE0208210B8A3AA14BAE302}
                        x{F8425220C705F2E084}
                        x{C87101CA01500701CA007001CA02500520D74981010BBAF2E08820D70B0A208104FFBAF2D0898309BAF2E088CF165003FA027001CA68236EB3917F93246EB3E2973333017001CA00E30D216EB39C7F01CA0001206EF2D08001CC95317001CA00E2C901FB00}
                         x{7F01CA00C87001CA007001CA00246EB39D7F01CA0004206EF2D0805004CC9634037001CA00E2246EB39D7F01CA0004206EF2D0805004CC9634037001CA00E27001CA00027F01CA0002C958CC}
                        x{30D31F018210B8A3AA14BAF2E081D33FFA400120D74981010BBAF2E08820D70B0A208104FFBAF2D0898309BAF2E088126C12317020FB025520DB3C03708100A07055206D6D6DDB3C587F}
                         x{F8425220C705F2E084}
                         x{C87101CA01500701CA007001CA02500520D74981010BBAF2E08820D70B0A208104FFBAF2D0898309BAF2E088CF165003FA027001CA68236EB3917F93246EB3E2973333017001CA00E30D216EB39C7F01CA0001206EF2D08001CC95317001CA00E2C901FB00}
                          x{7F01CA00C87001CA007001CA00246EB39D7F01CA0004206EF2D0805004CC9634037001CA00E2246EB39D7F01CA0004206EF2D0805004CC9634037001CA00E27001CA00027F01CA0002C958CC}
                        x{8210E601F8E5BA8ECED31F018210E601F8E5BAF2E081D33F0131820898968070FB02F8416F2410235F037083067F25206EF2D080542580C855208210B687AB175004CB1F12CB3FCB1FCCC9103441301443306D6DDB3C7FE03070}
                         x{C87101CA01500701CA007001CA02500520D74981010BBAF2E08820D70B0A208104FFBAF2D0898309BAF2E088CF165003FA027001CA68236EB3917F93246EB3E2973333017001CA00E30D216EB39C7F01CA0001206EF2D08001CC95317001CA00E2C901FB00}
                          x{7F01CA00C87001CA007001CA00246EB39D7F01CA0004206EF2D0805004CC9634037001CA00E2246EB39D7F01CA0004206EF2D0805004CC9634037001CA00E27001CA00027F01CA0002C958CC}
                       x{C8F84301CC7F01CA0055205023CB1F0120D74981010BBAF2E08820D70B0A208104FFBAF2D0898309BAF2E088CF16216EB3957F01CA00CC947032CA00E2C9ED54}
                      x{2_}
                       x{BE28EED9E6D9E3618C_}
                        x{ED44D0D401F863D200018E2FD31FFA400120D74981010BBAF2E08820D70B0A208104FFBAF2D0898309BAF2E08801D2000191D4926D01E255206C13E0F828D70B0A8309BAF2E089810101D700FA400120D74981010BBAF2E08820D70B0A208104FFBAF2D0898309BAF2E0881202D101DB3C}
                         x{6D}
                        x{21}
                       x{2_}
                        x{4}
                         x{B1D8B6CF36CF1B0C6_}
                          x{ED44D0D401F863D200018E2FD31FFA400120D74981010BBAF2E08820D70B0A208104FFBAF2D0898309BAF2E08801D2000191D4926D01E255206C13E0F828D70B0A8309BAF2E089810101D700FA400120D74981010BBAF2E08820D70B0A208104FFBAF2D0898309BAF2E0881202D101DB3C}
                           x{6D}
                          x{20}
                         x{B36436CF36CF1B0C6_}
                          x{ED44D0D401F863D200018E2FD31FFA400120D74981010BBAF2E08820D70B0A208104FFBAF2D0898309BAF2E08801D2000191D4926D01E255206C13E0F828D70B0A8309BAF2E089810101D700FA400120D74981010BBAF2E08820D70B0A208104FFBAF2D0898309BAF2E0881202D101DB3C}
                           x{6D}
                          x{22}
                        x{B82BEED44D0D20001}
                x{B8A3AA140000000000000000801D3E5E1B0970E52ABD4EA639AED542E118FE33D2F03FE072737A6B74A8FDC2C69_}
           x{72FB8C65380F99EC4B6C5956121A0FD24A9F17FF251C6A01B470F93EF9820E8D768442DFE798DDBB430F803024FFD10C6616D18320E20013649945F8D34D608A04}
           x{04090E51839CD88036E99E11_}
            x{602324EC3D09000000000000000007BF00000000000000000000000000000000000000000000000000000000000000000000000000000000000000000000000000000000000000000000000000000000}
            x{C9AC8D784C8FB95000000000000A00020000000870BA97418920FFE103EEBF1DE27BC4153BF266F30A518B77030335B27E783F1048913B24_},
          hash: [Function: hash],
          blockchainLogs: '[ 4][t 0][2024-10-30 23:27:04.983000][transaction.cpp:443]\tunpacking account 525D79B589F1D73B879432CD1A596C0F9C42CF460467BBB795DA5A20C021C138\n' +
            '[ 4][t 0][2024-10-30 23:27:04.983000][transaction.cpp:274]\tlast_paid=1732922824; cells=232 bits=84034 public_cells=0\n' +
            '[ 4][t 0][2024-10-30 23:27:04.983000][transaction.cpp:504]\tend of Account.unpack() for 0:525D79B589F1D73B879432CD1A596C0F9C42CF460467BBB795DA5A20C021C138 (balance = 3100000000ng ; last_trans_lt = 36000000..36000002)\n' +
            '[ 4][t 0][2024-10-30 23:27:04.983000][transaction.cpp:3655]\tblock random seed set to 0000000000000000000000000000000000000000000000000000000000000000\n' +
            '[ 4][t 0][2024-10-30 23:27:04.983000][transaction.cpp:1236]\tgas limits: max=1000000, limit=1000000, credit=0\n' +
            '[ 4][t 0][2024-10-30 23:27:04.983000][transaction.cpp:1575]\tin_msg_state is null\n' +
            '[ 4][t 0][2024-10-30 23:27:04.983000][transaction.cpp:1645]\tcreating VM\n' +
            '[ 4][t 0][2024-10-30 23:27:04.983000][transaction.cpp:1351]\tSmartContractInfo initialized with [ 124711402 0 0 1732922824 38000000 38000000 14068792954309835536948273256715513127174070948738620016199408580766834334284 [ 4060892531 (null) ] CS{Cell{0271c00525d79b589f1d73b879432cd1a596c0f9c42cf460467bbb795da5a20c021c1383d0c05210833a526e4000000000089544092e318fc01340} bits: 1..268; refs: 0..0} C{A7EC01478F770EF8F8B037CC7E42F0ABF0D85A50E1828C2394DAD1411691F2DE} C{42B6F0E46484EFC57B9508F6BA7EF42E7512023D5CB4ED5628DD1C7755D16E9D} [ 960892531 (null) ] 0 (null) [ CS{Cell{004dd06600000000000000000000000080000000000000fa00000000000001f4000000000003d09040} bits: 9..305; refs: 0..0} (null) CS{Cell{0094d1000000000000006400000000000f4240de000000002710000000000000000f42400000000002160ec0000000000000271000000000002625a00000000005f5e100000000003b9aca00} bits: 0..592; refs: 0..0} CS{Cell{0094d100000000000000640000000000009c40de000000000190000000000000000f424000000000000f4240000000000000271000000000009896800000000005f5e100000000003b9aca00} bits: 0..592; refs: 0..0} CS{Cell{0042ea000000000098968000000000271000000000000f424000000001800055555555} bits: 0..264; refs: 0..0} CS{Cell{0042ea0000000000061a800000000001900000000000009c4000000001800055555555} bits: 0..264; refs: 0..0} (null) ] 0 (null) ]\n' +
            '[ 4][t 0][2024-10-30 23:27:04.983000][transaction.cpp:1675]\tstarting VM\n' +
            '[ 4][t 0][2024-10-30 23:27:04.985000][transaction.cpp:1680]\tVM terminated with exit code 0\n' +
            '[ 3][t 0][2024-10-30 23:27:04.985000][transaction.cpp:1702]\tsteps: 1983 gas: used=71975, max=1000000, limit=1000000, credit=0\n' +
            '[ 3][t 0][2024-10-30 23:27:04.985000][transaction.cpp:1704]\tout_of_gas=false, accepted=true, success=true, time=0.001842s\n' +
            '[ 4][t 0][2024-10-30 23:27:04.985000][transaction.cpp:1737]\tgas fees: 28790000 = 26214400 * 71975 /2^16 ; price=26214400; flat rate=[40000 for 100]; remaining balance=4032102531ng\n' +
            '[ 3][t 0][2024-10-30 23:27:04.985000][transaction.cpp:2678]\tin try_action_reserve_currency(0)\n' +
            '[ 4][t 0][2024-10-30 23:27:04.985000][transaction.cpp:2684]\taction_reserve_currency: mode=0, reserve=3100000000ng, balance=4032102531ng, original balance=3100000000ng\n' +
            '[ 3][t 0][2024-10-30 23:27:04.985000][transaction.cpp:2729]\tchanged remaining balance to 932102531ng, reserved balance to 3100000000ng\n' +
            '[ 4][t 0][2024-10-30 23:27:04.985000][transaction.cpp:2448]\tstorage paid for a message: 1 cells, 96 bits\n' +
            '[ 4][t 0][2024-10-30 23:27:04.985000][transaction.cpp:2452]\tcomputed fwd fees = 478400 + 0\n' +
            '[ 4][t 0][2024-10-30 23:27:04.985000][transaction.cpp:2448]\tstorage paid for a message: 1 cells, 96 bits\n' +
            '[ 4][t 0][2024-10-30 23:27:04.985000][transaction.cpp:2452]\tcomputed fwd fees = 478400 + 0\n' +
            '[ 4][t 0][2024-10-30 23:27:04.985000][transaction.cpp:2448]\tstorage paid for a message: 1 cells, 431 bits\n' +
            '[ 4][t 0][2024-10-30 23:27:04.985000][transaction.cpp:2452]\tcomputed fwd fees = 612400 + 0\n' +
            '[ 4][t 0][2024-10-30 23:27:04.985000][transaction.cpp:2448]\tstorage paid for a message: 27 cells, 6976 bits\n' +
            '[ 4][t 0][2024-10-30 23:27:04.985000][transaction.cpp:2452]\tcomputed fwd fees = 4270400 + 0\n',
          vmLogs: 'xecute EQUAL\n' +
            'execute THROWIF 137\n' +
            'execute PUSHPOW2 10\n' +
            'execute EQUAL\n' +
            'execute THROWIFNOT 136\n' +
            'execute STSLICER\n' +
            'execute ENDC\n' +
            'execute ROT\n' +
            'execute STREF\n' +
            'execute ENDC\n' +
            'execute SWAP\n' +
            'execute STREF\n' +
            'execute implicit RET\n' +
            'execute ENDC\n' +
            'execute POP c4\n' +
            'execute implicit RET\n',
          debugLogs: '',
          events: [Array],
          parent: [Object],
          children: [Array],
          externals: [Array]
        },
        children: [ [Object] ],
        externals: []
      },
      {
        address: 56452803209391972311245829800318013664241380452486081517026592719308720763190n,
        lt: 40000000n,
        prevTransactionHash: 58859299746430333014000358006351114125316889733329331773044729324566780096499n,
        prevTransactionLt: 28000000n,
        now: 1732922824,
        outMessagesCount: 1,
        oldStatus: 'active',
        endStatus: 'active',
        inMessage: { info: [Object], init: null, body: x{BC26F4C80000000000000001} },
        outMessages: Dictionary { _key: [Object], _value: [Object], _map: [Map] },
        totalFees: { coins: 5334831n },
        stateUpdate: {
          oldHash: <Buffer 85 85 d1 44 a0 03 e6 af ea 3e f6 b2 2d 7c 34 bd 86 a1 5f 17 1c 89 28 97 be aa f2 20 04 05 17 c9>,
          newHash: <Buffer 5b f4 b9 72 91 fa 11 1b 92 4b 14 0d 79 4f 09 c4 df 55 5d 2f 7a e1 03 5e 87 70 3b 86 f1 49 83 26>
        },
        description: {
          type: 'generic',
          creditFirst: false,
          storagePhase: [Object],
          creditPhase: [Object],
          computePhase: [Object],
          actionPhase: [Object],
          bouncePhase: undefined,
          aborted: false,
          destroyed: false
        },
        raw: x{77CCF2780E0D3E1B0B68059B4084B04A68C874235745C6D0201D62F3D2218F1360000000002625A0082212EDE723636A489BC77992C8486D93481C5A68B5CCE709D9CD166E234AFF30000000001AB3F00674A4DC8000346A2CE5E}
         x{E_}
          x{6800A4BAF36B13E3AE770F28659A34B2D81F38859E8C08CF776F2BB4B44180438271001F33C9E03834F86C2DA0166D0212C129A321D08D5D171B4080758BCF48863C4D90101931000609BBB0000000000487AB04CE949B905E137A640000000000000000C_}
          x{DF_}
           x{6800F99E4F01C1A7C3616D00B3681096094D190E846AE8B8DA0403AC5E7A4431E26D0014975E6D627C75CEE1E50CB346965B03E710B3D18119EEEDE57696883008704E101119EF88060DFF5E0000000004C4B402CE949B90C_}
            x{2A004A0500000000000000010000000000000000000000000000000000000000000000000000000000000000C00814669C6B54FD8B2DD8E93AAA6E5DE45BD032703F7A61C194AB414089B0A7AA2}
         x{728585D144A003E6AFEA3EF6B22D7C34BD86A15F171C892897BEAAF220040517C95BF4B97291FA111B924B140D794F09C4DF555D2F7AE1035E87703B86F1498326}
         x{04C4360789010193101867A1E811_}
          x{44E28C0A4D9000000000000000013D00000000000000000000000000000000000000000000000000000000000000000000000000000000000000000000000000000000000000000000000000000000}
          x{C9853FC04C0DFF44000000000002000000000002EF2011805BF718B31174C760DF120A9F20923EA7F17C12961509A919DBB744544090296C_},
        hash: [Function: hash],
        blockchainLogs: '[ 4][t 0][2024-10-30 23:27:04.993000][transaction.cpp:443]\tunpacking account 7CCF2780E0D3E1B0B68059B4084B04A68C874235745C6D0201D62F3D2218F136\n' +
          '[ 4][t 0][2024-10-30 23:27:04.993000][transaction.cpp:274]\tlast_paid=1730330824; cells=30 bits=12911 public_cells=0\n' +
          '[ 4][t 0][2024-10-30 23:27:04.993000][transaction.cpp:504]\tend of Account.unpack() for 0:7CCF2780E0D3E1B0B68059B4084B04A68C874235745C6D0201D62F3D2218F136 (balance = 10000000ng ; last_trans_lt = 28000000..28000002)\n' +
          '[ 4][t 0][2024-10-30 23:27:04.993000][transaction.cpp:3655]\tblock random seed set to 0000000000000000000000000000000000000000000000000000000000000000\n' +
          '[ 4][t 0][2024-10-30 23:27:04.993000][transaction.cpp:1236]\tgas limits: max=191044, limit=168804, credit=0\n' +
          '[ 4][t 0][2024-10-30 23:27:04.993000][transaction.cpp:1575]\tin_msg_state is null\n' +
          '[ 4][t 0][2024-10-30 23:27:04.993000][transaction.cpp:1645]\tcreating VM\n' +
          '[ 4][t 0][2024-10-30 23:27:04.993000][transaction.cpp:1351]\tSmartContractInfo initialized with [ 124711402 0 0 1732922824 40000000 40000000 17158678860825839941702393232993838109470607978381324670400578166443069604636 [ 76417698 (null) ] CS{Cell{026dc007ccf2780e0d3e1b0b68059b4084b04a68c874235745c6d0201d62f3d2218f13623c8c9bc3391606400000000006acfc08e625a01340} bits: 1..268; refs: 0..0} C{A7EC01478F770EF8F8B037CC7E42F0ABF0D85A50E1828C2394DAD1411691F2DE} C{33BB148A451AD17F938AA7C476E48F2B79933715F13F1D58F9234A90730321A8} [ 67521600 (null) ] 1103902 (null) [ CS{Cell{004dd06600000000000000000000000080000000000000fa00000000000001f4000000000003d09040} bits: 9..305; refs: 0..0} (null) CS{Cell{0094d1000000000000006400000000000f4240de000000002710000000000000000f42400000000002160ec0000000000000271000000000002625a00000000005f5e100000000003b9aca00} bits: 0..592; refs: 0..0} CS{Cell{0094d100000000000000640000000000009c40de000000000190000000000000000f424000000000000f4240000000000000271000000000009896800000000005f5e100000000003b9aca00} bits: 0..592; refs: 0..0} CS{Cell{0042ea000000000098968000000000271000000000000f424000000001800055555555} bits: 0..264; refs: 0..0} CS{Cell{0042ea0000000000061a800000000001900000000000009c4000000001800055555555} bits: 0..264; refs: 0..0} (null) ] 0 (null) ]\n' +
          '[ 4][t 0][2024-10-30 23:27:04.993000][transaction.cpp:1675]\tstarting VM\n' +
          '[ 4][t 0][2024-10-30 23:27:04.993000][transaction.cpp:1680]\tVM terminated with exit code 0\n' +
          '[ 3][t 0][2024-10-30 23:27:04.993000][transaction.cpp:1702]\tsteps: 317 gas: used=10004, max=191044, limit=168804, credit=0\n' +
          '[ 3][t 0][2024-10-30 23:27:04.993000][transaction.cpp:1704]\tout_of_gas=false, accepted=true, success=true, time=0.000464s\n' +
          '[ 4][t 0][2024-10-30 23:27:04.993000][transaction.cpp:1737]\tgas fees: 4001600 = 26214400 * 10004 /2^16 ; price=26214400; flat rate=[40000 for 100]; remaining balance=72416098ng\n' +
          '[ 4][t 0][2024-10-30 23:27:04.993000][transaction.cpp:2448]\tstorage paid for a message: 1 cells, 620 bits\n' +
          '[ 4][t 0][2024-10-30 23:27:04.993000][transaction.cpp:2452]\tcomputed fwd fees = 688000 + 0\n',
        vmLogs: 'e implicit RET\n' +
          'execute OVER\n' +
          'execute ISNULL\n' +
          'execute NOT\n' +
          'execute PUSHCONT x7F01CA00CC\n' +
          'execute PUSHCONT x7032CA00\n' +
          'execute IFELSE\n' +
          'execute PUSHINT -1\n' +
          'execute SWAP\n' +
          'execute STI 1\n' +
          'execute STREF\n' +
          'execute implicit RET\n' +
          'execute ENDC\n' +
          'execute POP c4\n' +
          'execute implicit RET\n',
        debugLogs: '',
        events: [ [Object] ],
        parent: {
          address: 37254810366437813475271750514734067285117962570475561289538093995582013161784n,
          lt: 38000000n,
          prevTransactionHash: 29062411643597598020007387718043535435057101295392444503629623870505566197349n,
          prevTransactionLt: 36000000n,
          now: 1732922824,
          outMessagesCount: 4,
          oldStatus: 'active',
          endStatus: 'active',
          inMessage: [Object],
          outMessages: [Dictionary],
          totalFees: [Object],
          stateUpdate: [Object],
          description: [Object],
          raw: x{7525D79B589F1D73B879432CD1A596C0F9C42CF460467BBB795DA5A20C021C138000000000243D5804040BDF838F07AA648EC26CE0BFC6B9AF54E8DFFC31A4A6C55FF65764F31D6650000000002255100674A4DC800094803B67688}
           x{E_}
            x{680173A49878148A4F6041C04B952AC2638BD6A1025222AF84BFAF2C3BE5A07436D50014975E6D627C75CEE1E50CB346965B03E710B3D18119EEEDE57696883008704E10E51839CC0610D45E0000000004692682CE949B905B43D58B8000000000000000000000004_}
             x{02A07735940207735940211E1A3001F270E022CB417803391606433935AA43391606433A526E40000000000000000C_}
              x{801028CD38D6A9FB165BB1D27554DCBBC8B7A064E07EF4C3832956828113614F545_}
            x{DB_}
             x{2_}
              x{2_}
               x{6800A4BAF36B13E3AE770F28659A34B2D81F38859E8C08CF776F2BB4B4418043827100384BA6D6A6B7DF2422C44C909493A07C03CA0A1FF860A7ED8531810050149DDF10101931000609BBB0000000000487AB02CE949B90C_}
                x{BC26F4C80000000000000000}
              x{2_}
               x{6800A4BAF36B13E3AE770F28659A34B2D81F38859E8C08CF776F2BB4B44180438271001F33C9E03834F86C2DA0166D0212C129A321D08D5D171B4080758BCF48863C4D90101931000609BBB0000000000487AB04CE949B90C_}
                x{BC26F4C80000000000000001}
             x{2_}
              x{2_}
               x{E00292EBCDAC4F8EB9DC3CA19668D2CB607CE2167A30233DDDBCAED2D106010E09C0000000000487AB06CE949B90C_}
                x{8B6D3812000000000000000000000000801028CD38D6A9FB165BB1D27554DCBBC8B7A064E07EF4C3832956828113614F5448B2D05E01_}
              x{2_}
               x{4800A4BAF36B13E3AE770F28659A34B2D81F38859E8C08CF776F2BB4B44180438271002E74930F029149EC08380972A5584C717AD4204A4455F097F5E5877CB40E86DA90BCA4384C0656E1D8000000000487AB08CE949B91E_}
                x{34_}
                 x{FF00F4A413F4BCF2C80B}
                  x{62_}
                   x{D001D0D3030171B0A301FA400120D74981010BBAF2E08820D70B0A208104FFBAF2D0898309BAF2E088545053036F04F86102F862DB3C5512DB3CF2E082}
                    x{ED44D0D401F863D200018E2FD31FFA400120D74981010BBAF2E08820D70B0A208104FFBAF2D0898309BAF2E08801D2000191D4926D01E255206C13E0F828D70B0A8309BAF2E089810101D700FA400120D74981010BBAF2E08820D70B0A208104FFBAF2D0898309BAF2E0881202D101DB3C}
                     x{6D}
                    x{0192307FE07021D749C21F953020D70B1FDE208210AFE93535BA8F5130D31F018210AFE93535BAF2E081D33FFA400120D74981010BBAF2E08820D70B0A208104FFBAF2D0898309BAF2E08801D455206C1332820898968070FB024434DB3C30037083067055206D6D6DDB3C597FE0208210B8A3AA14BAE302}
                     x{F8425220C705F2E084}
                     x{C87101CA01500701CA007001CA02500520D74981010BBAF2E08820D70B0A208104FFBAF2D0898309BAF2E088CF165003FA027001CA68236EB3917F93246EB3E2973333017001CA00E30D216EB39C7F01CA0001206EF2D08001CC95317001CA00E2C901FB00}
                      x{7F01CA00C87001CA007001CA00246EB39D7F01CA0004206EF2D0805004CC9634037001CA00E2246EB39D7F01CA0004206EF2D0805004CC9634037001CA00E27001CA00027F01CA0002C958CC}
                     x{30D31F018210B8A3AA14BAF2E081D33FFA400120D74981010BBAF2E08820D70B0A208104FFBAF2D0898309BAF2E088126C12317020FB025520DB3C03708100A07055206D6D6DDB3C587F}
                      x{F8425220C705F2E084}
                      x{C87101CA01500701CA007001CA02500520D74981010BBAF2E08820D70B0A208104FFBAF2D0898309BAF2E088CF165003FA027001CA68236EB3917F93246EB3E2973333017001CA00E30D216EB39C7F01CA0001206EF2D08001CC95317001CA00E2C901FB00}
                       x{7F01CA00C87001CA007001CA00246EB39D7F01CA0004206EF2D0805004CC9634037001CA00E2246EB39D7F01CA0004206EF2D0805004CC9634037001CA00E27001CA00027F01CA0002C958CC}
                     x{8210E601F8E5BA8ECED31F018210E601F8E5BAF2E081D33F0131820898968070FB02F8416F2410235F037083067F25206EF2D080542580C855208210B687AB175004CB1F12CB3FCB1FCCC9103441301443306D6DDB3C7FE03070}
                      x{C87101CA01500701CA007001CA02500520D74981010BBAF2E08820D70B0A208104FFBAF2D0898309BAF2E088CF165003FA027001CA68236EB3917F93246EB3E2973333017001CA00E30D216EB39C7F01CA0001206EF2D08001CC95317001CA00E2C901FB00}
                       x{7F01CA00C87001CA007001CA00246EB39D7F01CA0004206EF2D0805004CC9634037001CA00E2246EB39D7F01CA0004206EF2D0805004CC9634037001CA00E27001CA00027F01CA0002C958CC}
                    x{C8F84301CC7F01CA0055205023CB1F0120D74981010BBAF2E08820D70B0A208104FFBAF2D0898309BAF2E088CF16216EB3957F01CA00CC947032CA00E2C9ED54}
                   x{2_}
                    x{BE28EED9E6D9E3618C_}
                     x{ED44D0D401F863D200018E2FD31FFA400120D74981010BBAF2E08820D70B0A208104FFBAF2D0898309BAF2E08801D2000191D4926D01E255206C13E0F828D70B0A8309BAF2E089810101D700FA400120D74981010BBAF2E08820D70B0A208104FFBAF2D0898309BAF2E0881202D101DB3C}
                      x{6D}
                     x{21}
                    x{2_}
                     x{4}
                      x{B1D8B6CF36CF1B0C6_}
                       x{ED44D0D401F863D200018E2FD31FFA400120D74981010BBAF2E08820D70B0A208104FFBAF2D0898309BAF2E08801D2000191D4926D01E255206C13E0F828D70B0A8309BAF2E089810101D700FA400120D74981010BBAF2E08820D70B0A208104FFBAF2D0898309BAF2E0881202D101DB3C}
                        x{6D}
                       x{20}
                      x{B36436CF36CF1B0C6_}
                       x{ED44D0D401F863D200018E2FD31FFA400120D74981010BBAF2E08820D70B0A208104FFBAF2D0898309BAF2E08801D2000191D4926D01E255206C13E0F828D70B0A8309BAF2E089810101D700FA400120D74981010BBAF2E08820D70B0A208104FFBAF2D0898309BAF2E0881202D101DB3C}
                        x{6D}
                       x{22}
                     x{B82BEED44D0D20001}
                 x{0000000000000000000000000000000000000000000000000000000000000000200292EBCDAC4F8EB9DC3CA19668D2CB607CE2167A30233DDDBCAED2D106010E09C4_}
                  x{C_}
                   x{A0838F_}
                    x{FF00F4A413F4BCF2C80B}
                     x{62_}
                      x{D001D0D3030171B0A301FA400120D74981010BBAF2E08820D70B0A208104FFBAF2D0898309BAF2E088545053036F04F86102F862DB3C5512DB3CF2E082}
                       x{ED44D0D401F863D200018E2FD31FFA400120D74981010BBAF2E08820D70B0A208104FFBAF2D0898309BAF2E08801D2000191D4926D01E255206C13E0F828D70B0A8309BAF2E089810101D700FA400120D74981010BBAF2E08820D70B0A208104FFBAF2D0898309BAF2E0881202D101DB3C}
                        x{6D}
                       x{0192307FE07021D749C21F953020D70B1FDE208210AFE93535BA8F5130D31F018210AFE93535BAF2E081D33FFA400120D74981010BBAF2E08820D70B0A208104FFBAF2D0898309BAF2E08801D455206C1332820898968070FB024434DB3C30037083067055206D6D6DDB3C597FE0208210B8A3AA14BAE302}
                        x{F8425220C705F2E084}
                        x{C87101CA01500701CA007001CA02500520D74981010BBAF2E08820D70B0A208104FFBAF2D0898309BAF2E088CF165003FA027001CA68236EB3917F93246EB3E2973333017001CA00E30D216EB39C7F01CA0001206EF2D08001CC95317001CA00E2C901FB00}
                         x{7F01CA00C87001CA007001CA00246EB39D7F01CA0004206EF2D0805004CC9634037001CA00E2246EB39D7F01CA0004206EF2D0805004CC9634037001CA00E27001CA00027F01CA0002C958CC}
                        x{30D31F018210B8A3AA14BAF2E081D33FFA400120D74981010BBAF2E08820D70B0A208104FFBAF2D0898309BAF2E088126C12317020FB025520DB3C03708100A07055206D6D6DDB3C587F}
                         x{F8425220C705F2E084}
                         x{C87101CA01500701CA007001CA02500520D74981010BBAF2E08820D70B0A208104FFBAF2D0898309BAF2E088CF165003FA027001CA68236EB3917F93246EB3E2973333017001CA00E30D216EB39C7F01CA0001206EF2D08001CC95317001CA00E2C901FB00}
                          x{7F01CA00C87001CA007001CA00246EB39D7F01CA0004206EF2D0805004CC9634037001CA00E2246EB39D7F01CA0004206EF2D0805004CC9634037001CA00E27001CA00027F01CA0002C958CC}
                        x{8210E601F8E5BA8ECED31F018210E601F8E5BAF2E081D33F0131820898968070FB02F8416F2410235F037083067F25206EF2D080542580C855208210B687AB175004CB1F12CB3FCB1FCCC9103441301443306D6DDB3C7FE03070}
                         x{C87101CA01500701CA007001CA02500520D74981010BBAF2E08820D70B0A208104FFBAF2D0898309BAF2E088CF165003FA027001CA68236EB3917F93246EB3E2973333017001CA00E30D216EB39C7F01CA0001206EF2D08001CC95317001CA00E2C901FB00}
                          x{7F01CA00C87001CA007001CA00246EB39D7F01CA0004206EF2D0805004CC9634037001CA00E2246EB39D7F01CA0004206EF2D0805004CC9634037001CA00E27001CA00027F01CA0002C958CC}
                       x{C8F84301CC7F01CA0055205023CB1F0120D74981010BBAF2E08820D70B0A208104FFBAF2D0898309BAF2E088CF16216EB3957F01CA00CC947032CA00E2C9ED54}
                      x{2_}
                       x{BE28EED9E6D9E3618C_}
                        x{ED44D0D401F863D200018E2FD31FFA400120D74981010BBAF2E08820D70B0A208104FFBAF2D0898309BAF2E08801D2000191D4926D01E255206C13E0F828D70B0A8309BAF2E089810101D700FA400120D74981010BBAF2E08820D70B0A208104FFBAF2D0898309BAF2E0881202D101DB3C}
                         x{6D}
                        x{21}
                       x{2_}
                        x{4}
                         x{B1D8B6CF36CF1B0C6_}
                          x{ED44D0D401F863D200018E2FD31FFA400120D74981010BBAF2E08820D70B0A208104FFBAF2D0898309BAF2E08801D2000191D4926D01E255206C13E0F828D70B0A8309BAF2E089810101D700FA400120D74981010BBAF2E08820D70B0A208104FFBAF2D0898309BAF2E0881202D101DB3C}
                           x{6D}
                          x{20}
                         x{B36436CF36CF1B0C6_}
                          x{ED44D0D401F863D200018E2FD31FFA400120D74981010BBAF2E08820D70B0A208104FFBAF2D0898309BAF2E08801D2000191D4926D01E255206C13E0F828D70B0A8309BAF2E089810101D700FA400120D74981010BBAF2E08820D70B0A208104FFBAF2D0898309BAF2E0881202D101DB3C}
                           x{6D}
                          x{22}
                        x{B82BEED44D0D20001}
                x{B8A3AA140000000000000000801D3E5E1B0970E52ABD4EA639AED542E118FE33D2F03FE072737A6B74A8FDC2C69_}
           x{72FB8C65380F99EC4B6C5956121A0FD24A9F17FF251C6A01B470F93EF9820E8D768442DFE798DDBB430F803024FFD10C6616D18320E20013649945F8D34D608A04}
           x{04090E51839CD88036E99E11_}
            x{602324EC3D09000000000000000007BF00000000000000000000000000000000000000000000000000000000000000000000000000000000000000000000000000000000000000000000000000000000}
            x{C9AC8D784C8FB95000000000000A00020000000870BA97418920FFE103EEBF1DE27BC4153BF266F30A518B77030335B27E783F1048913B24_},
          hash: [Function: hash],
          blockchainLogs: '[ 4][t 0][2024-10-30 23:27:04.983000][transaction.cpp:443]\tunpacking account 525D79B589F1D73B879432CD1A596C0F9C42CF460467BBB795DA5A20C021C138\n' +
            '[ 4][t 0][2024-10-30 23:27:04.983000][transaction.cpp:274]\tlast_paid=1732922824; cells=232 bits=84034 public_cells=0\n' +
            '[ 4][t 0][2024-10-30 23:27:04.983000][transaction.cpp:504]\tend of Account.unpack() for 0:525D79B589F1D73B879432CD1A596C0F9C42CF460467BBB795DA5A20C021C138 (balance = 3100000000ng ; last_trans_lt = 36000000..36000002)\n' +
            '[ 4][t 0][2024-10-30 23:27:04.983000][transaction.cpp:3655]\tblock random seed set to 0000000000000000000000000000000000000000000000000000000000000000\n' +
            '[ 4][t 0][2024-10-30 23:27:04.983000][transaction.cpp:1236]\tgas limits: max=1000000, limit=1000000, credit=0\n' +
            '[ 4][t 0][2024-10-30 23:27:04.983000][transaction.cpp:1575]\tin_msg_state is null\n' +
            '[ 4][t 0][2024-10-30 23:27:04.983000][transaction.cpp:1645]\tcreating VM\n' +
            '[ 4][t 0][2024-10-30 23:27:04.983000][transaction.cpp:1351]\tSmartContractInfo initialized with [ 124711402 0 0 1732922824 38000000 38000000 14068792954309835536948273256715513127174070948738620016199408580766834334284 [ 4060892531 (null) ] CS{Cell{0271c00525d79b589f1d73b879432cd1a596c0f9c42cf460467bbb795da5a20c021c1383d0c05210833a526e4000000000089544092e318fc01340} bits: 1..268; refs: 0..0} C{A7EC01478F770EF8F8B037CC7E42F0ABF0D85A50E1828C2394DAD1411691F2DE} C{42B6F0E46484EFC57B9508F6BA7EF42E7512023D5CB4ED5628DD1C7755D16E9D} [ 960892531 (null) ] 0 (null) [ CS{Cell{004dd06600000000000000000000000080000000000000fa00000000000001f4000000000003d09040} bits: 9..305; refs: 0..0} (null) CS{Cell{0094d1000000000000006400000000000f4240de000000002710000000000000000f42400000000002160ec0000000000000271000000000002625a00000000005f5e100000000003b9aca00} bits: 0..592; refs: 0..0} CS{Cell{0094d100000000000000640000000000009c40de000000000190000000000000000f424000000000000f4240000000000000271000000000009896800000000005f5e100000000003b9aca00} bits: 0..592; refs: 0..0} CS{Cell{0042ea000000000098968000000000271000000000000f424000000001800055555555} bits: 0..264; refs: 0..0} CS{Cell{0042ea0000000000061a800000000001900000000000009c4000000001800055555555} bits: 0..264; refs: 0..0} (null) ] 0 (null) ]\n' +
            '[ 4][t 0][2024-10-30 23:27:04.983000][transaction.cpp:1675]\tstarting VM\n' +
            '[ 4][t 0][2024-10-30 23:27:04.985000][transaction.cpp:1680]\tVM terminated with exit code 0\n' +
            '[ 3][t 0][2024-10-30 23:27:04.985000][transaction.cpp:1702]\tsteps: 1983 gas: used=71975, max=1000000, limit=1000000, credit=0\n' +
            '[ 3][t 0][2024-10-30 23:27:04.985000][transaction.cpp:1704]\tout_of_gas=false, accepted=true, success=true, time=0.001842s\n' +
            '[ 4][t 0][2024-10-30 23:27:04.985000][transaction.cpp:1737]\tgas fees: 28790000 = 26214400 * 71975 /2^16 ; price=26214400; flat rate=[40000 for 100]; remaining balance=4032102531ng\n' +
            '[ 3][t 0][2024-10-30 23:27:04.985000][transaction.cpp:2678]\tin try_action_reserve_currency(0)\n' +
            '[ 4][t 0][2024-10-30 23:27:04.985000][transaction.cpp:2684]\taction_reserve_currency: mode=0, reserve=3100000000ng, balance=4032102531ng, original balance=3100000000ng\n' +
            '[ 3][t 0][2024-10-30 23:27:04.985000][transaction.cpp:2729]\tchanged remaining balance to 932102531ng, reserved balance to 3100000000ng\n' +
            '[ 4][t 0][2024-10-30 23:27:04.985000][transaction.cpp:2448]\tstorage paid for a message: 1 cells, 96 bits\n' +
            '[ 4][t 0][2024-10-30 23:27:04.985000][transaction.cpp:2452]\tcomputed fwd fees = 478400 + 0\n' +
            '[ 4][t 0][2024-10-30 23:27:04.985000][transaction.cpp:2448]\tstorage paid for a message: 1 cells, 96 bits\n' +
            '[ 4][t 0][2024-10-30 23:27:04.985000][transaction.cpp:2452]\tcomputed fwd fees = 478400 + 0\n' +
            '[ 4][t 0][2024-10-30 23:27:04.985000][transaction.cpp:2448]\tstorage paid for a message: 1 cells, 431 bits\n' +
            '[ 4][t 0][2024-10-30 23:27:04.985000][transaction.cpp:2452]\tcomputed fwd fees = 612400 + 0\n' +
            '[ 4][t 0][2024-10-30 23:27:04.985000][transaction.cpp:2448]\tstorage paid for a message: 27 cells, 6976 bits\n' +
            '[ 4][t 0][2024-10-30 23:27:04.985000][transaction.cpp:2452]\tcomputed fwd fees = 4270400 + 0\n',
          vmLogs: 'xecute EQUAL\n' +
            'execute THROWIF 137\n' +
            'execute PUSHPOW2 10\n' +
            'execute EQUAL\n' +
            'execute THROWIFNOT 136\n' +
            'execute STSLICER\n' +
            'execute ENDC\n' +
            'execute ROT\n' +
            'execute STREF\n' +
            'execute ENDC\n' +
            'execute SWAP\n' +
            'execute STREF\n' +
            'execute implicit RET\n' +
            'execute ENDC\n' +
            'execute POP c4\n' +
            'execute implicit RET\n',
          debugLogs: '',
          events: [Array],
          parent: [Object],
          children: [Array],
          externals: [Array]
        },
        children: [ [Object] ],
        externals: []
      },
      {
        address: 84049441022908470316622795825605090351520748406577698494615284512509455375210n,
        lt: 41000000n,
        prevTransactionHash: 78149557255621704329268857154675209718220496098396501567228671715983637193122n,
        prevTransactionLt: 37000000n,
        now: 1732922824,
        outMessagesCount: 1,
        oldStatus: 'active',
        endStatus: 'non-existing',
        inMessage: {
          info: [Object],
          init: [Object],
          body: x{B8A3AA140000000000000000801D3E5E1B0970E52ABD4EA639AED542E118FE33D2F03FE072737A6B74A8FDC2C69_}
        },
        outMessages: Dictionary { _key: [Object], _value: [Object], _map: [Map] },
        totalFees: { coins: 3532131n },
        stateUpdate: {
          oldHash: <Buffer a7 65 9b b7 0c da 1d 4e 57 66 b4 65 6c e1 51 56 f8 fa 2e ee 1c 52 92 7a 3c 4c c8 29 73 26 5b 02>,
          newHash: <Buffer 90 ae c8 96 5a fa bb 16 eb c3 cb 9b 40 8e ba e7 1b 61 8d 78 78 8b c8 0d 09 84 35 93 ca c9 8d a4>
        },
        description: {
          type: 'generic',
          creditFirst: true,
          storagePhase: [Object],
          creditPhase: [Object],
          computePhase: [Object],
          actionPhase: [Object],
          bouncePhase: undefined,
          aborted: false,
          destroyed: true
        },
        raw: x{7B9D24C3C0A4527B020E025CA956131C5EB5081291157C25FD7961DF2D03A1B6A0000000002719C40ACC714F875E3DE5507A0025A7C82BF6BEBBF68D063DB266F74EC36717115A1A20000000002349340674A4DC80003666BCAC6}
         x{E_}
          x{4800A4BAF36B13E3AE770F28659A34B2D81F38859E8C08CF776F2BB4B44180438271002E74930F029149EC08380972A5584C717AD4204A4455F097F5E5877CB40E86DA90BCA4384C0656E1D8000000000487AB08CE949B91E_}
           x{34_}
            x{FF00F4A413F4BCF2C80B}
             x{62_}
              x{D001D0D3030171B0A301FA400120D74981010BBAF2E08820D70B0A208104FFBAF2D0898309BAF2E088545053036F04F86102F862DB3C5512DB3CF2E082}
               x{ED44D0D401F863D200018E2FD31FFA400120D74981010BBAF2E08820D70B0A208104FFBAF2D0898309BAF2E08801D2000191D4926D01E255206C13E0F828D70B0A8309BAF2E089810101D700FA400120D74981010BBAF2E08820D70B0A208104FFBAF2D0898309BAF2E0881202D101DB3C}
                x{6D}
               x{0192307FE07021D749C21F953020D70B1FDE208210AFE93535BA8F5130D31F018210AFE93535BAF2E081D33FFA400120D74981010BBAF2E08820D70B0A208104FFBAF2D0898309BAF2E08801D455206C1332820898968070FB024434DB3C30037083067055206D6D6DDB3C597FE0208210B8A3AA14BAE302}
                x{F8425220C705F2E084}
                x{C87101CA01500701CA007001CA02500520D74981010BBAF2E08820D70B0A208104FFBAF2D0898309BAF2E088CF165003FA027001CA68236EB3917F93246EB3E2973333017001CA00E30D216EB39C7F01CA0001206EF2D08001CC95317001CA00E2C901FB00}
                 x{7F01CA00C87001CA007001CA00246EB39D7F01CA0004206EF2D0805004CC9634037001CA00E2246EB39D7F01CA0004206EF2D0805004CC9634037001CA00E27001CA00027F01CA0002C958CC}
                x{30D31F018210B8A3AA14BAF2E081D33FFA400120D74981010BBAF2E08820D70B0A208104FFBAF2D0898309BAF2E088126C12317020FB025520DB3C03708100A07055206D6D6DDB3C587F}
                 x{F8425220C705F2E084}
                 x{C87101CA01500701CA007001CA02500520D74981010BBAF2E08820D70B0A208104FFBAF2D0898309BAF2E088CF165003FA027001CA68236EB3917F93246EB3E2973333017001CA00E30D216EB39C7F01CA0001206EF2D08001CC95317001CA00E2C901FB00}
                  x{7F01CA00C87001CA007001CA00246EB39D7F01CA0004206EF2D0805004CC9634037001CA00E2246EB39D7F01CA0004206EF2D0805004CC9634037001CA00E27001CA00027F01CA0002C958CC}
                x{8210E601F8E5BA8ECED31F018210E601F8E5BAF2E081D33F0131820898968070FB02F8416F2410235F037083067F25206EF2D080542580C855208210B687AB175004CB1F12CB3FCB1FCCC9103441301443306D6DDB3C7FE03070}
                 x{C87101CA01500701CA007001CA02500520D74981010BBAF2E08820D70B0A208104FFBAF2D0898309BAF2E088CF165003FA027001CA68236EB3917F93246EB3E2973333017001CA00E30D216EB39C7F01CA0001206EF2D08001CC95317001CA00E2C901FB00}
                  x{7F01CA00C87001CA007001CA00246EB39D7F01CA0004206EF2D0805004CC9634037001CA00E2246EB39D7F01CA0004206EF2D0805004CC9634037001CA00E27001CA00027F01CA0002C958CC}
               x{C8F84301CC7F01CA0055205023CB1F0120D74981010BBAF2E08820D70B0A208104FFBAF2D0898309BAF2E088CF16216EB3957F01CA00CC947032CA00E2C9ED54}
              x{2_}
               x{BE28EED9E6D9E3618C_}
                x{ED44D0D401F863D200018E2FD31FFA400120D74981010BBAF2E08820D70B0A208104FFBAF2D0898309BAF2E08801D2000191D4926D01E255206C13E0F828D70B0A8309BAF2E089810101D700FA400120D74981010BBAF2E08820D70B0A208104FFBAF2D0898309BAF2E0881202D101DB3C}
                 x{6D}
                x{21}
               x{2_}
                x{4}
                 x{B1D8B6CF36CF1B0C6_}
                  x{ED44D0D401F863D200018E2FD31FFA400120D74981010BBAF2E08820D70B0A208104FFBAF2D0898309BAF2E08801D2000191D4926D01E255206C13E0F828D70B0A8309BAF2E089810101D700FA400120D74981010BBAF2E08820D70B0A208104FFBAF2D0898309BAF2E0881202D101DB3C}
                   x{6D}
                  x{20}
                 x{B36436CF36CF1B0C6_}
                  x{ED44D0D401F863D200018E2FD31FFA400120D74981010BBAF2E08820D70B0A208104FFBAF2D0898309BAF2E08801D2000191D4926D01E255206C13E0F828D70B0A8309BAF2E089810101D700FA400120D74981010BBAF2E08820D70B0A208104FFBAF2D0898309BAF2E0881202D101DB3C}
                   x{6D}
                  x{22}
                x{B82BEED44D0D20001}
            x{0000000000000000000000000000000000000000000000000000000000000000200292EBCDAC4F8EB9DC3CA19668D2CB607CE2167A30233DDDBCAED2D106010E09C4_}
             x{C_}
              x{A0838F_}
               x{FF00F4A413F4BCF2C80B}
                x{62_}
                 x{D001D0D3030171B0A301FA400120D74981010BBAF2E08820D70B0A208104FFBAF2D0898309BAF2E088545053036F04F86102F862DB3C5512DB3CF2E082}
                  x{ED44D0D401F863D200018E2FD31FFA400120D74981010BBAF2E08820D70B0A208104FFBAF2D0898309BAF2E08801D2000191D4926D01E255206C13E0F828D70B0A8309BAF2E089810101D700FA400120D74981010BBAF2E08820D70B0A208104FFBAF2D0898309BAF2E0881202D101DB3C}
                   x{6D}
                  x{0192307FE07021D749C21F953020D70B1FDE208210AFE93535BA8F5130D31F018210AFE93535BAF2E081D33FFA400120D74981010BBAF2E08820D70B0A208104FFBAF2D0898309BAF2E08801D455206C1332820898968070FB024434DB3C30037083067055206D6D6DDB3C597FE0208210B8A3AA14BAE302}
                   x{F8425220C705F2E084}
                   x{C87101CA01500701CA007001CA02500520D74981010BBAF2E08820D70B0A208104FFBAF2D0898309BAF2E088CF165003FA027001CA68236EB3917F93246EB3E2973333017001CA00E30D216EB39C7F01CA0001206EF2D08001CC95317001CA00E2C901FB00}
                    x{7F01CA00C87001CA007001CA00246EB39D7F01CA0004206EF2D0805004CC9634037001CA00E2246EB39D7F01CA0004206EF2D0805004CC9634037001CA00E27001CA00027F01CA0002C958CC}
                   x{30D31F018210B8A3AA14BAF2E081D33FFA400120D74981010BBAF2E08820D70B0A208104FFBAF2D0898309BAF2E088126C12317020FB025520DB3C03708100A07055206D6D6DDB3C587F}
                    x{F8425220C705F2E084}
                    x{C87101CA01500701CA007001CA02500520D74981010BBAF2E08820D70B0A208104FFBAF2D0898309BAF2E088CF165003FA027001CA68236EB3917F93246EB3E2973333017001CA00E30D216EB39C7F01CA0001206EF2D08001CC95317001CA00E2C901FB00}
                     x{7F01CA00C87001CA007001CA00246EB39D7F01CA0004206EF2D0805004CC9634037001CA00E2246EB39D7F01CA0004206EF2D0805004CC9634037001CA00E27001CA00027F01CA0002C958CC}
                   x{8210E601F8E5BA8ECED31F018210E601F8E5BAF2E081D33F0131820898968070FB02F8416F2410235F037083067F25206EF2D080542580C855208210B687AB175004CB1F12CB3FCB1FCCC9103441301443306D6DDB3C7FE03070}
                    x{C87101CA01500701CA007001CA02500520D74981010BBAF2E08820D70B0A208104FFBAF2D0898309BAF2E088CF165003FA027001CA68236EB3917F93246EB3E2973333017001CA00E30D216EB39C7F01CA0001206EF2D08001CC95317001CA00E2C901FB00}
                     x{7F01CA00C87001CA007001CA00246EB39D7F01CA0004206EF2D0805004CC9634037001CA00E2246EB39D7F01CA0004206EF2D0805004CC9634037001CA00E27001CA00027F01CA0002C958CC}
                  x{C8F84301CC7F01CA0055205023CB1F0120D74981010BBAF2E08820D70B0A208104FFBAF2D0898309BAF2E088CF16216EB3957F01CA00CC947032CA00E2C9ED54}
                 x{2_}
                  x{BE28EED9E6D9E3618C_}
                   x{ED44D0D401F863D200018E2FD31FFA400120D74981010BBAF2E08820D70B0A208104FFBAF2D0898309BAF2E08801D2000191D4926D01E255206C13E0F828D70B0A8309BAF2E089810101D700FA400120D74981010BBAF2E08820D70B0A208104FFBAF2D0898309BAF2E0881202D101DB3C}
                    x{6D}
                   x{21}
                  x{2_}
                   x{4}
                    x{B1D8B6CF36CF1B0C6_}
                     x{ED44D0D401F863D200018E2FD31FFA400120D74981010BBAF2E08820D70B0A208104FFBAF2D0898309BAF2E08801D2000191D4926D01E255206C13E0F828D70B0A8309BAF2E089810101D700FA400120D74981010BBAF2E08820D70B0A208104FFBAF2D0898309BAF2E0881202D101DB3C}
                      x{6D}
                     x{20}
                    x{B36436CF36CF1B0C6_}
                     x{ED44D0D401F863D200018E2FD31FFA400120D74981010BBAF2E08820D70B0A208104FFBAF2D0898309BAF2E08801D2000191D4926D01E255206C13E0F828D70B0A8309BAF2E089810101D700FA400120D74981010BBAF2E08820D70B0A208104FFBAF2D0898309BAF2E0881202D101DB3C}
                      x{6D}
                     x{22}
                   x{B82BEED44D0D20001}
           x{B8A3AA140000000000000000801D3E5E1B0970E52ABD4EA639AED542E118FE33D2F03FE072737A6B74A8FDC2C69_}
          x{DF_}
           x{480173A49878148A4F6041C04B952AC2638BD6A1025222AF84BFAF2C3BE5A07436D5003A7CBC3612E1CA557A9D4C735DAA85C231FC67A5E07FC0E4E6F4D6E951FB858D10BE1EB60C0608235A0000000004E33882CE949B904_}
         x{72A7659BB70CDA1D4E5766B4656CE15156F8FA2EEE1C52927A3C4CC82973265B0290AEC8965AFABB16EBC3CB9B408EBAE71B618D78788BC80D09843593CAC98DA4}
         x{0C090BCA4384D8667B9213_}
          x{44262C3D09000000000000000000FA00000000000000000000000000000000000000000000000000000000000000000000000000000000000000000000000000000000000000000000000000000000}
          x{DCC186A0260411A6000000000002000100000001F01808E7C65384854FD0A4F77793F95695733B675EB306C4FAC3CFF546A3D22720280B06_},
        hash: [Function: hash],
        blockchainLogs: '[ 4][t 0][2024-10-30 23:27:04.996000][transaction.cpp:443]\tunpacking account B9D24C3C0A4527B020E025CA956131C5EB5081291157C25FD7961DF2D03A1B6A\n' +
          '[ 4][t 0][2024-10-30 23:27:04.996000][transaction.cpp:274]\tlast_paid=1732922824; cells=28 bits=7123 public_cells=0\n' +
          '[ 4][t 0][2024-10-30 23:27:04.996000][transaction.cpp:504]\tend of Account.unpack() for 0:B9D24C3C0A4527B020E025CA956131C5EB5081291157C25FD7961DF2D03A1B6A (balance = 10000000ng ; last_trans_lt = 37000000..37000002)\n' +
          '[ 4][t 0][2024-10-30 23:27:04.996000][transaction.cpp:3655]\tblock random seed set to 0000000000000000000000000000000000000000000000000000000000000000\n' +
          '[ 4][t 0][2024-10-30 23:27:04.996000][transaction.cpp:1236]\tgas limits: max=1000000, limit=1000000, credit=0\n' +
          '[ 4][t 0][2024-10-30 23:27:04.996000][transaction.cpp:1571]\tHASH(in_msg_state) = B9D24C3C0A4527B020E025CA956131C5EB5081291157C25FD7961DF2D03A1B6A, account_state_hash = 0000000000000000000000000000000000000000000000000000000000000000\n' +
          '[ 4][t 0][2024-10-30 23:27:04.996000][transaction.cpp:1645]\tcreating VM\n' +
          '[ 4][t 0][2024-10-30 23:27:04.996000][transaction.cpp:1351]\tSmartContractInfo initialized with [ 124711402 0 0 1732922824 41000000 41000000 84630195367514639409622924175749312199831056191303332875639359062248049886761 [ 801219731 (null) ] CS{Cell{026dc00b9d24c3c0a4527b020e025ca956131c5eb5081291157c25fd7961df2d03a1b6a23886f4c33a526e400000000008d24d08e625a01340} bits: 1..268; refs: 0..0} C{A7EC01478F770EF8F8B037CC7E42F0ABF0D85A50E1828C2394DAD1411691F2DE} C{F2179DCD5CFD8A1E113288591FFB7A5E10E107D0D2C36DF69E40398023DAA7B1} [ 791219731 (null) ] 0 (null) [ CS{Cell{004dd06600000000000000000000000080000000000000fa00000000000001f4000000000003d09040} bits: 9..305; refs: 0..0} (null) CS{Cell{0094d1000000000000006400000000000f4240de000000002710000000000000000f42400000000002160ec0000000000000271000000000002625a00000000005f5e100000000003b9aca00} bits: 0..592; refs: 0..0} CS{Cell{0094d100000000000000640000000000009c40de000000000190000000000000000f424000000000000f4240000000000000271000000000009896800000000005f5e100000000003b9aca00} bits: 0..592; refs: 0..0} CS{Cell{0042ea000000000098968000000000271000000000000f424000000001800055555555} bits: 0..264; refs: 0..0} CS{Cell{0042ea0000000000061a800000000001900000000000009c4000000001800055555555} bits: 0..264; refs: 0..0} (null) ] 0 (null) ]\n' +
          '[ 4][t 0][2024-10-30 23:27:04.996000][transaction.cpp:1675]\tstarting VM\n' +
          '[ 4][t 0][2024-10-30 23:27:04.996000][transaction.cpp:1680]\tVM terminated with exit code 0\n' +
          '[ 3][t 0][2024-10-30 23:27:04.996000][transaction.cpp:1702]\tsteps: 250 gas: used=8497, max=1000000, limit=1000000, credit=0\n' +
          '[ 3][t 0][2024-10-30 23:27:04.996000][transaction.cpp:1704]\tout_of_gas=false, accepted=true, success=true, time=0.000425s\n' +
          '[ 4][t 0][2024-10-30 23:27:04.996000][transaction.cpp:1737]\tgas fees: 3398800 = 26214400 * 8497 /2^16 ; price=26214400; flat rate=[40000 for 100]; remaining balance=797820931ng\n' +
          '[ 3][t 0][2024-10-30 23:27:04.996000][transaction.cpp:2678]\tin try_action_reserve_currency(0)\n' +
          '[ 4][t 0][2024-10-30 23:27:04.996000][transaction.cpp:2684]\taction_reserve_currency: mode=0, reserve=0ng, balance=797820931ng, original balance=10000000ng\n' +
          '[ 3][t 0][2024-10-30 23:27:04.997000][transaction.cpp:2729]\tchanged remaining balance to 797820931ng, reserved balance to 0ng\n' +
          '[ 4][t 0][2024-10-30 23:27:04.997000][transaction.cpp:2448]\tstorage paid for a message: 0 cells, 0 bits\n' +
          '[ 4][t 0][2024-10-30 23:27:04.997000][transaction.cpp:2452]\tcomputed fwd fees = 400000 + 0\n',
        vmLogs: 'ecute STSLICER\n' +
          'execute OVER\n' +
          'execute ISNULL\n' +
          'execute NOT\n' +
          'execute PUSHCONT x7F01CA00CC\n' +
          'execute PUSHCONT x7032CA00\n' +
          'execute IFELSE\n' +
          'execute PUSHINT -1\n' +
          'execute SWAP\n' +
          'execute STI 1\n' +
          'execute STREF\n' +
          'execute implicit RET\n' +
          'execute ENDC\n' +
          'execute POP c4\n' +
          'execute implicit RET\n',
        debugLogs: '',
        events: [ [Object], [Object] ],
        parent: {
          address: 37254810366437813475271750514734067285117962570475561289538093995582013161784n,
          lt: 38000000n,
          prevTransactionHash: 29062411643597598020007387718043535435057101295392444503629623870505566197349n,
          prevTransactionLt: 36000000n,
          now: 1732922824,
          outMessagesCount: 4,
          oldStatus: 'active',
          endStatus: 'active',
          inMessage: [Object],
          outMessages: [Dictionary],
          totalFees: [Object],
          stateUpdate: [Object],
          description: [Object],
          raw: x{7525D79B589F1D73B879432CD1A596C0F9C42CF460467BBB795DA5A20C021C138000000000243D5804040BDF838F07AA648EC26CE0BFC6B9AF54E8DFFC31A4A6C55FF65764F31D6650000000002255100674A4DC800094803B67688}
           x{E_}
            x{680173A49878148A4F6041C04B952AC2638BD6A1025222AF84BFAF2C3BE5A07436D50014975E6D627C75CEE1E50CB346965B03E710B3D18119EEEDE57696883008704E10E51839CC0610D45E0000000004692682CE949B905B43D58B8000000000000000000000004_}
             x{02A07735940207735940211E1A3001F270E022CB417803391606433935AA43391606433A526E40000000000000000C_}
              x{801028CD38D6A9FB165BB1D27554DCBBC8B7A064E07EF4C3832956828113614F545_}
            x{DB_}
             x{2_}
              x{2_}
               x{6800A4BAF36B13E3AE770F28659A34B2D81F38859E8C08CF776F2BB4B4418043827100384BA6D6A6B7DF2422C44C909493A07C03CA0A1FF860A7ED8531810050149DDF10101931000609BBB0000000000487AB02CE949B90C_}
                x{BC26F4C80000000000000000}
              x{2_}
               x{6800A4BAF36B13E3AE770F28659A34B2D81F38859E8C08CF776F2BB4B44180438271001F33C9E03834F86C2DA0166D0212C129A321D08D5D171B4080758BCF48863C4D90101931000609BBB0000000000487AB04CE949B90C_}
                x{BC26F4C80000000000000001}
             x{2_}
              x{2_}
               x{E00292EBCDAC4F8EB9DC3CA19668D2CB607CE2167A30233DDDBCAED2D106010E09C0000000000487AB06CE949B90C_}
                x{8B6D3812000000000000000000000000801028CD38D6A9FB165BB1D27554DCBBC8B7A064E07EF4C3832956828113614F5448B2D05E01_}
              x{2_}
               x{4800A4BAF36B13E3AE770F28659A34B2D81F38859E8C08CF776F2BB4B44180438271002E74930F029149EC08380972A5584C717AD4204A4455F097F5E5877CB40E86DA90BCA4384C0656E1D8000000000487AB08CE949B91E_}
                x{34_}
                 x{FF00F4A413F4BCF2C80B}
                  x{62_}
                   x{D001D0D3030171B0A301FA400120D74981010BBAF2E08820D70B0A208104FFBAF2D0898309BAF2E088545053036F04F86102F862DB3C5512DB3CF2E082}
                    x{ED44D0D401F863D200018E2FD31FFA400120D74981010BBAF2E08820D70B0A208104FFBAF2D0898309BAF2E08801D2000191D4926D01E255206C13E0F828D70B0A8309BAF2E089810101D700FA400120D74981010BBAF2E08820D70B0A208104FFBAF2D0898309BAF2E0881202D101DB3C}
                     x{6D}
                    x{0192307FE07021D749C21F953020D70B1FDE208210AFE93535BA8F5130D31F018210AFE93535BAF2E081D33FFA400120D74981010BBAF2E08820D70B0A208104FFBAF2D0898309BAF2E08801D455206C1332820898968070FB024434DB3C30037083067055206D6D6DDB3C597FE0208210B8A3AA14BAE302}
                     x{F8425220C705F2E084}
                     x{C87101CA01500701CA007001CA02500520D74981010BBAF2E08820D70B0A208104FFBAF2D0898309BAF2E088CF165003FA027001CA68236EB3917F93246EB3E2973333017001CA00E30D216EB39C7F01CA0001206EF2D08001CC95317001CA00E2C901FB00}
                      x{7F01CA00C87001CA007001CA00246EB39D7F01CA0004206EF2D0805004CC9634037001CA00E2246EB39D7F01CA0004206EF2D0805004CC9634037001CA00E27001CA00027F01CA0002C958CC}
                     x{30D31F018210B8A3AA14BAF2E081D33FFA400120D74981010BBAF2E08820D70B0A208104FFBAF2D0898309BAF2E088126C12317020FB025520DB3C03708100A07055206D6D6DDB3C587F}
                      x{F8425220C705F2E084}
                      x{C87101CA01500701CA007001CA02500520D74981010BBAF2E08820D70B0A208104FFBAF2D0898309BAF2E088CF165003FA027001CA68236EB3917F93246EB3E2973333017001CA00E30D216EB39C7F01CA0001206EF2D08001CC95317001CA00E2C901FB00}
                       x{7F01CA00C87001CA007001CA00246EB39D7F01CA0004206EF2D0805004CC9634037001CA00E2246EB39D7F01CA0004206EF2D0805004CC9634037001CA00E27001CA00027F01CA0002C958CC}
                     x{8210E601F8E5BA8ECED31F018210E601F8E5BAF2E081D33F0131820898968070FB02F8416F2410235F037083067F25206EF2D080542580C855208210B687AB175004CB1F12CB3FCB1FCCC9103441301443306D6DDB3C7FE03070}
                      x{C87101CA01500701CA007001CA02500520D74981010BBAF2E08820D70B0A208104FFBAF2D0898309BAF2E088CF165003FA027001CA68236EB3917F93246EB3E2973333017001CA00E30D216EB39C7F01CA0001206EF2D08001CC95317001CA00E2C901FB00}
                       x{7F01CA00C87001CA007001CA00246EB39D7F01CA0004206EF2D0805004CC9634037001CA00E2246EB39D7F01CA0004206EF2D0805004CC9634037001CA00E27001CA00027F01CA0002C958CC}
                    x{C8F84301CC7F01CA0055205023CB1F0120D74981010BBAF2E08820D70B0A208104FFBAF2D0898309BAF2E088CF16216EB3957F01CA00CC947032CA00E2C9ED54}
                   x{2_}
                    x{BE28EED9E6D9E3618C_}
                     x{ED44D0D401F863D200018E2FD31FFA400120D74981010BBAF2E08820D70B0A208104FFBAF2D0898309BAF2E08801D2000191D4926D01E255206C13E0F828D70B0A8309BAF2E089810101D700FA400120D74981010BBAF2E08820D70B0A208104FFBAF2D0898309BAF2E0881202D101DB3C}
                      x{6D}
                     x{21}
                    x{2_}
                     x{4}
                      x{B1D8B6CF36CF1B0C6_}
                       x{ED44D0D401F863D200018E2FD31FFA400120D74981010BBAF2E08820D70B0A208104FFBAF2D0898309BAF2E08801D2000191D4926D01E255206C13E0F828D70B0A8309BAF2E089810101D700FA400120D74981010BBAF2E08820D70B0A208104FFBAF2D0898309BAF2E0881202D101DB3C}
                        x{6D}
                       x{20}
                      x{B36436CF36CF1B0C6_}
                       x{ED44D0D401F863D200018E2FD31FFA400120D74981010BBAF2E08820D70B0A208104FFBAF2D0898309BAF2E08801D2000191D4926D01E255206C13E0F828D70B0A8309BAF2E089810101D700FA400120D74981010BBAF2E08820D70B0A208104FFBAF2D0898309BAF2E0881202D101DB3C}
                        x{6D}
                       x{22}
                     x{B82BEED44D0D20001}
                 x{0000000000000000000000000000000000000000000000000000000000000000200292EBCDAC4F8EB9DC3CA19668D2CB607CE2167A30233DDDBCAED2D106010E09C4_}
                  x{C_}
                   x{A0838F_}
                    x{FF00F4A413F4BCF2C80B}
                     x{62_}
                      x{D001D0D3030171B0A301FA400120D74981010BBAF2E08820D70B0A208104FFBAF2D0898309BAF2E088545053036F04F86102F862DB3C5512DB3CF2E082}
                       x{ED44D0D401F863D200018E2FD31FFA400120D74981010BBAF2E08820D70B0A208104FFBAF2D0898309BAF2E08801D2000191D4926D01E255206C13E0F828D70B0A8309BAF2E089810101D700FA400120D74981010BBAF2E08820D70B0A208104FFBAF2D0898309BAF2E0881202D101DB3C}
                        x{6D}
                       x{0192307FE07021D749C21F953020D70B1FDE208210AFE93535BA8F5130D31F018210AFE93535BAF2E081D33FFA400120D74981010BBAF2E08820D70B0A208104FFBAF2D0898309BAF2E08801D455206C1332820898968070FB024434DB3C30037083067055206D6D6DDB3C597FE0208210B8A3AA14BAE302}
                        x{F8425220C705F2E084}
                        x{C87101CA01500701CA007001CA02500520D74981010BBAF2E08820D70B0A208104FFBAF2D0898309BAF2E088CF165003FA027001CA68236EB3917F93246EB3E2973333017001CA00E30D216EB39C7F01CA0001206EF2D08001CC95317001CA00E2C901FB00}
                         x{7F01CA00C87001CA007001CA00246EB39D7F01CA0004206EF2D0805004CC9634037001CA00E2246EB39D7F01CA0004206EF2D0805004CC9634037001CA00E27001CA00027F01CA0002C958CC}
                        x{30D31F018210B8A3AA14BAF2E081D33FFA400120D74981010BBAF2E08820D70B0A208104FFBAF2D0898309BAF2E088126C12317020FB025520DB3C03708100A07055206D6D6DDB3C587F}
                         x{F8425220C705F2E084}
                         x{C87101CA01500701CA007001CA02500520D74981010BBAF2E08820D70B0A208104FFBAF2D0898309BAF2E088CF165003FA027001CA68236EB3917F93246EB3E2973333017001CA00E30D216EB39C7F01CA0001206EF2D08001CC95317001CA00E2C901FB00}
                          x{7F01CA00C87001CA007001CA00246EB39D7F01CA0004206EF2D0805004CC9634037001CA00E2246EB39D7F01CA0004206EF2D0805004CC9634037001CA00E27001CA00027F01CA0002C958CC}
                        x{8210E601F8E5BA8ECED31F018210E601F8E5BAF2E081D33F0131820898968070FB02F8416F2410235F037083067F25206EF2D080542580C855208210B687AB175004CB1F12CB3FCB1FCCC9103441301443306D6DDB3C7FE03070}
                         x{C87101CA01500701CA007001CA02500520D74981010BBAF2E08820D70B0A208104FFBAF2D0898309BAF2E088CF165003FA027001CA68236EB3917F93246EB3E2973333017001CA00E30D216EB39C7F01CA0001206EF2D08001CC95317001CA00E2C901FB00}
                          x{7F01CA00C87001CA007001CA00246EB39D7F01CA0004206EF2D0805004CC9634037001CA00E2246EB39D7F01CA0004206EF2D0805004CC9634037001CA00E27001CA00027F01CA0002C958CC}
                       x{C8F84301CC7F01CA0055205023CB1F0120D74981010BBAF2E08820D70B0A208104FFBAF2D0898309BAF2E088CF16216EB3957F01CA00CC947032CA00E2C9ED54}
                      x{2_}
                       x{BE28EED9E6D9E3618C_}
                        x{ED44D0D401F863D200018E2FD31FFA400120D74981010BBAF2E08820D70B0A208104FFBAF2D0898309BAF2E08801D2000191D4926D01E255206C13E0F828D70B0A8309BAF2E089810101D700FA400120D74981010BBAF2E08820D70B0A208104FFBAF2D0898309BAF2E0881202D101DB3C}
                         x{6D}
                        x{21}
                       x{2_}
                        x{4}
                         x{B1D8B6CF36CF1B0C6_}
                          x{ED44D0D401F863D200018E2FD31FFA400120D74981010BBAF2E08820D70B0A208104FFBAF2D0898309BAF2E08801D2000191D4926D01E255206C13E0F828D70B0A8309BAF2E089810101D700FA400120D74981010BBAF2E08820D70B0A208104FFBAF2D0898309BAF2E0881202D101DB3C}
                           x{6D}
                          x{20}
                         x{B36436CF36CF1B0C6_}
                          x{ED44D0D401F863D200018E2FD31FFA400120D74981010BBAF2E08820D70B0A208104FFBAF2D0898309BAF2E08801D2000191D4926D01E255206C13E0F828D70B0A8309BAF2E089810101D700FA400120D74981010BBAF2E08820D70B0A208104FFBAF2D0898309BAF2E0881202D101DB3C}
                           x{6D}
                          x{22}
                        x{B82BEED44D0D20001}
                x{B8A3AA140000000000000000801D3E5E1B0970E52ABD4EA639AED542E118FE33D2F03FE072737A6B74A8FDC2C69_}
           x{72FB8C65380F99EC4B6C5956121A0FD24A9F17FF251C6A01B470F93EF9820E8D768442DFE798DDBB430F803024FFD10C6616D18320E20013649945F8D34D608A04}
           x{04090E51839CD88036E99E11_}
            x{602324EC3D09000000000000000007BF00000000000000000000000000000000000000000000000000000000000000000000000000000000000000000000000000000000000000000000000000000000}
            x{C9AC8D784C8FB95000000000000A00020000000870BA97418920FFE103EEBF1DE27BC4153BF266F30A518B77030335B27E783F1048913B24_},
          hash: [Function: hash],
          blockchainLogs: '[ 4][t 0][2024-10-30 23:27:04.983000][transaction.cpp:443]\tunpacking account 525D79B589F1D73B879432CD1A596C0F9C42CF460467BBB795DA5A20C021C138\n' +
            '[ 4][t 0][2024-10-30 23:27:04.983000][transaction.cpp:274]\tlast_paid=1732922824; cells=232 bits=84034 public_cells=0\n' +
            '[ 4][t 0][2024-10-30 23:27:04.983000][transaction.cpp:504]\tend of Account.unpack() for 0:525D79B589F1D73B879432CD1A596C0F9C42CF460467BBB795DA5A20C021C138 (balance = 3100000000ng ; last_trans_lt = 36000000..36000002)\n' +
            '[ 4][t 0][2024-10-30 23:27:04.983000][transaction.cpp:3655]\tblock random seed set to 0000000000000000000000000000000000000000000000000000000000000000\n' +
            '[ 4][t 0][2024-10-30 23:27:04.983000][transaction.cpp:1236]\tgas limits: max=1000000, limit=1000000, credit=0\n' +
            '[ 4][t 0][2024-10-30 23:27:04.983000][transaction.cpp:1575]\tin_msg_state is null\n' +
            '[ 4][t 0][2024-10-30 23:27:04.983000][transaction.cpp:1645]\tcreating VM\n' +
            '[ 4][t 0][2024-10-30 23:27:04.983000][transaction.cpp:1351]\tSmartContractInfo initialized with [ 124711402 0 0 1732922824 38000000 38000000 14068792954309835536948273256715513127174070948738620016199408580766834334284 [ 4060892531 (null) ] CS{Cell{0271c00525d79b589f1d73b879432cd1a596c0f9c42cf460467bbb795da5a20c021c1383d0c05210833a526e4000000000089544092e318fc01340} bits: 1..268; refs: 0..0} C{A7EC01478F770EF8F8B037CC7E42F0ABF0D85A50E1828C2394DAD1411691F2DE} C{42B6F0E46484EFC57B9508F6BA7EF42E7512023D5CB4ED5628DD1C7755D16E9D} [ 960892531 (null) ] 0 (null) [ CS{Cell{004dd06600000000000000000000000080000000000000fa00000000000001f4000000000003d09040} bits: 9..305; refs: 0..0} (null) CS{Cell{0094d1000000000000006400000000000f4240de000000002710000000000000000f42400000000002160ec0000000000000271000000000002625a00000000005f5e100000000003b9aca00} bits: 0..592; refs: 0..0} CS{Cell{0094d100000000000000640000000000009c40de000000000190000000000000000f424000000000000f4240000000000000271000000000009896800000000005f5e100000000003b9aca00} bits: 0..592; refs: 0..0} CS{Cell{0042ea000000000098968000000000271000000000000f424000000001800055555555} bits: 0..264; refs: 0..0} CS{Cell{0042ea0000000000061a800000000001900000000000009c4000000001800055555555} bits: 0..264; refs: 0..0} (null) ] 0 (null) ]\n' +
            '[ 4][t 0][2024-10-30 23:27:04.983000][transaction.cpp:1675]\tstarting VM\n' +
            '[ 4][t 0][2024-10-30 23:27:04.985000][transaction.cpp:1680]\tVM terminated with exit code 0\n' +
            '[ 3][t 0][2024-10-30 23:27:04.985000][transaction.cpp:1702]\tsteps: 1983 gas: used=71975, max=1000000, limit=1000000, credit=0\n' +
            '[ 3][t 0][2024-10-30 23:27:04.985000][transaction.cpp:1704]\tout_of_gas=false, accepted=true, success=true, time=0.001842s\n' +
            '[ 4][t 0][2024-10-30 23:27:04.985000][transaction.cpp:1737]\tgas fees: 28790000 = 26214400 * 71975 /2^16 ; price=26214400; flat rate=[40000 for 100]; remaining balance=4032102531ng\n' +
            '[ 3][t 0][2024-10-30 23:27:04.985000][transaction.cpp:2678]\tin try_action_reserve_currency(0)\n' +
            '[ 4][t 0][2024-10-30 23:27:04.985000][transaction.cpp:2684]\taction_reserve_currency: mode=0, reserve=3100000000ng, balance=4032102531ng, original balance=3100000000ng\n' +
            '[ 3][t 0][2024-10-30 23:27:04.985000][transaction.cpp:2729]\tchanged remaining balance to 932102531ng, reserved balance to 3100000000ng\n' +
            '[ 4][t 0][2024-10-30 23:27:04.985000][transaction.cpp:2448]\tstorage paid for a message: 1 cells, 96 bits\n' +
            '[ 4][t 0][2024-10-30 23:27:04.985000][transaction.cpp:2452]\tcomputed fwd fees = 478400 + 0\n' +
            '[ 4][t 0][2024-10-30 23:27:04.985000][transaction.cpp:2448]\tstorage paid for a message: 1 cells, 96 bits\n' +
            '[ 4][t 0][2024-10-30 23:27:04.985000][transaction.cpp:2452]\tcomputed fwd fees = 478400 + 0\n' +
            '[ 4][t 0][2024-10-30 23:27:04.985000][transaction.cpp:2448]\tstorage paid for a message: 1 cells, 431 bits\n' +
            '[ 4][t 0][2024-10-30 23:27:04.985000][transaction.cpp:2452]\tcomputed fwd fees = 612400 + 0\n' +
            '[ 4][t 0][2024-10-30 23:27:04.985000][transaction.cpp:2448]\tstorage paid for a message: 27 cells, 6976 bits\n' +
            '[ 4][t 0][2024-10-30 23:27:04.985000][transaction.cpp:2452]\tcomputed fwd fees = 4270400 + 0\n',
          vmLogs: 'xecute EQUAL\n' +
            'execute THROWIF 137\n' +
            'execute PUSHPOW2 10\n' +
            'execute EQUAL\n' +
            'execute THROWIFNOT 136\n' +
            'execute STSLICER\n' +
            'execute ENDC\n' +
            'execute ROT\n' +
            'execute STREF\n' +
            'execute ENDC\n' +
            'execute SWAP\n' +
            'execute STREF\n' +
            'execute implicit RET\n' +
            'execute ENDC\n' +
            'execute POP c4\n' +
            'execute implicit RET\n',
          debugLogs: '',
          events: [Array],
          parent: [Object],
          children: [Array],
          externals: [Array]
        },
        children: [ [Object] ],
        externals: []
      },
      {
        address: 37254810366437813475271750514734067285117962570475561289538093995582013161784n,
        lt: 42000000n,
        prevTransactionHash: 103913488690854289009118291285257984461764132030246452257168353043225060117140n,
        prevTransactionLt: 38000000n,
        now: 1732922824,
        outMessagesCount: 2,
        oldStatus: 'active',
        endStatus: 'active',
        inMessage: {
          info: [Object],
          init: null,
          body: x{2A004A0500000000000000000000000000000000000000000000000000000000000000000000000000000000400B75A3E1A6460F415CE3721F308920C4B456F3B977F39EB26CED9155308A976CC}
        },
        outMessages: Dictionary { _key: [Object], _value: [Object], _map: [Map] },
        totalFees: { coins: 11323062n },
        stateUpdate: {
          oldHash: <Buffer 84 42 df e7 98 dd bb 43 0f 80 30 24 ff d1 0c 66 16 d1 83 20 e2 00 13 64 99 45 f8 d3 4d 60 8a 04>,
          newHash: <Buffer 3e 26 0d 78 28 92 b5 50 d5 77 1d b0 d3 3a 4a 3b a6 01 f9 2a ce 36 98 8c 90 89 80 7b f7 b0 a1 3f>
        },
        description: {
          type: 'generic',
          creditFirst: false,
          storagePhase: [Object],
          creditPhase: [Object],
          computePhase: [Object],
          actionPhase: [Object],
          bouncePhase: undefined,
          aborted: false,
          destroyed: false
        },
        raw: x{7525D79B589F1D73B879432CD1A596C0F9C42CF460467BBB795DA5A20C021C138000000000280DE80E5BCF349EA4068F91EBEFD3844FB3BDDD821CCB48AF58F86D0C0F56E60510A94000000000243D580674A4DC8000547598D6C}
         x{E_}
          x{6801C25D36B535BEF92116226484A49D03E01E5050FFC3053F6C298C080280A4EEF90014975E6D627C75CEE1E50CB346965B03E710B3D18119EEEDE57696883008704E101119EF88060DFF5E0000000004A62F82CE949B90C_}
           x{2A004A0500000000000000000000000000000000000000000000000000000000000000000000000000000000400B75A3E1A6460F415CE3721F308920C4B456F3B977F39EB26CED9155308A976CC}
          x{DD_}
           x{2_}
            x{6800A4BAF36B13E3AE770F28659A34B2D81F38859E8C08CF776F2BB4B44180438271002DD68F8699183D05738DC87CC2248312D15BCEE5DFCE7AC9B3B64554C22A5DB31159B4FA000608235A000000000501BD02CE949B904_}
           x{2_}
            x{6800A4BAF36B13E3AE770F28659A34B2D81F38859E8C08CF776F2BB4B44180438271003A7CBC3612E1CA557A9D4C735DAA85C231FC67A5E07FC0E4E6F4D6E951FB858D100E4647480608235A000000000501BD04CE949B904_}
         x{728442DFE798DDBB430F803024FFD10C6616D18320E20013649945F8D34D608A043E260D782892B550D5771DB0D33A4A3BA601F92ACE36988C9089807BF7B0A13F}
         x{040901119EF8987516A211_}
          x{4D7F2C0AF1E00000000000000002E500000000000000000000000000000000000000000000000000000000000000000000000000000000000000000000000000000000000000000000000000000000}
          x{C9861A804C10469800000000000600020000000520BCDA6AE866D8E4078A2975C8E95584FD64AF531E8559DB1AC71A78FAFE0E7C40902C14_},
        hash: [Function: hash],
        blockchainLogs: '[ 4][t 0][2024-10-30 23:27:05.000000][transaction.cpp:443]\tunpacking account 525D79B589F1D73B879432CD1A596C0F9C42CF460467BBB795DA5A20C021C138\n' +
          '[ 4][t 0][2024-10-30 23:27:05.000000][transaction.cpp:274]\tlast_paid=1732922824; cells=234 bits=84033 public_cells=0\n' +
          '[ 4][t 0][2024-10-30 23:27:05.000000][transaction.cpp:504]\tend of Account.unpack() for 0:525D79B589F1D73B879432CD1A596C0F9C42CF460467BBB795DA5A20C021C138 (balance = 3100000000ng ; last_trans_lt = 38000000..38000005)\n' +
          '[ 4][t 0][2024-10-30 23:27:05.000000][transaction.cpp:3655]\tblock random seed set to 0000000000000000000000000000000000000000000000000000000000000000\n' +
          '[ 4][t 0][2024-10-30 23:27:05.000000][transaction.cpp:1236]\tgas limits: max=1000000, limit=179320, credit=0\n' +
          '[ 4][t 0][2024-10-30 23:27:05.000000][transaction.cpp:1575]\tin_msg_state is null\n' +
          '[ 4][t 0][2024-10-30 23:27:05.000000][transaction.cpp:1645]\tcreating VM\n' +
          '[ 4][t 0][2024-10-30 23:27:05.000000][transaction.cpp:1351]\tSmartContractInfo initialized with [ 124711402 0 0 1732922824 42000000 42000000 14068792954309835536948273256715513127174070948738620016199408580766834334284 [ 3171728098 (null) ] CS{Cell{0271c00525d79b589f1d73b879432cd1a596c0f9c42cf460467bbb795da5a20c021c1383d4c05210433a526e4000000000090f56152e318fc01340} bits: 1..268; refs: 0..0} C{A7EC01478F770EF8F8B037CC7E42F0ABF0D85A50E1828C2394DAD1411691F2DE} C{42B6F0E46484EFC57B9508F6BA7EF42E7512023D5CB4ED5628DD1C7755D16E9D} [ 71728098 (null) ] 0 (null) [ CS{Cell{004dd06600000000000000000000000080000000000000fa00000000000001f4000000000003d09040} bits: 9..305; refs: 0..0} (null) CS{Cell{0094d1000000000000006400000000000f4240de000000002710000000000000000f42400000000002160ec0000000000000271000000000002625a00000000005f5e100000000003b9aca00} bits: 0..592; refs: 0..0} CS{Cell{0094d100000000000000640000000000009c40de000000000190000000000000000f424000000000000f4240000000000000271000000000009896800000000005f5e100000000003b9aca00} bits: 0..592; refs: 0..0} CS{Cell{0042ea000000000098968000000000271000000000000f424000000001800055555555} bits: 0..264; refs: 0..0} CS{Cell{0042ea0000000000061a800000000001900000000000009c4000000001800055555555} bits: 0..264; refs: 0..0} (null) ] 0 (null) ]\n' +
          '[ 4][t 0][2024-10-30 23:27:05.000000][transaction.cpp:1675]\tstarting VM\n' +
          '[ 4][t 0][2024-10-30 23:27:05.001000][transaction.cpp:1680]\tVM terminated with exit code 0\n' +
          '[ 3][t 0][2024-10-30 23:27:05.001000][transaction.cpp:1702]\tsteps: 741 gas: used=27641, max=1000000, limit=179320, credit=0\n' +
          '[ 3][t 0][2024-10-30 23:27:05.001000][transaction.cpp:1704]\tout_of_gas=false, accepted=true, success=true, time=0.000791s\n' +
          '[ 4][t 0][2024-10-30 23:27:05.001000][transaction.cpp:1737]\tgas fees: 11056400 = 26214400 * 27641 /2^16 ; price=26214400; flat rate=[40000 for 100]; remaining balance=3160671698ng\n' +
          '[ 3][t 0][2024-10-30 23:27:05.001000][transaction.cpp:2678]\tin try_action_reserve_currency(0)\n' +
          '[ 4][t 0][2024-10-30 23:27:05.001000][transaction.cpp:2684]\taction_reserve_currency: mode=0, reserve=1650000000ng, balance=3160671698ng, original balance=3100000000ng\n' +
          '[ 3][t 0][2024-10-30 23:27:05.001000][transaction.cpp:2729]\tchanged remaining balance to 1510671698ng, reserved balance to 1650000000ng\n' +
          '[ 4][t 0][2024-10-30 23:27:05.001000][transaction.cpp:2448]\tstorage paid for a message: 0 cells, 0 bits\n' +
          '[ 4][t 0][2024-10-30 23:27:05.001000][transaction.cpp:2452]\tcomputed fwd fees = 400000 + 0\n' +
          '[ 4][t 0][2024-10-30 23:27:05.001000][transaction.cpp:2448]\tstorage paid for a message: 0 cells, 0 bits\n' +
          '[ 4][t 0][2024-10-30 23:27:05.001000][transaction.cpp:2452]\tcomputed fwd fees = 400000 + 0\n',
        vmLogs: 'xecute EQUAL\n' +
          'execute THROWIF 137\n' +
          'execute PUSHPOW2 10\n' +
          'execute EQUAL\n' +
          'execute THROWIFNOT 136\n' +
          'execute STSLICER\n' +
          'execute ENDC\n' +
          'execute ROT\n' +
          'execute STREF\n' +
          'execute ENDC\n' +
          'execute SWAP\n' +
          'execute STREF\n' +
          'execute implicit RET\n' +
          'execute ENDC\n' +
          'execute POP c4\n' +
          'execute implicit RET\n',
        debugLogs: '',
        events: [ [Object], [Object] ],
        parent: {
          address: 101852738109603725607761920797369865272772728943991090530178890834824226043772n,
          lt: 39000000n,
          prevTransactionHash: 18823896571104462826005349536524258397277804136907730778076281425368745507883n,
          prevTransactionLt: 27000000n,
          now: 1732922824,
          outMessagesCount: 1,
          oldStatus: 'active',
          endStatus: 'active',
          inMessage: [Object],
          outMessages: [Dictionary],
          totalFees: [Object],
          stateUpdate: [Object],
          description: [Object],
          raw: x{7E12E9B5A9ADF7C908B113242524E81F00F28287FE1829FB614C604014052777C00000000025317C0299DF2A96A191722C03605517B8ADAB356B3FFAA668810CC7464B99F14CBFC2B00000000019BFCC0674A4DC8000346A2CE5E}
           x{E_}
            x{6800A4BAF36B13E3AE770F28659A34B2D81F38859E8C08CF776F2BB4B4418043827100384BA6D6A6B7DF2422C44C909493A07C03CA0A1FF860A7ED8531810050149DDF10101931000609BBB0000000000487AB02CE949B905E137A6400000000000000004_}
            x{DF_}
             x{6801C25D36B535BEF92116226484A49D03E01E5050FFC3053F6C298C080280A4EEF90014975E6D627C75CEE1E50CB346965B03E710B3D18119EEEDE57696883008704E101119EF88060DFF5E0000000004A62F82CE949B90C_}
              x{2A004A0500000000000000000000000000000000000000000000000000000000000000000000000000000000400B75A3E1A6460F415CE3721F308920C4B456F3B977F39EB26CED9155308A976CC}
           x{724CA912FB6CF93BFD7487ABD96B6C8314F993AC2E8CD5251472F3C7A67D23BF24F70C1E7F5C48E1B5B83F7DC0A1C228935CE28006034833B25EF5E8A891AEEA63}
           x{04C4360789010193101867A1E811_}
            x{44E28C0A4D9000000000000000013D00000000000000000000000000000000000000000000000000000000000000000000000000000000000000000000000000000000000000000000000000000000}
            x{C9853FC04C0DFF44000000000002000000000003012C6B64FF35A2229481D1D656ED00986D336133CEC0CF97D95A4B52C67677FC4090296C_},
          hash: [Function: hash],
          blockchainLogs: '[ 4][t 0][2024-10-30 23:27:04.990000][transaction.cpp:443]\tunpacking account E12E9B5A9ADF7C908B113242524E81F00F28287FE1829FB614C604014052777C\n' +
            '[ 4][t 0][2024-10-30 23:27:04.990000][transaction.cpp:274]\tlast_paid=1730330824; cells=30 bits=12911 public_cells=0\n' +
            '[ 4][t 0][2024-10-30 23:27:04.990000][transaction.cpp:504]\tend of Account.unpack() for 0:E12E9B5A9ADF7C908B113242524E81F00F28287FE1829FB614C604014052777C (balance = 10000000ng ; last_trans_lt = 27000000..27000002)\n' +
            '[ 4][t 0][2024-10-30 23:27:04.990000][transaction.cpp:3655]\tblock random seed set to 0000000000000000000000000000000000000000000000000000000000000000\n' +
            '[ 4][t 0][2024-10-30 23:27:04.990000][transaction.cpp:1236]\tgas limits: max=191044, limit=168804, credit=0\n' +
            '[ 4][t 0][2024-10-30 23:27:04.990000][transaction.cpp:1575]\tin_msg_state is null\n' +
            '[ 4][t 0][2024-10-30 23:27:04.990000][transaction.cpp:1645]\tcreating VM\n' +
            '[ 4][t 0][2024-10-30 23:27:04.990000][transaction.cpp:1351]\tSmartContractInfo initialized with [ 124711402 0 0 1732922824 39000000 39000000 43870772645377937883531240781324653013999287705787709612543318804107744319189 [ 76417698 (null) ] CS{Cell{026dc00e12e9b5a9adf7c908b113242524e81f00f28287fe1829fb614c604014052777c23c8c9bc33916064000000000066ff308e625a01340} bits: 1..268; refs: 0..0} C{A7EC01478F770EF8F8B037CC7E42F0ABF0D85A50E1828C2394DAD1411691F2DE} C{33BB148A451AD17F938AA7C476E48F2B79933715F13F1D58F9234A90730321A8} [ 67521600 (null) ] 1103902 (null) [ CS{Cell{004dd06600000000000000000000000080000000000000fa00000000000001f4000000000003d09040} bits: 9..305; refs: 0..0} (null) CS{Cell{0094d1000000000000006400000000000f4240de000000002710000000000000000f42400000000002160ec0000000000000271000000000002625a00000000005f5e100000000003b9aca00} bits: 0..592; refs: 0..0} CS{Cell{0094d100000000000000640000000000009c40de000000000190000000000000000f424000000000000f4240000000000000271000000000009896800000000005f5e100000000003b9aca00} bits: 0..592; refs: 0..0} CS{Cell{0042ea000000000098968000000000271000000000000f424000000001800055555555} bits: 0..264; refs: 0..0} CS{Cell{0042ea0000000000061a800000000001900000000000009c4000000001800055555555} bits: 0..264; refs: 0..0} (null) ] 0 (null) ]\n' +
            '[ 4][t 0][2024-10-30 23:27:04.990000][transaction.cpp:1675]\tstarting VM\n' +
            '[ 4][t 0][2024-10-30 23:27:04.991000][transaction.cpp:1680]\tVM terminated with exit code 0\n' +
            '[ 3][t 0][2024-10-30 23:27:04.991000][transaction.cpp:1702]\tsteps: 317 gas: used=10004, max=191044, limit=168804, credit=0\n' +
            '[ 3][t 0][2024-10-30 23:27:04.991000][transaction.cpp:1704]\tout_of_gas=false, accepted=true, success=true, time=0.000307s\n' +
            '[ 4][t 0][2024-10-30 23:27:04.991000][transaction.cpp:1737]\tgas fees: 4001600 = 26214400 * 10004 /2^16 ; price=26214400; flat rate=[40000 for 100]; remaining balance=72416098ng\n' +
            '[ 4][t 0][2024-10-30 23:27:04.991000][transaction.cpp:2448]\tstorage paid for a message: 1 cells, 620 bits\n' +
            '[ 4][t 0][2024-10-30 23:27:04.991000][transaction.cpp:2452]\tcomputed fwd fees = 688000 + 0\n',
          vmLogs: 'e implicit RET\n' +
            'execute OVER\n' +
            'execute ISNULL\n' +
            'execute NOT\n' +
            'execute PUSHCONT x7F01CA00CC\n' +
            'execute PUSHCONT x7032CA00\n' +
            'execute IFELSE\n' +
            'execute PUSHINT -1\n' +
            'execute SWAP\n' +
            'execute STI 1\n' +
            'execute STREF\n' +
            'execute implicit RET\n' +
            'execute ENDC\n' +
            'execute POP c4\n' +
            'execute implicit RET\n',
          debugLogs: '',
          events: [Array],
          parent: [Object],
          children: [Array],
          externals: []
        },
        children: [ [Object], [Object] ],
        externals: []
      },
      {
        address: 37254810366437813475271750514734067285117962570475561289538093995582013161784n,
        lt: 43000000n,
        prevTransactionHash: 101895740404625598340557458781680806039812408702799245022025571745315124488150n,
        prevTransactionLt: 42000000n,
        now: 1732922824,
        outMessagesCount: 2,
        oldStatus: 'active',
        endStatus: 'active',
        inMessage: {
          info: [Object],
          init: null,
          body: x{2A004A0500000000000000010000000000000000000000000000000000000000000000000000000000000000C00814669C6B54FD8B2DD8E93AAA6E5DE45BD032703F7A61C194AB414089B0A7AA2}
        },
        outMessages: Dictionary { _key: [Object], _value: [Object], _map: [Map] },
        totalFees: { coins: 11033062n },
        stateUpdate: {
          oldHash: <Buffer 3e 26 0d 78 28 92 b5 50 d5 77 1d b0 d3 3a 4a 3b a6 01 f9 2a ce 36 98 8c 90 89 80 7b f7 b0 a1 3f>,
          newHash: <Buffer 26 6e 20 86 ca d9 e1 8f a8 05 e0 b5 f6 72 86 24 84 9f 09 17 bb 86 8f b1 68 26 76 b7 b3 5e 12 fc>
        },
        description: {
          type: 'generic',
          creditFirst: false,
          storagePhase: [Object],
          creditPhase: [Object],
          computePhase: [Object],
          actionPhase: [Object],
          bouncePhase: undefined,
          aborted: false,
          destroyed: false
        },
        raw: x{7525D79B589F1D73B879432CD1A596C0F9C42CF460467BBB795DA5A20C021C13800000000029020C0E146F1FE6079F12D99F1D35C3FF450AD55F5886A63C24BA58B946FF0E18127D6000000000280DE80674A4DC800054750B3CC}
         x{E_}
          x{6800F99E4F01C1A7C3616D00B3681096094D190E846AE8B8DA0403AC5E7A4431E26D0014975E6D627C75CEE1E50CB346965B03E710B3D18119EEEDE57696883008704E101119EF88060DFF5E0000000004C4B402CE949B90C_}
           x{2A004A0500000000000000010000000000000000000000000000000000000000000000000000000000000000C00814669C6B54FD8B2DD8E93AAA6E5DE45BD032703F7A61C194AB414089B0A7AA2}
          x{DD_}
           x{2_}
            x{6800A4BAF36B13E3AE770F28659A34B2D81F38859E8C08CF776F2BB4B441804382710020519A71AD53F62CB763A4EAA9B977916F40C9C0FDE9870652AD050226C29EA891714F75000608235A0000000005204182CE949B904_}
           x{2_}
            x{6800A4BAF36B13E3AE770F28659A34B2D81F38859E8C08CF776F2BB4B44180438271003A7CBC3612E1CA557A9D4C735DAA85C231FC67A5E07FC0E4E6F4D6E951FB858D100E57FA880608235A0000000005204184CE949B904_}
         x{723E260D782892B550D5771DB0D33A4A3BA601F92ACE36988C9089807BF7B0A13F266E2086CAD9E18FA805E0B5F6728624849F0917BB868FB1682676B7B35E12FC}
         x{040901119EF89874890811_}
          x{4D248C0AF1E00000000000000002E500000000000000000000000000000000000000000000000000000000000000000000000000000000000000000000000000000000000000000000000000000000}
          x{C9861A804C104698000000000006000200000005AE3BECACD1748C736D669868A413010D4A1CB838B639F2C036520C5D9867A6FC40902C14_},
        hash: [Function: hash],
        blockchainLogs: '[ 4][t 0][2024-10-30 23:27:05.004000][transaction.cpp:443]\tunpacking account 525D79B589F1D73B879432CD1A596C0F9C42CF460467BBB795DA5A20C021C138\n' +
          '[ 4][t 0][2024-10-30 23:27:05.004000][transaction.cpp:274]\tlast_paid=1732922824; cells=231 bits=83982 public_cells=0\n' +
          '[ 4][t 0][2024-10-30 23:27:05.004000][transaction.cpp:504]\tend of Account.unpack() for 0:525D79B589F1D73B879432CD1A596C0F9C42CF460467BBB795DA5A20C021C138 (balance = 1650000000ng ; last_trans_lt = 42000000..42000003)\n' +
          '[ 4][t 0][2024-10-30 23:27:05.004000][transaction.cpp:3655]\tblock random seed set to 0000000000000000000000000000000000000000000000000000000000000000\n' +
          '[ 4][t 0][2024-10-30 23:27:05.004000][transaction.cpp:1236]\tgas limits: max=1000000, limit=179320, credit=0\n' +
          '[ 4][t 0][2024-10-30 23:27:05.004000][transaction.cpp:1575]\tin_msg_state is null\n' +
          '[ 4][t 0][2024-10-30 23:27:05.004000][transaction.cpp:1645]\tcreating VM\n' +
          '[ 4][t 0][2024-10-30 23:27:05.004000][transaction.cpp:1351]\tSmartContractInfo initialized with [ 124711402 0 0 1732922824 43000000 43000000 14068792954309835536948273256715513127174070948738620016199408580766834334284 [ 1721728098 (null) ] CS{Cell{0271c00525d79b589f1d73b879432cd1a596c0f9c42cf460467bbb795da5a20c021c1383cec05203833a526e40000000000a037a0d189640201340} bits: 1..268; refs: 0..0} C{A7EC01478F770EF8F8B037CC7E42F0ABF0D85A50E1828C2394DAD1411691F2DE} C{42B6F0E46484EFC57B9508F6BA7EF42E7512023D5CB4ED5628DD1C7755D16E9D} [ 71728098 (null) ] 0 (null) [ CS{Cell{004dd06600000000000000000000000080000000000000fa00000000000001f4000000000003d09040} bits: 9..305; refs: 0..0} (null) CS{Cell{0094d1000000000000006400000000000f4240de000000002710000000000000000f42400000000002160ec0000000000000271000000000002625a00000000005f5e100000000003b9aca00} bits: 0..592; refs: 0..0} CS{Cell{0094d100000000000000640000000000009c40de000000000190000000000000000f424000000000000f4240000000000000271000000000009896800000000005f5e100000000003b9aca00} bits: 0..592; refs: 0..0} CS{Cell{0042ea000000000098968000000000271000000000000f424000000001800055555555} bits: 0..264; refs: 0..0} CS{Cell{0042ea0000000000061a800000000001900000000000009c4000000001800055555555} bits: 0..264; refs: 0..0} (null) ] 0 (null) ]\n' +
          '[ 4][t 0][2024-10-30 23:27:05.004000][transaction.cpp:1675]\tstarting VM\n' +
          '[ 4][t 0][2024-10-30 23:27:05.005000][transaction.cpp:1680]\tVM terminated with exit code 0\n' +
          '[ 3][t 0][2024-10-30 23:27:05.005000][transaction.cpp:1702]\tsteps: 741 gas: used=26916, max=1000000, limit=179320, credit=0\n' +
          '[ 3][t 0][2024-10-30 23:27:05.005000][transaction.cpp:1704]\tout_of_gas=false, accepted=true, success=true, time=0.000927s\n' +
          '[ 4][t 0][2024-10-30 23:27:05.005000][transaction.cpp:1737]\tgas fees: 10766400 = 26214400 * 26916 /2^16 ; price=26214400; flat rate=[40000 for 100]; remaining balance=1710961698ng\n' +
          '[ 3][t 0][2024-10-30 23:27:05.006000][transaction.cpp:2678]\tin try_action_reserve_currency(0)\n' +
          '[ 4][t 0][2024-10-30 23:27:05.006000][transaction.cpp:2684]\taction_reserve_currency: mode=0, reserve=101000000ng, balance=1710961698ng, original balance=1650000000ng\n' +
          '[ 3][t 0][2024-10-30 23:27:05.006000][transaction.cpp:2729]\tchanged remaining balance to 1609961698ng, reserved balance to 101000000ng\n' +
          '[ 4][t 0][2024-10-30 23:27:05.006000][transaction.cpp:2448]\tstorage paid for a message: 0 cells, 0 bits\n' +
          '[ 4][t 0][2024-10-30 23:27:05.006000][transaction.cpp:2452]\tcomputed fwd fees = 400000 + 0\n' +
          '[ 4][t 0][2024-10-30 23:27:05.006000][transaction.cpp:2448]\tstorage paid for a message: 0 cells, 0 bits\n' +
          '[ 4][t 0][2024-10-30 23:27:05.006000][transaction.cpp:2452]\tcomputed fwd fees = 400000 + 0\n',
        vmLogs: 'xecute EQUAL\n' +
          'execute THROWIF 137\n' +
          'execute PUSHPOW2 10\n' +
          'execute EQUAL\n' +
          'execute THROWIFNOT 136\n' +
          'execute STSLICER\n' +
          'execute ENDC\n' +
          'execute ROT\n' +
          'execute STREF\n' +
          'execute ENDC\n' +
          'execute SWAP\n' +
          'execute STREF\n' +
          'execute implicit RET\n' +
          'execute ENDC\n' +
          'execute POP c4\n' +
          'execute implicit RET\n',
        debugLogs: '',
        events: [ [Object], [Object] ],
        parent: {
          address: 56452803209391972311245829800318013664241380452486081517026592719308720763190n,
          lt: 40000000n,
          prevTransactionHash: 58859299746430333014000358006351114125316889733329331773044729324566780096499n,
          prevTransactionLt: 28000000n,
          now: 1732922824,
          outMessagesCount: 1,
          oldStatus: 'active',
          endStatus: 'active',
          inMessage: [Object],
          outMessages: [Dictionary],
          totalFees: [Object],
          stateUpdate: [Object],
          description: [Object],
          raw: x{77CCF2780E0D3E1B0B68059B4084B04A68C874235745C6D0201D62F3D2218F1360000000002625A0082212EDE723636A489BC77992C8486D93481C5A68B5CCE709D9CD166E234AFF30000000001AB3F00674A4DC8000346A2CE5E}
           x{E_}
            x{6800A4BAF36B13E3AE770F28659A34B2D81F38859E8C08CF776F2BB4B44180438271001F33C9E03834F86C2DA0166D0212C129A321D08D5D171B4080758BCF48863C4D90101931000609BBB0000000000487AB04CE949B905E137A640000000000000000C_}
            x{DF_}
             x{6800F99E4F01C1A7C3616D00B3681096094D190E846AE8B8DA0403AC5E7A4431E26D0014975E6D627C75CEE1E50CB346965B03E710B3D18119EEEDE57696883008704E101119EF88060DFF5E0000000004C4B402CE949B90C_}
              x{2A004A0500000000000000010000000000000000000000000000000000000000000000000000000000000000C00814669C6B54FD8B2DD8E93AAA6E5DE45BD032703F7A61C194AB414089B0A7AA2}
           x{728585D144A003E6AFEA3EF6B22D7C34BD86A15F171C892897BEAAF220040517C95BF4B97291FA111B924B140D794F09C4DF555D2F7AE1035E87703B86F1498326}
           x{04C4360789010193101867A1E811_}
            x{44E28C0A4D9000000000000000013D00000000000000000000000000000000000000000000000000000000000000000000000000000000000000000000000000000000000000000000000000000000}
            x{C9853FC04C0DFF44000000000002000000000002EF2011805BF718B31174C760DF120A9F20923EA7F17C12961509A919DBB744544090296C_},
          hash: [Function: hash],
          blockchainLogs: '[ 4][t 0][2024-10-30 23:27:04.993000][transaction.cpp:443]\tunpacking account 7CCF2780E0D3E1B0B68059B4084B04A68C874235745C6D0201D62F3D2218F136\n' +
            '[ 4][t 0][2024-10-30 23:27:04.993000][transaction.cpp:274]\tlast_paid=1730330824; cells=30 bits=12911 public_cells=0\n' +
            '[ 4][t 0][2024-10-30 23:27:04.993000][transaction.cpp:504]\tend of Account.unpack() for 0:7CCF2780E0D3E1B0B68059B4084B04A68C874235745C6D0201D62F3D2218F136 (balance = 10000000ng ; last_trans_lt = 28000000..28000002)\n' +
            '[ 4][t 0][2024-10-30 23:27:04.993000][transaction.cpp:3655]\tblock random seed set to 0000000000000000000000000000000000000000000000000000000000000000\n' +
            '[ 4][t 0][2024-10-30 23:27:04.993000][transaction.cpp:1236]\tgas limits: max=191044, limit=168804, credit=0\n' +
            '[ 4][t 0][2024-10-30 23:27:04.993000][transaction.cpp:1575]\tin_msg_state is null\n' +
            '[ 4][t 0][2024-10-30 23:27:04.993000][transaction.cpp:1645]\tcreating VM\n' +
            '[ 4][t 0][2024-10-30 23:27:04.993000][transaction.cpp:1351]\tSmartContractInfo initialized with [ 124711402 0 0 1732922824 40000000 40000000 17158678860825839941702393232993838109470607978381324670400578166443069604636 [ 76417698 (null) ] CS{Cell{026dc007ccf2780e0d3e1b0b68059b4084b04a68c874235745c6d0201d62f3d2218f13623c8c9bc3391606400000000006acfc08e625a01340} bits: 1..268; refs: 0..0} C{A7EC01478F770EF8F8B037CC7E42F0ABF0D85A50E1828C2394DAD1411691F2DE} C{33BB148A451AD17F938AA7C476E48F2B79933715F13F1D58F9234A90730321A8} [ 67521600 (null) ] 1103902 (null) [ CS{Cell{004dd06600000000000000000000000080000000000000fa00000000000001f4000000000003d09040} bits: 9..305; refs: 0..0} (null) CS{Cell{0094d1000000000000006400000000000f4240de000000002710000000000000000f42400000000002160ec0000000000000271000000000002625a00000000005f5e100000000003b9aca00} bits: 0..592; refs: 0..0} CS{Cell{0094d100000000000000640000000000009c40de000000000190000000000000000f424000000000000f4240000000000000271000000000009896800000000005f5e100000000003b9aca00} bits: 0..592; refs: 0..0} CS{Cell{0042ea000000000098968000000000271000000000000f424000000001800055555555} bits: 0..264; refs: 0..0} CS{Cell{0042ea0000000000061a800000000001900000000000009c4000000001800055555555} bits: 0..264; refs: 0..0} (null) ] 0 (null) ]\n' +
            '[ 4][t 0][2024-10-30 23:27:04.993000][transaction.cpp:1675]\tstarting VM\n' +
            '[ 4][t 0][2024-10-30 23:27:04.993000][transaction.cpp:1680]\tVM terminated with exit code 0\n' +
            '[ 3][t 0][2024-10-30 23:27:04.993000][transaction.cpp:1702]\tsteps: 317 gas: used=10004, max=191044, limit=168804, credit=0\n' +
            '[ 3][t 0][2024-10-30 23:27:04.993000][transaction.cpp:1704]\tout_of_gas=false, accepted=true, success=true, time=0.000464s\n' +
            '[ 4][t 0][2024-10-30 23:27:04.993000][transaction.cpp:1737]\tgas fees: 4001600 = 26214400 * 10004 /2^16 ; price=26214400; flat rate=[40000 for 100]; remaining balance=72416098ng\n' +
            '[ 4][t 0][2024-10-30 23:27:04.993000][transaction.cpp:2448]\tstorage paid for a message: 1 cells, 620 bits\n' +
            '[ 4][t 0][2024-10-30 23:27:04.993000][transaction.cpp:2452]\tcomputed fwd fees = 688000 + 0\n',
          vmLogs: 'e implicit RET\n' +
            'execute OVER\n' +
            'execute ISNULL\n' +
            'execute NOT\n' +
            'execute PUSHCONT x7F01CA00CC\n' +
            'execute PUSHCONT x7032CA00\n' +
            'execute IFELSE\n' +
            'execute PUSHINT -1\n' +
            'execute SWAP\n' +
            'execute STI 1\n' +
            'execute STREF\n' +
            'execute implicit RET\n' +
            'execute ENDC\n' +
            'execute POP c4\n' +
            'execute implicit RET\n',
          debugLogs: '',
          events: [Array],
          parent: [Object],
          children: [Array],
          externals: []
        },
        children: [ [Object], [Object] ],
        externals: []
      },
      {
        address: 105818132960003171416304597453717637701794574747475969910003481004036112389684n,
        lt: 44000000n,
        prevTransactionHash: 85385745668534815050928916630837194808951173026754180078854693525149192701165n,
        prevTransactionLt: 33000000n,
        now: 1732922824,
        outMessagesCount: 0,
        oldStatus: 'active',
        endStatus: 'active',
        inMessage: { info: [Object], init: null, body: x{} },
        outMessages: Dictionary { _key: [Object], _value: [Object], _map: Map(0) {} },
        totalFees: { coins: 123600n },
        stateUpdate: {
          oldHash: <Buffer 23 31 db a1 dc 1e b2 75 c8 7a ef dd a1 d9 72 dd 2d e2 c9 46 ec df 78 39 7b 3d 7c 1a 57 8a d8 3b>,
          newHash: <Buffer a0 5a f4 81 4c 5d df b4 23 58 55 08 5b f1 98 09 96 26 b7 84 e9 01 e9 0f f8 45 06 68 2e 9b b1 bb>
        },
        description: {
          type: 'generic',
          creditFirst: true,
          storagePhase: [Object],
          creditPhase: [Object],
          computePhase: [Object],
          actionPhase: [Object],
          bouncePhase: undefined,
          aborted: false,
          destroyed: false
        },
        raw: x{7E9F2F0D84B872955EA7531CD76AA1708C7F19E9781FF03939BD35BA547EE163400000000029F6300BCC69E9225C9E3E7E9874D472428C1243421568156E03B014DEF9D8220C644ED0000000001F78A40674A4DC800014603C5A0}
         x{A_}
          x{480173A49878148A4F6041C04B952AC2638BD6A1025222AF84BFAF2C3BE5A07436D5003A7CBC3612E1CA557A9D4C735DAA85C231FC67A5E07FC0E4E6F4D6E951FB858D10BE1EB60C0608235A0000000004E33882CE949B904_}
         x{722331DBA1DC1EB275C87AEFDDA1D972DD2DE2C946ECDF78397B3D7C1A578AD83BA05AF4814C5DDFB4235855085BF198099626B784E901E90FF84506682E9BB1BB}
         x{0C090BE1EB60D8603C5A11_}
          x{4026AC3D090000000000000000000500000000000000000000000000000000000000000000000000000000000000000000000000000000000000000000000000000000000000000000000000000000}
          x{C00000000000000000000000012D452DA449E50B8CF7DD27861F146122AFE1B546BB8B70FC8216F0C614139F8E04_},
        hash: [Function: hash],
        blockchainLogs: '[ 4][t 0][2024-10-30 23:27:05.008000][transaction.cpp:443]\tunpacking account E9F2F0D84B872955EA7531CD76AA1708C7F19E9781FF03939BD35BA547EE1634\n' +
          '[ 4][t 0][2024-10-30 23:27:05.008000][transaction.cpp:274]\tlast_paid=1732922824; cells=6 bits=821 public_cells=0\n' +
          '[ 4][t 0][2024-10-30 23:27:05.008000][transaction.cpp:504]\tend of Account.unpack() for 0:E9F2F0D84B872955EA7531CD76AA1708C7F19E9781FF03939BD35BA547EE1634 (balance = 999998997584476ng ; last_trans_lt = 33000000..33000002)\n' +
          '[ 4][t 0][2024-10-30 23:27:05.008000][transaction.cpp:3655]\tblock random seed set to 0000000000000000000000000000000000000000000000000000000000000000\n' +
          '[ 4][t 0][2024-10-30 23:27:05.008000][transaction.cpp:1236]\tgas limits: max=1000000, limit=1000000, credit=0\n' +
          '[ 4][t 0][2024-10-30 23:27:05.008000][transaction.cpp:1575]\tin_msg_state is null\n' +
          '[ 4][t 0][2024-10-30 23:27:05.008000][transaction.cpp:1645]\tcreating VM\n' +
          '[ 4][t 0][2024-10-30 23:27:05.008000][transaction.cpp:1351]\tSmartContractInfo initialized with [ 124711402 0 0 1732922824 44000000 44000000 60210483465141978598827679003117970236339845468170532052053411751718225576024 [ 999999795005407 (null) ] CS{Cell{0275c00e9f2f0d84b872955ea7531cd76aa1708c7f19e9781ff03939bd35ba547ee163420c80cd433a526e400000000007de2909c0e35f9a41b6971340} bits: 1..268; refs: 0..0} C{A7EC01478F770EF8F8B037CC7E42F0ABF0D85A50E1828C2394DAD1411691F2DE} C{D992502B94EA96E7B34E5D62FFB0C6FC73D78B3E61F11F0848FB3A1EB1AFC912} [ 797420931 (null) ] 0 (null) [ CS{Cell{004dd06600000000000000000000000080000000000000fa00000000000001f4000000000003d09040} bits: 9..305; refs: 0..0} (null) CS{Cell{0094d1000000000000006400000000000f4240de000000002710000000000000000f42400000000002160ec0000000000000271000000000002625a00000000005f5e100000000003b9aca00} bits: 0..592; refs: 0..0} CS{Cell{0094d100000000000000640000000000009c40de000000000190000000000000000f424000000000000f4240000000000000271000000000009896800000000005f5e100000000003b9aca00} bits: 0..592; refs: 0..0} CS{Cell{0042ea000000000098968000000000271000000000000f424000000001800055555555} bits: 0..264; refs: 0..0} CS{Cell{0042ea0000000000061a800000000001900000000000009c4000000001800055555555} bits: 0..264; refs: 0..0} (null) ] 0 (null) ]\n' +
          '[ 4][t 0][2024-10-30 23:27:05.008000][transaction.cpp:1675]\tstarting VM\n' +
          '[ 4][t 0][2024-10-30 23:27:05.008000][transaction.cpp:1680]\tVM terminated with exit code 0\n' +
          '[ 3][t 0][2024-10-30 23:27:05.009000][transaction.cpp:1702]\tsteps: 5 gas: used=309, max=1000000, limit=1000000, credit=0\n' +
          '[ 3][t 0][2024-10-30 23:27:05.009000][transaction.cpp:1704]\tout_of_gas=false, accepted=true, success=true, time=0.000017s\n' +
          '[ 4][t 0][2024-10-30 23:27:05.009000][transaction.cpp:1737]\tgas fees: 123600 = 26214400 * 309 /2^16 ; price=26214400; flat rate=[40000 for 100]; remaining balance=999999794881807ng\n',
        vmLogs: 'execute SETCP 0\n' +
          'execute DICTPUSHCONST 19 (xC_,1)\n' +
          'execute DICTIGETJMPZ\n' +
          'execute DROP\n' +
          'execute implicit RET\n',
        debugLogs: '',
        events: [],
        parent: {
          address: 84049441022908470316622795825605090351520748406577698494615284512509455375210n,
          lt: 41000000n,
          prevTransactionHash: 78149557255621704329268857154675209718220496098396501567228671715983637193122n,
          prevTransactionLt: 37000000n,
          now: 1732922824,
          outMessagesCount: 1,
          oldStatus: 'active',
          endStatus: 'non-existing',
          inMessage: [Object],
          outMessages: [Dictionary],
          totalFees: [Object],
          stateUpdate: [Object],
          description: [Object],
          raw: x{7B9D24C3C0A4527B020E025CA956131C5EB5081291157C25FD7961DF2D03A1B6A0000000002719C40ACC714F875E3DE5507A0025A7C82BF6BEBBF68D063DB266F74EC36717115A1A20000000002349340674A4DC80003666BCAC6}
           x{E_}
            x{4800A4BAF36B13E3AE770F28659A34B2D81F38859E8C08CF776F2BB4B44180438271002E74930F029149EC08380972A5584C717AD4204A4455F097F5E5877CB40E86DA90BCA4384C0656E1D8000000000487AB08CE949B91E_}
             x{34_}
              x{FF00F4A413F4BCF2C80B}
               x{62_}
                x{D001D0D3030171B0A301FA400120D74981010BBAF2E08820D70B0A208104FFBAF2D0898309BAF2E088545053036F04F86102F862DB3C5512DB3CF2E082}
                 x{ED44D0D401F863D200018E2FD31FFA400120D74981010BBAF2E08820D70B0A208104FFBAF2D0898309BAF2E08801D2000191D4926D01E255206C13E0F828D70B0A8309BAF2E089810101D700FA400120D74981010BBAF2E08820D70B0A208104FFBAF2D0898309BAF2E0881202D101DB3C}
                  x{6D}
                 x{0192307FE07021D749C21F953020D70B1FDE208210AFE93535BA8F5130D31F018210AFE93535BAF2E081D33FFA400120D74981010BBAF2E08820D70B0A208104FFBAF2D0898309BAF2E08801D455206C1332820898968070FB024434DB3C30037083067055206D6D6DDB3C597FE0208210B8A3AA14BAE302}
                  x{F8425220C705F2E084}
                  x{C87101CA01500701CA007001CA02500520D74981010BBAF2E08820D70B0A208104FFBAF2D0898309BAF2E088CF165003FA027001CA68236EB3917F93246EB3E2973333017001CA00E30D216EB39C7F01CA0001206EF2D08001CC95317001CA00E2C901FB00}
                   x{7F01CA00C87001CA007001CA00246EB39D7F01CA0004206EF2D0805004CC9634037001CA00E2246EB39D7F01CA0004206EF2D0805004CC9634037001CA00E27001CA00027F01CA0002C958CC}
                  x{30D31F018210B8A3AA14BAF2E081D33FFA400120D74981010BBAF2E08820D70B0A208104FFBAF2D0898309BAF2E088126C12317020FB025520DB3C03708100A07055206D6D6DDB3C587F}
                   x{F8425220C705F2E084}
                   x{C87101CA01500701CA007001CA02500520D74981010BBAF2E08820D70B0A208104FFBAF2D0898309BAF2E088CF165003FA027001CA68236EB3917F93246EB3E2973333017001CA00E30D216EB39C7F01CA0001206EF2D08001CC95317001CA00E2C901FB00}
                    x{7F01CA00C87001CA007001CA00246EB39D7F01CA0004206EF2D0805004CC9634037001CA00E2246EB39D7F01CA0004206EF2D0805004CC9634037001CA00E27001CA00027F01CA0002C958CC}
                  x{8210E601F8E5BA8ECED31F018210E601F8E5BAF2E081D33F0131820898968070FB02F8416F2410235F037083067F25206EF2D080542580C855208210B687AB175004CB1F12CB3FCB1FCCC9103441301443306D6DDB3C7FE03070}
                   x{C87101CA01500701CA007001CA02500520D74981010BBAF2E08820D70B0A208104FFBAF2D0898309BAF2E088CF165003FA027001CA68236EB3917F93246EB3E2973333017001CA00E30D216EB39C7F01CA0001206EF2D08001CC95317001CA00E2C901FB00}
                    x{7F01CA00C87001CA007001CA00246EB39D7F01CA0004206EF2D0805004CC9634037001CA00E2246EB39D7F01CA0004206EF2D0805004CC9634037001CA00E27001CA00027F01CA0002C958CC}
                 x{C8F84301CC7F01CA0055205023CB1F0120D74981010BBAF2E08820D70B0A208104FFBAF2D0898309BAF2E088CF16216EB3957F01CA00CC947032CA00E2C9ED54}
                x{2_}
                 x{BE28EED9E6D9E3618C_}
                  x{ED44D0D401F863D200018E2FD31FFA400120D74981010BBAF2E08820D70B0A208104FFBAF2D0898309BAF2E08801D2000191D4926D01E255206C13E0F828D70B0A8309BAF2E089810101D700FA400120D74981010BBAF2E08820D70B0A208104FFBAF2D0898309BAF2E0881202D101DB3C}
                   x{6D}
                  x{21}
                 x{2_}
                  x{4}
                   x{B1D8B6CF36CF1B0C6_}
                    x{ED44D0D401F863D200018E2FD31FFA400120D74981010BBAF2E08820D70B0A208104FFBAF2D0898309BAF2E08801D2000191D4926D01E255206C13E0F828D70B0A8309BAF2E089810101D700FA400120D74981010BBAF2E08820D70B0A208104FFBAF2D0898309BAF2E0881202D101DB3C}
                     x{6D}
                    x{20}
                   x{B36436CF36CF1B0C6_}
                    x{ED44D0D401F863D200018E2FD31FFA400120D74981010BBAF2E08820D70B0A208104FFBAF2D0898309BAF2E08801D2000191D4926D01E255206C13E0F828D70B0A8309BAF2E089810101D700FA400120D74981010BBAF2E08820D70B0A208104FFBAF2D0898309BAF2E0881202D101DB3C}
                     x{6D}
                    x{22}
                  x{B82BEED44D0D20001}
              x{0000000000000000000000000000000000000000000000000000000000000000200292EBCDAC4F8EB9DC3CA19668D2CB607CE2167A30233DDDBCAED2D106010E09C4_}
               x{C_}
                x{A0838F_}
                 x{FF00F4A413F4BCF2C80B}
                  x{62_}
                   x{D001D0D3030171B0A301FA400120D74981010BBAF2E08820D70B0A208104FFBAF2D0898309BAF2E088545053036F04F86102F862DB3C5512DB3CF2E082}
                    x{ED44D0D401F863D200018E2FD31FFA400120D74981010BBAF2E08820D70B0A208104FFBAF2D0898309BAF2E08801D2000191D4926D01E255206C13E0F828D70B0A8309BAF2E089810101D700FA400120D74981010BBAF2E08820D70B0A208104FFBAF2D0898309BAF2E0881202D101DB3C}
                     x{6D}
                    x{0192307FE07021D749C21F953020D70B1FDE208210AFE93535BA8F5130D31F018210AFE93535BAF2E081D33FFA400120D74981010BBAF2E08820D70B0A208104FFBAF2D0898309BAF2E08801D455206C1332820898968070FB024434DB3C30037083067055206D6D6DDB3C597FE0208210B8A3AA14BAE302}
                     x{F8425220C705F2E084}
                     x{C87101CA01500701CA007001CA02500520D74981010BBAF2E08820D70B0A208104FFBAF2D0898309BAF2E088CF165003FA027001CA68236EB3917F93246EB3E2973333017001CA00E30D216EB39C7F01CA0001206EF2D08001CC95317001CA00E2C901FB00}
                      x{7F01CA00C87001CA007001CA00246EB39D7F01CA0004206EF2D0805004CC9634037001CA00E2246EB39D7F01CA0004206EF2D0805004CC9634037001CA00E27001CA00027F01CA0002C958CC}
                     x{30D31F018210B8A3AA14BAF2E081D33FFA400120D74981010BBAF2E08820D70B0A208104FFBAF2D0898309BAF2E088126C12317020FB025520DB3C03708100A07055206D6D6DDB3C587F}
                      x{F8425220C705F2E084}
                      x{C87101CA01500701CA007001CA02500520D74981010BBAF2E08820D70B0A208104FFBAF2D0898309BAF2E088CF165003FA027001CA68236EB3917F93246EB3E2973333017001CA00E30D216EB39C7F01CA0001206EF2D08001CC95317001CA00E2C901FB00}
                       x{7F01CA00C87001CA007001CA00246EB39D7F01CA0004206EF2D0805004CC9634037001CA00E2246EB39D7F01CA0004206EF2D0805004CC9634037001CA00E27001CA00027F01CA0002C958CC}
                     x{8210E601F8E5BA8ECED31F018210E601F8E5BAF2E081D33F0131820898968070FB02F8416F2410235F037083067F25206EF2D080542580C855208210B687AB175004CB1F12CB3FCB1FCCC9103441301443306D6DDB3C7FE03070}
                      x{C87101CA01500701CA007001CA02500520D74981010BBAF2E08820D70B0A208104FFBAF2D0898309BAF2E088CF165003FA027001CA68236EB3917F93246EB3E2973333017001CA00E30D216EB39C7F01CA0001206EF2D08001CC95317001CA00E2C901FB00}
                       x{7F01CA00C87001CA007001CA00246EB39D7F01CA0004206EF2D0805004CC9634037001CA00E2246EB39D7F01CA0004206EF2D0805004CC9634037001CA00E27001CA00027F01CA0002C958CC}
                    x{C8F84301CC7F01CA0055205023CB1F0120D74981010BBAF2E08820D70B0A208104FFBAF2D0898309BAF2E088CF16216EB3957F01CA00CC947032CA00E2C9ED54}
                   x{2_}
                    x{BE28EED9E6D9E3618C_}
                     x{ED44D0D401F863D200018E2FD31FFA400120D74981010BBAF2E08820D70B0A208104FFBAF2D0898309BAF2E08801D2000191D4926D01E255206C13E0F828D70B0A8309BAF2E089810101D700FA400120D74981010BBAF2E08820D70B0A208104FFBAF2D0898309BAF2E0881202D101DB3C}
                      x{6D}
                     x{21}
                    x{2_}
                     x{4}
                      x{B1D8B6CF36CF1B0C6_}
                       x{ED44D0D401F863D200018E2FD31FFA400120D74981010BBAF2E08820D70B0A208104FFBAF2D0898309BAF2E08801D2000191D4926D01E255206C13E0F828D70B0A8309BAF2E089810101D700FA400120D74981010BBAF2E08820D70B0A208104FFBAF2D0898309BAF2E0881202D101DB3C}
                        x{6D}
                       x{20}
                      x{B36436CF36CF1B0C6_}
                       x{ED44D0D401F863D200018E2FD31FFA400120D74981010BBAF2E08820D70B0A208104FFBAF2D0898309BAF2E08801D2000191D4926D01E255206C13E0F828D70B0A8309BAF2E089810101D700FA400120D74981010BBAF2E08820D70B0A208104FFBAF2D0898309BAF2E0881202D101DB3C}
                        x{6D}
                       x{22}
                     x{B82BEED44D0D20001}
             x{B8A3AA140000000000000000801D3E5E1B0970E52ABD4EA639AED542E118FE33D2F03FE072737A6B74A8FDC2C69_}
            x{DF_}
             x{480173A49878148A4F6041C04B952AC2638BD6A1025222AF84BFAF2C3BE5A07436D5003A7CBC3612E1CA557A9D4C735DAA85C231FC67A5E07FC0E4E6F4D6E951FB858D10BE1EB60C0608235A0000000004E33882CE949B904_}
           x{72A7659BB70CDA1D4E5766B4656CE15156F8FA2EEE1C52927A3C4CC82973265B0290AEC8965AFABB16EBC3CB9B408EBAE71B618D78788BC80D09843593CAC98DA4}
           x{0C090BCA4384D8667B9213_}
            x{44262C3D09000000000000000000FA00000000000000000000000000000000000000000000000000000000000000000000000000000000000000000000000000000000000000000000000000000000}
            x{DCC186A0260411A6000000000002000100000001F01808E7C65384854FD0A4F77793F95695733B675EB306C4FAC3CFF546A3D22720280B06_},
          hash: [Function: hash],
          blockchainLogs: '[ 4][t 0][2024-10-30 23:27:04.996000][transaction.cpp:443]\tunpacking account B9D24C3C0A4527B020E025CA956131C5EB5081291157C25FD7961DF2D03A1B6A\n' +
            '[ 4][t 0][2024-10-30 23:27:04.996000][transaction.cpp:274]\tlast_paid=1732922824; cells=28 bits=7123 public_cells=0\n' +
            '[ 4][t 0][2024-10-30 23:27:04.996000][transaction.cpp:504]\tend of Account.unpack() for 0:B9D24C3C0A4527B020E025CA956131C5EB5081291157C25FD7961DF2D03A1B6A (balance = 10000000ng ; last_trans_lt = 37000000..37000002)\n' +
            '[ 4][t 0][2024-10-30 23:27:04.996000][transaction.cpp:3655]\tblock random seed set to 0000000000000000000000000000000000000000000000000000000000000000\n' +
            '[ 4][t 0][2024-10-30 23:27:04.996000][transaction.cpp:1236]\tgas limits: max=1000000, limit=1000000, credit=0\n' +
            '[ 4][t 0][2024-10-30 23:27:04.996000][transaction.cpp:1571]\tHASH(in_msg_state) = B9D24C3C0A4527B020E025CA956131C5EB5081291157C25FD7961DF2D03A1B6A, account_state_hash = 0000000000000000000000000000000000000000000000000000000000000000\n' +
            '[ 4][t 0][2024-10-30 23:27:04.996000][transaction.cpp:1645]\tcreating VM\n' +
            '[ 4][t 0][2024-10-30 23:27:04.996000][transaction.cpp:1351]\tSmartContractInfo initialized with [ 124711402 0 0 1732922824 41000000 41000000 84630195367514639409622924175749312199831056191303332875639359062248049886761 [ 801219731 (null) ] CS{Cell{026dc00b9d24c3c0a4527b020e025ca956131c5eb5081291157c25fd7961df2d03a1b6a23886f4c33a526e400000000008d24d08e625a01340} bits: 1..268; refs: 0..0} C{A7EC01478F770EF8F8B037CC7E42F0ABF0D85A50E1828C2394DAD1411691F2DE} C{F2179DCD5CFD8A1E113288591FFB7A5E10E107D0D2C36DF69E40398023DAA7B1} [ 791219731 (null) ] 0 (null) [ CS{Cell{004dd06600000000000000000000000080000000000000fa00000000000001f4000000000003d09040} bits: 9..305; refs: 0..0} (null) CS{Cell{0094d1000000000000006400000000000f4240de000000002710000000000000000f42400000000002160ec0000000000000271000000000002625a00000000005f5e100000000003b9aca00} bits: 0..592; refs: 0..0} CS{Cell{0094d100000000000000640000000000009c40de000000000190000000000000000f424000000000000f4240000000000000271000000000009896800000000005f5e100000000003b9aca00} bits: 0..592; refs: 0..0} CS{Cell{0042ea000000000098968000000000271000000000000f424000000001800055555555} bits: 0..264; refs: 0..0} CS{Cell{0042ea0000000000061a800000000001900000000000009c4000000001800055555555} bits: 0..264; refs: 0..0} (null) ] 0 (null) ]\n' +
            '[ 4][t 0][2024-10-30 23:27:04.996000][transaction.cpp:1675]\tstarting VM\n' +
            '[ 4][t 0][2024-10-30 23:27:04.996000][transaction.cpp:1680]\tVM terminated with exit code 0\n' +
            '[ 3][t 0][2024-10-30 23:27:04.996000][transaction.cpp:1702]\tsteps: 250 gas: used=8497, max=1000000, limit=1000000, credit=0\n' +
            '[ 3][t 0][2024-10-30 23:27:04.996000][transaction.cpp:1704]\tout_of_gas=false, accepted=true, success=true, time=0.000425s\n' +
            '[ 4][t 0][2024-10-30 23:27:04.996000][transaction.cpp:1737]\tgas fees: 3398800 = 26214400 * 8497 /2^16 ; price=26214400; flat rate=[40000 for 100]; remaining balance=797820931ng\n' +
            '[ 3][t 0][2024-10-30 23:27:04.996000][transaction.cpp:2678]\tin try_action_reserve_currency(0)\n' +
            '[ 4][t 0][2024-10-30 23:27:04.996000][transaction.cpp:2684]\taction_reserve_currency: mode=0, reserve=0ng, balance=797820931ng, original balance=10000000ng\n' +
            '[ 3][t 0][2024-10-30 23:27:04.997000][transaction.cpp:2729]\tchanged remaining balance to 797820931ng, reserved balance to 0ng\n' +
            '[ 4][t 0][2024-10-30 23:27:04.997000][transaction.cpp:2448]\tstorage paid for a message: 0 cells, 0 bits\n' +
            '[ 4][t 0][2024-10-30 23:27:04.997000][transaction.cpp:2452]\tcomputed fwd fees = 400000 + 0\n',
          vmLogs: 'ecute STSLICER\n' +
            'execute OVER\n' +
            'execute ISNULL\n' +
            'execute NOT\n' +
            'execute PUSHCONT x7F01CA00CC\n' +
            'execute PUSHCONT x7032CA00\n' +
            'execute IFELSE\n' +
            'execute PUSHINT -1\n' +
            'execute SWAP\n' +
            'execute STI 1\n' +
            'execute STREF\n' +
            'execute implicit RET\n' +
            'execute ENDC\n' +
            'execute POP c4\n' +
            'execute implicit RET\n',
          debugLogs: '',
          events: [Array],
          parent: [Object],
          children: [Array],
          externals: []
        },
        children: [],
        externals: []
      },
      {
        address: 82932696146371031528842022915703368160952877310224391173905811460306378520268n,
        lt: 45000000n,
        prevTransactionHash: 99772708263572919592867868464403377883029238368505047169498732860109316044051n,
        prevTransactionLt: 32000000n,
        now: 1732922824,
        outMessagesCount: 0,
        oldStatus: 'active',
        endStatus: 'active',
        inMessage: { info: [Object], init: null, body: x{} },
        outMessages: Dictionary { _key: [Object], _value: [Object], _map: Map(0) {} },
        totalFees: { coins: 274724n },
        stateUpdate: {
          oldHash: <Buffer 30 38 30 91 4c b6 e4 8b 22 64 47 4f 73 ae f1 ec 7e cf f0 55 16 69 75 61 39 41 cb cb bf 73 84 1d>,
          newHash: <Buffer a6 84 0f 55 d7 e4 0e 24 b7 63 17 15 24 ec a8 48 fe cb f3 c3 f5 56 45 01 aa dc b4 2b ce cf dc 95>
        },
        description: {
          type: 'generic',
          creditFirst: false,
          storagePhase: [Object],
          creditPhase: [Object],
          computePhase: [Object],
          actionPhase: [Object],
          bouncePhase: undefined,
          aborted: false,
          destroyed: false
        },
        raw: x{7B75A3E1A6460F415CE3721F308920C4B456F3B977F39EB26CED9155308A976CC0000000002AEA540DC955A079EAF6627B0A17A0D530057E31334AA1CD66AE404ED3D059CC4FE35130000000001E84800674A4DC8000146086248}
         x{A_}
          x{6800A4BAF36B13E3AE770F28659A34B2D81F38859E8C08CF776F2BB4B44180438271002DD68F8699183D05738DC87CC2248312D15BCEE5DFCE7AC9B3B64554C22A5DB31159B4FA000608235A000000000501BD02CE949B904_}
         x{72303830914CB6E48B2264474F73AEF1EC7ECFF055166975613941CBCBBF73841DA6840F55D7E40E24B763171524ECA848FECBF3C3F5564501AADCB42BCECFDC95}
         x{04C0939509159B4FA018603C5A11_}
          x{4026AC3D090000000000000000000500000000000000000000000000000000000000000000000000000000000000000000000000000000000000000000000000000000000000000000000000000000}
          x{C00000000000000000000000012D452DA449E50B8CF7DD27861F146122AFE1B546BB8B70FC8216F0C614139F8E04_},
        hash: [Function: hash],
        blockchainLogs: '[ 4][t 0][2024-10-30 23:27:05.010000][transaction.cpp:443]\tunpacking account B75A3E1A6460F415CE3721F308920C4B456F3B977F39EB26CED9155308A976CC\n' +
          '[ 4][t 0][2024-10-30 23:27:05.010000][transaction.cpp:274]\tlast_paid=1730330824; cells=6 bits=821 public_cells=0\n' +
          '[ 4][t 0][2024-10-30 23:27:05.010000][transaction.cpp:504]\tend of Account.unpack() for 0:B75A3E1A6460F415CE3721F308920C4B456F3B977F39EB26CED9155308A976CC (balance = 999998380584000ng ; last_trans_lt = 32000000..32000001)\n' +
          '[ 4][t 0][2024-10-30 23:27:05.010000][transaction.cpp:3655]\tblock random seed set to 0000000000000000000000000000000000000000000000000000000000000000\n' +
          '[ 4][t 0][2024-10-30 23:27:05.010000][transaction.cpp:1236]\tgas limits: max=1000000, limit=1000000, credit=0\n' +
          '[ 4][t 0][2024-10-30 23:27:05.010000][transaction.cpp:1575]\tin_msg_state is null\n' +
          '[ 4][t 0][2024-10-30 23:27:05.010000][transaction.cpp:1645]\tcreating VM\n' +
          '[ 4][t 0][2024-10-30 23:27:05.010000][transaction.cpp:1351]\tSmartContractInfo initialized with [ 124711402 0 0 1732922824 45000000 45000000 21122878255675644108446800642276849919927819785129319861439300423341550034363 [ 999999830432876 (null) ] CS{Cell{0275c00b75a3e1a6460f415ce3721f308920c4b456f3b977f39eb26ced9155308a976cc20c80cd43391606400000000007a12005c0e35f91100b101340} bits: 1..268; refs: 0..0} C{A7EC01478F770EF8F8B037CC7E42F0ABF0D85A50E1828C2394DAD1411691F2DE} C{D992502B94EA96E7B34E5D62FFB0C6FC73D78B3E61F11F0848FB3A1EB1AFC912} [ 1450000000 (null) ] 151124 (null) [ CS{Cell{004dd06600000000000000000000000080000000000000fa00000000000001f4000000000003d09040} bits: 9..305; refs: 0..0} (null) CS{Cell{0094d1000000000000006400000000000f4240de000000002710000000000000000f42400000000002160ec0000000000000271000000000002625a00000000005f5e100000000003b9aca00} bits: 0..592; refs: 0..0} CS{Cell{0094d100000000000000640000000000009c40de000000000190000000000000000f424000000000000f4240000000000000271000000000009896800000000005f5e100000000003b9aca00} bits: 0..592; refs: 0..0} CS{Cell{0042ea000000000098968000000000271000000000000f424000000001800055555555} bits: 0..264; refs: 0..0} CS{Cell{0042ea0000000000061a800000000001900000000000009c4000000001800055555555} bits: 0..264; refs: 0..0} (null) ] 0 (null) ]\n' +
          '[ 4][t 0][2024-10-30 23:27:05.010000][transaction.cpp:1675]\tstarting VM\n' +
          '[ 4][t 0][2024-10-30 23:27:05.010000][transaction.cpp:1680]\tVM terminated with exit code 0\n' +
          '[ 3][t 0][2024-10-30 23:27:05.010000][transaction.cpp:1702]\tsteps: 5 gas: used=309, max=1000000, limit=1000000, credit=0\n' +
          '[ 3][t 0][2024-10-30 23:27:05.010000][transaction.cpp:1704]\tout_of_gas=false, accepted=true, success=true, time=0.000018s\n' +
          '[ 4][t 0][2024-10-30 23:27:05.010000][transaction.cpp:1737]\tgas fees: 123600 = 26214400 * 309 /2^16 ; price=26214400; flat rate=[40000 for 100]; remaining balance=999999830309276ng\n',
        vmLogs: 'execute SETCP 0\n' +
          'execute DICTPUSHCONST 19 (xC_,1)\n' +
          'execute DICTIGETJMPZ\n' +
          'execute DROP\n' +
          'execute implicit RET\n',
        debugLogs: '',
        events: [],
        parent: {
          address: 37254810366437813475271750514734067285117962570475561289538093995582013161784n,
          lt: 42000000n,
          prevTransactionHash: 103913488690854289009118291285257984461764132030246452257168353043225060117140n,
          prevTransactionLt: 38000000n,
          now: 1732922824,
          outMessagesCount: 2,
          oldStatus: 'active',
          endStatus: 'active',
          inMessage: [Object],
          outMessages: [Dictionary],
          totalFees: [Object],
          stateUpdate: [Object],
          description: [Object],
          raw: x{7525D79B589F1D73B879432CD1A596C0F9C42CF460467BBB795DA5A20C021C138000000000280DE80E5BCF349EA4068F91EBEFD3844FB3BDDD821CCB48AF58F86D0C0F56E60510A94000000000243D580674A4DC8000547598D6C}
           x{E_}
            x{6801C25D36B535BEF92116226484A49D03E01E5050FFC3053F6C298C080280A4EEF90014975E6D627C75CEE1E50CB346965B03E710B3D18119EEEDE57696883008704E101119EF88060DFF5E0000000004A62F82CE949B90C_}
             x{2A004A0500000000000000000000000000000000000000000000000000000000000000000000000000000000400B75A3E1A6460F415CE3721F308920C4B456F3B977F39EB26CED9155308A976CC}
            x{DD_}
             x{2_}
              x{6800A4BAF36B13E3AE770F28659A34B2D81F38859E8C08CF776F2BB4B44180438271002DD68F8699183D05738DC87CC2248312D15BCEE5DFCE7AC9B3B64554C22A5DB31159B4FA000608235A000000000501BD02CE949B904_}
             x{2_}
              x{6800A4BAF36B13E3AE770F28659A34B2D81F38859E8C08CF776F2BB4B44180438271003A7CBC3612E1CA557A9D4C735DAA85C231FC67A5E07FC0E4E6F4D6E951FB858D100E4647480608235A000000000501BD04CE949B904_}
           x{728442DFE798DDBB430F803024FFD10C6616D18320E20013649945F8D34D608A043E260D782892B550D5771DB0D33A4A3BA601F92ACE36988C9089807BF7B0A13F}
           x{040901119EF8987516A211_}
            x{4D7F2C0AF1E00000000000000002E500000000000000000000000000000000000000000000000000000000000000000000000000000000000000000000000000000000000000000000000000000000}
            x{C9861A804C10469800000000000600020000000520BCDA6AE866D8E4078A2975C8E95584FD64AF531E8559DB1AC71A78FAFE0E7C40902C14_},
          hash: [Function: hash],
          blockchainLogs: '[ 4][t 0][2024-10-30 23:27:05.000000][transaction.cpp:443]\tunpacking account 525D79B589F1D73B879432CD1A596C0F9C42CF460467BBB795DA5A20C021C138\n' +
            '[ 4][t 0][2024-10-30 23:27:05.000000][transaction.cpp:274]\tlast_paid=1732922824; cells=234 bits=84033 public_cells=0\n' +
            '[ 4][t 0][2024-10-30 23:27:05.000000][transaction.cpp:504]\tend of Account.unpack() for 0:525D79B589F1D73B879432CD1A596C0F9C42CF460467BBB795DA5A20C021C138 (balance = 3100000000ng ; last_trans_lt = 38000000..38000005)\n' +
            '[ 4][t 0][2024-10-30 23:27:05.000000][transaction.cpp:3655]\tblock random seed set to 0000000000000000000000000000000000000000000000000000000000000000\n' +
            '[ 4][t 0][2024-10-30 23:27:05.000000][transaction.cpp:1236]\tgas limits: max=1000000, limit=179320, credit=0\n' +
            '[ 4][t 0][2024-10-30 23:27:05.000000][transaction.cpp:1575]\tin_msg_state is null\n' +
            '[ 4][t 0][2024-10-30 23:27:05.000000][transaction.cpp:1645]\tcreating VM\n' +
            '[ 4][t 0][2024-10-30 23:27:05.000000][transaction.cpp:1351]\tSmartContractInfo initialized with [ 124711402 0 0 1732922824 42000000 42000000 14068792954309835536948273256715513127174070948738620016199408580766834334284 [ 3171728098 (null) ] CS{Cell{0271c00525d79b589f1d73b879432cd1a596c0f9c42cf460467bbb795da5a20c021c1383d4c05210433a526e4000000000090f56152e318fc01340} bits: 1..268; refs: 0..0} C{A7EC01478F770EF8F8B037CC7E42F0ABF0D85A50E1828C2394DAD1411691F2DE} C{42B6F0E46484EFC57B9508F6BA7EF42E7512023D5CB4ED5628DD1C7755D16E9D} [ 71728098 (null) ] 0 (null) [ CS{Cell{004dd06600000000000000000000000080000000000000fa00000000000001f4000000000003d09040} bits: 9..305; refs: 0..0} (null) CS{Cell{0094d1000000000000006400000000000f4240de000000002710000000000000000f42400000000002160ec0000000000000271000000000002625a00000000005f5e100000000003b9aca00} bits: 0..592; refs: 0..0} CS{Cell{0094d100000000000000640000000000009c40de000000000190000000000000000f424000000000000f4240000000000000271000000000009896800000000005f5e100000000003b9aca00} bits: 0..592; refs: 0..0} CS{Cell{0042ea000000000098968000000000271000000000000f424000000001800055555555} bits: 0..264; refs: 0..0} CS{Cell{0042ea0000000000061a800000000001900000000000009c4000000001800055555555} bits: 0..264; refs: 0..0} (null) ] 0 (null) ]\n' +
            '[ 4][t 0][2024-10-30 23:27:05.000000][transaction.cpp:1675]\tstarting VM\n' +
            '[ 4][t 0][2024-10-30 23:27:05.001000][transaction.cpp:1680]\tVM terminated with exit code 0\n' +
            '[ 3][t 0][2024-10-30 23:27:05.001000][transaction.cpp:1702]\tsteps: 741 gas: used=27641, max=1000000, limit=179320, credit=0\n' +
            '[ 3][t 0][2024-10-30 23:27:05.001000][transaction.cpp:1704]\tout_of_gas=false, accepted=true, success=true, time=0.000791s\n' +
            '[ 4][t 0][2024-10-30 23:27:05.001000][transaction.cpp:1737]\tgas fees: 11056400 = 26214400 * 27641 /2^16 ; price=26214400; flat rate=[40000 for 100]; remaining balance=3160671698ng\n' +
            '[ 3][t 0][2024-10-30 23:27:05.001000][transaction.cpp:2678]\tin try_action_reserve_currency(0)\n' +
            '[ 4][t 0][2024-10-30 23:27:05.001000][transaction.cpp:2684]\taction_reserve_currency: mode=0, reserve=1650000000ng, balance=3160671698ng, original balance=3100000000ng\n' +
            '[ 3][t 0][2024-10-30 23:27:05.001000][transaction.cpp:2729]\tchanged remaining balance to 1510671698ng, reserved balance to 1650000000ng\n' +
            '[ 4][t 0][2024-10-30 23:27:05.001000][transaction.cpp:2448]\tstorage paid for a message: 0 cells, 0 bits\n' +
            '[ 4][t 0][2024-10-30 23:27:05.001000][transaction.cpp:2452]\tcomputed fwd fees = 400000 + 0\n' +
            '[ 4][t 0][2024-10-30 23:27:05.001000][transaction.cpp:2448]\tstorage paid for a message: 0 cells, 0 bits\n' +
            '[ 4][t 0][2024-10-30 23:27:05.001000][transaction.cpp:2452]\tcomputed fwd fees = 400000 + 0\n',
          vmLogs: 'xecute EQUAL\n' +
            'execute THROWIF 137\n' +
            'execute PUSHPOW2 10\n' +
            'execute EQUAL\n' +
            'execute THROWIFNOT 136\n' +
            'execute STSLICER\n' +
            'execute ENDC\n' +
            'execute ROT\n' +
            'execute STREF\n' +
            'execute ENDC\n' +
            'execute SWAP\n' +
            'execute STREF\n' +
            'execute implicit RET\n' +
            'execute ENDC\n' +
            'execute POP c4\n' +
            'execute implicit RET\n',
          debugLogs: '',
          events: [Array],
          parent: [Object],
          children: [Array],
          externals: []
        },
        children: [],
        externals: []
      },
      {
        address: 105818132960003171416304597453717637701794574747475969910003481004036112389684n,
        lt: 46000000n,
        prevTransactionHash: 5403140999862275402212352625274703473437525214650459643651892453936862124526n,
        prevTransactionLt: 44000000n,
        now: 1732922824,
        outMessagesCount: 0,
        oldStatus: 'active',
        endStatus: 'active',
        inMessage: { info: [Object], init: null, body: x{} },
        outMessages: Dictionary { _key: [Object], _value: [Object], _map: Map(0) {} },
        totalFees: { coins: 123600n },
        stateUpdate: {
          oldHash: <Buffer a0 5a f4 81 4c 5d df b4 23 58 55 08 5b f1 98 09 96 26 b7 84 e9 01 e9 0f f8 45 06 68 2e 9b b1 bb>,
          newHash: <Buffer 70 65 0b ce 47 1b 93 d2 69 a4 b0 02 85 ad 21 48 4a 6e f8 c9 68 04 cd 77 61 a7 b4 f9 4f 0b 59 b4>
        },
        description: {
          type: 'generic',
          creditFirst: false,
          storagePhase: [Object],
          creditPhase: [Object],
          computePhase: [Object],
          actionPhase: [Object],
          bouncePhase: undefined,
          aborted: false,
          destroyed: false
        },
        raw: x{7E9F2F0D84B872955EA7531CD76AA1708C7F19E9781FF03939BD35BA547EE16340000000002BDE7800BF211C64C15A67A95FB1EC3255E034D57A08D83B567A203DC4507D19F3CD9EE00000000029F6300674A4DC800014603C5A0}
         x{A_}
          x{6800A4BAF36B13E3AE770F28659A34B2D81F38859E8C08CF776F2BB4B44180438271003A7CBC3612E1CA557A9D4C735DAA85C231FC67A5E07FC0E4E6F4D6E951FB858D100E4647480608235A000000000501BD04CE949B904_}
         x{72A05AF4814C5DDFB4235855085BF198099626B784E901E90FF84506682E9BB1BB70650BCE471B93D269A4B00285AD21484A6EF8C96804CD7761A7B4F94F0B59B4}
         x{040900E4647498603C5A11_}
          x{4026AC0922BC00000000000000000500000000000000000000000000000000000000000000000000000000000000000000000000000000000000000000000000000000000000000000000000000000}
          x{C00000000000000000000000012D452DA449E50B8CF7DD27861F146122AFE1B546BB8B70FC8216F0C614139F8E04_},
        hash: [Function: hash],
        blockchainLogs: '[ 4][t 0][2024-10-30 23:27:05.012000][transaction.cpp:443]\tunpacking account E9F2F0D84B872955EA7531CD76AA1708C7F19E9781FF03939BD35BA547EE1634\n' +
          '[ 4][t 0][2024-10-30 23:27:05.012000][transaction.cpp:274]\tlast_paid=1732922824; cells=6 bits=821 public_cells=0\n' +
          '[ 4][t 0][2024-10-30 23:27:05.012000][transaction.cpp:504]\tend of Account.unpack() for 0:E9F2F0D84B872955EA7531CD76AA1708C7F19E9781FF03939BD35BA547EE1634 (balance = 999999794881807ng ; last_trans_lt = 44000000..44000001)\n' +
          '[ 4][t 0][2024-10-30 23:27:05.012000][transaction.cpp:3655]\tblock random seed set to 0000000000000000000000000000000000000000000000000000000000000000\n' +
          '[ 4][t 0][2024-10-30 23:27:05.012000][transaction.cpp:1236]\tgas limits: max=1000000, limit=149679, credit=0\n' +
          '[ 4][t 0][2024-10-30 23:27:05.012000][transaction.cpp:1575]\tin_msg_state is null\n' +
          '[ 4][t 0][2024-10-30 23:27:05.012000][transaction.cpp:1645]\tcreating VM\n' +
          '[ 4][t 0][2024-10-30 23:27:05.012000][transaction.cpp:1351]\tSmartContractInfo initialized with [ 124711402 0 0 1732922824 46000000 46000000 60210483465141978598827679003117970236339845468170532052053411751718225576024 [ 999999854753505 (null) ] CS{Cell{0275c00e9f2f0d84b872955ea7531cd76aa1708c7f19e9781ff03939bd35ba547ee163420c80cd433a526e40000000000a7d8c05c0e35fa6232943d340} bits: 1..268; refs: 0..0} C{A7EC01478F770EF8F8B037CC7E42F0ABF0D85A50E1828C2394DAD1411691F2DE} C{D992502B94EA96E7B34E5D62FFB0C6FC73D78B3E61F11F0848FB3A1EB1AFC912} [ 59871698 (null) ] 0 (null) [ CS{Cell{004dd06600000000000000000000000080000000000000fa00000000000001f4000000000003d09040} bits: 9..305; refs: 0..0} (null) CS{Cell{0094d1000000000000006400000000000f4240de000000002710000000000000000f42400000000002160ec0000000000000271000000000002625a00000000005f5e100000000003b9aca00} bits: 0..592; refs: 0..0} CS{Cell{0094d100000000000000640000000000009c40de000000000190000000000000000f424000000000000f4240000000000000271000000000009896800000000005f5e100000000003b9aca00} bits: 0..592; refs: 0..0} CS{Cell{0042ea000000000098968000000000271000000000000f424000000001800055555555} bits: 0..264; refs: 0..0} CS{Cell{0042ea0000000000061a800000000001900000000000009c4000000001800055555555} bits: 0..264; refs: 0..0} (null) ] 0 (null) ]\n' +
          '[ 4][t 0][2024-10-30 23:27:05.012000][transaction.cpp:1675]\tstarting VM\n' +
          '[ 4][t 0][2024-10-30 23:27:05.012000][transaction.cpp:1680]\tVM terminated with exit code 0\n' +
          '[ 3][t 0][2024-10-30 23:27:05.012000][transaction.cpp:1702]\tsteps: 5 gas: used=309, max=1000000, limit=149679, credit=0\n' +
          '[ 3][t 0][2024-10-30 23:27:05.012000][transaction.cpp:1704]\tout_of_gas=false, accepted=true, success=true, time=0.000018s\n' +
          '[ 4][t 0][2024-10-30 23:27:05.012000][transaction.cpp:1737]\tgas fees: 123600 = 26214400 * 309 /2^16 ; price=26214400; flat rate=[40000 for 100]; remaining balance=999999854629905ng\n',
        vmLogs: 'execute SETCP 0\n' +
          'execute DICTPUSHCONST 19 (xC_,1)\n' +
          'execute DICTIGETJMPZ\n' +
          'execute DROP\n' +
          'execute implicit RET\n',
        debugLogs: '',
        events: [],
        parent: {
          address: 37254810366437813475271750514734067285117962570475561289538093995582013161784n,
          lt: 42000000n,
          prevTransactionHash: 103913488690854289009118291285257984461764132030246452257168353043225060117140n,
          prevTransactionLt: 38000000n,
          now: 1732922824,
          outMessagesCount: 2,
          oldStatus: 'active',
          endStatus: 'active',
          inMessage: [Object],
          outMessages: [Dictionary],
          totalFees: [Object],
          stateUpdate: [Object],
          description: [Object],
          raw: x{7525D79B589F1D73B879432CD1A596C0F9C42CF460467BBB795DA5A20C021C138000000000280DE80E5BCF349EA4068F91EBEFD3844FB3BDDD821CCB48AF58F86D0C0F56E60510A94000000000243D580674A4DC8000547598D6C}
           x{E_}
            x{6801C25D36B535BEF92116226484A49D03E01E5050FFC3053F6C298C080280A4EEF90014975E6D627C75CEE1E50CB346965B03E710B3D18119EEEDE57696883008704E101119EF88060DFF5E0000000004A62F82CE949B90C_}
             x{2A004A0500000000000000000000000000000000000000000000000000000000000000000000000000000000400B75A3E1A6460F415CE3721F308920C4B456F3B977F39EB26CED9155308A976CC}
            x{DD_}
             x{2_}
              x{6800A4BAF36B13E3AE770F28659A34B2D81F38859E8C08CF776F2BB4B44180438271002DD68F8699183D05738DC87CC2248312D15BCEE5DFCE7AC9B3B64554C22A5DB31159B4FA000608235A000000000501BD02CE949B904_}
             x{2_}
              x{6800A4BAF36B13E3AE770F28659A34B2D81F38859E8C08CF776F2BB4B44180438271003A7CBC3612E1CA557A9D4C735DAA85C231FC67A5E07FC0E4E6F4D6E951FB858D100E4647480608235A000000000501BD04CE949B904_}
           x{728442DFE798DDBB430F803024FFD10C6616D18320E20013649945F8D34D608A043E260D782892B550D5771DB0D33A4A3BA601F92ACE36988C9089807BF7B0A13F}
           x{040901119EF8987516A211_}
            x{4D7F2C0AF1E00000000000000002E500000000000000000000000000000000000000000000000000000000000000000000000000000000000000000000000000000000000000000000000000000000}
            x{C9861A804C10469800000000000600020000000520BCDA6AE866D8E4078A2975C8E95584FD64AF531E8559DB1AC71A78FAFE0E7C40902C14_},
          hash: [Function: hash],
          blockchainLogs: '[ 4][t 0][2024-10-30 23:27:05.000000][transaction.cpp:443]\tunpacking account 525D79B589F1D73B879432CD1A596C0F9C42CF460467BBB795DA5A20C021C138\n' +
            '[ 4][t 0][2024-10-30 23:27:05.000000][transaction.cpp:274]\tlast_paid=1732922824; cells=234 bits=84033 public_cells=0\n' +
            '[ 4][t 0][2024-10-30 23:27:05.000000][transaction.cpp:504]\tend of Account.unpack() for 0:525D79B589F1D73B879432CD1A596C0F9C42CF460467BBB795DA5A20C021C138 (balance = 3100000000ng ; last_trans_lt = 38000000..38000005)\n' +
            '[ 4][t 0][2024-10-30 23:27:05.000000][transaction.cpp:3655]\tblock random seed set to 0000000000000000000000000000000000000000000000000000000000000000\n' +
            '[ 4][t 0][2024-10-30 23:27:05.000000][transaction.cpp:1236]\tgas limits: max=1000000, limit=179320, credit=0\n' +
            '[ 4][t 0][2024-10-30 23:27:05.000000][transaction.cpp:1575]\tin_msg_state is null\n' +
            '[ 4][t 0][2024-10-30 23:27:05.000000][transaction.cpp:1645]\tcreating VM\n' +
            '[ 4][t 0][2024-10-30 23:27:05.000000][transaction.cpp:1351]\tSmartContractInfo initialized with [ 124711402 0 0 1732922824 42000000 42000000 14068792954309835536948273256715513127174070948738620016199408580766834334284 [ 3171728098 (null) ] CS{Cell{0271c00525d79b589f1d73b879432cd1a596c0f9c42cf460467bbb795da5a20c021c1383d4c05210433a526e4000000000090f56152e318fc01340} bits: 1..268; refs: 0..0} C{A7EC01478F770EF8F8B037CC7E42F0ABF0D85A50E1828C2394DAD1411691F2DE} C{42B6F0E46484EFC57B9508F6BA7EF42E7512023D5CB4ED5628DD1C7755D16E9D} [ 71728098 (null) ] 0 (null) [ CS{Cell{004dd06600000000000000000000000080000000000000fa00000000000001f4000000000003d09040} bits: 9..305; refs: 0..0} (null) CS{Cell{0094d1000000000000006400000000000f4240de000000002710000000000000000f42400000000002160ec0000000000000271000000000002625a00000000005f5e100000000003b9aca00} bits: 0..592; refs: 0..0} CS{Cell{0094d100000000000000640000000000009c40de000000000190000000000000000f424000000000000f4240000000000000271000000000009896800000000005f5e100000000003b9aca00} bits: 0..592; refs: 0..0} CS{Cell{0042ea000000000098968000000000271000000000000f424000000001800055555555} bits: 0..264; refs: 0..0} CS{Cell{0042ea0000000000061a800000000001900000000000009c4000000001800055555555} bits: 0..264; refs: 0..0} (null) ] 0 (null) ]\n' +
            '[ 4][t 0][2024-10-30 23:27:05.000000][transaction.cpp:1675]\tstarting VM\n' +
            '[ 4][t 0][2024-10-30 23:27:05.001000][transaction.cpp:1680]\tVM terminated with exit code 0\n' +
            '[ 3][t 0][2024-10-30 23:27:05.001000][transaction.cpp:1702]\tsteps: 741 gas: used=27641, max=1000000, limit=179320, credit=0\n' +
            '[ 3][t 0][2024-10-30 23:27:05.001000][transaction.cpp:1704]\tout_of_gas=false, accepted=true, success=true, time=0.000791s\n' +
            '[ 4][t 0][2024-10-30 23:27:05.001000][transaction.cpp:1737]\tgas fees: 11056400 = 26214400 * 27641 /2^16 ; price=26214400; flat rate=[40000 for 100]; remaining balance=3160671698ng\n' +
            '[ 3][t 0][2024-10-30 23:27:05.001000][transaction.cpp:2678]\tin try_action_reserve_currency(0)\n' +
            '[ 4][t 0][2024-10-30 23:27:05.001000][transaction.cpp:2684]\taction_reserve_currency: mode=0, reserve=1650000000ng, balance=3160671698ng, original balance=3100000000ng\n' +
            '[ 3][t 0][2024-10-30 23:27:05.001000][transaction.cpp:2729]\tchanged remaining balance to 1510671698ng, reserved balance to 1650000000ng\n' +
            '[ 4][t 0][2024-10-30 23:27:05.001000][transaction.cpp:2448]\tstorage paid for a message: 0 cells, 0 bits\n' +
            '[ 4][t 0][2024-10-30 23:27:05.001000][transaction.cpp:2452]\tcomputed fwd fees = 400000 + 0\n' +
            '[ 4][t 0][2024-10-30 23:27:05.001000][transaction.cpp:2448]\tstorage paid for a message: 0 cells, 0 bits\n' +
            '[ 4][t 0][2024-10-30 23:27:05.001000][transaction.cpp:2452]\tcomputed fwd fees = 400000 + 0\n',
          vmLogs: 'xecute EQUAL\n' +
            'execute THROWIF 137\n' +
            'execute PUSHPOW2 10\n' +
            'execute EQUAL\n' +
            'execute THROWIFNOT 136\n' +
            'execute STSLICER\n' +
            'execute ENDC\n' +
            'execute ROT\n' +
            'execute STREF\n' +
            'execute ENDC\n' +
            'execute SWAP\n' +
            'execute STREF\n' +
            'execute implicit RET\n' +
            'execute ENDC\n' +
            'execute POP c4\n' +
            'execute implicit RET\n',
          debugLogs: '',
          events: [Array],
          parent: [Object],
          children: [Array],
          externals: []
        },
        children: [],
        externals: []
      },
      {
        address: 58472766802306075836644181314469769209867032629105944563722669090714916911778n,
        lt: 47000000n,
        prevTransactionHash: 98353482674148414025710631162945729923302086235638688386657638691728481394534n,
        prevTransactionLt: 26000000n,
        now: 1732922824,
        outMessagesCount: 0,
        oldStatus: 'active',
        endStatus: 'active',
        inMessage: { info: [Object], init: null, body: x{} },
        outMessages: Dictionary { _key: [Object], _value: [Object], _map: Map(0) {} },
        totalFees: { coins: 274724n },
        stateUpdate: {
          oldHash: <Buffer 4f ba 80 7d 3f 82 ef da 78 a9 23 da 53 6a 66 5c c5 8a 51 14 39 68 c8 58 a0 b6 5b 62 34 dc 41 b4>,
          newHash: <Buffer 44 de fc c3 ec 3d f2 22 0b 51 c8 94 8d d8 ad e5 d1 74 2c d0 55 5a 06 04 b9 06 89 c7 42 0e 4b 0f>
        },
        description: {
          type: 'generic',
          creditFirst: false,
          storagePhase: [Object],
          creditPhase: [Object],
          computePhase: [Object],
          actionPhase: [Object],
          bouncePhase: undefined,
          aborted: false,
          destroyed: false
        },
        raw: x{7814669C6B54FD8B2DD8E93AAA6E5DE45BD032703F7A61C194AB414089B0A7AA20000000002CD29C0D9721934C3C9F3F12CCD1B298576F5C6BC5F019DF1049967E9B4B85822011F6600000000018CBA80674A4DC8000146086248}
         x{A_}
          x{6800A4BAF36B13E3AE770F28659A34B2D81F38859E8C08CF776F2BB4B441804382710020519A71AD53F62CB763A4EAA9B977916F40C9C0FDE9870652AD050226C29EA891714F75000608235A0000000005204182CE949B904_}
         x{724FBA807D3F82EFDA78A923DA536A665CC58A51143968C858A0B65B6234DC41B444DEFCC3EC3DF2220B51C8948DD8ADE5D1742CD0555A0604B90689C7420E4B0F}
         x{04C09395091714F75018603C5A11_}
          x{4026AC3D090000000000000000000500000000000000000000000000000000000000000000000000000000000000000000000000000000000000000000000000000000000000000000000000000000}
          x{C00000000000000000000000012D452DA449E50B8CF7DD27861F146122AFE1B546BB8B70FC8216F0C614139F8E04_},
        hash: [Function: hash],
        blockchainLogs: '[ 4][t 0][2024-10-30 23:27:05.013000][transaction.cpp:443]\tunpacking account 814669C6B54FD8B2DD8E93AAA6E5DE45BD032703F7A61C194AB414089B0A7AA2\n' +
          '[ 4][t 0][2024-10-30 23:27:05.013000][transaction.cpp:274]\tlast_paid=1730330824; cells=6 bits=821 public_cells=0\n' +
          '[ 4][t 0][2024-10-30 23:27:05.013000][transaction.cpp:504]\tend of Account.unpack() for 0:814669C6B54FD8B2DD8E93AAA6E5DE45BD032703F7A61C194AB414089B0A7AA2 (balance = 999998464250400ng ; last_trans_lt = 26000000..26000001)\n' +
          '[ 4][t 0][2024-10-30 23:27:05.013000][transaction.cpp:3655]\tblock random seed set to 0000000000000000000000000000000000000000000000000000000000000000\n' +
          '[ 4][t 0][2024-10-30 23:27:05.013000][transaction.cpp:1236]\tgas limits: max=1000000, limit=1000000, credit=0\n' +
          '[ 4][t 0][2024-10-30 23:27:05.013000][transaction.cpp:1575]\tin_msg_state is null\n' +
          '[ 4][t 0][2024-10-30 23:27:05.014000][transaction.cpp:1645]\tcreating VM\n' +
          '[ 4][t 0][2024-10-30 23:27:05.014000][transaction.cpp:1351]\tSmartContractInfo initialized with [ 124711402 0 0 1732922824 47000000 47000000 115447700146533501994236152434741364412838807905984067774762833459387322310298 [ 1000000013099276 (null) ] CS{Cell{0275c00814669c6b54fd8b2dd8e93aaa6e5de45bd032703f7a61c194ab414089b0a7aa220c80cd4339160640000000000632ea05c0e35f924f34881340} bits: 1..268; refs: 0..0} C{A7EC01478F770EF8F8B037CC7E42F0ABF0D85A50E1828C2394DAD1411691F2DE} C{D992502B94EA96E7B34E5D62FFB0C6FC73D78B3E61F11F0848FB3A1EB1AFC912} [ 1549000000 (null) ] 151124 (null) [ CS{Cell{004dd06600000000000000000000000080000000000000fa00000000000001f4000000000003d09040} bits: 9..305; refs: 0..0} (null) CS{Cell{0094d1000000000000006400000000000f4240de000000002710000000000000000f42400000000002160ec0000000000000271000000000002625a00000000005f5e100000000003b9aca00} bits: 0..592; refs: 0..0} CS{Cell{0094d100000000000000640000000000009c40de000000000190000000000000000f424000000000000f4240000000000000271000000000009896800000000005f5e100000000003b9aca00} bits: 0..592; refs: 0..0} CS{Cell{0042ea000000000098968000000000271000000000000f424000000001800055555555} bits: 0..264; refs: 0..0} CS{Cell{0042ea0000000000061a800000000001900000000000009c4000000001800055555555} bits: 0..264; refs: 0..0} (null) ] 0 (null) ]\n' +
          '[ 4][t 0][2024-10-30 23:27:05.014000][transaction.cpp:1675]\tstarting VM\n' +
          '[ 4][t 0][2024-10-30 23:27:05.014000][transaction.cpp:1680]\tVM terminated with exit code 0\n' +
          '[ 3][t 0][2024-10-30 23:27:05.014000][transaction.cpp:1702]\tsteps: 5 gas: used=309, max=1000000, limit=1000000, credit=0\n' +
          '[ 3][t 0][2024-10-30 23:27:05.014000][transaction.cpp:1704]\tout_of_gas=false, accepted=true, success=true, time=0.000019s\n' +
          '[ 4][t 0][2024-10-30 23:27:05.014000][transaction.cpp:1737]\tgas fees: 123600 = 26214400 * 309 /2^16 ; price=26214400; flat rate=[40000 for 100]; remaining balance=1000000012975676ng\n',
        vmLogs: 'execute SETCP 0\n' +
          'execute DICTPUSHCONST 19 (xC_,1)\n' +
          'execute DICTIGETJMPZ\n' +
          'execute DROP\n' +
          'execute implicit RET\n',
        debugLogs: '',
        events: [],
        parent: {
          address: 37254810366437813475271750514734067285117962570475561289538093995582013161784n,
          lt: 43000000n,
          prevTransactionHash: 101895740404625598340557458781680806039812408702799245022025571745315124488150n,
          prevTransactionLt: 42000000n,
          now: 1732922824,
          outMessagesCount: 2,
          oldStatus: 'active',
          endStatus: 'active',
          inMessage: [Object],
          outMessages: [Dictionary],
          totalFees: [Object],
          stateUpdate: [Object],
          description: [Object],
          raw: x{7525D79B589F1D73B879432CD1A596C0F9C42CF460467BBB795DA5A20C021C13800000000029020C0E146F1FE6079F12D99F1D35C3FF450AD55F5886A63C24BA58B946FF0E18127D6000000000280DE80674A4DC800054750B3CC}
           x{E_}
            x{6800F99E4F01C1A7C3616D00B3681096094D190E846AE8B8DA0403AC5E7A4431E26D0014975E6D627C75CEE1E50CB346965B03E710B3D18119EEEDE57696883008704E101119EF88060DFF5E0000000004C4B402CE949B90C_}
             x{2A004A0500000000000000010000000000000000000000000000000000000000000000000000000000000000C00814669C6B54FD8B2DD8E93AAA6E5DE45BD032703F7A61C194AB414089B0A7AA2}
            x{DD_}
             x{2_}
              x{6800A4BAF36B13E3AE770F28659A34B2D81F38859E8C08CF776F2BB4B441804382710020519A71AD53F62CB763A4EAA9B977916F40C9C0FDE9870652AD050226C29EA891714F75000608235A0000000005204182CE949B904_}
             x{2_}
              x{6800A4BAF36B13E3AE770F28659A34B2D81F38859E8C08CF776F2BB4B44180438271003A7CBC3612E1CA557A9D4C735DAA85C231FC67A5E07FC0E4E6F4D6E951FB858D100E57FA880608235A0000000005204184CE949B904_}
           x{723E260D782892B550D5771DB0D33A4A3BA601F92ACE36988C9089807BF7B0A13F266E2086CAD9E18FA805E0B5F6728624849F0917BB868FB1682676B7B35E12FC}
           x{040901119EF89874890811_}
            x{4D248C0AF1E00000000000000002E500000000000000000000000000000000000000000000000000000000000000000000000000000000000000000000000000000000000000000000000000000000}
            x{C9861A804C104698000000000006000200000005AE3BECACD1748C736D669868A413010D4A1CB838B639F2C036520C5D9867A6FC40902C14_},
          hash: [Function: hash],
          blockchainLogs: '[ 4][t 0][2024-10-30 23:27:05.004000][transaction.cpp:443]\tunpacking account 525D79B589F1D73B879432CD1A596C0F9C42CF460467BBB795DA5A20C021C138\n' +
            '[ 4][t 0][2024-10-30 23:27:05.004000][transaction.cpp:274]\tlast_paid=1732922824; cells=231 bits=83982 public_cells=0\n' +
            '[ 4][t 0][2024-10-30 23:27:05.004000][transaction.cpp:504]\tend of Account.unpack() for 0:525D79B589F1D73B879432CD1A596C0F9C42CF460467BBB795DA5A20C021C138 (balance = 1650000000ng ; last_trans_lt = 42000000..42000003)\n' +
            '[ 4][t 0][2024-10-30 23:27:05.004000][transaction.cpp:3655]\tblock random seed set to 0000000000000000000000000000000000000000000000000000000000000000\n' +
            '[ 4][t 0][2024-10-30 23:27:05.004000][transaction.cpp:1236]\tgas limits: max=1000000, limit=179320, credit=0\n' +
            '[ 4][t 0][2024-10-30 23:27:05.004000][transaction.cpp:1575]\tin_msg_state is null\n' +
            '[ 4][t 0][2024-10-30 23:27:05.004000][transaction.cpp:1645]\tcreating VM\n' +
            '[ 4][t 0][2024-10-30 23:27:05.004000][transaction.cpp:1351]\tSmartContractInfo initialized with [ 124711402 0 0 1732922824 43000000 43000000 14068792954309835536948273256715513127174070948738620016199408580766834334284 [ 1721728098 (null) ] CS{Cell{0271c00525d79b589f1d73b879432cd1a596c0f9c42cf460467bbb795da5a20c021c1383cec05203833a526e40000000000a037a0d189640201340} bits: 1..268; refs: 0..0} C{A7EC01478F770EF8F8B037CC7E42F0ABF0D85A50E1828C2394DAD1411691F2DE} C{42B6F0E46484EFC57B9508F6BA7EF42E7512023D5CB4ED5628DD1C7755D16E9D} [ 71728098 (null) ] 0 (null) [ CS{Cell{004dd06600000000000000000000000080000000000000fa00000000000001f4000000000003d09040} bits: 9..305; refs: 0..0} (null) CS{Cell{0094d1000000000000006400000000000f4240de000000002710000000000000000f42400000000002160ec0000000000000271000000000002625a00000000005f5e100000000003b9aca00} bits: 0..592; refs: 0..0} CS{Cell{0094d100000000000000640000000000009c40de000000000190000000000000000f424000000000000f4240000000000000271000000000009896800000000005f5e100000000003b9aca00} bits: 0..592; refs: 0..0} CS{Cell{0042ea000000000098968000000000271000000000000f424000000001800055555555} bits: 0..264; refs: 0..0} CS{Cell{0042ea0000000000061a800000000001900000000000009c4000000001800055555555} bits: 0..264; refs: 0..0} (null) ] 0 (null) ]\n' +
            '[ 4][t 0][2024-10-30 23:27:05.004000][transaction.cpp:1675]\tstarting VM\n' +
            '[ 4][t 0][2024-10-30 23:27:05.005000][transaction.cpp:1680]\tVM terminated with exit code 0\n' +
            '[ 3][t 0][2024-10-30 23:27:05.005000][transaction.cpp:1702]\tsteps: 741 gas: used=26916, max=1000000, limit=179320, credit=0\n' +
            '[ 3][t 0][2024-10-30 23:27:05.005000][transaction.cpp:1704]\tout_of_gas=false, accepted=true, success=true, time=0.000927s\n' +
            '[ 4][t 0][2024-10-30 23:27:05.005000][transaction.cpp:1737]\tgas fees: 10766400 = 26214400 * 26916 /2^16 ; price=26214400; flat rate=[40000 for 100]; remaining balance=1710961698ng\n' +
            '[ 3][t 0][2024-10-30 23:27:05.006000][transaction.cpp:2678]\tin try_action_reserve_currency(0)\n' +
            '[ 4][t 0][2024-10-30 23:27:05.006000][transaction.cpp:2684]\taction_reserve_currency: mode=0, reserve=101000000ng, balance=1710961698ng, original balance=1650000000ng\n' +
            '[ 3][t 0][2024-10-30 23:27:05.006000][transaction.cpp:2729]\tchanged remaining balance to 1609961698ng, reserved balance to 101000000ng\n' +
            '[ 4][t 0][2024-10-30 23:27:05.006000][transaction.cpp:2448]\tstorage paid for a message: 0 cells, 0 bits\n' +
            '[ 4][t 0][2024-10-30 23:27:05.006000][transaction.cpp:2452]\tcomputed fwd fees = 400000 + 0\n' +
            '[ 4][t 0][2024-10-30 23:27:05.006000][transaction.cpp:2448]\tstorage paid for a message: 0 cells, 0 bits\n' +
            '[ 4][t 0][2024-10-30 23:27:05.006000][transaction.cpp:2452]\tcomputed fwd fees = 400000 + 0\n',
          vmLogs: 'xecute EQUAL\n' +
            'execute THROWIF 137\n' +
            'execute PUSHPOW2 10\n' +
            'execute EQUAL\n' +
            'execute THROWIFNOT 136\n' +
            'execute STSLICER\n' +
            'execute ENDC\n' +
            'execute ROT\n' +
            'execute STREF\n' +
            'execute ENDC\n' +
            'execute SWAP\n' +
            'execute STREF\n' +
            'execute implicit RET\n' +
            'execute ENDC\n' +
            'execute POP c4\n' +
            'execute implicit RET\n',
          debugLogs: '',
          events: [Array],
          parent: [Object],
          children: [Array],
          externals: []
        },
        children: [],
        externals: []
      },
      {
        address: 105818132960003171416304597453717637701794574747475969910003481004036112389684n,
        lt: 48000000n,
        prevTransactionHash: 70191359895520894711508614835088840517437777706878361654663174631737768658477n,
        prevTransactionLt: 46000000n,
        now: 1732922824,
        outMessagesCount: 0,
        oldStatus: 'active',
        endStatus: 'active',
        inMessage: { info: [Object], init: null, body: x{} },
        outMessages: Dictionary { _key: [Object], _value: [Object], _map: Map(0) {} },
        totalFees: { coins: 123600n },
        stateUpdate: {
          oldHash: <Buffer 70 65 0b ce 47 1b 93 d2 69 a4 b0 02 85 ad 21 48 4a 6e f8 c9 68 04 cd 77 61 a7 b4 f9 4f 0b 59 b4>,
          newHash: <Buffer 19 c9 ed b7 6e e1 cf 90 85 80 3d ba 4f 5e 25 9d 32 08 36 3b 8d 3f 4c 17 1f 3b ec 4f d8 c9 8c 0c>
        },
        description: {
          type: 'generic',
          creditFirst: false,
          storagePhase: [Object],
          creditPhase: [Object],
          computePhase: [Object],
          actionPhase: [Object],
          bouncePhase: undefined,
          aborted: false,
          destroyed: false
        },
        raw: x{7E9F2F0D84B872955EA7531CD76AA1708C7F19E9781FF03939BD35BA547EE16340000000002DC6C009B2EE6DE7EED13EA3AF137BB1CCC0A0093352193BC13CFCEA8B8199361F1C62D0000000002BDE780674A4DC800014603C5A0}
         x{A_}
          x{6800A4BAF36B13E3AE770F28659A34B2D81F38859E8C08CF776F2BB4B44180438271003A7CBC3612E1CA557A9D4C735DAA85C231FC67A5E07FC0E4E6F4D6E951FB858D100E57FA880608235A0000000005204184CE949B904_}
         x{7270650BCE471B93D269A4B00285AD21484A6EF8C96804CD7761A7B4F94F0B59B419C9EDB76EE1CF9085803DBA4F5E259D3208363B8D3F4C171F3BEC4FD8C98C0C}
         x{040900E57FA898603C5A11_}
          x{4026AC092E1000000000000000000500000000000000000000000000000000000000000000000000000000000000000000000000000000000000000000000000000000000000000000000000000000}
          x{C00000000000000000000000012D452DA449E50B8CF7DD27861F146122AFE1B546BB8B70FC8216F0C614139F8E04_},
        hash: [Function: hash],
        blockchainLogs: '[ 4][t 0][2024-10-30 23:27:05.015000][transaction.cpp:443]\tunpacking account E9F2F0D84B872955EA7531CD76AA1708C7F19E9781FF03939BD35BA547EE1634\n' +
          '[ 4][t 0][2024-10-30 23:27:05.015000][transaction.cpp:274]\tlast_paid=1732922824; cells=6 bits=821 public_cells=0\n' +
          '[ 4][t 0][2024-10-30 23:27:05.015000][transaction.cpp:504]\tend of Account.unpack() for 0:E9F2F0D84B872955EA7531CD76AA1708C7F19E9781FF03939BD35BA547EE1634 (balance = 999999854629905ng ; last_trans_lt = 46000000..46000001)\n' +
          '[ 4][t 0][2024-10-30 23:27:05.015000][transaction.cpp:3655]\tblock random seed set to 0000000000000000000000000000000000000000000000000000000000000000\n' +
          '[ 4][t 0][2024-10-30 23:27:05.015000][transaction.cpp:1236]\tgas limits: max=1000000, limit=150404, credit=0\n' +
          '[ 4][t 0][2024-10-30 23:27:05.015000][transaction.cpp:1575]\tin_msg_state is null\n' +
          '[ 4][t 0][2024-10-30 23:27:05.015000][transaction.cpp:1645]\tcreating VM\n' +
          '[ 4][t 0][2024-10-30 23:27:05.015000][transaction.cpp:1351]\tSmartContractInfo initialized with [ 124711402 0 0 1732922824 48000000 48000000 60210483465141978598827679003117970236339845468170532052053411751718225576024 [ 999999914791603 (null) ] CS{Cell{0275c00e9f2f0d84b872955ea7531cd76aa1708c7f19e9781ff03939bd35ba547ee163420c80cd433a526e40000000000af79e05c0e35fa70715045340} bits: 1..268; refs: 0..0} C{A7EC01478F770EF8F8B037CC7E42F0ABF0D85A50E1828C2394DAD1411691F2DE} C{D992502B94EA96E7B34E5D62FFB0C6FC73D78B3E61F11F0848FB3A1EB1AFC912} [ 60161698 (null) ] 0 (null) [ CS{Cell{004dd06600000000000000000000000080000000000000fa00000000000001f4000000000003d09040} bits: 9..305; refs: 0..0} (null) CS{Cell{0094d1000000000000006400000000000f4240de000000002710000000000000000f42400000000002160ec0000000000000271000000000002625a00000000005f5e100000000003b9aca00} bits: 0..592; refs: 0..0} CS{Cell{0094d100000000000000640000000000009c40de000000000190000000000000000f424000000000000f4240000000000000271000000000009896800000000005f5e100000000003b9aca00} bits: 0..592; refs: 0..0} CS{Cell{0042ea000000000098968000000000271000000000000f424000000001800055555555} bits: 0..264; refs: 0..0} CS{Cell{0042ea0000000000061a800000000001900000000000009c4000000001800055555555} bits: 0..264; refs: 0..0} (null) ] 0 (null) ]\n' +
          '[ 4][t 0][2024-10-30 23:27:05.016000][transaction.cpp:1675]\tstarting VM\n' +
          '[ 4][t 0][2024-10-30 23:27:05.016000][transaction.cpp:1680]\tVM terminated with exit code 0\n' +
          '[ 3][t 0][2024-10-30 23:27:05.016000][transaction.cpp:1702]\tsteps: 5 gas: used=309, max=1000000, limit=150404, credit=0\n' +
          '[ 3][t 0][2024-10-30 23:27:05.016000][transaction.cpp:1704]\tout_of_gas=false, accepted=true, success=true, time=0.000017s\n' +
          '[ 4][t 0][2024-10-30 23:27:05.016000][transaction.cpp:1737]\tgas fees: 123600 = 26214400 * 309 /2^16 ; price=26214400; flat rate=[40000 for 100]; remaining balance=999999914668003ng\n',
        vmLogs: 'execute SETCP 0\n' +
          'execute DICTPUSHCONST 19 (xC_,1)\n' +
          'execute DICTIGETJMPZ\n' +
          'execute DROP\n' +
          'execute implicit RET\n',
        debugLogs: '',
        events: [],
        parent: {
          address: 37254810366437813475271750514734067285117962570475561289538093995582013161784n,
          lt: 43000000n,
          prevTransactionHash: 101895740404625598340557458781680806039812408702799245022025571745315124488150n,
          prevTransactionLt: 42000000n,
          now: 1732922824,
          outMessagesCount: 2,
          oldStatus: 'active',
          endStatus: 'active',
          inMessage: [Object],
          outMessages: [Dictionary],
          totalFees: [Object],
          stateUpdate: [Object],
          description: [Object],
          raw: x{7525D79B589F1D73B879432CD1A596C0F9C42CF460467BBB795DA5A20C021C13800000000029020C0E146F1FE6079F12D99F1D35C3FF450AD55F5886A63C24BA58B946FF0E18127D6000000000280DE80674A4DC800054750B3CC}
           x{E_}
            x{6800F99E4F01C1A7C3616D00B3681096094D190E846AE8B8DA0403AC5E7A4431E26D0014975E6D627C75CEE1E50CB346965B03E710B3D18119EEEDE57696883008704E101119EF88060DFF5E0000000004C4B402CE949B90C_}
             x{2A004A0500000000000000010000000000000000000000000000000000000000000000000000000000000000C00814669C6B54FD8B2DD8E93AAA6E5DE45BD032703F7A61C194AB414089B0A7AA2}
            x{DD_}
             x{2_}
              x{6800A4BAF36B13E3AE770F28659A34B2D81F38859E8C08CF776F2BB4B441804382710020519A71AD53F62CB763A4EAA9B977916F40C9C0FDE9870652AD050226C29EA891714F75000608235A0000000005204182CE949B904_}
             x{2_}
              x{6800A4BAF36B13E3AE770F28659A34B2D81F38859E8C08CF776F2BB4B44180438271003A7CBC3612E1CA557A9D4C735DAA85C231FC67A5E07FC0E4E6F4D6E951FB858D100E57FA880608235A0000000005204184CE949B904_}
           x{723E260D782892B550D5771DB0D33A4A3BA601F92ACE36988C9089807BF7B0A13F266E2086CAD9E18FA805E0B5F6728624849F0917BB868FB1682676B7B35E12FC}
           x{040901119EF89874890811_}
            x{4D248C0AF1E00000000000000002E500000000000000000000000000000000000000000000000000000000000000000000000000000000000000000000000000000000000000000000000000000000}
            x{C9861A804C104698000000000006000200000005AE3BECACD1748C736D669868A413010D4A1CB838B639F2C036520C5D9867A6FC40902C14_},
          hash: [Function: hash],
          blockchainLogs: '[ 4][t 0][2024-10-30 23:27:05.004000][transaction.cpp:443]\tunpacking account 525D79B589F1D73B879432CD1A596C0F9C42CF460467BBB795DA5A20C021C138\n' +
            '[ 4][t 0][2024-10-30 23:27:05.004000][transaction.cpp:274]\tlast_paid=1732922824; cells=231 bits=83982 public_cells=0\n' +
            '[ 4][t 0][2024-10-30 23:27:05.004000][transaction.cpp:504]\tend of Account.unpack() for 0:525D79B589F1D73B879432CD1A596C0F9C42CF460467BBB795DA5A20C021C138 (balance = 1650000000ng ; last_trans_lt = 42000000..42000003)\n' +
            '[ 4][t 0][2024-10-30 23:27:05.004000][transaction.cpp:3655]\tblock random seed set to 0000000000000000000000000000000000000000000000000000000000000000\n' +
            '[ 4][t 0][2024-10-30 23:27:05.004000][transaction.cpp:1236]\tgas limits: max=1000000, limit=179320, credit=0\n' +
            '[ 4][t 0][2024-10-30 23:27:05.004000][transaction.cpp:1575]\tin_msg_state is null\n' +
            '[ 4][t 0][2024-10-30 23:27:05.004000][transaction.cpp:1645]\tcreating VM\n' +
            '[ 4][t 0][2024-10-30 23:27:05.004000][transaction.cpp:1351]\tSmartContractInfo initialized with [ 124711402 0 0 1732922824 43000000 43000000 14068792954309835536948273256715513127174070948738620016199408580766834334284 [ 1721728098 (null) ] CS{Cell{0271c00525d79b589f1d73b879432cd1a596c0f9c42cf460467bbb795da5a20c021c1383cec05203833a526e40000000000a037a0d189640201340} bits: 1..268; refs: 0..0} C{A7EC01478F770EF8F8B037CC7E42F0ABF0D85A50E1828C2394DAD1411691F2DE} C{42B6F0E46484EFC57B9508F6BA7EF42E7512023D5CB4ED5628DD1C7755D16E9D} [ 71728098 (null) ] 0 (null) [ CS{Cell{004dd06600000000000000000000000080000000000000fa00000000000001f4000000000003d09040} bits: 9..305; refs: 0..0} (null) CS{Cell{0094d1000000000000006400000000000f4240de000000002710000000000000000f42400000000002160ec0000000000000271000000000002625a00000000005f5e100000000003b9aca00} bits: 0..592; refs: 0..0} CS{Cell{0094d100000000000000640000000000009c40de000000000190000000000000000f424000000000000f4240000000000000271000000000009896800000000005f5e100000000003b9aca00} bits: 0..592; refs: 0..0} CS{Cell{0042ea000000000098968000000000271000000000000f424000000001800055555555} bits: 0..264; refs: 0..0} CS{Cell{0042ea0000000000061a800000000001900000000000009c4000000001800055555555} bits: 0..264; refs: 0..0} (null) ] 0 (null) ]\n' +
            '[ 4][t 0][2024-10-30 23:27:05.004000][transaction.cpp:1675]\tstarting VM\n' +
            '[ 4][t 0][2024-10-30 23:27:05.005000][transaction.cpp:1680]\tVM terminated with exit code 0\n' +
            '[ 3][t 0][2024-10-30 23:27:05.005000][transaction.cpp:1702]\tsteps: 741 gas: used=26916, max=1000000, limit=179320, credit=0\n' +
            '[ 3][t 0][2024-10-30 23:27:05.005000][transaction.cpp:1704]\tout_of_gas=false, accepted=true, success=true, time=0.000927s\n' +
            '[ 4][t 0][2024-10-30 23:27:05.005000][transaction.cpp:1737]\tgas fees: 10766400 = 26214400 * 26916 /2^16 ; price=26214400; flat rate=[40000 for 100]; remaining balance=1710961698ng\n' +
            '[ 3][t 0][2024-10-30 23:27:05.006000][transaction.cpp:2678]\tin try_action_reserve_currency(0)\n' +
            '[ 4][t 0][2024-10-30 23:27:05.006000][transaction.cpp:2684]\taction_reserve_currency: mode=0, reserve=101000000ng, balance=1710961698ng, original balance=1650000000ng\n' +
            '[ 3][t 0][2024-10-30 23:27:05.006000][transaction.cpp:2729]\tchanged remaining balance to 1609961698ng, reserved balance to 101000000ng\n' +
            '[ 4][t 0][2024-10-30 23:27:05.006000][transaction.cpp:2448]\tstorage paid for a message: 0 cells, 0 bits\n' +
            '[ 4][t 0][2024-10-30 23:27:05.006000][transaction.cpp:2452]\tcomputed fwd fees = 400000 + 0\n' +
            '[ 4][t 0][2024-10-30 23:27:05.006000][transaction.cpp:2448]\tstorage paid for a message: 0 cells, 0 bits\n' +
            '[ 4][t 0][2024-10-30 23:27:05.006000][transaction.cpp:2452]\tcomputed fwd fees = 400000 + 0\n',
          vmLogs: 'xecute EQUAL\n' +
            'execute THROWIF 137\n' +
            'execute PUSHPOW2 10\n' +
            'execute EQUAL\n' +
            'execute THROWIFNOT 136\n' +
            'execute STSLICER\n' +
            'execute ENDC\n' +
            'execute ROT\n' +
            'execute STREF\n' +
            'execute ENDC\n' +
            'execute SWAP\n' +
            'execute STREF\n' +
            'execute implicit RET\n' +
            'execute ENDC\n' +
            'execute POP c4\n' +
            'execute implicit RET\n',
          debugLogs: '',
          events: [Array],
          parent: [Object],
          children: [Array],
          externals: []
        },
        children: [],
        externals: []
      }
    ]

      at proceedDeal (tests/MarketTon.spec.ts:2082:17)

  console.log
    [
      {
        type: 'message_sent',
        from: EQDp8vDYS4cpVep1Mc12qhcIx_Gel4H_A5Ob01ulR-4WNMml,
        to: EQBSXXm1ifHXO4eUMs0aWWwPnELPRgRnu7eV2logwCHBOBBt,
        value: 1000000000n,
        body: x{E9626FBA000000000000000000000000}
         x{03DF94AA2240BEBC200000001937A3FD5404_}
         x{03DF94AA23405F5E100000001937A3FD5404_},
        bounced: false
      },
      {
        type: 'message_sent',
        from: EQBSXXm1ifHXO4eUMs0aWWwPnELPRgRnu7eV2logwCHBOBBt,
        to: EQASWIYDJyUJTnnETBq5ZC_hy_G_TXfbJcNF3b56jIC81Pj2,
        value: 982832763n,
        body: x{03DF94AA00000000000000002240BEBC200000001937A3FD54011A02FAF080000000C9BD1FEAA02_}
         x{},
        bounced: false
      },
      {
        type: 'message_sent',
        from: EQASWIYDJyUJTnnETBq5ZC_hy_G_TXfbJcNF3b56jIC81Pj2,
        to: EQBSXXm1ifHXO4eUMs0aWWwPnELPRgRnu7eV2logwCHBOBBt,
        value: 978464763n,
        body: x{935FA9D10000000000000000}
         x{0000000000000000000000000000000000000000000000000000000000000022000000000000000000000000000000000000000000000000000000000BEBC20001937A3FD540}
         x{00000000000000000000000000000000000000000000000000000000000000230000000000000000000000000000000000000000000000000000000005F5E10001937A3FD540},
        bounced: false
      },
      {
        type: 'message_sent',
        from: EQBSXXm1ifHXO4eUMs0aWWwPnELPRgRnu7eV2logwCHBOBBt,
        to: EQC50kw8CkUnsCDgJcqVYTHF61CBKRFXwl_Xlh3y0DobarlX,
        value: 966133163n,
        body: x{E601F8E50000000000000000},
        bounced: false
      },
      {
        type: 'message_sent',
        from: EQC50kw8CkUnsCDgJcqVYTHF61CBKRFXwl_Xlh3y0DobarlX,
        to: EQBSXXm1ifHXO4eUMs0aWWwPnELPRgRnu7eV2logwCHBOBBt,
        value: 960892531n,
        body: x{B687AB17000000000000000000000000}
         x{02A07735940207735940211E1A3001F270E022CB417803391606433935AA43391606433A526E40000000000000000C_}
          x{801028CD38D6A9FB165BB1D27554DCBBC8B7A064E07EF4C3832956828113614F545_},
        bounced: false
      },
      {
        type: 'message_sent',
        from: EQBSXXm1ifHXO4eUMs0aWWwPnELPRgRnu7eV2logwCHBOBBt,
        to: EQDhLptamt98kIsRMkJSToHwDygof-GCn7YUxgQBQFJ3fLZb,
        value: 67521600n,
        body: x{BC26F4C80000000000000000},
        bounced: false
      },
      {
        type: 'message_sent',
        from: EQBSXXm1ifHXO4eUMs0aWWwPnELPRgRnu7eV2logwCHBOBBt,
        to: EQB8zyeA4NPhsLaAWbQISwSmjIdCNXRcbQIB1i89IhjxNhei,
        value: 67521600n,
        body: x{BC26F4C80000000000000001},
        bounced: false
      },
      {
        type: 'message_sent',
        from: EQBSXXm1ifHXO4eUMs0aWWwPnELPRgRnu7eV2logwCHBOBBt,
        to: EQC50kw8CkUnsCDgJcqVYTHF61CBKRFXwl_Xlh3y0DobarlX,
        value: 791219731n,
        body: x{B8A3AA140000000000000000801D3E5E1B0970E52ABD4EA639AED542E118FE33D2F03FE072737A6B74A8FDC2C69_},
        bounced: false
      },
      {
        type: 'message_sent',
        from: EQDhLptamt98kIsRMkJSToHwDygof-GCn7YUxgQBQFJ3fLZb,
        to: EQBSXXm1ifHXO4eUMs0aWWwPnELPRgRnu7eV2logwCHBOBBt,
        value: 71728098n,
        body: x{2A004A0500000000000000000000000000000000000000000000000000000000000000000000000000000000400B75A3E1A6460F415CE3721F308920C4B456F3B977F39EB26CED9155308A976CC},
        bounced: false
      },
      {
        type: 'message_sent',
        from: EQB8zyeA4NPhsLaAWbQISwSmjIdCNXRcbQIB1i89IhjxNhei,
        to: EQBSXXm1ifHXO4eUMs0aWWwPnELPRgRnu7eV2logwCHBOBBt,
        value: 71728098n,
        body: x{2A004A0500000000000000010000000000000000000000000000000000000000000000000000000000000000C00814669C6B54FD8B2DD8E93AAA6E5DE45BD032703F7A61C194AB414089B0A7AA2},
        bounced: false
      },
      {
        type: 'message_sent',
        from: EQC50kw8CkUnsCDgJcqVYTHF61CBKRFXwl_Xlh3y0DobarlX,
        to: EQDp8vDYS4cpVep1Mc12qhcIx_Gel4H_A5Ob01ulR-4WNMml,
        value: 797420931n,
        body: x{},
        bounced: false
      },
      {
        type: 'account_destroyed',
        account: EQC50kw8CkUnsCDgJcqVYTHF61CBKRFXwl_Xlh3y0DobarlX
      },
      {
        type: 'message_sent',
        from: EQBSXXm1ifHXO4eUMs0aWWwPnELPRgRnu7eV2logwCHBOBBt,
        to: EQC3Wj4aZGD0Fc43IfMIkgxLRW87l3856ybO2RVTCKl2zDIR,
        value: 1450000000n,
        body: x{},
        bounced: false
      },
      {
        type: 'message_sent',
        from: EQBSXXm1ifHXO4eUMs0aWWwPnELPRgRnu7eV2logwCHBOBBt,
        to: EQDp8vDYS4cpVep1Mc12qhcIx_Gel4H_A5Ob01ulR-4WNMml,
        value: 59871698n,
        body: x{},
        bounced: false
      },
      {
        type: 'message_sent',
        from: EQBSXXm1ifHXO4eUMs0aWWwPnELPRgRnu7eV2logwCHBOBBt,
        to: EQCBRmnGtU_Yst2Ok6qm5d5FvQMnA_emHBlKtBQImwp6oicf,
        value: 1549000000n,
        body: x{},
        bounced: false
      },
      {
        type: 'message_sent',
        from: EQBSXXm1ifHXO4eUMs0aWWwPnELPRgRnu7eV2logwCHBOBBt,
        to: EQDp8vDYS4cpVep1Mc12qhcIx_Gel4H_A5Ob01ulR-4WNMml,
        value: 60161698n,
        body: x{},
        bounced: false
      }
    ]

      at proceedDeal (tests/MarketTon.spec.ts:2083:17)

  console.log
    User fee :-0.085331997

      at proceedDeal (tests/MarketTon.spec.ts:2086:17)

  console.log
    User fee :-0.0356324

      at createDeal (tests/MarketTon.spec.ts:1954:17)

  console.log
    User fee :-0.1193928

      at takeDeal (tests/MarketTon.spec.ts:2019:17)

  console.log
    [
      {
        address: 105818132960003171416304597453717637701794574747475969910003481004036112389684n,
        lt: 33000000n,
        prevTransactionHash: 108251675505337730248370721045187644784949660711208605727360775071407748914600n,
        prevTransactionLt: 9000000n,
        now: 1732922825,
        outMessagesCount: 1,
        oldStatus: 'active',
        endStatus: 'active',
        inMessage: {
          info: [Object],
          init: null,
          body: x{579378ED124D4474AEAC829C138B5598B5168CF79FD305630FA5D54299276449C_}
           x{D001}
            x{6200292EBCDAC4F8EB9DC3CA19668D2CB607CE2167A30233DDDBCAED2D106010E09C21DCD6500000000000000000000000000000E9626FBA000000000000000000000000}
             x{03DF94AA22402625A00000001937A3FD9284_}
             x{03DF94AA23405F5E100000001937A3FD9284_}
        },
        outMessages: Dictionary { _key: [Object], _value: [Object], _map: [Map] },
        totalFees: { coins: 2020320n },
        stateUpdate: {
          oldHash: <Buffer 4d d8 0e dc ba 7a 07 6e 50 db a5 8d fe ac 61 6f 0c 4a 76 53 43 d7 79 aa b5 8d ca 48 9d 10 e6 7c>,
          newHash: <Buffer fe 75 1b e1 09 e1 d7 7f 92 b2 f3 4a 94 6f a2 8e 41 e0 96 c9 53 fb 91 74 91 9d 06 68 36 8f e4 33>
        },
        description: {
          type: 'generic',
          creditFirst: true,
          storagePhase: [Object],
          creditPhase: undefined,
          computePhase: [Object],
          actionPhase: [Object],
          bouncePhase: undefined,
          aborted: false,
          destroyed: false
        },
        raw: x{7E9F2F0D84B872955EA7531CD76AA1708C7F19E9781FF03939BD35BA547EE16340000000001F78A40EF5446EE10F0E64D771D16BBE79D3ECD3AD02238A847F103424FFDA7186F9DA80000000000895440674A4DC90003463DA7C0}
         x{E_}
          x{8801D3E5E1B0970E52ABD4EA639AED542E118FE33D2F03FE072737A6B74A8FDC2C6802BC9BC768926A23A5756414E09C5AACC5A8B467BCFE982B187D2EAA14C93B224E_}
           x{D001}
            x{6200292EBCDAC4F8EB9DC3CA19668D2CB607CE2167A30233DDDBCAED2D106010E09C21DCD6500000000000000000000000000000E9626FBA000000000000000000000000}
             x{03DF94AA22402625A00000001937A3FD9284_}
             x{03DF94AA23405F5E100000001937A3FD9284_}
          x{DF_}
           x{6801D3E5E1B0970E52ABD4EA639AED542E118FE33D2F03FE072737A6B74A8FDC2C690014975E6D627C75CEE1E50CB346965B03E710B3D18119EEEDE57696883008704E10EE6B2800060C0F880000000003EF1482CE949B9274B137DD0000000000000000000000004_}
            x{03DF94AA22402625A00000001937A3FD9284_}
            x{03DF94AA23405F5E100000001937A3FD9284_}
         x{724DD80EDCBA7A076E50DBA58DFEAC616F0C4A765343D779AAB58DCA489D10E67CFE751BE109E1D77F92B2F34A946FA28E41E096C953FB9174919D0668368FE433}
         x{0CC0939506185E94844_}
          x{40F223138800000000000000000C800000000000000000000000000000000000000000000000000000000000000000000000000000000000000000000000000000000000000000000000000000002_}
          x{C98485D04C0C0F700000000000020000000000036AE77DA35151A63149566615E996D86CC4D517F6575E2AB8782110141609DEF040D022DC_},
        hash: [Function: hash],
        blockchainLogs: '[ 4][t 0][2024-10-30 23:27:05.541000][transaction.cpp:443]\tunpacking account E9F2F0D84B872955EA7531CD76AA1708C7F19E9781FF03939BD35BA547EE1634\n' +
          '[ 4][t 0][2024-10-30 23:27:05.541000][transaction.cpp:274]\tlast_paid=1730330825; cells=6 bits=821 public_cells=0\n' +
          '[ 4][t 0][2024-10-30 23:27:05.541000][transaction.cpp:504]\tend of Account.unpack() for 0:E9F2F0D84B872955EA7531CD76AA1708C7F19E9781FF03939BD35BA547EE1634 (balance = 1000000000000000ng ; last_trans_lt = 9000000..9000001)\n' +
          '[ 4][t 0][2024-10-30 23:27:05.541000][transaction.cpp:3655]\tblock random seed set to 0000000000000000000000000000000000000000000000000000000000000000\n' +
          '[ 4][t 0][2024-10-30 23:27:05.541000][transaction.cpp:788]\tstorage paid for a message: 4 cells, 842 bits\n' +
          '[ 4][t 0][2024-10-30 23:27:05.541000][transaction.cpp:802]\tcomputed fwd fees = 896800 + 0\n' +
          '[ 4][t 0][2024-10-30 23:27:05.541000][transaction.cpp:1236]\tgas limits: max=1000000, limit=0, credit=10000\n' +
          '[ 4][t 0][2024-10-30 23:27:05.541000][transaction.cpp:1575]\tin_msg_state is null\n' +
          '[ 4][t 0][2024-10-30 23:27:05.541000][transaction.cpp:1645]\tcreating VM\n' +
          '[ 4][t 0][2024-10-30 23:27:05.541000][transaction.cpp:1351]\tSmartContractInfo initialized with [ 124711402 0 0 1732922825 33000000 33000000 60210483465141978598827679003117970236339845468170532052053411751718225576024 [ 999999998952076 (null) ] CS{Cell{0275c00e9f2f0d84b872955ea7531cd76aa1708c7f19e9781ff03939bd35ba547ee163420c80cd43391606480000000002255105c0e35fa931a0001340} bits: 1..268; refs: 0..0} C{A7EC01478F770EF8F8B037CC7E42F0ABF0D85A50E1828C2394DAD1411691F2DE} C{D992502B94EA96E7B34E5D62FFB0C6FC73D78B3E61F11F0848FB3A1EB1AFC912} [ 0 (null) ] 151124 (null) [ CS{Cell{004dd06600000000000000000000000080000000000000fa00000000000001f4000000000003d09040} bits: 9..305; refs: 0..0} (null) CS{Cell{0094d1000000000000006400000000000f4240de000000002710000000000000000f42400000000002160ec0000000000000271000000000002625a00000000005f5e100000000003b9aca00} bits: 0..592; refs: 0..0} CS{Cell{0094d100000000000000640000000000009c40de000000000190000000000000000f424000000000000f4240000000000000271000000000009896800000000005f5e100000000003b9aca00} bits: 0..592; refs: 0..0} CS{Cell{0042ea000000000098968000000000271000000000000f424000000001800055555555} bits: 0..264; refs: 0..0} CS{Cell{0042ea0000000000061a800000000001900000000000009c4000000001800055555555} bits: 0..264; refs: 0..0} (null) ] 0 (null) ]\n' +
          '[ 4][t 0][2024-10-30 23:27:05.541000][transaction.cpp:1675]\tstarting VM\n' +
          '[ 4][t 0][2024-10-30 23:27:05.541000][transaction.cpp:1680]\tVM terminated with exit code 0\n' +
          '[ 3][t 0][2024-10-30 23:27:05.541000][transaction.cpp:1702]\tsteps: 50 gas: used=1937, max=1000000, limit=1000000, credit=0\n' +
          '[ 3][t 0][2024-10-30 23:27:05.541000][transaction.cpp:1704]\tout_of_gas=false, accepted=true, success=true, time=0.000086s\n' +
          '[ 4][t 0][2024-10-30 23:27:05.541000][transaction.cpp:1737]\tgas fees: 774800 = 26214400 * 1937 /2^16 ; price=26214400; flat rate=[40000 for 100]; remaining balance=999999998177276ng\n' +
          '[ 4][t 0][2024-10-30 23:27:05.541000][transaction.cpp:2448]\tstorage paid for a message: 2 cells, 282 bits\n' +
          '[ 4][t 0][2024-10-30 23:27:05.541000][transaction.cpp:2452]\tcomputed fwd fees = 592800 + 0\n',
        vmLogs: 'ULLSWAPIFNOT2\n' +
          'execute DUP\n' +
          'execute PUSHCONT x02D307D43001FB00\n' +
          'execute PUSHCONT x32\n' +
          'execute IFELSE\n' +
          'execute POP s2\n' +
          'execute implicit RET\n' +
          'execute SWAP\n' +
          'execute NOT\n' +
          'execute implicit RET\n' +
          'until loop body end\n' +
          'until loop terminated\n' +
          'execute 2DROP\n' +
          'execute implicit RET\n',
        debugLogs: '',
        events: [ [Object] ],
        parent: undefined,
        children: [ [Object] ],
        externals: []
      },
      {
        address: 37254810366437813475271750514734067285117962570475561289538093995582013161784n,
        lt: 34000000n,
        prevTransactionHash: 69480649805069671924270413284291897576428724198241576965181885207249433377400n,
        prevTransactionLt: 25000000n,
        now: 1732922825,
        outMessagesCount: 1,
        oldStatus: 'active',
        endStatus: 'active',
        inMessage: {
          info: [Object],
          init: null,
          body: x{E9626FBA000000000000000000000000}
           x{03DF94AA22402625A00000001937A3FD9284_}
           x{03DF94AA23405F5E100000001937A3FD9284_}
        },
        outMessages: Dictionary { _key: [Object], _value: [Object], _map: [Map] },
        totalFees: { coins: 16763500n },
        stateUpdate: {
          oldHash: <Buffer 02 a2 bb 7d 93 19 9f 99 57 01 92 06 ce 44 96 21 ce c2 c2 4b bc d5 ee 77 1b 41 65 53 a3 68 45 1a>,
          newHash: <Buffer dd 53 e5 62 df 5f 6a 9e 17 2b 3d 65 58 7f 55 9b 5d 82 d7 39 12 94 92 01 86 df a4 b7 21 c8 5e a1>
        },
        description: {
          type: 'generic',
          creditFirst: false,
          storagePhase: [Object],
          creditPhase: [Object],
          computePhase: [Object],
          actionPhase: [Object],
          bouncePhase: undefined,
          aborted: false,
          destroyed: false
        },
        raw: x{7525D79B589F1D73B879432CD1A596C0F9C42CF460467BBB795DA5A20C021C138000000000206CC80999CA7781B73909502BB5AA911F9E70E4F1CDFCD241FC4C21B69B96959E7BA7800000000017D7840674A4DC9000347FF94D8}
         x{E_}
          x{6801D3E5E1B0970E52ABD4EA639AED542E118FE33D2F03FE072737A6B74A8FDC2C690014975E6D627C75CEE1E50CB346965B03E710B3D18119EEEDE57696883008704E10EE6B2800060C0F880000000003EF1482CE949B9274B137DD0000000000000000000000004_}
           x{03DF94AA22402625A00000001937A3FD9284_}
           x{03DF94AA23405F5E100000001937A3FD9284_}
          x{DF_}
           x{6800A4BAF36B13E3AE770F28659A34B2D81F38859E8C08CF776F2BB4B441804382710004962180C9C942539E711306AE590BF872FC6FD35DF6C970D1776F9EA3202F3510EA5359EC060C523200000000040D9902CE949B92C_}
            x{03DF94AA000000000000000022402625A00000001937A3FD92811A02FAF080000000C9BD1FEC942_}
             x{}
         x{7202A2BB7D93199F9957019206CE449621CEC2C24BBCD5EE771B416553A368451ADD53E562DF5F6A9E172B3D65587F559B5D82D7391294920186DFA4B721C85EA1}
         x{04DDDA39490EE6B2801870A9A011_}
          x{4AAA0C3D090000000000000000025500000000000000000000000000000000000000000000000000000000000000000000000000000000000000000000000000000000000000000000000000000000}
          x{C9849ED04C0C521C000000000004000200000003606387ECA4214F80E7526488142E0A04FD9F5F4192D360816138196CB7D69F4440D01FDC_},
        hash: [Function: hash],
        blockchainLogs: '[ 4][t 0][2024-10-30 23:27:05.544000][transaction.cpp:443]\tunpacking account 525D79B589F1D73B879432CD1A596C0F9C42CF460467BBB795DA5A20C021C138\n' +
          '[ 4][t 0][2024-10-30 23:27:05.544000][transaction.cpp:274]\tlast_paid=1730330825; cells=229 bits=83363 public_cells=0\n' +
          '[ 4][t 0][2024-10-30 23:27:05.544000][transaction.cpp:504]\tend of Account.unpack() for 0:525D79B589F1D73B879432CD1A596C0F9C42CF460467BBB795DA5A20C021C138 (balance = 1850000000ng ; last_trans_lt = 25000000..25000006)\n' +
          '[ 4][t 0][2024-10-30 23:27:05.544000][transaction.cpp:3655]\tblock random seed set to 0000000000000000000000000000000000000000000000000000000000000000\n' +
          '[ 4][t 0][2024-10-30 23:27:05.544000][transaction.cpp:1236]\tgas limits: max=1000000, limit=1000000, credit=0\n' +
          '[ 4][t 0][2024-10-30 23:27:05.544000][transaction.cpp:1575]\tin_msg_state is null\n' +
          '[ 4][t 0][2024-10-30 23:27:05.544000][transaction.cpp:1645]\tcreating VM\n' +
          '[ 4][t 0][2024-10-30 23:27:05.544000][transaction.cpp:1351]\tSmartContractInfo initialized with [ 124711402 0 0 1732922825 34000000 34000000 14068792954309835536948273256715513127174070948738620016199408580766834334284 [ 2842174363 (null) ] CS{Cell{0271c00525d79b589f1d73b879432cd1a596c0f9c42cf460467bbb795da5a20c021c1383cac05168c3391606480000000005f5e1191b9130a01340} bits: 1..268; refs: 0..0} C{A7EC01478F770EF8F8B037CC7E42F0ABF0D85A50E1828C2394DAD1411691F2DE} C{42B6F0E46484EFC57B9508F6BA7EF42E7512023D5CB4ED5628DD1C7755D16E9D} [ 1000000000 (null) ] 7825637 (null) [ CS{Cell{004dd06600000000000000000000000080000000000000fa00000000000001f4000000000003d09040} bits: 9..305; refs: 0..0} (null) CS{Cell{0094d1000000000000006400000000000f4240de000000002710000000000000000f42400000000002160ec0000000000000271000000000002625a00000000005f5e100000000003b9aca00} bits: 0..592; refs: 0..0} CS{Cell{0094d100000000000000640000000000009c40de000000000190000000000000000f424000000000000f4240000000000000271000000000009896800000000005f5e100000000003b9aca00} bits: 0..592; refs: 0..0} CS{Cell{0042ea000000000098968000000000271000000000000f424000000001800055555555} bits: 0..264; refs: 0..0} CS{Cell{0042ea0000000000061a800000000001900000000000009c4000000001800055555555} bits: 0..264; refs: 0..0} (null) ] 0 (null) ]\n' +
          '[ 4][t 0][2024-10-30 23:27:05.544000][transaction.cpp:1675]\tstarting VM\n' +
          '[ 4][t 0][2024-10-30 23:27:05.545000][transaction.cpp:1680]\tVM terminated with exit code 0\n' +
          '[ 3][t 0][2024-10-30 23:27:05.545000][transaction.cpp:1702]\tsteps: 597 gas: used=21840, max=1000000, limit=1000000, credit=0\n' +
          '[ 3][t 0][2024-10-30 23:27:05.545000][transaction.cpp:1704]\tout_of_gas=false, accepted=true, success=true, time=0.000707s\n' +
          '[ 4][t 0][2024-10-30 23:27:05.545000][transaction.cpp:1737]\tgas fees: 8736000 = 26214400 * 21840 /2^16 ; price=26214400; flat rate=[40000 for 100]; remaining balance=2833438363ng\n' +
          '[ 3][t 0][2024-10-30 23:27:05.545000][transaction.cpp:2678]\tin try_action_reserve_currency(0)\n' +
          '[ 4][t 0][2024-10-30 23:27:05.545000][transaction.cpp:2684]\taction_reserve_currency: mode=0, reserve=1850000000ng, balance=2833438363ng, original balance=1842174363ng\n' +
          '[ 3][t 0][2024-10-30 23:27:05.545000][transaction.cpp:2729]\tchanged remaining balance to 983438363ng, reserved balance to 1850000000ng\n' +
          '[ 4][t 0][2024-10-30 23:27:05.545000][transaction.cpp:2448]\tstorage paid for a message: 2 cells, 314 bits\n' +
          '[ 4][t 0][2024-10-30 23:27:05.545000][transaction.cpp:2452]\tcomputed fwd fees = 605600 + 0\n',
        vmLogs: 'xecute EQUAL\n' +
          'execute THROWIF 137\n' +
          'execute PUSHPOW2 10\n' +
          'execute EQUAL\n' +
          'execute THROWIFNOT 136\n' +
          'execute STSLICER\n' +
          'execute ENDC\n' +
          'execute ROT\n' +
          'execute STREF\n' +
          'execute ENDC\n' +
          'execute SWAP\n' +
          'execute STREF\n' +
          'execute implicit RET\n' +
          'execute ENDC\n' +
          'execute POP c4\n' +
          'execute implicit RET\n',
        debugLogs: '',
        events: [ [Object] ],
        parent: {
          address: 105818132960003171416304597453717637701794574747475969910003481004036112389684n,
          lt: 33000000n,
          prevTransactionHash: 108251675505337730248370721045187644784949660711208605727360775071407748914600n,
          prevTransactionLt: 9000000n,
          now: 1732922825,
          outMessagesCount: 1,
          oldStatus: 'active',
          endStatus: 'active',
          inMessage: [Object],
          outMessages: [Dictionary],
          totalFees: [Object],
          stateUpdate: [Object],
          description: [Object],
          raw: x{7E9F2F0D84B872955EA7531CD76AA1708C7F19E9781FF03939BD35BA547EE16340000000001F78A40EF5446EE10F0E64D771D16BBE79D3ECD3AD02238A847F103424FFDA7186F9DA80000000000895440674A4DC90003463DA7C0}
           x{E_}
            x{8801D3E5E1B0970E52ABD4EA639AED542E118FE33D2F03FE072737A6B74A8FDC2C6802BC9BC768926A23A5756414E09C5AACC5A8B467BCFE982B187D2EAA14C93B224E_}
             x{D001}
              x{6200292EBCDAC4F8EB9DC3CA19668D2CB607CE2167A30233DDDBCAED2D106010E09C21DCD6500000000000000000000000000000E9626FBA000000000000000000000000}
               x{03DF94AA22402625A00000001937A3FD9284_}
               x{03DF94AA23405F5E100000001937A3FD9284_}
            x{DF_}
             x{6801D3E5E1B0970E52ABD4EA639AED542E118FE33D2F03FE072737A6B74A8FDC2C690014975E6D627C75CEE1E50CB346965B03E710B3D18119EEEDE57696883008704E10EE6B2800060C0F880000000003EF1482CE949B9274B137DD0000000000000000000000004_}
              x{03DF94AA22402625A00000001937A3FD9284_}
              x{03DF94AA23405F5E100000001937A3FD9284_}
           x{724DD80EDCBA7A076E50DBA58DFEAC616F0C4A765343D779AAB58DCA489D10E67CFE751BE109E1D77F92B2F34A946FA28E41E096C953FB9174919D0668368FE433}
           x{0CC0939506185E94844_}
            x{40F223138800000000000000000C800000000000000000000000000000000000000000000000000000000000000000000000000000000000000000000000000000000000000000000000000000002_}
            x{C98485D04C0C0F700000000000020000000000036AE77DA35151A63149566615E996D86CC4D517F6575E2AB8782110141609DEF040D022DC_},
          hash: [Function: hash],
          blockchainLogs: '[ 4][t 0][2024-10-30 23:27:05.541000][transaction.cpp:443]\tunpacking account E9F2F0D84B872955EA7531CD76AA1708C7F19E9781FF03939BD35BA547EE1634\n' +
            '[ 4][t 0][2024-10-30 23:27:05.541000][transaction.cpp:274]\tlast_paid=1730330825; cells=6 bits=821 public_cells=0\n' +
            '[ 4][t 0][2024-10-30 23:27:05.541000][transaction.cpp:504]\tend of Account.unpack() for 0:E9F2F0D84B872955EA7531CD76AA1708C7F19E9781FF03939BD35BA547EE1634 (balance = 1000000000000000ng ; last_trans_lt = 9000000..9000001)\n' +
            '[ 4][t 0][2024-10-30 23:27:05.541000][transaction.cpp:3655]\tblock random seed set to 0000000000000000000000000000000000000000000000000000000000000000\n' +
            '[ 4][t 0][2024-10-30 23:27:05.541000][transaction.cpp:788]\tstorage paid for a message: 4 cells, 842 bits\n' +
            '[ 4][t 0][2024-10-30 23:27:05.541000][transaction.cpp:802]\tcomputed fwd fees = 896800 + 0\n' +
            '[ 4][t 0][2024-10-30 23:27:05.541000][transaction.cpp:1236]\tgas limits: max=1000000, limit=0, credit=10000\n' +
            '[ 4][t 0][2024-10-30 23:27:05.541000][transaction.cpp:1575]\tin_msg_state is null\n' +
            '[ 4][t 0][2024-10-30 23:27:05.541000][transaction.cpp:1645]\tcreating VM\n' +
            '[ 4][t 0][2024-10-30 23:27:05.541000][transaction.cpp:1351]\tSmartContractInfo initialized with [ 124711402 0 0 1732922825 33000000 33000000 60210483465141978598827679003117970236339845468170532052053411751718225576024 [ 999999998952076 (null) ] CS{Cell{0275c00e9f2f0d84b872955ea7531cd76aa1708c7f19e9781ff03939bd35ba547ee163420c80cd43391606480000000002255105c0e35fa931a0001340} bits: 1..268; refs: 0..0} C{A7EC01478F770EF8F8B037CC7E42F0ABF0D85A50E1828C2394DAD1411691F2DE} C{D992502B94EA96E7B34E5D62FFB0C6FC73D78B3E61F11F0848FB3A1EB1AFC912} [ 0 (null) ] 151124 (null) [ CS{Cell{004dd06600000000000000000000000080000000000000fa00000000000001f4000000000003d09040} bits: 9..305; refs: 0..0} (null) CS{Cell{0094d1000000000000006400000000000f4240de000000002710000000000000000f42400000000002160ec0000000000000271000000000002625a00000000005f5e100000000003b9aca00} bits: 0..592; refs: 0..0} CS{Cell{0094d100000000000000640000000000009c40de000000000190000000000000000f424000000000000f4240000000000000271000000000009896800000000005f5e100000000003b9aca00} bits: 0..592; refs: 0..0} CS{Cell{0042ea000000000098968000000000271000000000000f424000000001800055555555} bits: 0..264; refs: 0..0} CS{Cell{0042ea0000000000061a800000000001900000000000009c4000000001800055555555} bits: 0..264; refs: 0..0} (null) ] 0 (null) ]\n' +
            '[ 4][t 0][2024-10-30 23:27:05.541000][transaction.cpp:1675]\tstarting VM\n' +
            '[ 4][t 0][2024-10-30 23:27:05.541000][transaction.cpp:1680]\tVM terminated with exit code 0\n' +
            '[ 3][t 0][2024-10-30 23:27:05.541000][transaction.cpp:1702]\tsteps: 50 gas: used=1937, max=1000000, limit=1000000, credit=0\n' +
            '[ 3][t 0][2024-10-30 23:27:05.541000][transaction.cpp:1704]\tout_of_gas=false, accepted=true, success=true, time=0.000086s\n' +
            '[ 4][t 0][2024-10-30 23:27:05.541000][transaction.cpp:1737]\tgas fees: 774800 = 26214400 * 1937 /2^16 ; price=26214400; flat rate=[40000 for 100]; remaining balance=999999998177276ng\n' +
            '[ 4][t 0][2024-10-30 23:27:05.541000][transaction.cpp:2448]\tstorage paid for a message: 2 cells, 282 bits\n' +
            '[ 4][t 0][2024-10-30 23:27:05.541000][transaction.cpp:2452]\tcomputed fwd fees = 592800 + 0\n',
          vmLogs: 'ULLSWAPIFNOT2\n' +
            'execute DUP\n' +
            'execute PUSHCONT x02D307D43001FB00\n' +
            'execute PUSHCONT x32\n' +
            'execute IFELSE\n' +
            'execute POP s2\n' +
            'execute implicit RET\n' +
            'execute SWAP\n' +
            'execute NOT\n' +
            'execute implicit RET\n' +
            'until loop body end\n' +
            'until loop terminated\n' +
            'execute 2DROP\n' +
            'execute implicit RET\n',
          debugLogs: '',
          events: [Array],
          parent: undefined,
          children: [Array],
          externals: []
        },
        children: [ [Object] ],
        externals: []
      },
      {
        address: 8298038735212017995993598744482915721429218553349686891340117237129977838804n,
        lt: 35000000n,
        prevTransactionHash: 3245900294898212690004542078312779345470726275337707280083916147157018444699n,
        prevTransactionLt: 22000000n,
        now: 1732922825,
        outMessagesCount: 1,
        oldStatus: 'active',
        endStatus: 'active',
        inMessage: {
          info: [Object],
          init: null,
          body: x{03DF94AA000000000000000022402625A00000001937A3FD92811A02FAF080000000C9BD1FEC942_}
           x{}
        },
        outMessages: Dictionary { _key: [Object], _value: [Object], _map: [Map] },
        totalFees: { coins: 3697061n },
        stateUpdate: {
          oldHash: <Buffer 0f 67 d9 9d 6f aa 2b 1b 35 af d4 a4 f6 f1 94 95 62 0b f4 f1 25 00 76 ff 20 1a 44 9c 13 7c 1a 51>,
          newHash: <Buffer d9 f6 22 25 ad 20 49 42 fd 61 2b 2e 30 24 5c 55 b3 d4 0b 44 6a 27 af 6b 26 d1 76 86 11 aa 4f 63>
        },
        description: {
          type: 'generic',
          creditFirst: false,
          storagePhase: [Object],
          creditPhase: [Object],
          computePhase: [Object],
          actionPhase: [Object],
          bouncePhase: undefined,
          aborted: false,
          destroyed: false
        },
        raw: x{7125886032725094E79C44C1AB9642FE1CBF1BF4D77DB25C345DDBE7A8C80BCD40000000002160EC0072D1D4D62300C48FCB7A063D6C33AF0108DC235BFB96DFE3D5606F6CF7D839B00000000014FB180674A4DC900034670D34A}
         x{E_}
          x{6800A4BAF36B13E3AE770F28659A34B2D81F38859E8C08CF776F2BB4B441804382710004962180C9C942539E711306AE590BF872FC6FD35DF6C970D1776F9EA3202F3510EA5359EC060C523200000000040D9902CE949B9201EFCA55000000000000000011201312D00000000C9BD1FEC9408D017D784000000064DE8FF64A1_}
           x{}
          x{DF_}
           x{680024B10C064E4A129CF388983572C85FC397E37E9AEFB64B868BBB7CF5190179A90014975E6D627C75CEE1E50CB346965B03E710B3D18119EEEDE57696883008704E10E948BFEC061479B600000000042C1D82CE949B92C_}
            x{935FA9D10000000000000000}
             x{00000000000000000000000000000000000000000000000000000000000000220000000000000000000000000000000000000000000000000000000002625A0001937A3FD928}
             x{00000000000000000000000000000000000000000000000000000000000000230000000000000000000000000000000000000000000000000000000005F5E10001937A3FD928}
         x{720F67D99D6FAA2B1B35AFD4A4F6F19495620BF4F1250076FF201A449C137C1A51D9F62225AD204942FD612B2E30245C55B3D40B446A27AF6B26D1768611AA4F63}
         x{04260E383890EA5359ED866696811_}
          x{441A8C3D09000000000000000000D800000000000000000000000000000000000000000000000000000000000000000000000000000000000000000000000000000000000000000000000000000000}
          x{C987ADA04C1479940000000000020000000000026573B452384D4048701C0CFFAA3F29CD33753212B35FFEFC4E45A6635414B06E41103C0C_},
        hash: [Function: hash],
        blockchainLogs: '[ 4][t 0][2024-10-30 23:27:05.547000][transaction.cpp:443]\tunpacking account 125886032725094E79C44C1AB9642FE1CBF1BF4D77DB25C345DDBE7A8C80BCD4\n' +
          '[ 4][t 0][2024-10-30 23:27:05.547000][transaction.cpp:274]\tlast_paid=1730330825; cells=15 bits=4281 public_cells=0\n' +
          '[ 4][t 0][2024-10-30 23:27:05.547000][transaction.cpp:504]\tend of Account.unpack() for 0:125886032725094E79C44C1AB9642FE1CBF1BF4D77DB25C345DDBE7A8C80BCD4 (balance = 0ng ; last_trans_lt = 22000000..22000002)\n' +
          '[ 4][t 0][2024-10-30 23:27:05.547000][transaction.cpp:3655]\tblock random seed set to 0000000000000000000000000000000000000000000000000000000000000000\n' +
          '[ 4][t 0][2024-10-30 23:27:05.547000][transaction.cpp:1236]\tgas limits: max=1000000, limit=1000000, credit=0\n' +
          '[ 4][t 0][2024-10-30 23:27:05.547000][transaction.cpp:1575]\tin_msg_state is null\n' +
          '[ 4][t 0][2024-10-30 23:27:05.547000][transaction.cpp:1645]\tcreating VM\n' +
          '[ 4][t 0][2024-10-30 23:27:05.548000][transaction.cpp:1351]\tSmartContractInfo initialized with [ 124711402 0 0 1732922825 35000000 35000000 82439665744655549942718375299244058949366754266342087607225540301749132006686 [ 982832763 (null) ] CS{Cell{0267c00125886032725094e79c44c1ab9642fe1cbf1bf4d77db25c345ddbe7a8c80bcd421e842e433916064800000000053ec6081340} bits: 1..268; refs: 0..0} C{A7EC01478F770EF8F8B037CC7E42F0ABF0D85A50E1828C2394DAD1411691F2DE} C{BF31B32BE5ACBAACCE8B48CCEB4C84B86023EA1F188E974030A4F420D26CF50F} [ 982832763 (null) ] 0 (null) [ CS{Cell{004dd06600000000000000000000000080000000000000fa00000000000001f4000000000003d09040} bits: 9..305; refs: 0..0} (null) CS{Cell{0094d1000000000000006400000000000f4240de000000002710000000000000000f42400000000002160ec0000000000000271000000000002625a00000000005f5e100000000003b9aca00} bits: 0..592; refs: 0..0} CS{Cell{0094d100000000000000640000000000009c40de000000000190000000000000000f424000000000000f4240000000000000271000000000009896800000000005f5e100000000003b9aca00} bits: 0..592; refs: 0..0} CS{Cell{0042ea000000000098968000000000271000000000000f424000000001800055555555} bits: 0..264; refs: 0..0} CS{Cell{0042ea0000000000061a800000000001900000000000009c4000000001800055555555} bits: 0..264; refs: 0..0} (null) ] 465948 (null) ]\n' +
          '[ 4][t 0][2024-10-30 23:27:05.548000][transaction.cpp:1675]\tstarting VM\n' +
          '[ 4][t 0][2024-10-30 23:27:05.548000][transaction.cpp:1680]\tVM terminated with exit code 0\n' +
          '[ 3][t 0][2024-10-30 23:27:05.548000][transaction.cpp:1702]\tsteps: 216 gas: used=8404, max=1000000, limit=1000000, credit=0\n' +
          '[ 3][t 0][2024-10-30 23:27:05.548000][transaction.cpp:1704]\tout_of_gas=false, accepted=true, success=true, time=0.000283s\n' +
          '[ 4][t 0][2024-10-30 23:27:05.548000][transaction.cpp:1737]\tgas fees: 3361600 = 26214400 * 8404 /2^16 ; price=26214400; flat rate=[40000 for 100]; remaining balance=979471163ng\n' +
          '[ 4][t 0][2024-10-30 23:27:05.548000][transaction.cpp:2448]\tstorage paid for a message: 3 cells, 1216 bits\n' +
          '[ 4][t 0][2024-10-30 23:27:05.548000][transaction.cpp:2452]\tcomputed fwd fees = 1006400 + 0\n',
        vmLogs: 'xecute PUSHINT -1\n' +
          'execute implicit RET\n' +
          'execute THROWIFNOT 130\n' +
          'execute NEWC\n' +
          'execute GETGLOB 3\n' +
          'execute SWAP\n' +
          'execute STREF\n' +
          'execute PUSHINT -1\n' +
          'execute SWAP\n' +
          'execute STI 1\n' +
          'execute SWAP\n' +
          'execute SWAP\n' +
          'execute STU 32\n' +
          'execute ENDC\n' +
          'execute POP c4\n' +
          'execute implicit RET\n',
        debugLogs: '',
        events: [ [Object] ],
        parent: {
          address: 37254810366437813475271750514734067285117962570475561289538093995582013161784n,
          lt: 34000000n,
          prevTransactionHash: 69480649805069671924270413284291897576428724198241576965181885207249433377400n,
          prevTransactionLt: 25000000n,
          now: 1732922825,
          outMessagesCount: 1,
          oldStatus: 'active',
          endStatus: 'active',
          inMessage: [Object],
          outMessages: [Dictionary],
          totalFees: [Object],
          stateUpdate: [Object],
          description: [Object],
          raw: x{7525D79B589F1D73B879432CD1A596C0F9C42CF460467BBB795DA5A20C021C138000000000206CC80999CA7781B73909502BB5AA911F9E70E4F1CDFCD241FC4C21B69B96959E7BA7800000000017D7840674A4DC9000347FF94D8}
           x{E_}
            x{6801D3E5E1B0970E52ABD4EA639AED542E118FE33D2F03FE072737A6B74A8FDC2C690014975E6D627C75CEE1E50CB346965B03E710B3D18119EEEDE57696883008704E10EE6B2800060C0F880000000003EF1482CE949B9274B137DD0000000000000000000000004_}
             x{03DF94AA22402625A00000001937A3FD9284_}
             x{03DF94AA23405F5E100000001937A3FD9284_}
            x{DF_}
             x{6800A4BAF36B13E3AE770F28659A34B2D81F38859E8C08CF776F2BB4B441804382710004962180C9C942539E711306AE590BF872FC6FD35DF6C970D1776F9EA3202F3510EA5359EC060C523200000000040D9902CE949B92C_}
              x{03DF94AA000000000000000022402625A00000001937A3FD92811A02FAF080000000C9BD1FEC942_}
               x{}
           x{7202A2BB7D93199F9957019206CE449621CEC2C24BBCD5EE771B416553A368451ADD53E562DF5F6A9E172B3D65587F559B5D82D7391294920186DFA4B721C85EA1}
           x{04DDDA39490EE6B2801870A9A011_}
            x{4AAA0C3D090000000000000000025500000000000000000000000000000000000000000000000000000000000000000000000000000000000000000000000000000000000000000000000000000000}
            x{C9849ED04C0C521C000000000004000200000003606387ECA4214F80E7526488142E0A04FD9F5F4192D360816138196CB7D69F4440D01FDC_},
          hash: [Function: hash],
          blockchainLogs: '[ 4][t 0][2024-10-30 23:27:05.544000][transaction.cpp:443]\tunpacking account 525D79B589F1D73B879432CD1A596C0F9C42CF460467BBB795DA5A20C021C138\n' +
            '[ 4][t 0][2024-10-30 23:27:05.544000][transaction.cpp:274]\tlast_paid=1730330825; cells=229 bits=83363 public_cells=0\n' +
            '[ 4][t 0][2024-10-30 23:27:05.544000][transaction.cpp:504]\tend of Account.unpack() for 0:525D79B589F1D73B879432CD1A596C0F9C42CF460467BBB795DA5A20C021C138 (balance = 1850000000ng ; last_trans_lt = 25000000..25000006)\n' +
            '[ 4][t 0][2024-10-30 23:27:05.544000][transaction.cpp:3655]\tblock random seed set to 0000000000000000000000000000000000000000000000000000000000000000\n' +
            '[ 4][t 0][2024-10-30 23:27:05.544000][transaction.cpp:1236]\tgas limits: max=1000000, limit=1000000, credit=0\n' +
            '[ 4][t 0][2024-10-30 23:27:05.544000][transaction.cpp:1575]\tin_msg_state is null\n' +
            '[ 4][t 0][2024-10-30 23:27:05.544000][transaction.cpp:1645]\tcreating VM\n' +
            '[ 4][t 0][2024-10-30 23:27:05.544000][transaction.cpp:1351]\tSmartContractInfo initialized with [ 124711402 0 0 1732922825 34000000 34000000 14068792954309835536948273256715513127174070948738620016199408580766834334284 [ 2842174363 (null) ] CS{Cell{0271c00525d79b589f1d73b879432cd1a596c0f9c42cf460467bbb795da5a20c021c1383cac05168c3391606480000000005f5e1191b9130a01340} bits: 1..268; refs: 0..0} C{A7EC01478F770EF8F8B037CC7E42F0ABF0D85A50E1828C2394DAD1411691F2DE} C{42B6F0E46484EFC57B9508F6BA7EF42E7512023D5CB4ED5628DD1C7755D16E9D} [ 1000000000 (null) ] 7825637 (null) [ CS{Cell{004dd06600000000000000000000000080000000000000fa00000000000001f4000000000003d09040} bits: 9..305; refs: 0..0} (null) CS{Cell{0094d1000000000000006400000000000f4240de000000002710000000000000000f42400000000002160ec0000000000000271000000000002625a00000000005f5e100000000003b9aca00} bits: 0..592; refs: 0..0} CS{Cell{0094d100000000000000640000000000009c40de000000000190000000000000000f424000000000000f4240000000000000271000000000009896800000000005f5e100000000003b9aca00} bits: 0..592; refs: 0..0} CS{Cell{0042ea000000000098968000000000271000000000000f424000000001800055555555} bits: 0..264; refs: 0..0} CS{Cell{0042ea0000000000061a800000000001900000000000009c4000000001800055555555} bits: 0..264; refs: 0..0} (null) ] 0 (null) ]\n' +
            '[ 4][t 0][2024-10-30 23:27:05.544000][transaction.cpp:1675]\tstarting VM\n' +
            '[ 4][t 0][2024-10-30 23:27:05.545000][transaction.cpp:1680]\tVM terminated with exit code 0\n' +
            '[ 3][t 0][2024-10-30 23:27:05.545000][transaction.cpp:1702]\tsteps: 597 gas: used=21840, max=1000000, limit=1000000, credit=0\n' +
            '[ 3][t 0][2024-10-30 23:27:05.545000][transaction.cpp:1704]\tout_of_gas=false, accepted=true, success=true, time=0.000707s\n' +
            '[ 4][t 0][2024-10-30 23:27:05.545000][transaction.cpp:1737]\tgas fees: 8736000 = 26214400 * 21840 /2^16 ; price=26214400; flat rate=[40000 for 100]; remaining balance=2833438363ng\n' +
            '[ 3][t 0][2024-10-30 23:27:05.545000][transaction.cpp:2678]\tin try_action_reserve_currency(0)\n' +
            '[ 4][t 0][2024-10-30 23:27:05.545000][transaction.cpp:2684]\taction_reserve_currency: mode=0, reserve=1850000000ng, balance=2833438363ng, original balance=1842174363ng\n' +
            '[ 3][t 0][2024-10-30 23:27:05.545000][transaction.cpp:2729]\tchanged remaining balance to 983438363ng, reserved balance to 1850000000ng\n' +
            '[ 4][t 0][2024-10-30 23:27:05.545000][transaction.cpp:2448]\tstorage paid for a message: 2 cells, 314 bits\n' +
            '[ 4][t 0][2024-10-30 23:27:05.545000][transaction.cpp:2452]\tcomputed fwd fees = 605600 + 0\n',
          vmLogs: 'xecute EQUAL\n' +
            'execute THROWIF 137\n' +
            'execute PUSHPOW2 10\n' +
            'execute EQUAL\n' +
            'execute THROWIFNOT 136\n' +
            'execute STSLICER\n' +
            'execute ENDC\n' +
            'execute ROT\n' +
            'execute STREF\n' +
            'execute ENDC\n' +
            'execute SWAP\n' +
            'execute STREF\n' +
            'execute implicit RET\n' +
            'execute ENDC\n' +
            'execute POP c4\n' +
            'execute implicit RET\n',
          debugLogs: '',
          events: [Array],
          parent: [Object],
          children: [Array],
          externals: []
        },
        children: [ [Object] ],
        externals: []
      },
      {
        address: 37254810366437813475271750514734067285117962570475561289538093995582013161784n,
        lt: 36000000n,
        prevTransactionHash: 40981676244395147759382324275349022782239171302645333474325705565889205415520n,
        prevTransactionLt: 34000000n,
        now: 1732922825,
        outMessagesCount: 1,
        oldStatus: 'active',
        endStatus: 'active',
        inMessage: {
          info: [Object],
          init: null,
          body: x{935FA9D10000000000000000}
           x{00000000000000000000000000000000000000000000000000000000000000220000000000000000000000000000000000000000000000000000000002625A0001937A3FD928}
           x{00000000000000000000000000000000000000000000000000000000000000230000000000000000000000000000000000000000000000000000000005F5E10001937A3FD928}
        },
        outMessages: Dictionary { _key: [Object], _value: [Object], _map: [Map] },
        totalFees: { coins: 12012664n },
        stateUpdate: {
          oldHash: <Buffer dd 53 e5 62 df 5f 6a 9e 17 2b 3d 65 58 7f 55 9b 5d 82 d7 39 12 94 92 01 86 df a4 b7 21 c8 5e a1>,
          newHash: <Buffer 03 5b 75 ee dd 77 fd 62 31 0c 45 ab 5b b2 bf 9f 3b 1c ab 3d 12 af 27 1a cd fe 22 b0 05 4b 0f ed>
        },
        description: {
          type: 'generic',
          creditFirst: false,
          storagePhase: [Object],
          creditPhase: [Object],
          computePhase: [Object],
          actionPhase: [Object],
          bouncePhase: undefined,
          aborted: false,
          destroyed: false
        },
        raw: x{7525D79B589F1D73B879432CD1A596C0F9C42CF460467BBB795DA5A20C021C13800000000022551005A9ACE87E972FA13D0B2B43EC5B07CBCBC0876CA71503040E6F2F6664AECAE60000000000206CC80674A4DC90003476E98F0}
         x{E_}
          x{680024B10C064E4A129CF388983572C85FC397E37E9AEFB64B868BBB7CF5190179A90014975E6D627C75CEE1E50CB346965B03E710B3D18119EEEDE57696883008704E10E948BFEC061479B600000000042C1D82CE949B9249AFD4E880000000000000004_}
           x{00000000000000000000000000000000000000000000000000000000000000220000000000000000000000000000000000000000000000000000000002625A0001937A3FD928}
           x{00000000000000000000000000000000000000000000000000000000000000230000000000000000000000000000000000000000000000000000000005F5E10001937A3FD928}
          x{DF_}
           x{6800A4BAF36B13E3AE770F28659A34B2D81F38859E8C08CF776F2BB4B44180438271002E74930F029149EC08380972A5584C717AD4204A4455F097F5E5877CB40E86DA90E65816AC0609BBB000000000044AA202CE949B92C_}
            x{E601F8E50000000000000000}
         x{72DD53E562DF5F6A9E172B3D65587F559B5D82D7391294920186DFA4B721C85EA1035B75EEDD77FD62310C45AB5BB2BF9F3B1CAB3D12AF271ACDFE22B0054B0FED}
         x{04090E948BFED8769BB211_}
          x{4E782C3D090000000000000000031700000000000000000000000000000000000000000000000000000000000000000000000000000000000000000000000000000000000000000000000000000000}
          x{C983A6604C09BBA0000000000004000200000002B8BE26321011B5FEBF14409C8BC4EAF2FCBDEF9F171E5A1A8D69F076C5267DC04090190C_},
        hash: [Function: hash],
        blockchainLogs: '[ 4][t 0][2024-10-30 23:27:05.550000][transaction.cpp:443]\tunpacking account 525D79B589F1D73B879432CD1A596C0F9C42CF460467BBB795DA5A20C021C138\n' +
          '[ 4][t 0][2024-10-30 23:27:05.550000][transaction.cpp:274]\tlast_paid=1732922825; cells=232 bits=83682 public_cells=0\n' +
          '[ 4][t 0][2024-10-30 23:27:05.550000][transaction.cpp:504]\tend of Account.unpack() for 0:525D79B589F1D73B879432CD1A596C0F9C42CF460467BBB795DA5A20C021C138 (balance = 1850000000ng ; last_trans_lt = 34000000..34000002)\n' +
          '[ 4][t 0][2024-10-30 23:27:05.551000][transaction.cpp:3655]\tblock random seed set to 0000000000000000000000000000000000000000000000000000000000000000\n' +
          '[ 4][t 0][2024-10-30 23:27:05.551000][transaction.cpp:1236]\tgas limits: max=1000000, limit=1000000, credit=0\n' +
          '[ 4][t 0][2024-10-30 23:27:05.551000][transaction.cpp:1575]\tin_msg_state is null\n' +
          '[ 4][t 0][2024-10-30 23:27:05.551000][transaction.cpp:1645]\tcreating VM\n' +
          '[ 4][t 0][2024-10-30 23:27:05.551000][transaction.cpp:1351]\tSmartContractInfo initialized with [ 124711402 0 0 1732922825 36000000 36000000 14068792954309835536948273256715513127174070948738620016199408580766834334284 [ 2828464763 (null) ] CS{Cell{0271c00525d79b589f1d73b879432cd1a596c0f9c42cf460467bbb795da5a20c021c1383d0c051b8833a526e4800000000081b32091b9130a01340} bits: 1..268; refs: 0..0} C{A7EC01478F770EF8F8B037CC7E42F0ABF0D85A50E1828C2394DAD1411691F2DE} C{42B6F0E46484EFC57B9508F6BA7EF42E7512023D5CB4ED5628DD1C7755D16E9D} [ 978464763 (null) ] 0 (null) [ CS{Cell{004dd06600000000000000000000000080000000000000fa00000000000001f4000000000003d09040} bits: 9..305; refs: 0..0} (null) CS{Cell{0094d1000000000000006400000000000f4240de000000002710000000000000000f42400000000002160ec0000000000000271000000000002625a00000000005f5e100000000003b9aca00} bits: 0..592; refs: 0..0} CS{Cell{0094d100000000000000640000000000009c40de000000000190000000000000000f424000000000000f4240000000000000271000000000009896800000000005f5e100000000003b9aca00} bits: 0..592; refs: 0..0} CS{Cell{0042ea000000000098968000000000271000000000000f424000000001800055555555} bits: 0..264; refs: 0..0} CS{Cell{0042ea0000000000061a800000000001900000000000009c4000000001800055555555} bits: 0..264; refs: 0..0} (null) ] 0 (null) ]\n' +
          '[ 4][t 0][2024-10-30 23:27:05.551000][transaction.cpp:1675]\tstarting VM\n' +
          '[ 4][t 0][2024-10-30 23:27:05.552000][transaction.cpp:1680]\tVM terminated with exit code 0\n' +
          '[ 3][t 0][2024-10-30 23:27:05.552000][transaction.cpp:1702]\tsteps: 791 gas: used=29633, max=1000000, limit=1000000, credit=0\n' +
          '[ 3][t 0][2024-10-30 23:27:05.552000][transaction.cpp:1704]\tout_of_gas=false, accepted=true, success=true, time=0.000923s\n' +
          '[ 4][t 0][2024-10-30 23:27:05.552000][transaction.cpp:1737]\tgas fees: 11853200 = 26214400 * 29633 /2^16 ; price=26214400; flat rate=[40000 for 100]; remaining balance=2816611563ng\n' +
          '[ 3][t 0][2024-10-30 23:27:05.552000][transaction.cpp:2678]\tin try_action_reserve_currency(0)\n' +
          '[ 4][t 0][2024-10-30 23:27:05.552000][transaction.cpp:2684]\taction_reserve_currency: mode=0, reserve=1850000000ng, balance=2816611563ng, original balance=1850000000ng\n' +
          '[ 3][t 0][2024-10-30 23:27:05.552000][transaction.cpp:2729]\tchanged remaining balance to 966611563ng, reserved balance to 1850000000ng\n' +
          '[ 4][t 0][2024-10-30 23:27:05.552000][transaction.cpp:2448]\tstorage paid for a message: 1 cells, 96 bits\n' +
          '[ 4][t 0][2024-10-30 23:27:05.552000][transaction.cpp:2452]\tcomputed fwd fees = 478400 + 0\n',
        vmLogs: 'xecute EQUAL\n' +
          'execute THROWIF 137\n' +
          'execute PUSHPOW2 10\n' +
          'execute EQUAL\n' +
          'execute THROWIFNOT 136\n' +
          'execute STSLICER\n' +
          'execute ENDC\n' +
          'execute ROT\n' +
          'execute STREF\n' +
          'execute ENDC\n' +
          'execute SWAP\n' +
          'execute STREF\n' +
          'execute implicit RET\n' +
          'execute ENDC\n' +
          'execute POP c4\n' +
          'execute implicit RET\n',
        debugLogs: '',
        events: [ [Object] ],
        parent: {
          address: 8298038735212017995993598744482915721429218553349686891340117237129977838804n,
          lt: 35000000n,
          prevTransactionHash: 3245900294898212690004542078312779345470726275337707280083916147157018444699n,
          prevTransactionLt: 22000000n,
          now: 1732922825,
          outMessagesCount: 1,
          oldStatus: 'active',
          endStatus: 'active',
          inMessage: [Object],
          outMessages: [Dictionary],
          totalFees: [Object],
          stateUpdate: [Object],
          description: [Object],
          raw: x{7125886032725094E79C44C1AB9642FE1CBF1BF4D77DB25C345DDBE7A8C80BCD40000000002160EC0072D1D4D62300C48FCB7A063D6C33AF0108DC235BFB96DFE3D5606F6CF7D839B00000000014FB180674A4DC900034670D34A}
           x{E_}
            x{6800A4BAF36B13E3AE770F28659A34B2D81F38859E8C08CF776F2BB4B441804382710004962180C9C942539E711306AE590BF872FC6FD35DF6C970D1776F9EA3202F3510EA5359EC060C523200000000040D9902CE949B9201EFCA55000000000000000011201312D00000000C9BD1FEC9408D017D784000000064DE8FF64A1_}
             x{}
            x{DF_}
             x{680024B10C064E4A129CF388983572C85FC397E37E9AEFB64B868BBB7CF5190179A90014975E6D627C75CEE1E50CB346965B03E710B3D18119EEEDE57696883008704E10E948BFEC061479B600000000042C1D82CE949B92C_}
              x{935FA9D10000000000000000}
               x{00000000000000000000000000000000000000000000000000000000000000220000000000000000000000000000000000000000000000000000000002625A0001937A3FD928}
               x{00000000000000000000000000000000000000000000000000000000000000230000000000000000000000000000000000000000000000000000000005F5E10001937A3FD928}
           x{720F67D99D6FAA2B1B35AFD4A4F6F19495620BF4F1250076FF201A449C137C1A51D9F62225AD204942FD612B2E30245C55B3D40B446A27AF6B26D1768611AA4F63}
           x{04260E383890EA5359ED866696811_}
            x{441A8C3D09000000000000000000D800000000000000000000000000000000000000000000000000000000000000000000000000000000000000000000000000000000000000000000000000000000}
            x{C987ADA04C1479940000000000020000000000026573B452384D4048701C0CFFAA3F29CD33753212B35FFEFC4E45A6635414B06E41103C0C_},
          hash: [Function: hash],
          blockchainLogs: '[ 4][t 0][2024-10-30 23:27:05.547000][transaction.cpp:443]\tunpacking account 125886032725094E79C44C1AB9642FE1CBF1BF4D77DB25C345DDBE7A8C80BCD4\n' +
            '[ 4][t 0][2024-10-30 23:27:05.547000][transaction.cpp:274]\tlast_paid=1730330825; cells=15 bits=4281 public_cells=0\n' +
            '[ 4][t 0][2024-10-30 23:27:05.547000][transaction.cpp:504]\tend of Account.unpack() for 0:125886032725094E79C44C1AB9642FE1CBF1BF4D77DB25C345DDBE7A8C80BCD4 (balance = 0ng ; last_trans_lt = 22000000..22000002)\n' +
            '[ 4][t 0][2024-10-30 23:27:05.547000][transaction.cpp:3655]\tblock random seed set to 0000000000000000000000000000000000000000000000000000000000000000\n' +
            '[ 4][t 0][2024-10-30 23:27:05.547000][transaction.cpp:1236]\tgas limits: max=1000000, limit=1000000, credit=0\n' +
            '[ 4][t 0][2024-10-30 23:27:05.547000][transaction.cpp:1575]\tin_msg_state is null\n' +
            '[ 4][t 0][2024-10-30 23:27:05.547000][transaction.cpp:1645]\tcreating VM\n' +
            '[ 4][t 0][2024-10-30 23:27:05.548000][transaction.cpp:1351]\tSmartContractInfo initialized with [ 124711402 0 0 1732922825 35000000 35000000 82439665744655549942718375299244058949366754266342087607225540301749132006686 [ 982832763 (null) ] CS{Cell{0267c00125886032725094e79c44c1ab9642fe1cbf1bf4d77db25c345ddbe7a8c80bcd421e842e433916064800000000053ec6081340} bits: 1..268; refs: 0..0} C{A7EC01478F770EF8F8B037CC7E42F0ABF0D85A50E1828C2394DAD1411691F2DE} C{BF31B32BE5ACBAACCE8B48CCEB4C84B86023EA1F188E974030A4F420D26CF50F} [ 982832763 (null) ] 0 (null) [ CS{Cell{004dd06600000000000000000000000080000000000000fa00000000000001f4000000000003d09040} bits: 9..305; refs: 0..0} (null) CS{Cell{0094d1000000000000006400000000000f4240de000000002710000000000000000f42400000000002160ec0000000000000271000000000002625a00000000005f5e100000000003b9aca00} bits: 0..592; refs: 0..0} CS{Cell{0094d100000000000000640000000000009c40de000000000190000000000000000f424000000000000f4240000000000000271000000000009896800000000005f5e100000000003b9aca00} bits: 0..592; refs: 0..0} CS{Cell{0042ea000000000098968000000000271000000000000f424000000001800055555555} bits: 0..264; refs: 0..0} CS{Cell{0042ea0000000000061a800000000001900000000000009c4000000001800055555555} bits: 0..264; refs: 0..0} (null) ] 465948 (null) ]\n' +
            '[ 4][t 0][2024-10-30 23:27:05.548000][transaction.cpp:1675]\tstarting VM\n' +
            '[ 4][t 0][2024-10-30 23:27:05.548000][transaction.cpp:1680]\tVM terminated with exit code 0\n' +
            '[ 3][t 0][2024-10-30 23:27:05.548000][transaction.cpp:1702]\tsteps: 216 gas: used=8404, max=1000000, limit=1000000, credit=0\n' +
            '[ 3][t 0][2024-10-30 23:27:05.548000][transaction.cpp:1704]\tout_of_gas=false, accepted=true, success=true, time=0.000283s\n' +
            '[ 4][t 0][2024-10-30 23:27:05.548000][transaction.cpp:1737]\tgas fees: 3361600 = 26214400 * 8404 /2^16 ; price=26214400; flat rate=[40000 for 100]; remaining balance=979471163ng\n' +
            '[ 4][t 0][2024-10-30 23:27:05.548000][transaction.cpp:2448]\tstorage paid for a message: 3 cells, 1216 bits\n' +
            '[ 4][t 0][2024-10-30 23:27:05.548000][transaction.cpp:2452]\tcomputed fwd fees = 1006400 + 0\n',
          vmLogs: 'xecute PUSHINT -1\n' +
            'execute implicit RET\n' +
            'execute THROWIFNOT 130\n' +
            'execute NEWC\n' +
            'execute GETGLOB 3\n' +
            'execute SWAP\n' +
            'execute STREF\n' +
            'execute PUSHINT -1\n' +
            'execute SWAP\n' +
            'execute STI 1\n' +
            'execute SWAP\n' +
            'execute SWAP\n' +
            'execute STU 32\n' +
            'execute ENDC\n' +
            'execute POP c4\n' +
            'execute implicit RET\n',
          debugLogs: '',
          events: [Array],
          parent: [Object],
          children: [Array],
          externals: []
        },
        children: [ [Object] ],
        externals: []
      },
      {
        address: 84049441022908470316622795825605090351520748406577698494615284512509455375210n,
        lt: 37000000n,
        prevTransactionHash: 66815773627252709325010983134034972881273345966698945779775039291062462129771n,
        prevTransactionLt: 29000000n,
        now: 1732922825,
        outMessagesCount: 1,
        oldStatus: 'active',
        endStatus: 'active',
        inMessage: { info: [Object], init: null, body: x{E601F8E50000000000000000} },
        outMessages: Dictionary { _key: [Object], _value: [Object], _map: [Map] },
        totalFees: { coins: 4690543n },
        stateUpdate: {
          oldHash: <Buffer a5 a0 56 f1 fb 8a 14 2f 94 a0 84 d7 59 7e 2c 7f da 5f 97 1d 84 71 d8 f0 f2 c9 e1 11 e2 f1 5d 7a>,
          newHash: <Buffer ad d6 d4 64 78 0d d7 2c 3c 10 0b c0 94 fc eb 53 f3 8b 66 c2 3e 75 d6 12 83 79 01 20 1e 7d a4 26>
        },
        description: {
          type: 'generic',
          creditFirst: false,
          storagePhase: [Object],
          creditPhase: [Object],
          computePhase: [Object],
          actionPhase: [Object],
          bouncePhase: undefined,
          aborted: false,
          destroyed: false
        },
        raw: x{7B9D24C3C0A4527B020E025CA956131C5EB5081291157C25FD7961DF2D03A1B6A000000000234934093B8634102EDD44DB04237999F8BE83C7A1413501D71564D3ADE4A36EE83266B0000000001BA8140674A4DC90003468F24DE}
         x{E_}
          x{6800A4BAF36B13E3AE770F28659A34B2D81F38859E8C08CF776F2BB4B44180438271002E74930F029149EC08380972A5584C717AD4204A4455F097F5E5877CB40E86DA90E65816AC0609BBB000000000044AA202CE949B927300FC7280000000000000004_}
          x{DF_}
           x{680173A49878148A4F6041C04B952AC2638BD6A1025222AF84BFAF2C3BE5A07436D50014975E6D627C75CEE1E50CB346965B03E710B3D18119EEEDE57696883008704E10E51802DC0610E50A0000000004692682CE949B92C_}
            x{B687AB17000000000000000000000000}
             x{022017D78402017D78402342770C02017D784021A13B86033916064B39B43A4B3916064B3A526E480000000800000004_}
              x{801028CD38D6A9FB165BB1D27554DCBBC8B7A064E07EF4C3832956828113614F545_}
         x{72A5A056F1FB8A142F94A084D7597E2C7FDA5F971D8471D8F0F2C9E111E2F15D7AADD6D464780DD72C3C100BC094FCEB53F38B66C23E75D612837901201E7DA426}
         x{04C33029090E65816AD866D31211_}
          x{445E2C3D09000000000000000000FE00000000000000000000000000000000000000000000000000000000000000000000000000000000000000000000000000000000000000000000000000000000}
          x{C98655E04C10E4EC00000000000400020000000343BAAB97535250B4AE7917B646A9B7D9EF6271B167290DC804396B894923138041102E4C_},
        hash: [Function: hash],
        blockchainLogs: '[ 4][t 0][2024-10-30 23:27:05.554000][transaction.cpp:443]\tunpacking account B9D24C3C0A4527B020E025CA956131C5EB5081291157C25FD7961DF2D03A1B6A\n' +
          '[ 4][t 0][2024-10-30 23:27:05.554000][transaction.cpp:274]\tlast_paid=1730330825; cells=28 bits=7131 public_cells=0\n' +
          '[ 4][t 0][2024-10-30 23:27:05.554000][transaction.cpp:504]\tend of Account.unpack() for 0:B9D24C3C0A4527B020E025CA956131C5EB5081291157C25FD7961DF2D03A1B6A (balance = 10000000ng ; last_trans_lt = 29000000..29000002)\n' +
          '[ 4][t 0][2024-10-30 23:27:05.554000][transaction.cpp:3655]\tblock random seed set to 0000000000000000000000000000000000000000000000000000000000000000\n' +
          '[ 4][t 0][2024-10-30 23:27:05.554000][transaction.cpp:1236]\tgas limits: max=1000000, limit=1000000, credit=0\n' +
          '[ 4][t 0][2024-10-30 23:27:05.554000][transaction.cpp:1575]\tin_msg_state is null\n' +
          '[ 4][t 0][2024-10-30 23:27:05.554000][transaction.cpp:1645]\tcreating VM\n' +
          '[ 4][t 0][2024-10-30 23:27:05.554000][transaction.cpp:1351]\tSmartContractInfo initialized with [ 124711402 0 0 1732922825 37000000 37000000 84630195367514639409622924175749312199831056191303332875639359062248049886761 [ 975297415 (null) ] CS{Cell{026dc00b9d24c3c0a4527b020e025ca956131c5eb5081291157c25fd7961df2d03a1b6a23886f6c3391606480000000006ea0508e625a01340} bits: 1..268; refs: 0..0} C{A7EC01478F770EF8F8B037CC7E42F0ABF0D85A50E1828C2394DAD1411691F2DE} C{F2179DCD5CFD8A1E113288591FFB7A5E10E107D0D2C36DF69E40398023DAA7B1} [ 966133163 (null) ] 835748 (null) [ CS{Cell{004dd06600000000000000000000000080000000000000fa00000000000001f4000000000003d09040} bits: 9..305; refs: 0..0} (null) CS{Cell{0094d1000000000000006400000000000f4240de000000002710000000000000000f42400000000002160ec0000000000000271000000000002625a00000000005f5e100000000003b9aca00} bits: 0..592; refs: 0..0} CS{Cell{0094d100000000000000640000000000009c40de000000000190000000000000000f424000000000000f4240000000000000271000000000009896800000000005f5e100000000003b9aca00} bits: 0..592; refs: 0..0} CS{Cell{0042ea000000000098968000000000271000000000000f424000000001800055555555} bits: 0..264; refs: 0..0} CS{Cell{0042ea0000000000061a800000000001900000000000009c4000000001800055555555} bits: 0..264; refs: 0..0} (null) ] 0 (null) ]\n' +
          '[ 4][t 0][2024-10-30 23:27:05.555000][transaction.cpp:1675]\tstarting VM\n' +
          '[ 4][t 0][2024-10-30 23:27:05.555000][transaction.cpp:1680]\tVM terminated with exit code 0\n' +
          '[ 3][t 0][2024-10-30 23:27:05.555000][transaction.cpp:1702]\tsteps: 254 gas: used=8945, max=1000000, limit=1000000, credit=0\n' +
          '[ 3][t 0][2024-10-30 23:27:05.555000][transaction.cpp:1704]\tout_of_gas=false, accepted=true, success=true, time=0.000260s\n' +
          '[ 4][t 0][2024-10-30 23:27:05.555000][transaction.cpp:1737]\tgas fees: 3578000 = 26214400 * 8945 /2^16 ; price=26214400; flat rate=[40000 for 100]; remaining balance=971719415ng\n' +
          '[ 3][t 0][2024-10-30 23:27:05.555000][transaction.cpp:2678]\tin try_action_reserve_currency(0)\n' +
          '[ 4][t 0][2024-10-30 23:27:05.555000][transaction.cpp:2684]\taction_reserve_currency: mode=0, reserve=10000000ng, balance=971719415ng, original balance=9164252ng\n' +
          '[ 3][t 0][2024-10-30 23:27:05.555000][transaction.cpp:2729]\tchanged remaining balance to 961719415ng, reserved balance to 10000000ng\n' +
          '[ 4][t 0][2024-10-30 23:27:05.555000][transaction.cpp:2448]\tstorage paid for a message: 3 cells, 776 bits\n' +
          '[ 4][t 0][2024-10-30 23:27:05.555000][transaction.cpp:2452]\tcomputed fwd fees = 830400 + 0\n',
        vmLogs: 'ecute STSLICER\n' +
          'execute OVER\n' +
          'execute ISNULL\n' +
          'execute NOT\n' +
          'execute PUSHCONT x7F01CA00CC\n' +
          'execute PUSHCONT x7032CA00\n' +
          'execute IFELSE\n' +
          'execute PUSHINT -1\n' +
          'execute SWAP\n' +
          'execute STI 1\n' +
          'execute STREF\n' +
          'execute implicit RET\n' +
          'execute ENDC\n' +
          'execute POP c4\n' +
          'execute implicit RET\n',
        debugLogs: '',
        events: [ [Object] ],
        parent: {
          address: 37254810366437813475271750514734067285117962570475561289538093995582013161784n,
          lt: 36000000n,
          prevTransactionHash: 40981676244395147759382324275349022782239171302645333474325705565889205415520n,
          prevTransactionLt: 34000000n,
          now: 1732922825,
          outMessagesCount: 1,
          oldStatus: 'active',
          endStatus: 'active',
          inMessage: [Object],
          outMessages: [Dictionary],
          totalFees: [Object],
          stateUpdate: [Object],
          description: [Object],
          raw: x{7525D79B589F1D73B879432CD1A596C0F9C42CF460467BBB795DA5A20C021C13800000000022551005A9ACE87E972FA13D0B2B43EC5B07CBCBC0876CA71503040E6F2F6664AECAE60000000000206CC80674A4DC90003476E98F0}
           x{E_}
            x{680024B10C064E4A129CF388983572C85FC397E37E9AEFB64B868BBB7CF5190179A90014975E6D627C75CEE1E50CB346965B03E710B3D18119EEEDE57696883008704E10E948BFEC061479B600000000042C1D82CE949B9249AFD4E880000000000000004_}
             x{00000000000000000000000000000000000000000000000000000000000000220000000000000000000000000000000000000000000000000000000002625A0001937A3FD928}
             x{00000000000000000000000000000000000000000000000000000000000000230000000000000000000000000000000000000000000000000000000005F5E10001937A3FD928}
            x{DF_}
             x{6800A4BAF36B13E3AE770F28659A34B2D81F38859E8C08CF776F2BB4B44180438271002E74930F029149EC08380972A5584C717AD4204A4455F097F5E5877CB40E86DA90E65816AC0609BBB000000000044AA202CE949B92C_}
              x{E601F8E50000000000000000}
           x{72DD53E562DF5F6A9E172B3D65587F559B5D82D7391294920186DFA4B721C85EA1035B75EEDD77FD62310C45AB5BB2BF9F3B1CAB3D12AF271ACDFE22B0054B0FED}
           x{04090E948BFED8769BB211_}
            x{4E782C3D090000000000000000031700000000000000000000000000000000000000000000000000000000000000000000000000000000000000000000000000000000000000000000000000000000}
            x{C983A6604C09BBA0000000000004000200000002B8BE26321011B5FEBF14409C8BC4EAF2FCBDEF9F171E5A1A8D69F076C5267DC04090190C_},
          hash: [Function: hash],
          blockchainLogs: '[ 4][t 0][2024-10-30 23:27:05.550000][transaction.cpp:443]\tunpacking account 525D79B589F1D73B879432CD1A596C0F9C42CF460467BBB795DA5A20C021C138\n' +
            '[ 4][t 0][2024-10-30 23:27:05.550000][transaction.cpp:274]\tlast_paid=1732922825; cells=232 bits=83682 public_cells=0\n' +
            '[ 4][t 0][2024-10-30 23:27:05.550000][transaction.cpp:504]\tend of Account.unpack() for 0:525D79B589F1D73B879432CD1A596C0F9C42CF460467BBB795DA5A20C021C138 (balance = 1850000000ng ; last_trans_lt = 34000000..34000002)\n' +
            '[ 4][t 0][2024-10-30 23:27:05.551000][transaction.cpp:3655]\tblock random seed set to 0000000000000000000000000000000000000000000000000000000000000000\n' +
            '[ 4][t 0][2024-10-30 23:27:05.551000][transaction.cpp:1236]\tgas limits: max=1000000, limit=1000000, credit=0\n' +
            '[ 4][t 0][2024-10-30 23:27:05.551000][transaction.cpp:1575]\tin_msg_state is null\n' +
            '[ 4][t 0][2024-10-30 23:27:05.551000][transaction.cpp:1645]\tcreating VM\n' +
            '[ 4][t 0][2024-10-30 23:27:05.551000][transaction.cpp:1351]\tSmartContractInfo initialized with [ 124711402 0 0 1732922825 36000000 36000000 14068792954309835536948273256715513127174070948738620016199408580766834334284 [ 2828464763 (null) ] CS{Cell{0271c00525d79b589f1d73b879432cd1a596c0f9c42cf460467bbb795da5a20c021c1383d0c051b8833a526e4800000000081b32091b9130a01340} bits: 1..268; refs: 0..0} C{A7EC01478F770EF8F8B037CC7E42F0ABF0D85A50E1828C2394DAD1411691F2DE} C{42B6F0E46484EFC57B9508F6BA7EF42E7512023D5CB4ED5628DD1C7755D16E9D} [ 978464763 (null) ] 0 (null) [ CS{Cell{004dd06600000000000000000000000080000000000000fa00000000000001f4000000000003d09040} bits: 9..305; refs: 0..0} (null) CS{Cell{0094d1000000000000006400000000000f4240de000000002710000000000000000f42400000000002160ec0000000000000271000000000002625a00000000005f5e100000000003b9aca00} bits: 0..592; refs: 0..0} CS{Cell{0094d100000000000000640000000000009c40de000000000190000000000000000f424000000000000f4240000000000000271000000000009896800000000005f5e100000000003b9aca00} bits: 0..592; refs: 0..0} CS{Cell{0042ea000000000098968000000000271000000000000f424000000001800055555555} bits: 0..264; refs: 0..0} CS{Cell{0042ea0000000000061a800000000001900000000000009c4000000001800055555555} bits: 0..264; refs: 0..0} (null) ] 0 (null) ]\n' +
            '[ 4][t 0][2024-10-30 23:27:05.551000][transaction.cpp:1675]\tstarting VM\n' +
            '[ 4][t 0][2024-10-30 23:27:05.552000][transaction.cpp:1680]\tVM terminated with exit code 0\n' +
            '[ 3][t 0][2024-10-30 23:27:05.552000][transaction.cpp:1702]\tsteps: 791 gas: used=29633, max=1000000, limit=1000000, credit=0\n' +
            '[ 3][t 0][2024-10-30 23:27:05.552000][transaction.cpp:1704]\tout_of_gas=false, accepted=true, success=true, time=0.000923s\n' +
            '[ 4][t 0][2024-10-30 23:27:05.552000][transaction.cpp:1737]\tgas fees: 11853200 = 26214400 * 29633 /2^16 ; price=26214400; flat rate=[40000 for 100]; remaining balance=2816611563ng\n' +
            '[ 3][t 0][2024-10-30 23:27:05.552000][transaction.cpp:2678]\tin try_action_reserve_currency(0)\n' +
            '[ 4][t 0][2024-10-30 23:27:05.552000][transaction.cpp:2684]\taction_reserve_currency: mode=0, reserve=1850000000ng, balance=2816611563ng, original balance=1850000000ng\n' +
            '[ 3][t 0][2024-10-30 23:27:05.552000][transaction.cpp:2729]\tchanged remaining balance to 966611563ng, reserved balance to 1850000000ng\n' +
            '[ 4][t 0][2024-10-30 23:27:05.552000][transaction.cpp:2448]\tstorage paid for a message: 1 cells, 96 bits\n' +
            '[ 4][t 0][2024-10-30 23:27:05.552000][transaction.cpp:2452]\tcomputed fwd fees = 478400 + 0\n',
          vmLogs: 'xecute EQUAL\n' +
            'execute THROWIF 137\n' +
            'execute PUSHPOW2 10\n' +
            'execute EQUAL\n' +
            'execute THROWIFNOT 136\n' +
            'execute STSLICER\n' +
            'execute ENDC\n' +
            'execute ROT\n' +
            'execute STREF\n' +
            'execute ENDC\n' +
            'execute SWAP\n' +
            'execute STREF\n' +
            'execute implicit RET\n' +
            'execute ENDC\n' +
            'execute POP c4\n' +
            'execute implicit RET\n',
          debugLogs: '',
          events: [Array],
          parent: [Object],
          children: [Array],
          externals: []
        },
        children: [ [Object] ],
        externals: []
      },
      {
        address: 37254810366437813475271750514734067285117962570475561289538093995582013161784n,
        lt: 38000000n,
        prevTransactionHash: 19753047828227234153550540238683198359130032079957743969196130320687631376467n,
        prevTransactionLt: 36000000n,
        now: 1732922825,
        outMessagesCount: 4,
        oldStatus: 'active',
        endStatus: 'active',
        inMessage: {
          info: [Object],
          init: null,
          body: x{B687AB17000000000000000000000000}
           x{022017D78402017D78402342770C02017D784021A13B86033916064B39B43A4B3916064B3A526E480000000800000004_}
            x{801028CD38D6A9FB165BB1D27554DCBBC8B7A064E07EF4C3832956828113614F545_}
        },
        outMessages: Dictionary { _key: [Object], _value: [Object], _map: [Map] },
        totalFees: { coins: 31144772n },
        stateUpdate: {
          oldHash: <Buffer 03 5b 75 ee dd 77 fd 62 31 0c 45 ab 5b b2 bf 9f 3b 1c ab 3d 12 af 27 1a cd fe 22 b0 05 4b 0f ed>,
          newHash: <Buffer f2 ca ec 30 78 01 8c 9d e9 9e ae 52 48 4c 07 99 79 bf 7f e6 5e 9e dd ac a6 16 98 2f aa 2c 8b 43>
        },
        description: {
          type: 'generic',
          creditFirst: false,
          storagePhase: [Object],
          creditPhase: [Object],
          computePhase: [Object],
          actionPhase: [Object],
          bouncePhase: undefined,
          aborted: false,
          destroyed: false
        },
        raw: x{7525D79B589F1D73B879432CD1A596C0F9C42CF460467BBB795DA5A20C021C138000000000243D5802BABD430FE2A48544DA78798A1E9A7368F789BB9BACC7E3A8ADAE304B85720530000000002255100674A4DC900094803B67688}
         x{E_}
          x{680173A49878148A4F6041C04B952AC2638BD6A1025222AF84BFAF2C3BE5A07436D50014975E6D627C75CEE1E50CB346965B03E710B3D18119EEEDE57696883008704E10E51802DC0610E50A0000000004692682CE949B925B43D58B8000000000000000000000004_}
           x{022017D78402017D78402342770C02017D784021A13B86033916064B39B43A4B3916064B3A526E480000000800000004_}
            x{801028CD38D6A9FB165BB1D27554DCBBC8B7A064E07EF4C3832956828113614F545_}
          x{DB_}
           x{2_}
            x{2_}
             x{6800A4BAF36B13E3AE770F28659A34B2D81F38859E8C08CF776F2BB4B44180438271001F33C9E03834F86C2DA0166D0212C129A321D08D5D171B4080758BCF48863C4D90101931000609BBB0000000000487AB02CE949B92C_}
              x{BC26F4C80000000000000000}
            x{2_}
             x{6800A4BAF36B13E3AE770F28659A34B2D81F38859E8C08CF776F2BB4B4418043827100384BA6D6A6B7DF2422C44C909493A07C03CA0A1FF860A7ED8531810050149DDF10101931000609BBB0000000000487AB04CE949B92C_}
              x{BC26F4C80000000000000001}
           x{2_}
            x{2_}
             x{E00292EBCDAC4F8EB9DC3CA19668D2CB607CE2167A30233DDDBCAED2D106010E09C0000000000487AB06CE949B92C_}
              x{8B6D3812000000000000000000000000801028CD38D6A9FB165BB1D27554DCBBC8B7A064E07EF4C3832956828113614F5448684EE181_}
            x{2_}
             x{4800A4BAF36B13E3AE770F28659A34B2D81F38859E8C08CF776F2BB4B44180438271002E74930F029149EC08380972A5584C717AD4204A4455F097F5E5877CB40E86DA90BCA4015C0656E1D8000000000487AB08CE949B93E_}
              x{34_}
               x{FF00F4A413F4BCF2C80B}
                x{62_}
                 x{D001D0D3030171B0A301FA400120D74981010BBAF2E08820D70B0A208104FFBAF2D0898309BAF2E088545053036F04F86102F862DB3C5512DB3CF2E082}
                  x{ED44D0D401F863D200018E2FD31FFA400120D74981010BBAF2E08820D70B0A208104FFBAF2D0898309BAF2E08801D2000191D4926D01E255206C13E0F828D70B0A8309BAF2E089810101D700FA400120D74981010BBAF2E08820D70B0A208104FFBAF2D0898309BAF2E0881202D101DB3C}
                   x{6D}
                  x{0192307FE07021D749C21F953020D70B1FDE208210AFE93535BA8F5130D31F018210AFE93535BAF2E081D33FFA400120D74981010BBAF2E08820D70B0A208104FFBAF2D0898309BAF2E08801D455206C1332820898968070FB024434DB3C30037083067055206D6D6DDB3C597FE0208210B8A3AA14BAE302}
                   x{F8425220C705F2E084}
                   x{C87101CA01500701CA007001CA02500520D74981010BBAF2E08820D70B0A208104FFBAF2D0898309BAF2E088CF165003FA027001CA68236EB3917F93246EB3E2973333017001CA00E30D216EB39C7F01CA0001206EF2D08001CC95317001CA00E2C901FB00}
                    x{7F01CA00C87001CA007001CA00246EB39D7F01CA0004206EF2D0805004CC9634037001CA00E2246EB39D7F01CA0004206EF2D0805004CC9634037001CA00E27001CA00027F01CA0002C958CC}
                   x{30D31F018210B8A3AA14BAF2E081D33FFA400120D74981010BBAF2E08820D70B0A208104FFBAF2D0898309BAF2E088126C12317020FB025520DB3C03708100A07055206D6D6DDB3C587F}
                    x{F8425220C705F2E084}
                    x{C87101CA01500701CA007001CA02500520D74981010BBAF2E08820D70B0A208104FFBAF2D0898309BAF2E088CF165003FA027001CA68236EB3917F93246EB3E2973333017001CA00E30D216EB39C7F01CA0001206EF2D08001CC95317001CA00E2C901FB00}
                     x{7F01CA00C87001CA007001CA00246EB39D7F01CA0004206EF2D0805004CC9634037001CA00E2246EB39D7F01CA0004206EF2D0805004CC9634037001CA00E27001CA00027F01CA0002C958CC}
                   x{8210E601F8E5BA8ECED31F018210E601F8E5BAF2E081D33F0131820898968070FB02F8416F2410235F037083067F25206EF2D080542580C855208210B687AB175004CB1F12CB3FCB1FCCC9103441301443306D6DDB3C7FE03070}
                    x{C87101CA01500701CA007001CA02500520D74981010BBAF2E08820D70B0A208104FFBAF2D0898309BAF2E088CF165003FA027001CA68236EB3917F93246EB3E2973333017001CA00E30D216EB39C7F01CA0001206EF2D08001CC95317001CA00E2C901FB00}
                     x{7F01CA00C87001CA007001CA00246EB39D7F01CA0004206EF2D0805004CC9634037001CA00E2246EB39D7F01CA0004206EF2D0805004CC9634037001CA00E27001CA00027F01CA0002C958CC}
                  x{C8F84301CC7F01CA0055205023CB1F0120D74981010BBAF2E08820D70B0A208104FFBAF2D0898309BAF2E088CF16216EB3957F01CA00CC947032CA00E2C9ED54}
                 x{2_}
                  x{BE28EED9E6D9E3618C_}
                   x{ED44D0D401F863D200018E2FD31FFA400120D74981010BBAF2E08820D70B0A208104FFBAF2D0898309BAF2E08801D2000191D4926D01E255206C13E0F828D70B0A8309BAF2E089810101D700FA400120D74981010BBAF2E08820D70B0A208104FFBAF2D0898309BAF2E0881202D101DB3C}
                    x{6D}
                   x{21}
                  x{2_}
                   x{4}
                    x{B1D8B6CF36CF1B0C6_}
                     x{ED44D0D401F863D200018E2FD31FFA400120D74981010BBAF2E08820D70B0A208104FFBAF2D0898309BAF2E08801D2000191D4926D01E255206C13E0F828D70B0A8309BAF2E089810101D700FA400120D74981010BBAF2E08820D70B0A208104FFBAF2D0898309BAF2E0881202D101DB3C}
                      x{6D}
                     x{20}
                    x{B36436CF36CF1B0C6_}
                     x{ED44D0D401F863D200018E2FD31FFA400120D74981010BBAF2E08820D70B0A208104FFBAF2D0898309BAF2E08801D2000191D4926D01E255206C13E0F828D70B0A8309BAF2E089810101D700FA400120D74981010BBAF2E08820D70B0A208104FFBAF2D0898309BAF2E0881202D101DB3C}
                      x{6D}
                     x{22}
                   x{B82BEED44D0D20001}
               x{0000000000000000000000000000000000000000000000000000000000000000200292EBCDAC4F8EB9DC3CA19668D2CB607CE2167A30233DDDBCAED2D106010E09C4_}
                x{C_}
                 x{A0838F_}
                  x{FF00F4A413F4BCF2C80B}
                   x{62_}
                    x{D001D0D3030171B0A301FA400120D74981010BBAF2E08820D70B0A208104FFBAF2D0898309BAF2E088545053036F04F86102F862DB3C5512DB3CF2E082}
                     x{ED44D0D401F863D200018E2FD31FFA400120D74981010BBAF2E08820D70B0A208104FFBAF2D0898309BAF2E08801D2000191D4926D01E255206C13E0F828D70B0A8309BAF2E089810101D700FA400120D74981010BBAF2E08820D70B0A208104FFBAF2D0898309BAF2E0881202D101DB3C}
                      x{6D}
                     x{0192307FE07021D749C21F953020D70B1FDE208210AFE93535BA8F5130D31F018210AFE93535BAF2E081D33FFA400120D74981010BBAF2E08820D70B0A208104FFBAF2D0898309BAF2E08801D455206C1332820898968070FB024434DB3C30037083067055206D6D6DDB3C597FE0208210B8A3AA14BAE302}
                      x{F8425220C705F2E084}
                      x{C87101CA01500701CA007001CA02500520D74981010BBAF2E08820D70B0A208104FFBAF2D0898309BAF2E088CF165003FA027001CA68236EB3917F93246EB3E2973333017001CA00E30D216EB39C7F01CA0001206EF2D08001CC95317001CA00E2C901FB00}
                       x{7F01CA00C87001CA007001CA00246EB39D7F01CA0004206EF2D0805004CC9634037001CA00E2246EB39D7F01CA0004206EF2D0805004CC9634037001CA00E27001CA00027F01CA0002C958CC}
                      x{30D31F018210B8A3AA14BAF2E081D33FFA400120D74981010BBAF2E08820D70B0A208104FFBAF2D0898309BAF2E088126C12317020FB025520DB3C03708100A07055206D6D6DDB3C587F}
                       x{F8425220C705F2E084}
                       x{C87101CA01500701CA007001CA02500520D74981010BBAF2E08820D70B0A208104FFBAF2D0898309BAF2E088CF165003FA027001CA68236EB3917F93246EB3E2973333017001CA00E30D216EB39C7F01CA0001206EF2D08001CC95317001CA00E2C901FB00}
                        x{7F01CA00C87001CA007001CA00246EB39D7F01CA0004206EF2D0805004CC9634037001CA00E2246EB39D7F01CA0004206EF2D0805004CC9634037001CA00E27001CA00027F01CA0002C958CC}
                      x{8210E601F8E5BA8ECED31F018210E601F8E5BAF2E081D33F0131820898968070FB02F8416F2410235F037083067F25206EF2D080542580C855208210B687AB175004CB1F12CB3FCB1FCCC9103441301443306D6DDB3C7FE03070}
                       x{C87101CA01500701CA007001CA02500520D74981010BBAF2E08820D70B0A208104FFBAF2D0898309BAF2E088CF165003FA027001CA68236EB3917F93246EB3E2973333017001CA00E30D216EB39C7F01CA0001206EF2D08001CC95317001CA00E2C901FB00}
                        x{7F01CA00C87001CA007001CA00246EB39D7F01CA0004206EF2D0805004CC9634037001CA00E2246EB39D7F01CA0004206EF2D0805004CC9634037001CA00E27001CA00027F01CA0002C958CC}
                     x{C8F84301CC7F01CA0055205023CB1F0120D74981010BBAF2E08820D70B0A208104FFBAF2D0898309BAF2E088CF16216EB3957F01CA00CC947032CA00E2C9ED54}
                    x{2_}
                     x{BE28EED9E6D9E3618C_}
                      x{ED44D0D401F863D200018E2FD31FFA400120D74981010BBAF2E08820D70B0A208104FFBAF2D0898309BAF2E08801D2000191D4926D01E255206C13E0F828D70B0A8309BAF2E089810101D700FA400120D74981010BBAF2E08820D70B0A208104FFBAF2D0898309BAF2E0881202D101DB3C}
                       x{6D}
                      x{21}
                     x{2_}
                      x{4}
                       x{B1D8B6CF36CF1B0C6_}
                        x{ED44D0D401F863D200018E2FD31FFA400120D74981010BBAF2E08820D70B0A208104FFBAF2D0898309BAF2E08801D2000191D4926D01E255206C13E0F828D70B0A8309BAF2E089810101D700FA400120D74981010BBAF2E08820D70B0A208104FFBAF2D0898309BAF2E0881202D101DB3C}
                         x{6D}
                        x{20}
                       x{B36436CF36CF1B0C6_}
                        x{ED44D0D401F863D200018E2FD31FFA400120D74981010BBAF2E08820D70B0A208104FFBAF2D0898309BAF2E08801D2000191D4926D01E255206C13E0F828D70B0A8309BAF2E089810101D700FA400120D74981010BBAF2E08820D70B0A208104FFBAF2D0898309BAF2E0881202D101DB3C}
                         x{6D}
                        x{22}
                      x{B82BEED44D0D20001}
              x{B8A3AA140000000000000000801D3E5E1B0970E52ABD4EA639AED542E118FE33D2F03FE072737A6B74A8FDC2C69_}
         x{72035B75EEDD77FD62310C45AB5BB2BF9F3B1CAB3D12AF271ACDFE22B0054B0FEDF2CAEC3078018C9DE99EAE52484C079979BF7FE65E9EDDACA616982FAA2C8B43}
         x{04090E51802DD88036E99E11_}
          x{602324EC3D09000000000000000007BF00000000000000000000000000000000000000000000000000000000000000000000000000000000000000000000000000000000000000000000000000000000}
          x{C9AC8D784C8FB95000000000000A000200000008B6950366D2F21BF0537D071415C8930BAD792634E45D2AE6C2677D360FF0E32848913B24_},
        hash: [Function: hash],
        blockchainLogs: '[ 4][t 0][2024-10-30 23:27:05.557000][transaction.cpp:443]\tunpacking account 525D79B589F1D73B879432CD1A596C0F9C42CF460467BBB795DA5A20C021C138\n' +
          '[ 4][t 0][2024-10-30 23:27:05.557000][transaction.cpp:274]\tlast_paid=1732922825; cells=232 bits=84034 public_cells=0\n' +
          '[ 4][t 0][2024-10-30 23:27:05.557000][transaction.cpp:504]\tend of Account.unpack() for 0:525D79B589F1D73B879432CD1A596C0F9C42CF460467BBB795DA5A20C021C138 (balance = 1850000000ng ; last_trans_lt = 36000000..36000002)\n' +
          '[ 4][t 0][2024-10-30 23:27:05.557000][transaction.cpp:3655]\tblock random seed set to 0000000000000000000000000000000000000000000000000000000000000000\n' +
          '[ 4][t 0][2024-10-30 23:27:05.557000][transaction.cpp:1236]\tgas limits: max=1000000, limit=1000000, credit=0\n' +
          '[ 4][t 0][2024-10-30 23:27:05.557000][transaction.cpp:1575]\tin_msg_state is null\n' +
          '[ 4][t 0][2024-10-30 23:27:05.557000][transaction.cpp:1645]\tcreating VM\n' +
          '[ 4][t 0][2024-10-30 23:27:05.557000][transaction.cpp:1351]\tSmartContractInfo initialized with [ 124711402 0 0 1732922825 38000000 38000000 14068792954309835536948273256715513127174070948738620016199408580766834334284 [ 2810889015 (null) ] CS{Cell{0271c00525d79b589f1d73b879432cd1a596c0f9c42cf460467bbb795da5a20c021c1383d0c05210833a526e4800000000089544091b9130a01340} bits: 1..268; refs: 0..0} C{A7EC01478F770EF8F8B037CC7E42F0ABF0D85A50E1828C2394DAD1411691F2DE} C{42B6F0E46484EFC57B9508F6BA7EF42E7512023D5CB4ED5628DD1C7755D16E9D} [ 960889015 (null) ] 0 (null) [ CS{Cell{004dd06600000000000000000000000080000000000000fa00000000000001f4000000000003d09040} bits: 9..305; refs: 0..0} (null) CS{Cell{0094d1000000000000006400000000000f4240de000000002710000000000000000f42400000000002160ec0000000000000271000000000002625a00000000005f5e100000000003b9aca00} bits: 0..592; refs: 0..0} CS{Cell{0094d100000000000000640000000000009c40de000000000190000000000000000f424000000000000f4240000000000000271000000000009896800000000005f5e100000000003b9aca00} bits: 0..592; refs: 0..0} CS{Cell{0042ea000000000098968000000000271000000000000f424000000001800055555555} bits: 0..264; refs: 0..0} CS{Cell{0042ea0000000000061a800000000001900000000000009c4000000001800055555555} bits: 0..264; refs: 0..0} (null) ] 0 (null) ]\n' +
          '[ 4][t 0][2024-10-30 23:27:05.558000][transaction.cpp:1675]\tstarting VM\n' +
          '[ 4][t 0][2024-10-30 23:27:05.559000][transaction.cpp:1680]\tVM terminated with exit code 0\n' +
          '[ 3][t 0][2024-10-30 23:27:05.559000][transaction.cpp:1702]\tsteps: 1983 gas: used=71975, max=1000000, limit=1000000, credit=0\n' +
          '[ 3][t 0][2024-10-30 23:27:05.559000][transaction.cpp:1704]\tout_of_gas=false, accepted=true, success=true, time=0.001702s\n' +
          '[ 4][t 0][2024-10-30 23:27:05.559000][transaction.cpp:1737]\tgas fees: 28790000 = 26214400 * 71975 /2^16 ; price=26214400; flat rate=[40000 for 100]; remaining balance=2782099015ng\n' +
          '[ 3][t 0][2024-10-30 23:27:05.559000][transaction.cpp:2678]\tin try_action_reserve_currency(0)\n' +
          '[ 4][t 0][2024-10-30 23:27:05.559000][transaction.cpp:2684]\taction_reserve_currency: mode=0, reserve=1850000000ng, balance=2782099015ng, original balance=1850000000ng\n' +
          '[ 3][t 0][2024-10-30 23:27:05.559000][transaction.cpp:2729]\tchanged remaining balance to 932099015ng, reserved balance to 1850000000ng\n' +
          '[ 4][t 0][2024-10-30 23:27:05.559000][transaction.cpp:2448]\tstorage paid for a message: 1 cells, 96 bits\n' +
          '[ 4][t 0][2024-10-30 23:27:05.559000][transaction.cpp:2452]\tcomputed fwd fees = 478400 + 0\n' +
          '[ 4][t 0][2024-10-30 23:27:05.560000][transaction.cpp:2448]\tstorage paid for a message: 1 cells, 96 bits\n' +
          '[ 4][t 0][2024-10-30 23:27:05.560000][transaction.cpp:2452]\tcomputed fwd fees = 478400 + 0\n' +
          '[ 4][t 0][2024-10-30 23:27:05.560000][transaction.cpp:2448]\tstorage paid for a message: 1 cells, 431 bits\n' +
          '[ 4][t 0][2024-10-30 23:27:05.560000][transaction.cpp:2452]\tcomputed fwd fees = 612400 + 0\n' +
          '[ 4][t 0][2024-10-30 23:27:05.560000][transaction.cpp:2448]\tstorage paid for a message: 27 cells, 6976 bits\n' +
          '[ 4][t 0][2024-10-30 23:27:05.560000][transaction.cpp:2452]\tcomputed fwd fees = 4270400 + 0\n',
        vmLogs: 'xecute EQUAL\n' +
          'execute THROWIF 137\n' +
          'execute PUSHPOW2 10\n' +
          'execute EQUAL\n' +
          'execute THROWIFNOT 136\n' +
          'execute STSLICER\n' +
          'execute ENDC\n' +
          'execute ROT\n' +
          'execute STREF\n' +
          'execute ENDC\n' +
          'execute SWAP\n' +
          'execute STREF\n' +
          'execute implicit RET\n' +
          'execute ENDC\n' +
          'execute POP c4\n' +
          'execute implicit RET\n',
        debugLogs: '',
        events: [ [Object], [Object], [Object] ],
        parent: {
          address: 84049441022908470316622795825605090351520748406577698494615284512509455375210n,
          lt: 37000000n,
          prevTransactionHash: 66815773627252709325010983134034972881273345966698945779775039291062462129771n,
          prevTransactionLt: 29000000n,
          now: 1732922825,
          outMessagesCount: 1,
          oldStatus: 'active',
          endStatus: 'active',
          inMessage: [Object],
          outMessages: [Dictionary],
          totalFees: [Object],
          stateUpdate: [Object],
          description: [Object],
          raw: x{7B9D24C3C0A4527B020E025CA956131C5EB5081291157C25FD7961DF2D03A1B6A000000000234934093B8634102EDD44DB04237999F8BE83C7A1413501D71564D3ADE4A36EE83266B0000000001BA8140674A4DC90003468F24DE}
           x{E_}
            x{6800A4BAF36B13E3AE770F28659A34B2D81F38859E8C08CF776F2BB4B44180438271002E74930F029149EC08380972A5584C717AD4204A4455F097F5E5877CB40E86DA90E65816AC0609BBB000000000044AA202CE949B927300FC7280000000000000004_}
            x{DF_}
             x{680173A49878148A4F6041C04B952AC2638BD6A1025222AF84BFAF2C3BE5A07436D50014975E6D627C75CEE1E50CB346965B03E710B3D18119EEEDE57696883008704E10E51802DC0610E50A0000000004692682CE949B92C_}
              x{B687AB17000000000000000000000000}
               x{022017D78402017D78402342770C02017D784021A13B86033916064B39B43A4B3916064B3A526E480000000800000004_}
                x{801028CD38D6A9FB165BB1D27554DCBBC8B7A064E07EF4C3832956828113614F545_}
           x{72A5A056F1FB8A142F94A084D7597E2C7FDA5F971D8471D8F0F2C9E111E2F15D7AADD6D464780DD72C3C100BC094FCEB53F38B66C23E75D612837901201E7DA426}
           x{04C33029090E65816AD866D31211_}
            x{445E2C3D09000000000000000000FE00000000000000000000000000000000000000000000000000000000000000000000000000000000000000000000000000000000000000000000000000000000}
            x{C98655E04C10E4EC00000000000400020000000343BAAB97535250B4AE7917B646A9B7D9EF6271B167290DC804396B894923138041102E4C_},
          hash: [Function: hash],
          blockchainLogs: '[ 4][t 0][2024-10-30 23:27:05.554000][transaction.cpp:443]\tunpacking account B9D24C3C0A4527B020E025CA956131C5EB5081291157C25FD7961DF2D03A1B6A\n' +
            '[ 4][t 0][2024-10-30 23:27:05.554000][transaction.cpp:274]\tlast_paid=1730330825; cells=28 bits=7131 public_cells=0\n' +
            '[ 4][t 0][2024-10-30 23:27:05.554000][transaction.cpp:504]\tend of Account.unpack() for 0:B9D24C3C0A4527B020E025CA956131C5EB5081291157C25FD7961DF2D03A1B6A (balance = 10000000ng ; last_trans_lt = 29000000..29000002)\n' +
            '[ 4][t 0][2024-10-30 23:27:05.554000][transaction.cpp:3655]\tblock random seed set to 0000000000000000000000000000000000000000000000000000000000000000\n' +
            '[ 4][t 0][2024-10-30 23:27:05.554000][transaction.cpp:1236]\tgas limits: max=1000000, limit=1000000, credit=0\n' +
            '[ 4][t 0][2024-10-30 23:27:05.554000][transaction.cpp:1575]\tin_msg_state is null\n' +
            '[ 4][t 0][2024-10-30 23:27:05.554000][transaction.cpp:1645]\tcreating VM\n' +
            '[ 4][t 0][2024-10-30 23:27:05.554000][transaction.cpp:1351]\tSmartContractInfo initialized with [ 124711402 0 0 1732922825 37000000 37000000 84630195367514639409622924175749312199831056191303332875639359062248049886761 [ 975297415 (null) ] CS{Cell{026dc00b9d24c3c0a4527b020e025ca956131c5eb5081291157c25fd7961df2d03a1b6a23886f6c3391606480000000006ea0508e625a01340} bits: 1..268; refs: 0..0} C{A7EC01478F770EF8F8B037CC7E42F0ABF0D85A50E1828C2394DAD1411691F2DE} C{F2179DCD5CFD8A1E113288591FFB7A5E10E107D0D2C36DF69E40398023DAA7B1} [ 966133163 (null) ] 835748 (null) [ CS{Cell{004dd06600000000000000000000000080000000000000fa00000000000001f4000000000003d09040} bits: 9..305; refs: 0..0} (null) CS{Cell{0094d1000000000000006400000000000f4240de000000002710000000000000000f42400000000002160ec0000000000000271000000000002625a00000000005f5e100000000003b9aca00} bits: 0..592; refs: 0..0} CS{Cell{0094d100000000000000640000000000009c40de000000000190000000000000000f424000000000000f4240000000000000271000000000009896800000000005f5e100000000003b9aca00} bits: 0..592; refs: 0..0} CS{Cell{0042ea000000000098968000000000271000000000000f424000000001800055555555} bits: 0..264; refs: 0..0} CS{Cell{0042ea0000000000061a800000000001900000000000009c4000000001800055555555} bits: 0..264; refs: 0..0} (null) ] 0 (null) ]\n' +
            '[ 4][t 0][2024-10-30 23:27:05.555000][transaction.cpp:1675]\tstarting VM\n' +
            '[ 4][t 0][2024-10-30 23:27:05.555000][transaction.cpp:1680]\tVM terminated with exit code 0\n' +
            '[ 3][t 0][2024-10-30 23:27:05.555000][transaction.cpp:1702]\tsteps: 254 gas: used=8945, max=1000000, limit=1000000, credit=0\n' +
            '[ 3][t 0][2024-10-30 23:27:05.555000][transaction.cpp:1704]\tout_of_gas=false, accepted=true, success=true, time=0.000260s\n' +
            '[ 4][t 0][2024-10-30 23:27:05.555000][transaction.cpp:1737]\tgas fees: 3578000 = 26214400 * 8945 /2^16 ; price=26214400; flat rate=[40000 for 100]; remaining balance=971719415ng\n' +
            '[ 3][t 0][2024-10-30 23:27:05.555000][transaction.cpp:2678]\tin try_action_reserve_currency(0)\n' +
            '[ 4][t 0][2024-10-30 23:27:05.555000][transaction.cpp:2684]\taction_reserve_currency: mode=0, reserve=10000000ng, balance=971719415ng, original balance=9164252ng\n' +
            '[ 3][t 0][2024-10-30 23:27:05.555000][transaction.cpp:2729]\tchanged remaining balance to 961719415ng, reserved balance to 10000000ng\n' +
            '[ 4][t 0][2024-10-30 23:27:05.555000][transaction.cpp:2448]\tstorage paid for a message: 3 cells, 776 bits\n' +
            '[ 4][t 0][2024-10-30 23:27:05.555000][transaction.cpp:2452]\tcomputed fwd fees = 830400 + 0\n',
          vmLogs: 'ecute STSLICER\n' +
            'execute OVER\n' +
            'execute ISNULL\n' +
            'execute NOT\n' +
            'execute PUSHCONT x7F01CA00CC\n' +
            'execute PUSHCONT x7032CA00\n' +
            'execute IFELSE\n' +
            'execute PUSHINT -1\n' +
            'execute SWAP\n' +
            'execute STI 1\n' +
            'execute STREF\n' +
            'execute implicit RET\n' +
            'execute ENDC\n' +
            'execute POP c4\n' +
            'execute implicit RET\n',
          debugLogs: '',
          events: [Array],
          parent: [Object],
          children: [Array],
          externals: []
        },
        children: [ [Object], [Object], [Object] ],
        externals: [ [Object] ]
      },
      {
        address: 56452803209391972311245829800318013664241380452486081517026592719308720763190n,
        lt: 39000000n,
        prevTransactionHash: 71368095011837829047524892137492418522295926506924049913009531319240814308070n,
        prevTransactionLt: 28000000n,
        now: 1732922825,
        outMessagesCount: 1,
        oldStatus: 'active',
        endStatus: 'active',
        inMessage: { info: [Object], init: null, body: x{BC26F4C80000000000000000} },
        outMessages: Dictionary { _key: [Object], _value: [Object], _map: [Map] },
        totalFees: { coins: 5334831n },
        stateUpdate: {
          oldHash: <Buffer 51 16 e7 c0 33 ae 03 58 a3 5d 80 a7 bd 7d d8 63 05 fd 41 d7 24 e7 ce 4d 61 fe 0c 08 dc b0 c2 4e>,
          newHash: <Buffer e6 a3 7e 04 94 fa 39 23 92 25 b3 b8 46 40 8e bd a0 d9 1d 94 a3 4c a1 47 28 11 72 7b 34 bc 4c 95>
        },
        description: {
          type: 'generic',
          creditFirst: false,
          storagePhase: [Object],
          creditPhase: [Object],
          computePhase: [Object],
          actionPhase: [Object],
          bouncePhase: undefined,
          aborted: false,
          destroyed: false
        },
        raw: x{77CCF2780E0D3E1B0B68059B4084B04A68C874235745C6D0201D62F3D2218F13600000000025317C09DC8E909CEBA62EB182B86C9C87A87218461ED2617C640FCCE75E3F85F352AE60000000001AB3F00674A4DC9000346A2CE5E}
         x{E_}
          x{6800A4BAF36B13E3AE770F28659A34B2D81F38859E8C08CF776F2BB4B44180438271001F33C9E03834F86C2DA0166D0212C129A321D08D5D171B4080758BCF48863C4D90101931000609BBB0000000000487AB02CE949B925E137A6400000000000000004_}
          x{DF_}
           x{6800F99E4F01C1A7C3616D00B3681096094D190E846AE8B8DA0403AC5E7A4431E26D0014975E6D627C75CEE1E50CB346965B03E710B3D18119EEEDE57696883008704E101119EF88060DFF5E0000000004A62F82CE949B92C_}
            x{2A004A0500000000000000000000000000000000000000000000000000000000000000000000000000000000C00814669C6B54FD8B2DD8E93AAA6E5DE45BD032703F7A61C194AB414089B0A7AA2}
         x{725116E7C033AE0358A35D80A7BD7DD86305FD41D724E7CE4D61FE0C08DCB0C24EE6A37E0494FA39239225B3B846408EBDA0D91D94A34CA1472811727B34BC4C95}
         x{04C4360789010193101867A1E811_}
          x{44E28C0A4D9000000000000000013D00000000000000000000000000000000000000000000000000000000000000000000000000000000000000000000000000000000000000000000000000000000}
          x{C9853FC04C0DFF44000000000002000000000002E314399E9181B61CA6ACAC445010D6EB366B5E165776588A9812DBEC1225A8904090296C_},
        hash: [Function: hash],
        blockchainLogs: '[ 4][t 0][2024-10-30 23:27:05.564000][transaction.cpp:443]\tunpacking account 7CCF2780E0D3E1B0B68059B4084B04A68C874235745C6D0201D62F3D2218F136\n' +
          '[ 4][t 0][2024-10-30 23:27:05.564000][transaction.cpp:274]\tlast_paid=1730330825; cells=30 bits=12911 public_cells=0\n' +
          '[ 4][t 0][2024-10-30 23:27:05.565000][transaction.cpp:504]\tend of Account.unpack() for 0:7CCF2780E0D3E1B0B68059B4084B04A68C874235745C6D0201D62F3D2218F136 (balance = 10000000ng ; last_trans_lt = 28000000..28000002)\n' +
          '[ 4][t 0][2024-10-30 23:27:05.565000][transaction.cpp:3655]\tblock random seed set to 0000000000000000000000000000000000000000000000000000000000000000\n' +
          '[ 4][t 0][2024-10-30 23:27:05.565000][transaction.cpp:1236]\tgas limits: max=191044, limit=168804, credit=0\n' +
          '[ 4][t 0][2024-10-30 23:27:05.565000][transaction.cpp:1575]\tin_msg_state is null\n' +
          '[ 4][t 0][2024-10-30 23:27:05.565000][transaction.cpp:1645]\tcreating VM\n' +
          '[ 4][t 0][2024-10-30 23:27:05.565000][transaction.cpp:1351]\tSmartContractInfo initialized with [ 124711402 0 0 1732922825 39000000 39000000 17158678860825839941702393232993838109470607978381324670400578166443069604636 [ 76417698 (null) ] CS{Cell{026dc007ccf2780e0d3e1b0b68059b4084b04a68c874235745c6d0201d62f3d2218f13623c8c9bc3391606480000000006acfc08e625a01340} bits: 1..268; refs: 0..0} C{A7EC01478F770EF8F8B037CC7E42F0ABF0D85A50E1828C2394DAD1411691F2DE} C{33BB148A451AD17F938AA7C476E48F2B79933715F13F1D58F9234A90730321A8} [ 67521600 (null) ] 1103902 (null) [ CS{Cell{004dd06600000000000000000000000080000000000000fa00000000000001f4000000000003d09040} bits: 9..305; refs: 0..0} (null) CS{Cell{0094d1000000000000006400000000000f4240de000000002710000000000000000f42400000000002160ec0000000000000271000000000002625a00000000005f5e100000000003b9aca00} bits: 0..592; refs: 0..0} CS{Cell{0094d100000000000000640000000000009c40de000000000190000000000000000f424000000000000f4240000000000000271000000000009896800000000005f5e100000000003b9aca00} bits: 0..592; refs: 0..0} CS{Cell{0042ea000000000098968000000000271000000000000f424000000001800055555555} bits: 0..264; refs: 0..0} CS{Cell{0042ea0000000000061a800000000001900000000000009c4000000001800055555555} bits: 0..264; refs: 0..0} (null) ] 0 (null) ]\n' +
          '[ 4][t 0][2024-10-30 23:27:05.565000][transaction.cpp:1675]\tstarting VM\n' +
          '[ 4][t 0][2024-10-30 23:27:05.565000][transaction.cpp:1680]\tVM terminated with exit code 0\n' +
          '[ 3][t 0][2024-10-30 23:27:05.565000][transaction.cpp:1702]\tsteps: 317 gas: used=10004, max=191044, limit=168804, credit=0\n' +
          '[ 3][t 0][2024-10-30 23:27:05.565000][transaction.cpp:1704]\tout_of_gas=false, accepted=true, success=true, time=0.000299s\n' +
          '[ 4][t 0][2024-10-30 23:27:05.565000][transaction.cpp:1737]\tgas fees: 4001600 = 26214400 * 10004 /2^16 ; price=26214400; flat rate=[40000 for 100]; remaining balance=72416098ng\n' +
          '[ 4][t 0][2024-10-30 23:27:05.565000][transaction.cpp:2448]\tstorage paid for a message: 1 cells, 620 bits\n' +
          '[ 4][t 0][2024-10-30 23:27:05.565000][transaction.cpp:2452]\tcomputed fwd fees = 688000 + 0\n',
        vmLogs: 'e implicit RET\n' +
          'execute OVER\n' +
          'execute ISNULL\n' +
          'execute NOT\n' +
          'execute PUSHCONT x7F01CA00CC\n' +
          'execute PUSHCONT x7032CA00\n' +
          'execute IFELSE\n' +
          'execute PUSHINT -1\n' +
          'execute SWAP\n' +
          'execute STI 1\n' +
          'execute STREF\n' +
          'execute implicit RET\n' +
          'execute ENDC\n' +
          'execute POP c4\n' +
          'execute implicit RET\n',
        debugLogs: '',
        events: [ [Object] ],
        parent: {
          address: 37254810366437813475271750514734067285117962570475561289538093995582013161784n,
          lt: 38000000n,
          prevTransactionHash: 19753047828227234153550540238683198359130032079957743969196130320687631376467n,
          prevTransactionLt: 36000000n,
          now: 1732922825,
          outMessagesCount: 4,
          oldStatus: 'active',
          endStatus: 'active',
          inMessage: [Object],
          outMessages: [Dictionary],
          totalFees: [Object],
          stateUpdate: [Object],
          description: [Object],
          raw: x{7525D79B589F1D73B879432CD1A596C0F9C42CF460467BBB795DA5A20C021C138000000000243D5802BABD430FE2A48544DA78798A1E9A7368F789BB9BACC7E3A8ADAE304B85720530000000002255100674A4DC900094803B67688}
           x{E_}
            x{680173A49878148A4F6041C04B952AC2638BD6A1025222AF84BFAF2C3BE5A07436D50014975E6D627C75CEE1E50CB346965B03E710B3D18119EEEDE57696883008704E10E51802DC0610E50A0000000004692682CE949B925B43D58B8000000000000000000000004_}
             x{022017D78402017D78402342770C02017D784021A13B86033916064B39B43A4B3916064B3A526E480000000800000004_}
              x{801028CD38D6A9FB165BB1D27554DCBBC8B7A064E07EF4C3832956828113614F545_}
            x{DB_}
             x{2_}
              x{2_}
               x{6800A4BAF36B13E3AE770F28659A34B2D81F38859E8C08CF776F2BB4B44180438271001F33C9E03834F86C2DA0166D0212C129A321D08D5D171B4080758BCF48863C4D90101931000609BBB0000000000487AB02CE949B92C_}
                x{BC26F4C80000000000000000}
              x{2_}
               x{6800A4BAF36B13E3AE770F28659A34B2D81F38859E8C08CF776F2BB4B4418043827100384BA6D6A6B7DF2422C44C909493A07C03CA0A1FF860A7ED8531810050149DDF10101931000609BBB0000000000487AB04CE949B92C_}
                x{BC26F4C80000000000000001}
             x{2_}
              x{2_}
               x{E00292EBCDAC4F8EB9DC3CA19668D2CB607CE2167A30233DDDBCAED2D106010E09C0000000000487AB06CE949B92C_}
                x{8B6D3812000000000000000000000000801028CD38D6A9FB165BB1D27554DCBBC8B7A064E07EF4C3832956828113614F5448684EE181_}
              x{2_}
               x{4800A4BAF36B13E3AE770F28659A34B2D81F38859E8C08CF776F2BB4B44180438271002E74930F029149EC08380972A5584C717AD4204A4455F097F5E5877CB40E86DA90BCA4015C0656E1D8000000000487AB08CE949B93E_}
                x{34_}
                 x{FF00F4A413F4BCF2C80B}
                  x{62_}
                   x{D001D0D3030171B0A301FA400120D74981010BBAF2E08820D70B0A208104FFBAF2D0898309BAF2E088545053036F04F86102F862DB3C5512DB3CF2E082}
                    x{ED44D0D401F863D200018E2FD31FFA400120D74981010BBAF2E08820D70B0A208104FFBAF2D0898309BAF2E08801D2000191D4926D01E255206C13E0F828D70B0A8309BAF2E089810101D700FA400120D74981010BBAF2E08820D70B0A208104FFBAF2D0898309BAF2E0881202D101DB3C}
                     x{6D}
                    x{0192307FE07021D749C21F953020D70B1FDE208210AFE93535BA8F5130D31F018210AFE93535BAF2E081D33FFA400120D74981010BBAF2E08820D70B0A208104FFBAF2D0898309BAF2E08801D455206C1332820898968070FB024434DB3C30037083067055206D6D6DDB3C597FE0208210B8A3AA14BAE302}
                     x{F8425220C705F2E084}
                     x{C87101CA01500701CA007001CA02500520D74981010BBAF2E08820D70B0A208104FFBAF2D0898309BAF2E088CF165003FA027001CA68236EB3917F93246EB3E2973333017001CA00E30D216EB39C7F01CA0001206EF2D08001CC95317001CA00E2C901FB00}
                      x{7F01CA00C87001CA007001CA00246EB39D7F01CA0004206EF2D0805004CC9634037001CA00E2246EB39D7F01CA0004206EF2D0805004CC9634037001CA00E27001CA00027F01CA0002C958CC}
                     x{30D31F018210B8A3AA14BAF2E081D33FFA400120D74981010BBAF2E08820D70B0A208104FFBAF2D0898309BAF2E088126C12317020FB025520DB3C03708100A07055206D6D6DDB3C587F}
                      x{F8425220C705F2E084}
                      x{C87101CA01500701CA007001CA02500520D74981010BBAF2E08820D70B0A208104FFBAF2D0898309BAF2E088CF165003FA027001CA68236EB3917F93246EB3E2973333017001CA00E30D216EB39C7F01CA0001206EF2D08001CC95317001CA00E2C901FB00}
                       x{7F01CA00C87001CA007001CA00246EB39D7F01CA0004206EF2D0805004CC9634037001CA00E2246EB39D7F01CA0004206EF2D0805004CC9634037001CA00E27001CA00027F01CA0002C958CC}
                     x{8210E601F8E5BA8ECED31F018210E601F8E5BAF2E081D33F0131820898968070FB02F8416F2410235F037083067F25206EF2D080542580C855208210B687AB175004CB1F12CB3FCB1FCCC9103441301443306D6DDB3C7FE03070}
                      x{C87101CA01500701CA007001CA02500520D74981010BBAF2E08820D70B0A208104FFBAF2D0898309BAF2E088CF165003FA027001CA68236EB3917F93246EB3E2973333017001CA00E30D216EB39C7F01CA0001206EF2D08001CC95317001CA00E2C901FB00}
                       x{7F01CA00C87001CA007001CA00246EB39D7F01CA0004206EF2D0805004CC9634037001CA00E2246EB39D7F01CA0004206EF2D0805004CC9634037001CA00E27001CA00027F01CA0002C958CC}
                    x{C8F84301CC7F01CA0055205023CB1F0120D74981010BBAF2E08820D70B0A208104FFBAF2D0898309BAF2E088CF16216EB3957F01CA00CC947032CA00E2C9ED54}
                   x{2_}
                    x{BE28EED9E6D9E3618C_}
                     x{ED44D0D401F863D200018E2FD31FFA400120D74981010BBAF2E08820D70B0A208104FFBAF2D0898309BAF2E08801D2000191D4926D01E255206C13E0F828D70B0A8309BAF2E089810101D700FA400120D74981010BBAF2E08820D70B0A208104FFBAF2D0898309BAF2E0881202D101DB3C}
                      x{6D}
                     x{21}
                    x{2_}
                     x{4}
                      x{B1D8B6CF36CF1B0C6_}
                       x{ED44D0D401F863D200018E2FD31FFA400120D74981010BBAF2E08820D70B0A208104FFBAF2D0898309BAF2E08801D2000191D4926D01E255206C13E0F828D70B0A8309BAF2E089810101D700FA400120D74981010BBAF2E08820D70B0A208104FFBAF2D0898309BAF2E0881202D101DB3C}
                        x{6D}
                       x{20}
                      x{B36436CF36CF1B0C6_}
                       x{ED44D0D401F863D200018E2FD31FFA400120D74981010BBAF2E08820D70B0A208104FFBAF2D0898309BAF2E08801D2000191D4926D01E255206C13E0F828D70B0A8309BAF2E089810101D700FA400120D74981010BBAF2E08820D70B0A208104FFBAF2D0898309BAF2E0881202D101DB3C}
                        x{6D}
                       x{22}
                     x{B82BEED44D0D20001}
                 x{0000000000000000000000000000000000000000000000000000000000000000200292EBCDAC4F8EB9DC3CA19668D2CB607CE2167A30233DDDBCAED2D106010E09C4_}
                  x{C_}
                   x{A0838F_}
                    x{FF00F4A413F4BCF2C80B}
                     x{62_}
                      x{D001D0D3030171B0A301FA400120D74981010BBAF2E08820D70B0A208104FFBAF2D0898309BAF2E088545053036F04F86102F862DB3C5512DB3CF2E082}
                       x{ED44D0D401F863D200018E2FD31FFA400120D74981010BBAF2E08820D70B0A208104FFBAF2D0898309BAF2E08801D2000191D4926D01E255206C13E0F828D70B0A8309BAF2E089810101D700FA400120D74981010BBAF2E08820D70B0A208104FFBAF2D0898309BAF2E0881202D101DB3C}
                        x{6D}
                       x{0192307FE07021D749C21F953020D70B1FDE208210AFE93535BA8F5130D31F018210AFE93535BAF2E081D33FFA400120D74981010BBAF2E08820D70B0A208104FFBAF2D0898309BAF2E08801D455206C1332820898968070FB024434DB3C30037083067055206D6D6DDB3C597FE0208210B8A3AA14BAE302}
                        x{F8425220C705F2E084}
                        x{C87101CA01500701CA007001CA02500520D74981010BBAF2E08820D70B0A208104FFBAF2D0898309BAF2E088CF165003FA027001CA68236EB3917F93246EB3E2973333017001CA00E30D216EB39C7F01CA0001206EF2D08001CC95317001CA00E2C901FB00}
                         x{7F01CA00C87001CA007001CA00246EB39D7F01CA0004206EF2D0805004CC9634037001CA00E2246EB39D7F01CA0004206EF2D0805004CC9634037001CA00E27001CA00027F01CA0002C958CC}
                        x{30D31F018210B8A3AA14BAF2E081D33FFA400120D74981010BBAF2E08820D70B0A208104FFBAF2D0898309BAF2E088126C12317020FB025520DB3C03708100A07055206D6D6DDB3C587F}
                         x{F8425220C705F2E084}
                         x{C87101CA01500701CA007001CA02500520D74981010BBAF2E08820D70B0A208104FFBAF2D0898309BAF2E088CF165003FA027001CA68236EB3917F93246EB3E2973333017001CA00E30D216EB39C7F01CA0001206EF2D08001CC95317001CA00E2C901FB00}
                          x{7F01CA00C87001CA007001CA00246EB39D7F01CA0004206EF2D0805004CC9634037001CA00E2246EB39D7F01CA0004206EF2D0805004CC9634037001CA00E27001CA00027F01CA0002C958CC}
                        x{8210E601F8E5BA8ECED31F018210E601F8E5BAF2E081D33F0131820898968070FB02F8416F2410235F037083067F25206EF2D080542580C855208210B687AB175004CB1F12CB3FCB1FCCC9103441301443306D6DDB3C7FE03070}
                         x{C87101CA01500701CA007001CA02500520D74981010BBAF2E08820D70B0A208104FFBAF2D0898309BAF2E088CF165003FA027001CA68236EB3917F93246EB3E2973333017001CA00E30D216EB39C7F01CA0001206EF2D08001CC95317001CA00E2C901FB00}
                          x{7F01CA00C87001CA007001CA00246EB39D7F01CA0004206EF2D0805004CC9634037001CA00E2246EB39D7F01CA0004206EF2D0805004CC9634037001CA00E27001CA00027F01CA0002C958CC}
                       x{C8F84301CC7F01CA0055205023CB1F0120D74981010BBAF2E08820D70B0A208104FFBAF2D0898309BAF2E088CF16216EB3957F01CA00CC947032CA00E2C9ED54}
                      x{2_}
                       x{BE28EED9E6D9E3618C_}
                        x{ED44D0D401F863D200018E2FD31FFA400120D74981010BBAF2E08820D70B0A208104FFBAF2D0898309BAF2E08801D2000191D4926D01E255206C13E0F828D70B0A8309BAF2E089810101D700FA400120D74981010BBAF2E08820D70B0A208104FFBAF2D0898309BAF2E0881202D101DB3C}
                         x{6D}
                        x{21}
                       x{2_}
                        x{4}
                         x{B1D8B6CF36CF1B0C6_}
                          x{ED44D0D401F863D200018E2FD31FFA400120D74981010BBAF2E08820D70B0A208104FFBAF2D0898309BAF2E08801D2000191D4926D01E255206C13E0F828D70B0A8309BAF2E089810101D700FA400120D74981010BBAF2E08820D70B0A208104FFBAF2D0898309BAF2E0881202D101DB3C}
                           x{6D}
                          x{20}
                         x{B36436CF36CF1B0C6_}
                          x{ED44D0D401F863D200018E2FD31FFA400120D74981010BBAF2E08820D70B0A208104FFBAF2D0898309BAF2E08801D2000191D4926D01E255206C13E0F828D70B0A8309BAF2E089810101D700FA400120D74981010BBAF2E08820D70B0A208104FFBAF2D0898309BAF2E0881202D101DB3C}
                           x{6D}
                          x{22}
                        x{B82BEED44D0D20001}
                x{B8A3AA140000000000000000801D3E5E1B0970E52ABD4EA639AED542E118FE33D2F03FE072737A6B74A8FDC2C69_}
           x{72035B75EEDD77FD62310C45AB5BB2BF9F3B1CAB3D12AF271ACDFE22B0054B0FEDF2CAEC3078018C9DE99EAE52484C079979BF7FE65E9EDDACA616982FAA2C8B43}
           x{04090E51802DD88036E99E11_}
            x{602324EC3D09000000000000000007BF00000000000000000000000000000000000000000000000000000000000000000000000000000000000000000000000000000000000000000000000000000000}
            x{C9AC8D784C8FB95000000000000A000200000008B6950366D2F21BF0537D071415C8930BAD792634E45D2AE6C2677D360FF0E32848913B24_},
          hash: [Function: hash],
          blockchainLogs: '[ 4][t 0][2024-10-30 23:27:05.557000][transaction.cpp:443]\tunpacking account 525D79B589F1D73B879432CD1A596C0F9C42CF460467BBB795DA5A20C021C138\n' +
            '[ 4][t 0][2024-10-30 23:27:05.557000][transaction.cpp:274]\tlast_paid=1732922825; cells=232 bits=84034 public_cells=0\n' +
            '[ 4][t 0][2024-10-30 23:27:05.557000][transaction.cpp:504]\tend of Account.unpack() for 0:525D79B589F1D73B879432CD1A596C0F9C42CF460467BBB795DA5A20C021C138 (balance = 1850000000ng ; last_trans_lt = 36000000..36000002)\n' +
            '[ 4][t 0][2024-10-30 23:27:05.557000][transaction.cpp:3655]\tblock random seed set to 0000000000000000000000000000000000000000000000000000000000000000\n' +
            '[ 4][t 0][2024-10-30 23:27:05.557000][transaction.cpp:1236]\tgas limits: max=1000000, limit=1000000, credit=0\n' +
            '[ 4][t 0][2024-10-30 23:27:05.557000][transaction.cpp:1575]\tin_msg_state is null\n' +
            '[ 4][t 0][2024-10-30 23:27:05.557000][transaction.cpp:1645]\tcreating VM\n' +
            '[ 4][t 0][2024-10-30 23:27:05.557000][transaction.cpp:1351]\tSmartContractInfo initialized with [ 124711402 0 0 1732922825 38000000 38000000 14068792954309835536948273256715513127174070948738620016199408580766834334284 [ 2810889015 (null) ] CS{Cell{0271c00525d79b589f1d73b879432cd1a596c0f9c42cf460467bbb795da5a20c021c1383d0c05210833a526e4800000000089544091b9130a01340} bits: 1..268; refs: 0..0} C{A7EC01478F770EF8F8B037CC7E42F0ABF0D85A50E1828C2394DAD1411691F2DE} C{42B6F0E46484EFC57B9508F6BA7EF42E7512023D5CB4ED5628DD1C7755D16E9D} [ 960889015 (null) ] 0 (null) [ CS{Cell{004dd06600000000000000000000000080000000000000fa00000000000001f4000000000003d09040} bits: 9..305; refs: 0..0} (null) CS{Cell{0094d1000000000000006400000000000f4240de000000002710000000000000000f42400000000002160ec0000000000000271000000000002625a00000000005f5e100000000003b9aca00} bits: 0..592; refs: 0..0} CS{Cell{0094d100000000000000640000000000009c40de000000000190000000000000000f424000000000000f4240000000000000271000000000009896800000000005f5e100000000003b9aca00} bits: 0..592; refs: 0..0} CS{Cell{0042ea000000000098968000000000271000000000000f424000000001800055555555} bits: 0..264; refs: 0..0} CS{Cell{0042ea0000000000061a800000000001900000000000009c4000000001800055555555} bits: 0..264; refs: 0..0} (null) ] 0 (null) ]\n' +
            '[ 4][t 0][2024-10-30 23:27:05.558000][transaction.cpp:1675]\tstarting VM\n' +
            '[ 4][t 0][2024-10-30 23:27:05.559000][transaction.cpp:1680]\tVM terminated with exit code 0\n' +
            '[ 3][t 0][2024-10-30 23:27:05.559000][transaction.cpp:1702]\tsteps: 1983 gas: used=71975, max=1000000, limit=1000000, credit=0\n' +
            '[ 3][t 0][2024-10-30 23:27:05.559000][transaction.cpp:1704]\tout_of_gas=false, accepted=true, success=true, time=0.001702s\n' +
            '[ 4][t 0][2024-10-30 23:27:05.559000][transaction.cpp:1737]\tgas fees: 28790000 = 26214400 * 71975 /2^16 ; price=26214400; flat rate=[40000 for 100]; remaining balance=2782099015ng\n' +
            '[ 3][t 0][2024-10-30 23:27:05.559000][transaction.cpp:2678]\tin try_action_reserve_currency(0)\n' +
            '[ 4][t 0][2024-10-30 23:27:05.559000][transaction.cpp:2684]\taction_reserve_currency: mode=0, reserve=1850000000ng, balance=2782099015ng, original balance=1850000000ng\n' +
            '[ 3][t 0][2024-10-30 23:27:05.559000][transaction.cpp:2729]\tchanged remaining balance to 932099015ng, reserved balance to 1850000000ng\n' +
            '[ 4][t 0][2024-10-30 23:27:05.559000][transaction.cpp:2448]\tstorage paid for a message: 1 cells, 96 bits\n' +
            '[ 4][t 0][2024-10-30 23:27:05.559000][transaction.cpp:2452]\tcomputed fwd fees = 478400 + 0\n' +
            '[ 4][t 0][2024-10-30 23:27:05.560000][transaction.cpp:2448]\tstorage paid for a message: 1 cells, 96 bits\n' +
            '[ 4][t 0][2024-10-30 23:27:05.560000][transaction.cpp:2452]\tcomputed fwd fees = 478400 + 0\n' +
            '[ 4][t 0][2024-10-30 23:27:05.560000][transaction.cpp:2448]\tstorage paid for a message: 1 cells, 431 bits\n' +
            '[ 4][t 0][2024-10-30 23:27:05.560000][transaction.cpp:2452]\tcomputed fwd fees = 612400 + 0\n' +
            '[ 4][t 0][2024-10-30 23:27:05.560000][transaction.cpp:2448]\tstorage paid for a message: 27 cells, 6976 bits\n' +
            '[ 4][t 0][2024-10-30 23:27:05.560000][transaction.cpp:2452]\tcomputed fwd fees = 4270400 + 0\n',
          vmLogs: 'xecute EQUAL\n' +
            'execute THROWIF 137\n' +
            'execute PUSHPOW2 10\n' +
            'execute EQUAL\n' +
            'execute THROWIFNOT 136\n' +
            'execute STSLICER\n' +
            'execute ENDC\n' +
            'execute ROT\n' +
            'execute STREF\n' +
            'execute ENDC\n' +
            'execute SWAP\n' +
            'execute STREF\n' +
            'execute implicit RET\n' +
            'execute ENDC\n' +
            'execute POP c4\n' +
            'execute implicit RET\n',
          debugLogs: '',
          events: [Array],
          parent: [Object],
          children: [Array],
          externals: [Array]
        },
        children: [ [Object] ],
        externals: []
      },
      {
        address: 101852738109603725607761920797369865272772728943991090530178890834824226043772n,
        lt: 40000000n,
        prevTransactionHash: 32903026438501702787612384833034683968195016853857684982629242500616594235183n,
        prevTransactionLt: 27000000n,
        now: 1732922825,
        outMessagesCount: 1,
        oldStatus: 'active',
        endStatus: 'active',
        inMessage: { info: [Object], init: null, body: x{BC26F4C80000000000000001} },
        outMessages: Dictionary { _key: [Object], _value: [Object], _map: [Map] },
        totalFees: { coins: 5334831n },
        stateUpdate: {
          oldHash: <Buffer 9c a6 91 76 7f 88 20 13 f8 bf 24 9e 59 09 5c 0d db 73 cb 23 0f bc 0a ce b5 e8 ba de 67 05 69 53>,
          newHash: <Buffer 15 fd b7 b2 48 00 5c b8 1d 80 5e de 89 72 59 39 41 ae 32 38 72 b4 df 1b a5 48 ff a7 59 62 e5 c1>
        },
        description: {
          type: 'generic',
          creditFirst: false,
          storagePhase: [Object],
          creditPhase: [Object],
          computePhase: [Object],
          actionPhase: [Object],
          bouncePhase: undefined,
          aborted: false,
          destroyed: false
        },
        raw: x{7E12E9B5A9ADF7C908B113242524E81F00F28287FE1829FB614C604014052777C0000000002625A0048BE73F86B5194945BF772320EB83CE5C9648311F4CA95DD6591139AFC5D9F2F00000000019BFCC0674A4DC9000346A2CE5E}
         x{E_}
          x{6800A4BAF36B13E3AE770F28659A34B2D81F38859E8C08CF776F2BB4B4418043827100384BA6D6A6B7DF2422C44C909493A07C03CA0A1FF860A7ED8531810050149DDF10101931000609BBB0000000000487AB04CE949B925E137A640000000000000000C_}
          x{DF_}
           x{6801C25D36B535BEF92116226484A49D03E01E5050FFC3053F6C298C080280A4EEF90014975E6D627C75CEE1E50CB346965B03E710B3D18119EEEDE57696883008704E101119EF88060DFF5E0000000004C4B402CE949B92C_}
            x{2A004A0500000000000000010000000000000000000000000000000000000000000000000000000000000000400B75A3E1A6460F415CE3721F308920C4B456F3B977F39EB26CED9155308A976CC}
         x{729CA691767F882013F8BF249E59095C0DDB73CB230FBC0ACEB5E8BADE6705695315FDB7B248005CB81D805EDE8972593941AE323872B4DF1BA548FFA75962E5C1}
         x{04C4360789010193101867A1E811_}
          x{44E28C0A4D9000000000000000013D00000000000000000000000000000000000000000000000000000000000000000000000000000000000000000000000000000000000000000000000000000000}
          x{C9853FC04C0DFF44000000000002000000000003FFB2652E35979066CAC0633284C4E8042DB1FCB29F76FDFE1F06536CEE4DA4744090296C_},
        hash: [Function: hash],
        blockchainLogs: '[ 4][t 0][2024-10-30 23:27:05.567000][transaction.cpp:443]\tunpacking account E12E9B5A9ADF7C908B113242524E81F00F28287FE1829FB614C604014052777C\n' +
          '[ 4][t 0][2024-10-30 23:27:05.567000][transaction.cpp:274]\tlast_paid=1730330825; cells=30 bits=12911 public_cells=0\n' +
          '[ 4][t 0][2024-10-30 23:27:05.567000][transaction.cpp:504]\tend of Account.unpack() for 0:E12E9B5A9ADF7C908B113242524E81F00F28287FE1829FB614C604014052777C (balance = 10000000ng ; last_trans_lt = 27000000..27000002)\n' +
          '[ 4][t 0][2024-10-30 23:27:05.567000][transaction.cpp:3655]\tblock random seed set to 0000000000000000000000000000000000000000000000000000000000000000\n' +
          '[ 4][t 0][2024-10-30 23:27:05.567000][transaction.cpp:1236]\tgas limits: max=191044, limit=168804, credit=0\n' +
          '[ 4][t 0][2024-10-30 23:27:05.567000][transaction.cpp:1575]\tin_msg_state is null\n' +
          '[ 4][t 0][2024-10-30 23:27:05.567000][transaction.cpp:1645]\tcreating VM\n' +
          '[ 4][t 0][2024-10-30 23:27:05.567000][transaction.cpp:1351]\tSmartContractInfo initialized with [ 124711402 0 0 1732922825 40000000 40000000 43870772645377937883531240781324653013999287705787709612543318804107744319189 [ 76417698 (null) ] CS{Cell{026dc00e12e9b5a9adf7c908b113242524e81f00f28287fe1829fb614c604014052777c23c8c9bc33916064800000000066ff308e625a01340} bits: 1..268; refs: 0..0} C{A7EC01478F770EF8F8B037CC7E42F0ABF0D85A50E1828C2394DAD1411691F2DE} C{33BB148A451AD17F938AA7C476E48F2B79933715F13F1D58F9234A90730321A8} [ 67521600 (null) ] 1103902 (null) [ CS{Cell{004dd06600000000000000000000000080000000000000fa00000000000001f4000000000003d09040} bits: 9..305; refs: 0..0} (null) CS{Cell{0094d1000000000000006400000000000f4240de000000002710000000000000000f42400000000002160ec0000000000000271000000000002625a00000000005f5e100000000003b9aca00} bits: 0..592; refs: 0..0} CS{Cell{0094d100000000000000640000000000009c40de000000000190000000000000000f424000000000000f4240000000000000271000000000009896800000000005f5e100000000003b9aca00} bits: 0..592; refs: 0..0} CS{Cell{0042ea000000000098968000000000271000000000000f424000000001800055555555} bits: 0..264; refs: 0..0} CS{Cell{0042ea0000000000061a800000000001900000000000009c4000000001800055555555} bits: 0..264; refs: 0..0} (null) ] 0 (null) ]\n' +
          '[ 4][t 0][2024-10-30 23:27:05.567000][transaction.cpp:1675]\tstarting VM\n' +
          '[ 4][t 0][2024-10-30 23:27:05.568000][transaction.cpp:1680]\tVM terminated with exit code 0\n' +
          '[ 3][t 0][2024-10-30 23:27:05.568000][transaction.cpp:1702]\tsteps: 317 gas: used=10004, max=191044, limit=168804, credit=0\n' +
          '[ 3][t 0][2024-10-30 23:27:05.568000][transaction.cpp:1704]\tout_of_gas=false, accepted=true, success=true, time=0.000471s\n' +
          '[ 4][t 0][2024-10-30 23:27:05.568000][transaction.cpp:1737]\tgas fees: 4001600 = 26214400 * 10004 /2^16 ; price=26214400; flat rate=[40000 for 100]; remaining balance=72416098ng\n' +
          '[ 4][t 0][2024-10-30 23:27:05.568000][transaction.cpp:2448]\tstorage paid for a message: 1 cells, 620 bits\n' +
          '[ 4][t 0][2024-10-30 23:27:05.568000][transaction.cpp:2452]\tcomputed fwd fees = 688000 + 0\n',
        vmLogs: 'e implicit RET\n' +
          'execute OVER\n' +
          'execute ISNULL\n' +
          'execute NOT\n' +
          'execute PUSHCONT x7F01CA00CC\n' +
          'execute PUSHCONT x7032CA00\n' +
          'execute IFELSE\n' +
          'execute PUSHINT -1\n' +
          'execute SWAP\n' +
          'execute STI 1\n' +
          'execute STREF\n' +
          'execute implicit RET\n' +
          'execute ENDC\n' +
          'execute POP c4\n' +
          'execute implicit RET\n',
        debugLogs: '',
        events: [ [Object] ],
        parent: {
          address: 37254810366437813475271750514734067285117962570475561289538093995582013161784n,
          lt: 38000000n,
          prevTransactionHash: 19753047828227234153550540238683198359130032079957743969196130320687631376467n,
          prevTransactionLt: 36000000n,
          now: 1732922825,
          outMessagesCount: 4,
          oldStatus: 'active',
          endStatus: 'active',
          inMessage: [Object],
          outMessages: [Dictionary],
          totalFees: [Object],
          stateUpdate: [Object],
          description: [Object],
          raw: x{7525D79B589F1D73B879432CD1A596C0F9C42CF460467BBB795DA5A20C021C138000000000243D5802BABD430FE2A48544DA78798A1E9A7368F789BB9BACC7E3A8ADAE304B85720530000000002255100674A4DC900094803B67688}
           x{E_}
            x{680173A49878148A4F6041C04B952AC2638BD6A1025222AF84BFAF2C3BE5A07436D50014975E6D627C75CEE1E50CB346965B03E710B3D18119EEEDE57696883008704E10E51802DC0610E50A0000000004692682CE949B925B43D58B8000000000000000000000004_}
             x{022017D78402017D78402342770C02017D784021A13B86033916064B39B43A4B3916064B3A526E480000000800000004_}
              x{801028CD38D6A9FB165BB1D27554DCBBC8B7A064E07EF4C3832956828113614F545_}
            x{DB_}
             x{2_}
              x{2_}
               x{6800A4BAF36B13E3AE770F28659A34B2D81F38859E8C08CF776F2BB4B44180438271001F33C9E03834F86C2DA0166D0212C129A321D08D5D171B4080758BCF48863C4D90101931000609BBB0000000000487AB02CE949B92C_}
                x{BC26F4C80000000000000000}
              x{2_}
               x{6800A4BAF36B13E3AE770F28659A34B2D81F38859E8C08CF776F2BB4B4418043827100384BA6D6A6B7DF2422C44C909493A07C03CA0A1FF860A7ED8531810050149DDF10101931000609BBB0000000000487AB04CE949B92C_}
                x{BC26F4C80000000000000001}
             x{2_}
              x{2_}
               x{E00292EBCDAC4F8EB9DC3CA19668D2CB607CE2167A30233DDDBCAED2D106010E09C0000000000487AB06CE949B92C_}
                x{8B6D3812000000000000000000000000801028CD38D6A9FB165BB1D27554DCBBC8B7A064E07EF4C3832956828113614F5448684EE181_}
              x{2_}
               x{4800A4BAF36B13E3AE770F28659A34B2D81F38859E8C08CF776F2BB4B44180438271002E74930F029149EC08380972A5584C717AD4204A4455F097F5E5877CB40E86DA90BCA4015C0656E1D8000000000487AB08CE949B93E_}
                x{34_}
                 x{FF00F4A413F4BCF2C80B}
                  x{62_}
                   x{D001D0D3030171B0A301FA400120D74981010BBAF2E08820D70B0A208104FFBAF2D0898309BAF2E088545053036F04F86102F862DB3C5512DB3CF2E082}
                    x{ED44D0D401F863D200018E2FD31FFA400120D74981010BBAF2E08820D70B0A208104FFBAF2D0898309BAF2E08801D2000191D4926D01E255206C13E0F828D70B0A8309BAF2E089810101D700FA400120D74981010BBAF2E08820D70B0A208104FFBAF2D0898309BAF2E0881202D101DB3C}
                     x{6D}
                    x{0192307FE07021D749C21F953020D70B1FDE208210AFE93535BA8F5130D31F018210AFE93535BAF2E081D33FFA400120D74981010BBAF2E08820D70B0A208104FFBAF2D0898309BAF2E08801D455206C1332820898968070FB024434DB3C30037083067055206D6D6DDB3C597FE0208210B8A3AA14BAE302}
                     x{F8425220C705F2E084}
                     x{C87101CA01500701CA007001CA02500520D74981010BBAF2E08820D70B0A208104FFBAF2D0898309BAF2E088CF165003FA027001CA68236EB3917F93246EB3E2973333017001CA00E30D216EB39C7F01CA0001206EF2D08001CC95317001CA00E2C901FB00}
                      x{7F01CA00C87001CA007001CA00246EB39D7F01CA0004206EF2D0805004CC9634037001CA00E2246EB39D7F01CA0004206EF2D0805004CC9634037001CA00E27001CA00027F01CA0002C958CC}
                     x{30D31F018210B8A3AA14BAF2E081D33FFA400120D74981010BBAF2E08820D70B0A208104FFBAF2D0898309BAF2E088126C12317020FB025520DB3C03708100A07055206D6D6DDB3C587F}
                      x{F8425220C705F2E084}
                      x{C87101CA01500701CA007001CA02500520D74981010BBAF2E08820D70B0A208104FFBAF2D0898309BAF2E088CF165003FA027001CA68236EB3917F93246EB3E2973333017001CA00E30D216EB39C7F01CA0001206EF2D08001CC95317001CA00E2C901FB00}
                       x{7F01CA00C87001CA007001CA00246EB39D7F01CA0004206EF2D0805004CC9634037001CA00E2246EB39D7F01CA0004206EF2D0805004CC9634037001CA00E27001CA00027F01CA0002C958CC}
                     x{8210E601F8E5BA8ECED31F018210E601F8E5BAF2E081D33F0131820898968070FB02F8416F2410235F037083067F25206EF2D080542580C855208210B687AB175004CB1F12CB3FCB1FCCC9103441301443306D6DDB3C7FE03070}
                      x{C87101CA01500701CA007001CA02500520D74981010BBAF2E08820D70B0A208104FFBAF2D0898309BAF2E088CF165003FA027001CA68236EB3917F93246EB3E2973333017001CA00E30D216EB39C7F01CA0001206EF2D08001CC95317001CA00E2C901FB00}
                       x{7F01CA00C87001CA007001CA00246EB39D7F01CA0004206EF2D0805004CC9634037001CA00E2246EB39D7F01CA0004206EF2D0805004CC9634037001CA00E27001CA00027F01CA0002C958CC}
                    x{C8F84301CC7F01CA0055205023CB1F0120D74981010BBAF2E08820D70B0A208104FFBAF2D0898309BAF2E088CF16216EB3957F01CA00CC947032CA00E2C9ED54}
                   x{2_}
                    x{BE28EED9E6D9E3618C_}
                     x{ED44D0D401F863D200018E2FD31FFA400120D74981010BBAF2E08820D70B0A208104FFBAF2D0898309BAF2E08801D2000191D4926D01E255206C13E0F828D70B0A8309BAF2E089810101D700FA400120D74981010BBAF2E08820D70B0A208104FFBAF2D0898309BAF2E0881202D101DB3C}
                      x{6D}
                     x{21}
                    x{2_}
                     x{4}
                      x{B1D8B6CF36CF1B0C6_}
                       x{ED44D0D401F863D200018E2FD31FFA400120D74981010BBAF2E08820D70B0A208104FFBAF2D0898309BAF2E08801D2000191D4926D01E255206C13E0F828D70B0A8309BAF2E089810101D700FA400120D74981010BBAF2E08820D70B0A208104FFBAF2D0898309BAF2E0881202D101DB3C}
                        x{6D}
                       x{20}
                      x{B36436CF36CF1B0C6_}
                       x{ED44D0D401F863D200018E2FD31FFA400120D74981010BBAF2E08820D70B0A208104FFBAF2D0898309BAF2E08801D2000191D4926D01E255206C13E0F828D70B0A8309BAF2E089810101D700FA400120D74981010BBAF2E08820D70B0A208104FFBAF2D0898309BAF2E0881202D101DB3C}
                        x{6D}
                       x{22}
                     x{B82BEED44D0D20001}
                 x{0000000000000000000000000000000000000000000000000000000000000000200292EBCDAC4F8EB9DC3CA19668D2CB607CE2167A30233DDDBCAED2D106010E09C4_}
                  x{C_}
                   x{A0838F_}
                    x{FF00F4A413F4BCF2C80B}
                     x{62_}
                      x{D001D0D3030171B0A301FA400120D74981010BBAF2E08820D70B0A208104FFBAF2D0898309BAF2E088545053036F04F86102F862DB3C5512DB3CF2E082}
                       x{ED44D0D401F863D200018E2FD31FFA400120D74981010BBAF2E08820D70B0A208104FFBAF2D0898309BAF2E08801D2000191D4926D01E255206C13E0F828D70B0A8309BAF2E089810101D700FA400120D74981010BBAF2E08820D70B0A208104FFBAF2D0898309BAF2E0881202D101DB3C}
                        x{6D}
                       x{0192307FE07021D749C21F953020D70B1FDE208210AFE93535BA8F5130D31F018210AFE93535BAF2E081D33FFA400120D74981010BBAF2E08820D70B0A208104FFBAF2D0898309BAF2E08801D455206C1332820898968070FB024434DB3C30037083067055206D6D6DDB3C597FE0208210B8A3AA14BAE302}
                        x{F8425220C705F2E084}
                        x{C87101CA01500701CA007001CA02500520D74981010BBAF2E08820D70B0A208104FFBAF2D0898309BAF2E088CF165003FA027001CA68236EB3917F93246EB3E2973333017001CA00E30D216EB39C7F01CA0001206EF2D08001CC95317001CA00E2C901FB00}
                         x{7F01CA00C87001CA007001CA00246EB39D7F01CA0004206EF2D0805004CC9634037001CA00E2246EB39D7F01CA0004206EF2D0805004CC9634037001CA00E27001CA00027F01CA0002C958CC}
                        x{30D31F018210B8A3AA14BAF2E081D33FFA400120D74981010BBAF2E08820D70B0A208104FFBAF2D0898309BAF2E088126C12317020FB025520DB3C03708100A07055206D6D6DDB3C587F}
                         x{F8425220C705F2E084}
                         x{C87101CA01500701CA007001CA02500520D74981010BBAF2E08820D70B0A208104FFBAF2D0898309BAF2E088CF165003FA027001CA68236EB3917F93246EB3E2973333017001CA00E30D216EB39C7F01CA0001206EF2D08001CC95317001CA00E2C901FB00}
                          x{7F01CA00C87001CA007001CA00246EB39D7F01CA0004206EF2D0805004CC9634037001CA00E2246EB39D7F01CA0004206EF2D0805004CC9634037001CA00E27001CA00027F01CA0002C958CC}
                        x{8210E601F8E5BA8ECED31F018210E601F8E5BAF2E081D33F0131820898968070FB02F8416F2410235F037083067F25206EF2D080542580C855208210B687AB175004CB1F12CB3FCB1FCCC9103441301443306D6DDB3C7FE03070}
                         x{C87101CA01500701CA007001CA02500520D74981010BBAF2E08820D70B0A208104FFBAF2D0898309BAF2E088CF165003FA027001CA68236EB3917F93246EB3E2973333017001CA00E30D216EB39C7F01CA0001206EF2D08001CC95317001CA00E2C901FB00}
                          x{7F01CA00C87001CA007001CA00246EB39D7F01CA0004206EF2D0805004CC9634037001CA00E2246EB39D7F01CA0004206EF2D0805004CC9634037001CA00E27001CA00027F01CA0002C958CC}
                       x{C8F84301CC7F01CA0055205023CB1F0120D74981010BBAF2E08820D70B0A208104FFBAF2D0898309BAF2E088CF16216EB3957F01CA00CC947032CA00E2C9ED54}
                      x{2_}
                       x{BE28EED9E6D9E3618C_}
                        x{ED44D0D401F863D200018E2FD31FFA400120D74981010BBAF2E08820D70B0A208104FFBAF2D0898309BAF2E08801D2000191D4926D01E255206C13E0F828D70B0A8309BAF2E089810101D700FA400120D74981010BBAF2E08820D70B0A208104FFBAF2D0898309BAF2E0881202D101DB3C}
                         x{6D}
                        x{21}
                       x{2_}
                        x{4}
                         x{B1D8B6CF36CF1B0C6_}
                          x{ED44D0D401F863D200018E2FD31FFA400120D74981010BBAF2E08820D70B0A208104FFBAF2D0898309BAF2E08801D2000191D4926D01E255206C13E0F828D70B0A8309BAF2E089810101D700FA400120D74981010BBAF2E08820D70B0A208104FFBAF2D0898309BAF2E0881202D101DB3C}
                           x{6D}
                          x{20}
                         x{B36436CF36CF1B0C6_}
                          x{ED44D0D401F863D200018E2FD31FFA400120D74981010BBAF2E08820D70B0A208104FFBAF2D0898309BAF2E08801D2000191D4926D01E255206C13E0F828D70B0A8309BAF2E089810101D700FA400120D74981010BBAF2E08820D70B0A208104FFBAF2D0898309BAF2E0881202D101DB3C}
                           x{6D}
                          x{22}
                        x{B82BEED44D0D20001}
                x{B8A3AA140000000000000000801D3E5E1B0970E52ABD4EA639AED542E118FE33D2F03FE072737A6B74A8FDC2C69_}
           x{72035B75EEDD77FD62310C45AB5BB2BF9F3B1CAB3D12AF271ACDFE22B0054B0FEDF2CAEC3078018C9DE99EAE52484C079979BF7FE65E9EDDACA616982FAA2C8B43}
           x{04090E51802DD88036E99E11_}
            x{602324EC3D09000000000000000007BF00000000000000000000000000000000000000000000000000000000000000000000000000000000000000000000000000000000000000000000000000000000}
            x{C9AC8D784C8FB95000000000000A000200000008B6950366D2F21BF0537D071415C8930BAD792634E45D2AE6C2677D360FF0E32848913B24_},
          hash: [Function: hash],
          blockchainLogs: '[ 4][t 0][2024-10-30 23:27:05.557000][transaction.cpp:443]\tunpacking account 525D79B589F1D73B879432CD1A596C0F9C42CF460467BBB795DA5A20C021C138\n' +
            '[ 4][t 0][2024-10-30 23:27:05.557000][transaction.cpp:274]\tlast_paid=1732922825; cells=232 bits=84034 public_cells=0\n' +
            '[ 4][t 0][2024-10-30 23:27:05.557000][transaction.cpp:504]\tend of Account.unpack() for 0:525D79B589F1D73B879432CD1A596C0F9C42CF460467BBB795DA5A20C021C138 (balance = 1850000000ng ; last_trans_lt = 36000000..36000002)\n' +
            '[ 4][t 0][2024-10-30 23:27:05.557000][transaction.cpp:3655]\tblock random seed set to 0000000000000000000000000000000000000000000000000000000000000000\n' +
            '[ 4][t 0][2024-10-30 23:27:05.557000][transaction.cpp:1236]\tgas limits: max=1000000, limit=1000000, credit=0\n' +
            '[ 4][t 0][2024-10-30 23:27:05.557000][transaction.cpp:1575]\tin_msg_state is null\n' +
            '[ 4][t 0][2024-10-30 23:27:05.557000][transaction.cpp:1645]\tcreating VM\n' +
            '[ 4][t 0][2024-10-30 23:27:05.557000][transaction.cpp:1351]\tSmartContractInfo initialized with [ 124711402 0 0 1732922825 38000000 38000000 14068792954309835536948273256715513127174070948738620016199408580766834334284 [ 2810889015 (null) ] CS{Cell{0271c00525d79b589f1d73b879432cd1a596c0f9c42cf460467bbb795da5a20c021c1383d0c05210833a526e4800000000089544091b9130a01340} bits: 1..268; refs: 0..0} C{A7EC01478F770EF8F8B037CC7E42F0ABF0D85A50E1828C2394DAD1411691F2DE} C{42B6F0E46484EFC57B9508F6BA7EF42E7512023D5CB4ED5628DD1C7755D16E9D} [ 960889015 (null) ] 0 (null) [ CS{Cell{004dd06600000000000000000000000080000000000000fa00000000000001f4000000000003d09040} bits: 9..305; refs: 0..0} (null) CS{Cell{0094d1000000000000006400000000000f4240de000000002710000000000000000f42400000000002160ec0000000000000271000000000002625a00000000005f5e100000000003b9aca00} bits: 0..592; refs: 0..0} CS{Cell{0094d100000000000000640000000000009c40de000000000190000000000000000f424000000000000f4240000000000000271000000000009896800000000005f5e100000000003b9aca00} bits: 0..592; refs: 0..0} CS{Cell{0042ea000000000098968000000000271000000000000f424000000001800055555555} bits: 0..264; refs: 0..0} CS{Cell{0042ea0000000000061a800000000001900000000000009c4000000001800055555555} bits: 0..264; refs: 0..0} (null) ] 0 (null) ]\n' +
            '[ 4][t 0][2024-10-30 23:27:05.558000][transaction.cpp:1675]\tstarting VM\n' +
            '[ 4][t 0][2024-10-30 23:27:05.559000][transaction.cpp:1680]\tVM terminated with exit code 0\n' +
            '[ 3][t 0][2024-10-30 23:27:05.559000][transaction.cpp:1702]\tsteps: 1983 gas: used=71975, max=1000000, limit=1000000, credit=0\n' +
            '[ 3][t 0][2024-10-30 23:27:05.559000][transaction.cpp:1704]\tout_of_gas=false, accepted=true, success=true, time=0.001702s\n' +
            '[ 4][t 0][2024-10-30 23:27:05.559000][transaction.cpp:1737]\tgas fees: 28790000 = 26214400 * 71975 /2^16 ; price=26214400; flat rate=[40000 for 100]; remaining balance=2782099015ng\n' +
            '[ 3][t 0][2024-10-30 23:27:05.559000][transaction.cpp:2678]\tin try_action_reserve_currency(0)\n' +
            '[ 4][t 0][2024-10-30 23:27:05.559000][transaction.cpp:2684]\taction_reserve_currency: mode=0, reserve=1850000000ng, balance=2782099015ng, original balance=1850000000ng\n' +
            '[ 3][t 0][2024-10-30 23:27:05.559000][transaction.cpp:2729]\tchanged remaining balance to 932099015ng, reserved balance to 1850000000ng\n' +
            '[ 4][t 0][2024-10-30 23:27:05.559000][transaction.cpp:2448]\tstorage paid for a message: 1 cells, 96 bits\n' +
            '[ 4][t 0][2024-10-30 23:27:05.559000][transaction.cpp:2452]\tcomputed fwd fees = 478400 + 0\n' +
            '[ 4][t 0][2024-10-30 23:27:05.560000][transaction.cpp:2448]\tstorage paid for a message: 1 cells, 96 bits\n' +
            '[ 4][t 0][2024-10-30 23:27:05.560000][transaction.cpp:2452]\tcomputed fwd fees = 478400 + 0\n' +
            '[ 4][t 0][2024-10-30 23:27:05.560000][transaction.cpp:2448]\tstorage paid for a message: 1 cells, 431 bits\n' +
            '[ 4][t 0][2024-10-30 23:27:05.560000][transaction.cpp:2452]\tcomputed fwd fees = 612400 + 0\n' +
            '[ 4][t 0][2024-10-30 23:27:05.560000][transaction.cpp:2448]\tstorage paid for a message: 27 cells, 6976 bits\n' +
            '[ 4][t 0][2024-10-30 23:27:05.560000][transaction.cpp:2452]\tcomputed fwd fees = 4270400 + 0\n',
          vmLogs: 'xecute EQUAL\n' +
            'execute THROWIF 137\n' +
            'execute PUSHPOW2 10\n' +
            'execute EQUAL\n' +
            'execute THROWIFNOT 136\n' +
            'execute STSLICER\n' +
            'execute ENDC\n' +
            'execute ROT\n' +
            'execute STREF\n' +
            'execute ENDC\n' +
            'execute SWAP\n' +
            'execute STREF\n' +
            'execute implicit RET\n' +
            'execute ENDC\n' +
            'execute POP c4\n' +
            'execute implicit RET\n',
          debugLogs: '',
          events: [Array],
          parent: [Object],
          children: [Array],
          externals: [Array]
        },
        children: [ [Object] ],
        externals: []
      },
      {
        address: 84049441022908470316622795825605090351520748406577698494615284512509455375210n,
        lt: 41000000n,
        prevTransactionHash: 65304776722132649214986956096579394202800180464159916105095562646978826673793n,
        prevTransactionLt: 37000000n,
        now: 1732922825,
        outMessagesCount: 1,
        oldStatus: 'active',
        endStatus: 'non-existing',
        inMessage: {
          info: [Object],
          init: [Object],
          body: x{B8A3AA140000000000000000801D3E5E1B0970E52ABD4EA639AED542E118FE33D2F03FE072737A6B74A8FDC2C69_}
        },
        outMessages: Dictionary { _key: [Object], _value: [Object], _map: [Map] },
        totalFees: { coins: 3532131n },
        stateUpdate: {
          oldHash: <Buffer ad d6 d4 64 78 0d d7 2c 3c 10 0b c0 94 fc eb 53 f3 8b 66 c2 3e 75 d6 12 83 79 01 20 1e 7d a4 26>,
          newHash: <Buffer 90 ae c8 96 5a fa bb 16 eb c3 cb 9b 40 8e ba e7 1b 61 8d 78 78 8b c8 0d 09 84 35 93 ca c9 8d a4>
        },
        description: {
          type: 'generic',
          creditFirst: true,
          storagePhase: [Object],
          creditPhase: [Object],
          computePhase: [Object],
          actionPhase: [Object],
          bouncePhase: undefined,
          aborted: false,
          destroyed: true
        },
        raw: x{7B9D24C3C0A4527B020E025CA956131C5EB5081291157C25FD7961DF2D03A1B6A0000000002719C409061319ADEBA64B31C4BC810E3538DE1655056F08BE2B846C8733DF9D4A51E810000000002349340674A4DC90003666BCAC6}
         x{E_}
          x{4800A4BAF36B13E3AE770F28659A34B2D81F38859E8C08CF776F2BB4B44180438271002E74930F029149EC08380972A5584C717AD4204A4455F097F5E5877CB40E86DA90BCA4015C0656E1D8000000000487AB08CE949B93E_}
           x{34_}
            x{FF00F4A413F4BCF2C80B}
             x{62_}
              x{D001D0D3030171B0A301FA400120D74981010BBAF2E08820D70B0A208104FFBAF2D0898309BAF2E088545053036F04F86102F862DB3C5512DB3CF2E082}
               x{ED44D0D401F863D200018E2FD31FFA400120D74981010BBAF2E08820D70B0A208104FFBAF2D0898309BAF2E08801D2000191D4926D01E255206C13E0F828D70B0A8309BAF2E089810101D700FA400120D74981010BBAF2E08820D70B0A208104FFBAF2D0898309BAF2E0881202D101DB3C}
                x{6D}
               x{0192307FE07021D749C21F953020D70B1FDE208210AFE93535BA8F5130D31F018210AFE93535BAF2E081D33FFA400120D74981010BBAF2E08820D70B0A208104FFBAF2D0898309BAF2E08801D455206C1332820898968070FB024434DB3C30037083067055206D6D6DDB3C597FE0208210B8A3AA14BAE302}
                x{F8425220C705F2E084}
                x{C87101CA01500701CA007001CA02500520D74981010BBAF2E08820D70B0A208104FFBAF2D0898309BAF2E088CF165003FA027001CA68236EB3917F93246EB3E2973333017001CA00E30D216EB39C7F01CA0001206EF2D08001CC95317001CA00E2C901FB00}
                 x{7F01CA00C87001CA007001CA00246EB39D7F01CA0004206EF2D0805004CC9634037001CA00E2246EB39D7F01CA0004206EF2D0805004CC9634037001CA00E27001CA00027F01CA0002C958CC}
                x{30D31F018210B8A3AA14BAF2E081D33FFA400120D74981010BBAF2E08820D70B0A208104FFBAF2D0898309BAF2E088126C12317020FB025520DB3C03708100A07055206D6D6DDB3C587F}
                 x{F8425220C705F2E084}
                 x{C87101CA01500701CA007001CA02500520D74981010BBAF2E08820D70B0A208104FFBAF2D0898309BAF2E088CF165003FA027001CA68236EB3917F93246EB3E2973333017001CA00E30D216EB39C7F01CA0001206EF2D08001CC95317001CA00E2C901FB00}
                  x{7F01CA00C87001CA007001CA00246EB39D7F01CA0004206EF2D0805004CC9634037001CA00E2246EB39D7F01CA0004206EF2D0805004CC9634037001CA00E27001CA00027F01CA0002C958CC}
                x{8210E601F8E5BA8ECED31F018210E601F8E5BAF2E081D33F0131820898968070FB02F8416F2410235F037083067F25206EF2D080542580C855208210B687AB175004CB1F12CB3FCB1FCCC9103441301443306D6DDB3C7FE03070}
                 x{C87101CA01500701CA007001CA02500520D74981010BBAF2E08820D70B0A208104FFBAF2D0898309BAF2E088CF165003FA027001CA68236EB3917F93246EB3E2973333017001CA00E30D216EB39C7F01CA0001206EF2D08001CC95317001CA00E2C901FB00}
                  x{7F01CA00C87001CA007001CA00246EB39D7F01CA0004206EF2D0805004CC9634037001CA00E2246EB39D7F01CA0004206EF2D0805004CC9634037001CA00E27001CA00027F01CA0002C958CC}
               x{C8F84301CC7F01CA0055205023CB1F0120D74981010BBAF2E08820D70B0A208104FFBAF2D0898309BAF2E088CF16216EB3957F01CA00CC947032CA00E2C9ED54}
              x{2_}
               x{BE28EED9E6D9E3618C_}
                x{ED44D0D401F863D200018E2FD31FFA400120D74981010BBAF2E08820D70B0A208104FFBAF2D0898309BAF2E08801D2000191D4926D01E255206C13E0F828D70B0A8309BAF2E089810101D700FA400120D74981010BBAF2E08820D70B0A208104FFBAF2D0898309BAF2E0881202D101DB3C}
                 x{6D}
                x{21}
               x{2_}
                x{4}
                 x{B1D8B6CF36CF1B0C6_}
                  x{ED44D0D401F863D200018E2FD31FFA400120D74981010BBAF2E08820D70B0A208104FFBAF2D0898309BAF2E08801D2000191D4926D01E255206C13E0F828D70B0A8309BAF2E089810101D700FA400120D74981010BBAF2E08820D70B0A208104FFBAF2D0898309BAF2E0881202D101DB3C}
                   x{6D}
                  x{20}
                 x{B36436CF36CF1B0C6_}
                  x{ED44D0D401F863D200018E2FD31FFA400120D74981010BBAF2E08820D70B0A208104FFBAF2D0898309BAF2E08801D2000191D4926D01E255206C13E0F828D70B0A8309BAF2E089810101D700FA400120D74981010BBAF2E08820D70B0A208104FFBAF2D0898309BAF2E0881202D101DB3C}
                   x{6D}
                  x{22}
                x{B82BEED44D0D20001}
            x{0000000000000000000000000000000000000000000000000000000000000000200292EBCDAC4F8EB9DC3CA19668D2CB607CE2167A30233DDDBCAED2D106010E09C4_}
             x{C_}
              x{A0838F_}
               x{FF00F4A413F4BCF2C80B}
                x{62_}
                 x{D001D0D3030171B0A301FA400120D74981010BBAF2E08820D70B0A208104FFBAF2D0898309BAF2E088545053036F04F86102F862DB3C5512DB3CF2E082}
                  x{ED44D0D401F863D200018E2FD31FFA400120D74981010BBAF2E08820D70B0A208104FFBAF2D0898309BAF2E08801D2000191D4926D01E255206C13E0F828D70B0A8309BAF2E089810101D700FA400120D74981010BBAF2E08820D70B0A208104FFBAF2D0898309BAF2E0881202D101DB3C}
                   x{6D}
                  x{0192307FE07021D749C21F953020D70B1FDE208210AFE93535BA8F5130D31F018210AFE93535BAF2E081D33FFA400120D74981010BBAF2E08820D70B0A208104FFBAF2D0898309BAF2E08801D455206C1332820898968070FB024434DB3C30037083067055206D6D6DDB3C597FE0208210B8A3AA14BAE302}
                   x{F8425220C705F2E084}
                   x{C87101CA01500701CA007001CA02500520D74981010BBAF2E08820D70B0A208104FFBAF2D0898309BAF2E088CF165003FA027001CA68236EB3917F93246EB3E2973333017001CA00E30D216EB39C7F01CA0001206EF2D08001CC95317001CA00E2C901FB00}
                    x{7F01CA00C87001CA007001CA00246EB39D7F01CA0004206EF2D0805004CC9634037001CA00E2246EB39D7F01CA0004206EF2D0805004CC9634037001CA00E27001CA00027F01CA0002C958CC}
                   x{30D31F018210B8A3AA14BAF2E081D33FFA400120D74981010BBAF2E08820D70B0A208104FFBAF2D0898309BAF2E088126C12317020FB025520DB3C03708100A07055206D6D6DDB3C587F}
                    x{F8425220C705F2E084}
                    x{C87101CA01500701CA007001CA02500520D74981010BBAF2E08820D70B0A208104FFBAF2D0898309BAF2E088CF165003FA027001CA68236EB3917F93246EB3E2973333017001CA00E30D216EB39C7F01CA0001206EF2D08001CC95317001CA00E2C901FB00}
                     x{7F01CA00C87001CA007001CA00246EB39D7F01CA0004206EF2D0805004CC9634037001CA00E2246EB39D7F01CA0004206EF2D0805004CC9634037001CA00E27001CA00027F01CA0002C958CC}
                   x{8210E601F8E5BA8ECED31F018210E601F8E5BAF2E081D33F0131820898968070FB02F8416F2410235F037083067F25206EF2D080542580C855208210B687AB175004CB1F12CB3FCB1FCCC9103441301443306D6DDB3C7FE03070}
                    x{C87101CA01500701CA007001CA02500520D74981010BBAF2E08820D70B0A208104FFBAF2D0898309BAF2E088CF165003FA027001CA68236EB3917F93246EB3E2973333017001CA00E30D216EB39C7F01CA0001206EF2D08001CC95317001CA00E2C901FB00}
                     x{7F01CA00C87001CA007001CA00246EB39D7F01CA0004206EF2D0805004CC9634037001CA00E2246EB39D7F01CA0004206EF2D0805004CC9634037001CA00E27001CA00027F01CA0002C958CC}
                  x{C8F84301CC7F01CA0055205023CB1F0120D74981010BBAF2E08820D70B0A208104FFBAF2D0898309BAF2E088CF16216EB3957F01CA00CC947032CA00E2C9ED54}
                 x{2_}
                  x{BE28EED9E6D9E3618C_}
                   x{ED44D0D401F863D200018E2FD31FFA400120D74981010BBAF2E08820D70B0A208104FFBAF2D0898309BAF2E08801D2000191D4926D01E255206C13E0F828D70B0A8309BAF2E089810101D700FA400120D74981010BBAF2E08820D70B0A208104FFBAF2D0898309BAF2E0881202D101DB3C}
                    x{6D}
                   x{21}
                  x{2_}
                   x{4}
                    x{B1D8B6CF36CF1B0C6_}
                     x{ED44D0D401F863D200018E2FD31FFA400120D74981010BBAF2E08820D70B0A208104FFBAF2D0898309BAF2E08801D2000191D4926D01E255206C13E0F828D70B0A8309BAF2E089810101D700FA400120D74981010BBAF2E08820D70B0A208104FFBAF2D0898309BAF2E0881202D101DB3C}
                      x{6D}
                     x{20}
                    x{B36436CF36CF1B0C6_}
                     x{ED44D0D401F863D200018E2FD31FFA400120D74981010BBAF2E08820D70B0A208104FFBAF2D0898309BAF2E08801D2000191D4926D01E255206C13E0F828D70B0A8309BAF2E089810101D700FA400120D74981010BBAF2E08820D70B0A208104FFBAF2D0898309BAF2E0881202D101DB3C}
                      x{6D}
                     x{22}
                   x{B82BEED44D0D20001}
           x{B8A3AA140000000000000000801D3E5E1B0970E52ABD4EA639AED542E118FE33D2F03FE072737A6B74A8FDC2C69_}
          x{DF_}
           x{480173A49878148A4F6041C04B952AC2638BD6A1025222AF84BFAF2C3BE5A07436D5003A7CBC3612E1CA557A9D4C735DAA85C231FC67A5E07FC0E4E6F4D6E951FB858D10BE1E7F1C0608235A0000000004E33882CE949B924_}
         x{72ADD6D464780DD72C3C100BC094FCEB53F38B66C23E75D612837901201E7DA42690AEC8965AFABB16EBC3CB9B408EBAE71B618D78788BC80D09843593CAC98DA4}
         x{0C090BCA4015D8667B9213_}
          x{44262C3D09000000000000000000FA00000000000000000000000000000000000000000000000000000000000000000000000000000000000000000000000000000000000000000000000000000000}
          x{DCC186A0260411A6000000000002000100000001F01808E7C65384854FD0A4F77793F95695733B675EB306C4FAC3CFF546A3D22720280B06_},
        hash: [Function: hash],
        blockchainLogs: '[ 4][t 0][2024-10-30 23:27:05.570000][transaction.cpp:443]\tunpacking account B9D24C3C0A4527B020E025CA956131C5EB5081291157C25FD7961DF2D03A1B6A\n' +
          '[ 4][t 0][2024-10-30 23:27:05.570000][transaction.cpp:274]\tlast_paid=1732922825; cells=28 bits=7131 public_cells=0\n' +
          '[ 4][t 0][2024-10-30 23:27:05.570000][transaction.cpp:504]\tend of Account.unpack() for 0:B9D24C3C0A4527B020E025CA956131C5EB5081291157C25FD7961DF2D03A1B6A (balance = 10000000ng ; last_trans_lt = 37000000..37000002)\n' +
          '[ 4][t 0][2024-10-30 23:27:05.570000][transaction.cpp:3655]\tblock random seed set to 0000000000000000000000000000000000000000000000000000000000000000\n' +
          '[ 4][t 0][2024-10-30 23:27:05.570000][transaction.cpp:1236]\tgas limits: max=1000000, limit=1000000, credit=0\n' +
          '[ 4][t 0][2024-10-30 23:27:05.570000][transaction.cpp:1571]\tHASH(in_msg_state) = B9D24C3C0A4527B020E025CA956131C5EB5081291157C25FD7961DF2D03A1B6A, account_state_hash = 0000000000000000000000000000000000000000000000000000000000000000\n' +
          '[ 4][t 0][2024-10-30 23:27:05.570000][transaction.cpp:1645]\tcreating VM\n' +
          '[ 4][t 0][2024-10-30 23:27:05.570000][transaction.cpp:1351]\tSmartContractInfo initialized with [ 124711402 0 0 1732922825 41000000 41000000 84630195367514639409622924175749312199831056191303332875639359062248049886761 [ 801216215 (null) ] CS{Cell{026dc00b9d24c3c0a4527b020e025ca956131c5eb5081291157c25fd7961df2d03a1b6a23886f6c33a526e480000000008d24d08e625a01340} bits: 1..268; refs: 0..0} C{A7EC01478F770EF8F8B037CC7E42F0ABF0D85A50E1828C2394DAD1411691F2DE} C{F2179DCD5CFD8A1E113288591FFB7A5E10E107D0D2C36DF69E40398023DAA7B1} [ 791216215 (null) ] 0 (null) [ CS{Cell{004dd06600000000000000000000000080000000000000fa00000000000001f4000000000003d09040} bits: 9..305; refs: 0..0} (null) CS{Cell{0094d1000000000000006400000000000f4240de000000002710000000000000000f42400000000002160ec0000000000000271000000000002625a00000000005f5e100000000003b9aca00} bits: 0..592; refs: 0..0} CS{Cell{0094d100000000000000640000000000009c40de000000000190000000000000000f424000000000000f4240000000000000271000000000009896800000000005f5e100000000003b9aca00} bits: 0..592; refs: 0..0} CS{Cell{0042ea000000000098968000000000271000000000000f424000000001800055555555} bits: 0..264; refs: 0..0} CS{Cell{0042ea0000000000061a800000000001900000000000009c4000000001800055555555} bits: 0..264; refs: 0..0} (null) ] 0 (null) ]\n' +
          '[ 4][t 0][2024-10-30 23:27:05.570000][transaction.cpp:1675]\tstarting VM\n' +
          '[ 4][t 0][2024-10-30 23:27:05.571000][transaction.cpp:1680]\tVM terminated with exit code 0\n' +
          '[ 3][t 0][2024-10-30 23:27:05.571000][transaction.cpp:1702]\tsteps: 250 gas: used=8497, max=1000000, limit=1000000, credit=0\n' +
          '[ 3][t 0][2024-10-30 23:27:05.571000][transaction.cpp:1704]\tout_of_gas=false, accepted=true, success=true, time=0.000411s\n' +
          '[ 4][t 0][2024-10-30 23:27:05.571000][transaction.cpp:1737]\tgas fees: 3398800 = 26214400 * 8497 /2^16 ; price=26214400; flat rate=[40000 for 100]; remaining balance=797817415ng\n' +
          '[ 3][t 0][2024-10-30 23:27:05.571000][transaction.cpp:2678]\tin try_action_reserve_currency(0)\n' +
          '[ 4][t 0][2024-10-30 23:27:05.571000][transaction.cpp:2684]\taction_reserve_currency: mode=0, reserve=0ng, balance=797817415ng, original balance=10000000ng\n' +
          '[ 3][t 0][2024-10-30 23:27:05.571000][transaction.cpp:2729]\tchanged remaining balance to 797817415ng, reserved balance to 0ng\n' +
          '[ 4][t 0][2024-10-30 23:27:05.571000][transaction.cpp:2448]\tstorage paid for a message: 0 cells, 0 bits\n' +
          '[ 4][t 0][2024-10-30 23:27:05.571000][transaction.cpp:2452]\tcomputed fwd fees = 400000 + 0\n',
        vmLogs: 'ecute STSLICER\n' +
          'execute OVER\n' +
          'execute ISNULL\n' +
          'execute NOT\n' +
          'execute PUSHCONT x7F01CA00CC\n' +
          'execute PUSHCONT x7032CA00\n' +
          'execute IFELSE\n' +
          'execute PUSHINT -1\n' +
          'execute SWAP\n' +
          'execute STI 1\n' +
          'execute STREF\n' +
          'execute implicit RET\n' +
          'execute ENDC\n' +
          'execute POP c4\n' +
          'execute implicit RET\n',
        debugLogs: '',
        events: [ [Object], [Object] ],
        parent: {
          address: 37254810366437813475271750514734067285117962570475561289538093995582013161784n,
          lt: 38000000n,
          prevTransactionHash: 19753047828227234153550540238683198359130032079957743969196130320687631376467n,
          prevTransactionLt: 36000000n,
          now: 1732922825,
          outMessagesCount: 4,
          oldStatus: 'active',
          endStatus: 'active',
          inMessage: [Object],
          outMessages: [Dictionary],
          totalFees: [Object],
          stateUpdate: [Object],
          description: [Object],
          raw: x{7525D79B589F1D73B879432CD1A596C0F9C42CF460467BBB795DA5A20C021C138000000000243D5802BABD430FE2A48544DA78798A1E9A7368F789BB9BACC7E3A8ADAE304B85720530000000002255100674A4DC900094803B67688}
           x{E_}
            x{680173A49878148A4F6041C04B952AC2638BD6A1025222AF84BFAF2C3BE5A07436D50014975E6D627C75CEE1E50CB346965B03E710B3D18119EEEDE57696883008704E10E51802DC0610E50A0000000004692682CE949B925B43D58B8000000000000000000000004_}
             x{022017D78402017D78402342770C02017D784021A13B86033916064B39B43A4B3916064B3A526E480000000800000004_}
              x{801028CD38D6A9FB165BB1D27554DCBBC8B7A064E07EF4C3832956828113614F545_}
            x{DB_}
             x{2_}
              x{2_}
               x{6800A4BAF36B13E3AE770F28659A34B2D81F38859E8C08CF776F2BB4B44180438271001F33C9E03834F86C2DA0166D0212C129A321D08D5D171B4080758BCF48863C4D90101931000609BBB0000000000487AB02CE949B92C_}
                x{BC26F4C80000000000000000}
              x{2_}
               x{6800A4BAF36B13E3AE770F28659A34B2D81F38859E8C08CF776F2BB4B4418043827100384BA6D6A6B7DF2422C44C909493A07C03CA0A1FF860A7ED8531810050149DDF10101931000609BBB0000000000487AB04CE949B92C_}
                x{BC26F4C80000000000000001}
             x{2_}
              x{2_}
               x{E00292EBCDAC4F8EB9DC3CA19668D2CB607CE2167A30233DDDBCAED2D106010E09C0000000000487AB06CE949B92C_}
                x{8B6D3812000000000000000000000000801028CD38D6A9FB165BB1D27554DCBBC8B7A064E07EF4C3832956828113614F5448684EE181_}
              x{2_}
               x{4800A4BAF36B13E3AE770F28659A34B2D81F38859E8C08CF776F2BB4B44180438271002E74930F029149EC08380972A5584C717AD4204A4455F097F5E5877CB40E86DA90BCA4015C0656E1D8000000000487AB08CE949B93E_}
                x{34_}
                 x{FF00F4A413F4BCF2C80B}
                  x{62_}
                   x{D001D0D3030171B0A301FA400120D74981010BBAF2E08820D70B0A208104FFBAF2D0898309BAF2E088545053036F04F86102F862DB3C5512DB3CF2E082}
                    x{ED44D0D401F863D200018E2FD31FFA400120D74981010BBAF2E08820D70B0A208104FFBAF2D0898309BAF2E08801D2000191D4926D01E255206C13E0F828D70B0A8309BAF2E089810101D700FA400120D74981010BBAF2E08820D70B0A208104FFBAF2D0898309BAF2E0881202D101DB3C}
                     x{6D}
                    x{0192307FE07021D749C21F953020D70B1FDE208210AFE93535BA8F5130D31F018210AFE93535BAF2E081D33FFA400120D74981010BBAF2E08820D70B0A208104FFBAF2D0898309BAF2E08801D455206C1332820898968070FB024434DB3C30037083067055206D6D6DDB3C597FE0208210B8A3AA14BAE302}
                     x{F8425220C705F2E084}
                     x{C87101CA01500701CA007001CA02500520D74981010BBAF2E08820D70B0A208104FFBAF2D0898309BAF2E088CF165003FA027001CA68236EB3917F93246EB3E2973333017001CA00E30D216EB39C7F01CA0001206EF2D08001CC95317001CA00E2C901FB00}
                      x{7F01CA00C87001CA007001CA00246EB39D7F01CA0004206EF2D0805004CC9634037001CA00E2246EB39D7F01CA0004206EF2D0805004CC9634037001CA00E27001CA00027F01CA0002C958CC}
                     x{30D31F018210B8A3AA14BAF2E081D33FFA400120D74981010BBAF2E08820D70B0A208104FFBAF2D0898309BAF2E088126C12317020FB025520DB3C03708100A07055206D6D6DDB3C587F}
                      x{F8425220C705F2E084}
                      x{C87101CA01500701CA007001CA02500520D74981010BBAF2E08820D70B0A208104FFBAF2D0898309BAF2E088CF165003FA027001CA68236EB3917F93246EB3E2973333017001CA00E30D216EB39C7F01CA0001206EF2D08001CC95317001CA00E2C901FB00}
                       x{7F01CA00C87001CA007001CA00246EB39D7F01CA0004206EF2D0805004CC9634037001CA00E2246EB39D7F01CA0004206EF2D0805004CC9634037001CA00E27001CA00027F01CA0002C958CC}
                     x{8210E601F8E5BA8ECED31F018210E601F8E5BAF2E081D33F0131820898968070FB02F8416F2410235F037083067F25206EF2D080542580C855208210B687AB175004CB1F12CB3FCB1FCCC9103441301443306D6DDB3C7FE03070}
                      x{C87101CA01500701CA007001CA02500520D74981010BBAF2E08820D70B0A208104FFBAF2D0898309BAF2E088CF165003FA027001CA68236EB3917F93246EB3E2973333017001CA00E30D216EB39C7F01CA0001206EF2D08001CC95317001CA00E2C901FB00}
                       x{7F01CA00C87001CA007001CA00246EB39D7F01CA0004206EF2D0805004CC9634037001CA00E2246EB39D7F01CA0004206EF2D0805004CC9634037001CA00E27001CA00027F01CA0002C958CC}
                    x{C8F84301CC7F01CA0055205023CB1F0120D74981010BBAF2E08820D70B0A208104FFBAF2D0898309BAF2E088CF16216EB3957F01CA00CC947032CA00E2C9ED54}
                   x{2_}
                    x{BE28EED9E6D9E3618C_}
                     x{ED44D0D401F863D200018E2FD31FFA400120D74981010BBAF2E08820D70B0A208104FFBAF2D0898309BAF2E08801D2000191D4926D01E255206C13E0F828D70B0A8309BAF2E089810101D700FA400120D74981010BBAF2E08820D70B0A208104FFBAF2D0898309BAF2E0881202D101DB3C}
                      x{6D}
                     x{21}
                    x{2_}
                     x{4}
                      x{B1D8B6CF36CF1B0C6_}
                       x{ED44D0D401F863D200018E2FD31FFA400120D74981010BBAF2E08820D70B0A208104FFBAF2D0898309BAF2E08801D2000191D4926D01E255206C13E0F828D70B0A8309BAF2E089810101D700FA400120D74981010BBAF2E08820D70B0A208104FFBAF2D0898309BAF2E0881202D101DB3C}
                        x{6D}
                       x{20}
                      x{B36436CF36CF1B0C6_}
                       x{ED44D0D401F863D200018E2FD31FFA400120D74981010BBAF2E08820D70B0A208104FFBAF2D0898309BAF2E08801D2000191D4926D01E255206C13E0F828D70B0A8309BAF2E089810101D700FA400120D74981010BBAF2E08820D70B0A208104FFBAF2D0898309BAF2E0881202D101DB3C}
                        x{6D}
                       x{22}
                     x{B82BEED44D0D20001}
                 x{0000000000000000000000000000000000000000000000000000000000000000200292EBCDAC4F8EB9DC3CA19668D2CB607CE2167A30233DDDBCAED2D106010E09C4_}
                  x{C_}
                   x{A0838F_}
                    x{FF00F4A413F4BCF2C80B}
                     x{62_}
                      x{D001D0D3030171B0A301FA400120D74981010BBAF2E08820D70B0A208104FFBAF2D0898309BAF2E088545053036F04F86102F862DB3C5512DB3CF2E082}
                       x{ED44D0D401F863D200018E2FD31FFA400120D74981010BBAF2E08820D70B0A208104FFBAF2D0898309BAF2E08801D2000191D4926D01E255206C13E0F828D70B0A8309BAF2E089810101D700FA400120D74981010BBAF2E08820D70B0A208104FFBAF2D0898309BAF2E0881202D101DB3C}
                        x{6D}
                       x{0192307FE07021D749C21F953020D70B1FDE208210AFE93535BA8F5130D31F018210AFE93535BAF2E081D33FFA400120D74981010BBAF2E08820D70B0A208104FFBAF2D0898309BAF2E08801D455206C1332820898968070FB024434DB3C30037083067055206D6D6DDB3C597FE0208210B8A3AA14BAE302}
                        x{F8425220C705F2E084}
                        x{C87101CA01500701CA007001CA02500520D74981010BBAF2E08820D70B0A208104FFBAF2D0898309BAF2E088CF165003FA027001CA68236EB3917F93246EB3E2973333017001CA00E30D216EB39C7F01CA0001206EF2D08001CC95317001CA00E2C901FB00}
                         x{7F01CA00C87001CA007001CA00246EB39D7F01CA0004206EF2D0805004CC9634037001CA00E2246EB39D7F01CA0004206EF2D0805004CC9634037001CA00E27001CA00027F01CA0002C958CC}
                        x{30D31F018210B8A3AA14BAF2E081D33FFA400120D74981010BBAF2E08820D70B0A208104FFBAF2D0898309BAF2E088126C12317020FB025520DB3C03708100A07055206D6D6DDB3C587F}
                         x{F8425220C705F2E084}
                         x{C87101CA01500701CA007001CA02500520D74981010BBAF2E08820D70B0A208104FFBAF2D0898309BAF2E088CF165003FA027001CA68236EB3917F93246EB3E2973333017001CA00E30D216EB39C7F01CA0001206EF2D08001CC95317001CA00E2C901FB00}
                          x{7F01CA00C87001CA007001CA00246EB39D7F01CA0004206EF2D0805004CC9634037001CA00E2246EB39D7F01CA0004206EF2D0805004CC9634037001CA00E27001CA00027F01CA0002C958CC}
                        x{8210E601F8E5BA8ECED31F018210E601F8E5BAF2E081D33F0131820898968070FB02F8416F2410235F037083067F25206EF2D080542580C855208210B687AB175004CB1F12CB3FCB1FCCC9103441301443306D6DDB3C7FE03070}
                         x{C87101CA01500701CA007001CA02500520D74981010BBAF2E08820D70B0A208104FFBAF2D0898309BAF2E088CF165003FA027001CA68236EB3917F93246EB3E2973333017001CA00E30D216EB39C7F01CA0001206EF2D08001CC95317001CA00E2C901FB00}
                          x{7F01CA00C87001CA007001CA00246EB39D7F01CA0004206EF2D0805004CC9634037001CA00E2246EB39D7F01CA0004206EF2D0805004CC9634037001CA00E27001CA00027F01CA0002C958CC}
                       x{C8F84301CC7F01CA0055205023CB1F0120D74981010BBAF2E08820D70B0A208104FFBAF2D0898309BAF2E088CF16216EB3957F01CA00CC947032CA00E2C9ED54}
                      x{2_}
                       x{BE28EED9E6D9E3618C_}
                        x{ED44D0D401F863D200018E2FD31FFA400120D74981010BBAF2E08820D70B0A208104FFBAF2D0898309BAF2E08801D2000191D4926D01E255206C13E0F828D70B0A8309BAF2E089810101D700FA400120D74981010BBAF2E08820D70B0A208104FFBAF2D0898309BAF2E0881202D101DB3C}
                         x{6D}
                        x{21}
                       x{2_}
                        x{4}
                         x{B1D8B6CF36CF1B0C6_}
                          x{ED44D0D401F863D200018E2FD31FFA400120D74981010BBAF2E08820D70B0A208104FFBAF2D0898309BAF2E08801D2000191D4926D01E255206C13E0F828D70B0A8309BAF2E089810101D700FA400120D74981010BBAF2E08820D70B0A208104FFBAF2D0898309BAF2E0881202D101DB3C}
                           x{6D}
                          x{20}
                         x{B36436CF36CF1B0C6_}
                          x{ED44D0D401F863D200018E2FD31FFA400120D74981010BBAF2E08820D70B0A208104FFBAF2D0898309BAF2E08801D2000191D4926D01E255206C13E0F828D70B0A8309BAF2E089810101D700FA400120D74981010BBAF2E08820D70B0A208104FFBAF2D0898309BAF2E0881202D101DB3C}
                           x{6D}
                          x{22}
                        x{B82BEED44D0D20001}
                x{B8A3AA140000000000000000801D3E5E1B0970E52ABD4EA639AED542E118FE33D2F03FE072737A6B74A8FDC2C69_}
           x{72035B75EEDD77FD62310C45AB5BB2BF9F3B1CAB3D12AF271ACDFE22B0054B0FEDF2CAEC3078018C9DE99EAE52484C079979BF7FE65E9EDDACA616982FAA2C8B43}
           x{04090E51802DD88036E99E11_}
            x{602324EC3D09000000000000000007BF00000000000000000000000000000000000000000000000000000000000000000000000000000000000000000000000000000000000000000000000000000000}
            x{C9AC8D784C8FB95000000000000A000200000008B6950366D2F21BF0537D071415C8930BAD792634E45D2AE6C2677D360FF0E32848913B24_},
          hash: [Function: hash],
          blockchainLogs: '[ 4][t 0][2024-10-30 23:27:05.557000][transaction.cpp:443]\tunpacking account 525D79B589F1D73B879432CD1A596C0F9C42CF460467BBB795DA5A20C021C138\n' +
            '[ 4][t 0][2024-10-30 23:27:05.557000][transaction.cpp:274]\tlast_paid=1732922825; cells=232 bits=84034 public_cells=0\n' +
            '[ 4][t 0][2024-10-30 23:27:05.557000][transaction.cpp:504]\tend of Account.unpack() for 0:525D79B589F1D73B879432CD1A596C0F9C42CF460467BBB795DA5A20C021C138 (balance = 1850000000ng ; last_trans_lt = 36000000..36000002)\n' +
            '[ 4][t 0][2024-10-30 23:27:05.557000][transaction.cpp:3655]\tblock random seed set to 0000000000000000000000000000000000000000000000000000000000000000\n' +
            '[ 4][t 0][2024-10-30 23:27:05.557000][transaction.cpp:1236]\tgas limits: max=1000000, limit=1000000, credit=0\n' +
            '[ 4][t 0][2024-10-30 23:27:05.557000][transaction.cpp:1575]\tin_msg_state is null\n' +
            '[ 4][t 0][2024-10-30 23:27:05.557000][transaction.cpp:1645]\tcreating VM\n' +
            '[ 4][t 0][2024-10-30 23:27:05.557000][transaction.cpp:1351]\tSmartContractInfo initialized with [ 124711402 0 0 1732922825 38000000 38000000 14068792954309835536948273256715513127174070948738620016199408580766834334284 [ 2810889015 (null) ] CS{Cell{0271c00525d79b589f1d73b879432cd1a596c0f9c42cf460467bbb795da5a20c021c1383d0c05210833a526e4800000000089544091b9130a01340} bits: 1..268; refs: 0..0} C{A7EC01478F770EF8F8B037CC7E42F0ABF0D85A50E1828C2394DAD1411691F2DE} C{42B6F0E46484EFC57B9508F6BA7EF42E7512023D5CB4ED5628DD1C7755D16E9D} [ 960889015 (null) ] 0 (null) [ CS{Cell{004dd06600000000000000000000000080000000000000fa00000000000001f4000000000003d09040} bits: 9..305; refs: 0..0} (null) CS{Cell{0094d1000000000000006400000000000f4240de000000002710000000000000000f42400000000002160ec0000000000000271000000000002625a00000000005f5e100000000003b9aca00} bits: 0..592; refs: 0..0} CS{Cell{0094d100000000000000640000000000009c40de000000000190000000000000000f424000000000000f4240000000000000271000000000009896800000000005f5e100000000003b9aca00} bits: 0..592; refs: 0..0} CS{Cell{0042ea000000000098968000000000271000000000000f424000000001800055555555} bits: 0..264; refs: 0..0} CS{Cell{0042ea0000000000061a800000000001900000000000009c4000000001800055555555} bits: 0..264; refs: 0..0} (null) ] 0 (null) ]\n' +
            '[ 4][t 0][2024-10-30 23:27:05.558000][transaction.cpp:1675]\tstarting VM\n' +
            '[ 4][t 0][2024-10-30 23:27:05.559000][transaction.cpp:1680]\tVM terminated with exit code 0\n' +
            '[ 3][t 0][2024-10-30 23:27:05.559000][transaction.cpp:1702]\tsteps: 1983 gas: used=71975, max=1000000, limit=1000000, credit=0\n' +
            '[ 3][t 0][2024-10-30 23:27:05.559000][transaction.cpp:1704]\tout_of_gas=false, accepted=true, success=true, time=0.001702s\n' +
            '[ 4][t 0][2024-10-30 23:27:05.559000][transaction.cpp:1737]\tgas fees: 28790000 = 26214400 * 71975 /2^16 ; price=26214400; flat rate=[40000 for 100]; remaining balance=2782099015ng\n' +
            '[ 3][t 0][2024-10-30 23:27:05.559000][transaction.cpp:2678]\tin try_action_reserve_currency(0)\n' +
            '[ 4][t 0][2024-10-30 23:27:05.559000][transaction.cpp:2684]\taction_reserve_currency: mode=0, reserve=1850000000ng, balance=2782099015ng, original balance=1850000000ng\n' +
            '[ 3][t 0][2024-10-30 23:27:05.559000][transaction.cpp:2729]\tchanged remaining balance to 932099015ng, reserved balance to 1850000000ng\n' +
            '[ 4][t 0][2024-10-30 23:27:05.559000][transaction.cpp:2448]\tstorage paid for a message: 1 cells, 96 bits\n' +
            '[ 4][t 0][2024-10-30 23:27:05.559000][transaction.cpp:2452]\tcomputed fwd fees = 478400 + 0\n' +
            '[ 4][t 0][2024-10-30 23:27:05.560000][transaction.cpp:2448]\tstorage paid for a message: 1 cells, 96 bits\n' +
            '[ 4][t 0][2024-10-30 23:27:05.560000][transaction.cpp:2452]\tcomputed fwd fees = 478400 + 0\n' +
            '[ 4][t 0][2024-10-30 23:27:05.560000][transaction.cpp:2448]\tstorage paid for a message: 1 cells, 431 bits\n' +
            '[ 4][t 0][2024-10-30 23:27:05.560000][transaction.cpp:2452]\tcomputed fwd fees = 612400 + 0\n' +
            '[ 4][t 0][2024-10-30 23:27:05.560000][transaction.cpp:2448]\tstorage paid for a message: 27 cells, 6976 bits\n' +
            '[ 4][t 0][2024-10-30 23:27:05.560000][transaction.cpp:2452]\tcomputed fwd fees = 4270400 + 0\n',
          vmLogs: 'xecute EQUAL\n' +
            'execute THROWIF 137\n' +
            'execute PUSHPOW2 10\n' +
            'execute EQUAL\n' +
            'execute THROWIFNOT 136\n' +
            'execute STSLICER\n' +
            'execute ENDC\n' +
            'execute ROT\n' +
            'execute STREF\n' +
            'execute ENDC\n' +
            'execute SWAP\n' +
            'execute STREF\n' +
            'execute implicit RET\n' +
            'execute ENDC\n' +
            'execute POP c4\n' +
            'execute implicit RET\n',
          debugLogs: '',
          events: [Array],
          parent: [Object],
          children: [Array],
          externals: [Array]
        },
        children: [ [Object] ],
        externals: []
      },
      {
        address: 37254810366437813475271750514734067285117962570475561289538093995582013161784n,
        lt: 42000000n,
        prevTransactionHash: 107380538580401123620266541370039271644306706162430279105417671809948886462822n,
        prevTransactionLt: 38000000n,
        now: 1732922825,
        outMessagesCount: 2,
        oldStatus: 'active',
        endStatus: 'active',
        inMessage: {
          info: [Object],
          init: null,
          body: x{2A004A0500000000000000000000000000000000000000000000000000000000000000000000000000000000C00814669C6B54FD8B2DD8E93AAA6E5DE45BD032703F7A61C194AB414089B0A7AA2}
        },
        outMessages: Dictionary { _key: [Object], _value: [Object], _map: [Map] },
        totalFees: { coins: 11323062n },
        stateUpdate: {
          oldHash: <Buffer f2 ca ec 30 78 01 8c 9d e9 9e ae 52 48 4c 07 99 79 bf 7f e6 5e 9e dd ac a6 16 98 2f aa 2c 8b 43>,
          newHash: <Buffer f9 5b 64 b4 14 66 a7 42 3a 97 ea f0 9e a6 d2 a7 db 85 f3 ce 6d ef 6e 05 19 bb 2b 7c f7 dd 09 56>
        },
        description: {
          type: 'generic',
          creditFirst: false,
          storagePhase: [Object],
          creditPhase: [Object],
          computePhase: [Object],
          actionPhase: [Object],
          bouncePhase: undefined,
          aborted: false,
          destroyed: false
        },
        raw: x{7525D79B589F1D73B879432CD1A596C0F9C42CF460467BBB795DA5A20C021C138000000000280DE80ED673B25AA5F6289D4F992A1BDFE64910CF20A164BE2D3B994E3749B70777166000000000243D580674A4DC9000547598D6C}
         x{E_}
          x{6800F99E4F01C1A7C3616D00B3681096094D190E846AE8B8DA0403AC5E7A4431E26D0014975E6D627C75CEE1E50CB346965B03E710B3D18119EEEDE57696883008704E101119EF88060DFF5E0000000004A62F82CE949B92C_}
           x{2A004A0500000000000000000000000000000000000000000000000000000000000000000000000000000000C00814669C6B54FD8B2DD8E93AAA6E5DE45BD032703F7A61C194AB414089B0A7AA2}
          x{DD_}
           x{2_}
            x{6800A4BAF36B13E3AE770F28659A34B2D81F38859E8C08CF776F2BB4B441804382710020519A71AD53F62CB763A4EAA9B977916F40C9C0FDE9870652AD050226C29EA890CE3B69000608235A000000000501BD02CE949B924_}
           x{2_}
            x{6800A4BAF36B13E3AE770F28659A34B2D81F38859E8C08CF776F2BB4B44180438271003A7CBC3612E1CA557A9D4C735DAA85C231FC67A5E07FC0E4E6F4D6E951FB858D100E4647480608235A000000000501BD04CE949B924_}
         x{72F2CAEC3078018C9DE99EAE52484C079979BF7FE65E9EDDACA616982FAA2C8B43F95B64B41466A7423A97EAF09EA6D2A7DB85F3CE6DEF6E0519BB2B7CF7DD0956}
         x{040901119EF8987516A211_}
          x{4D7F2C0AF1E00000000000000002E500000000000000000000000000000000000000000000000000000000000000000000000000000000000000000000000000000000000000000000000000000000}
          x{C9861A804C104698000000000006000200000004BACC7D274C8547AF30C322C2175ADD2563E0D911FFE708E8A4744784F1C212A840902C14_},
        hash: [Function: hash],
        blockchainLogs: '[ 4][t 0][2024-10-30 23:27:05.574000][transaction.cpp:443]\tunpacking account 525D79B589F1D73B879432CD1A596C0F9C42CF460467BBB795DA5A20C021C138\n' +
          '[ 4][t 0][2024-10-30 23:27:05.574000][transaction.cpp:274]\tlast_paid=1732922825; cells=234 bits=84033 public_cells=0\n' +
          '[ 4][t 0][2024-10-30 23:27:05.574000][transaction.cpp:504]\tend of Account.unpack() for 0:525D79B589F1D73B879432CD1A596C0F9C42CF460467BBB795DA5A20C021C138 (balance = 1850000000ng ; last_trans_lt = 38000000..38000005)\n' +
          '[ 4][t 0][2024-10-30 23:27:05.574000][transaction.cpp:3655]\tblock random seed set to 0000000000000000000000000000000000000000000000000000000000000000\n' +
          '[ 4][t 0][2024-10-30 23:27:05.574000][transaction.cpp:1236]\tgas limits: max=1000000, limit=179320, credit=0\n' +
          '[ 4][t 0][2024-10-30 23:27:05.574000][transaction.cpp:1575]\tin_msg_state is null\n' +
          '[ 4][t 0][2024-10-30 23:27:05.574000][transaction.cpp:1645]\tcreating VM\n' +
          '[ 4][t 0][2024-10-30 23:27:05.574000][transaction.cpp:1351]\tSmartContractInfo initialized with [ 124711402 0 0 1732922825 42000000 42000000 14068792954309835536948273256715513127174070948738620016199408580766834334284 [ 1921728098 (null) ] CS{Cell{0271c00525d79b589f1d73b879432cd1a596c0f9c42cf460467bbb795da5a20c021c1383d4c05210433a526e4800000000090f56151b9130a01340} bits: 1..268; refs: 0..0} C{A7EC01478F770EF8F8B037CC7E42F0ABF0D85A50E1828C2394DAD1411691F2DE} C{42B6F0E46484EFC57B9508F6BA7EF42E7512023D5CB4ED5628DD1C7755D16E9D} [ 71728098 (null) ] 0 (null) [ CS{Cell{004dd06600000000000000000000000080000000000000fa00000000000001f4000000000003d09040} bits: 9..305; refs: 0..0} (null) CS{Cell{0094d1000000000000006400000000000f4240de000000002710000000000000000f42400000000002160ec0000000000000271000000000002625a00000000005f5e100000000003b9aca00} bits: 0..592; refs: 0..0} CS{Cell{0094d100000000000000640000000000009c40de000000000190000000000000000f424000000000000f4240000000000000271000000000009896800000000005f5e100000000003b9aca00} bits: 0..592; refs: 0..0} CS{Cell{0042ea000000000098968000000000271000000000000f424000000001800055555555} bits: 0..264; refs: 0..0} CS{Cell{0042ea0000000000061a800000000001900000000000009c4000000001800055555555} bits: 0..264; refs: 0..0} (null) ] 0 (null) ]\n' +
          '[ 4][t 0][2024-10-30 23:27:05.575000][transaction.cpp:1675]\tstarting VM\n' +
          '[ 4][t 0][2024-10-30 23:27:05.575000][transaction.cpp:1680]\tVM terminated with exit code 0\n' +
          '[ 3][t 0][2024-10-30 23:27:05.575000][transaction.cpp:1702]\tsteps: 741 gas: used=27641, max=1000000, limit=179320, credit=0\n' +
          '[ 3][t 0][2024-10-30 23:27:05.575000][transaction.cpp:1704]\tout_of_gas=false, accepted=true, success=true, time=0.000806s\n' +
          '[ 4][t 0][2024-10-30 23:27:05.575000][transaction.cpp:1737]\tgas fees: 11056400 = 26214400 * 27641 /2^16 ; price=26214400; flat rate=[40000 for 100]; remaining balance=1910671698ng\n' +
          '[ 3][t 0][2024-10-30 23:27:05.575000][transaction.cpp:2678]\tin try_action_reserve_currency(0)\n' +
          '[ 4][t 0][2024-10-30 23:27:05.575000][transaction.cpp:2684]\taction_reserve_currency: mode=0, reserve=985000000ng, balance=1910671698ng, original balance=1850000000ng\n' +
          '[ 3][t 0][2024-10-30 23:27:05.575000][transaction.cpp:2729]\tchanged remaining balance to 925671698ng, reserved balance to 985000000ng\n' +
          '[ 4][t 0][2024-10-30 23:27:05.575000][transaction.cpp:2448]\tstorage paid for a message: 0 cells, 0 bits\n' +
          '[ 4][t 0][2024-10-30 23:27:05.576000][transaction.cpp:2452]\tcomputed fwd fees = 400000 + 0\n' +
          '[ 4][t 0][2024-10-30 23:27:05.576000][transaction.cpp:2448]\tstorage paid for a message: 0 cells, 0 bits\n' +
          '[ 4][t 0][2024-10-30 23:27:05.576000][transaction.cpp:2452]\tcomputed fwd fees = 400000 + 0\n',
        vmLogs: 'xecute EQUAL\n' +
          'execute THROWIF 137\n' +
          'execute PUSHPOW2 10\n' +
          'execute EQUAL\n' +
          'execute THROWIFNOT 136\n' +
          'execute STSLICER\n' +
          'execute ENDC\n' +
          'execute ROT\n' +
          'execute STREF\n' +
          'execute ENDC\n' +
          'execute SWAP\n' +
          'execute STREF\n' +
          'execute implicit RET\n' +
          'execute ENDC\n' +
          'execute POP c4\n' +
          'execute implicit RET\n',
        debugLogs: '',
        events: [ [Object], [Object] ],
        parent: {
          address: 56452803209391972311245829800318013664241380452486081517026592719308720763190n,
          lt: 39000000n,
          prevTransactionHash: 71368095011837829047524892137492418522295926506924049913009531319240814308070n,
          prevTransactionLt: 28000000n,
          now: 1732922825,
          outMessagesCount: 1,
          oldStatus: 'active',
          endStatus: 'active',
          inMessage: [Object],
          outMessages: [Dictionary],
          totalFees: [Object],
          stateUpdate: [Object],
          description: [Object],
          raw: x{77CCF2780E0D3E1B0B68059B4084B04A68C874235745C6D0201D62F3D2218F13600000000025317C09DC8E909CEBA62EB182B86C9C87A87218461ED2617C640FCCE75E3F85F352AE60000000001AB3F00674A4DC9000346A2CE5E}
           x{E_}
            x{6800A4BAF36B13E3AE770F28659A34B2D81F38859E8C08CF776F2BB4B44180438271001F33C9E03834F86C2DA0166D0212C129A321D08D5D171B4080758BCF48863C4D90101931000609BBB0000000000487AB02CE949B925E137A6400000000000000004_}
            x{DF_}
             x{6800F99E4F01C1A7C3616D00B3681096094D190E846AE8B8DA0403AC5E7A4431E26D0014975E6D627C75CEE1E50CB346965B03E710B3D18119EEEDE57696883008704E101119EF88060DFF5E0000000004A62F82CE949B92C_}
              x{2A004A0500000000000000000000000000000000000000000000000000000000000000000000000000000000C00814669C6B54FD8B2DD8E93AAA6E5DE45BD032703F7A61C194AB414089B0A7AA2}
           x{725116E7C033AE0358A35D80A7BD7DD86305FD41D724E7CE4D61FE0C08DCB0C24EE6A37E0494FA39239225B3B846408EBDA0D91D94A34CA1472811727B34BC4C95}
           x{04C4360789010193101867A1E811_}
            x{44E28C0A4D9000000000000000013D00000000000000000000000000000000000000000000000000000000000000000000000000000000000000000000000000000000000000000000000000000000}
            x{C9853FC04C0DFF44000000000002000000000002E314399E9181B61CA6ACAC445010D6EB366B5E165776588A9812DBEC1225A8904090296C_},
          hash: [Function: hash],
          blockchainLogs: '[ 4][t 0][2024-10-30 23:27:05.564000][transaction.cpp:443]\tunpacking account 7CCF2780E0D3E1B0B68059B4084B04A68C874235745C6D0201D62F3D2218F136\n' +
            '[ 4][t 0][2024-10-30 23:27:05.564000][transaction.cpp:274]\tlast_paid=1730330825; cells=30 bits=12911 public_cells=0\n' +
            '[ 4][t 0][2024-10-30 23:27:05.565000][transaction.cpp:504]\tend of Account.unpack() for 0:7CCF2780E0D3E1B0B68059B4084B04A68C874235745C6D0201D62F3D2218F136 (balance = 10000000ng ; last_trans_lt = 28000000..28000002)\n' +
            '[ 4][t 0][2024-10-30 23:27:05.565000][transaction.cpp:3655]\tblock random seed set to 0000000000000000000000000000000000000000000000000000000000000000\n' +
            '[ 4][t 0][2024-10-30 23:27:05.565000][transaction.cpp:1236]\tgas limits: max=191044, limit=168804, credit=0\n' +
            '[ 4][t 0][2024-10-30 23:27:05.565000][transaction.cpp:1575]\tin_msg_state is null\n' +
            '[ 4][t 0][2024-10-30 23:27:05.565000][transaction.cpp:1645]\tcreating VM\n' +
            '[ 4][t 0][2024-10-30 23:27:05.565000][transaction.cpp:1351]\tSmartContractInfo initialized with [ 124711402 0 0 1732922825 39000000 39000000 17158678860825839941702393232993838109470607978381324670400578166443069604636 [ 76417698 (null) ] CS{Cell{026dc007ccf2780e0d3e1b0b68059b4084b04a68c874235745c6d0201d62f3d2218f13623c8c9bc3391606480000000006acfc08e625a01340} bits: 1..268; refs: 0..0} C{A7EC01478F770EF8F8B037CC7E42F0ABF0D85A50E1828C2394DAD1411691F2DE} C{33BB148A451AD17F938AA7C476E48F2B79933715F13F1D58F9234A90730321A8} [ 67521600 (null) ] 1103902 (null) [ CS{Cell{004dd06600000000000000000000000080000000000000fa00000000000001f4000000000003d09040} bits: 9..305; refs: 0..0} (null) CS{Cell{0094d1000000000000006400000000000f4240de000000002710000000000000000f42400000000002160ec0000000000000271000000000002625a00000000005f5e100000000003b9aca00} bits: 0..592; refs: 0..0} CS{Cell{0094d100000000000000640000000000009c40de000000000190000000000000000f424000000000000f4240000000000000271000000000009896800000000005f5e100000000003b9aca00} bits: 0..592; refs: 0..0} CS{Cell{0042ea000000000098968000000000271000000000000f424000000001800055555555} bits: 0..264; refs: 0..0} CS{Cell{0042ea0000000000061a800000000001900000000000009c4000000001800055555555} bits: 0..264; refs: 0..0} (null) ] 0 (null) ]\n' +
            '[ 4][t 0][2024-10-30 23:27:05.565000][transaction.cpp:1675]\tstarting VM\n' +
            '[ 4][t 0][2024-10-30 23:27:05.565000][transaction.cpp:1680]\tVM terminated with exit code 0\n' +
            '[ 3][t 0][2024-10-30 23:27:05.565000][transaction.cpp:1702]\tsteps: 317 gas: used=10004, max=191044, limit=168804, credit=0\n' +
            '[ 3][t 0][2024-10-30 23:27:05.565000][transaction.cpp:1704]\tout_of_gas=false, accepted=true, success=true, time=0.000299s\n' +
            '[ 4][t 0][2024-10-30 23:27:05.565000][transaction.cpp:1737]\tgas fees: 4001600 = 26214400 * 10004 /2^16 ; price=26214400; flat rate=[40000 for 100]; remaining balance=72416098ng\n' +
            '[ 4][t 0][2024-10-30 23:27:05.565000][transaction.cpp:2448]\tstorage paid for a message: 1 cells, 620 bits\n' +
            '[ 4][t 0][2024-10-30 23:27:05.565000][transaction.cpp:2452]\tcomputed fwd fees = 688000 + 0\n',
          vmLogs: 'e implicit RET\n' +
            'execute OVER\n' +
            'execute ISNULL\n' +
            'execute NOT\n' +
            'execute PUSHCONT x7F01CA00CC\n' +
            'execute PUSHCONT x7032CA00\n' +
            'execute IFELSE\n' +
            'execute PUSHINT -1\n' +
            'execute SWAP\n' +
            'execute STI 1\n' +
            'execute STREF\n' +
            'execute implicit RET\n' +
            'execute ENDC\n' +
            'execute POP c4\n' +
            'execute implicit RET\n',
          debugLogs: '',
          events: [Array],
          parent: [Object],
          children: [Array],
          externals: []
        },
        children: [ [Object], [Object] ],
        externals: []
      },
      {
        address: 37254810366437813475271750514734067285117962570475561289538093995582013161784n,
        lt: 43000000n,
        prevTransactionHash: 19766931097223869910690337480967712564651780709146000365988743775958279918961n,
        prevTransactionLt: 42000000n,
        now: 1732922825,
        outMessagesCount: 2,
        oldStatus: 'active',
        endStatus: 'active',
        inMessage: {
          info: [Object],
          init: null,
          body: x{2A004A0500000000000000010000000000000000000000000000000000000000000000000000000000000000400B75A3E1A6460F415CE3721F308920C4B456F3B977F39EB26CED9155308A976CC}
        },
        outMessages: Dictionary { _key: [Object], _value: [Object], _map: [Map] },
        totalFees: { coins: 11033062n },
        stateUpdate: {
          oldHash: <Buffer f9 5b 64 b4 14 66 a7 42 3a 97 ea f0 9e a6 d2 a7 db 85 f3 ce 6d ef 6e 05 19 bb 2b 7c f7 dd 09 56>,
          newHash: <Buffer f2 a3 d3 64 34 d4 1c bf ef 12 84 6a 61 47 f3 eb 16 54 87 a5 68 48 5d be 70 4c 8f 25 a4 6a 5c a8>
        },
        description: {
          type: 'generic',
          creditFirst: false,
          storagePhase: [Object],
          creditPhase: [Object],
          computePhase: [Object],
          actionPhase: [Object],
          bouncePhase: undefined,
          aborted: false,
          destroyed: false
        },
        raw: x{7525D79B589F1D73B879432CD1A596C0F9C42CF460467BBB795DA5A20C021C13800000000029020C02BB3AFC00F74905A742803E9B98BE702C270A40F4D243D24DD264B6B19D01571000000000280DE80674A4DC900054750B3CC}
         x{E_}
          x{6801C25D36B535BEF92116226484A49D03E01E5050FFC3053F6C298C080280A4EEF90014975E6D627C75CEE1E50CB346965B03E710B3D18119EEEDE57696883008704E101119EF88060DFF5E0000000004C4B402CE949B92C_}
           x{2A004A0500000000000000010000000000000000000000000000000000000000000000000000000000000000400B75A3E1A6460F415CE3721F308920C4B456F3B977F39EB26CED9155308A976CC}
          x{DD_}
           x{2_}
            x{6800A4BAF36B13E3AE770F28659A34B2D81F38859E8C08CF776F2BB4B44180438271002DD68F8699183D05738DC87CC2248312D15BCEE5DFCE7AC9B3B64554C22A5DB310D2F3E8000608235A0000000005204182CE949B924_}
           x{2_}
            x{6800A4BAF36B13E3AE770F28659A34B2D81F38859E8C08CF776F2BB4B44180438271003A7CBC3612E1CA557A9D4C735DAA85C231FC67A5E07FC0E4E6F4D6E951FB858D100E57FA880608235A0000000005204184CE949B924_}
         x{72F95B64B41466A7423A97EAF09EA6D2A7DB85F3CE6DEF6E0519BB2B7CF7DD0956F2A3D36434D41CBFEF12846A6147F3EB165487A568485DBE704C8F25A46A5CA8}
         x{040901119EF89874890811_}
          x{4D248C0AF1E00000000000000002E500000000000000000000000000000000000000000000000000000000000000000000000000000000000000000000000000000000000000000000000000000000}
          x{C9861A804C1046980000000000060002000000042825509FF081148CBC1F4DB2B0AA7ECA3E9FF913D5272D497EFC57A5D934677A40902C14_},
        hash: [Function: hash],
        blockchainLogs: '[ 4][t 0][2024-10-30 23:27:05.578000][transaction.cpp:443]\tunpacking account 525D79B589F1D73B879432CD1A596C0F9C42CF460467BBB795DA5A20C021C138\n' +
          '[ 4][t 0][2024-10-30 23:27:05.579000][transaction.cpp:274]\tlast_paid=1732922825; cells=231 bits=83982 public_cells=0\n' +
          '[ 4][t 0][2024-10-30 23:27:05.579000][transaction.cpp:504]\tend of Account.unpack() for 0:525D79B589F1D73B879432CD1A596C0F9C42CF460467BBB795DA5A20C021C138 (balance = 985000000ng ; last_trans_lt = 42000000..42000003)\n' +
          '[ 4][t 0][2024-10-30 23:27:05.579000][transaction.cpp:3655]\tblock random seed set to 0000000000000000000000000000000000000000000000000000000000000000\n' +
          '[ 4][t 0][2024-10-30 23:27:05.579000][transaction.cpp:1236]\tgas limits: max=1000000, limit=179320, credit=0\n' +
          '[ 4][t 0][2024-10-30 23:27:05.579000][transaction.cpp:1575]\tin_msg_state is null\n' +
          '[ 4][t 0][2024-10-30 23:27:05.579000][transaction.cpp:1645]\tcreating VM\n' +
          '[ 4][t 0][2024-10-30 23:27:05.579000][transaction.cpp:1351]\tSmartContractInfo initialized with [ 124711402 0 0 1732922825 43000000 43000000 14068792954309835536948273256715513127174070948738620016199408580766834334284 [ 1056728098 (null) ] CS{Cell{0271c00525d79b589f1d73b879432cd1a596c0f9c42cf460467bbb795da5a20c021c1383cec05203833a526e48000000000a037a0d0ead7a101340} bits: 1..268; refs: 0..0} C{A7EC01478F770EF8F8B037CC7E42F0ABF0D85A50E1828C2394DAD1411691F2DE} C{42B6F0E46484EFC57B9508F6BA7EF42E7512023D5CB4ED5628DD1C7755D16E9D} [ 71728098 (null) ] 0 (null) [ CS{Cell{004dd06600000000000000000000000080000000000000fa00000000000001f4000000000003d09040} bits: 9..305; refs: 0..0} (null) CS{Cell{0094d1000000000000006400000000000f4240de000000002710000000000000000f42400000000002160ec0000000000000271000000000002625a00000000005f5e100000000003b9aca00} bits: 0..592; refs: 0..0} CS{Cell{0094d100000000000000640000000000009c40de000000000190000000000000000f424000000000000f4240000000000000271000000000009896800000000005f5e100000000003b9aca00} bits: 0..592; refs: 0..0} CS{Cell{0042ea000000000098968000000000271000000000000f424000000001800055555555} bits: 0..264; refs: 0..0} CS{Cell{0042ea0000000000061a800000000001900000000000009c4000000001800055555555} bits: 0..264; refs: 0..0} (null) ] 0 (null) ]\n' +
          '[ 4][t 0][2024-10-30 23:27:05.579000][transaction.cpp:1675]\tstarting VM\n' +
          '[ 4][t 0][2024-10-30 23:27:05.580000][transaction.cpp:1680]\tVM terminated with exit code 0\n' +
          '[ 3][t 0][2024-10-30 23:27:05.580000][transaction.cpp:1702]\tsteps: 741 gas: used=26916, max=1000000, limit=179320, credit=0\n' +
          '[ 3][t 0][2024-10-30 23:27:05.580000][transaction.cpp:1704]\tout_of_gas=false, accepted=true, success=true, time=0.000938s\n' +
          '[ 4][t 0][2024-10-30 23:27:05.580000][transaction.cpp:1737]\tgas fees: 10766400 = 26214400 * 26916 /2^16 ; price=26214400; flat rate=[40000 for 100]; remaining balance=1045961698ng\n' +
          '[ 3][t 0][2024-10-30 23:27:05.580000][transaction.cpp:2678]\tin try_action_reserve_currency(0)\n' +
          '[ 4][t 0][2024-10-30 23:27:05.580000][transaction.cpp:2684]\taction_reserve_currency: mode=0, reserve=100200000ng, balance=1045961698ng, original balance=985000000ng\n' +
          '[ 3][t 0][2024-10-30 23:27:05.580000][transaction.cpp:2729]\tchanged remaining balance to 945761698ng, reserved balance to 100200000ng\n' +
          '[ 4][t 0][2024-10-30 23:27:05.580000][transaction.cpp:2448]\tstorage paid for a message: 0 cells, 0 bits\n' +
          '[ 4][t 0][2024-10-30 23:27:05.580000][transaction.cpp:2452]\tcomputed fwd fees = 400000 + 0\n' +
          '[ 4][t 0][2024-10-30 23:27:05.580000][transaction.cpp:2448]\tstorage paid for a message: 0 cells, 0 bits\n' +
          '[ 4][t 0][2024-10-30 23:27:05.580000][transaction.cpp:2452]\tcomputed fwd fees = 400000 + 0\n',
        vmLogs: 'xecute EQUAL\n' +
          'execute THROWIF 137\n' +
          'execute PUSHPOW2 10\n' +
          'execute EQUAL\n' +
          'execute THROWIFNOT 136\n' +
          'execute STSLICER\n' +
          'execute ENDC\n' +
          'execute ROT\n' +
          'execute STREF\n' +
          'execute ENDC\n' +
          'execute SWAP\n' +
          'execute STREF\n' +
          'execute implicit RET\n' +
          'execute ENDC\n' +
          'execute POP c4\n' +
          'execute implicit RET\n',
        debugLogs: '',
        events: [ [Object], [Object] ],
        parent: {
          address: 101852738109603725607761920797369865272772728943991090530178890834824226043772n,
          lt: 40000000n,
          prevTransactionHash: 32903026438501702787612384833034683968195016853857684982629242500616594235183n,
          prevTransactionLt: 27000000n,
          now: 1732922825,
          outMessagesCount: 1,
          oldStatus: 'active',
          endStatus: 'active',
          inMessage: [Object],
          outMessages: [Dictionary],
          totalFees: [Object],
          stateUpdate: [Object],
          description: [Object],
          raw: x{7E12E9B5A9ADF7C908B113242524E81F00F28287FE1829FB614C604014052777C0000000002625A0048BE73F86B5194945BF772320EB83CE5C9648311F4CA95DD6591139AFC5D9F2F00000000019BFCC0674A4DC9000346A2CE5E}
           x{E_}
            x{6800A4BAF36B13E3AE770F28659A34B2D81F38859E8C08CF776F2BB4B4418043827100384BA6D6A6B7DF2422C44C909493A07C03CA0A1FF860A7ED8531810050149DDF10101931000609BBB0000000000487AB04CE949B925E137A640000000000000000C_}
            x{DF_}
             x{6801C25D36B535BEF92116226484A49D03E01E5050FFC3053F6C298C080280A4EEF90014975E6D627C75CEE1E50CB346965B03E710B3D18119EEEDE57696883008704E101119EF88060DFF5E0000000004C4B402CE949B92C_}
              x{2A004A0500000000000000010000000000000000000000000000000000000000000000000000000000000000400B75A3E1A6460F415CE3721F308920C4B456F3B977F39EB26CED9155308A976CC}
           x{729CA691767F882013F8BF249E59095C0DDB73CB230FBC0ACEB5E8BADE6705695315FDB7B248005CB81D805EDE8972593941AE323872B4DF1BA548FFA75962E5C1}
           x{04C4360789010193101867A1E811_}
            x{44E28C0A4D9000000000000000013D00000000000000000000000000000000000000000000000000000000000000000000000000000000000000000000000000000000000000000000000000000000}
            x{C9853FC04C0DFF44000000000002000000000003FFB2652E35979066CAC0633284C4E8042DB1FCB29F76FDFE1F06536CEE4DA4744090296C_},
          hash: [Function: hash],
          blockchainLogs: '[ 4][t 0][2024-10-30 23:27:05.567000][transaction.cpp:443]\tunpacking account E12E9B5A9ADF7C908B113242524E81F00F28287FE1829FB614C604014052777C\n' +
            '[ 4][t 0][2024-10-30 23:27:05.567000][transaction.cpp:274]\tlast_paid=1730330825; cells=30 bits=12911 public_cells=0\n' +
            '[ 4][t 0][2024-10-30 23:27:05.567000][transaction.cpp:504]\tend of Account.unpack() for 0:E12E9B5A9ADF7C908B113242524E81F00F28287FE1829FB614C604014052777C (balance = 10000000ng ; last_trans_lt = 27000000..27000002)\n' +
            '[ 4][t 0][2024-10-30 23:27:05.567000][transaction.cpp:3655]\tblock random seed set to 0000000000000000000000000000000000000000000000000000000000000000\n' +
            '[ 4][t 0][2024-10-30 23:27:05.567000][transaction.cpp:1236]\tgas limits: max=191044, limit=168804, credit=0\n' +
            '[ 4][t 0][2024-10-30 23:27:05.567000][transaction.cpp:1575]\tin_msg_state is null\n' +
            '[ 4][t 0][2024-10-30 23:27:05.567000][transaction.cpp:1645]\tcreating VM\n' +
            '[ 4][t 0][2024-10-30 23:27:05.567000][transaction.cpp:1351]\tSmartContractInfo initialized with [ 124711402 0 0 1732922825 40000000 40000000 43870772645377937883531240781324653013999287705787709612543318804107744319189 [ 76417698 (null) ] CS{Cell{026dc00e12e9b5a9adf7c908b113242524e81f00f28287fe1829fb614c604014052777c23c8c9bc33916064800000000066ff308e625a01340} bits: 1..268; refs: 0..0} C{A7EC01478F770EF8F8B037CC7E42F0ABF0D85A50E1828C2394DAD1411691F2DE} C{33BB148A451AD17F938AA7C476E48F2B79933715F13F1D58F9234A90730321A8} [ 67521600 (null) ] 1103902 (null) [ CS{Cell{004dd06600000000000000000000000080000000000000fa00000000000001f4000000000003d09040} bits: 9..305; refs: 0..0} (null) CS{Cell{0094d1000000000000006400000000000f4240de000000002710000000000000000f42400000000002160ec0000000000000271000000000002625a00000000005f5e100000000003b9aca00} bits: 0..592; refs: 0..0} CS{Cell{0094d100000000000000640000000000009c40de000000000190000000000000000f424000000000000f4240000000000000271000000000009896800000000005f5e100000000003b9aca00} bits: 0..592; refs: 0..0} CS{Cell{0042ea000000000098968000000000271000000000000f424000000001800055555555} bits: 0..264; refs: 0..0} CS{Cell{0042ea0000000000061a800000000001900000000000009c4000000001800055555555} bits: 0..264; refs: 0..0} (null) ] 0 (null) ]\n' +
            '[ 4][t 0][2024-10-30 23:27:05.567000][transaction.cpp:1675]\tstarting VM\n' +
            '[ 4][t 0][2024-10-30 23:27:05.568000][transaction.cpp:1680]\tVM terminated with exit code 0\n' +
            '[ 3][t 0][2024-10-30 23:27:05.568000][transaction.cpp:1702]\tsteps: 317 gas: used=10004, max=191044, limit=168804, credit=0\n' +
            '[ 3][t 0][2024-10-30 23:27:05.568000][transaction.cpp:1704]\tout_of_gas=false, accepted=true, success=true, time=0.000471s\n' +
            '[ 4][t 0][2024-10-30 23:27:05.568000][transaction.cpp:1737]\tgas fees: 4001600 = 26214400 * 10004 /2^16 ; price=26214400; flat rate=[40000 for 100]; remaining balance=72416098ng\n' +
            '[ 4][t 0][2024-10-30 23:27:05.568000][transaction.cpp:2448]\tstorage paid for a message: 1 cells, 620 bits\n' +
            '[ 4][t 0][2024-10-30 23:27:05.568000][transaction.cpp:2452]\tcomputed fwd fees = 688000 + 0\n',
          vmLogs: 'e implicit RET\n' +
            'execute OVER\n' +
            'execute ISNULL\n' +
            'execute NOT\n' +
            'execute PUSHCONT x7F01CA00CC\n' +
            'execute PUSHCONT x7032CA00\n' +
            'execute IFELSE\n' +
            'execute PUSHINT -1\n' +
            'execute SWAP\n' +
            'execute STI 1\n' +
            'execute STREF\n' +
            'execute implicit RET\n' +
            'execute ENDC\n' +
            'execute POP c4\n' +
            'execute implicit RET\n',
          debugLogs: '',
          events: [Array],
          parent: [Object],
          children: [Array],
          externals: []
        },
        children: [ [Object], [Object] ],
        externals: []
      },
      {
        address: 105818132960003171416304597453717637701794574747475969910003481004036112389684n,
        lt: 44000000n,
        prevTransactionHash: 42556344806514571451814409403663770974451224476098412638785109878716356428727n,
        prevTransactionLt: 33000000n,
        now: 1732922825,
        outMessagesCount: 0,
        oldStatus: 'active',
        endStatus: 'active',
        inMessage: { info: [Object], init: null, body: x{} },
        outMessages: Dictionary { _key: [Object], _value: [Object], _map: Map(0) {} },
        totalFees: { coins: 123600n },
        stateUpdate: {
          oldHash: <Buffer fe 75 1b e1 09 e1 d7 7f 92 b2 f3 4a 94 6f a2 8e 41 e0 96 c9 53 fb 91 74 91 9d 06 68 36 8f e4 33>,
          newHash: <Buffer c0 05 13 ab 17 cc 39 ca ab da 7d 5f 88 bd a2 7e 36 13 a3 8f e2 a7 ac 0c 77 bb a2 48 29 3c 40 98>
        },
        description: {
          type: 'generic',
          creditFirst: true,
          storagePhase: [Object],
          creditPhase: [Object],
          computePhase: [Object],
          actionPhase: [Object],
          bouncePhase: undefined,
          aborted: false,
          destroyed: false
        },
        raw: x{7E9F2F0D84B872955EA7531CD76AA1708C7F19E9781FF03939BD35BA547EE163400000000029F63005E16099F122C1B1184407533751C8F63A3C350DB5BD6001E1BC21860493103B70000000001F78A40674A4DC900014603C5A0}
         x{A_}
          x{480173A49878148A4F6041C04B952AC2638BD6A1025222AF84BFAF2C3BE5A07436D5003A7CBC3612E1CA557A9D4C735DAA85C231FC67A5E07FC0E4E6F4D6E951FB858D10BE1E7F1C0608235A0000000004E33882CE949B924_}
         x{72FE751BE109E1D77F92B2F34A946FA28E41E096C953FB9174919D0668368FE433C00513AB17CC39CAABDA7D5F88BDA27E3613A38FE2A7AC0C77BBA248293C4098}
         x{0C090BE1E7F1D8603C5A11_}
          x{4026AC3D090000000000000000000500000000000000000000000000000000000000000000000000000000000000000000000000000000000000000000000000000000000000000000000000000000}
          x{C00000000000000000000000012D452DA449E50B8CF7DD27861F146122AFE1B546BB8B70FC8216F0C614139F8E04_},
        hash: [Function: hash],
        blockchainLogs: '[ 4][t 0][2024-10-30 23:27:05.583000][transaction.cpp:443]\tunpacking account E9F2F0D84B872955EA7531CD76AA1708C7F19E9781FF03939BD35BA547EE1634\n' +
          '[ 4][t 0][2024-10-30 23:27:05.583000][transaction.cpp:274]\tlast_paid=1732922825; cells=6 bits=821 public_cells=0\n' +
          '[ 4][t 0][2024-10-30 23:27:05.583000][transaction.cpp:504]\tend of Account.unpack() for 0:E9F2F0D84B872955EA7531CD76AA1708C7F19E9781FF03939BD35BA547EE1634 (balance = 999998997584476ng ; last_trans_lt = 33000000..33000002)\n' +
          '[ 4][t 0][2024-10-30 23:27:05.583000][transaction.cpp:3655]\tblock random seed set to 0000000000000000000000000000000000000000000000000000000000000000\n' +
          '[ 4][t 0][2024-10-30 23:27:05.583000][transaction.cpp:1236]\tgas limits: max=1000000, limit=1000000, credit=0\n' +
          '[ 4][t 0][2024-10-30 23:27:05.583000][transaction.cpp:1575]\tin_msg_state is null\n' +
          '[ 4][t 0][2024-10-30 23:27:05.583000][transaction.cpp:1645]\tcreating VM\n' +
          '[ 4][t 0][2024-10-30 23:27:05.583000][transaction.cpp:1351]\tSmartContractInfo initialized with [ 124711402 0 0 1732922825 44000000 44000000 60210483465141978598827679003117970236339845468170532052053411751718225576024 [ 999999795001891 (null) ] CS{Cell{0275c00e9f2f0d84b872955ea7531cd76aa1708c7f19e9781ff03939bd35ba547ee163420c80cd433a526e480000000007de2909c0e35f9a41b6971340} bits: 1..268; refs: 0..0} C{A7EC01478F770EF8F8B037CC7E42F0ABF0D85A50E1828C2394DAD1411691F2DE} C{D992502B94EA96E7B34E5D62FFB0C6FC73D78B3E61F11F0848FB3A1EB1AFC912} [ 797417415 (null) ] 0 (null) [ CS{Cell{004dd06600000000000000000000000080000000000000fa00000000000001f4000000000003d09040} bits: 9..305; refs: 0..0} (null) CS{Cell{0094d1000000000000006400000000000f4240de000000002710000000000000000f42400000000002160ec0000000000000271000000000002625a00000000005f5e100000000003b9aca00} bits: 0..592; refs: 0..0} CS{Cell{0094d100000000000000640000000000009c40de000000000190000000000000000f424000000000000f4240000000000000271000000000009896800000000005f5e100000000003b9aca00} bits: 0..592; refs: 0..0} CS{Cell{0042ea000000000098968000000000271000000000000f424000000001800055555555} bits: 0..264; refs: 0..0} CS{Cell{0042ea0000000000061a800000000001900000000000009c4000000001800055555555} bits: 0..264; refs: 0..0} (null) ] 0 (null) ]\n' +
          '[ 4][t 0][2024-10-30 23:27:05.583000][transaction.cpp:1675]\tstarting VM\n' +
          '[ 4][t 0][2024-10-30 23:27:05.583000][transaction.cpp:1680]\tVM terminated with exit code 0\n' +
          '[ 3][t 0][2024-10-30 23:27:05.583000][transaction.cpp:1702]\tsteps: 5 gas: used=309, max=1000000, limit=1000000, credit=0\n' +
          '[ 3][t 0][2024-10-30 23:27:05.583000][transaction.cpp:1704]\tout_of_gas=false, accepted=true, success=true, time=0.000019s\n' +
          '[ 4][t 0][2024-10-30 23:27:05.583000][transaction.cpp:1737]\tgas fees: 123600 = 26214400 * 309 /2^16 ; price=26214400; flat rate=[40000 for 100]; remaining balance=999999794878291ng\n',
        vmLogs: 'execute SETCP 0\n' +
          'execute DICTPUSHCONST 19 (xC_,1)\n' +
          'execute DICTIGETJMPZ\n' +
          'execute DROP\n' +
          'execute implicit RET\n',
        debugLogs: '',
        events: [],
        parent: {
          address: 84049441022908470316622795825605090351520748406577698494615284512509455375210n,
          lt: 41000000n,
          prevTransactionHash: 65304776722132649214986956096579394202800180464159916105095562646978826673793n,
          prevTransactionLt: 37000000n,
          now: 1732922825,
          outMessagesCount: 1,
          oldStatus: 'active',
          endStatus: 'non-existing',
          inMessage: [Object],
          outMessages: [Dictionary],
          totalFees: [Object],
          stateUpdate: [Object],
          description: [Object],
          raw: x{7B9D24C3C0A4527B020E025CA956131C5EB5081291157C25FD7961DF2D03A1B6A0000000002719C409061319ADEBA64B31C4BC810E3538DE1655056F08BE2B846C8733DF9D4A51E810000000002349340674A4DC90003666BCAC6}
           x{E_}
            x{4800A4BAF36B13E3AE770F28659A34B2D81F38859E8C08CF776F2BB4B44180438271002E74930F029149EC08380972A5584C717AD4204A4455F097F5E5877CB40E86DA90BCA4015C0656E1D8000000000487AB08CE949B93E_}
             x{34_}
              x{FF00F4A413F4BCF2C80B}
               x{62_}
                x{D001D0D3030171B0A301FA400120D74981010BBAF2E08820D70B0A208104FFBAF2D0898309BAF2E088545053036F04F86102F862DB3C5512DB3CF2E082}
                 x{ED44D0D401F863D200018E2FD31FFA400120D74981010BBAF2E08820D70B0A208104FFBAF2D0898309BAF2E08801D2000191D4926D01E255206C13E0F828D70B0A8309BAF2E089810101D700FA400120D74981010BBAF2E08820D70B0A208104FFBAF2D0898309BAF2E0881202D101DB3C}
                  x{6D}
                 x{0192307FE07021D749C21F953020D70B1FDE208210AFE93535BA8F5130D31F018210AFE93535BAF2E081D33FFA400120D74981010BBAF2E08820D70B0A208104FFBAF2D0898309BAF2E08801D455206C1332820898968070FB024434DB3C30037083067055206D6D6DDB3C597FE0208210B8A3AA14BAE302}
                  x{F8425220C705F2E084}
                  x{C87101CA01500701CA007001CA02500520D74981010BBAF2E08820D70B0A208104FFBAF2D0898309BAF2E088CF165003FA027001CA68236EB3917F93246EB3E2973333017001CA00E30D216EB39C7F01CA0001206EF2D08001CC95317001CA00E2C901FB00}
                   x{7F01CA00C87001CA007001CA00246EB39D7F01CA0004206EF2D0805004CC9634037001CA00E2246EB39D7F01CA0004206EF2D0805004CC9634037001CA00E27001CA00027F01CA0002C958CC}
                  x{30D31F018210B8A3AA14BAF2E081D33FFA400120D74981010BBAF2E08820D70B0A208104FFBAF2D0898309BAF2E088126C12317020FB025520DB3C03708100A07055206D6D6DDB3C587F}
                   x{F8425220C705F2E084}
                   x{C87101CA01500701CA007001CA02500520D74981010BBAF2E08820D70B0A208104FFBAF2D0898309BAF2E088CF165003FA027001CA68236EB3917F93246EB3E2973333017001CA00E30D216EB39C7F01CA0001206EF2D08001CC95317001CA00E2C901FB00}
                    x{7F01CA00C87001CA007001CA00246EB39D7F01CA0004206EF2D0805004CC9634037001CA00E2246EB39D7F01CA0004206EF2D0805004CC9634037001CA00E27001CA00027F01CA0002C958CC}
                  x{8210E601F8E5BA8ECED31F018210E601F8E5BAF2E081D33F0131820898968070FB02F8416F2410235F037083067F25206EF2D080542580C855208210B687AB175004CB1F12CB3FCB1FCCC9103441301443306D6DDB3C7FE03070}
                   x{C87101CA01500701CA007001CA02500520D74981010BBAF2E08820D70B0A208104FFBAF2D0898309BAF2E088CF165003FA027001CA68236EB3917F93246EB3E2973333017001CA00E30D216EB39C7F01CA0001206EF2D08001CC95317001CA00E2C901FB00}
                    x{7F01CA00C87001CA007001CA00246EB39D7F01CA0004206EF2D0805004CC9634037001CA00E2246EB39D7F01CA0004206EF2D0805004CC9634037001CA00E27001CA00027F01CA0002C958CC}
                 x{C8F84301CC7F01CA0055205023CB1F0120D74981010BBAF2E08820D70B0A208104FFBAF2D0898309BAF2E088CF16216EB3957F01CA00CC947032CA00E2C9ED54}
                x{2_}
                 x{BE28EED9E6D9E3618C_}
                  x{ED44D0D401F863D200018E2FD31FFA400120D74981010BBAF2E08820D70B0A208104FFBAF2D0898309BAF2E08801D2000191D4926D01E255206C13E0F828D70B0A8309BAF2E089810101D700FA400120D74981010BBAF2E08820D70B0A208104FFBAF2D0898309BAF2E0881202D101DB3C}
                   x{6D}
                  x{21}
                 x{2_}
                  x{4}
                   x{B1D8B6CF36CF1B0C6_}
                    x{ED44D0D401F863D200018E2FD31FFA400120D74981010BBAF2E08820D70B0A208104FFBAF2D0898309BAF2E08801D2000191D4926D01E255206C13E0F828D70B0A8309BAF2E089810101D700FA400120D74981010BBAF2E08820D70B0A208104FFBAF2D0898309BAF2E0881202D101DB3C}
                     x{6D}
                    x{20}
                   x{B36436CF36CF1B0C6_}
                    x{ED44D0D401F863D200018E2FD31FFA400120D74981010BBAF2E08820D70B0A208104FFBAF2D0898309BAF2E08801D2000191D4926D01E255206C13E0F828D70B0A8309BAF2E089810101D700FA400120D74981010BBAF2E08820D70B0A208104FFBAF2D0898309BAF2E0881202D101DB3C}
                     x{6D}
                    x{22}
                  x{B82BEED44D0D20001}
              x{0000000000000000000000000000000000000000000000000000000000000000200292EBCDAC4F8EB9DC3CA19668D2CB607CE2167A30233DDDBCAED2D106010E09C4_}
               x{C_}
                x{A0838F_}
                 x{FF00F4A413F4BCF2C80B}
                  x{62_}
                   x{D001D0D3030171B0A301FA400120D74981010BBAF2E08820D70B0A208104FFBAF2D0898309BAF2E088545053036F04F86102F862DB3C5512DB3CF2E082}
                    x{ED44D0D401F863D200018E2FD31FFA400120D74981010BBAF2E08820D70B0A208104FFBAF2D0898309BAF2E08801D2000191D4926D01E255206C13E0F828D70B0A8309BAF2E089810101D700FA400120D74981010BBAF2E08820D70B0A208104FFBAF2D0898309BAF2E0881202D101DB3C}
                     x{6D}
                    x{0192307FE07021D749C21F953020D70B1FDE208210AFE93535BA8F5130D31F018210AFE93535BAF2E081D33FFA400120D74981010BBAF2E08820D70B0A208104FFBAF2D0898309BAF2E08801D455206C1332820898968070FB024434DB3C30037083067055206D6D6DDB3C597FE0208210B8A3AA14BAE302}
                     x{F8425220C705F2E084}
                     x{C87101CA01500701CA007001CA02500520D74981010BBAF2E08820D70B0A208104FFBAF2D0898309BAF2E088CF165003FA027001CA68236EB3917F93246EB3E2973333017001CA00E30D216EB39C7F01CA0001206EF2D08001CC95317001CA00E2C901FB00}
                      x{7F01CA00C87001CA007001CA00246EB39D7F01CA0004206EF2D0805004CC9634037001CA00E2246EB39D7F01CA0004206EF2D0805004CC9634037001CA00E27001CA00027F01CA0002C958CC}
                     x{30D31F018210B8A3AA14BAF2E081D33FFA400120D74981010BBAF2E08820D70B0A208104FFBAF2D0898309BAF2E088126C12317020FB025520DB3C03708100A07055206D6D6DDB3C587F}
                      x{F8425220C705F2E084}
                      x{C87101CA01500701CA007001CA02500520D74981010BBAF2E08820D70B0A208104FFBAF2D0898309BAF2E088CF165003FA027001CA68236EB3917F93246EB3E2973333017001CA00E30D216EB39C7F01CA0001206EF2D08001CC95317001CA00E2C901FB00}
                       x{7F01CA00C87001CA007001CA00246EB39D7F01CA0004206EF2D0805004CC9634037001CA00E2246EB39D7F01CA0004206EF2D0805004CC9634037001CA00E27001CA00027F01CA0002C958CC}
                     x{8210E601F8E5BA8ECED31F018210E601F8E5BAF2E081D33F0131820898968070FB02F8416F2410235F037083067F25206EF2D080542580C855208210B687AB175004CB1F12CB3FCB1FCCC9103441301443306D6DDB3C7FE03070}
                      x{C87101CA01500701CA007001CA02500520D74981010BBAF2E08820D70B0A208104FFBAF2D0898309BAF2E088CF165003FA027001CA68236EB3917F93246EB3E2973333017001CA00E30D216EB39C7F01CA0001206EF2D08001CC95317001CA00E2C901FB00}
                       x{7F01CA00C87001CA007001CA00246EB39D7F01CA0004206EF2D0805004CC9634037001CA00E2246EB39D7F01CA0004206EF2D0805004CC9634037001CA00E27001CA00027F01CA0002C958CC}
                    x{C8F84301CC7F01CA0055205023CB1F0120D74981010BBAF2E08820D70B0A208104FFBAF2D0898309BAF2E088CF16216EB3957F01CA00CC947032CA00E2C9ED54}
                   x{2_}
                    x{BE28EED9E6D9E3618C_}
                     x{ED44D0D401F863D200018E2FD31FFA400120D74981010BBAF2E08820D70B0A208104FFBAF2D0898309BAF2E08801D2000191D4926D01E255206C13E0F828D70B0A8309BAF2E089810101D700FA400120D74981010BBAF2E08820D70B0A208104FFBAF2D0898309BAF2E0881202D101DB3C}
                      x{6D}
                     x{21}
                    x{2_}
                     x{4}
                      x{B1D8B6CF36CF1B0C6_}
                       x{ED44D0D401F863D200018E2FD31FFA400120D74981010BBAF2E08820D70B0A208104FFBAF2D0898309BAF2E08801D2000191D4926D01E255206C13E0F828D70B0A8309BAF2E089810101D700FA400120D74981010BBAF2E08820D70B0A208104FFBAF2D0898309BAF2E0881202D101DB3C}
                        x{6D}
                       x{20}
                      x{B36436CF36CF1B0C6_}
                       x{ED44D0D401F863D200018E2FD31FFA400120D74981010BBAF2E08820D70B0A208104FFBAF2D0898309BAF2E08801D2000191D4926D01E255206C13E0F828D70B0A8309BAF2E089810101D700FA400120D74981010BBAF2E08820D70B0A208104FFBAF2D0898309BAF2E0881202D101DB3C}
                        x{6D}
                       x{22}
                     x{B82BEED44D0D20001}
             x{B8A3AA140000000000000000801D3E5E1B0970E52ABD4EA639AED542E118FE33D2F03FE072737A6B74A8FDC2C69_}
            x{DF_}
             x{480173A49878148A4F6041C04B952AC2638BD6A1025222AF84BFAF2C3BE5A07436D5003A7CBC3612E1CA557A9D4C735DAA85C231FC67A5E07FC0E4E6F4D6E951FB858D10BE1E7F1C0608235A0000000004E33882CE949B924_}
           x{72ADD6D464780DD72C3C100BC094FCEB53F38B66C23E75D612837901201E7DA42690AEC8965AFABB16EBC3CB9B408EBAE71B618D78788BC80D09843593CAC98DA4}
           x{0C090BCA4015D8667B9213_}
            x{44262C3D09000000000000000000FA00000000000000000000000000000000000000000000000000000000000000000000000000000000000000000000000000000000000000000000000000000000}
            x{DCC186A0260411A6000000000002000100000001F01808E7C65384854FD0A4F77793F95695733B675EB306C4FAC3CFF546A3D22720280B06_},
          hash: [Function: hash],
          blockchainLogs: '[ 4][t 0][2024-10-30 23:27:05.570000][transaction.cpp:443]\tunpacking account B9D24C3C0A4527B020E025CA956131C5EB5081291157C25FD7961DF2D03A1B6A\n' +
            '[ 4][t 0][2024-10-30 23:27:05.570000][transaction.cpp:274]\tlast_paid=1732922825; cells=28 bits=7131 public_cells=0\n' +
            '[ 4][t 0][2024-10-30 23:27:05.570000][transaction.cpp:504]\tend of Account.unpack() for 0:B9D24C3C0A4527B020E025CA956131C5EB5081291157C25FD7961DF2D03A1B6A (balance = 10000000ng ; last_trans_lt = 37000000..37000002)\n' +
            '[ 4][t 0][2024-10-30 23:27:05.570000][transaction.cpp:3655]\tblock random seed set to 0000000000000000000000000000000000000000000000000000000000000000\n' +
            '[ 4][t 0][2024-10-30 23:27:05.570000][transaction.cpp:1236]\tgas limits: max=1000000, limit=1000000, credit=0\n' +
            '[ 4][t 0][2024-10-30 23:27:05.570000][transaction.cpp:1571]\tHASH(in_msg_state) = B9D24C3C0A4527B020E025CA956131C5EB5081291157C25FD7961DF2D03A1B6A, account_state_hash = 0000000000000000000000000000000000000000000000000000000000000000\n' +
            '[ 4][t 0][2024-10-30 23:27:05.570000][transaction.cpp:1645]\tcreating VM\n' +
            '[ 4][t 0][2024-10-30 23:27:05.570000][transaction.cpp:1351]\tSmartContractInfo initialized with [ 124711402 0 0 1732922825 41000000 41000000 84630195367514639409622924175749312199831056191303332875639359062248049886761 [ 801216215 (null) ] CS{Cell{026dc00b9d24c3c0a4527b020e025ca956131c5eb5081291157c25fd7961df2d03a1b6a23886f6c33a526e480000000008d24d08e625a01340} bits: 1..268; refs: 0..0} C{A7EC01478F770EF8F8B037CC7E42F0ABF0D85A50E1828C2394DAD1411691F2DE} C{F2179DCD5CFD8A1E113288591FFB7A5E10E107D0D2C36DF69E40398023DAA7B1} [ 791216215 (null) ] 0 (null) [ CS{Cell{004dd06600000000000000000000000080000000000000fa00000000000001f4000000000003d09040} bits: 9..305; refs: 0..0} (null) CS{Cell{0094d1000000000000006400000000000f4240de000000002710000000000000000f42400000000002160ec0000000000000271000000000002625a00000000005f5e100000000003b9aca00} bits: 0..592; refs: 0..0} CS{Cell{0094d100000000000000640000000000009c40de000000000190000000000000000f424000000000000f4240000000000000271000000000009896800000000005f5e100000000003b9aca00} bits: 0..592; refs: 0..0} CS{Cell{0042ea000000000098968000000000271000000000000f424000000001800055555555} bits: 0..264; refs: 0..0} CS{Cell{0042ea0000000000061a800000000001900000000000009c4000000001800055555555} bits: 0..264; refs: 0..0} (null) ] 0 (null) ]\n' +
            '[ 4][t 0][2024-10-30 23:27:05.570000][transaction.cpp:1675]\tstarting VM\n' +
            '[ 4][t 0][2024-10-30 23:27:05.571000][transaction.cpp:1680]\tVM terminated with exit code 0\n' +
            '[ 3][t 0][2024-10-30 23:27:05.571000][transaction.cpp:1702]\tsteps: 250 gas: used=8497, max=1000000, limit=1000000, credit=0\n' +
            '[ 3][t 0][2024-10-30 23:27:05.571000][transaction.cpp:1704]\tout_of_gas=false, accepted=true, success=true, time=0.000411s\n' +
            '[ 4][t 0][2024-10-30 23:27:05.571000][transaction.cpp:1737]\tgas fees: 3398800 = 26214400 * 8497 /2^16 ; price=26214400; flat rate=[40000 for 100]; remaining balance=797817415ng\n' +
            '[ 3][t 0][2024-10-30 23:27:05.571000][transaction.cpp:2678]\tin try_action_reserve_currency(0)\n' +
            '[ 4][t 0][2024-10-30 23:27:05.571000][transaction.cpp:2684]\taction_reserve_currency: mode=0, reserve=0ng, balance=797817415ng, original balance=10000000ng\n' +
            '[ 3][t 0][2024-10-30 23:27:05.571000][transaction.cpp:2729]\tchanged remaining balance to 797817415ng, reserved balance to 0ng\n' +
            '[ 4][t 0][2024-10-30 23:27:05.571000][transaction.cpp:2448]\tstorage paid for a message: 0 cells, 0 bits\n' +
            '[ 4][t 0][2024-10-30 23:27:05.571000][transaction.cpp:2452]\tcomputed fwd fees = 400000 + 0\n',
          vmLogs: 'ecute STSLICER\n' +
            'execute OVER\n' +
            'execute ISNULL\n' +
            'execute NOT\n' +
            'execute PUSHCONT x7F01CA00CC\n' +
            'execute PUSHCONT x7032CA00\n' +
            'execute IFELSE\n' +
            'execute PUSHINT -1\n' +
            'execute SWAP\n' +
            'execute STI 1\n' +
            'execute STREF\n' +
            'execute implicit RET\n' +
            'execute ENDC\n' +
            'execute POP c4\n' +
            'execute implicit RET\n',
          debugLogs: '',
          events: [Array],
          parent: [Object],
          children: [Array],
          externals: []
        },
        children: [],
        externals: []
      },
      {
        address: 58472766802306075836644181314469769209867032629105944563722669090714916911778n,
        lt: 45000000n,
        prevTransactionHash: 85342831877512354399482016525183310963852703294341554857052422972903371316006n,
        prevTransactionLt: 26000000n,
        now: 1732922825,
        outMessagesCount: 0,
        oldStatus: 'active',
        endStatus: 'active',
        inMessage: { info: [Object], init: null, body: x{} },
        outMessages: Dictionary { _key: [Object], _value: [Object], _map: Map(0) {} },
        totalFees: { coins: 274724n },
        stateUpdate: {
          oldHash: <Buffer b5 76 e7 5b a0 de 01 63 06 56 8e 4b 66 42 81 65 27 b5 54 e0 c7 a1 87 b5 a8 60 e2 cf e7 02 d8 50>,
          newHash: <Buffer 92 48 35 59 2b e3 b4 8f ca e2 c3 02 32 69 6c 5c e6 ac 7b 97 88 fc 98 91 52 fb fc bc 7f f4 d1 5d>
        },
        description: {
          type: 'generic',
          creditFirst: false,
          storagePhase: [Object],
          creditPhase: [Object],
          computePhase: [Object],
          actionPhase: [Object],
          bouncePhase: undefined,
          aborted: false,
          destroyed: false
        },
        raw: x{7814669C6B54FD8B2DD8E93AAA6E5DE45BD032703F7A61C194AB414089B0A7AA20000000002AEA540BCAE54C12BE8509CAA3A208614E69F5F73B130A9916F9008D5F84F1C8F001B2600000000018CBA80674A4DC9000146086248}
         x{A_}
          x{6800A4BAF36B13E3AE770F28659A34B2D81F38859E8C08CF776F2BB4B441804382710020519A71AD53F62CB763A4EAA9B977916F40C9C0FDE9870652AD050226C29EA890CE3B69000608235A000000000501BD02CE949B924_}
         x{72B576E75BA0DE016306568E4B6642816527B554E0C7A187B5A860E2CFE702D850924835592BE3B48FCAE2C30232696C5CE6AC7B9788FC989152FBFCBC7FF4D15D}
         x{04C09395090CE3B69018603C5A11_}
          x{4026AC3D090000000000000000000500000000000000000000000000000000000000000000000000000000000000000000000000000000000000000000000000000000000000000000000000000000}
          x{C00000000000000000000000012D452DA449E50B8CF7DD27861F146122AFE1B546BB8B70FC8216F0C614139F8E04_},
        hash: [Function: hash],
        blockchainLogs: '[ 4][t 0][2024-10-30 23:27:05.584000][transaction.cpp:443]\tunpacking account 814669C6B54FD8B2DD8E93AAA6E5DE45BD032703F7A61C194AB414089B0A7AA2\n' +
          '[ 4][t 0][2024-10-30 23:27:05.584000][transaction.cpp:274]\tlast_paid=1730330825; cells=6 bits=821 public_cells=0\n' +
          '[ 4][t 0][2024-10-30 23:27:05.584000][transaction.cpp:504]\tend of Account.unpack() for 0:814669C6B54FD8B2DD8E93AAA6E5DE45BD032703F7A61C194AB414089B0A7AA2 (balance = 999999089244000ng ; last_trans_lt = 26000000..26000001)\n' +
          '[ 4][t 0][2024-10-30 23:27:05.584000][transaction.cpp:3655]\tblock random seed set to 0000000000000000000000000000000000000000000000000000000000000000\n' +
          '[ 4][t 0][2024-10-30 23:27:05.584000][transaction.cpp:1236]\tgas limits: max=1000000, limit=1000000, credit=0\n' +
          '[ 4][t 0][2024-10-30 23:27:05.584000][transaction.cpp:1575]\tin_msg_state is null\n' +
          '[ 4][t 0][2024-10-30 23:27:05.584000][transaction.cpp:1645]\tcreating VM\n' +
          '[ 4][t 0][2024-10-30 23:27:05.584000][transaction.cpp:1351]\tSmartContractInfo initialized with [ 124711402 0 0 1732922825 45000000 45000000 115447700146533501994236152434741364412838807905984067774762833459387322310298 [ 999999954092876 (null) ] CS{Cell{0275c00814669c6b54fd8b2dd8e93aaa6e5de45bd032703f7a61c194ab414089b0a7aa220c80cd4339160648000000000632ea05c0e35f9b9f5dd81340} bits: 1..268; refs: 0..0} C{A7EC01478F770EF8F8B037CC7E42F0ABF0D85A50E1828C2394DAD1411691F2DE} C{D992502B94EA96E7B34E5D62FFB0C6FC73D78B3E61F11F0848FB3A1EB1AFC912} [ 865000000 (null) ] 151124 (null) [ CS{Cell{004dd06600000000000000000000000080000000000000fa00000000000001f4000000000003d09040} bits: 9..305; refs: 0..0} (null) CS{Cell{0094d1000000000000006400000000000f4240de000000002710000000000000000f42400000000002160ec0000000000000271000000000002625a00000000005f5e100000000003b9aca00} bits: 0..592; refs: 0..0} CS{Cell{0094d100000000000000640000000000009c40de000000000190000000000000000f424000000000000f4240000000000000271000000000009896800000000005f5e100000000003b9aca00} bits: 0..592; refs: 0..0} CS{Cell{0042ea000000000098968000000000271000000000000f424000000001800055555555} bits: 0..264; refs: 0..0} CS{Cell{0042ea0000000000061a800000000001900000000000009c4000000001800055555555} bits: 0..264; refs: 0..0} (null) ] 0 (null) ]\n' +
          '[ 4][t 0][2024-10-30 23:27:05.585000][transaction.cpp:1675]\tstarting VM\n' +
          '[ 4][t 0][2024-10-30 23:27:05.585000][transaction.cpp:1680]\tVM terminated with exit code 0\n' +
          '[ 3][t 0][2024-10-30 23:27:05.585000][transaction.cpp:1702]\tsteps: 5 gas: used=309, max=1000000, limit=1000000, credit=0\n' +
          '[ 3][t 0][2024-10-30 23:27:05.585000][transaction.cpp:1704]\tout_of_gas=false, accepted=true, success=true, time=0.000018s\n' +
          '[ 4][t 0][2024-10-30 23:27:05.585000][transaction.cpp:1737]\tgas fees: 123600 = 26214400 * 309 /2^16 ; price=26214400; flat rate=[40000 for 100]; remaining balance=999999953969276ng\n',
        vmLogs: 'execute SETCP 0\n' +
          'execute DICTPUSHCONST 19 (xC_,1)\n' +
          'execute DICTIGETJMPZ\n' +
          'execute DROP\n' +
          'execute implicit RET\n',
        debugLogs: '',
        events: [],
        parent: {
          address: 37254810366437813475271750514734067285117962570475561289538093995582013161784n,
          lt: 42000000n,
          prevTransactionHash: 107380538580401123620266541370039271644306706162430279105417671809948886462822n,
          prevTransactionLt: 38000000n,
          now: 1732922825,
          outMessagesCount: 2,
          oldStatus: 'active',
          endStatus: 'active',
          inMessage: [Object],
          outMessages: [Dictionary],
          totalFees: [Object],
          stateUpdate: [Object],
          description: [Object],
          raw: x{7525D79B589F1D73B879432CD1A596C0F9C42CF460467BBB795DA5A20C021C138000000000280DE80ED673B25AA5F6289D4F992A1BDFE64910CF20A164BE2D3B994E3749B70777166000000000243D580674A4DC9000547598D6C}
           x{E_}
            x{6800F99E4F01C1A7C3616D00B3681096094D190E846AE8B8DA0403AC5E7A4431E26D0014975E6D627C75CEE1E50CB346965B03E710B3D18119EEEDE57696883008704E101119EF88060DFF5E0000000004A62F82CE949B92C_}
             x{2A004A0500000000000000000000000000000000000000000000000000000000000000000000000000000000C00814669C6B54FD8B2DD8E93AAA6E5DE45BD032703F7A61C194AB414089B0A7AA2}
            x{DD_}
             x{2_}
              x{6800A4BAF36B13E3AE770F28659A34B2D81F38859E8C08CF776F2BB4B441804382710020519A71AD53F62CB763A4EAA9B977916F40C9C0FDE9870652AD050226C29EA890CE3B69000608235A000000000501BD02CE949B924_}
             x{2_}
              x{6800A4BAF36B13E3AE770F28659A34B2D81F38859E8C08CF776F2BB4B44180438271003A7CBC3612E1CA557A9D4C735DAA85C231FC67A5E07FC0E4E6F4D6E951FB858D100E4647480608235A000000000501BD04CE949B924_}
           x{72F2CAEC3078018C9DE99EAE52484C079979BF7FE65E9EDDACA616982FAA2C8B43F95B64B41466A7423A97EAF09EA6D2A7DB85F3CE6DEF6E0519BB2B7CF7DD0956}
           x{040901119EF8987516A211_}
            x{4D7F2C0AF1E00000000000000002E500000000000000000000000000000000000000000000000000000000000000000000000000000000000000000000000000000000000000000000000000000000}
            x{C9861A804C104698000000000006000200000004BACC7D274C8547AF30C322C2175ADD2563E0D911FFE708E8A4744784F1C212A840902C14_},
          hash: [Function: hash],
          blockchainLogs: '[ 4][t 0][2024-10-30 23:27:05.574000][transaction.cpp:443]\tunpacking account 525D79B589F1D73B879432CD1A596C0F9C42CF460467BBB795DA5A20C021C138\n' +
            '[ 4][t 0][2024-10-30 23:27:05.574000][transaction.cpp:274]\tlast_paid=1732922825; cells=234 bits=84033 public_cells=0\n' +
            '[ 4][t 0][2024-10-30 23:27:05.574000][transaction.cpp:504]\tend of Account.unpack() for 0:525D79B589F1D73B879432CD1A596C0F9C42CF460467BBB795DA5A20C021C138 (balance = 1850000000ng ; last_trans_lt = 38000000..38000005)\n' +
            '[ 4][t 0][2024-10-30 23:27:05.574000][transaction.cpp:3655]\tblock random seed set to 0000000000000000000000000000000000000000000000000000000000000000\n' +
            '[ 4][t 0][2024-10-30 23:27:05.574000][transaction.cpp:1236]\tgas limits: max=1000000, limit=179320, credit=0\n' +
            '[ 4][t 0][2024-10-30 23:27:05.574000][transaction.cpp:1575]\tin_msg_state is null\n' +
            '[ 4][t 0][2024-10-30 23:27:05.574000][transaction.cpp:1645]\tcreating VM\n' +
            '[ 4][t 0][2024-10-30 23:27:05.574000][transaction.cpp:1351]\tSmartContractInfo initialized with [ 124711402 0 0 1732922825 42000000 42000000 14068792954309835536948273256715513127174070948738620016199408580766834334284 [ 1921728098 (null) ] CS{Cell{0271c00525d79b589f1d73b879432cd1a596c0f9c42cf460467bbb795da5a20c021c1383d4c05210433a526e4800000000090f56151b9130a01340} bits: 1..268; refs: 0..0} C{A7EC01478F770EF8F8B037CC7E42F0ABF0D85A50E1828C2394DAD1411691F2DE} C{42B6F0E46484EFC57B9508F6BA7EF42E7512023D5CB4ED5628DD1C7755D16E9D} [ 71728098 (null) ] 0 (null) [ CS{Cell{004dd06600000000000000000000000080000000000000fa00000000000001f4000000000003d09040} bits: 9..305; refs: 0..0} (null) CS{Cell{0094d1000000000000006400000000000f4240de000000002710000000000000000f42400000000002160ec0000000000000271000000000002625a00000000005f5e100000000003b9aca00} bits: 0..592; refs: 0..0} CS{Cell{0094d100000000000000640000000000009c40de000000000190000000000000000f424000000000000f4240000000000000271000000000009896800000000005f5e100000000003b9aca00} bits: 0..592; refs: 0..0} CS{Cell{0042ea000000000098968000000000271000000000000f424000000001800055555555} bits: 0..264; refs: 0..0} CS{Cell{0042ea0000000000061a800000000001900000000000009c4000000001800055555555} bits: 0..264; refs: 0..0} (null) ] 0 (null) ]\n' +
            '[ 4][t 0][2024-10-30 23:27:05.575000][transaction.cpp:1675]\tstarting VM\n' +
            '[ 4][t 0][2024-10-30 23:27:05.575000][transaction.cpp:1680]\tVM terminated with exit code 0\n' +
            '[ 3][t 0][2024-10-30 23:27:05.575000][transaction.cpp:1702]\tsteps: 741 gas: used=27641, max=1000000, limit=179320, credit=0\n' +
            '[ 3][t 0][2024-10-30 23:27:05.575000][transaction.cpp:1704]\tout_of_gas=false, accepted=true, success=true, time=0.000806s\n' +
            '[ 4][t 0][2024-10-30 23:27:05.575000][transaction.cpp:1737]\tgas fees: 11056400 = 26214400 * 27641 /2^16 ; price=26214400; flat rate=[40000 for 100]; remaining balance=1910671698ng\n' +
            '[ 3][t 0][2024-10-30 23:27:05.575000][transaction.cpp:2678]\tin try_action_reserve_currency(0)\n' +
            '[ 4][t 0][2024-10-30 23:27:05.575000][transaction.cpp:2684]\taction_reserve_currency: mode=0, reserve=985000000ng, balance=1910671698ng, original balance=1850000000ng\n' +
            '[ 3][t 0][2024-10-30 23:27:05.575000][transaction.cpp:2729]\tchanged remaining balance to 925671698ng, reserved balance to 985000000ng\n' +
            '[ 4][t 0][2024-10-30 23:27:05.575000][transaction.cpp:2448]\tstorage paid for a message: 0 cells, 0 bits\n' +
            '[ 4][t 0][2024-10-30 23:27:05.576000][transaction.cpp:2452]\tcomputed fwd fees = 400000 + 0\n' +
            '[ 4][t 0][2024-10-30 23:27:05.576000][transaction.cpp:2448]\tstorage paid for a message: 0 cells, 0 bits\n' +
            '[ 4][t 0][2024-10-30 23:27:05.576000][transaction.cpp:2452]\tcomputed fwd fees = 400000 + 0\n',
          vmLogs: 'xecute EQUAL\n' +
            'execute THROWIF 137\n' +
            'execute PUSHPOW2 10\n' +
            'execute EQUAL\n' +
            'execute THROWIFNOT 136\n' +
            'execute STSLICER\n' +
            'execute ENDC\n' +
            'execute ROT\n' +
            'execute STREF\n' +
            'execute ENDC\n' +
            'execute SWAP\n' +
            'execute STREF\n' +
            'execute implicit RET\n' +
            'execute ENDC\n' +
            'execute POP c4\n' +
            'execute implicit RET\n',
          debugLogs: '',
          events: [Array],
          parent: [Object],
          children: [Array],
          externals: []
        },
        children: [],
        externals: []
      },
      {
        address: 105818132960003171416304597453717637701794574747475969910003481004036112389684n,
        lt: 46000000n,
        prevTransactionHash: 107116077605552130041458768856944197789316370077151541978983100441494025810249n,
        prevTransactionLt: 44000000n,
        now: 1732922825,
        outMessagesCount: 0,
        oldStatus: 'active',
        endStatus: 'active',
        inMessage: { info: [Object], init: null, body: x{} },
        outMessages: Dictionary { _key: [Object], _value: [Object], _map: Map(0) {} },
        totalFees: { coins: 123600n },
        stateUpdate: {
          oldHash: <Buffer c0 05 13 ab 17 cc 39 ca ab da 7d 5f 88 bd a2 7e 36 13 a3 8f e2 a7 ac 0c 77 bb a2 48 29 3c 40 98>,
          newHash: <Buffer 78 6d 98 9d 30 28 7e 63 cc fd c0 8f 60 fe e4 ec 55 86 e2 39 f9 61 ce d6 a2 3b e1 16 19 61 37 78>
        },
        description: {
          type: 'generic',
          creditFirst: false,
          storagePhase: [Object],
          creditPhase: [Object],
          computePhase: [Object],
          actionPhase: [Object],
          bouncePhase: undefined,
          aborted: false,
          destroyed: false
        },
        raw: x{7E9F2F0D84B872955EA7531CD76AA1708C7F19E9781FF03939BD35BA547EE16340000000002BDE780ECD18D2AEB9594B8500499422FF15A945F4E9013E67D6AD55D3E7F09495A314900000000029F6300674A4DC900014603C5A0}
         x{A_}
          x{6800A4BAF36B13E3AE770F28659A34B2D81F38859E8C08CF776F2BB4B44180438271003A7CBC3612E1CA557A9D4C735DAA85C231FC67A5E07FC0E4E6F4D6E951FB858D100E4647480608235A000000000501BD04CE949B924_}
         x{72C00513AB17CC39CAABDA7D5F88BDA27E3613A38FE2A7AC0C77BBA248293C4098786D989D30287E63CCFDC08F60FEE4EC5586E239F961CED6A23BE11619613778}
         x{040900E4647498603C5A11_}
          x{4026AC0922BC00000000000000000500000000000000000000000000000000000000000000000000000000000000000000000000000000000000000000000000000000000000000000000000000000}
          x{C00000000000000000000000012D452DA449E50B8CF7DD27861F146122AFE1B546BB8B70FC8216F0C614139F8E04_},
        hash: [Function: hash],
        blockchainLogs: '[ 4][t 0][2024-10-30 23:27:05.586000][transaction.cpp:443]\tunpacking account E9F2F0D84B872955EA7531CD76AA1708C7F19E9781FF03939BD35BA547EE1634\n' +
          '[ 4][t 0][2024-10-30 23:27:05.586000][transaction.cpp:274]\tlast_paid=1732922825; cells=6 bits=821 public_cells=0\n' +
          '[ 4][t 0][2024-10-30 23:27:05.586000][transaction.cpp:504]\tend of Account.unpack() for 0:E9F2F0D84B872955EA7531CD76AA1708C7F19E9781FF03939BD35BA547EE1634 (balance = 999999794878291ng ; last_trans_lt = 44000000..44000001)\n' +
          '[ 4][t 0][2024-10-30 23:27:05.586000][transaction.cpp:3655]\tblock random seed set to 0000000000000000000000000000000000000000000000000000000000000000\n' +
          '[ 4][t 0][2024-10-30 23:27:05.586000][transaction.cpp:1236]\tgas limits: max=1000000, limit=149679, credit=0\n' +
          '[ 4][t 0][2024-10-30 23:27:05.586000][transaction.cpp:1575]\tin_msg_state is null\n' +
          '[ 4][t 0][2024-10-30 23:27:05.586000][transaction.cpp:1645]\tcreating VM\n' +
          '[ 4][t 0][2024-10-30 23:27:05.586000][transaction.cpp:1351]\tSmartContractInfo initialized with [ 124711402 0 0 1732922825 46000000 46000000 60210483465141978598827679003117970236339845468170532052053411751718225576024 [ 999999854749989 (null) ] CS{Cell{0275c00e9f2f0d84b872955ea7531cd76aa1708c7f19e9781ff03939bd35ba547ee163420c80cd433a526e48000000000a7d8c05c0e35fa62325d4d340} bits: 1..268; refs: 0..0} C{A7EC01478F770EF8F8B037CC7E42F0ABF0D85A50E1828C2394DAD1411691F2DE} C{D992502B94EA96E7B34E5D62FFB0C6FC73D78B3E61F11F0848FB3A1EB1AFC912} [ 59871698 (null) ] 0 (null) [ CS{Cell{004dd06600000000000000000000000080000000000000fa00000000000001f4000000000003d09040} bits: 9..305; refs: 0..0} (null) CS{Cell{0094d1000000000000006400000000000f4240de000000002710000000000000000f42400000000002160ec0000000000000271000000000002625a00000000005f5e100000000003b9aca00} bits: 0..592; refs: 0..0} CS{Cell{0094d100000000000000640000000000009c40de000000000190000000000000000f424000000000000f4240000000000000271000000000009896800000000005f5e100000000003b9aca00} bits: 0..592; refs: 0..0} CS{Cell{0042ea000000000098968000000000271000000000000f424000000001800055555555} bits: 0..264; refs: 0..0} CS{Cell{0042ea0000000000061a800000000001900000000000009c4000000001800055555555} bits: 0..264; refs: 0..0} (null) ] 0 (null) ]\n' +
          '[ 4][t 0][2024-10-30 23:27:05.586000][transaction.cpp:1675]\tstarting VM\n' +
          '[ 4][t 0][2024-10-30 23:27:05.586000][transaction.cpp:1680]\tVM terminated with exit code 0\n' +
          '[ 3][t 0][2024-10-30 23:27:05.586000][transaction.cpp:1702]\tsteps: 5 gas: used=309, max=1000000, limit=149679, credit=0\n' +
          '[ 3][t 0][2024-10-30 23:27:05.586000][transaction.cpp:1704]\tout_of_gas=false, accepted=true, success=true, time=0.000018s\n' +
          '[ 4][t 0][2024-10-30 23:27:05.586000][transaction.cpp:1737]\tgas fees: 123600 = 26214400 * 309 /2^16 ; price=26214400; flat rate=[40000 for 100]; remaining balance=999999854626389ng\n',
        vmLogs: 'execute SETCP 0\n' +
          'execute DICTPUSHCONST 19 (xC_,1)\n' +
          'execute DICTIGETJMPZ\n' +
          'execute DROP\n' +
          'execute implicit RET\n',
        debugLogs: '',
        events: [],
        parent: {
          address: 37254810366437813475271750514734067285117962570475561289538093995582013161784n,
          lt: 42000000n,
          prevTransactionHash: 107380538580401123620266541370039271644306706162430279105417671809948886462822n,
          prevTransactionLt: 38000000n,
          now: 1732922825,
          outMessagesCount: 2,
          oldStatus: 'active',
          endStatus: 'active',
          inMessage: [Object],
          outMessages: [Dictionary],
          totalFees: [Object],
          stateUpdate: [Object],
          description: [Object],
          raw: x{7525D79B589F1D73B879432CD1A596C0F9C42CF460467BBB795DA5A20C021C138000000000280DE80ED673B25AA5F6289D4F992A1BDFE64910CF20A164BE2D3B994E3749B70777166000000000243D580674A4DC9000547598D6C}
           x{E_}
            x{6800F99E4F01C1A7C3616D00B3681096094D190E846AE8B8DA0403AC5E7A4431E26D0014975E6D627C75CEE1E50CB346965B03E710B3D18119EEEDE57696883008704E101119EF88060DFF5E0000000004A62F82CE949B92C_}
             x{2A004A0500000000000000000000000000000000000000000000000000000000000000000000000000000000C00814669C6B54FD8B2DD8E93AAA6E5DE45BD032703F7A61C194AB414089B0A7AA2}
            x{DD_}
             x{2_}
              x{6800A4BAF36B13E3AE770F28659A34B2D81F38859E8C08CF776F2BB4B441804382710020519A71AD53F62CB763A4EAA9B977916F40C9C0FDE9870652AD050226C29EA890CE3B69000608235A000000000501BD02CE949B924_}
             x{2_}
              x{6800A4BAF36B13E3AE770F28659A34B2D81F38859E8C08CF776F2BB4B44180438271003A7CBC3612E1CA557A9D4C735DAA85C231FC67A5E07FC0E4E6F4D6E951FB858D100E4647480608235A000000000501BD04CE949B924_}
           x{72F2CAEC3078018C9DE99EAE52484C079979BF7FE65E9EDDACA616982FAA2C8B43F95B64B41466A7423A97EAF09EA6D2A7DB85F3CE6DEF6E0519BB2B7CF7DD0956}
           x{040901119EF8987516A211_}
            x{4D7F2C0AF1E00000000000000002E500000000000000000000000000000000000000000000000000000000000000000000000000000000000000000000000000000000000000000000000000000000}
            x{C9861A804C104698000000000006000200000004BACC7D274C8547AF30C322C2175ADD2563E0D911FFE708E8A4744784F1C212A840902C14_},
          hash: [Function: hash],
          blockchainLogs: '[ 4][t 0][2024-10-30 23:27:05.574000][transaction.cpp:443]\tunpacking account 525D79B589F1D73B879432CD1A596C0F9C42CF460467BBB795DA5A20C021C138\n' +
            '[ 4][t 0][2024-10-30 23:27:05.574000][transaction.cpp:274]\tlast_paid=1732922825; cells=234 bits=84033 public_cells=0\n' +
            '[ 4][t 0][2024-10-30 23:27:05.574000][transaction.cpp:504]\tend of Account.unpack() for 0:525D79B589F1D73B879432CD1A596C0F9C42CF460467BBB795DA5A20C021C138 (balance = 1850000000ng ; last_trans_lt = 38000000..38000005)\n' +
            '[ 4][t 0][2024-10-30 23:27:05.574000][transaction.cpp:3655]\tblock random seed set to 0000000000000000000000000000000000000000000000000000000000000000\n' +
            '[ 4][t 0][2024-10-30 23:27:05.574000][transaction.cpp:1236]\tgas limits: max=1000000, limit=179320, credit=0\n' +
            '[ 4][t 0][2024-10-30 23:27:05.574000][transaction.cpp:1575]\tin_msg_state is null\n' +
            '[ 4][t 0][2024-10-30 23:27:05.574000][transaction.cpp:1645]\tcreating VM\n' +
            '[ 4][t 0][2024-10-30 23:27:05.574000][transaction.cpp:1351]\tSmartContractInfo initialized with [ 124711402 0 0 1732922825 42000000 42000000 14068792954309835536948273256715513127174070948738620016199408580766834334284 [ 1921728098 (null) ] CS{Cell{0271c00525d79b589f1d73b879432cd1a596c0f9c42cf460467bbb795da5a20c021c1383d4c05210433a526e4800000000090f56151b9130a01340} bits: 1..268; refs: 0..0} C{A7EC01478F770EF8F8B037CC7E42F0ABF0D85A50E1828C2394DAD1411691F2DE} C{42B6F0E46484EFC57B9508F6BA7EF42E7512023D5CB4ED5628DD1C7755D16E9D} [ 71728098 (null) ] 0 (null) [ CS{Cell{004dd06600000000000000000000000080000000000000fa00000000000001f4000000000003d09040} bits: 9..305; refs: 0..0} (null) CS{Cell{0094d1000000000000006400000000000f4240de000000002710000000000000000f42400000000002160ec0000000000000271000000000002625a00000000005f5e100000000003b9aca00} bits: 0..592; refs: 0..0} CS{Cell{0094d100000000000000640000000000009c40de000000000190000000000000000f424000000000000f4240000000000000271000000000009896800000000005f5e100000000003b9aca00} bits: 0..592; refs: 0..0} CS{Cell{0042ea000000000098968000000000271000000000000f424000000001800055555555} bits: 0..264; refs: 0..0} CS{Cell{0042ea0000000000061a800000000001900000000000009c4000000001800055555555} bits: 0..264; refs: 0..0} (null) ] 0 (null) ]\n' +
            '[ 4][t 0][2024-10-30 23:27:05.575000][transaction.cpp:1675]\tstarting VM\n' +
            '[ 4][t 0][2024-10-30 23:27:05.575000][transaction.cpp:1680]\tVM terminated with exit code 0\n' +
            '[ 3][t 0][2024-10-30 23:27:05.575000][transaction.cpp:1702]\tsteps: 741 gas: used=27641, max=1000000, limit=179320, credit=0\n' +
            '[ 3][t 0][2024-10-30 23:27:05.575000][transaction.cpp:1704]\tout_of_gas=false, accepted=true, success=true, time=0.000806s\n' +
            '[ 4][t 0][2024-10-30 23:27:05.575000][transaction.cpp:1737]\tgas fees: 11056400 = 26214400 * 27641 /2^16 ; price=26214400; flat rate=[40000 for 100]; remaining balance=1910671698ng\n' +
            '[ 3][t 0][2024-10-30 23:27:05.575000][transaction.cpp:2678]\tin try_action_reserve_currency(0)\n' +
            '[ 4][t 0][2024-10-30 23:27:05.575000][transaction.cpp:2684]\taction_reserve_currency: mode=0, reserve=985000000ng, balance=1910671698ng, original balance=1850000000ng\n' +
            '[ 3][t 0][2024-10-30 23:27:05.575000][transaction.cpp:2729]\tchanged remaining balance to 925671698ng, reserved balance to 985000000ng\n' +
            '[ 4][t 0][2024-10-30 23:27:05.575000][transaction.cpp:2448]\tstorage paid for a message: 0 cells, 0 bits\n' +
            '[ 4][t 0][2024-10-30 23:27:05.576000][transaction.cpp:2452]\tcomputed fwd fees = 400000 + 0\n' +
            '[ 4][t 0][2024-10-30 23:27:05.576000][transaction.cpp:2448]\tstorage paid for a message: 0 cells, 0 bits\n' +
            '[ 4][t 0][2024-10-30 23:27:05.576000][transaction.cpp:2452]\tcomputed fwd fees = 400000 + 0\n',
          vmLogs: 'xecute EQUAL\n' +
            'execute THROWIF 137\n' +
            'execute PUSHPOW2 10\n' +
            'execute EQUAL\n' +
            'execute THROWIFNOT 136\n' +
            'execute STSLICER\n' +
            'execute ENDC\n' +
            'execute ROT\n' +
            'execute STREF\n' +
            'execute ENDC\n' +
            'execute SWAP\n' +
            'execute STREF\n' +
            'execute implicit RET\n' +
            'execute ENDC\n' +
            'execute POP c4\n' +
            'execute implicit RET\n',
          debugLogs: '',
          events: [Array],
          parent: [Object],
          children: [Array],
          externals: []
        },
        children: [],
        externals: []
      },
      {
        address: 82932696146371031528842022915703368160952877310224391173905811460306378520268n,
        lt: 47000000n,
        prevTransactionHash: 31987408530742907392431940646875611164168603181507024531125236929024247200589n,
        prevTransactionLt: 32000000n,
        now: 1732922825,
        outMessagesCount: 0,
        oldStatus: 'active',
        endStatus: 'active',
        inMessage: { info: [Object], init: null, body: x{} },
        outMessages: Dictionary { _key: [Object], _value: [Object], _map: Map(0) {} },
        totalFees: { coins: 274724n },
        stateUpdate: {
          oldHash: <Buffer 82 15 be b9 73 ae 38 a1 59 a2 7a 9d 69 be f5 2f 1b 91 00 d1 aa 50 d3 8a 4a 3f a7 c9 4c d9 95 c4>,
          newHash: <Buffer 49 59 c7 65 00 50 4b d0 77 35 d7 95 72 73 e1 94 e7 46 41 62 32 b4 72 e6 a5 36 94 94 f8 29 93 cf>
        },
        description: {
          type: 'generic',
          creditFirst: false,
          storagePhase: [Object],
          creditPhase: [Object],
          computePhase: [Object],
          actionPhase: [Object],
          bouncePhase: undefined,
          aborted: false,
          destroyed: false
        },
        raw: x{7B75A3E1A6460F415CE3721F308920C4B456F3B977F39EB26CED9155308A976CC0000000002CD29C046B83B4CAAF6D4D85D93C2A20B8FED4901637BE48843B154A75B136A88EFFB4D0000000001E84800674A4DC9000146086248}
         x{A_}
          x{6800A4BAF36B13E3AE770F28659A34B2D81F38859E8C08CF776F2BB4B44180438271002DD68F8699183D05738DC87CC2248312D15BCEE5DFCE7AC9B3B64554C22A5DB310D2F3E8000608235A0000000005204182CE949B924_}
         x{728215BEB973AE38A159A27A9D69BEF52F1B9100D1AA50D38A4A3FA7C94CD995C44959C76500504BD07735D7957273E194E746416232B472E6A5369494F82993CF}
         x{04C09395090D2F3E8018603C5A11_}
          x{4026AC3D090000000000000000000500000000000000000000000000000000000000000000000000000000000000000000000000000000000000000000000000000000000000000000000000000000}
          x{C00000000000000000000000012D452DA449E50B8CF7DD27861F146122AFE1B546BB8B70FC8216F0C614139F8E04_},
        hash: [Function: hash],
        blockchainLogs: '[ 4][t 0][2024-10-30 23:27:05.588000][transaction.cpp:443]\tunpacking account B75A3E1A6460F415CE3721F308920C4B456F3B977F39EB26CED9155308A976CC\n' +
          '[ 4][t 0][2024-10-30 23:27:05.588000][transaction.cpp:274]\tlast_paid=1730330825; cells=6 bits=821 public_cells=0\n' +
          '[ 4][t 0][2024-10-30 23:27:05.588000][transaction.cpp:504]\tend of Account.unpack() for 0:B75A3E1A6460F415CE3721F308920C4B456F3B977F39EB26CED9155308A976CC (balance = 999999005607200ng ; last_trans_lt = 32000000..32000001)\n' +
          '[ 4][t 0][2024-10-30 23:27:05.588000][transaction.cpp:3655]\tblock random seed set to 0000000000000000000000000000000000000000000000000000000000000000\n' +
          '[ 4][t 0][2024-10-30 23:27:05.588000][transaction.cpp:1236]\tgas limits: max=1000000, limit=1000000, credit=0\n' +
          '[ 4][t 0][2024-10-30 23:27:05.588000][transaction.cpp:1575]\tin_msg_state is null\n' +
          '[ 4][t 0][2024-10-30 23:27:05.588000][transaction.cpp:1645]\tcreating VM\n' +
          '[ 4][t 0][2024-10-30 23:27:05.588000][transaction.cpp:1351]\tSmartContractInfo initialized with [ 124711402 0 0 1732922825 47000000 47000000 21122878255675644108446800642276849919927819785129319861439300423341550034363 [ 999999890256076 (null) ] CS{Cell{0275c00b75a3e1a6460f415ce3721f308920c4b456f3b977f39eb26ced9155308a976cc20c80cd43391606480000000007a12005c0e35f9a6051481340} bits: 1..268; refs: 0..0} C{A7EC01478F770EF8F8B037CC7E42F0ABF0D85A50E1828C2394DAD1411691F2DE} C{D992502B94EA96E7B34E5D62FFB0C6FC73D78B3E61F11F0848FB3A1EB1AFC912} [ 884800000 (null) ] 151124 (null) [ CS{Cell{004dd06600000000000000000000000080000000000000fa00000000000001f4000000000003d09040} bits: 9..305; refs: 0..0} (null) CS{Cell{0094d1000000000000006400000000000f4240de000000002710000000000000000f42400000000002160ec0000000000000271000000000002625a00000000005f5e100000000003b9aca00} bits: 0..592; refs: 0..0} CS{Cell{0094d100000000000000640000000000009c40de000000000190000000000000000f424000000000000f4240000000000000271000000000009896800000000005f5e100000000003b9aca00} bits: 0..592; refs: 0..0} CS{Cell{0042ea000000000098968000000000271000000000000f424000000001800055555555} bits: 0..264; refs: 0..0} CS{Cell{0042ea0000000000061a800000000001900000000000009c4000000001800055555555} bits: 0..264; refs: 0..0} (null) ] 0 (null) ]\n' +
          '[ 4][t 0][2024-10-30 23:27:05.588000][transaction.cpp:1675]\tstarting VM\n' +
          '[ 4][t 0][2024-10-30 23:27:05.588000][transaction.cpp:1680]\tVM terminated with exit code 0\n' +
          '[ 3][t 0][2024-10-30 23:27:05.588000][transaction.cpp:1702]\tsteps: 5 gas: used=309, max=1000000, limit=1000000, credit=0\n' +
          '[ 3][t 0][2024-10-30 23:27:05.588000][transaction.cpp:1704]\tout_of_gas=false, accepted=true, success=true, time=0.000017s\n' +
          '[ 4][t 0][2024-10-30 23:27:05.588000][transaction.cpp:1737]\tgas fees: 123600 = 26214400 * 309 /2^16 ; price=26214400; flat rate=[40000 for 100]; remaining balance=999999890132476ng\n',
        vmLogs: 'execute SETCP 0\n' +
          'execute DICTPUSHCONST 19 (xC_,1)\n' +
          'execute DICTIGETJMPZ\n' +
          'execute DROP\n' +
          'execute implicit RET\n',
        debugLogs: '',
        events: [],
        parent: {
          address: 37254810366437813475271750514734067285117962570475561289538093995582013161784n,
          lt: 43000000n,
          prevTransactionHash: 19766931097223869910690337480967712564651780709146000365988743775958279918961n,
          prevTransactionLt: 42000000n,
          now: 1732922825,
          outMessagesCount: 2,
          oldStatus: 'active',
          endStatus: 'active',
          inMessage: [Object],
          outMessages: [Dictionary],
          totalFees: [Object],
          stateUpdate: [Object],
          description: [Object],
          raw: x{7525D79B589F1D73B879432CD1A596C0F9C42CF460467BBB795DA5A20C021C13800000000029020C02BB3AFC00F74905A742803E9B98BE702C270A40F4D243D24DD264B6B19D01571000000000280DE80674A4DC900054750B3CC}
           x{E_}
            x{6801C25D36B535BEF92116226484A49D03E01E5050FFC3053F6C298C080280A4EEF90014975E6D627C75CEE1E50CB346965B03E710B3D18119EEEDE57696883008704E101119EF88060DFF5E0000000004C4B402CE949B92C_}
             x{2A004A0500000000000000010000000000000000000000000000000000000000000000000000000000000000400B75A3E1A6460F415CE3721F308920C4B456F3B977F39EB26CED9155308A976CC}
            x{DD_}
             x{2_}
              x{6800A4BAF36B13E3AE770F28659A34B2D81F38859E8C08CF776F2BB4B44180438271002DD68F8699183D05738DC87CC2248312D15BCEE5DFCE7AC9B3B64554C22A5DB310D2F3E8000608235A0000000005204182CE949B924_}
             x{2_}
              x{6800A4BAF36B13E3AE770F28659A34B2D81F38859E8C08CF776F2BB4B44180438271003A7CBC3612E1CA557A9D4C735DAA85C231FC67A5E07FC0E4E6F4D6E951FB858D100E57FA880608235A0000000005204184CE949B924_}
           x{72F95B64B41466A7423A97EAF09EA6D2A7DB85F3CE6DEF6E0519BB2B7CF7DD0956F2A3D36434D41CBFEF12846A6147F3EB165487A568485DBE704C8F25A46A5CA8}
           x{040901119EF89874890811_}
            x{4D248C0AF1E00000000000000002E500000000000000000000000000000000000000000000000000000000000000000000000000000000000000000000000000000000000000000000000000000000}
            x{C9861A804C1046980000000000060002000000042825509FF081148CBC1F4DB2B0AA7ECA3E9FF913D5272D497EFC57A5D934677A40902C14_},
          hash: [Function: hash],
          blockchainLogs: '[ 4][t 0][2024-10-30 23:27:05.578000][transaction.cpp:443]\tunpacking account 525D79B589F1D73B879432CD1A596C0F9C42CF460467BBB795DA5A20C021C138\n' +
            '[ 4][t 0][2024-10-30 23:27:05.579000][transaction.cpp:274]\tlast_paid=1732922825; cells=231 bits=83982 public_cells=0\n' +
            '[ 4][t 0][2024-10-30 23:27:05.579000][transaction.cpp:504]\tend of Account.unpack() for 0:525D79B589F1D73B879432CD1A596C0F9C42CF460467BBB795DA5A20C021C138 (balance = 985000000ng ; last_trans_lt = 42000000..42000003)\n' +
            '[ 4][t 0][2024-10-30 23:27:05.579000][transaction.cpp:3655]\tblock random seed set to 0000000000000000000000000000000000000000000000000000000000000000\n' +
            '[ 4][t 0][2024-10-30 23:27:05.579000][transaction.cpp:1236]\tgas limits: max=1000000, limit=179320, credit=0\n' +
            '[ 4][t 0][2024-10-30 23:27:05.579000][transaction.cpp:1575]\tin_msg_state is null\n' +
            '[ 4][t 0][2024-10-30 23:27:05.579000][transaction.cpp:1645]\tcreating VM\n' +
            '[ 4][t 0][2024-10-30 23:27:05.579000][transaction.cpp:1351]\tSmartContractInfo initialized with [ 124711402 0 0 1732922825 43000000 43000000 14068792954309835536948273256715513127174070948738620016199408580766834334284 [ 1056728098 (null) ] CS{Cell{0271c00525d79b589f1d73b879432cd1a596c0f9c42cf460467bbb795da5a20c021c1383cec05203833a526e48000000000a037a0d0ead7a101340} bits: 1..268; refs: 0..0} C{A7EC01478F770EF8F8B037CC7E42F0ABF0D85A50E1828C2394DAD1411691F2DE} C{42B6F0E46484EFC57B9508F6BA7EF42E7512023D5CB4ED5628DD1C7755D16E9D} [ 71728098 (null) ] 0 (null) [ CS{Cell{004dd06600000000000000000000000080000000000000fa00000000000001f4000000000003d09040} bits: 9..305; refs: 0..0} (null) CS{Cell{0094d1000000000000006400000000000f4240de000000002710000000000000000f42400000000002160ec0000000000000271000000000002625a00000000005f5e100000000003b9aca00} bits: 0..592; refs: 0..0} CS{Cell{0094d100000000000000640000000000009c40de000000000190000000000000000f424000000000000f4240000000000000271000000000009896800000000005f5e100000000003b9aca00} bits: 0..592; refs: 0..0} CS{Cell{0042ea000000000098968000000000271000000000000f424000000001800055555555} bits: 0..264; refs: 0..0} CS{Cell{0042ea0000000000061a800000000001900000000000009c4000000001800055555555} bits: 0..264; refs: 0..0} (null) ] 0 (null) ]\n' +
            '[ 4][t 0][2024-10-30 23:27:05.579000][transaction.cpp:1675]\tstarting VM\n' +
            '[ 4][t 0][2024-10-30 23:27:05.580000][transaction.cpp:1680]\tVM terminated with exit code 0\n' +
            '[ 3][t 0][2024-10-30 23:27:05.580000][transaction.cpp:1702]\tsteps: 741 gas: used=26916, max=1000000, limit=179320, credit=0\n' +
            '[ 3][t 0][2024-10-30 23:27:05.580000][transaction.cpp:1704]\tout_of_gas=false, accepted=true, success=true, time=0.000938s\n' +
            '[ 4][t 0][2024-10-30 23:27:05.580000][transaction.cpp:1737]\tgas fees: 10766400 = 26214400 * 26916 /2^16 ; price=26214400; flat rate=[40000 for 100]; remaining balance=1045961698ng\n' +
            '[ 3][t 0][2024-10-30 23:27:05.580000][transaction.cpp:2678]\tin try_action_reserve_currency(0)\n' +
            '[ 4][t 0][2024-10-30 23:27:05.580000][transaction.cpp:2684]\taction_reserve_currency: mode=0, reserve=100200000ng, balance=1045961698ng, original balance=985000000ng\n' +
            '[ 3][t 0][2024-10-30 23:27:05.580000][transaction.cpp:2729]\tchanged remaining balance to 945761698ng, reserved balance to 100200000ng\n' +
            '[ 4][t 0][2024-10-30 23:27:05.580000][transaction.cpp:2448]\tstorage paid for a message: 0 cells, 0 bits\n' +
            '[ 4][t 0][2024-10-30 23:27:05.580000][transaction.cpp:2452]\tcomputed fwd fees = 400000 + 0\n' +
            '[ 4][t 0][2024-10-30 23:27:05.580000][transaction.cpp:2448]\tstorage paid for a message: 0 cells, 0 bits\n' +
            '[ 4][t 0][2024-10-30 23:27:05.580000][transaction.cpp:2452]\tcomputed fwd fees = 400000 + 0\n',
          vmLogs: 'xecute EQUAL\n' +
            'execute THROWIF 137\n' +
            'execute PUSHPOW2 10\n' +
            'execute EQUAL\n' +
            'execute THROWIFNOT 136\n' +
            'execute STSLICER\n' +
            'execute ENDC\n' +
            'execute ROT\n' +
            'execute STREF\n' +
            'execute ENDC\n' +
            'execute SWAP\n' +
            'execute STREF\n' +
            'execute implicit RET\n' +
            'execute ENDC\n' +
            'execute POP c4\n' +
            'execute implicit RET\n',
          debugLogs: '',
          events: [Array],
          parent: [Object],
          children: [Array],
          externals: []
        },
        children: [],
        externals: []
      },
      {
        address: 105818132960003171416304597453717637701794574747475969910003481004036112389684n,
        lt: 48000000n,
        prevTransactionHash: 2637468349265488936809446646153262709196776271806617770897142467151427764524n,
        prevTransactionLt: 46000000n,
        now: 1732922825,
        outMessagesCount: 0,
        oldStatus: 'active',
        endStatus: 'active',
        inMessage: { info: [Object], init: null, body: x{} },
        outMessages: Dictionary { _key: [Object], _value: [Object], _map: Map(0) {} },
        totalFees: { coins: 123600n },
        stateUpdate: {
          oldHash: <Buffer 78 6d 98 9d 30 28 7e 63 cc fd c0 8f 60 fe e4 ec 55 86 e2 39 f9 61 ce d6 a2 3b e1 16 19 61 37 78>,
          newHash: <Buffer 41 08 8b 58 0d 0c f6 9f 02 f5 65 ce 23 fe 99 06 54 4c 40 db 2e 96 c3 0b a0 ef 65 61 7e ef 72 07>
        },
        description: {
          type: 'generic',
          creditFirst: false,
          storagePhase: [Object],
          creditPhase: [Object],
          computePhase: [Object],
          actionPhase: [Object],
          bouncePhase: undefined,
          aborted: false,
          destroyed: false
        },
        raw: x{7E9F2F0D84B872955EA7531CD76AA1708C7F19E9781FF03939BD35BA547EE16340000000002DC6C0005D4C1123BBF6A5683A8BEDA3F77662DC3B002E53ADDF6D7116FC848ECA7812C0000000002BDE780674A4DC900014603C5A0}
         x{A_}
          x{6800A4BAF36B13E3AE770F28659A34B2D81F38859E8C08CF776F2BB4B44180438271003A7CBC3612E1CA557A9D4C735DAA85C231FC67A5E07FC0E4E6F4D6E951FB858D100E57FA880608235A0000000005204184CE949B924_}
         x{72786D989D30287E63CCFDC08F60FEE4EC5586E239F961CED6A23BE1161961377841088B580D0CF69F02F565CE23FE9906544C40DB2E96C30BA0EF65617EEF7207}
         x{040900E57FA898603C5A11_}
          x{4026AC092E1000000000000000000500000000000000000000000000000000000000000000000000000000000000000000000000000000000000000000000000000000000000000000000000000000}
          x{C00000000000000000000000012D452DA449E50B8CF7DD27861F146122AFE1B546BB8B70FC8216F0C614139F8E04_},
        hash: [Function: hash],
        blockchainLogs: '[ 4][t 0][2024-10-30 23:27:05.589000][transaction.cpp:443]\tunpacking account E9F2F0D84B872955EA7531CD76AA1708C7F19E9781FF03939BD35BA547EE1634\n' +
          '[ 4][t 0][2024-10-30 23:27:05.589000][transaction.cpp:274]\tlast_paid=1732922825; cells=6 bits=821 public_cells=0\n' +
          '[ 4][t 0][2024-10-30 23:27:05.589000][transaction.cpp:504]\tend of Account.unpack() for 0:E9F2F0D84B872955EA7531CD76AA1708C7F19E9781FF03939BD35BA547EE1634 (balance = 999999854626389ng ; last_trans_lt = 46000000..46000001)\n' +
          '[ 4][t 0][2024-10-30 23:27:05.589000][transaction.cpp:3655]\tblock random seed set to 0000000000000000000000000000000000000000000000000000000000000000\n' +
          '[ 4][t 0][2024-10-30 23:27:05.589000][transaction.cpp:1236]\tgas limits: max=1000000, limit=150404, credit=0\n' +
          '[ 4][t 0][2024-10-30 23:27:05.589000][transaction.cpp:1575]\tin_msg_state is null\n' +
          '[ 4][t 0][2024-10-30 23:27:05.589000][transaction.cpp:1645]\tcreating VM\n' +
          '[ 4][t 0][2024-10-30 23:27:05.589000][transaction.cpp:1351]\tSmartContractInfo initialized with [ 124711402 0 0 1732922825 48000000 48000000 60210483465141978598827679003117970236339845468170532052053411751718225576024 [ 999999914788087 (null) ] CS{Cell{0275c00e9f2f0d84b872955ea7531cd76aa1708c7f19e9781ff03939bd35ba547ee163420c80cd433a526e48000000000af79e05c0e35fa70711955340} bits: 1..268; refs: 0..0} C{A7EC01478F770EF8F8B037CC7E42F0ABF0D85A50E1828C2394DAD1411691F2DE} C{D992502B94EA96E7B34E5D62FFB0C6FC73D78B3E61F11F0848FB3A1EB1AFC912} [ 60161698 (null) ] 0 (null) [ CS{Cell{004dd06600000000000000000000000080000000000000fa00000000000001f4000000000003d09040} bits: 9..305; refs: 0..0} (null) CS{Cell{0094d1000000000000006400000000000f4240de000000002710000000000000000f42400000000002160ec0000000000000271000000000002625a00000000005f5e100000000003b9aca00} bits: 0..592; refs: 0..0} CS{Cell{0094d100000000000000640000000000009c40de000000000190000000000000000f424000000000000f4240000000000000271000000000009896800000000005f5e100000000003b9aca00} bits: 0..592; refs: 0..0} CS{Cell{0042ea000000000098968000000000271000000000000f424000000001800055555555} bits: 0..264; refs: 0..0} CS{Cell{0042ea0000000000061a800000000001900000000000009c4000000001800055555555} bits: 0..264; refs: 0..0} (null) ] 0 (null) ]\n' +
          '[ 4][t 0][2024-10-30 23:27:05.590000][transaction.cpp:1675]\tstarting VM\n' +
          '[ 4][t 0][2024-10-30 23:27:05.590000][transaction.cpp:1680]\tVM terminated with exit code 0\n' +
          '[ 3][t 0][2024-10-30 23:27:05.590000][transaction.cpp:1702]\tsteps: 5 gas: used=309, max=1000000, limit=150404, credit=0\n' +
          '[ 3][t 0][2024-10-30 23:27:05.590000][transaction.cpp:1704]\tout_of_gas=false, accepted=true, success=true, time=0.000041s\n' +
          '[ 4][t 0][2024-10-30 23:27:05.590000][transaction.cpp:1737]\tgas fees: 123600 = 26214400 * 309 /2^16 ; price=26214400; flat rate=[40000 for 100]; remaining balance=999999914664487ng\n',
        vmLogs: 'execute SETCP 0\n' +
          'execute DICTPUSHCONST 19 (xC_,1)\n' +
          'execute DICTIGETJMPZ\n' +
          'execute DROP\n' +
          'execute implicit RET\n',
        debugLogs: '',
        events: [],
        parent: {
          address: 37254810366437813475271750514734067285117962570475561289538093995582013161784n,
          lt: 43000000n,
          prevTransactionHash: 19766931097223869910690337480967712564651780709146000365988743775958279918961n,
          prevTransactionLt: 42000000n,
          now: 1732922825,
          outMessagesCount: 2,
          oldStatus: 'active',
          endStatus: 'active',
          inMessage: [Object],
          outMessages: [Dictionary],
          totalFees: [Object],
          stateUpdate: [Object],
          description: [Object],
          raw: x{7525D79B589F1D73B879432CD1A596C0F9C42CF460467BBB795DA5A20C021C13800000000029020C02BB3AFC00F74905A742803E9B98BE702C270A40F4D243D24DD264B6B19D01571000000000280DE80674A4DC900054750B3CC}
           x{E_}
            x{6801C25D36B535BEF92116226484A49D03E01E5050FFC3053F6C298C080280A4EEF90014975E6D627C75CEE1E50CB346965B03E710B3D18119EEEDE57696883008704E101119EF88060DFF5E0000000004C4B402CE949B92C_}
             x{2A004A0500000000000000010000000000000000000000000000000000000000000000000000000000000000400B75A3E1A6460F415CE3721F308920C4B456F3B977F39EB26CED9155308A976CC}
            x{DD_}
             x{2_}
              x{6800A4BAF36B13E3AE770F28659A34B2D81F38859E8C08CF776F2BB4B44180438271002DD68F8699183D05738DC87CC2248312D15BCEE5DFCE7AC9B3B64554C22A5DB310D2F3E8000608235A0000000005204182CE949B924_}
             x{2_}
              x{6800A4BAF36B13E3AE770F28659A34B2D81F38859E8C08CF776F2BB4B44180438271003A7CBC3612E1CA557A9D4C735DAA85C231FC67A5E07FC0E4E6F4D6E951FB858D100E57FA880608235A0000000005204184CE949B924_}
           x{72F95B64B41466A7423A97EAF09EA6D2A7DB85F3CE6DEF6E0519BB2B7CF7DD0956F2A3D36434D41CBFEF12846A6147F3EB165487A568485DBE704C8F25A46A5CA8}
           x{040901119EF89874890811_}
            x{4D248C0AF1E00000000000000002E500000000000000000000000000000000000000000000000000000000000000000000000000000000000000000000000000000000000000000000000000000000}
            x{C9861A804C1046980000000000060002000000042825509FF081148CBC1F4DB2B0AA7ECA3E9FF913D5272D497EFC57A5D934677A40902C14_},
          hash: [Function: hash],
          blockchainLogs: '[ 4][t 0][2024-10-30 23:27:05.578000][transaction.cpp:443]\tunpacking account 525D79B589F1D73B879432CD1A596C0F9C42CF460467BBB795DA5A20C021C138\n' +
            '[ 4][t 0][2024-10-30 23:27:05.579000][transaction.cpp:274]\tlast_paid=1732922825; cells=231 bits=83982 public_cells=0\n' +
            '[ 4][t 0][2024-10-30 23:27:05.579000][transaction.cpp:504]\tend of Account.unpack() for 0:525D79B589F1D73B879432CD1A596C0F9C42CF460467BBB795DA5A20C021C138 (balance = 985000000ng ; last_trans_lt = 42000000..42000003)\n' +
            '[ 4][t 0][2024-10-30 23:27:05.579000][transaction.cpp:3655]\tblock random seed set to 0000000000000000000000000000000000000000000000000000000000000000\n' +
            '[ 4][t 0][2024-10-30 23:27:05.579000][transaction.cpp:1236]\tgas limits: max=1000000, limit=179320, credit=0\n' +
            '[ 4][t 0][2024-10-30 23:27:05.579000][transaction.cpp:1575]\tin_msg_state is null\n' +
            '[ 4][t 0][2024-10-30 23:27:05.579000][transaction.cpp:1645]\tcreating VM\n' +
            '[ 4][t 0][2024-10-30 23:27:05.579000][transaction.cpp:1351]\tSmartContractInfo initialized with [ 124711402 0 0 1732922825 43000000 43000000 14068792954309835536948273256715513127174070948738620016199408580766834334284 [ 1056728098 (null) ] CS{Cell{0271c00525d79b589f1d73b879432cd1a596c0f9c42cf460467bbb795da5a20c021c1383cec05203833a526e48000000000a037a0d0ead7a101340} bits: 1..268; refs: 0..0} C{A7EC01478F770EF8F8B037CC7E42F0ABF0D85A50E1828C2394DAD1411691F2DE} C{42B6F0E46484EFC57B9508F6BA7EF42E7512023D5CB4ED5628DD1C7755D16E9D} [ 71728098 (null) ] 0 (null) [ CS{Cell{004dd06600000000000000000000000080000000000000fa00000000000001f4000000000003d09040} bits: 9..305; refs: 0..0} (null) CS{Cell{0094d1000000000000006400000000000f4240de000000002710000000000000000f42400000000002160ec0000000000000271000000000002625a00000000005f5e100000000003b9aca00} bits: 0..592; refs: 0..0} CS{Cell{0094d100000000000000640000000000009c40de000000000190000000000000000f424000000000000f4240000000000000271000000000009896800000000005f5e100000000003b9aca00} bits: 0..592; refs: 0..0} CS{Cell{0042ea000000000098968000000000271000000000000f424000000001800055555555} bits: 0..264; refs: 0..0} CS{Cell{0042ea0000000000061a800000000001900000000000009c4000000001800055555555} bits: 0..264; refs: 0..0} (null) ] 0 (null) ]\n' +
            '[ 4][t 0][2024-10-30 23:27:05.579000][transaction.cpp:1675]\tstarting VM\n' +
            '[ 4][t 0][2024-10-30 23:27:05.580000][transaction.cpp:1680]\tVM terminated with exit code 0\n' +
            '[ 3][t 0][2024-10-30 23:27:05.580000][transaction.cpp:1702]\tsteps: 741 gas: used=26916, max=1000000, limit=179320, credit=0\n' +
            '[ 3][t 0][2024-10-30 23:27:05.580000][transaction.cpp:1704]\tout_of_gas=false, accepted=true, success=true, time=0.000938s\n' +
            '[ 4][t 0][2024-10-30 23:27:05.580000][transaction.cpp:1737]\tgas fees: 10766400 = 26214400 * 26916 /2^16 ; price=26214400; flat rate=[40000 for 100]; remaining balance=1045961698ng\n' +
            '[ 3][t 0][2024-10-30 23:27:05.580000][transaction.cpp:2678]\tin try_action_reserve_currency(0)\n' +
            '[ 4][t 0][2024-10-30 23:27:05.580000][transaction.cpp:2684]\taction_reserve_currency: mode=0, reserve=100200000ng, balance=1045961698ng, original balance=985000000ng\n' +
            '[ 3][t 0][2024-10-30 23:27:05.580000][transaction.cpp:2729]\tchanged remaining balance to 945761698ng, reserved balance to 100200000ng\n' +
            '[ 4][t 0][2024-10-30 23:27:05.580000][transaction.cpp:2448]\tstorage paid for a message: 0 cells, 0 bits\n' +
            '[ 4][t 0][2024-10-30 23:27:05.580000][transaction.cpp:2452]\tcomputed fwd fees = 400000 + 0\n' +
            '[ 4][t 0][2024-10-30 23:27:05.580000][transaction.cpp:2448]\tstorage paid for a message: 0 cells, 0 bits\n' +
            '[ 4][t 0][2024-10-30 23:27:05.580000][transaction.cpp:2452]\tcomputed fwd fees = 400000 + 0\n',
          vmLogs: 'xecute EQUAL\n' +
            'execute THROWIF 137\n' +
            'execute PUSHPOW2 10\n' +
            'execute EQUAL\n' +
            'execute THROWIFNOT 136\n' +
            'execute STSLICER\n' +
            'execute ENDC\n' +
            'execute ROT\n' +
            'execute STREF\n' +
            'execute ENDC\n' +
            'execute SWAP\n' +
            'execute STREF\n' +
            'execute implicit RET\n' +
            'execute ENDC\n' +
            'execute POP c4\n' +
            'execute implicit RET\n',
          debugLogs: '',
          events: [Array],
          parent: [Object],
          children: [Array],
          externals: []
        },
        children: [],
        externals: []
      }
    ]

      at proceedDeal (tests/MarketTon.spec.ts:2082:17)

  console.log
    [
      {
        type: 'message_sent',
        from: EQDp8vDYS4cpVep1Mc12qhcIx_Gel4H_A5Ob01ulR-4WNMml,
        to: EQBSXXm1ifHXO4eUMs0aWWwPnELPRgRnu7eV2logwCHBOBBt,
        value: 1000000000n,
        body: x{E9626FBA000000000000000000000000}
         x{03DF94AA22402625A00000001937A3FD9284_}
         x{03DF94AA23405F5E100000001937A3FD9284_},
        bounced: false
      },
      {
        type: 'message_sent',
        from: EQBSXXm1ifHXO4eUMs0aWWwPnELPRgRnu7eV2logwCHBOBBt,
        to: EQASWIYDJyUJTnnETBq5ZC_hy_G_TXfbJcNF3b56jIC81Pj2,
        value: 982832763n,
        body: x{03DF94AA000000000000000022402625A00000001937A3FD92811A02FAF080000000C9BD1FEC942_}
         x{},
        bounced: false
      },
      {
        type: 'message_sent',
        from: EQASWIYDJyUJTnnETBq5ZC_hy_G_TXfbJcNF3b56jIC81Pj2,
        to: EQBSXXm1ifHXO4eUMs0aWWwPnELPRgRnu7eV2logwCHBOBBt,
        value: 978464763n,
        body: x{935FA9D10000000000000000}
         x{00000000000000000000000000000000000000000000000000000000000000220000000000000000000000000000000000000000000000000000000002625A0001937A3FD928}
         x{00000000000000000000000000000000000000000000000000000000000000230000000000000000000000000000000000000000000000000000000005F5E10001937A3FD928},
        bounced: false
      },
      {
        type: 'message_sent',
        from: EQBSXXm1ifHXO4eUMs0aWWwPnELPRgRnu7eV2logwCHBOBBt,
        to: EQC50kw8CkUnsCDgJcqVYTHF61CBKRFXwl_Xlh3y0DobarlX,
        value: 966133163n,
        body: x{E601F8E50000000000000000},
        bounced: false
      },
      {
        type: 'message_sent',
        from: EQC50kw8CkUnsCDgJcqVYTHF61CBKRFXwl_Xlh3y0DobarlX,
        to: EQBSXXm1ifHXO4eUMs0aWWwPnELPRgRnu7eV2logwCHBOBBt,
        value: 960889015n,
        body: x{B687AB17000000000000000000000000}
         x{022017D78402017D78402342770C02017D784021A13B86033916064B39B43A4B3916064B3A526E480000000800000004_}
          x{801028CD38D6A9FB165BB1D27554DCBBC8B7A064E07EF4C3832956828113614F545_},
        bounced: false
      },
      {
        type: 'message_sent',
        from: EQBSXXm1ifHXO4eUMs0aWWwPnELPRgRnu7eV2logwCHBOBBt,
        to: EQB8zyeA4NPhsLaAWbQISwSmjIdCNXRcbQIB1i89IhjxNhei,
        value: 67521600n,
        body: x{BC26F4C80000000000000000},
        bounced: false
      },
      {
        type: 'message_sent',
        from: EQBSXXm1ifHXO4eUMs0aWWwPnELPRgRnu7eV2logwCHBOBBt,
        to: EQDhLptamt98kIsRMkJSToHwDygof-GCn7YUxgQBQFJ3fLZb,
        value: 67521600n,
        body: x{BC26F4C80000000000000001},
        bounced: false
      },
      {
        type: 'message_sent',
        from: EQBSXXm1ifHXO4eUMs0aWWwPnELPRgRnu7eV2logwCHBOBBt,
        to: EQC50kw8CkUnsCDgJcqVYTHF61CBKRFXwl_Xlh3y0DobarlX,
        value: 791216215n,
        body: x{B8A3AA140000000000000000801D3E5E1B0970E52ABD4EA639AED542E118FE33D2F03FE072737A6B74A8FDC2C69_},
        bounced: false
      },
      {
        type: 'message_sent',
        from: EQB8zyeA4NPhsLaAWbQISwSmjIdCNXRcbQIB1i89IhjxNhei,
        to: EQBSXXm1ifHXO4eUMs0aWWwPnELPRgRnu7eV2logwCHBOBBt,
        value: 71728098n,
        body: x{2A004A0500000000000000000000000000000000000000000000000000000000000000000000000000000000C00814669C6B54FD8B2DD8E93AAA6E5DE45BD032703F7A61C194AB414089B0A7AA2},
        bounced: false
      },
      {
        type: 'message_sent',
        from: EQDhLptamt98kIsRMkJSToHwDygof-GCn7YUxgQBQFJ3fLZb,
        to: EQBSXXm1ifHXO4eUMs0aWWwPnELPRgRnu7eV2logwCHBOBBt,
        value: 71728098n,
        body: x{2A004A0500000000000000010000000000000000000000000000000000000000000000000000000000000000400B75A3E1A6460F415CE3721F308920C4B456F3B977F39EB26CED9155308A976CC},
        bounced: false
      },
      {
        type: 'message_sent',
        from: EQC50kw8CkUnsCDgJcqVYTHF61CBKRFXwl_Xlh3y0DobarlX,
        to: EQDp8vDYS4cpVep1Mc12qhcIx_Gel4H_A5Ob01ulR-4WNMml,
        value: 797417415n,
        body: x{},
        bounced: false
      },
      {
        type: 'account_destroyed',
        account: EQC50kw8CkUnsCDgJcqVYTHF61CBKRFXwl_Xlh3y0DobarlX
      },
      {
        type: 'message_sent',
        from: EQBSXXm1ifHXO4eUMs0aWWwPnELPRgRnu7eV2logwCHBOBBt,
        to: EQCBRmnGtU_Yst2Ok6qm5d5FvQMnA_emHBlKtBQImwp6oicf,
        value: 865000000n,
        body: x{},
        bounced: false
      },
      {
        type: 'message_sent',
        from: EQBSXXm1ifHXO4eUMs0aWWwPnELPRgRnu7eV2logwCHBOBBt,
        to: EQDp8vDYS4cpVep1Mc12qhcIx_Gel4H_A5Ob01ulR-4WNMml,
        value: 59871698n,
        body: x{},
        bounced: false
      },
      {
        type: 'message_sent',
        from: EQBSXXm1ifHXO4eUMs0aWWwPnELPRgRnu7eV2logwCHBOBBt,
        to: EQC3Wj4aZGD0Fc43IfMIkgxLRW87l3856ybO2RVTCKl2zDIR,
        value: 884800000n,
        body: x{},
        bounced: false
      },
      {
        type: 'message_sent',
        from: EQBSXXm1ifHXO4eUMs0aWWwPnELPRgRnu7eV2logwCHBOBBt,
        to: EQDp8vDYS4cpVep1Mc12qhcIx_Gel4H_A5Ob01ulR-4WNMml,
        value: 60161698n,
        body: x{},
        bounced: false
      }
    ]

      at proceedDeal (tests/MarketTon.spec.ts:2083:17)

  console.log
    User fee :-0.085335513

      at proceedDeal (tests/MarketTon.spec.ts:2086:17)

  console.log
    User fee :-0.035626

      at createDeal (tests/MarketTon.spec.ts:1954:17)

  console.log
    User fee :-0.035626

      at createDeal (tests/MarketTon.spec.ts:1954:17)

  console.log
    User fee :-0.035626

      at createDeal (tests/MarketTon.spec.ts:1954:17)

  console.log
    User fee :-0.1193864

      at takeDeal (tests/MarketTon.spec.ts:2019:17)

  console.log
    [
      {
        address: 105818132960003171416304597453717637701794574747475969910003481004036112389684n,
        lt: 33000000n,
        prevTransactionHash: 72024545123701170734896136250292924440170152588685323503517588664793793183768n,
        prevTransactionLt: 9000000n,
        now: 1732922826,
        outMessagesCount: 1,
        oldStatus: 'active',
        endStatus: 'active',
        inMessage: {
          info: [Object],
          init: null,
          body: x{579378ED124D4474AEAC829C138B5598B5168CF79FD305630FA5D54299276449C_}
           x{D001}
            x{6200292EBCDAC4F8EB9DC3CA19668D2CB607CE2167A30233DDDBCAED2D106010E09C21DCD6500000000000000000000000000000E9626FBA000000000000000000000000}
             x{03DF94AA22408F0D180000001937A3FDD104_}
             x{03DF94AA23405F5E100000001937A3FDD104_}
        },
        outMessages: Dictionary { _key: [Object], _value: [Object], _map: [Map] },
        totalFees: { coins: 2020320n },
        stateUpdate: {
          oldHash: <Buffer fe 96 ae fa d3 db 94 fe d7 66 a9 b9 f8 6c 4f 07 ac 6a cf 12 f2 77 f7 f1 be 29 9d 3b 58 ac b0 d7>,
          newHash: <Buffer a8 8b 88 87 89 dc 60 c0 61 62 7a 12 cd 6b a0 f9 27 1e 68 53 c1 a6 d0 10 39 f0 7e 5f 37 31 23 3e>
        },
        description: {
          type: 'generic',
          creditFirst: true,
          storagePhase: [Object],
          creditPhase: undefined,
          computePhase: [Object],
          actionPhase: [Object],
          bouncePhase: undefined,
          aborted: false,
          destroyed: false
        },
        raw: x{7E9F2F0D84B872955EA7531CD76AA1708C7F19E9781FF03939BD35BA547EE16340000000001F78A409F3C72A9BBA35600427894F3ADE4B973DFCBEB2CF123EEBE3184B7823A2640180000000000895440674A4DCA0003463DA7C0}
         x{E_}
          x{8801D3E5E1B0970E52ABD4EA639AED542E118FE33D2F03FE072737A6B74A8FDC2C6802BC9BC768926A23A5756414E09C5AACC5A8B467BCFE982B187D2EAA14C93B224E_}
           x{D001}
            x{6200292EBCDAC4F8EB9DC3CA19668D2CB607CE2167A30233DDDBCAED2D106010E09C21DCD6500000000000000000000000000000E9626FBA000000000000000000000000}
             x{03DF94AA22408F0D180000001937A3FDD104_}
             x{03DF94AA23405F5E100000001937A3FDD104_}
          x{DF_}
           x{6801D3E5E1B0970E52ABD4EA639AED542E118FE33D2F03FE072737A6B74A8FDC2C690014975E6D627C75CEE1E50CB346965B03E710B3D18119EEEDE57696883008704E10EE6B2800060C0F880000000003EF1482CE949B9474B137DD0000000000000000000000004_}
            x{03DF94AA22408F0D180000001937A3FDD104_}
            x{03DF94AA23405F5E100000001937A3FDD104_}
         x{72FE96AEFAD3DB94FED766A9B9F86C4F07AC6ACF12F277F7F1BE299D3B58ACB0D7A88B888789DC60C061627A12CD6BA0F9271E6853C1A6D01039F07E5F3731233E}
         x{0CC0939506185E94844_}
          x{40F223138800000000000000000C800000000000000000000000000000000000000000000000000000000000000000000000000000000000000000000000000000000000000000000000000000002_}
          x{C98485D04C0C0F70000000000002000000000003298BE3AF7BAEDDA12FBA03F31806F690A8A9DDAF7F293203E723EF93E997BA2440D022DC_},
        hash: [Function: hash],
        blockchainLogs: '[ 4][t 0][2024-10-30 23:27:06.979000][transaction.cpp:443]\tunpacking account E9F2F0D84B872955EA7531CD76AA1708C7F19E9781FF03939BD35BA547EE1634\n' +
          '[ 4][t 0][2024-10-30 23:27:06.979000][transaction.cpp:274]\tlast_paid=1730330826; cells=6 bits=821 public_cells=0\n' +
          '[ 4][t 0][2024-10-30 23:27:06.979000][transaction.cpp:504]\tend of Account.unpack() for 0:E9F2F0D84B872955EA7531CD76AA1708C7F19E9781FF03939BD35BA547EE1634 (balance = 1000000000000000ng ; last_trans_lt = 9000000..9000001)\n' +
          '[ 4][t 0][2024-10-30 23:27:06.979000][transaction.cpp:3655]\tblock random seed set to 0000000000000000000000000000000000000000000000000000000000000000\n' +
          '[ 4][t 0][2024-10-30 23:27:06.980000][transaction.cpp:788]\tstorage paid for a message: 4 cells, 842 bits\n' +
          '[ 4][t 0][2024-10-30 23:27:06.980000][transaction.cpp:802]\tcomputed fwd fees = 896800 + 0\n' +
          '[ 4][t 0][2024-10-30 23:27:06.980000][transaction.cpp:1236]\tgas limits: max=1000000, limit=0, credit=10000\n' +
          '[ 4][t 0][2024-10-30 23:27:06.980000][transaction.cpp:1575]\tin_msg_state is null\n' +
          '[ 4][t 0][2024-10-30 23:27:06.980000][transaction.cpp:1645]\tcreating VM\n' +
          '[ 4][t 0][2024-10-30 23:27:06.980000][transaction.cpp:1351]\tSmartContractInfo initialized with [ 124711402 0 0 1732922826 33000000 33000000 60210483465141978598827679003117970236339845468170532052053411751718225576024 [ 999999998952076 (null) ] CS{Cell{0275c00e9f2f0d84b872955ea7531cd76aa1708c7f19e9781ff03939bd35ba547ee163420c80cd43391606500000000002255105c0e35fa931a0001340} bits: 1..268; refs: 0..0} C{A7EC01478F770EF8F8B037CC7E42F0ABF0D85A50E1828C2394DAD1411691F2DE} C{D992502B94EA96E7B34E5D62FFB0C6FC73D78B3E61F11F0848FB3A1EB1AFC912} [ 0 (null) ] 151124 (null) [ CS{Cell{004dd06600000000000000000000000080000000000000fa00000000000001f4000000000003d09040} bits: 9..305; refs: 0..0} (null) CS{Cell{0094d1000000000000006400000000000f4240de000000002710000000000000000f42400000000002160ec0000000000000271000000000002625a00000000005f5e100000000003b9aca00} bits: 0..592; refs: 0..0} CS{Cell{0094d100000000000000640000000000009c40de000000000190000000000000000f424000000000000f4240000000000000271000000000009896800000000005f5e100000000003b9aca00} bits: 0..592; refs: 0..0} CS{Cell{0042ea000000000098968000000000271000000000000f424000000001800055555555} bits: 0..264; refs: 0..0} CS{Cell{0042ea0000000000061a800000000001900000000000009c4000000001800055555555} bits: 0..264; refs: 0..0} (null) ] 0 (null) ]\n' +
          '[ 4][t 0][2024-10-30 23:27:06.980000][transaction.cpp:1675]\tstarting VM\n' +
          '[ 4][t 0][2024-10-30 23:27:06.980000][transaction.cpp:1680]\tVM terminated with exit code 0\n' +
          '[ 3][t 0][2024-10-30 23:27:06.980000][transaction.cpp:1702]\tsteps: 50 gas: used=1937, max=1000000, limit=1000000, credit=0\n' +
          '[ 3][t 0][2024-10-30 23:27:06.980000][transaction.cpp:1704]\tout_of_gas=false, accepted=true, success=true, time=0.000086s\n' +
          '[ 4][t 0][2024-10-30 23:27:06.980000][transaction.cpp:1737]\tgas fees: 774800 = 26214400 * 1937 /2^16 ; price=26214400; flat rate=[40000 for 100]; remaining balance=999999998177276ng\n' +
          '[ 4][t 0][2024-10-30 23:27:06.980000][transaction.cpp:2448]\tstorage paid for a message: 2 cells, 282 bits\n' +
          '[ 4][t 0][2024-10-30 23:27:06.980000][transaction.cpp:2452]\tcomputed fwd fees = 592800 + 0\n',
        vmLogs: 'ULLSWAPIFNOT2\n' +
          'execute DUP\n' +
          'execute PUSHCONT x02D307D43001FB00\n' +
          'execute PUSHCONT x32\n' +
          'execute IFELSE\n' +
          'execute POP s2\n' +
          'execute implicit RET\n' +
          'execute SWAP\n' +
          'execute NOT\n' +
          'execute implicit RET\n' +
          'until loop body end\n' +
          'until loop terminated\n' +
          'execute 2DROP\n' +
          'execute implicit RET\n',
        debugLogs: '',
        events: [ [Object] ],
        parent: undefined,
        children: [ [Object] ],
        externals: []
      },
      {
        address: 37254810366437813475271750514734067285117962570475561289538093995582013161784n,
        lt: 34000000n,
        prevTransactionHash: 60465713958169041850836376686927528371321036544602551996833777940785299692725n,
        prevTransactionLt: 25000000n,
        now: 1732922826,
        outMessagesCount: 1,
        oldStatus: 'active',
        endStatus: 'active',
        inMessage: {
          info: [Object],
          init: null,
          body: x{E9626FBA000000000000000000000000}
           x{03DF94AA22408F0D180000001937A3FDD104_}
           x{03DF94AA23405F5E100000001937A3FDD104_}
        },
        outMessages: Dictionary { _key: [Object], _value: [Object], _map: [Map] },
        totalFees: { coins: 16763500n },
        stateUpdate: {
          oldHash: <Buffer b2 fc 0e 8f 5a 54 6e 7a 9d 92 b4 09 8a 34 cf 24 59 34 3c f3 7d 33 1c a6 b7 53 31 35 3f 1f 89 93>,
          newHash: <Buffer 0f a0 3f 32 ea eb 0e 3b 47 12 c9 03 a5 c5 ee 36 e7 14 7b b7 2e 57 58 8f 5e 7e 32 35 55 aa 28 f8>
        },
        description: {
          type: 'generic',
          creditFirst: false,
          storagePhase: [Object],
          creditPhase: [Object],
          computePhase: [Object],
          actionPhase: [Object],
          bouncePhase: undefined,
          aborted: false,
          destroyed: false
        },
        raw: x{7525D79B589F1D73B879432CD1A596C0F9C42CF460467BBB795DA5A20C021C138000000000206CC8085AE619D31872B73E99551350AF83EA96C5467865D71504AB51DD1DEADF79CB500000000017D7840674A4DCA000347FF94D8}
         x{E_}
          x{6801D3E5E1B0970E52ABD4EA639AED542E118FE33D2F03FE072737A6B74A8FDC2C690014975E6D627C75CEE1E50CB346965B03E710B3D18119EEEDE57696883008704E10EE6B2800060C0F880000000003EF1482CE949B9474B137DD0000000000000000000000004_}
           x{03DF94AA22408F0D180000001937A3FDD104_}
           x{03DF94AA23405F5E100000001937A3FDD104_}
          x{DF_}
           x{6800A4BAF36B13E3AE770F28659A34B2D81F38859E8C08CF776F2BB4B441804382710004962180C9C942539E711306AE590BF872FC6FD35DF6C970D1776F9EA3202F3510EA5359EC060C523200000000040D9902CE949B94C_}
            x{03DF94AA000000000000000022408F0D180000001937A3FDD1011A02FAF080000000C9BD1FEE882_}
             x{}
         x{72B2FC0E8F5A546E7A9D92B4098A34CF2459343CF37D331CA6B75331353F1F89930FA03F32EAEB0E3B4712C903A5C5EE36E7147BB72E57588F5E7E323555AA28F8}
         x{04DDDA39490EE6B2801870A9A011_}
          x{4AAA0C3D090000000000000000025500000000000000000000000000000000000000000000000000000000000000000000000000000000000000000000000000000000000000000000000000000000}
          x{C9849ED04C0C521C0000000000040002000000030FBDAD03EB2E7239FA0D7867F5D05460D60114D9B91B62F923507EC9C984F21A40D01FDC_},
        hash: [Function: hash],
        blockchainLogs: '[ 4][t 0][2024-10-30 23:27:06.982000][transaction.cpp:443]\tunpacking account 525D79B589F1D73B879432CD1A596C0F9C42CF460467BBB795DA5A20C021C138\n' +
          '[ 4][t 0][2024-10-30 23:27:06.982000][transaction.cpp:274]\tlast_paid=1730330826; cells=229 bits=83363 public_cells=0\n' +
          '[ 4][t 0][2024-10-30 23:27:06.982000][transaction.cpp:504]\tend of Account.unpack() for 0:525D79B589F1D73B879432CD1A596C0F9C42CF460467BBB795DA5A20C021C138 (balance = 2100000000ng ; last_trans_lt = 25000000..25000006)\n' +
          '[ 4][t 0][2024-10-30 23:27:06.982000][transaction.cpp:3655]\tblock random seed set to 0000000000000000000000000000000000000000000000000000000000000000\n' +
          '[ 4][t 0][2024-10-30 23:27:06.982000][transaction.cpp:1236]\tgas limits: max=1000000, limit=1000000, credit=0\n' +
          '[ 4][t 0][2024-10-30 23:27:06.982000][transaction.cpp:1575]\tin_msg_state is null\n' +
          '[ 4][t 0][2024-10-30 23:27:06.982000][transaction.cpp:1645]\tcreating VM\n' +
          '[ 4][t 0][2024-10-30 23:27:06.982000][transaction.cpp:1351]\tSmartContractInfo initialized with [ 124711402 0 0 1732922826 34000000 34000000 14068792954309835536948273256715513127174070948738620016199408580766834334284 [ 3092174363 (null) ] CS{Cell{0271c00525d79b589f1d73b879432cd1a596c0f9c42cf460467bbb795da5a20c021c1383cac05168c3391606500000000005f5e1191f4add401340} bits: 1..268; refs: 0..0} C{A7EC01478F770EF8F8B037CC7E42F0ABF0D85A50E1828C2394DAD1411691F2DE} C{42B6F0E46484EFC57B9508F6BA7EF42E7512023D5CB4ED5628DD1C7755D16E9D} [ 1000000000 (null) ] 7825637 (null) [ CS{Cell{004dd06600000000000000000000000080000000000000fa00000000000001f4000000000003d09040} bits: 9..305; refs: 0..0} (null) CS{Cell{0094d1000000000000006400000000000f4240de000000002710000000000000000f42400000000002160ec0000000000000271000000000002625a00000000005f5e100000000003b9aca00} bits: 0..592; refs: 0..0} CS{Cell{0094d100000000000000640000000000009c40de000000000190000000000000000f424000000000000f4240000000000000271000000000009896800000000005f5e100000000003b9aca00} bits: 0..592; refs: 0..0} CS{Cell{0042ea000000000098968000000000271000000000000f424000000001800055555555} bits: 0..264; refs: 0..0} CS{Cell{0042ea0000000000061a800000000001900000000000009c4000000001800055555555} bits: 0..264; refs: 0..0} (null) ] 0 (null) ]\n' +
          '[ 4][t 0][2024-10-30 23:27:06.983000][transaction.cpp:1675]\tstarting VM\n' +
          '[ 4][t 0][2024-10-30 23:27:06.983000][transaction.cpp:1680]\tVM terminated with exit code 0\n' +
          '[ 3][t 0][2024-10-30 23:27:06.983000][transaction.cpp:1702]\tsteps: 597 gas: used=21840, max=1000000, limit=1000000, credit=0\n' +
          '[ 3][t 0][2024-10-30 23:27:06.983000][transaction.cpp:1704]\tout_of_gas=false, accepted=true, success=true, time=0.000707s\n' +
          '[ 4][t 0][2024-10-30 23:27:06.983000][transaction.cpp:1737]\tgas fees: 8736000 = 26214400 * 21840 /2^16 ; price=26214400; flat rate=[40000 for 100]; remaining balance=3083438363ng\n' +
          '[ 3][t 0][2024-10-30 23:27:06.983000][transaction.cpp:2678]\tin try_action_reserve_currency(0)\n' +
          '[ 4][t 0][2024-10-30 23:27:06.983000][transaction.cpp:2684]\taction_reserve_currency: mode=0, reserve=2100000000ng, balance=3083438363ng, original balance=2092174363ng\n' +
          '[ 3][t 0][2024-10-30 23:27:06.983000][transaction.cpp:2729]\tchanged remaining balance to 983438363ng, reserved balance to 2100000000ng\n' +
          '[ 4][t 0][2024-10-30 23:27:06.984000][transaction.cpp:2448]\tstorage paid for a message: 2 cells, 314 bits\n' +
          '[ 4][t 0][2024-10-30 23:27:06.984000][transaction.cpp:2452]\tcomputed fwd fees = 605600 + 0\n',
        vmLogs: 'xecute EQUAL\n' +
          'execute THROWIF 137\n' +
          'execute PUSHPOW2 10\n' +
          'execute EQUAL\n' +
          'execute THROWIFNOT 136\n' +
          'execute STSLICER\n' +
          'execute ENDC\n' +
          'execute ROT\n' +
          'execute STREF\n' +
          'execute ENDC\n' +
          'execute SWAP\n' +
          'execute STREF\n' +
          'execute implicit RET\n' +
          'execute ENDC\n' +
          'execute POP c4\n' +
          'execute implicit RET\n',
        debugLogs: '',
        events: [ [Object] ],
        parent: {
          address: 105818132960003171416304597453717637701794574747475969910003481004036112389684n,
          lt: 33000000n,
          prevTransactionHash: 72024545123701170734896136250292924440170152588685323503517588664793793183768n,
          prevTransactionLt: 9000000n,
          now: 1732922826,
          outMessagesCount: 1,
          oldStatus: 'active',
          endStatus: 'active',
          inMessage: [Object],
          outMessages: [Dictionary],
          totalFees: [Object],
          stateUpdate: [Object],
          description: [Object],
          raw: x{7E9F2F0D84B872955EA7531CD76AA1708C7F19E9781FF03939BD35BA547EE16340000000001F78A409F3C72A9BBA35600427894F3ADE4B973DFCBEB2CF123EEBE3184B7823A2640180000000000895440674A4DCA0003463DA7C0}
           x{E_}
            x{8801D3E5E1B0970E52ABD4EA639AED542E118FE33D2F03FE072737A6B74A8FDC2C6802BC9BC768926A23A5756414E09C5AACC5A8B467BCFE982B187D2EAA14C93B224E_}
             x{D001}
              x{6200292EBCDAC4F8EB9DC3CA19668D2CB607CE2167A30233DDDBCAED2D106010E09C21DCD6500000000000000000000000000000E9626FBA000000000000000000000000}
               x{03DF94AA22408F0D180000001937A3FDD104_}
               x{03DF94AA23405F5E100000001937A3FDD104_}
            x{DF_}
             x{6801D3E5E1B0970E52ABD4EA639AED542E118FE33D2F03FE072737A6B74A8FDC2C690014975E6D627C75CEE1E50CB346965B03E710B3D18119EEEDE57696883008704E10EE6B2800060C0F880000000003EF1482CE949B9474B137DD0000000000000000000000004_}
              x{03DF94AA22408F0D180000001937A3FDD104_}
              x{03DF94AA23405F5E100000001937A3FDD104_}
           x{72FE96AEFAD3DB94FED766A9B9F86C4F07AC6ACF12F277F7F1BE299D3B58ACB0D7A88B888789DC60C061627A12CD6BA0F9271E6853C1A6D01039F07E5F3731233E}
           x{0CC0939506185E94844_}
            x{40F223138800000000000000000C800000000000000000000000000000000000000000000000000000000000000000000000000000000000000000000000000000000000000000000000000000002_}
            x{C98485D04C0C0F70000000000002000000000003298BE3AF7BAEDDA12FBA03F31806F690A8A9DDAF7F293203E723EF93E997BA2440D022DC_},
          hash: [Function: hash],
          blockchainLogs: '[ 4][t 0][2024-10-30 23:27:06.979000][transaction.cpp:443]\tunpacking account E9F2F0D84B872955EA7531CD76AA1708C7F19E9781FF03939BD35BA547EE1634\n' +
            '[ 4][t 0][2024-10-30 23:27:06.979000][transaction.cpp:274]\tlast_paid=1730330826; cells=6 bits=821 public_cells=0\n' +
            '[ 4][t 0][2024-10-30 23:27:06.979000][transaction.cpp:504]\tend of Account.unpack() for 0:E9F2F0D84B872955EA7531CD76AA1708C7F19E9781FF03939BD35BA547EE1634 (balance = 1000000000000000ng ; last_trans_lt = 9000000..9000001)\n' +
            '[ 4][t 0][2024-10-30 23:27:06.979000][transaction.cpp:3655]\tblock random seed set to 0000000000000000000000000000000000000000000000000000000000000000\n' +
            '[ 4][t 0][2024-10-30 23:27:06.980000][transaction.cpp:788]\tstorage paid for a message: 4 cells, 842 bits\n' +
            '[ 4][t 0][2024-10-30 23:27:06.980000][transaction.cpp:802]\tcomputed fwd fees = 896800 + 0\n' +
            '[ 4][t 0][2024-10-30 23:27:06.980000][transaction.cpp:1236]\tgas limits: max=1000000, limit=0, credit=10000\n' +
            '[ 4][t 0][2024-10-30 23:27:06.980000][transaction.cpp:1575]\tin_msg_state is null\n' +
            '[ 4][t 0][2024-10-30 23:27:06.980000][transaction.cpp:1645]\tcreating VM\n' +
            '[ 4][t 0][2024-10-30 23:27:06.980000][transaction.cpp:1351]\tSmartContractInfo initialized with [ 124711402 0 0 1732922826 33000000 33000000 60210483465141978598827679003117970236339845468170532052053411751718225576024 [ 999999998952076 (null) ] CS{Cell{0275c00e9f2f0d84b872955ea7531cd76aa1708c7f19e9781ff03939bd35ba547ee163420c80cd43391606500000000002255105c0e35fa931a0001340} bits: 1..268; refs: 0..0} C{A7EC01478F770EF8F8B037CC7E42F0ABF0D85A50E1828C2394DAD1411691F2DE} C{D992502B94EA96E7B34E5D62FFB0C6FC73D78B3E61F11F0848FB3A1EB1AFC912} [ 0 (null) ] 151124 (null) [ CS{Cell{004dd06600000000000000000000000080000000000000fa00000000000001f4000000000003d09040} bits: 9..305; refs: 0..0} (null) CS{Cell{0094d1000000000000006400000000000f4240de000000002710000000000000000f42400000000002160ec0000000000000271000000000002625a00000000005f5e100000000003b9aca00} bits: 0..592; refs: 0..0} CS{Cell{0094d100000000000000640000000000009c40de000000000190000000000000000f424000000000000f4240000000000000271000000000009896800000000005f5e100000000003b9aca00} bits: 0..592; refs: 0..0} CS{Cell{0042ea000000000098968000000000271000000000000f424000000001800055555555} bits: 0..264; refs: 0..0} CS{Cell{0042ea0000000000061a800000000001900000000000009c4000000001800055555555} bits: 0..264; refs: 0..0} (null) ] 0 (null) ]\n' +
            '[ 4][t 0][2024-10-30 23:27:06.980000][transaction.cpp:1675]\tstarting VM\n' +
            '[ 4][t 0][2024-10-30 23:27:06.980000][transaction.cpp:1680]\tVM terminated with exit code 0\n' +
            '[ 3][t 0][2024-10-30 23:27:06.980000][transaction.cpp:1702]\tsteps: 50 gas: used=1937, max=1000000, limit=1000000, credit=0\n' +
            '[ 3][t 0][2024-10-30 23:27:06.980000][transaction.cpp:1704]\tout_of_gas=false, accepted=true, success=true, time=0.000086s\n' +
            '[ 4][t 0][2024-10-30 23:27:06.980000][transaction.cpp:1737]\tgas fees: 774800 = 26214400 * 1937 /2^16 ; price=26214400; flat rate=[40000 for 100]; remaining balance=999999998177276ng\n' +
            '[ 4][t 0][2024-10-30 23:27:06.980000][transaction.cpp:2448]\tstorage paid for a message: 2 cells, 282 bits\n' +
            '[ 4][t 0][2024-10-30 23:27:06.980000][transaction.cpp:2452]\tcomputed fwd fees = 592800 + 0\n',
          vmLogs: 'ULLSWAPIFNOT2\n' +
            'execute DUP\n' +
            'execute PUSHCONT x02D307D43001FB00\n' +
            'execute PUSHCONT x32\n' +
            'execute IFELSE\n' +
            'execute POP s2\n' +
            'execute implicit RET\n' +
            'execute SWAP\n' +
            'execute NOT\n' +
            'execute implicit RET\n' +
            'until loop body end\n' +
            'until loop terminated\n' +
            'execute 2DROP\n' +
            'execute implicit RET\n',
          debugLogs: '',
          events: [Array],
          parent: undefined,
          children: [Array],
          externals: []
        },
        children: [ [Object] ],
        externals: []
      },
      {
        address: 8298038735212017995993598744482915721429218553349686891340117237129977838804n,
        lt: 35000000n,
        prevTransactionHash: 42937535347489966057076526424354582963550605986944188179056077713921941406038n,
        prevTransactionLt: 22000000n,
        now: 1732922826,
        outMessagesCount: 1,
        oldStatus: 'active',
        endStatus: 'active',
        inMessage: {
          info: [Object],
          init: null,
          body: x{03DF94AA000000000000000022408F0D180000001937A3FDD1011A02FAF080000000C9BD1FEE882_}
           x{}
        },
        outMessages: Dictionary { _key: [Object], _value: [Object], _map: [Map] },
        totalFees: { coins: 3697061n },
        stateUpdate: {
          oldHash: <Buffer 6f c5 52 90 12 19 0a 55 aa e1 02 35 14 91 d4 22 b9 1d 70 dd 6f 45 51 67 74 11 3e bc 80 e8 26 f2>,
          newHash: <Buffer 5f 94 ec c2 f5 cf 63 77 4d 4f 51 16 ae 1b 2d 61 e8 2b 11 c8 69 bf ce df 22 84 7c 8e 88 22 bd 12>
        },
        description: {
          type: 'generic',
          creditFirst: false,
          storagePhase: [Object],
          creditPhase: [Object],
          computePhase: [Object],
          actionPhase: [Object],
          bouncePhase: undefined,
          aborted: false,
          destroyed: false
        },
        raw: x{7125886032725094E79C44C1AB9642FE1CBF1BF4D77DB25C345DDBE7A8C80BCD40000000002160EC05EEDC8A6100C067C98FE0B057F6FADB4C5020B51C2437D70638A26E3FB2B815600000000014FB180674A4DCA00034670D34A}
         x{E_}
          x{6800A4BAF36B13E3AE770F28659A34B2D81F38859E8C08CF776F2BB4B441804382710004962180C9C942539E711306AE590BF872FC6FD35DF6C970D1776F9EA3202F3510EA5359EC060C523200000000040D9902CE949B9401EFCA550000000000000000112047868C0000000C9BD1FEE8808D017D784000000064DE8FF7441_}
           x{}
          x{DF_}
           x{680024B10C064E4A129CF388983572C85FC397E37E9AEFB64B868BBB7CF5190179A90014975E6D627C75CEE1E50CB346965B03E710B3D18119EEEDE57696883008704E10E948BFEC061479B600000000042C1D82CE949B94C_}
            x{935FA9D10000000000000000}
             x{00000000000000000000000000000000000000000000000000000000000000220000000000000000000000000000000000000000000000000000000008F0D18001937A3FDD10}
             x{00000000000000000000000000000000000000000000000000000000000000230000000000000000000000000000000000000000000000000000000005F5E10001937A3FDD10}
         x{726FC5529012190A55AAE102351491D422B91D70DD6F45516774113EBC80E826F25F94ECC2F5CF63774D4F5116AE1B2D61E82B11C869BFCEDF22847C8E8822BD12}
         x{04260E383890EA5359ED866696811_}
          x{441A8C3D09000000000000000000D800000000000000000000000000000000000000000000000000000000000000000000000000000000000000000000000000000000000000000000000000000000}
          x{C987ADA04C147994000000000002000000000003D949E72A51E077E50DDB7812061C053A8AD19273EBCF206DB08D166362BBD1A641103C0C_},
        hash: [Function: hash],
        blockchainLogs: '[ 4][t 0][2024-10-30 23:27:06.986000][transaction.cpp:443]\tunpacking account 125886032725094E79C44C1AB9642FE1CBF1BF4D77DB25C345DDBE7A8C80BCD4\n' +
          '[ 4][t 0][2024-10-30 23:27:06.986000][transaction.cpp:274]\tlast_paid=1730330826; cells=15 bits=4281 public_cells=0\n' +
          '[ 4][t 0][2024-10-30 23:27:06.986000][transaction.cpp:504]\tend of Account.unpack() for 0:125886032725094E79C44C1AB9642FE1CBF1BF4D77DB25C345DDBE7A8C80BCD4 (balance = 0ng ; last_trans_lt = 22000000..22000002)\n' +
          '[ 4][t 0][2024-10-30 23:27:06.986000][transaction.cpp:3655]\tblock random seed set to 0000000000000000000000000000000000000000000000000000000000000000\n' +
          '[ 4][t 0][2024-10-30 23:27:06.986000][transaction.cpp:1236]\tgas limits: max=1000000, limit=1000000, credit=0\n' +
          '[ 4][t 0][2024-10-30 23:27:06.986000][transaction.cpp:1575]\tin_msg_state is null\n' +
          '[ 4][t 0][2024-10-30 23:27:06.986000][transaction.cpp:1645]\tcreating VM\n' +
          '[ 4][t 0][2024-10-30 23:27:06.986000][transaction.cpp:1351]\tSmartContractInfo initialized with [ 124711402 0 0 1732922826 35000000 35000000 82439665744655549942718375299244058949366754266342087607225540301749132006686 [ 982832763 (null) ] CS{Cell{0267c00125886032725094e79c44c1ab9642fe1cbf1bf4d77db25c345ddbe7a8c80bcd421e842e433916065000000000053ec6081340} bits: 1..268; refs: 0..0} C{A7EC01478F770EF8F8B037CC7E42F0ABF0D85A50E1828C2394DAD1411691F2DE} C{BF31B32BE5ACBAACCE8B48CCEB4C84B86023EA1F188E974030A4F420D26CF50F} [ 982832763 (null) ] 0 (null) [ CS{Cell{004dd06600000000000000000000000080000000000000fa00000000000001f4000000000003d09040} bits: 9..305; refs: 0..0} (null) CS{Cell{0094d1000000000000006400000000000f4240de000000002710000000000000000f42400000000002160ec0000000000000271000000000002625a00000000005f5e100000000003b9aca00} bits: 0..592; refs: 0..0} CS{Cell{0094d100000000000000640000000000009c40de000000000190000000000000000f424000000000000f4240000000000000271000000000009896800000000005f5e100000000003b9aca00} bits: 0..592; refs: 0..0} CS{Cell{0042ea000000000098968000000000271000000000000f424000000001800055555555} bits: 0..264; refs: 0..0} CS{Cell{0042ea0000000000061a800000000001900000000000009c4000000001800055555555} bits: 0..264; refs: 0..0} (null) ] 465948 (null) ]\n' +
          '[ 4][t 0][2024-10-30 23:27:06.986000][transaction.cpp:1675]\tstarting VM\n' +
          '[ 4][t 0][2024-10-30 23:27:06.987000][transaction.cpp:1680]\tVM terminated with exit code 0\n' +
          '[ 3][t 0][2024-10-30 23:27:06.987000][transaction.cpp:1702]\tsteps: 216 gas: used=8404, max=1000000, limit=1000000, credit=0\n' +
          '[ 3][t 0][2024-10-30 23:27:06.987000][transaction.cpp:1704]\tout_of_gas=false, accepted=true, success=true, time=0.000218s\n' +
          '[ 4][t 0][2024-10-30 23:27:06.987000][transaction.cpp:1737]\tgas fees: 3361600 = 26214400 * 8404 /2^16 ; price=26214400; flat rate=[40000 for 100]; remaining balance=979471163ng\n' +
          '[ 4][t 0][2024-10-30 23:27:06.987000][transaction.cpp:2448]\tstorage paid for a message: 3 cells, 1216 bits\n' +
          '[ 4][t 0][2024-10-30 23:27:06.987000][transaction.cpp:2452]\tcomputed fwd fees = 1006400 + 0\n',
        vmLogs: 'xecute PUSHINT -1\n' +
          'execute implicit RET\n' +
          'execute THROWIFNOT 130\n' +
          'execute NEWC\n' +
          'execute GETGLOB 3\n' +
          'execute SWAP\n' +
          'execute STREF\n' +
          'execute PUSHINT -1\n' +
          'execute SWAP\n' +
          'execute STI 1\n' +
          'execute SWAP\n' +
          'execute SWAP\n' +
          'execute STU 32\n' +
          'execute ENDC\n' +
          'execute POP c4\n' +
          'execute implicit RET\n',
        debugLogs: '',
        events: [ [Object] ],
        parent: {
          address: 37254810366437813475271750514734067285117962570475561289538093995582013161784n,
          lt: 34000000n,
          prevTransactionHash: 60465713958169041850836376686927528371321036544602551996833777940785299692725n,
          prevTransactionLt: 25000000n,
          now: 1732922826,
          outMessagesCount: 1,
          oldStatus: 'active',
          endStatus: 'active',
          inMessage: [Object],
          outMessages: [Dictionary],
          totalFees: [Object],
          stateUpdate: [Object],
          description: [Object],
          raw: x{7525D79B589F1D73B879432CD1A596C0F9C42CF460467BBB795DA5A20C021C138000000000206CC8085AE619D31872B73E99551350AF83EA96C5467865D71504AB51DD1DEADF79CB500000000017D7840674A4DCA000347FF94D8}
           x{E_}
            x{6801D3E5E1B0970E52ABD4EA639AED542E118FE33D2F03FE072737A6B74A8FDC2C690014975E6D627C75CEE1E50CB346965B03E710B3D18119EEEDE57696883008704E10EE6B2800060C0F880000000003EF1482CE949B9474B137DD0000000000000000000000004_}
             x{03DF94AA22408F0D180000001937A3FDD104_}
             x{03DF94AA23405F5E100000001937A3FDD104_}
            x{DF_}
             x{6800A4BAF36B13E3AE770F28659A34B2D81F38859E8C08CF776F2BB4B441804382710004962180C9C942539E711306AE590BF872FC6FD35DF6C970D1776F9EA3202F3510EA5359EC060C523200000000040D9902CE949B94C_}
              x{03DF94AA000000000000000022408F0D180000001937A3FDD1011A02FAF080000000C9BD1FEE882_}
               x{}
           x{72B2FC0E8F5A546E7A9D92B4098A34CF2459343CF37D331CA6B75331353F1F89930FA03F32EAEB0E3B4712C903A5C5EE36E7147BB72E57588F5E7E323555AA28F8}
           x{04DDDA39490EE6B2801870A9A011_}
            x{4AAA0C3D090000000000000000025500000000000000000000000000000000000000000000000000000000000000000000000000000000000000000000000000000000000000000000000000000000}
            x{C9849ED04C0C521C0000000000040002000000030FBDAD03EB2E7239FA0D7867F5D05460D60114D9B91B62F923507EC9C984F21A40D01FDC_},
          hash: [Function: hash],
          blockchainLogs: '[ 4][t 0][2024-10-30 23:27:06.982000][transaction.cpp:443]\tunpacking account 525D79B589F1D73B879432CD1A596C0F9C42CF460467BBB795DA5A20C021C138\n' +
            '[ 4][t 0][2024-10-30 23:27:06.982000][transaction.cpp:274]\tlast_paid=1730330826; cells=229 bits=83363 public_cells=0\n' +
            '[ 4][t 0][2024-10-30 23:27:06.982000][transaction.cpp:504]\tend of Account.unpack() for 0:525D79B589F1D73B879432CD1A596C0F9C42CF460467BBB795DA5A20C021C138 (balance = 2100000000ng ; last_trans_lt = 25000000..25000006)\n' +
            '[ 4][t 0][2024-10-30 23:27:06.982000][transaction.cpp:3655]\tblock random seed set to 0000000000000000000000000000000000000000000000000000000000000000\n' +
            '[ 4][t 0][2024-10-30 23:27:06.982000][transaction.cpp:1236]\tgas limits: max=1000000, limit=1000000, credit=0\n' +
            '[ 4][t 0][2024-10-30 23:27:06.982000][transaction.cpp:1575]\tin_msg_state is null\n' +
            '[ 4][t 0][2024-10-30 23:27:06.982000][transaction.cpp:1645]\tcreating VM\n' +
            '[ 4][t 0][2024-10-30 23:27:06.982000][transaction.cpp:1351]\tSmartContractInfo initialized with [ 124711402 0 0 1732922826 34000000 34000000 14068792954309835536948273256715513127174070948738620016199408580766834334284 [ 3092174363 (null) ] CS{Cell{0271c00525d79b589f1d73b879432cd1a596c0f9c42cf460467bbb795da5a20c021c1383cac05168c3391606500000000005f5e1191f4add401340} bits: 1..268; refs: 0..0} C{A7EC01478F770EF8F8B037CC7E42F0ABF0D85A50E1828C2394DAD1411691F2DE} C{42B6F0E46484EFC57B9508F6BA7EF42E7512023D5CB4ED5628DD1C7755D16E9D} [ 1000000000 (null) ] 7825637 (null) [ CS{Cell{004dd06600000000000000000000000080000000000000fa00000000000001f4000000000003d09040} bits: 9..305; refs: 0..0} (null) CS{Cell{0094d1000000000000006400000000000f4240de000000002710000000000000000f42400000000002160ec0000000000000271000000000002625a00000000005f5e100000000003b9aca00} bits: 0..592; refs: 0..0} CS{Cell{0094d100000000000000640000000000009c40de000000000190000000000000000f424000000000000f4240000000000000271000000000009896800000000005f5e100000000003b9aca00} bits: 0..592; refs: 0..0} CS{Cell{0042ea000000000098968000000000271000000000000f424000000001800055555555} bits: 0..264; refs: 0..0} CS{Cell{0042ea0000000000061a800000000001900000000000009c4000000001800055555555} bits: 0..264; refs: 0..0} (null) ] 0 (null) ]\n' +
            '[ 4][t 0][2024-10-30 23:27:06.983000][transaction.cpp:1675]\tstarting VM\n' +
            '[ 4][t 0][2024-10-30 23:27:06.983000][transaction.cpp:1680]\tVM terminated with exit code 0\n' +
            '[ 3][t 0][2024-10-30 23:27:06.983000][transaction.cpp:1702]\tsteps: 597 gas: used=21840, max=1000000, limit=1000000, credit=0\n' +
            '[ 3][t 0][2024-10-30 23:27:06.983000][transaction.cpp:1704]\tout_of_gas=false, accepted=true, success=true, time=0.000707s\n' +
            '[ 4][t 0][2024-10-30 23:27:06.983000][transaction.cpp:1737]\tgas fees: 8736000 = 26214400 * 21840 /2^16 ; price=26214400; flat rate=[40000 for 100]; remaining balance=3083438363ng\n' +
            '[ 3][t 0][2024-10-30 23:27:06.983000][transaction.cpp:2678]\tin try_action_reserve_currency(0)\n' +
            '[ 4][t 0][2024-10-30 23:27:06.983000][transaction.cpp:2684]\taction_reserve_currency: mode=0, reserve=2100000000ng, balance=3083438363ng, original balance=2092174363ng\n' +
            '[ 3][t 0][2024-10-30 23:27:06.983000][transaction.cpp:2729]\tchanged remaining balance to 983438363ng, reserved balance to 2100000000ng\n' +
            '[ 4][t 0][2024-10-30 23:27:06.984000][transaction.cpp:2448]\tstorage paid for a message: 2 cells, 314 bits\n' +
            '[ 4][t 0][2024-10-30 23:27:06.984000][transaction.cpp:2452]\tcomputed fwd fees = 605600 + 0\n',
          vmLogs: 'xecute EQUAL\n' +
            'execute THROWIF 137\n' +
            'execute PUSHPOW2 10\n' +
            'execute EQUAL\n' +
            'execute THROWIFNOT 136\n' +
            'execute STSLICER\n' +
            'execute ENDC\n' +
            'execute ROT\n' +
            'execute STREF\n' +
            'execute ENDC\n' +
            'execute SWAP\n' +
            'execute STREF\n' +
            'execute implicit RET\n' +
            'execute ENDC\n' +
            'execute POP c4\n' +
            'execute implicit RET\n',
          debugLogs: '',
          events: [Array],
          parent: [Object],
          children: [Array],
          externals: []
        },
        children: [ [Object] ],
        externals: []
      },
      {
        address: 37254810366437813475271750514734067285117962570475561289538093995582013161784n,
        lt: 36000000n,
        prevTransactionHash: 110355983312506896719167339048446565534967007284896529773938486258960065357380n,
        prevTransactionLt: 34000000n,
        now: 1732922826,
        outMessagesCount: 1,
        oldStatus: 'active',
        endStatus: 'active',
        inMessage: {
          info: [Object],
          init: null,
          body: x{935FA9D10000000000000000}
           x{00000000000000000000000000000000000000000000000000000000000000220000000000000000000000000000000000000000000000000000000008F0D18001937A3FDD10}
           x{00000000000000000000000000000000000000000000000000000000000000230000000000000000000000000000000000000000000000000000000005F5E10001937A3FDD10}
        },
        outMessages: Dictionary { _key: [Object], _value: [Object], _map: [Map] },
        totalFees: { coins: 12012664n },
        stateUpdate: {
          oldHash: <Buffer 0f a0 3f 32 ea eb 0e 3b 47 12 c9 03 a5 c5 ee 36 e7 14 7b b7 2e 57 58 8f 5e 7e 32 35 55 aa 28 f8>,
          newHash: <Buffer fe b0 18 3f 90 0c e1 d0 07 c6 3e 5f 16 71 dd c4 1e 76 47 c7 bb 2e ea fc f1 16 6e 3a 63 f8 fd 57>
        },
        description: {
          type: 'generic',
          creditFirst: false,
          storagePhase: [Object],
          creditPhase: [Object],
          computePhase: [Object],
          actionPhase: [Object],
          bouncePhase: undefined,
          aborted: false,
          destroyed: false
        },
        raw: x{7525D79B589F1D73B879432CD1A596C0F9C42CF460467BBB795DA5A20C021C1380000000002255100F3FB45E8ADD8DA54DA208DA3B8DC078183945B697FC2DB433395A079E613E644000000000206CC80674A4DCA0003476E98F0}
         x{E_}
          x{680024B10C064E4A129CF388983572C85FC397E37E9AEFB64B868BBB7CF5190179A90014975E6D627C75CEE1E50CB346965B03E710B3D18119EEEDE57696883008704E10E948BFEC061479B600000000042C1D82CE949B9449AFD4E880000000000000004_}
           x{00000000000000000000000000000000000000000000000000000000000000220000000000000000000000000000000000000000000000000000000008F0D18001937A3FDD10}
           x{00000000000000000000000000000000000000000000000000000000000000230000000000000000000000000000000000000000000000000000000005F5E10001937A3FDD10}
          x{DF_}
           x{6800A4BAF36B13E3AE770F28659A34B2D81F38859E8C08CF776F2BB4B44180438271002E74930F029149EC08380972A5584C717AD4204A4455F097F5E5877CB40E86DA90E65816AC0609BBB000000000044AA202CE949B94C_}
            x{E601F8E50000000000000000}
         x{720FA03F32EAEB0E3B4712C903A5C5EE36E7147BB72E57588F5E7E323555AA28F8FEB0183F900CE1D007C63E5F1671DDC41E7647C7BB2EEAFCF1166E3A63F8FD57}
         x{04090E948BFED8769BB211_}
          x{4E782C3D090000000000000000031700000000000000000000000000000000000000000000000000000000000000000000000000000000000000000000000000000000000000000000000000000000}
          x{C983A6604C09BBA000000000000400020000000388D0C29501CA01261A550F77F5936E7DB7CACEE37FC601F787453CB248E780324090190C_},
        hash: [Function: hash],
        blockchainLogs: '[ 4][t 0][2024-10-30 23:27:06.989000][transaction.cpp:443]\tunpacking account 525D79B589F1D73B879432CD1A596C0F9C42CF460467BBB795DA5A20C021C138\n' +
          '[ 4][t 0][2024-10-30 23:27:06.989000][transaction.cpp:274]\tlast_paid=1732922826; cells=232 bits=83682 public_cells=0\n' +
          '[ 4][t 0][2024-10-30 23:27:06.989000][transaction.cpp:504]\tend of Account.unpack() for 0:525D79B589F1D73B879432CD1A596C0F9C42CF460467BBB795DA5A20C021C138 (balance = 2100000000ng ; last_trans_lt = 34000000..34000002)\n' +
          '[ 4][t 0][2024-10-30 23:27:06.989000][transaction.cpp:3655]\tblock random seed set to 0000000000000000000000000000000000000000000000000000000000000000\n' +
          '[ 4][t 0][2024-10-30 23:27:06.989000][transaction.cpp:1236]\tgas limits: max=1000000, limit=1000000, credit=0\n' +
          '[ 4][t 0][2024-10-30 23:27:06.989000][transaction.cpp:1575]\tin_msg_state is null\n' +
          '[ 4][t 0][2024-10-30 23:27:06.989000][transaction.cpp:1645]\tcreating VM\n' +
          '[ 4][t 0][2024-10-30 23:27:06.989000][transaction.cpp:1351]\tSmartContractInfo initialized with [ 124711402 0 0 1732922826 36000000 36000000 14068792954309835536948273256715513127174070948738620016199408580766834334284 [ 3078464763 (null) ] CS{Cell{0271c00525d79b589f1d73b879432cd1a596c0f9c42cf460467bbb795da5a20c021c1383d0c051b8833a526e5000000000081b32091f4add401340} bits: 1..268; refs: 0..0} C{A7EC01478F770EF8F8B037CC7E42F0ABF0D85A50E1828C2394DAD1411691F2DE} C{42B6F0E46484EFC57B9508F6BA7EF42E7512023D5CB4ED5628DD1C7755D16E9D} [ 978464763 (null) ] 0 (null) [ CS{Cell{004dd06600000000000000000000000080000000000000fa00000000000001f4000000000003d09040} bits: 9..305; refs: 0..0} (null) CS{Cell{0094d1000000000000006400000000000f4240de000000002710000000000000000f42400000000002160ec0000000000000271000000000002625a00000000005f5e100000000003b9aca00} bits: 0..592; refs: 0..0} CS{Cell{0094d100000000000000640000000000009c40de000000000190000000000000000f424000000000000f4240000000000000271000000000009896800000000005f5e100000000003b9aca00} bits: 0..592; refs: 0..0} CS{Cell{0042ea000000000098968000000000271000000000000f424000000001800055555555} bits: 0..264; refs: 0..0} CS{Cell{0042ea0000000000061a800000000001900000000000009c4000000001800055555555} bits: 0..264; refs: 0..0} (null) ] 0 (null) ]\n' +
          '[ 4][t 0][2024-10-30 23:27:06.989000][transaction.cpp:1675]\tstarting VM\n' +
          '[ 4][t 0][2024-10-30 23:27:06.990000][transaction.cpp:1680]\tVM terminated with exit code 0\n' +
          '[ 3][t 0][2024-10-30 23:27:06.990000][transaction.cpp:1702]\tsteps: 791 gas: used=29633, max=1000000, limit=1000000, credit=0\n' +
          '[ 3][t 0][2024-10-30 23:27:06.990000][transaction.cpp:1704]\tout_of_gas=false, accepted=true, success=true, time=0.000892s\n' +
          '[ 4][t 0][2024-10-30 23:27:06.990000][transaction.cpp:1737]\tgas fees: 11853200 = 26214400 * 29633 /2^16 ; price=26214400; flat rate=[40000 for 100]; remaining balance=3066611563ng\n' +
          '[ 3][t 0][2024-10-30 23:27:06.990000][transaction.cpp:2678]\tin try_action_reserve_currency(0)\n' +
          '[ 4][t 0][2024-10-30 23:27:06.990000][transaction.cpp:2684]\taction_reserve_currency: mode=0, reserve=2100000000ng, balance=3066611563ng, original balance=2100000000ng\n' +
          '[ 3][t 0][2024-10-30 23:27:06.990000][transaction.cpp:2729]\tchanged remaining balance to 966611563ng, reserved balance to 2100000000ng\n' +
          '[ 4][t 0][2024-10-30 23:27:06.990000][transaction.cpp:2448]\tstorage paid for a message: 1 cells, 96 bits\n' +
          '[ 4][t 0][2024-10-30 23:27:06.990000][transaction.cpp:2452]\tcomputed fwd fees = 478400 + 0\n',
        vmLogs: 'xecute EQUAL\n' +
          'execute THROWIF 137\n' +
          'execute PUSHPOW2 10\n' +
          'execute EQUAL\n' +
          'execute THROWIFNOT 136\n' +
          'execute STSLICER\n' +
          'execute ENDC\n' +
          'execute ROT\n' +
          'execute STREF\n' +
          'execute ENDC\n' +
          'execute SWAP\n' +
          'execute STREF\n' +
          'execute implicit RET\n' +
          'execute ENDC\n' +
          'execute POP c4\n' +
          'execute implicit RET\n',
        debugLogs: '',
        events: [ [Object] ],
        parent: {
          address: 8298038735212017995993598744482915721429218553349686891340117237129977838804n,
          lt: 35000000n,
          prevTransactionHash: 42937535347489966057076526424354582963550605986944188179056077713921941406038n,
          prevTransactionLt: 22000000n,
          now: 1732922826,
          outMessagesCount: 1,
          oldStatus: 'active',
          endStatus: 'active',
          inMessage: [Object],
          outMessages: [Dictionary],
          totalFees: [Object],
          stateUpdate: [Object],
          description: [Object],
          raw: x{7125886032725094E79C44C1AB9642FE1CBF1BF4D77DB25C345DDBE7A8C80BCD40000000002160EC05EEDC8A6100C067C98FE0B057F6FADB4C5020B51C2437D70638A26E3FB2B815600000000014FB180674A4DCA00034670D34A}
           x{E_}
            x{6800A4BAF36B13E3AE770F28659A34B2D81F38859E8C08CF776F2BB4B441804382710004962180C9C942539E711306AE590BF872FC6FD35DF6C970D1776F9EA3202F3510EA5359EC060C523200000000040D9902CE949B9401EFCA550000000000000000112047868C0000000C9BD1FEE8808D017D784000000064DE8FF7441_}
             x{}
            x{DF_}
             x{680024B10C064E4A129CF388983572C85FC397E37E9AEFB64B868BBB7CF5190179A90014975E6D627C75CEE1E50CB346965B03E710B3D18119EEEDE57696883008704E10E948BFEC061479B600000000042C1D82CE949B94C_}
              x{935FA9D10000000000000000}
               x{00000000000000000000000000000000000000000000000000000000000000220000000000000000000000000000000000000000000000000000000008F0D18001937A3FDD10}
               x{00000000000000000000000000000000000000000000000000000000000000230000000000000000000000000000000000000000000000000000000005F5E10001937A3FDD10}
           x{726FC5529012190A55AAE102351491D422B91D70DD6F45516774113EBC80E826F25F94ECC2F5CF63774D4F5116AE1B2D61E82B11C869BFCEDF22847C8E8822BD12}
           x{04260E383890EA5359ED866696811_}
            x{441A8C3D09000000000000000000D800000000000000000000000000000000000000000000000000000000000000000000000000000000000000000000000000000000000000000000000000000000}
            x{C987ADA04C147994000000000002000000000003D949E72A51E077E50DDB7812061C053A8AD19273EBCF206DB08D166362BBD1A641103C0C_},
          hash: [Function: hash],
          blockchainLogs: '[ 4][t 0][2024-10-30 23:27:06.986000][transaction.cpp:443]\tunpacking account 125886032725094E79C44C1AB9642FE1CBF1BF4D77DB25C345DDBE7A8C80BCD4\n' +
            '[ 4][t 0][2024-10-30 23:27:06.986000][transaction.cpp:274]\tlast_paid=1730330826; cells=15 bits=4281 public_cells=0\n' +
            '[ 4][t 0][2024-10-30 23:27:06.986000][transaction.cpp:504]\tend of Account.unpack() for 0:125886032725094E79C44C1AB9642FE1CBF1BF4D77DB25C345DDBE7A8C80BCD4 (balance = 0ng ; last_trans_lt = 22000000..22000002)\n' +
            '[ 4][t 0][2024-10-30 23:27:06.986000][transaction.cpp:3655]\tblock random seed set to 0000000000000000000000000000000000000000000000000000000000000000\n' +
            '[ 4][t 0][2024-10-30 23:27:06.986000][transaction.cpp:1236]\tgas limits: max=1000000, limit=1000000, credit=0\n' +
            '[ 4][t 0][2024-10-30 23:27:06.986000][transaction.cpp:1575]\tin_msg_state is null\n' +
            '[ 4][t 0][2024-10-30 23:27:06.986000][transaction.cpp:1645]\tcreating VM\n' +
            '[ 4][t 0][2024-10-30 23:27:06.986000][transaction.cpp:1351]\tSmartContractInfo initialized with [ 124711402 0 0 1732922826 35000000 35000000 82439665744655549942718375299244058949366754266342087607225540301749132006686 [ 982832763 (null) ] CS{Cell{0267c00125886032725094e79c44c1ab9642fe1cbf1bf4d77db25c345ddbe7a8c80bcd421e842e433916065000000000053ec6081340} bits: 1..268; refs: 0..0} C{A7EC01478F770EF8F8B037CC7E42F0ABF0D85A50E1828C2394DAD1411691F2DE} C{BF31B32BE5ACBAACCE8B48CCEB4C84B86023EA1F188E974030A4F420D26CF50F} [ 982832763 (null) ] 0 (null) [ CS{Cell{004dd06600000000000000000000000080000000000000fa00000000000001f4000000000003d09040} bits: 9..305; refs: 0..0} (null) CS{Cell{0094d1000000000000006400000000000f4240de000000002710000000000000000f42400000000002160ec0000000000000271000000000002625a00000000005f5e100000000003b9aca00} bits: 0..592; refs: 0..0} CS{Cell{0094d100000000000000640000000000009c40de000000000190000000000000000f424000000000000f4240000000000000271000000000009896800000000005f5e100000000003b9aca00} bits: 0..592; refs: 0..0} CS{Cell{0042ea000000000098968000000000271000000000000f424000000001800055555555} bits: 0..264; refs: 0..0} CS{Cell{0042ea0000000000061a800000000001900000000000009c4000000001800055555555} bits: 0..264; refs: 0..0} (null) ] 465948 (null) ]\n' +
            '[ 4][t 0][2024-10-30 23:27:06.986000][transaction.cpp:1675]\tstarting VM\n' +
            '[ 4][t 0][2024-10-30 23:27:06.987000][transaction.cpp:1680]\tVM terminated with exit code 0\n' +
            '[ 3][t 0][2024-10-30 23:27:06.987000][transaction.cpp:1702]\tsteps: 216 gas: used=8404, max=1000000, limit=1000000, credit=0\n' +
            '[ 3][t 0][2024-10-30 23:27:06.987000][transaction.cpp:1704]\tout_of_gas=false, accepted=true, success=true, time=0.000218s\n' +
            '[ 4][t 0][2024-10-30 23:27:06.987000][transaction.cpp:1737]\tgas fees: 3361600 = 26214400 * 8404 /2^16 ; price=26214400; flat rate=[40000 for 100]; remaining balance=979471163ng\n' +
            '[ 4][t 0][2024-10-30 23:27:06.987000][transaction.cpp:2448]\tstorage paid for a message: 3 cells, 1216 bits\n' +
            '[ 4][t 0][2024-10-30 23:27:06.987000][transaction.cpp:2452]\tcomputed fwd fees = 1006400 + 0\n',
          vmLogs: 'xecute PUSHINT -1\n' +
            'execute implicit RET\n' +
            'execute THROWIFNOT 130\n' +
            'execute NEWC\n' +
            'execute GETGLOB 3\n' +
            'execute SWAP\n' +
            'execute STREF\n' +
            'execute PUSHINT -1\n' +
            'execute SWAP\n' +
            'execute STI 1\n' +
            'execute SWAP\n' +
            'execute SWAP\n' +
            'execute STU 32\n' +
            'execute ENDC\n' +
            'execute POP c4\n' +
            'execute implicit RET\n',
          debugLogs: '',
          events: [Array],
          parent: [Object],
          children: [Array],
          externals: []
        },
        children: [ [Object] ],
        externals: []
      },
      {
        address: 84049441022908470316622795825605090351520748406577698494615284512509455375210n,
        lt: 37000000n,
        prevTransactionHash: 62377369558482443243858565285189346289072290702428646817459133042291114054006n,
        prevTransactionLt: 29000000n,
        now: 1732922826,
        outMessagesCount: 1,
        oldStatus: 'active',
        endStatus: 'active',
        inMessage: { info: [Object], init: null, body: x{E601F8E50000000000000000} },
        outMessages: Dictionary { _key: [Object], _value: [Object], _map: [Map] },
        totalFees: { coins: 4689161n },
        stateUpdate: {
          oldHash: <Buffer b2 f7 9d f1 0c c3 09 7d 60 c9 ec d2 5b 8d 96 5d 47 42 48 43 b5 33 23 c5 55 c0 1c ff 9e 02 fe d3>,
          newHash: <Buffer 6c b0 ba f1 b7 a4 79 f0 66 15 c9 b2 f7 94 74 23 b8 e1 d7 3b e7 af b9 38 50 a4 9b 3c 39 92 99 a0>
        },
        description: {
          type: 'generic',
          creditFirst: false,
          storagePhase: [Object],
          creditPhase: [Object],
          computePhase: [Object],
          actionPhase: [Object],
          bouncePhase: undefined,
          aborted: false,
          destroyed: false
        },
        raw: x{7B9D24C3C0A4527B020E025CA956131C5EB5081291157C25FD7961DF2D03A1B6A000000000234934089E8570C4CDD72600A41B04ED6A2638171E41BF78549C190511F8C0288E111760000000001BA8140674A4DCA0003468F1A12}
         x{E_}
          x{6800A4BAF36B13E3AE770F28659A34B2D81F38859E8C08CF776F2BB4B44180438271002E74930F029149EC08380972A5584C717AD4204A4455F097F5E5877CB40E86DA90E65816AC0609BBB000000000044AA202CE949B947300FC7280000000000000004_}
          x{DF_}
           x{680173A49878148A4F6041C04B952AC2638BD6A1025222AF84BFAF2C3BE5A07436D50014975E6D627C75CEE1E50CB346965B03E710B3D18119EEEDE57696883008704E10E51839CC0610D45E0000000004692682CE949B94C_}
            x{B687AB17000000000000000000000000}
             x{02202FAF080202FAF08021DCD65001CC4B4021DCD6500339160653397F7E53391606533A526E500000000800000004_}
              x{801028CD38D6A9FB165BB1D27554DCBBC8B7A064E07EF4C3832956828113614F545_}
         x{72B2F79DF10CC3097D60C9ECD25B8D965D47424843B53323C555C01CFF9E02FED36CB0BAF1B7A479F06615C9B2F7947423B8E1D73BE7AFB93850A49B3C399299A0}
         x{04C32FDA090E65816AD866D31211_}
          x{445E2C3D09000000000000000000FE00000000000000000000000000000000000000000000000000000000000000000000000000000000000000000000000000000000000000000000000000000000}
          x{C9864FA04C10D4440000000000040002000000033159E23B9E0CBD31394C6C176CA41A7A1396EDB7EB92F5E632D9209317BB7E7E41102E0C_},
        hash: [Function: hash],
        blockchainLogs: '[ 4][t 0][2024-10-30 23:27:06.993000][transaction.cpp:443]\tunpacking account B9D24C3C0A4527B020E025CA956131C5EB5081291157C25FD7961DF2D03A1B6A\n' +
          '[ 4][t 0][2024-10-30 23:27:06.993000][transaction.cpp:274]\tlast_paid=1730330826; cells=28 bits=7123 public_cells=0\n' +
          '[ 4][t 0][2024-10-30 23:27:06.993000][transaction.cpp:504]\tend of Account.unpack() for 0:B9D24C3C0A4527B020E025CA956131C5EB5081291157C25FD7961DF2D03A1B6A (balance = 10000000ng ; last_trans_lt = 29000000..29000002)\n' +
          '[ 4][t 0][2024-10-30 23:27:06.993000][transaction.cpp:3655]\tblock random seed set to 0000000000000000000000000000000000000000000000000000000000000000\n' +
          '[ 4][t 0][2024-10-30 23:27:06.993000][transaction.cpp:1236]\tgas limits: max=1000000, limit=1000000, credit=0\n' +
          '[ 4][t 0][2024-10-30 23:27:06.993000][transaction.cpp:1575]\tin_msg_state is null\n' +
          '[ 4][t 0][2024-10-30 23:27:06.993000][transaction.cpp:1645]\tcreating VM\n' +
          '[ 4][t 0][2024-10-30 23:27:06.993000][transaction.cpp:1351]\tSmartContractInfo initialized with [ 124711402 0 0 1732922826 37000000 37000000 84630195367514639409622924175749312199831056191303332875639359062248049886761 [ 975297731 (null) ] CS{Cell{026dc00b9d24c3c0a4527b020e025ca956131c5eb5081291157c25fd7961df2d03a1b6a23886f4c3391606500000000006ea0508e625a01340} bits: 1..268; refs: 0..0} C{A7EC01478F770EF8F8B037CC7E42F0ABF0D85A50E1828C2394DAD1411691F2DE} C{F2179DCD5CFD8A1E113288591FFB7A5E10E107D0D2C36DF69E40398023DAA7B1} [ 966133163 (null) ] 835432 (null) [ CS{Cell{004dd06600000000000000000000000080000000000000fa00000000000001f4000000000003d09040} bits: 9..305; refs: 0..0} (null) CS{Cell{0094d1000000000000006400000000000f4240de000000002710000000000000000f42400000000002160ec0000000000000271000000000002625a00000000005f5e100000000003b9aca00} bits: 0..592; refs: 0..0} CS{Cell{0094d100000000000000640000000000009c40de000000000190000000000000000f424000000000000f4240000000000000271000000000009896800000000005f5e100000000003b9aca00} bits: 0..592; refs: 0..0} CS{Cell{0042ea000000000098968000000000271000000000000f424000000001800055555555} bits: 0..264; refs: 0..0} CS{Cell{0042ea0000000000061a800000000001900000000000009c4000000001800055555555} bits: 0..264; refs: 0..0} (null) ] 0 (null) ]\n' +
          '[ 4][t 0][2024-10-30 23:27:06.993000][transaction.cpp:1675]\tstarting VM\n' +
          '[ 4][t 0][2024-10-30 23:27:06.993000][transaction.cpp:1680]\tVM terminated with exit code 0\n' +
          '[ 3][t 0][2024-10-30 23:27:06.993000][transaction.cpp:1702]\tsteps: 254 gas: used=8945, max=1000000, limit=1000000, credit=0\n' +
          '[ 3][t 0][2024-10-30 23:27:06.993000][transaction.cpp:1704]\tout_of_gas=false, accepted=true, success=true, time=0.000265s\n' +
          '[ 4][t 0][2024-10-30 23:27:06.993000][transaction.cpp:1737]\tgas fees: 3578000 = 26214400 * 8945 /2^16 ; price=26214400; flat rate=[40000 for 100]; remaining balance=971719731ng\n' +
          '[ 3][t 0][2024-10-30 23:27:06.993000][transaction.cpp:2678]\tin try_action_reserve_currency(0)\n' +
          '[ 4][t 0][2024-10-30 23:27:06.993000][transaction.cpp:2684]\taction_reserve_currency: mode=0, reserve=10000000ng, balance=971719731ng, original balance=9164568ng\n' +
          '[ 3][t 0][2024-10-30 23:27:06.993000][transaction.cpp:2729]\tchanged remaining balance to 961719731ng, reserved balance to 10000000ng\n' +
          '[ 4][t 0][2024-10-30 23:27:06.994000][transaction.cpp:2448]\tstorage paid for a message: 3 cells, 768 bits\n' +
          '[ 4][t 0][2024-10-30 23:27:06.994000][transaction.cpp:2452]\tcomputed fwd fees = 827200 + 0\n',
        vmLogs: 'ecute STSLICER\n' +
          'execute OVER\n' +
          'execute ISNULL\n' +
          'execute NOT\n' +
          'execute PUSHCONT x7F01CA00CC\n' +
          'execute PUSHCONT x7032CA00\n' +
          'execute IFELSE\n' +
          'execute PUSHINT -1\n' +
          'execute SWAP\n' +
          'execute STI 1\n' +
          'execute STREF\n' +
          'execute implicit RET\n' +
          'execute ENDC\n' +
          'execute POP c4\n' +
          'execute implicit RET\n',
        debugLogs: '',
        events: [ [Object] ],
        parent: {
          address: 37254810366437813475271750514734067285117962570475561289538093995582013161784n,
          lt: 36000000n,
          prevTransactionHash: 110355983312506896719167339048446565534967007284896529773938486258960065357380n,
          prevTransactionLt: 34000000n,
          now: 1732922826,
          outMessagesCount: 1,
          oldStatus: 'active',
          endStatus: 'active',
          inMessage: [Object],
          outMessages: [Dictionary],
          totalFees: [Object],
          stateUpdate: [Object],
          description: [Object],
          raw: x{7525D79B589F1D73B879432CD1A596C0F9C42CF460467BBB795DA5A20C021C1380000000002255100F3FB45E8ADD8DA54DA208DA3B8DC078183945B697FC2DB433395A079E613E644000000000206CC80674A4DCA0003476E98F0}
           x{E_}
            x{680024B10C064E4A129CF388983572C85FC397E37E9AEFB64B868BBB7CF5190179A90014975E6D627C75CEE1E50CB346965B03E710B3D18119EEEDE57696883008704E10E948BFEC061479B600000000042C1D82CE949B9449AFD4E880000000000000004_}
             x{00000000000000000000000000000000000000000000000000000000000000220000000000000000000000000000000000000000000000000000000008F0D18001937A3FDD10}
             x{00000000000000000000000000000000000000000000000000000000000000230000000000000000000000000000000000000000000000000000000005F5E10001937A3FDD10}
            x{DF_}
             x{6800A4BAF36B13E3AE770F28659A34B2D81F38859E8C08CF776F2BB4B44180438271002E74930F029149EC08380972A5584C717AD4204A4455F097F5E5877CB40E86DA90E65816AC0609BBB000000000044AA202CE949B94C_}
              x{E601F8E50000000000000000}
           x{720FA03F32EAEB0E3B4712C903A5C5EE36E7147BB72E57588F5E7E323555AA28F8FEB0183F900CE1D007C63E5F1671DDC41E7647C7BB2EEAFCF1166E3A63F8FD57}
           x{04090E948BFED8769BB211_}
            x{4E782C3D090000000000000000031700000000000000000000000000000000000000000000000000000000000000000000000000000000000000000000000000000000000000000000000000000000}
            x{C983A6604C09BBA000000000000400020000000388D0C29501CA01261A550F77F5936E7DB7CACEE37FC601F787453CB248E780324090190C_},
          hash: [Function: hash],
          blockchainLogs: '[ 4][t 0][2024-10-30 23:27:06.989000][transaction.cpp:443]\tunpacking account 525D79B589F1D73B879432CD1A596C0F9C42CF460467BBB795DA5A20C021C138\n' +
            '[ 4][t 0][2024-10-30 23:27:06.989000][transaction.cpp:274]\tlast_paid=1732922826; cells=232 bits=83682 public_cells=0\n' +
            '[ 4][t 0][2024-10-30 23:27:06.989000][transaction.cpp:504]\tend of Account.unpack() for 0:525D79B589F1D73B879432CD1A596C0F9C42CF460467BBB795DA5A20C021C138 (balance = 2100000000ng ; last_trans_lt = 34000000..34000002)\n' +
            '[ 4][t 0][2024-10-30 23:27:06.989000][transaction.cpp:3655]\tblock random seed set to 0000000000000000000000000000000000000000000000000000000000000000\n' +
            '[ 4][t 0][2024-10-30 23:27:06.989000][transaction.cpp:1236]\tgas limits: max=1000000, limit=1000000, credit=0\n' +
            '[ 4][t 0][2024-10-30 23:27:06.989000][transaction.cpp:1575]\tin_msg_state is null\n' +
            '[ 4][t 0][2024-10-30 23:27:06.989000][transaction.cpp:1645]\tcreating VM\n' +
            '[ 4][t 0][2024-10-30 23:27:06.989000][transaction.cpp:1351]\tSmartContractInfo initialized with [ 124711402 0 0 1732922826 36000000 36000000 14068792954309835536948273256715513127174070948738620016199408580766834334284 [ 3078464763 (null) ] CS{Cell{0271c00525d79b589f1d73b879432cd1a596c0f9c42cf460467bbb795da5a20c021c1383d0c051b8833a526e5000000000081b32091f4add401340} bits: 1..268; refs: 0..0} C{A7EC01478F770EF8F8B037CC7E42F0ABF0D85A50E1828C2394DAD1411691F2DE} C{42B6F0E46484EFC57B9508F6BA7EF42E7512023D5CB4ED5628DD1C7755D16E9D} [ 978464763 (null) ] 0 (null) [ CS{Cell{004dd06600000000000000000000000080000000000000fa00000000000001f4000000000003d09040} bits: 9..305; refs: 0..0} (null) CS{Cell{0094d1000000000000006400000000000f4240de000000002710000000000000000f42400000000002160ec0000000000000271000000000002625a00000000005f5e100000000003b9aca00} bits: 0..592; refs: 0..0} CS{Cell{0094d100000000000000640000000000009c40de000000000190000000000000000f424000000000000f4240000000000000271000000000009896800000000005f5e100000000003b9aca00} bits: 0..592; refs: 0..0} CS{Cell{0042ea000000000098968000000000271000000000000f424000000001800055555555} bits: 0..264; refs: 0..0} CS{Cell{0042ea0000000000061a800000000001900000000000009c4000000001800055555555} bits: 0..264; refs: 0..0} (null) ] 0 (null) ]\n' +
            '[ 4][t 0][2024-10-30 23:27:06.989000][transaction.cpp:1675]\tstarting VM\n' +
            '[ 4][t 0][2024-10-30 23:27:06.990000][transaction.cpp:1680]\tVM terminated with exit code 0\n' +
            '[ 3][t 0][2024-10-30 23:27:06.990000][transaction.cpp:1702]\tsteps: 791 gas: used=29633, max=1000000, limit=1000000, credit=0\n' +
            '[ 3][t 0][2024-10-30 23:27:06.990000][transaction.cpp:1704]\tout_of_gas=false, accepted=true, success=true, time=0.000892s\n' +
            '[ 4][t 0][2024-10-30 23:27:06.990000][transaction.cpp:1737]\tgas fees: 11853200 = 26214400 * 29633 /2^16 ; price=26214400; flat rate=[40000 for 100]; remaining balance=3066611563ng\n' +
            '[ 3][t 0][2024-10-30 23:27:06.990000][transaction.cpp:2678]\tin try_action_reserve_currency(0)\n' +
            '[ 4][t 0][2024-10-30 23:27:06.990000][transaction.cpp:2684]\taction_reserve_currency: mode=0, reserve=2100000000ng, balance=3066611563ng, original balance=2100000000ng\n' +
            '[ 3][t 0][2024-10-30 23:27:06.990000][transaction.cpp:2729]\tchanged remaining balance to 966611563ng, reserved balance to 2100000000ng\n' +
            '[ 4][t 0][2024-10-30 23:27:06.990000][transaction.cpp:2448]\tstorage paid for a message: 1 cells, 96 bits\n' +
            '[ 4][t 0][2024-10-30 23:27:06.990000][transaction.cpp:2452]\tcomputed fwd fees = 478400 + 0\n',
          vmLogs: 'xecute EQUAL\n' +
            'execute THROWIF 137\n' +
            'execute PUSHPOW2 10\n' +
            'execute EQUAL\n' +
            'execute THROWIFNOT 136\n' +
            'execute STSLICER\n' +
            'execute ENDC\n' +
            'execute ROT\n' +
            'execute STREF\n' +
            'execute ENDC\n' +
            'execute SWAP\n' +
            'execute STREF\n' +
            'execute implicit RET\n' +
            'execute ENDC\n' +
            'execute POP c4\n' +
            'execute implicit RET\n',
          debugLogs: '',
          events: [Array],
          parent: [Object],
          children: [Array],
          externals: []
        },
        children: [ [Object] ],
        externals: []
      },
      {
        address: 37254810366437813475271750514734067285117962570475561289538093995582013161784n,
        lt: 38000000n,
        prevTransactionHash: 84767820279864655208851749621696039134752270341460901803336622509227281318501n,
        prevTransactionLt: 36000000n,
        now: 1732922826,
        outMessagesCount: 4,
        oldStatus: 'active',
        endStatus: 'active',
        inMessage: {
          info: [Object],
          init: null,
          body: x{B687AB17000000000000000000000000}
           x{02202FAF080202FAF08021DCD65001CC4B4021DCD6500339160653397F7E53391606533A526E500000000800000004_}
            x{801028CD38D6A9FB165BB1D27554DCBBC8B7A064E07EF4C3832956828113614F545_}
        },
        outMessages: Dictionary { _key: [Object], _value: [Object], _map: [Map] },
        totalFees: { coins: 31153972n },
        stateUpdate: {
          oldHash: <Buffer fe b0 18 3f 90 0c e1 d0 07 c6 3e 5f 16 71 dd c4 1e 76 47 c7 bb 2e ea fc f1 16 6e 3a 63 f8 fd 57>,
          newHash: <Buffer 2e 88 a0 04 d7 a0 48 f4 85 b7 63 52 f7 de 14 ec 91 d3 9b ba e1 e1 ca 93 2a f3 0f 5a 9a 91 41 43>
        },
        description: {
          type: 'generic',
          creditFirst: false,
          storagePhase: [Object],
          creditPhase: [Object],
          computePhase: [Object],
          actionPhase: [Object],
          bouncePhase: undefined,
          aborted: false,
          destroyed: false
        },
        raw: x{7525D79B589F1D73B879432CD1A596C0F9C42CF460467BBB795DA5A20C021C138000000000243D580BB68E2D39FD89F0849706CAE3112AEF2CF7EDC3D69F63315931455A8D9A182650000000002255100674A4DCA00094803B6BE68}
         x{E_}
          x{680173A49878148A4F6041C04B952AC2638BD6A1025222AF84BFAF2C3BE5A07436D50014975E6D627C75CEE1E50CB346965B03E710B3D18119EEEDE57696883008704E10E51839CC0610D45E0000000004692682CE949B945B43D58B8000000000000000000000004_}
           x{02202FAF080202FAF08021DCD65001CC4B4021DCD6500339160653397F7E53391606533A526E500000000800000004_}
            x{801028CD38D6A9FB165BB1D27554DCBBC8B7A064E07EF4C3832956828113614F545_}
          x{DB_}
           x{2_}
            x{2_}
             x{6800A4BAF36B13E3AE770F28659A34B2D81F38859E8C08CF776F2BB4B44180438271001F33C9E03834F86C2DA0166D0212C129A321D08D5D171B4080758BCF48863C4D90101931000609BBB0000000000487AB02CE949B94C_}
              x{BC26F4C80000000000000000}
            x{2_}
             x{6800A4BAF36B13E3AE770F28659A34B2D81F38859E8C08CF776F2BB4B4418043827100384BA6D6A6B7DF2422C44C909493A07C03CA0A1FF860A7ED8531810050149DDF10101931000609BBB0000000000487AB04CE949B94C_}
              x{BC26F4C80000000000000001}
           x{2_}
            x{2_}
             x{E00292EBCDAC4F8EB9DC3CA19668D2CB607CE2167A30233DDDBCAED2D106010E09C0000000000487AB06CE949B94C_}
              x{8B6D3812000000000000000000000000801028CD38D6A9FB165BB1D27554DCBBC8B7A064E07EF4C3832956828113614F544877359401_}
            x{2_}
             x{4800A4BAF36B13E3AE770F28659A34B2D81F38859E8C08CF776F2BB4B44180438271002E74930F029149EC08380972A5584C717AD4204A4455F097F5E5877CB40E86DA90BCA3A88C0656E1D8000000000487AB08CE949B95E_}
              x{34_}
               x{FF00F4A413F4BCF2C80B}
                x{62_}
                 x{D001D0D3030171B0A301FA400120D74981010BBAF2E08820D70B0A208104FFBAF2D0898309BAF2E088545053036F04F86102F862DB3C5512DB3CF2E082}
                  x{ED44D0D401F863D200018E2FD31FFA400120D74981010BBAF2E08820D70B0A208104FFBAF2D0898309BAF2E08801D2000191D4926D01E255206C13E0F828D70B0A8309BAF2E089810101D700FA400120D74981010BBAF2E08820D70B0A208104FFBAF2D0898309BAF2E0881202D101DB3C}
                   x{6D}
                  x{0192307FE07021D749C21F953020D70B1FDE208210AFE93535BA8F5130D31F018210AFE93535BAF2E081D33FFA400120D74981010BBAF2E08820D70B0A208104FFBAF2D0898309BAF2E08801D455206C1332820898968070FB024434DB3C30037083067055206D6D6DDB3C597FE0208210B8A3AA14BAE302}
                   x{F8425220C705F2E084}
                   x{C87101CA01500701CA007001CA02500520D74981010BBAF2E08820D70B0A208104FFBAF2D0898309BAF2E088CF165003FA027001CA68236EB3917F93246EB3E2973333017001CA00E30D216EB39C7F01CA0001206EF2D08001CC95317001CA00E2C901FB00}
                    x{7F01CA00C87001CA007001CA00246EB39D7F01CA0004206EF2D0805004CC9634037001CA00E2246EB39D7F01CA0004206EF2D0805004CC9634037001CA00E27001CA00027F01CA0002C958CC}
                   x{30D31F018210B8A3AA14BAF2E081D33FFA400120D74981010BBAF2E08820D70B0A208104FFBAF2D0898309BAF2E088126C12317020FB025520DB3C03708100A07055206D6D6DDB3C587F}
                    x{F8425220C705F2E084}
                    x{C87101CA01500701CA007001CA02500520D74981010BBAF2E08820D70B0A208104FFBAF2D0898309BAF2E088CF165003FA027001CA68236EB3917F93246EB3E2973333017001CA00E30D216EB39C7F01CA0001206EF2D08001CC95317001CA00E2C901FB00}
                     x{7F01CA00C87001CA007001CA00246EB39D7F01CA0004206EF2D0805004CC9634037001CA00E2246EB39D7F01CA0004206EF2D0805004CC9634037001CA00E27001CA00027F01CA0002C958CC}
                   x{8210E601F8E5BA8ECED31F018210E601F8E5BAF2E081D33F0131820898968070FB02F8416F2410235F037083067F25206EF2D080542580C855208210B687AB175004CB1F12CB3FCB1FCCC9103441301443306D6DDB3C7FE03070}
                    x{C87101CA01500701CA007001CA02500520D74981010BBAF2E08820D70B0A208104FFBAF2D0898309BAF2E088CF165003FA027001CA68236EB3917F93246EB3E2973333017001CA00E30D216EB39C7F01CA0001206EF2D08001CC95317001CA00E2C901FB00}
                     x{7F01CA00C87001CA007001CA00246EB39D7F01CA0004206EF2D0805004CC9634037001CA00E2246EB39D7F01CA0004206EF2D0805004CC9634037001CA00E27001CA00027F01CA0002C958CC}
                  x{C8F84301CC7F01CA0055205023CB1F0120D74981010BBAF2E08820D70B0A208104FFBAF2D0898309BAF2E088CF16216EB3957F01CA00CC947032CA00E2C9ED54}
                 x{2_}
                  x{BE28EED9E6D9E3618C_}
                   x{ED44D0D401F863D200018E2FD31FFA400120D74981010BBAF2E08820D70B0A208104FFBAF2D0898309BAF2E08801D2000191D4926D01E255206C13E0F828D70B0A8309BAF2E089810101D700FA400120D74981010BBAF2E08820D70B0A208104FFBAF2D0898309BAF2E0881202D101DB3C}
                    x{6D}
                   x{21}
                  x{2_}
                   x{4}
                    x{B1D8B6CF36CF1B0C6_}
                     x{ED44D0D401F863D200018E2FD31FFA400120D74981010BBAF2E08820D70B0A208104FFBAF2D0898309BAF2E08801D2000191D4926D01E255206C13E0F828D70B0A8309BAF2E089810101D700FA400120D74981010BBAF2E08820D70B0A208104FFBAF2D0898309BAF2E0881202D101DB3C}
                      x{6D}
                     x{20}
                    x{B36436CF36CF1B0C6_}
                     x{ED44D0D401F863D200018E2FD31FFA400120D74981010BBAF2E08820D70B0A208104FFBAF2D0898309BAF2E08801D2000191D4926D01E255206C13E0F828D70B0A8309BAF2E089810101D700FA400120D74981010BBAF2E08820D70B0A208104FFBAF2D0898309BAF2E0881202D101DB3C}
                      x{6D}
                     x{22}
                   x{B82BEED44D0D20001}
               x{0000000000000000000000000000000000000000000000000000000000000000200292EBCDAC4F8EB9DC3CA19668D2CB607CE2167A30233DDDBCAED2D106010E09C4_}
                x{C_}
                 x{A0838F_}
                  x{FF00F4A413F4BCF2C80B}
                   x{62_}
                    x{D001D0D3030171B0A301FA400120D74981010BBAF2E08820D70B0A208104FFBAF2D0898309BAF2E088545053036F04F86102F862DB3C5512DB3CF2E082}
                     x{ED44D0D401F863D200018E2FD31FFA400120D74981010BBAF2E08820D70B0A208104FFBAF2D0898309BAF2E08801D2000191D4926D01E255206C13E0F828D70B0A8309BAF2E089810101D700FA400120D74981010BBAF2E08820D70B0A208104FFBAF2D0898309BAF2E0881202D101DB3C}
                      x{6D}
                     x{0192307FE07021D749C21F953020D70B1FDE208210AFE93535BA8F5130D31F018210AFE93535BAF2E081D33FFA400120D74981010BBAF2E08820D70B0A208104FFBAF2D0898309BAF2E08801D455206C1332820898968070FB024434DB3C30037083067055206D6D6DDB3C597FE0208210B8A3AA14BAE302}
                      x{F8425220C705F2E084}
                      x{C87101CA01500701CA007001CA02500520D74981010BBAF2E08820D70B0A208104FFBAF2D0898309BAF2E088CF165003FA027001CA68236EB3917F93246EB3E2973333017001CA00E30D216EB39C7F01CA0001206EF2D08001CC95317001CA00E2C901FB00}
                       x{7F01CA00C87001CA007001CA00246EB39D7F01CA0004206EF2D0805004CC9634037001CA00E2246EB39D7F01CA0004206EF2D0805004CC9634037001CA00E27001CA00027F01CA0002C958CC}
                      x{30D31F018210B8A3AA14BAF2E081D33FFA400120D74981010BBAF2E08820D70B0A208104FFBAF2D0898309BAF2E088126C12317020FB025520DB3C03708100A07055206D6D6DDB3C587F}
                       x{F8425220C705F2E084}
                       x{C87101CA01500701CA007001CA02500520D74981010BBAF2E08820D70B0A208104FFBAF2D0898309BAF2E088CF165003FA027001CA68236EB3917F93246EB3E2973333017001CA00E30D216EB39C7F01CA0001206EF2D08001CC95317001CA00E2C901FB00}
                        x{7F01CA00C87001CA007001CA00246EB39D7F01CA0004206EF2D0805004CC9634037001CA00E2246EB39D7F01CA0004206EF2D0805004CC9634037001CA00E27001CA00027F01CA0002C958CC}
                      x{8210E601F8E5BA8ECED31F018210E601F8E5BAF2E081D33F0131820898968070FB02F8416F2410235F037083067F25206EF2D080542580C855208210B687AB175004CB1F12CB3FCB1FCCC9103441301443306D6DDB3C7FE03070}
                       x{C87101CA01500701CA007001CA02500520D74981010BBAF2E08820D70B0A208104FFBAF2D0898309BAF2E088CF165003FA027001CA68236EB3917F93246EB3E2973333017001CA00E30D216EB39C7F01CA0001206EF2D08001CC95317001CA00E2C901FB00}
                        x{7F01CA00C87001CA007001CA00246EB39D7F01CA0004206EF2D0805004CC9634037001CA00E2246EB39D7F01CA0004206EF2D0805004CC9634037001CA00E27001CA00027F01CA0002C958CC}
                     x{C8F84301CC7F01CA0055205023CB1F0120D74981010BBAF2E08820D70B0A208104FFBAF2D0898309BAF2E088CF16216EB3957F01CA00CC947032CA00E2C9ED54}
                    x{2_}
                     x{BE28EED9E6D9E3618C_}
                      x{ED44D0D401F863D200018E2FD31FFA400120D74981010BBAF2E08820D70B0A208104FFBAF2D0898309BAF2E08801D2000191D4926D01E255206C13E0F828D70B0A8309BAF2E089810101D700FA400120D74981010BBAF2E08820D70B0A208104FFBAF2D0898309BAF2E0881202D101DB3C}
                       x{6D}
                      x{21}
                     x{2_}
                      x{4}
                       x{B1D8B6CF36CF1B0C6_}
                        x{ED44D0D401F863D200018E2FD31FFA400120D74981010BBAF2E08820D70B0A208104FFBAF2D0898309BAF2E08801D2000191D4926D01E255206C13E0F828D70B0A8309BAF2E089810101D700FA400120D74981010BBAF2E08820D70B0A208104FFBAF2D0898309BAF2E0881202D101DB3C}
                         x{6D}
                        x{20}
                       x{B36436CF36CF1B0C6_}
                        x{ED44D0D401F863D200018E2FD31FFA400120D74981010BBAF2E08820D70B0A208104FFBAF2D0898309BAF2E08801D2000191D4926D01E255206C13E0F828D70B0A8309BAF2E089810101D700FA400120D74981010BBAF2E08820D70B0A208104FFBAF2D0898309BAF2E0881202D101DB3C}
                         x{6D}
                        x{22}
                      x{B82BEED44D0D20001}
              x{B8A3AA140000000000000000801D3E5E1B0970E52ABD4EA639AED542E118FE33D2F03FE072737A6B74A8FDC2C69_}
         x{72FEB0183F900CE1D007C63E5F1671DDC41E7647C7BB2EEAFCF1166E3A63F8FD572E88A004D7A048F485B76352F7DE14EC91D39BBAE1E1CA932AF30F5A9A914143}
         x{04090E51839CD88036EE1C11_}
          x{602327CC3D09000000000000000007C100000000000000000000000000000000000000000000000000000000000000000000000000000000000000000000000000000000000000000000000000000000}
          x{C9AC8D784C8FB95000000000000A0002000000086C667028F3CC35C5E1D1AEB75B20D68906AE33005305D31C6C00E378213282B048913B24_},
        hash: [Function: hash],
        blockchainLogs: '[ 4][t 0][2024-10-30 23:27:06.996000][transaction.cpp:443]\tunpacking account 525D79B589F1D73B879432CD1A596C0F9C42CF460467BBB795DA5A20C021C138\n' +
          '[ 4][t 0][2024-10-30 23:27:06.996000][transaction.cpp:274]\tlast_paid=1732922826; cells=232 bits=84034 public_cells=0\n' +
          '[ 4][t 0][2024-10-30 23:27:06.996000][transaction.cpp:504]\tend of Account.unpack() for 0:525D79B589F1D73B879432CD1A596C0F9C42CF460467BBB795DA5A20C021C138 (balance = 2100000000ng ; last_trans_lt = 36000000..36000002)\n' +
          '[ 4][t 0][2024-10-30 23:27:06.996000][transaction.cpp:3655]\tblock random seed set to 0000000000000000000000000000000000000000000000000000000000000000\n' +
          '[ 4][t 0][2024-10-30 23:27:06.996000][transaction.cpp:1236]\tgas limits: max=1000000, limit=1000000, credit=0\n' +
          '[ 4][t 0][2024-10-30 23:27:06.996000][transaction.cpp:1575]\tin_msg_state is null\n' +
          '[ 4][t 0][2024-10-30 23:27:06.996000][transaction.cpp:1645]\tcreating VM\n' +
          '[ 4][t 0][2024-10-30 23:27:06.996000][transaction.cpp:1351]\tSmartContractInfo initialized with [ 124711402 0 0 1732922826 38000000 38000000 14068792954309835536948273256715513127174070948738620016199408580766834334284 [ 3060892531 (null) ] CS{Cell{0271c00525d79b589f1d73b879432cd1a596c0f9c42cf460467bbb795da5a20c021c1383d0c05210833a526e5000000000089544091f4add401340} bits: 1..268; refs: 0..0} C{A7EC01478F770EF8F8B037CC7E42F0ABF0D85A50E1828C2394DAD1411691F2DE} C{42B6F0E46484EFC57B9508F6BA7EF42E7512023D5CB4ED5628DD1C7755D16E9D} [ 960892531 (null) ] 0 (null) [ CS{Cell{004dd06600000000000000000000000080000000000000fa00000000000001f4000000000003d09040} bits: 9..305; refs: 0..0} (null) CS{Cell{0094d1000000000000006400000000000f4240de000000002710000000000000000f42400000000002160ec0000000000000271000000000002625a00000000005f5e100000000003b9aca00} bits: 0..592; refs: 0..0} CS{Cell{0094d100000000000000640000000000009c40de000000000190000000000000000f424000000000000f4240000000000000271000000000009896800000000005f5e100000000003b9aca00} bits: 0..592; refs: 0..0} CS{Cell{0042ea000000000098968000000000271000000000000f424000000001800055555555} bits: 0..264; refs: 0..0} CS{Cell{0042ea0000000000061a800000000001900000000000009c4000000001800055555555} bits: 0..264; refs: 0..0} (null) ] 0 (null) ]\n' +
          '[ 4][t 0][2024-10-30 23:27:06.996000][transaction.cpp:1675]\tstarting VM\n' +
          '[ 4][t 0][2024-10-30 23:27:06.998000][transaction.cpp:1680]\tVM terminated with exit code 0\n' +
          '[ 3][t 0][2024-10-30 23:27:06.998000][transaction.cpp:1702]\tsteps: 1985 gas: used=71998, max=1000000, limit=1000000, credit=0\n' +
          '[ 3][t 0][2024-10-30 23:27:06.998000][transaction.cpp:1704]\tout_of_gas=false, accepted=true, success=true, time=0.001712s\n' +
          '[ 4][t 0][2024-10-30 23:27:06.998000][transaction.cpp:1737]\tgas fees: 28799200 = 26214400 * 71998 /2^16 ; price=26214400; flat rate=[40000 for 100]; remaining balance=3032093331ng\n' +
          '[ 3][t 0][2024-10-30 23:27:06.998000][transaction.cpp:2678]\tin try_action_reserve_currency(0)\n' +
          '[ 4][t 0][2024-10-30 23:27:06.998000][transaction.cpp:2684]\taction_reserve_currency: mode=0, reserve=2100000000ng, balance=3032093331ng, original balance=2100000000ng\n' +
          '[ 3][t 0][2024-10-30 23:27:06.998000][transaction.cpp:2729]\tchanged remaining balance to 932093331ng, reserved balance to 2100000000ng\n' +
          '[ 4][t 0][2024-10-30 23:27:06.998000][transaction.cpp:2448]\tstorage paid for a message: 1 cells, 96 bits\n' +
          '[ 4][t 0][2024-10-30 23:27:06.998000][transaction.cpp:2452]\tcomputed fwd fees = 478400 + 0\n' +
          '[ 4][t 0][2024-10-30 23:27:06.998000][transaction.cpp:2448]\tstorage paid for a message: 1 cells, 96 bits\n' +
          '[ 4][t 0][2024-10-30 23:27:06.998000][transaction.cpp:2452]\tcomputed fwd fees = 478400 + 0\n' +
          '[ 4][t 0][2024-10-30 23:27:06.998000][transaction.cpp:2448]\tstorage paid for a message: 1 cells, 431 bits\n' +
          '[ 4][t 0][2024-10-30 23:27:06.998000][transaction.cpp:2452]\tcomputed fwd fees = 612400 + 0\n' +
          '[ 4][t 0][2024-10-30 23:27:06.998000][transaction.cpp:2448]\tstorage paid for a message: 27 cells, 6976 bits\n' +
          '[ 4][t 0][2024-10-30 23:27:06.998000][transaction.cpp:2452]\tcomputed fwd fees = 4270400 + 0\n',
        vmLogs: 'xecute EQUAL\n' +
          'execute THROWIF 137\n' +
          'execute PUSHPOW2 10\n' +
          'execute EQUAL\n' +
          'execute THROWIFNOT 136\n' +
          'execute STSLICER\n' +
          'execute ENDC\n' +
          'execute ROT\n' +
          'execute STREF\n' +
          'execute ENDC\n' +
          'execute SWAP\n' +
          'execute STREF\n' +
          'execute implicit RET\n' +
          'execute ENDC\n' +
          'execute POP c4\n' +
          'execute implicit RET\n',
        debugLogs: '',
        events: [ [Object], [Object], [Object] ],
        parent: {
          address: 84049441022908470316622795825605090351520748406577698494615284512509455375210n,
          lt: 37000000n,
          prevTransactionHash: 62377369558482443243858565285189346289072290702428646817459133042291114054006n,
          prevTransactionLt: 29000000n,
          now: 1732922826,
          outMessagesCount: 1,
          oldStatus: 'active',
          endStatus: 'active',
          inMessage: [Object],
          outMessages: [Dictionary],
          totalFees: [Object],
          stateUpdate: [Object],
          description: [Object],
          raw: x{7B9D24C3C0A4527B020E025CA956131C5EB5081291157C25FD7961DF2D03A1B6A000000000234934089E8570C4CDD72600A41B04ED6A2638171E41BF78549C190511F8C0288E111760000000001BA8140674A4DCA0003468F1A12}
           x{E_}
            x{6800A4BAF36B13E3AE770F28659A34B2D81F38859E8C08CF776F2BB4B44180438271002E74930F029149EC08380972A5584C717AD4204A4455F097F5E5877CB40E86DA90E65816AC0609BBB000000000044AA202CE949B947300FC7280000000000000004_}
            x{DF_}
             x{680173A49878148A4F6041C04B952AC2638BD6A1025222AF84BFAF2C3BE5A07436D50014975E6D627C75CEE1E50CB346965B03E710B3D18119EEEDE57696883008704E10E51839CC0610D45E0000000004692682CE949B94C_}
              x{B687AB17000000000000000000000000}
               x{02202FAF080202FAF08021DCD65001CC4B4021DCD6500339160653397F7E53391606533A526E500000000800000004_}
                x{801028CD38D6A9FB165BB1D27554DCBBC8B7A064E07EF4C3832956828113614F545_}
           x{72B2F79DF10CC3097D60C9ECD25B8D965D47424843B53323C555C01CFF9E02FED36CB0BAF1B7A479F06615C9B2F7947423B8E1D73BE7AFB93850A49B3C399299A0}
           x{04C32FDA090E65816AD866D31211_}
            x{445E2C3D09000000000000000000FE00000000000000000000000000000000000000000000000000000000000000000000000000000000000000000000000000000000000000000000000000000000}
            x{C9864FA04C10D4440000000000040002000000033159E23B9E0CBD31394C6C176CA41A7A1396EDB7EB92F5E632D9209317BB7E7E41102E0C_},
          hash: [Function: hash],
          blockchainLogs: '[ 4][t 0][2024-10-30 23:27:06.993000][transaction.cpp:443]\tunpacking account B9D24C3C0A4527B020E025CA956131C5EB5081291157C25FD7961DF2D03A1B6A\n' +
            '[ 4][t 0][2024-10-30 23:27:06.993000][transaction.cpp:274]\tlast_paid=1730330826; cells=28 bits=7123 public_cells=0\n' +
            '[ 4][t 0][2024-10-30 23:27:06.993000][transaction.cpp:504]\tend of Account.unpack() for 0:B9D24C3C0A4527B020E025CA956131C5EB5081291157C25FD7961DF2D03A1B6A (balance = 10000000ng ; last_trans_lt = 29000000..29000002)\n' +
            '[ 4][t 0][2024-10-30 23:27:06.993000][transaction.cpp:3655]\tblock random seed set to 0000000000000000000000000000000000000000000000000000000000000000\n' +
            '[ 4][t 0][2024-10-30 23:27:06.993000][transaction.cpp:1236]\tgas limits: max=1000000, limit=1000000, credit=0\n' +
            '[ 4][t 0][2024-10-30 23:27:06.993000][transaction.cpp:1575]\tin_msg_state is null\n' +
            '[ 4][t 0][2024-10-30 23:27:06.993000][transaction.cpp:1645]\tcreating VM\n' +
            '[ 4][t 0][2024-10-30 23:27:06.993000][transaction.cpp:1351]\tSmartContractInfo initialized with [ 124711402 0 0 1732922826 37000000 37000000 84630195367514639409622924175749312199831056191303332875639359062248049886761 [ 975297731 (null) ] CS{Cell{026dc00b9d24c3c0a4527b020e025ca956131c5eb5081291157c25fd7961df2d03a1b6a23886f4c3391606500000000006ea0508e625a01340} bits: 1..268; refs: 0..0} C{A7EC01478F770EF8F8B037CC7E42F0ABF0D85A50E1828C2394DAD1411691F2DE} C{F2179DCD5CFD8A1E113288591FFB7A5E10E107D0D2C36DF69E40398023DAA7B1} [ 966133163 (null) ] 835432 (null) [ CS{Cell{004dd06600000000000000000000000080000000000000fa00000000000001f4000000000003d09040} bits: 9..305; refs: 0..0} (null) CS{Cell{0094d1000000000000006400000000000f4240de000000002710000000000000000f42400000000002160ec0000000000000271000000000002625a00000000005f5e100000000003b9aca00} bits: 0..592; refs: 0..0} CS{Cell{0094d100000000000000640000000000009c40de000000000190000000000000000f424000000000000f4240000000000000271000000000009896800000000005f5e100000000003b9aca00} bits: 0..592; refs: 0..0} CS{Cell{0042ea000000000098968000000000271000000000000f424000000001800055555555} bits: 0..264; refs: 0..0} CS{Cell{0042ea0000000000061a800000000001900000000000009c4000000001800055555555} bits: 0..264; refs: 0..0} (null) ] 0 (null) ]\n' +
            '[ 4][t 0][2024-10-30 23:27:06.993000][transaction.cpp:1675]\tstarting VM\n' +
            '[ 4][t 0][2024-10-30 23:27:06.993000][transaction.cpp:1680]\tVM terminated with exit code 0\n' +
            '[ 3][t 0][2024-10-30 23:27:06.993000][transaction.cpp:1702]\tsteps: 254 gas: used=8945, max=1000000, limit=1000000, credit=0\n' +
            '[ 3][t 0][2024-10-30 23:27:06.993000][transaction.cpp:1704]\tout_of_gas=false, accepted=true, success=true, time=0.000265s\n' +
            '[ 4][t 0][2024-10-30 23:27:06.993000][transaction.cpp:1737]\tgas fees: 3578000 = 26214400 * 8945 /2^16 ; price=26214400; flat rate=[40000 for 100]; remaining balance=971719731ng\n' +
            '[ 3][t 0][2024-10-30 23:27:06.993000][transaction.cpp:2678]\tin try_action_reserve_currency(0)\n' +
            '[ 4][t 0][2024-10-30 23:27:06.993000][transaction.cpp:2684]\taction_reserve_currency: mode=0, reserve=10000000ng, balance=971719731ng, original balance=9164568ng\n' +
            '[ 3][t 0][2024-10-30 23:27:06.993000][transaction.cpp:2729]\tchanged remaining balance to 961719731ng, reserved balance to 10000000ng\n' +
            '[ 4][t 0][2024-10-30 23:27:06.994000][transaction.cpp:2448]\tstorage paid for a message: 3 cells, 768 bits\n' +
            '[ 4][t 0][2024-10-30 23:27:06.994000][transaction.cpp:2452]\tcomputed fwd fees = 827200 + 0\n',
          vmLogs: 'ecute STSLICER\n' +
            'execute OVER\n' +
            'execute ISNULL\n' +
            'execute NOT\n' +
            'execute PUSHCONT x7F01CA00CC\n' +
            'execute PUSHCONT x7032CA00\n' +
            'execute IFELSE\n' +
            'execute PUSHINT -1\n' +
            'execute SWAP\n' +
            'execute STI 1\n' +
            'execute STREF\n' +
            'execute implicit RET\n' +
            'execute ENDC\n' +
            'execute POP c4\n' +
            'execute implicit RET\n',
          debugLogs: '',
          events: [Array],
          parent: [Object],
          children: [Array],
          externals: []
        },
        children: [ [Object], [Object], [Object] ],
        externals: [ [Object] ]
      },
      {
        address: 56452803209391972311245829800318013664241380452486081517026592719308720763190n,
        lt: 39000000n,
        prevTransactionHash: 54727852185535853475998995880592749302677972944637880326827287456384619873569n,
        prevTransactionLt: 28000000n,
        now: 1732922826,
        outMessagesCount: 1,
        oldStatus: 'active',
        endStatus: 'active',
        inMessage: { info: [Object], init: null, body: x{BC26F4C80000000000000000} },
        outMessages: Dictionary { _key: [Object], _value: [Object], _map: [Map] },
        totalFees: { coins: 5334831n },
        stateUpdate: {
          oldHash: <Buffer b6 cd 7f d3 bc 8d 01 5d 97 e9 c6 68 c4 dd df 94 d6 40 db 1e 33 13 1c e7 14 4d 4f fb ee a8 39 ab>,
          newHash: <Buffer 53 5e a2 81 96 61 09 d0 0b 7a 72 70 86 81 e7 89 0e c1 3e 96 67 40 81 61 f0 14 b3 61 9f a9 ce de>
        },
        description: {
          type: 'generic',
          creditFirst: false,
          storagePhase: [Object],
          creditPhase: [Object],
          computePhase: [Object],
          actionPhase: [Object],
          bouncePhase: undefined,
          aborted: false,
          destroyed: false
        },
        raw: x{77CCF2780E0D3E1B0B68059B4084B04A68C874235745C6D0201D62F3D2218F13600000000025317C078FEDDDB67AF2511326AF50DAC2D4F2B1530F8D1986A4D2A928306E1057B85210000000001AB3F00674A4DCA000346A2CE5E}
         x{E_}
          x{6800A4BAF36B13E3AE770F28659A34B2D81F38859E8C08CF776F2BB4B44180438271001F33C9E03834F86C2DA0166D0212C129A321D08D5D171B4080758BCF48863C4D90101931000609BBB0000000000487AB02CE949B945E137A6400000000000000004_}
          x{DF_}
           x{6800F99E4F01C1A7C3616D00B3681096094D190E846AE8B8DA0403AC5E7A4431E26D0014975E6D627C75CEE1E50CB346965B03E710B3D18119EEEDE57696883008704E101119EF88060DFF5E0000000004A62F82CE949B94C_}
            x{2A004A0500000000000000000000000000000000000000000000000000000000000000000000000000000000C00814669C6B54FD8B2DD8E93AAA6E5DE45BD032703F7A61C194AB414089B0A7AA2}
         x{72B6CD7FD3BC8D015D97E9C668C4DDDF94D640DB1E33131CE7144D4FFBEEA839AB535EA281966109D00B7A72708681E7890EC13E9667408161F014B3619FA9CEDE}
         x{04C4360789010193101867A1E811_}
          x{44E28C0A4D9000000000000000013D00000000000000000000000000000000000000000000000000000000000000000000000000000000000000000000000000000000000000000000000000000000}
          x{C9853FC04C0DFF44000000000002000000000002E314399E9181B61CA6ACAC445010D6EB366B5E165776588A9812DBEC1225A8904090296C_},
        hash: [Function: hash],
        blockchainLogs: '[ 4][t 0][2024-10-30 23:27:07.003000][transaction.cpp:443]\tunpacking account 7CCF2780E0D3E1B0B68059B4084B04A68C874235745C6D0201D62F3D2218F136\n' +
          '[ 4][t 0][2024-10-30 23:27:07.003000][transaction.cpp:274]\tlast_paid=1730330826; cells=30 bits=12911 public_cells=0\n' +
          '[ 4][t 0][2024-10-30 23:27:07.003000][transaction.cpp:504]\tend of Account.unpack() for 0:7CCF2780E0D3E1B0B68059B4084B04A68C874235745C6D0201D62F3D2218F136 (balance = 10000000ng ; last_trans_lt = 28000000..28000002)\n' +
          '[ 4][t 0][2024-10-30 23:27:07.003000][transaction.cpp:3655]\tblock random seed set to 0000000000000000000000000000000000000000000000000000000000000000\n' +
          '[ 4][t 0][2024-10-30 23:27:07.003000][transaction.cpp:1236]\tgas limits: max=191044, limit=168804, credit=0\n' +
          '[ 4][t 0][2024-10-30 23:27:07.003000][transaction.cpp:1575]\tin_msg_state is null\n' +
          '[ 4][t 0][2024-10-30 23:27:07.003000][transaction.cpp:1645]\tcreating VM\n' +
          '[ 4][t 0][2024-10-30 23:27:07.003000][transaction.cpp:1351]\tSmartContractInfo initialized with [ 124711402 0 0 1732922826 39000000 39000000 17158678860825839941702393232993838109470607978381324670400578166443069604636 [ 76417698 (null) ] CS{Cell{026dc007ccf2780e0d3e1b0b68059b4084b04a68c874235745c6d0201d62f3d2218f13623c8c9bc3391606500000000006acfc08e625a01340} bits: 1..268; refs: 0..0} C{A7EC01478F770EF8F8B037CC7E42F0ABF0D85A50E1828C2394DAD1411691F2DE} C{33BB148A451AD17F938AA7C476E48F2B79933715F13F1D58F9234A90730321A8} [ 67521600 (null) ] 1103902 (null) [ CS{Cell{004dd06600000000000000000000000080000000000000fa00000000000001f4000000000003d09040} bits: 9..305; refs: 0..0} (null) CS{Cell{0094d1000000000000006400000000000f4240de000000002710000000000000000f42400000000002160ec0000000000000271000000000002625a00000000005f5e100000000003b9aca00} bits: 0..592; refs: 0..0} CS{Cell{0094d100000000000000640000000000009c40de000000000190000000000000000f424000000000000f4240000000000000271000000000009896800000000005f5e100000000003b9aca00} bits: 0..592; refs: 0..0} CS{Cell{0042ea000000000098968000000000271000000000000f424000000001800055555555} bits: 0..264; refs: 0..0} CS{Cell{0042ea0000000000061a800000000001900000000000009c4000000001800055555555} bits: 0..264; refs: 0..0} (null) ] 0 (null) ]\n' +
          '[ 4][t 0][2024-10-30 23:27:07.003000][transaction.cpp:1675]\tstarting VM\n' +
          '[ 4][t 0][2024-10-30 23:27:07.004000][transaction.cpp:1680]\tVM terminated with exit code 0\n' +
          '[ 3][t 0][2024-10-30 23:27:07.004000][transaction.cpp:1702]\tsteps: 317 gas: used=10004, max=191044, limit=168804, credit=0\n' +
          '[ 3][t 0][2024-10-30 23:27:07.004000][transaction.cpp:1704]\tout_of_gas=false, accepted=true, success=true, time=0.000304s\n' +
          '[ 4][t 0][2024-10-30 23:27:07.004000][transaction.cpp:1737]\tgas fees: 4001600 = 26214400 * 10004 /2^16 ; price=26214400; flat rate=[40000 for 100]; remaining balance=72416098ng\n' +
          '[ 4][t 0][2024-10-30 23:27:07.004000][transaction.cpp:2448]\tstorage paid for a message: 1 cells, 620 bits\n' +
          '[ 4][t 0][2024-10-30 23:27:07.004000][transaction.cpp:2452]\tcomputed fwd fees = 688000 + 0\n',
        vmLogs: 'e implicit RET\n' +
          'execute OVER\n' +
          'execute ISNULL\n' +
          'execute NOT\n' +
          'execute PUSHCONT x7F01CA00CC\n' +
          'execute PUSHCONT x7032CA00\n' +
          'execute IFELSE\n' +
          'execute PUSHINT -1\n' +
          'execute SWAP\n' +
          'execute STI 1\n' +
          'execute STREF\n' +
          'execute implicit RET\n' +
          'execute ENDC\n' +
          'execute POP c4\n' +
          'execute implicit RET\n',
        debugLogs: '',
        events: [ [Object] ],
        parent: {
          address: 37254810366437813475271750514734067285117962570475561289538093995582013161784n,
          lt: 38000000n,
          prevTransactionHash: 84767820279864655208851749621696039134752270341460901803336622509227281318501n,
          prevTransactionLt: 36000000n,
          now: 1732922826,
          outMessagesCount: 4,
          oldStatus: 'active',
          endStatus: 'active',
          inMessage: [Object],
          outMessages: [Dictionary],
          totalFees: [Object],
          stateUpdate: [Object],
          description: [Object],
          raw: x{7525D79B589F1D73B879432CD1A596C0F9C42CF460467BBB795DA5A20C021C138000000000243D580BB68E2D39FD89F0849706CAE3112AEF2CF7EDC3D69F63315931455A8D9A182650000000002255100674A4DCA00094803B6BE68}
           x{E_}
            x{680173A49878148A4F6041C04B952AC2638BD6A1025222AF84BFAF2C3BE5A07436D50014975E6D627C75CEE1E50CB346965B03E710B3D18119EEEDE57696883008704E10E51839CC0610D45E0000000004692682CE949B945B43D58B8000000000000000000000004_}
             x{02202FAF080202FAF08021DCD65001CC4B4021DCD6500339160653397F7E53391606533A526E500000000800000004_}
              x{801028CD38D6A9FB165BB1D27554DCBBC8B7A064E07EF4C3832956828113614F545_}
            x{DB_}
             x{2_}
              x{2_}
               x{6800A4BAF36B13E3AE770F28659A34B2D81F38859E8C08CF776F2BB4B44180438271001F33C9E03834F86C2DA0166D0212C129A321D08D5D171B4080758BCF48863C4D90101931000609BBB0000000000487AB02CE949B94C_}
                x{BC26F4C80000000000000000}
              x{2_}
               x{6800A4BAF36B13E3AE770F28659A34B2D81F38859E8C08CF776F2BB4B4418043827100384BA6D6A6B7DF2422C44C909493A07C03CA0A1FF860A7ED8531810050149DDF10101931000609BBB0000000000487AB04CE949B94C_}
                x{BC26F4C80000000000000001}
             x{2_}
              x{2_}
               x{E00292EBCDAC4F8EB9DC3CA19668D2CB607CE2167A30233DDDBCAED2D106010E09C0000000000487AB06CE949B94C_}
                x{8B6D3812000000000000000000000000801028CD38D6A9FB165BB1D27554DCBBC8B7A064E07EF4C3832956828113614F544877359401_}
              x{2_}
               x{4800A4BAF36B13E3AE770F28659A34B2D81F38859E8C08CF776F2BB4B44180438271002E74930F029149EC08380972A5584C717AD4204A4455F097F5E5877CB40E86DA90BCA3A88C0656E1D8000000000487AB08CE949B95E_}
                x{34_}
                 x{FF00F4A413F4BCF2C80B}
                  x{62_}
                   x{D001D0D3030171B0A301FA400120D74981010BBAF2E08820D70B0A208104FFBAF2D0898309BAF2E088545053036F04F86102F862DB3C5512DB3CF2E082}
                    x{ED44D0D401F863D200018E2FD31FFA400120D74981010BBAF2E08820D70B0A208104FFBAF2D0898309BAF2E08801D2000191D4926D01E255206C13E0F828D70B0A8309BAF2E089810101D700FA400120D74981010BBAF2E08820D70B0A208104FFBAF2D0898309BAF2E0881202D101DB3C}
                     x{6D}
                    x{0192307FE07021D749C21F953020D70B1FDE208210AFE93535BA8F5130D31F018210AFE93535BAF2E081D33FFA400120D74981010BBAF2E08820D70B0A208104FFBAF2D0898309BAF2E08801D455206C1332820898968070FB024434DB3C30037083067055206D6D6DDB3C597FE0208210B8A3AA14BAE302}
                     x{F8425220C705F2E084}
                     x{C87101CA01500701CA007001CA02500520D74981010BBAF2E08820D70B0A208104FFBAF2D0898309BAF2E088CF165003FA027001CA68236EB3917F93246EB3E2973333017001CA00E30D216EB39C7F01CA0001206EF2D08001CC95317001CA00E2C901FB00}
                      x{7F01CA00C87001CA007001CA00246EB39D7F01CA0004206EF2D0805004CC9634037001CA00E2246EB39D7F01CA0004206EF2D0805004CC9634037001CA00E27001CA00027F01CA0002C958CC}
                     x{30D31F018210B8A3AA14BAF2E081D33FFA400120D74981010BBAF2E08820D70B0A208104FFBAF2D0898309BAF2E088126C12317020FB025520DB3C03708100A07055206D6D6DDB3C587F}
                      x{F8425220C705F2E084}
                      x{C87101CA01500701CA007001CA02500520D74981010BBAF2E08820D70B0A208104FFBAF2D0898309BAF2E088CF165003FA027001CA68236EB3917F93246EB3E2973333017001CA00E30D216EB39C7F01CA0001206EF2D08001CC95317001CA00E2C901FB00}
                       x{7F01CA00C87001CA007001CA00246EB39D7F01CA0004206EF2D0805004CC9634037001CA00E2246EB39D7F01CA0004206EF2D0805004CC9634037001CA00E27001CA00027F01CA0002C958CC}
                     x{8210E601F8E5BA8ECED31F018210E601F8E5BAF2E081D33F0131820898968070FB02F8416F2410235F037083067F25206EF2D080542580C855208210B687AB175004CB1F12CB3FCB1FCCC9103441301443306D6DDB3C7FE03070}
                      x{C87101CA01500701CA007001CA02500520D74981010BBAF2E08820D70B0A208104FFBAF2D0898309BAF2E088CF165003FA027001CA68236EB3917F93246EB3E2973333017001CA00E30D216EB39C7F01CA0001206EF2D08001CC95317001CA00E2C901FB00}
                       x{7F01CA00C87001CA007001CA00246EB39D7F01CA0004206EF2D0805004CC9634037001CA00E2246EB39D7F01CA0004206EF2D0805004CC9634037001CA00E27001CA00027F01CA0002C958CC}
                    x{C8F84301CC7F01CA0055205023CB1F0120D74981010BBAF2E08820D70B0A208104FFBAF2D0898309BAF2E088CF16216EB3957F01CA00CC947032CA00E2C9ED54}
                   x{2_}
                    x{BE28EED9E6D9E3618C_}
                     x{ED44D0D401F863D200018E2FD31FFA400120D74981010BBAF2E08820D70B0A208104FFBAF2D0898309BAF2E08801D2000191D4926D01E255206C13E0F828D70B0A8309BAF2E089810101D700FA400120D74981010BBAF2E08820D70B0A208104FFBAF2D0898309BAF2E0881202D101DB3C}
                      x{6D}
                     x{21}
                    x{2_}
                     x{4}
                      x{B1D8B6CF36CF1B0C6_}
                       x{ED44D0D401F863D200018E2FD31FFA400120D74981010BBAF2E08820D70B0A208104FFBAF2D0898309BAF2E08801D2000191D4926D01E255206C13E0F828D70B0A8309BAF2E089810101D700FA400120D74981010BBAF2E08820D70B0A208104FFBAF2D0898309BAF2E0881202D101DB3C}
                        x{6D}
                       x{20}
                      x{B36436CF36CF1B0C6_}
                       x{ED44D0D401F863D200018E2FD31FFA400120D74981010BBAF2E08820D70B0A208104FFBAF2D0898309BAF2E08801D2000191D4926D01E255206C13E0F828D70B0A8309BAF2E089810101D700FA400120D74981010BBAF2E08820D70B0A208104FFBAF2D0898309BAF2E0881202D101DB3C}
                        x{6D}
                       x{22}
                     x{B82BEED44D0D20001}
                 x{0000000000000000000000000000000000000000000000000000000000000000200292EBCDAC4F8EB9DC3CA19668D2CB607CE2167A30233DDDBCAED2D106010E09C4_}
                  x{C_}
                   x{A0838F_}
                    x{FF00F4A413F4BCF2C80B}
                     x{62_}
                      x{D001D0D3030171B0A301FA400120D74981010BBAF2E08820D70B0A208104FFBAF2D0898309BAF2E088545053036F04F86102F862DB3C5512DB3CF2E082}
                       x{ED44D0D401F863D200018E2FD31FFA400120D74981010BBAF2E08820D70B0A208104FFBAF2D0898309BAF2E08801D2000191D4926D01E255206C13E0F828D70B0A8309BAF2E089810101D700FA400120D74981010BBAF2E08820D70B0A208104FFBAF2D0898309BAF2E0881202D101DB3C}
                        x{6D}
                       x{0192307FE07021D749C21F953020D70B1FDE208210AFE93535BA8F5130D31F018210AFE93535BAF2E081D33FFA400120D74981010BBAF2E08820D70B0A208104FFBAF2D0898309BAF2E08801D455206C1332820898968070FB024434DB3C30037083067055206D6D6DDB3C597FE0208210B8A3AA14BAE302}
                        x{F8425220C705F2E084}
                        x{C87101CA01500701CA007001CA02500520D74981010BBAF2E08820D70B0A208104FFBAF2D0898309BAF2E088CF165003FA027001CA68236EB3917F93246EB3E2973333017001CA00E30D216EB39C7F01CA0001206EF2D08001CC95317001CA00E2C901FB00}
                         x{7F01CA00C87001CA007001CA00246EB39D7F01CA0004206EF2D0805004CC9634037001CA00E2246EB39D7F01CA0004206EF2D0805004CC9634037001CA00E27001CA00027F01CA0002C958CC}
                        x{30D31F018210B8A3AA14BAF2E081D33FFA400120D74981010BBAF2E08820D70B0A208104FFBAF2D0898309BAF2E088126C12317020FB025520DB3C03708100A07055206D6D6DDB3C587F}
                         x{F8425220C705F2E084}
                         x{C87101CA01500701CA007001CA02500520D74981010BBAF2E08820D70B0A208104FFBAF2D0898309BAF2E088CF165003FA027001CA68236EB3917F93246EB3E2973333017001CA00E30D216EB39C7F01CA0001206EF2D08001CC95317001CA00E2C901FB00}
                          x{7F01CA00C87001CA007001CA00246EB39D7F01CA0004206EF2D0805004CC9634037001CA00E2246EB39D7F01CA0004206EF2D0805004CC9634037001CA00E27001CA00027F01CA0002C958CC}
                        x{8210E601F8E5BA8ECED31F018210E601F8E5BAF2E081D33F0131820898968070FB02F8416F2410235F037083067F25206EF2D080542580C855208210B687AB175004CB1F12CB3FCB1FCCC9103441301443306D6DDB3C7FE03070}
                         x{C87101CA01500701CA007001CA02500520D74981010BBAF2E08820D70B0A208104FFBAF2D0898309BAF2E088CF165003FA027001CA68236EB3917F93246EB3E2973333017001CA00E30D216EB39C7F01CA0001206EF2D08001CC95317001CA00E2C901FB00}
                          x{7F01CA00C87001CA007001CA00246EB39D7F01CA0004206EF2D0805004CC9634037001CA00E2246EB39D7F01CA0004206EF2D0805004CC9634037001CA00E27001CA00027F01CA0002C958CC}
                       x{C8F84301CC7F01CA0055205023CB1F0120D74981010BBAF2E08820D70B0A208104FFBAF2D0898309BAF2E088CF16216EB3957F01CA00CC947032CA00E2C9ED54}
                      x{2_}
                       x{BE28EED9E6D9E3618C_}
                        x{ED44D0D401F863D200018E2FD31FFA400120D74981010BBAF2E08820D70B0A208104FFBAF2D0898309BAF2E08801D2000191D4926D01E255206C13E0F828D70B0A8309BAF2E089810101D700FA400120D74981010BBAF2E08820D70B0A208104FFBAF2D0898309BAF2E0881202D101DB3C}
                         x{6D}
                        x{21}
                       x{2_}
                        x{4}
                         x{B1D8B6CF36CF1B0C6_}
                          x{ED44D0D401F863D200018E2FD31FFA400120D74981010BBAF2E08820D70B0A208104FFBAF2D0898309BAF2E08801D2000191D4926D01E255206C13E0F828D70B0A8309BAF2E089810101D700FA400120D74981010BBAF2E08820D70B0A208104FFBAF2D0898309BAF2E0881202D101DB3C}
                           x{6D}
                          x{20}
                         x{B36436CF36CF1B0C6_}
                          x{ED44D0D401F863D200018E2FD31FFA400120D74981010BBAF2E08820D70B0A208104FFBAF2D0898309BAF2E08801D2000191D4926D01E255206C13E0F828D70B0A8309BAF2E089810101D700FA400120D74981010BBAF2E08820D70B0A208104FFBAF2D0898309BAF2E0881202D101DB3C}
                           x{6D}
                          x{22}
                        x{B82BEED44D0D20001}
                x{B8A3AA140000000000000000801D3E5E1B0970E52ABD4EA639AED542E118FE33D2F03FE072737A6B74A8FDC2C69_}
           x{72FEB0183F900CE1D007C63E5F1671DDC41E7647C7BB2EEAFCF1166E3A63F8FD572E88A004D7A048F485B76352F7DE14EC91D39BBAE1E1CA932AF30F5A9A914143}
           x{04090E51839CD88036EE1C11_}
            x{602327CC3D09000000000000000007C100000000000000000000000000000000000000000000000000000000000000000000000000000000000000000000000000000000000000000000000000000000}
            x{C9AC8D784C8FB95000000000000A0002000000086C667028F3CC35C5E1D1AEB75B20D68906AE33005305D31C6C00E378213282B048913B24_},
          hash: [Function: hash],
          blockchainLogs: '[ 4][t 0][2024-10-30 23:27:06.996000][transaction.cpp:443]\tunpacking account 525D79B589F1D73B879432CD1A596C0F9C42CF460467BBB795DA5A20C021C138\n' +
            '[ 4][t 0][2024-10-30 23:27:06.996000][transaction.cpp:274]\tlast_paid=1732922826; cells=232 bits=84034 public_cells=0\n' +
            '[ 4][t 0][2024-10-30 23:27:06.996000][transaction.cpp:504]\tend of Account.unpack() for 0:525D79B589F1D73B879432CD1A596C0F9C42CF460467BBB795DA5A20C021C138 (balance = 2100000000ng ; last_trans_lt = 36000000..36000002)\n' +
            '[ 4][t 0][2024-10-30 23:27:06.996000][transaction.cpp:3655]\tblock random seed set to 0000000000000000000000000000000000000000000000000000000000000000\n' +
            '[ 4][t 0][2024-10-30 23:27:06.996000][transaction.cpp:1236]\tgas limits: max=1000000, limit=1000000, credit=0\n' +
            '[ 4][t 0][2024-10-30 23:27:06.996000][transaction.cpp:1575]\tin_msg_state is null\n' +
            '[ 4][t 0][2024-10-30 23:27:06.996000][transaction.cpp:1645]\tcreating VM\n' +
            '[ 4][t 0][2024-10-30 23:27:06.996000][transaction.cpp:1351]\tSmartContractInfo initialized with [ 124711402 0 0 1732922826 38000000 38000000 14068792954309835536948273256715513127174070948738620016199408580766834334284 [ 3060892531 (null) ] CS{Cell{0271c00525d79b589f1d73b879432cd1a596c0f9c42cf460467bbb795da5a20c021c1383d0c05210833a526e5000000000089544091f4add401340} bits: 1..268; refs: 0..0} C{A7EC01478F770EF8F8B037CC7E42F0ABF0D85A50E1828C2394DAD1411691F2DE} C{42B6F0E46484EFC57B9508F6BA7EF42E7512023D5CB4ED5628DD1C7755D16E9D} [ 960892531 (null) ] 0 (null) [ CS{Cell{004dd06600000000000000000000000080000000000000fa00000000000001f4000000000003d09040} bits: 9..305; refs: 0..0} (null) CS{Cell{0094d1000000000000006400000000000f4240de000000002710000000000000000f42400000000002160ec0000000000000271000000000002625a00000000005f5e100000000003b9aca00} bits: 0..592; refs: 0..0} CS{Cell{0094d100000000000000640000000000009c40de000000000190000000000000000f424000000000000f4240000000000000271000000000009896800000000005f5e100000000003b9aca00} bits: 0..592; refs: 0..0} CS{Cell{0042ea000000000098968000000000271000000000000f424000000001800055555555} bits: 0..264; refs: 0..0} CS{Cell{0042ea0000000000061a800000000001900000000000009c4000000001800055555555} bits: 0..264; refs: 0..0} (null) ] 0 (null) ]\n' +
            '[ 4][t 0][2024-10-30 23:27:06.996000][transaction.cpp:1675]\tstarting VM\n' +
            '[ 4][t 0][2024-10-30 23:27:06.998000][transaction.cpp:1680]\tVM terminated with exit code 0\n' +
            '[ 3][t 0][2024-10-30 23:27:06.998000][transaction.cpp:1702]\tsteps: 1985 gas: used=71998, max=1000000, limit=1000000, credit=0\n' +
            '[ 3][t 0][2024-10-30 23:27:06.998000][transaction.cpp:1704]\tout_of_gas=false, accepted=true, success=true, time=0.001712s\n' +
            '[ 4][t 0][2024-10-30 23:27:06.998000][transaction.cpp:1737]\tgas fees: 28799200 = 26214400 * 71998 /2^16 ; price=26214400; flat rate=[40000 for 100]; remaining balance=3032093331ng\n' +
            '[ 3][t 0][2024-10-30 23:27:06.998000][transaction.cpp:2678]\tin try_action_reserve_currency(0)\n' +
            '[ 4][t 0][2024-10-30 23:27:06.998000][transaction.cpp:2684]\taction_reserve_currency: mode=0, reserve=2100000000ng, balance=3032093331ng, original balance=2100000000ng\n' +
            '[ 3][t 0][2024-10-30 23:27:06.998000][transaction.cpp:2729]\tchanged remaining balance to 932093331ng, reserved balance to 2100000000ng\n' +
            '[ 4][t 0][2024-10-30 23:27:06.998000][transaction.cpp:2448]\tstorage paid for a message: 1 cells, 96 bits\n' +
            '[ 4][t 0][2024-10-30 23:27:06.998000][transaction.cpp:2452]\tcomputed fwd fees = 478400 + 0\n' +
            '[ 4][t 0][2024-10-30 23:27:06.998000][transaction.cpp:2448]\tstorage paid for a message: 1 cells, 96 bits\n' +
            '[ 4][t 0][2024-10-30 23:27:06.998000][transaction.cpp:2452]\tcomputed fwd fees = 478400 + 0\n' +
            '[ 4][t 0][2024-10-30 23:27:06.998000][transaction.cpp:2448]\tstorage paid for a message: 1 cells, 431 bits\n' +
            '[ 4][t 0][2024-10-30 23:27:06.998000][transaction.cpp:2452]\tcomputed fwd fees = 612400 + 0\n' +
            '[ 4][t 0][2024-10-30 23:27:06.998000][transaction.cpp:2448]\tstorage paid for a message: 27 cells, 6976 bits\n' +
            '[ 4][t 0][2024-10-30 23:27:06.998000][transaction.cpp:2452]\tcomputed fwd fees = 4270400 + 0\n',
          vmLogs: 'xecute EQUAL\n' +
            'execute THROWIF 137\n' +
            'execute PUSHPOW2 10\n' +
            'execute EQUAL\n' +
            'execute THROWIFNOT 136\n' +
            'execute STSLICER\n' +
            'execute ENDC\n' +
            'execute ROT\n' +
            'execute STREF\n' +
            'execute ENDC\n' +
            'execute SWAP\n' +
            'execute STREF\n' +
            'execute implicit RET\n' +
            'execute ENDC\n' +
            'execute POP c4\n' +
            'execute implicit RET\n',
          debugLogs: '',
          events: [Array],
          parent: [Object],
          children: [Array],
          externals: [Array]
        },
        children: [ [Object] ],
        externals: []
      },
      {
        address: 101852738109603725607761920797369865272772728943991090530178890834824226043772n,
        lt: 40000000n,
        prevTransactionHash: 25144174645840832582610196538593288453803964186070564719492095857612625168080n,
        prevTransactionLt: 27000000n,
        now: 1732922826,
        outMessagesCount: 1,
        oldStatus: 'active',
        endStatus: 'active',
        inMessage: { info: [Object], init: null, body: x{BC26F4C80000000000000001} },
        outMessages: Dictionary { _key: [Object], _value: [Object], _map: [Map] },
        totalFees: { coins: 5334831n },
        stateUpdate: {
          oldHash: <Buffer 85 19 a5 31 a7 b0 fc ab 3f d8 49 4a 2c 82 31 06 99 96 60 2a 21 9c 0e fa c0 e1 e1 84 06 2a 9f 16>,
          newHash: <Buffer a6 59 d6 80 03 2b 6f c6 70 eb 1e 0c 9c 01 18 3d b3 c2 0b 17 31 46 2d a1 f4 32 f9 c6 a4 c4 ac 24>
        },
        description: {
          type: 'generic',
          creditFirst: false,
          storagePhase: [Object],
          creditPhase: [Object],
          computePhase: [Object],
          actionPhase: [Object],
          bouncePhase: undefined,
          aborted: false,
          destroyed: false
        },
        raw: x{7E12E9B5A9ADF7C908B113242524E81F00F28287FE1829FB614C604014052777C0000000002625A003797193880CC2A50ABE7733DE78975C53E1FD8F04553ACD4DFE617B8411A46D000000000019BFCC0674A4DCA000346A2CE5E}
         x{E_}
          x{6800A4BAF36B13E3AE770F28659A34B2D81F38859E8C08CF776F2BB4B4418043827100384BA6D6A6B7DF2422C44C909493A07C03CA0A1FF860A7ED8531810050149DDF10101931000609BBB0000000000487AB04CE949B945E137A640000000000000000C_}
          x{DF_}
           x{6801C25D36B535BEF92116226484A49D03E01E5050FFC3053F6C298C080280A4EEF90014975E6D627C75CEE1E50CB346965B03E710B3D18119EEEDE57696883008704E101119EF88060DFF5E0000000004C4B402CE949B94C_}
            x{2A004A0500000000000000010000000000000000000000000000000000000000000000000000000000000000400B75A3E1A6460F415CE3721F308920C4B456F3B977F39EB26CED9155308A976CC}
         x{728519A531A7B0FCAB3FD8494A2C8231069996602A219C0EFAC0E1E184062A9F16A659D680032B6FC670EB1E0C9C01183DB3C20B1731462DA1F432F9C6A4C4AC24}
         x{04C4360789010193101867A1E811_}
          x{44E28C0A4D9000000000000000013D00000000000000000000000000000000000000000000000000000000000000000000000000000000000000000000000000000000000000000000000000000000}
          x{C9853FC04C0DFF44000000000002000000000003FFB2652E35979066CAC0633284C4E8042DB1FCB29F76FDFE1F06536CEE4DA4744090296C_},
        hash: [Function: hash],
        blockchainLogs: '[ 4][t 0][2024-10-30 23:27:07.005000][transaction.cpp:443]\tunpacking account E12E9B5A9ADF7C908B113242524E81F00F28287FE1829FB614C604014052777C\n' +
          '[ 4][t 0][2024-10-30 23:27:07.006000][transaction.cpp:274]\tlast_paid=1730330826; cells=30 bits=12911 public_cells=0\n' +
          '[ 4][t 0][2024-10-30 23:27:07.006000][transaction.cpp:504]\tend of Account.unpack() for 0:E12E9B5A9ADF7C908B113242524E81F00F28287FE1829FB614C604014052777C (balance = 10000000ng ; last_trans_lt = 27000000..27000002)\n' +
          '[ 4][t 0][2024-10-30 23:27:07.006000][transaction.cpp:3655]\tblock random seed set to 0000000000000000000000000000000000000000000000000000000000000000\n' +
          '[ 4][t 0][2024-10-30 23:27:07.006000][transaction.cpp:1236]\tgas limits: max=191044, limit=168804, credit=0\n' +
          '[ 4][t 0][2024-10-30 23:27:07.006000][transaction.cpp:1575]\tin_msg_state is null\n' +
          '[ 4][t 0][2024-10-30 23:27:07.006000][transaction.cpp:1645]\tcreating VM\n' +
          '[ 4][t 0][2024-10-30 23:27:07.006000][transaction.cpp:1351]\tSmartContractInfo initialized with [ 124711402 0 0 1732922826 40000000 40000000 43870772645377937883531240781324653013999287705787709612543318804107744319189 [ 76417698 (null) ] CS{Cell{026dc00e12e9b5a9adf7c908b113242524e81f00f28287fe1829fb614c604014052777c23c8c9bc33916065000000000066ff308e625a01340} bits: 1..268; refs: 0..0} C{A7EC01478F770EF8F8B037CC7E42F0ABF0D85A50E1828C2394DAD1411691F2DE} C{33BB148A451AD17F938AA7C476E48F2B79933715F13F1D58F9234A90730321A8} [ 67521600 (null) ] 1103902 (null) [ CS{Cell{004dd06600000000000000000000000080000000000000fa00000000000001f4000000000003d09040} bits: 9..305; refs: 0..0} (null) CS{Cell{0094d1000000000000006400000000000f4240de000000002710000000000000000f42400000000002160ec0000000000000271000000000002625a00000000005f5e100000000003b9aca00} bits: 0..592; refs: 0..0} CS{Cell{0094d100000000000000640000000000009c40de000000000190000000000000000f424000000000000f4240000000000000271000000000009896800000000005f5e100000000003b9aca00} bits: 0..592; refs: 0..0} CS{Cell{0042ea000000000098968000000000271000000000000f424000000001800055555555} bits: 0..264; refs: 0..0} CS{Cell{0042ea0000000000061a800000000001900000000000009c4000000001800055555555} bits: 0..264; refs: 0..0} (null) ] 0 (null) ]\n' +
          '[ 4][t 0][2024-10-30 23:27:07.006000][transaction.cpp:1675]\tstarting VM\n' +
          '[ 4][t 0][2024-10-30 23:27:07.006000][transaction.cpp:1680]\tVM terminated with exit code 0\n' +
          '[ 3][t 0][2024-10-30 23:27:07.006000][transaction.cpp:1702]\tsteps: 317 gas: used=10004, max=191044, limit=168804, credit=0\n' +
          '[ 3][t 0][2024-10-30 23:27:07.006000][transaction.cpp:1704]\tout_of_gas=false, accepted=true, success=true, time=0.000526s\n' +
          '[ 4][t 0][2024-10-30 23:27:07.006000][transaction.cpp:1737]\tgas fees: 4001600 = 26214400 * 10004 /2^16 ; price=26214400; flat rate=[40000 for 100]; remaining balance=72416098ng\n' +
          '[ 4][t 0][2024-10-30 23:27:07.006000][transaction.cpp:2448]\tstorage paid for a message: 1 cells, 620 bits\n' +
          '[ 4][t 0][2024-10-30 23:27:07.006000][transaction.cpp:2452]\tcomputed fwd fees = 688000 + 0\n',
        vmLogs: 'e implicit RET\n' +
          'execute OVER\n' +
          'execute ISNULL\n' +
          'execute NOT\n' +
          'execute PUSHCONT x7F01CA00CC\n' +
          'execute PUSHCONT x7032CA00\n' +
          'execute IFELSE\n' +
          'execute PUSHINT -1\n' +
          'execute SWAP\n' +
          'execute STI 1\n' +
          'execute STREF\n' +
          'execute implicit RET\n' +
          'execute ENDC\n' +
          'execute POP c4\n' +
          'execute implicit RET\n',
        debugLogs: '',
        events: [ [Object] ],
        parent: {
          address: 37254810366437813475271750514734067285117962570475561289538093995582013161784n,
          lt: 38000000n,
          prevTransactionHash: 84767820279864655208851749621696039134752270341460901803336622509227281318501n,
          prevTransactionLt: 36000000n,
          now: 1732922826,
          outMessagesCount: 4,
          oldStatus: 'active',
          endStatus: 'active',
          inMessage: [Object],
          outMessages: [Dictionary],
          totalFees: [Object],
          stateUpdate: [Object],
          description: [Object],
          raw: x{7525D79B589F1D73B879432CD1A596C0F9C42CF460467BBB795DA5A20C021C138000000000243D580BB68E2D39FD89F0849706CAE3112AEF2CF7EDC3D69F63315931455A8D9A182650000000002255100674A4DCA00094803B6BE68}
           x{E_}
            x{680173A49878148A4F6041C04B952AC2638BD6A1025222AF84BFAF2C3BE5A07436D50014975E6D627C75CEE1E50CB346965B03E710B3D18119EEEDE57696883008704E10E51839CC0610D45E0000000004692682CE949B945B43D58B8000000000000000000000004_}
             x{02202FAF080202FAF08021DCD65001CC4B4021DCD6500339160653397F7E53391606533A526E500000000800000004_}
              x{801028CD38D6A9FB165BB1D27554DCBBC8B7A064E07EF4C3832956828113614F545_}
            x{DB_}
             x{2_}
              x{2_}
               x{6800A4BAF36B13E3AE770F28659A34B2D81F38859E8C08CF776F2BB4B44180438271001F33C9E03834F86C2DA0166D0212C129A321D08D5D171B4080758BCF48863C4D90101931000609BBB0000000000487AB02CE949B94C_}
                x{BC26F4C80000000000000000}
              x{2_}
               x{6800A4BAF36B13E3AE770F28659A34B2D81F38859E8C08CF776F2BB4B4418043827100384BA6D6A6B7DF2422C44C909493A07C03CA0A1FF860A7ED8531810050149DDF10101931000609BBB0000000000487AB04CE949B94C_}
                x{BC26F4C80000000000000001}
             x{2_}
              x{2_}
               x{E00292EBCDAC4F8EB9DC3CA19668D2CB607CE2167A30233DDDBCAED2D106010E09C0000000000487AB06CE949B94C_}
                x{8B6D3812000000000000000000000000801028CD38D6A9FB165BB1D27554DCBBC8B7A064E07EF4C3832956828113614F544877359401_}
              x{2_}
               x{4800A4BAF36B13E3AE770F28659A34B2D81F38859E8C08CF776F2BB4B44180438271002E74930F029149EC08380972A5584C717AD4204A4455F097F5E5877CB40E86DA90BCA3A88C0656E1D8000000000487AB08CE949B95E_}
                x{34_}
                 x{FF00F4A413F4BCF2C80B}
                  x{62_}
                   x{D001D0D3030171B0A301FA400120D74981010BBAF2E08820D70B0A208104FFBAF2D0898309BAF2E088545053036F04F86102F862DB3C5512DB3CF2E082}
                    x{ED44D0D401F863D200018E2FD31FFA400120D74981010BBAF2E08820D70B0A208104FFBAF2D0898309BAF2E08801D2000191D4926D01E255206C13E0F828D70B0A8309BAF2E089810101D700FA400120D74981010BBAF2E08820D70B0A208104FFBAF2D0898309BAF2E0881202D101DB3C}
                     x{6D}
                    x{0192307FE07021D749C21F953020D70B1FDE208210AFE93535BA8F5130D31F018210AFE93535BAF2E081D33FFA400120D74981010BBAF2E08820D70B0A208104FFBAF2D0898309BAF2E08801D455206C1332820898968070FB024434DB3C30037083067055206D6D6DDB3C597FE0208210B8A3AA14BAE302}
                     x{F8425220C705F2E084}
                     x{C87101CA01500701CA007001CA02500520D74981010BBAF2E08820D70B0A208104FFBAF2D0898309BAF2E088CF165003FA027001CA68236EB3917F93246EB3E2973333017001CA00E30D216EB39C7F01CA0001206EF2D08001CC95317001CA00E2C901FB00}
                      x{7F01CA00C87001CA007001CA00246EB39D7F01CA0004206EF2D0805004CC9634037001CA00E2246EB39D7F01CA0004206EF2D0805004CC9634037001CA00E27001CA00027F01CA0002C958CC}
                     x{30D31F018210B8A3AA14BAF2E081D33FFA400120D74981010BBAF2E08820D70B0A208104FFBAF2D0898309BAF2E088126C12317020FB025520DB3C03708100A07055206D6D6DDB3C587F}
                      x{F8425220C705F2E084}
                      x{C87101CA01500701CA007001CA02500520D74981010BBAF2E08820D70B0A208104FFBAF2D0898309BAF2E088CF165003FA027001CA68236EB3917F93246EB3E2973333017001CA00E30D216EB39C7F01CA0001206EF2D08001CC95317001CA00E2C901FB00}
                       x{7F01CA00C87001CA007001CA00246EB39D7F01CA0004206EF2D0805004CC9634037001CA00E2246EB39D7F01CA0004206EF2D0805004CC9634037001CA00E27001CA00027F01CA0002C958CC}
                     x{8210E601F8E5BA8ECED31F018210E601F8E5BAF2E081D33F0131820898968070FB02F8416F2410235F037083067F25206EF2D080542580C855208210B687AB175004CB1F12CB3FCB1FCCC9103441301443306D6DDB3C7FE03070}
                      x{C87101CA01500701CA007001CA02500520D74981010BBAF2E08820D70B0A208104FFBAF2D0898309BAF2E088CF165003FA027001CA68236EB3917F93246EB3E2973333017001CA00E30D216EB39C7F01CA0001206EF2D08001CC95317001CA00E2C901FB00}
                       x{7F01CA00C87001CA007001CA00246EB39D7F01CA0004206EF2D0805004CC9634037001CA00E2246EB39D7F01CA0004206EF2D0805004CC9634037001CA00E27001CA00027F01CA0002C958CC}
                    x{C8F84301CC7F01CA0055205023CB1F0120D74981010BBAF2E08820D70B0A208104FFBAF2D0898309BAF2E088CF16216EB3957F01CA00CC947032CA00E2C9ED54}
                   x{2_}
                    x{BE28EED9E6D9E3618C_}
                     x{ED44D0D401F863D200018E2FD31FFA400120D74981010BBAF2E08820D70B0A208104FFBAF2D0898309BAF2E08801D2000191D4926D01E255206C13E0F828D70B0A8309BAF2E089810101D700FA400120D74981010BBAF2E08820D70B0A208104FFBAF2D0898309BAF2E0881202D101DB3C}
                      x{6D}
                     x{21}
                    x{2_}
                     x{4}
                      x{B1D8B6CF36CF1B0C6_}
                       x{ED44D0D401F863D200018E2FD31FFA400120D74981010BBAF2E08820D70B0A208104FFBAF2D0898309BAF2E08801D2000191D4926D01E255206C13E0F828D70B0A8309BAF2E089810101D700FA400120D74981010BBAF2E08820D70B0A208104FFBAF2D0898309BAF2E0881202D101DB3C}
                        x{6D}
                       x{20}
                      x{B36436CF36CF1B0C6_}
                       x{ED44D0D401F863D200018E2FD31FFA400120D74981010BBAF2E08820D70B0A208104FFBAF2D0898309BAF2E08801D2000191D4926D01E255206C13E0F828D70B0A8309BAF2E089810101D700FA400120D74981010BBAF2E08820D70B0A208104FFBAF2D0898309BAF2E0881202D101DB3C}
                        x{6D}
                       x{22}
                     x{B82BEED44D0D20001}
                 x{0000000000000000000000000000000000000000000000000000000000000000200292EBCDAC4F8EB9DC3CA19668D2CB607CE2167A30233DDDBCAED2D106010E09C4_}
                  x{C_}
                   x{A0838F_}
                    x{FF00F4A413F4BCF2C80B}
                     x{62_}
                      x{D001D0D3030171B0A301FA400120D74981010BBAF2E08820D70B0A208104FFBAF2D0898309BAF2E088545053036F04F86102F862DB3C5512DB3CF2E082}
                       x{ED44D0D401F863D200018E2FD31FFA400120D74981010BBAF2E08820D70B0A208104FFBAF2D0898309BAF2E08801D2000191D4926D01E255206C13E0F828D70B0A8309BAF2E089810101D700FA400120D74981010BBAF2E08820D70B0A208104FFBAF2D0898309BAF2E0881202D101DB3C}
                        x{6D}
                       x{0192307FE07021D749C21F953020D70B1FDE208210AFE93535BA8F5130D31F018210AFE93535BAF2E081D33FFA400120D74981010BBAF2E08820D70B0A208104FFBAF2D0898309BAF2E08801D455206C1332820898968070FB024434DB3C30037083067055206D6D6DDB3C597FE0208210B8A3AA14BAE302}
                        x{F8425220C705F2E084}
                        x{C87101CA01500701CA007001CA02500520D74981010BBAF2E08820D70B0A208104FFBAF2D0898309BAF2E088CF165003FA027001CA68236EB3917F93246EB3E2973333017001CA00E30D216EB39C7F01CA0001206EF2D08001CC95317001CA00E2C901FB00}
                         x{7F01CA00C87001CA007001CA00246EB39D7F01CA0004206EF2D0805004CC9634037001CA00E2246EB39D7F01CA0004206EF2D0805004CC9634037001CA00E27001CA00027F01CA0002C958CC}
                        x{30D31F018210B8A3AA14BAF2E081D33FFA400120D74981010BBAF2E08820D70B0A208104FFBAF2D0898309BAF2E088126C12317020FB025520DB3C03708100A07055206D6D6DDB3C587F}
                         x{F8425220C705F2E084}
                         x{C87101CA01500701CA007001CA02500520D74981010BBAF2E08820D70B0A208104FFBAF2D0898309BAF2E088CF165003FA027001CA68236EB3917F93246EB3E2973333017001CA00E30D216EB39C7F01CA0001206EF2D08001CC95317001CA00E2C901FB00}
                          x{7F01CA00C87001CA007001CA00246EB39D7F01CA0004206EF2D0805004CC9634037001CA00E2246EB39D7F01CA0004206EF2D0805004CC9634037001CA00E27001CA00027F01CA0002C958CC}
                        x{8210E601F8E5BA8ECED31F018210E601F8E5BAF2E081D33F0131820898968070FB02F8416F2410235F037083067F25206EF2D080542580C855208210B687AB175004CB1F12CB3FCB1FCCC9103441301443306D6DDB3C7FE03070}
                         x{C87101CA01500701CA007001CA02500520D74981010BBAF2E08820D70B0A208104FFBAF2D0898309BAF2E088CF165003FA027001CA68236EB3917F93246EB3E2973333017001CA00E30D216EB39C7F01CA0001206EF2D08001CC95317001CA00E2C901FB00}
                          x{7F01CA00C87001CA007001CA00246EB39D7F01CA0004206EF2D0805004CC9634037001CA00E2246EB39D7F01CA0004206EF2D0805004CC9634037001CA00E27001CA00027F01CA0002C958CC}
                       x{C8F84301CC7F01CA0055205023CB1F0120D74981010BBAF2E08820D70B0A208104FFBAF2D0898309BAF2E088CF16216EB3957F01CA00CC947032CA00E2C9ED54}
                      x{2_}
                       x{BE28EED9E6D9E3618C_}
                        x{ED44D0D401F863D200018E2FD31FFA400120D74981010BBAF2E08820D70B0A208104FFBAF2D0898309BAF2E08801D2000191D4926D01E255206C13E0F828D70B0A8309BAF2E089810101D700FA400120D74981010BBAF2E08820D70B0A208104FFBAF2D0898309BAF2E0881202D101DB3C}
                         x{6D}
                        x{21}
                       x{2_}
                        x{4}
                         x{B1D8B6CF36CF1B0C6_}
                          x{ED44D0D401F863D200018E2FD31FFA400120D74981010BBAF2E08820D70B0A208104FFBAF2D0898309BAF2E08801D2000191D4926D01E255206C13E0F828D70B0A8309BAF2E089810101D700FA400120D74981010BBAF2E08820D70B0A208104FFBAF2D0898309BAF2E0881202D101DB3C}
                           x{6D}
                          x{20}
                         x{B36436CF36CF1B0C6_}
                          x{ED44D0D401F863D200018E2FD31FFA400120D74981010BBAF2E08820D70B0A208104FFBAF2D0898309BAF2E08801D2000191D4926D01E255206C13E0F828D70B0A8309BAF2E089810101D700FA400120D74981010BBAF2E08820D70B0A208104FFBAF2D0898309BAF2E0881202D101DB3C}
                           x{6D}
                          x{22}
                        x{B82BEED44D0D20001}
                x{B8A3AA140000000000000000801D3E5E1B0970E52ABD4EA639AED542E118FE33D2F03FE072737A6B74A8FDC2C69_}
           x{72FEB0183F900CE1D007C63E5F1671DDC41E7647C7BB2EEAFCF1166E3A63F8FD572E88A004D7A048F485B76352F7DE14EC91D39BBAE1E1CA932AF30F5A9A914143}
           x{04090E51839CD88036EE1C11_}
            x{602327CC3D09000000000000000007C100000000000000000000000000000000000000000000000000000000000000000000000000000000000000000000000000000000000000000000000000000000}
            x{C9AC8D784C8FB95000000000000A0002000000086C667028F3CC35C5E1D1AEB75B20D68906AE33005305D31C6C00E378213282B048913B24_},
          hash: [Function: hash],
          blockchainLogs: '[ 4][t 0][2024-10-30 23:27:06.996000][transaction.cpp:443]\tunpacking account 525D79B589F1D73B879432CD1A596C0F9C42CF460467BBB795DA5A20C021C138\n' +
            '[ 4][t 0][2024-10-30 23:27:06.996000][transaction.cpp:274]\tlast_paid=1732922826; cells=232 bits=84034 public_cells=0\n' +
            '[ 4][t 0][2024-10-30 23:27:06.996000][transaction.cpp:504]\tend of Account.unpack() for 0:525D79B589F1D73B879432CD1A596C0F9C42CF460467BBB795DA5A20C021C138 (balance = 2100000000ng ; last_trans_lt = 36000000..36000002)\n' +
            '[ 4][t 0][2024-10-30 23:27:06.996000][transaction.cpp:3655]\tblock random seed set to 0000000000000000000000000000000000000000000000000000000000000000\n' +
            '[ 4][t 0][2024-10-30 23:27:06.996000][transaction.cpp:1236]\tgas limits: max=1000000, limit=1000000, credit=0\n' +
            '[ 4][t 0][2024-10-30 23:27:06.996000][transaction.cpp:1575]\tin_msg_state is null\n' +
            '[ 4][t 0][2024-10-30 23:27:06.996000][transaction.cpp:1645]\tcreating VM\n' +
            '[ 4][t 0][2024-10-30 23:27:06.996000][transaction.cpp:1351]\tSmartContractInfo initialized with [ 124711402 0 0 1732922826 38000000 38000000 14068792954309835536948273256715513127174070948738620016199408580766834334284 [ 3060892531 (null) ] CS{Cell{0271c00525d79b589f1d73b879432cd1a596c0f9c42cf460467bbb795da5a20c021c1383d0c05210833a526e5000000000089544091f4add401340} bits: 1..268; refs: 0..0} C{A7EC01478F770EF8F8B037CC7E42F0ABF0D85A50E1828C2394DAD1411691F2DE} C{42B6F0E46484EFC57B9508F6BA7EF42E7512023D5CB4ED5628DD1C7755D16E9D} [ 960892531 (null) ] 0 (null) [ CS{Cell{004dd06600000000000000000000000080000000000000fa00000000000001f4000000000003d09040} bits: 9..305; refs: 0..0} (null) CS{Cell{0094d1000000000000006400000000000f4240de000000002710000000000000000f42400000000002160ec0000000000000271000000000002625a00000000005f5e100000000003b9aca00} bits: 0..592; refs: 0..0} CS{Cell{0094d100000000000000640000000000009c40de000000000190000000000000000f424000000000000f4240000000000000271000000000009896800000000005f5e100000000003b9aca00} bits: 0..592; refs: 0..0} CS{Cell{0042ea000000000098968000000000271000000000000f424000000001800055555555} bits: 0..264; refs: 0..0} CS{Cell{0042ea0000000000061a800000000001900000000000009c4000000001800055555555} bits: 0..264; refs: 0..0} (null) ] 0 (null) ]\n' +
            '[ 4][t 0][2024-10-30 23:27:06.996000][transaction.cpp:1675]\tstarting VM\n' +
            '[ 4][t 0][2024-10-30 23:27:06.998000][transaction.cpp:1680]\tVM terminated with exit code 0\n' +
            '[ 3][t 0][2024-10-30 23:27:06.998000][transaction.cpp:1702]\tsteps: 1985 gas: used=71998, max=1000000, limit=1000000, credit=0\n' +
            '[ 3][t 0][2024-10-30 23:27:06.998000][transaction.cpp:1704]\tout_of_gas=false, accepted=true, success=true, time=0.001712s\n' +
            '[ 4][t 0][2024-10-30 23:27:06.998000][transaction.cpp:1737]\tgas fees: 28799200 = 26214400 * 71998 /2^16 ; price=26214400; flat rate=[40000 for 100]; remaining balance=3032093331ng\n' +
            '[ 3][t 0][2024-10-30 23:27:06.998000][transaction.cpp:2678]\tin try_action_reserve_currency(0)\n' +
            '[ 4][t 0][2024-10-30 23:27:06.998000][transaction.cpp:2684]\taction_reserve_currency: mode=0, reserve=2100000000ng, balance=3032093331ng, original balance=2100000000ng\n' +
            '[ 3][t 0][2024-10-30 23:27:06.998000][transaction.cpp:2729]\tchanged remaining balance to 932093331ng, reserved balance to 2100000000ng\n' +
            '[ 4][t 0][2024-10-30 23:27:06.998000][transaction.cpp:2448]\tstorage paid for a message: 1 cells, 96 bits\n' +
            '[ 4][t 0][2024-10-30 23:27:06.998000][transaction.cpp:2452]\tcomputed fwd fees = 478400 + 0\n' +
            '[ 4][t 0][2024-10-30 23:27:06.998000][transaction.cpp:2448]\tstorage paid for a message: 1 cells, 96 bits\n' +
            '[ 4][t 0][2024-10-30 23:27:06.998000][transaction.cpp:2452]\tcomputed fwd fees = 478400 + 0\n' +
            '[ 4][t 0][2024-10-30 23:27:06.998000][transaction.cpp:2448]\tstorage paid for a message: 1 cells, 431 bits\n' +
            '[ 4][t 0][2024-10-30 23:27:06.998000][transaction.cpp:2452]\tcomputed fwd fees = 612400 + 0\n' +
            '[ 4][t 0][2024-10-30 23:27:06.998000][transaction.cpp:2448]\tstorage paid for a message: 27 cells, 6976 bits\n' +
            '[ 4][t 0][2024-10-30 23:27:06.998000][transaction.cpp:2452]\tcomputed fwd fees = 4270400 + 0\n',
          vmLogs: 'xecute EQUAL\n' +
            'execute THROWIF 137\n' +
            'execute PUSHPOW2 10\n' +
            'execute EQUAL\n' +
            'execute THROWIFNOT 136\n' +
            'execute STSLICER\n' +
            'execute ENDC\n' +
            'execute ROT\n' +
            'execute STREF\n' +
            'execute ENDC\n' +
            'execute SWAP\n' +
            'execute STREF\n' +
            'execute implicit RET\n' +
            'execute ENDC\n' +
            'execute POP c4\n' +
            'execute implicit RET\n',
          debugLogs: '',
          events: [Array],
          parent: [Object],
          children: [Array],
          externals: [Array]
        },
        children: [ [Object] ],
        externals: []
      },
      {
        address: 84049441022908470316622795825605090351520748406577698494615284512509455375210n,
        lt: 41000000n,
        prevTransactionHash: 33021716547981862440656340687561144000873425035681901986472342987682038761591n,
        prevTransactionLt: 37000000n,
        now: 1732922826,
        outMessagesCount: 1,
        oldStatus: 'active',
        endStatus: 'non-existing',
        inMessage: {
          info: [Object],
          init: [Object],
          body: x{B8A3AA140000000000000000801D3E5E1B0970E52ABD4EA639AED542E118FE33D2F03FE072737A6B74A8FDC2C69_}
        },
        outMessages: Dictionary { _key: [Object], _value: [Object], _map: [Map] },
        totalFees: { coins: 3532131n },
        stateUpdate: {
          oldHash: <Buffer 6c b0 ba f1 b7 a4 79 f0 66 15 c9 b2 f7 94 74 23 b8 e1 d7 3b e7 af b9 38 50 a4 9b 3c 39 92 99 a0>,
          newHash: <Buffer 90 ae c8 96 5a fa bb 16 eb c3 cb 9b 40 8e ba e7 1b 61 8d 78 78 8b c8 0d 09 84 35 93 ca c9 8d a4>
        },
        description: {
          type: 'generic',
          creditFirst: true,
          storagePhase: [Object],
          creditPhase: [Object],
          computePhase: [Object],
          actionPhase: [Object],
          bouncePhase: undefined,
          aborted: false,
          destroyed: true
        },
        raw: x{7B9D24C3C0A4527B020E025CA956131C5EB5081291157C25FD7961DF2D03A1B6A0000000002719C404901A11542A3A115B5EF11D07B4614DDFC5894B79479679F8B350B6067E148770000000002349340674A4DCA0003666BCAC6}
         x{E_}
          x{4800A4BAF36B13E3AE770F28659A34B2D81F38859E8C08CF776F2BB4B44180438271002E74930F029149EC08380972A5584C717AD4204A4455F097F5E5877CB40E86DA90BCA3A88C0656E1D8000000000487AB08CE949B95E_}
           x{34_}
            x{FF00F4A413F4BCF2C80B}
             x{62_}
              x{D001D0D3030171B0A301FA400120D74981010BBAF2E08820D70B0A208104FFBAF2D0898309BAF2E088545053036F04F86102F862DB3C5512DB3CF2E082}
               x{ED44D0D401F863D200018E2FD31FFA400120D74981010BBAF2E08820D70B0A208104FFBAF2D0898309BAF2E08801D2000191D4926D01E255206C13E0F828D70B0A8309BAF2E089810101D700FA400120D74981010BBAF2E08820D70B0A208104FFBAF2D0898309BAF2E0881202D101DB3C}
                x{6D}
               x{0192307FE07021D749C21F953020D70B1FDE208210AFE93535BA8F5130D31F018210AFE93535BAF2E081D33FFA400120D74981010BBAF2E08820D70B0A208104FFBAF2D0898309BAF2E08801D455206C1332820898968070FB024434DB3C30037083067055206D6D6DDB3C597FE0208210B8A3AA14BAE302}
                x{F8425220C705F2E084}
                x{C87101CA01500701CA007001CA02500520D74981010BBAF2E08820D70B0A208104FFBAF2D0898309BAF2E088CF165003FA027001CA68236EB3917F93246EB3E2973333017001CA00E30D216EB39C7F01CA0001206EF2D08001CC95317001CA00E2C901FB00}
                 x{7F01CA00C87001CA007001CA00246EB39D7F01CA0004206EF2D0805004CC9634037001CA00E2246EB39D7F01CA0004206EF2D0805004CC9634037001CA00E27001CA00027F01CA0002C958CC}
                x{30D31F018210B8A3AA14BAF2E081D33FFA400120D74981010BBAF2E08820D70B0A208104FFBAF2D0898309BAF2E088126C12317020FB025520DB3C03708100A07055206D6D6DDB3C587F}
                 x{F8425220C705F2E084}
                 x{C87101CA01500701CA007001CA02500520D74981010BBAF2E08820D70B0A208104FFBAF2D0898309BAF2E088CF165003FA027001CA68236EB3917F93246EB3E2973333017001CA00E30D216EB39C7F01CA0001206EF2D08001CC95317001CA00E2C901FB00}
                  x{7F01CA00C87001CA007001CA00246EB39D7F01CA0004206EF2D0805004CC9634037001CA00E2246EB39D7F01CA0004206EF2D0805004CC9634037001CA00E27001CA00027F01CA0002C958CC}
                x{8210E601F8E5BA8ECED31F018210E601F8E5BAF2E081D33F0131820898968070FB02F8416F2410235F037083067F25206EF2D080542580C855208210B687AB175004CB1F12CB3FCB1FCCC9103441301443306D6DDB3C7FE03070}
                 x{C87101CA01500701CA007001CA02500520D74981010BBAF2E08820D70B0A208104FFBAF2D0898309BAF2E088CF165003FA027001CA68236EB3917F93246EB3E2973333017001CA00E30D216EB39C7F01CA0001206EF2D08001CC95317001CA00E2C901FB00}
                  x{7F01CA00C87001CA007001CA00246EB39D7F01CA0004206EF2D0805004CC9634037001CA00E2246EB39D7F01CA0004206EF2D0805004CC9634037001CA00E27001CA00027F01CA0002C958CC}
               x{C8F84301CC7F01CA0055205023CB1F0120D74981010BBAF2E08820D70B0A208104FFBAF2D0898309BAF2E088CF16216EB3957F01CA00CC947032CA00E2C9ED54}
              x{2_}
               x{BE28EED9E6D9E3618C_}
                x{ED44D0D401F863D200018E2FD31FFA400120D74981010BBAF2E08820D70B0A208104FFBAF2D0898309BAF2E08801D2000191D4926D01E255206C13E0F828D70B0A8309BAF2E089810101D700FA400120D74981010BBAF2E08820D70B0A208104FFBAF2D0898309BAF2E0881202D101DB3C}
                 x{6D}
                x{21}
               x{2_}
                x{4}
                 x{B1D8B6CF36CF1B0C6_}
                  x{ED44D0D401F863D200018E2FD31FFA400120D74981010BBAF2E08820D70B0A208104FFBAF2D0898309BAF2E08801D2000191D4926D01E255206C13E0F828D70B0A8309BAF2E089810101D700FA400120D74981010BBAF2E08820D70B0A208104FFBAF2D0898309BAF2E0881202D101DB3C}
                   x{6D}
                  x{20}
                 x{B36436CF36CF1B0C6_}
                  x{ED44D0D401F863D200018E2FD31FFA400120D74981010BBAF2E08820D70B0A208104FFBAF2D0898309BAF2E08801D2000191D4926D01E255206C13E0F828D70B0A8309BAF2E089810101D700FA400120D74981010BBAF2E08820D70B0A208104FFBAF2D0898309BAF2E0881202D101DB3C}
                   x{6D}
                  x{22}
                x{B82BEED44D0D20001}
            x{0000000000000000000000000000000000000000000000000000000000000000200292EBCDAC4F8EB9DC3CA19668D2CB607CE2167A30233DDDBCAED2D106010E09C4_}
             x{C_}
              x{A0838F_}
               x{FF00F4A413F4BCF2C80B}
                x{62_}
                 x{D001D0D3030171B0A301FA400120D74981010BBAF2E08820D70B0A208104FFBAF2D0898309BAF2E088545053036F04F86102F862DB3C5512DB3CF2E082}
                  x{ED44D0D401F863D200018E2FD31FFA400120D74981010BBAF2E08820D70B0A208104FFBAF2D0898309BAF2E08801D2000191D4926D01E255206C13E0F828D70B0A8309BAF2E089810101D700FA400120D74981010BBAF2E08820D70B0A208104FFBAF2D0898309BAF2E0881202D101DB3C}
                   x{6D}
                  x{0192307FE07021D749C21F953020D70B1FDE208210AFE93535BA8F5130D31F018210AFE93535BAF2E081D33FFA400120D74981010BBAF2E08820D70B0A208104FFBAF2D0898309BAF2E08801D455206C1332820898968070FB024434DB3C30037083067055206D6D6DDB3C597FE0208210B8A3AA14BAE302}
                   x{F8425220C705F2E084}
                   x{C87101CA01500701CA007001CA02500520D74981010BBAF2E08820D70B0A208104FFBAF2D0898309BAF2E088CF165003FA027001CA68236EB3917F93246EB3E2973333017001CA00E30D216EB39C7F01CA0001206EF2D08001CC95317001CA00E2C901FB00}
                    x{7F01CA00C87001CA007001CA00246EB39D7F01CA0004206EF2D0805004CC9634037001CA00E2246EB39D7F01CA0004206EF2D0805004CC9634037001CA00E27001CA00027F01CA0002C958CC}
                   x{30D31F018210B8A3AA14BAF2E081D33FFA400120D74981010BBAF2E08820D70B0A208104FFBAF2D0898309BAF2E088126C12317020FB025520DB3C03708100A07055206D6D6DDB3C587F}
                    x{F8425220C705F2E084}
                    x{C87101CA01500701CA007001CA02500520D74981010BBAF2E08820D70B0A208104FFBAF2D0898309BAF2E088CF165003FA027001CA68236EB3917F93246EB3E2973333017001CA00E30D216EB39C7F01CA0001206EF2D08001CC95317001CA00E2C901FB00}
                     x{7F01CA00C87001CA007001CA00246EB39D7F01CA0004206EF2D0805004CC9634037001CA00E2246EB39D7F01CA0004206EF2D0805004CC9634037001CA00E27001CA00027F01CA0002C958CC}
                   x{8210E601F8E5BA8ECED31F018210E601F8E5BAF2E081D33F0131820898968070FB02F8416F2410235F037083067F25206EF2D080542580C855208210B687AB175004CB1F12CB3FCB1FCCC9103441301443306D6DDB3C7FE03070}
                    x{C87101CA01500701CA007001CA02500520D74981010BBAF2E08820D70B0A208104FFBAF2D0898309BAF2E088CF165003FA027001CA68236EB3917F93246EB3E2973333017001CA00E30D216EB39C7F01CA0001206EF2D08001CC95317001CA00E2C901FB00}
                     x{7F01CA00C87001CA007001CA00246EB39D7F01CA0004206EF2D0805004CC9634037001CA00E2246EB39D7F01CA0004206EF2D0805004CC9634037001CA00E27001CA00027F01CA0002C958CC}
                  x{C8F84301CC7F01CA0055205023CB1F0120D74981010BBAF2E08820D70B0A208104FFBAF2D0898309BAF2E088CF16216EB3957F01CA00CC947032CA00E2C9ED54}
                 x{2_}
                  x{BE28EED9E6D9E3618C_}
                   x{ED44D0D401F863D200018E2FD31FFA400120D74981010BBAF2E08820D70B0A208104FFBAF2D0898309BAF2E08801D2000191D4926D01E255206C13E0F828D70B0A8309BAF2E089810101D700FA400120D74981010BBAF2E08820D70B0A208104FFBAF2D0898309BAF2E0881202D101DB3C}
                    x{6D}
                   x{21}
                  x{2_}
                   x{4}
                    x{B1D8B6CF36CF1B0C6_}
                     x{ED44D0D401F863D200018E2FD31FFA400120D74981010BBAF2E08820D70B0A208104FFBAF2D0898309BAF2E08801D2000191D4926D01E255206C13E0F828D70B0A8309BAF2E089810101D700FA400120D74981010BBAF2E08820D70B0A208104FFBAF2D0898309BAF2E0881202D101DB3C}
                      x{6D}
                     x{20}
                    x{B36436CF36CF1B0C6_}
                     x{ED44D0D401F863D200018E2FD31FFA400120D74981010BBAF2E08820D70B0A208104FFBAF2D0898309BAF2E08801D2000191D4926D01E255206C13E0F828D70B0A8309BAF2E089810101D700FA400120D74981010BBAF2E08820D70B0A208104FFBAF2D0898309BAF2E0881202D101DB3C}
                      x{6D}
                     x{22}
                   x{B82BEED44D0D20001}
           x{B8A3AA140000000000000000801D3E5E1B0970E52ABD4EA639AED542E118FE33D2F03FE072737A6B74A8FDC2C69_}
          x{DF_}
           x{480173A49878148A4F6041C04B952AC2638BD6A1025222AF84BFAF2C3BE5A07436D5003A7CBC3612E1CA557A9D4C735DAA85C231FC67A5E07FC0E4E6F4D6E951FB858D10BE1E264C0608235A0000000004E33882CE949B944_}
         x{726CB0BAF1B7A479F06615C9B2F7947423B8E1D73BE7AFB93850A49B3C399299A090AEC8965AFABB16EBC3CB9B408EBAE71B618D78788BC80D09843593CAC98DA4}
         x{0C090BCA3A88D8667B9213_}
          x{44262C3D09000000000000000000FA00000000000000000000000000000000000000000000000000000000000000000000000000000000000000000000000000000000000000000000000000000000}
          x{DCC186A0260411A6000000000002000100000001F01808E7C65384854FD0A4F77793F95695733B675EB306C4FAC3CFF546A3D22720280B06_},
        hash: [Function: hash],
        blockchainLogs: '[ 4][t 0][2024-10-30 23:27:07.009000][transaction.cpp:443]\tunpacking account B9D24C3C0A4527B020E025CA956131C5EB5081291157C25FD7961DF2D03A1B6A\n' +
          '[ 4][t 0][2024-10-30 23:27:07.009000][transaction.cpp:274]\tlast_paid=1732922826; cells=28 bits=7123 public_cells=0\n' +
          '[ 4][t 0][2024-10-30 23:27:07.009000][transaction.cpp:504]\tend of Account.unpack() for 0:B9D24C3C0A4527B020E025CA956131C5EB5081291157C25FD7961DF2D03A1B6A (balance = 10000000ng ; last_trans_lt = 37000000..37000002)\n' +
          '[ 4][t 0][2024-10-30 23:27:07.009000][transaction.cpp:3655]\tblock random seed set to 0000000000000000000000000000000000000000000000000000000000000000\n' +
          '[ 4][t 0][2024-10-30 23:27:07.009000][transaction.cpp:1236]\tgas limits: max=1000000, limit=1000000, credit=0\n' +
          '[ 4][t 0][2024-10-30 23:27:07.009000][transaction.cpp:1571]\tHASH(in_msg_state) = B9D24C3C0A4527B020E025CA956131C5EB5081291157C25FD7961DF2D03A1B6A, account_state_hash = 0000000000000000000000000000000000000000000000000000000000000000\n' +
          '[ 4][t 0][2024-10-30 23:27:07.009000][transaction.cpp:1645]\tcreating VM\n' +
          '[ 4][t 0][2024-10-30 23:27:07.009000][transaction.cpp:1351]\tSmartContractInfo initialized with [ 124711402 0 0 1732922826 41000000 41000000 84630195367514639409622924175749312199831056191303332875639359062248049886761 [ 801210531 (null) ] CS{Cell{026dc00b9d24c3c0a4527b020e025ca956131c5eb5081291157c25fd7961df2d03a1b6a23886f4c33a526e500000000008d24d08e625a01340} bits: 1..268; refs: 0..0} C{A7EC01478F770EF8F8B037CC7E42F0ABF0D85A50E1828C2394DAD1411691F2DE} C{F2179DCD5CFD8A1E113288591FFB7A5E10E107D0D2C36DF69E40398023DAA7B1} [ 791210531 (null) ] 0 (null) [ CS{Cell{004dd06600000000000000000000000080000000000000fa00000000000001f4000000000003d09040} bits: 9..305; refs: 0..0} (null) CS{Cell{0094d1000000000000006400000000000f4240de000000002710000000000000000f42400000000002160ec0000000000000271000000000002625a00000000005f5e100000000003b9aca00} bits: 0..592; refs: 0..0} CS{Cell{0094d100000000000000640000000000009c40de000000000190000000000000000f424000000000000f4240000000000000271000000000009896800000000005f5e100000000003b9aca00} bits: 0..592; refs: 0..0} CS{Cell{0042ea000000000098968000000000271000000000000f424000000001800055555555} bits: 0..264; refs: 0..0} CS{Cell{0042ea0000000000061a800000000001900000000000009c4000000001800055555555} bits: 0..264; refs: 0..0} (null) ] 0 (null) ]\n' +
          '[ 4][t 0][2024-10-30 23:27:07.009000][transaction.cpp:1675]\tstarting VM\n' +
          '[ 4][t 0][2024-10-30 23:27:07.009000][transaction.cpp:1680]\tVM terminated with exit code 0\n' +
          '[ 3][t 0][2024-10-30 23:27:07.009000][transaction.cpp:1702]\tsteps: 250 gas: used=8497, max=1000000, limit=1000000, credit=0\n' +
          '[ 3][t 0][2024-10-30 23:27:07.009000][transaction.cpp:1704]\tout_of_gas=false, accepted=true, success=true, time=0.000400s\n' +
          '[ 4][t 0][2024-10-30 23:27:07.009000][transaction.cpp:1737]\tgas fees: 3398800 = 26214400 * 8497 /2^16 ; price=26214400; flat rate=[40000 for 100]; remaining balance=797811731ng\n' +
          '[ 3][t 0][2024-10-30 23:27:07.009000][transaction.cpp:2678]\tin try_action_reserve_currency(0)\n' +
          '[ 4][t 0][2024-10-30 23:27:07.009000][transaction.cpp:2684]\taction_reserve_currency: mode=0, reserve=0ng, balance=797811731ng, original balance=10000000ng\n' +
          '[ 3][t 0][2024-10-30 23:27:07.009000][transaction.cpp:2729]\tchanged remaining balance to 797811731ng, reserved balance to 0ng\n' +
          '[ 4][t 0][2024-10-30 23:27:07.009000][transaction.cpp:2448]\tstorage paid for a message: 0 cells, 0 bits\n' +
          '[ 4][t 0][2024-10-30 23:27:07.010000][transaction.cpp:2452]\tcomputed fwd fees = 400000 + 0\n',
        vmLogs: 'ecute STSLICER\n' +
          'execute OVER\n' +
          'execute ISNULL\n' +
          'execute NOT\n' +
          'execute PUSHCONT x7F01CA00CC\n' +
          'execute PUSHCONT x7032CA00\n' +
          'execute IFELSE\n' +
          'execute PUSHINT -1\n' +
          'execute SWAP\n' +
          'execute STI 1\n' +
          'execute STREF\n' +
          'execute implicit RET\n' +
          'execute ENDC\n' +
          'execute POP c4\n' +
          'execute implicit RET\n',
        debugLogs: '',
        events: [ [Object], [Object] ],
        parent: {
          address: 37254810366437813475271750514734067285117962570475561289538093995582013161784n,
          lt: 38000000n,
          prevTransactionHash: 84767820279864655208851749621696039134752270341460901803336622509227281318501n,
          prevTransactionLt: 36000000n,
          now: 1732922826,
          outMessagesCount: 4,
          oldStatus: 'active',
          endStatus: 'active',
          inMessage: [Object],
          outMessages: [Dictionary],
          totalFees: [Object],
          stateUpdate: [Object],
          description: [Object],
          raw: x{7525D79B589F1D73B879432CD1A596C0F9C42CF460467BBB795DA5A20C021C138000000000243D580BB68E2D39FD89F0849706CAE3112AEF2CF7EDC3D69F63315931455A8D9A182650000000002255100674A4DCA00094803B6BE68}
           x{E_}
            x{680173A49878148A4F6041C04B952AC2638BD6A1025222AF84BFAF2C3BE5A07436D50014975E6D627C75CEE1E50CB346965B03E710B3D18119EEEDE57696883008704E10E51839CC0610D45E0000000004692682CE949B945B43D58B8000000000000000000000004_}
             x{02202FAF080202FAF08021DCD65001CC4B4021DCD6500339160653397F7E53391606533A526E500000000800000004_}
              x{801028CD38D6A9FB165BB1D27554DCBBC8B7A064E07EF4C3832956828113614F545_}
            x{DB_}
             x{2_}
              x{2_}
               x{6800A4BAF36B13E3AE770F28659A34B2D81F38859E8C08CF776F2BB4B44180438271001F33C9E03834F86C2DA0166D0212C129A321D08D5D171B4080758BCF48863C4D90101931000609BBB0000000000487AB02CE949B94C_}
                x{BC26F4C80000000000000000}
              x{2_}
               x{6800A4BAF36B13E3AE770F28659A34B2D81F38859E8C08CF776F2BB4B4418043827100384BA6D6A6B7DF2422C44C909493A07C03CA0A1FF860A7ED8531810050149DDF10101931000609BBB0000000000487AB04CE949B94C_}
                x{BC26F4C80000000000000001}
             x{2_}
              x{2_}
               x{E00292EBCDAC4F8EB9DC3CA19668D2CB607CE2167A30233DDDBCAED2D106010E09C0000000000487AB06CE949B94C_}
                x{8B6D3812000000000000000000000000801028CD38D6A9FB165BB1D27554DCBBC8B7A064E07EF4C3832956828113614F544877359401_}
              x{2_}
               x{4800A4BAF36B13E3AE770F28659A34B2D81F38859E8C08CF776F2BB4B44180438271002E74930F029149EC08380972A5584C717AD4204A4455F097F5E5877CB40E86DA90BCA3A88C0656E1D8000000000487AB08CE949B95E_}
                x{34_}
                 x{FF00F4A413F4BCF2C80B}
                  x{62_}
                   x{D001D0D3030171B0A301FA400120D74981010BBAF2E08820D70B0A208104FFBAF2D0898309BAF2E088545053036F04F86102F862DB3C5512DB3CF2E082}
                    x{ED44D0D401F863D200018E2FD31FFA400120D74981010BBAF2E08820D70B0A208104FFBAF2D0898309BAF2E08801D2000191D4926D01E255206C13E0F828D70B0A8309BAF2E089810101D700FA400120D74981010BBAF2E08820D70B0A208104FFBAF2D0898309BAF2E0881202D101DB3C}
                     x{6D}
                    x{0192307FE07021D749C21F953020D70B1FDE208210AFE93535BA8F5130D31F018210AFE93535BAF2E081D33FFA400120D74981010BBAF2E08820D70B0A208104FFBAF2D0898309BAF2E08801D455206C1332820898968070FB024434DB3C30037083067055206D6D6DDB3C597FE0208210B8A3AA14BAE302}
                     x{F8425220C705F2E084}
                     x{C87101CA01500701CA007001CA02500520D74981010BBAF2E08820D70B0A208104FFBAF2D0898309BAF2E088CF165003FA027001CA68236EB3917F93246EB3E2973333017001CA00E30D216EB39C7F01CA0001206EF2D08001CC95317001CA00E2C901FB00}
                      x{7F01CA00C87001CA007001CA00246EB39D7F01CA0004206EF2D0805004CC9634037001CA00E2246EB39D7F01CA0004206EF2D0805004CC9634037001CA00E27001CA00027F01CA0002C958CC}
                     x{30D31F018210B8A3AA14BAF2E081D33FFA400120D74981010BBAF2E08820D70B0A208104FFBAF2D0898309BAF2E088126C12317020FB025520DB3C03708100A07055206D6D6DDB3C587F}
                      x{F8425220C705F2E084}
                      x{C87101CA01500701CA007001CA02500520D74981010BBAF2E08820D70B0A208104FFBAF2D0898309BAF2E088CF165003FA027001CA68236EB3917F93246EB3E2973333017001CA00E30D216EB39C7F01CA0001206EF2D08001CC95317001CA00E2C901FB00}
                       x{7F01CA00C87001CA007001CA00246EB39D7F01CA0004206EF2D0805004CC9634037001CA00E2246EB39D7F01CA0004206EF2D0805004CC9634037001CA00E27001CA00027F01CA0002C958CC}
                     x{8210E601F8E5BA8ECED31F018210E601F8E5BAF2E081D33F0131820898968070FB02F8416F2410235F037083067F25206EF2D080542580C855208210B687AB175004CB1F12CB3FCB1FCCC9103441301443306D6DDB3C7FE03070}
                      x{C87101CA01500701CA007001CA02500520D74981010BBAF2E08820D70B0A208104FFBAF2D0898309BAF2E088CF165003FA027001CA68236EB3917F93246EB3E2973333017001CA00E30D216EB39C7F01CA0001206EF2D08001CC95317001CA00E2C901FB00}
                       x{7F01CA00C87001CA007001CA00246EB39D7F01CA0004206EF2D0805004CC9634037001CA00E2246EB39D7F01CA0004206EF2D0805004CC9634037001CA00E27001CA00027F01CA0002C958CC}
                    x{C8F84301CC7F01CA0055205023CB1F0120D74981010BBAF2E08820D70B0A208104FFBAF2D0898309BAF2E088CF16216EB3957F01CA00CC947032CA00E2C9ED54}
                   x{2_}
                    x{BE28EED9E6D9E3618C_}
                     x{ED44D0D401F863D200018E2FD31FFA400120D74981010BBAF2E08820D70B0A208104FFBAF2D0898309BAF2E08801D2000191D4926D01E255206C13E0F828D70B0A8309BAF2E089810101D700FA400120D74981010BBAF2E08820D70B0A208104FFBAF2D0898309BAF2E0881202D101DB3C}
                      x{6D}
                     x{21}
                    x{2_}
                     x{4}
                      x{B1D8B6CF36CF1B0C6_}
                       x{ED44D0D401F863D200018E2FD31FFA400120D74981010BBAF2E08820D70B0A208104FFBAF2D0898309BAF2E08801D2000191D4926D01E255206C13E0F828D70B0A8309BAF2E089810101D700FA400120D74981010BBAF2E08820D70B0A208104FFBAF2D0898309BAF2E0881202D101DB3C}
                        x{6D}
                       x{20}
                      x{B36436CF36CF1B0C6_}
                       x{ED44D0D401F863D200018E2FD31FFA400120D74981010BBAF2E08820D70B0A208104FFBAF2D0898309BAF2E08801D2000191D4926D01E255206C13E0F828D70B0A8309BAF2E089810101D700FA400120D74981010BBAF2E08820D70B0A208104FFBAF2D0898309BAF2E0881202D101DB3C}
                        x{6D}
                       x{22}
                     x{B82BEED44D0D20001}
                 x{0000000000000000000000000000000000000000000000000000000000000000200292EBCDAC4F8EB9DC3CA19668D2CB607CE2167A30233DDDBCAED2D106010E09C4_}
                  x{C_}
                   x{A0838F_}
                    x{FF00F4A413F4BCF2C80B}
                     x{62_}
                      x{D001D0D3030171B0A301FA400120D74981010BBAF2E08820D70B0A208104FFBAF2D0898309BAF2E088545053036F04F86102F862DB3C5512DB3CF2E082}
                       x{ED44D0D401F863D200018E2FD31FFA400120D74981010BBAF2E08820D70B0A208104FFBAF2D0898309BAF2E08801D2000191D4926D01E255206C13E0F828D70B0A8309BAF2E089810101D700FA400120D74981010BBAF2E08820D70B0A208104FFBAF2D0898309BAF2E0881202D101DB3C}
                        x{6D}
                       x{0192307FE07021D749C21F953020D70B1FDE208210AFE93535BA8F5130D31F018210AFE93535BAF2E081D33FFA400120D74981010BBAF2E08820D70B0A208104FFBAF2D0898309BAF2E08801D455206C1332820898968070FB024434DB3C30037083067055206D6D6DDB3C597FE0208210B8A3AA14BAE302}
                        x{F8425220C705F2E084}
                        x{C87101CA01500701CA007001CA02500520D74981010BBAF2E08820D70B0A208104FFBAF2D0898309BAF2E088CF165003FA027001CA68236EB3917F93246EB3E2973333017001CA00E30D216EB39C7F01CA0001206EF2D08001CC95317001CA00E2C901FB00}
                         x{7F01CA00C87001CA007001CA00246EB39D7F01CA0004206EF2D0805004CC9634037001CA00E2246EB39D7F01CA0004206EF2D0805004CC9634037001CA00E27001CA00027F01CA0002C958CC}
                        x{30D31F018210B8A3AA14BAF2E081D33FFA400120D74981010BBAF2E08820D70B0A208104FFBAF2D0898309BAF2E088126C12317020FB025520DB3C03708100A07055206D6D6DDB3C587F}
                         x{F8425220C705F2E084}
                         x{C87101CA01500701CA007001CA02500520D74981010BBAF2E08820D70B0A208104FFBAF2D0898309BAF2E088CF165003FA027001CA68236EB3917F93246EB3E2973333017001CA00E30D216EB39C7F01CA0001206EF2D08001CC95317001CA00E2C901FB00}
                          x{7F01CA00C87001CA007001CA00246EB39D7F01CA0004206EF2D0805004CC9634037001CA00E2246EB39D7F01CA0004206EF2D0805004CC9634037001CA00E27001CA00027F01CA0002C958CC}
                        x{8210E601F8E5BA8ECED31F018210E601F8E5BAF2E081D33F0131820898968070FB02F8416F2410235F037083067F25206EF2D080542580C855208210B687AB175004CB1F12CB3FCB1FCCC9103441301443306D6DDB3C7FE03070}
                         x{C87101CA01500701CA007001CA02500520D74981010BBAF2E08820D70B0A208104FFBAF2D0898309BAF2E088CF165003FA027001CA68236EB3917F93246EB3E2973333017001CA00E30D216EB39C7F01CA0001206EF2D08001CC95317001CA00E2C901FB00}
                          x{7F01CA00C87001CA007001CA00246EB39D7F01CA0004206EF2D0805004CC9634037001CA00E2246EB39D7F01CA0004206EF2D0805004CC9634037001CA00E27001CA00027F01CA0002C958CC}
                       x{C8F84301CC7F01CA0055205023CB1F0120D74981010BBAF2E08820D70B0A208104FFBAF2D0898309BAF2E088CF16216EB3957F01CA00CC947032CA00E2C9ED54}
                      x{2_}
                       x{BE28EED9E6D9E3618C_}
                        x{ED44D0D401F863D200018E2FD31FFA400120D74981010BBAF2E08820D70B0A208104FFBAF2D0898309BAF2E08801D2000191D4926D01E255206C13E0F828D70B0A8309BAF2E089810101D700FA400120D74981010BBAF2E08820D70B0A208104FFBAF2D0898309BAF2E0881202D101DB3C}
                         x{6D}
                        x{21}
                       x{2_}
                        x{4}
                         x{B1D8B6CF36CF1B0C6_}
                          x{ED44D0D401F863D200018E2FD31FFA400120D74981010BBAF2E08820D70B0A208104FFBAF2D0898309BAF2E08801D2000191D4926D01E255206C13E0F828D70B0A8309BAF2E089810101D700FA400120D74981010BBAF2E08820D70B0A208104FFBAF2D0898309BAF2E0881202D101DB3C}
                           x{6D}
                          x{20}
                         x{B36436CF36CF1B0C6_}
                          x{ED44D0D401F863D200018E2FD31FFA400120D74981010BBAF2E08820D70B0A208104FFBAF2D0898309BAF2E08801D2000191D4926D01E255206C13E0F828D70B0A8309BAF2E089810101D700FA400120D74981010BBAF2E08820D70B0A208104FFBAF2D0898309BAF2E0881202D101DB3C}
                           x{6D}
                          x{22}
                        x{B82BEED44D0D20001}
                x{B8A3AA140000000000000000801D3E5E1B0970E52ABD4EA639AED542E118FE33D2F03FE072737A6B74A8FDC2C69_}
           x{72FEB0183F900CE1D007C63E5F1671DDC41E7647C7BB2EEAFCF1166E3A63F8FD572E88A004D7A048F485B76352F7DE14EC91D39BBAE1E1CA932AF30F5A9A914143}
           x{04090E51839CD88036EE1C11_}
            x{602327CC3D09000000000000000007C100000000000000000000000000000000000000000000000000000000000000000000000000000000000000000000000000000000000000000000000000000000}
            x{C9AC8D784C8FB95000000000000A0002000000086C667028F3CC35C5E1D1AEB75B20D68906AE33005305D31C6C00E378213282B048913B24_},
          hash: [Function: hash],
          blockchainLogs: '[ 4][t 0][2024-10-30 23:27:06.996000][transaction.cpp:443]\tunpacking account 525D79B589F1D73B879432CD1A596C0F9C42CF460467BBB795DA5A20C021C138\n' +
            '[ 4][t 0][2024-10-30 23:27:06.996000][transaction.cpp:274]\tlast_paid=1732922826; cells=232 bits=84034 public_cells=0\n' +
            '[ 4][t 0][2024-10-30 23:27:06.996000][transaction.cpp:504]\tend of Account.unpack() for 0:525D79B589F1D73B879432CD1A596C0F9C42CF460467BBB795DA5A20C021C138 (balance = 2100000000ng ; last_trans_lt = 36000000..36000002)\n' +
            '[ 4][t 0][2024-10-30 23:27:06.996000][transaction.cpp:3655]\tblock random seed set to 0000000000000000000000000000000000000000000000000000000000000000\n' +
            '[ 4][t 0][2024-10-30 23:27:06.996000][transaction.cpp:1236]\tgas limits: max=1000000, limit=1000000, credit=0\n' +
            '[ 4][t 0][2024-10-30 23:27:06.996000][transaction.cpp:1575]\tin_msg_state is null\n' +
            '[ 4][t 0][2024-10-30 23:27:06.996000][transaction.cpp:1645]\tcreating VM\n' +
            '[ 4][t 0][2024-10-30 23:27:06.996000][transaction.cpp:1351]\tSmartContractInfo initialized with [ 124711402 0 0 1732922826 38000000 38000000 14068792954309835536948273256715513127174070948738620016199408580766834334284 [ 3060892531 (null) ] CS{Cell{0271c00525d79b589f1d73b879432cd1a596c0f9c42cf460467bbb795da5a20c021c1383d0c05210833a526e5000000000089544091f4add401340} bits: 1..268; refs: 0..0} C{A7EC01478F770EF8F8B037CC7E42F0ABF0D85A50E1828C2394DAD1411691F2DE} C{42B6F0E46484EFC57B9508F6BA7EF42E7512023D5CB4ED5628DD1C7755D16E9D} [ 960892531 (null) ] 0 (null) [ CS{Cell{004dd06600000000000000000000000080000000000000fa00000000000001f4000000000003d09040} bits: 9..305; refs: 0..0} (null) CS{Cell{0094d1000000000000006400000000000f4240de000000002710000000000000000f42400000000002160ec0000000000000271000000000002625a00000000005f5e100000000003b9aca00} bits: 0..592; refs: 0..0} CS{Cell{0094d100000000000000640000000000009c40de000000000190000000000000000f424000000000000f4240000000000000271000000000009896800000000005f5e100000000003b9aca00} bits: 0..592; refs: 0..0} CS{Cell{0042ea000000000098968000000000271000000000000f424000000001800055555555} bits: 0..264; refs: 0..0} CS{Cell{0042ea0000000000061a800000000001900000000000009c4000000001800055555555} bits: 0..264; refs: 0..0} (null) ] 0 (null) ]\n' +
            '[ 4][t 0][2024-10-30 23:27:06.996000][transaction.cpp:1675]\tstarting VM\n' +
            '[ 4][t 0][2024-10-30 23:27:06.998000][transaction.cpp:1680]\tVM terminated with exit code 0\n' +
            '[ 3][t 0][2024-10-30 23:27:06.998000][transaction.cpp:1702]\tsteps: 1985 gas: used=71998, max=1000000, limit=1000000, credit=0\n' +
            '[ 3][t 0][2024-10-30 23:27:06.998000][transaction.cpp:1704]\tout_of_gas=false, accepted=true, success=true, time=0.001712s\n' +
            '[ 4][t 0][2024-10-30 23:27:06.998000][transaction.cpp:1737]\tgas fees: 28799200 = 26214400 * 71998 /2^16 ; price=26214400; flat rate=[40000 for 100]; remaining balance=3032093331ng\n' +
            '[ 3][t 0][2024-10-30 23:27:06.998000][transaction.cpp:2678]\tin try_action_reserve_currency(0)\n' +
            '[ 4][t 0][2024-10-30 23:27:06.998000][transaction.cpp:2684]\taction_reserve_currency: mode=0, reserve=2100000000ng, balance=3032093331ng, original balance=2100000000ng\n' +
            '[ 3][t 0][2024-10-30 23:27:06.998000][transaction.cpp:2729]\tchanged remaining balance to 932093331ng, reserved balance to 2100000000ng\n' +
            '[ 4][t 0][2024-10-30 23:27:06.998000][transaction.cpp:2448]\tstorage paid for a message: 1 cells, 96 bits\n' +
            '[ 4][t 0][2024-10-30 23:27:06.998000][transaction.cpp:2452]\tcomputed fwd fees = 478400 + 0\n' +
            '[ 4][t 0][2024-10-30 23:27:06.998000][transaction.cpp:2448]\tstorage paid for a message: 1 cells, 96 bits\n' +
            '[ 4][t 0][2024-10-30 23:27:06.998000][transaction.cpp:2452]\tcomputed fwd fees = 478400 + 0\n' +
            '[ 4][t 0][2024-10-30 23:27:06.998000][transaction.cpp:2448]\tstorage paid for a message: 1 cells, 431 bits\n' +
            '[ 4][t 0][2024-10-30 23:27:06.998000][transaction.cpp:2452]\tcomputed fwd fees = 612400 + 0\n' +
            '[ 4][t 0][2024-10-30 23:27:06.998000][transaction.cpp:2448]\tstorage paid for a message: 27 cells, 6976 bits\n' +
            '[ 4][t 0][2024-10-30 23:27:06.998000][transaction.cpp:2452]\tcomputed fwd fees = 4270400 + 0\n',
          vmLogs: 'xecute EQUAL\n' +
            'execute THROWIF 137\n' +
            'execute PUSHPOW2 10\n' +
            'execute EQUAL\n' +
            'execute THROWIFNOT 136\n' +
            'execute STSLICER\n' +
            'execute ENDC\n' +
            'execute ROT\n' +
            'execute STREF\n' +
            'execute ENDC\n' +
            'execute SWAP\n' +
            'execute STREF\n' +
            'execute implicit RET\n' +
            'execute ENDC\n' +
            'execute POP c4\n' +
            'execute implicit RET\n',
          debugLogs: '',
          events: [Array],
          parent: [Object],
          children: [Array],
          externals: [Array]
        },
        children: [ [Object] ],
        externals: []
      },
      {
        address: 37254810366437813475271750514734067285117962570475561289538093995582013161784n,
        lt: 42000000n,
        prevTransactionHash: 80184949935994409670566327459577224533075708200395390211290878934049269487858n,
        prevTransactionLt: 38000000n,
        now: 1732922826,
        outMessagesCount: 2,
        oldStatus: 'active',
        endStatus: 'active',
        inMessage: {
          info: [Object],
          init: null,
          body: x{2A004A0500000000000000000000000000000000000000000000000000000000000000000000000000000000C00814669C6B54FD8B2DD8E93AAA6E5DE45BD032703F7A61C194AB414089B0A7AA2}
        },
        outMessages: Dictionary { _key: [Object], _value: [Object], _map: [Map] },
        totalFees: { coins: 11323062n },
        stateUpdate: {
          oldHash: <Buffer 2e 88 a0 04 d7 a0 48 f4 85 b7 63 52 f7 de 14 ec 91 d3 9b ba e1 e1 ca 93 2a f3 0f 5a 9a 91 41 43>,
          newHash: <Buffer 1f 96 4b 3f 49 b5 f0 9c 4e 30 c0 8f ce e5 d4 20 46 47 85 1a 96 61 a6 ef 9c e7 73 d1 c0 19 26 51>
        },
        description: {
          type: 'generic',
          creditFirst: false,
          storagePhase: [Object],
          creditPhase: [Object],
          computePhase: [Object],
          actionPhase: [Object],
          bouncePhase: undefined,
          aborted: false,
          destroyed: false
        },
        raw: x{7525D79B589F1D73B879432CD1A596C0F9C42CF460467BBB795DA5A20C021C138000000000280DE80B14712C6F397BED2FCA30A953C504FF6FEA11514DC9EDDF66711544DC6DC18F2000000000243D580674A4DCA000547598D6C}
         x{E_}
          x{6800F99E4F01C1A7C3616D00B3681096094D190E846AE8B8DA0403AC5E7A4431E26D0014975E6D627C75CEE1E50CB346965B03E710B3D18119EEEDE57696883008704E101119EF88060DFF5E0000000004A62F82CE949B94C_}
           x{2A004A0500000000000000000000000000000000000000000000000000000000000000000000000000000000C00814669C6B54FD8B2DD8E93AAA6E5DE45BD032703F7A61C194AB414089B0A7AA2}
          x{DD_}
           x{2_}
            x{6800A4BAF36B13E3AE770F28659A34B2D81F38859E8C08CF776F2BB4B441804382710020519A71AD53F62CB763A4EAA9B977916F40C9C0FDE9870652AD050226C29EA890FA19E1000608235A000000000501BD02CE949B944_}
           x{2_}
            x{6800A4BAF36B13E3AE770F28659A34B2D81F38859E8C08CF776F2BB4B44180438271003A7CBC3612E1CA557A9D4C735DAA85C231FC67A5E07FC0E4E6F4D6E951FB858D100E4647480608235A000000000501BD04CE949B944_}
         x{722E88A004D7A048F485B76352F7DE14EC91D39BBAE1E1CA932AF30F5A9A9141431F964B3F49B5F09C4E30C08FCEE5D4204647851A9661A6EF9CE773D1C0192651}
         x{040901119EF8987516A211_}
          x{4D7F2C0AF1E00000000000000002E500000000000000000000000000000000000000000000000000000000000000000000000000000000000000000000000000000000000000000000000000000000}
          x{C9861A804C104698000000000006000200000004520F5BFAE2DB811E659CF17FB03F2335C3023F4A4B88DDB137FBD366D6D178EA40902C14_},
        hash: [Function: hash],
        blockchainLogs: '[ 4][t 0][2024-10-30 23:27:07.013000][transaction.cpp:443]\tunpacking account 525D79B589F1D73B879432CD1A596C0F9C42CF460467BBB795DA5A20C021C138\n' +
          '[ 4][t 0][2024-10-30 23:27:07.013000][transaction.cpp:274]\tlast_paid=1732922826; cells=234 bits=84033 public_cells=0\n' +
          '[ 4][t 0][2024-10-30 23:27:07.013000][transaction.cpp:504]\tend of Account.unpack() for 0:525D79B589F1D73B879432CD1A596C0F9C42CF460467BBB795DA5A20C021C138 (balance = 2100000000ng ; last_trans_lt = 38000000..38000005)\n' +
          '[ 4][t 0][2024-10-30 23:27:07.013000][transaction.cpp:3655]\tblock random seed set to 0000000000000000000000000000000000000000000000000000000000000000\n' +
          '[ 4][t 0][2024-10-30 23:27:07.013000][transaction.cpp:1236]\tgas limits: max=1000000, limit=179320, credit=0\n' +
          '[ 4][t 0][2024-10-30 23:27:07.013000][transaction.cpp:1575]\tin_msg_state is null\n' +
          '[ 4][t 0][2024-10-30 23:27:07.013000][transaction.cpp:1645]\tcreating VM\n' +
          '[ 4][t 0][2024-10-30 23:27:07.013000][transaction.cpp:1351]\tSmartContractInfo initialized with [ 124711402 0 0 1732922826 42000000 42000000 14068792954309835536948273256715513127174070948738620016199408580766834334284 [ 2171728098 (null) ] CS{Cell{0271c00525d79b589f1d73b879432cd1a596c0f9c42cf460467bbb795da5a20c021c1383d4c05210433a526e5000000000090f56151f4add401340} bits: 1..268; refs: 0..0} C{A7EC01478F770EF8F8B037CC7E42F0ABF0D85A50E1828C2394DAD1411691F2DE} C{42B6F0E46484EFC57B9508F6BA7EF42E7512023D5CB4ED5628DD1C7755D16E9D} [ 71728098 (null) ] 0 (null) [ CS{Cell{004dd06600000000000000000000000080000000000000fa00000000000001f4000000000003d09040} bits: 9..305; refs: 0..0} (null) CS{Cell{0094d1000000000000006400000000000f4240de000000002710000000000000000f42400000000002160ec0000000000000271000000000002625a00000000005f5e100000000003b9aca00} bits: 0..592; refs: 0..0} CS{Cell{0094d100000000000000640000000000009c40de000000000190000000000000000f424000000000000f4240000000000000271000000000009896800000000005f5e100000000003b9aca00} bits: 0..592; refs: 0..0} CS{Cell{0042ea000000000098968000000000271000000000000f424000000001800055555555} bits: 0..264; refs: 0..0} CS{Cell{0042ea0000000000061a800000000001900000000000009c4000000001800055555555} bits: 0..264; refs: 0..0} (null) ] 0 (null) ]\n' +
          '[ 4][t 0][2024-10-30 23:27:07.013000][transaction.cpp:1675]\tstarting VM\n' +
          '[ 4][t 0][2024-10-30 23:27:07.014000][transaction.cpp:1680]\tVM terminated with exit code 0\n' +
          '[ 3][t 0][2024-10-30 23:27:07.014000][transaction.cpp:1702]\tsteps: 741 gas: used=27641, max=1000000, limit=179320, credit=0\n' +
          '[ 3][t 0][2024-10-30 23:27:07.014000][transaction.cpp:1704]\tout_of_gas=false, accepted=true, success=true, time=0.000792s\n' +
          '[ 4][t 0][2024-10-30 23:27:07.014000][transaction.cpp:1737]\tgas fees: 11056400 = 26214400 * 27641 /2^16 ; price=26214400; flat rate=[40000 for 100]; remaining balance=2160671698ng\n' +
          '[ 3][t 0][2024-10-30 23:27:07.014000][transaction.cpp:2678]\tin try_action_reserve_currency(0)\n' +
          '[ 4][t 0][2024-10-30 23:27:07.014000][transaction.cpp:2684]\taction_reserve_currency: mode=0, reserve=1051000000ng, balance=2160671698ng, original balance=2100000000ng\n' +
          '[ 3][t 0][2024-10-30 23:27:07.014000][transaction.cpp:2729]\tchanged remaining balance to 1109671698ng, reserved balance to 1051000000ng\n' +
          '[ 4][t 0][2024-10-30 23:27:07.014000][transaction.cpp:2448]\tstorage paid for a message: 0 cells, 0 bits\n' +
          '[ 4][t 0][2024-10-30 23:27:07.014000][transaction.cpp:2452]\tcomputed fwd fees = 400000 + 0\n' +
          '[ 4][t 0][2024-10-30 23:27:07.014000][transaction.cpp:2448]\tstorage paid for a message: 0 cells, 0 bits\n' +
          '[ 4][t 0][2024-10-30 23:27:07.014000][transaction.cpp:2452]\tcomputed fwd fees = 400000 + 0\n',
        vmLogs: 'xecute EQUAL\n' +
          'execute THROWIF 137\n' +
          'execute PUSHPOW2 10\n' +
          'execute EQUAL\n' +
          'execute THROWIFNOT 136\n' +
          'execute STSLICER\n' +
          'execute ENDC\n' +
          'execute ROT\n' +
          'execute STREF\n' +
          'execute ENDC\n' +
          'execute SWAP\n' +
          'execute STREF\n' +
          'execute implicit RET\n' +
          'execute ENDC\n' +
          'execute POP c4\n' +
          'execute implicit RET\n',
        debugLogs: '',
        events: [ [Object], [Object] ],
        parent: {
          address: 56452803209391972311245829800318013664241380452486081517026592719308720763190n,
          lt: 39000000n,
          prevTransactionHash: 54727852185535853475998995880592749302677972944637880326827287456384619873569n,
          prevTransactionLt: 28000000n,
          now: 1732922826,
          outMessagesCount: 1,
          oldStatus: 'active',
          endStatus: 'active',
          inMessage: [Object],
          outMessages: [Dictionary],
          totalFees: [Object],
          stateUpdate: [Object],
          description: [Object],
          raw: x{77CCF2780E0D3E1B0B68059B4084B04A68C874235745C6D0201D62F3D2218F13600000000025317C078FEDDDB67AF2511326AF50DAC2D4F2B1530F8D1986A4D2A928306E1057B85210000000001AB3F00674A4DCA000346A2CE5E}
           x{E_}
            x{6800A4BAF36B13E3AE770F28659A34B2D81F38859E8C08CF776F2BB4B44180438271001F33C9E03834F86C2DA0166D0212C129A321D08D5D171B4080758BCF48863C4D90101931000609BBB0000000000487AB02CE949B945E137A6400000000000000004_}
            x{DF_}
             x{6800F99E4F01C1A7C3616D00B3681096094D190E846AE8B8DA0403AC5E7A4431E26D0014975E6D627C75CEE1E50CB346965B03E710B3D18119EEEDE57696883008704E101119EF88060DFF5E0000000004A62F82CE949B94C_}
              x{2A004A0500000000000000000000000000000000000000000000000000000000000000000000000000000000C00814669C6B54FD8B2DD8E93AAA6E5DE45BD032703F7A61C194AB414089B0A7AA2}
           x{72B6CD7FD3BC8D015D97E9C668C4DDDF94D640DB1E33131CE7144D4FFBEEA839AB535EA281966109D00B7A72708681E7890EC13E9667408161F014B3619FA9CEDE}
           x{04C4360789010193101867A1E811_}
            x{44E28C0A4D9000000000000000013D00000000000000000000000000000000000000000000000000000000000000000000000000000000000000000000000000000000000000000000000000000000}
            x{C9853FC04C0DFF44000000000002000000000002E314399E9181B61CA6ACAC445010D6EB366B5E165776588A9812DBEC1225A8904090296C_},
          hash: [Function: hash],
          blockchainLogs: '[ 4][t 0][2024-10-30 23:27:07.003000][transaction.cpp:443]\tunpacking account 7CCF2780E0D3E1B0B68059B4084B04A68C874235745C6D0201D62F3D2218F136\n' +
            '[ 4][t 0][2024-10-30 23:27:07.003000][transaction.cpp:274]\tlast_paid=1730330826; cells=30 bits=12911 public_cells=0\n' +
            '[ 4][t 0][2024-10-30 23:27:07.003000][transaction.cpp:504]\tend of Account.unpack() for 0:7CCF2780E0D3E1B0B68059B4084B04A68C874235745C6D0201D62F3D2218F136 (balance = 10000000ng ; last_trans_lt = 28000000..28000002)\n' +
            '[ 4][t 0][2024-10-30 23:27:07.003000][transaction.cpp:3655]\tblock random seed set to 0000000000000000000000000000000000000000000000000000000000000000\n' +
            '[ 4][t 0][2024-10-30 23:27:07.003000][transaction.cpp:1236]\tgas limits: max=191044, limit=168804, credit=0\n' +
            '[ 4][t 0][2024-10-30 23:27:07.003000][transaction.cpp:1575]\tin_msg_state is null\n' +
            '[ 4][t 0][2024-10-30 23:27:07.003000][transaction.cpp:1645]\tcreating VM\n' +
            '[ 4][t 0][2024-10-30 23:27:07.003000][transaction.cpp:1351]\tSmartContractInfo initialized with [ 124711402 0 0 1732922826 39000000 39000000 17158678860825839941702393232993838109470607978381324670400578166443069604636 [ 76417698 (null) ] CS{Cell{026dc007ccf2780e0d3e1b0b68059b4084b04a68c874235745c6d0201d62f3d2218f13623c8c9bc3391606500000000006acfc08e625a01340} bits: 1..268; refs: 0..0} C{A7EC01478F770EF8F8B037CC7E42F0ABF0D85A50E1828C2394DAD1411691F2DE} C{33BB148A451AD17F938AA7C476E48F2B79933715F13F1D58F9234A90730321A8} [ 67521600 (null) ] 1103902 (null) [ CS{Cell{004dd06600000000000000000000000080000000000000fa00000000000001f4000000000003d09040} bits: 9..305; refs: 0..0} (null) CS{Cell{0094d1000000000000006400000000000f4240de000000002710000000000000000f42400000000002160ec0000000000000271000000000002625a00000000005f5e100000000003b9aca00} bits: 0..592; refs: 0..0} CS{Cell{0094d100000000000000640000000000009c40de000000000190000000000000000f424000000000000f4240000000000000271000000000009896800000000005f5e100000000003b9aca00} bits: 0..592; refs: 0..0} CS{Cell{0042ea000000000098968000000000271000000000000f424000000001800055555555} bits: 0..264; refs: 0..0} CS{Cell{0042ea0000000000061a800000000001900000000000009c4000000001800055555555} bits: 0..264; refs: 0..0} (null) ] 0 (null) ]\n' +
            '[ 4][t 0][2024-10-30 23:27:07.003000][transaction.cpp:1675]\tstarting VM\n' +
            '[ 4][t 0][2024-10-30 23:27:07.004000][transaction.cpp:1680]\tVM terminated with exit code 0\n' +
            '[ 3][t 0][2024-10-30 23:27:07.004000][transaction.cpp:1702]\tsteps: 317 gas: used=10004, max=191044, limit=168804, credit=0\n' +
            '[ 3][t 0][2024-10-30 23:27:07.004000][transaction.cpp:1704]\tout_of_gas=false, accepted=true, success=true, time=0.000304s\n' +
            '[ 4][t 0][2024-10-30 23:27:07.004000][transaction.cpp:1737]\tgas fees: 4001600 = 26214400 * 10004 /2^16 ; price=26214400; flat rate=[40000 for 100]; remaining balance=72416098ng\n' +
            '[ 4][t 0][2024-10-30 23:27:07.004000][transaction.cpp:2448]\tstorage paid for a message: 1 cells, 620 bits\n' +
            '[ 4][t 0][2024-10-30 23:27:07.004000][transaction.cpp:2452]\tcomputed fwd fees = 688000 + 0\n',
          vmLogs: 'e implicit RET\n' +
            'execute OVER\n' +
            'execute ISNULL\n' +
            'execute NOT\n' +
            'execute PUSHCONT x7F01CA00CC\n' +
            'execute PUSHCONT x7032CA00\n' +
            'execute IFELSE\n' +
            'execute PUSHINT -1\n' +
            'execute SWAP\n' +
            'execute STI 1\n' +
            'execute STREF\n' +
            'execute implicit RET\n' +
            'execute ENDC\n' +
            'execute POP c4\n' +
            'execute implicit RET\n',
          debugLogs: '',
          events: [Array],
          parent: [Object],
          children: [Array],
          externals: []
        },
        children: [ [Object], [Object] ],
        externals: []
      },
      {
        address: 37254810366437813475271750514734067285117962570475561289538093995582013161784n,
        lt: 43000000n,
        prevTransactionHash: 14137627820599565136952862570474779667130812203393636427586947947009232295365n,
        prevTransactionLt: 42000000n,
        now: 1732922826,
        outMessagesCount: 2,
        oldStatus: 'active',
        endStatus: 'active',
        inMessage: {
          info: [Object],
          init: null,
          body: x{2A004A0500000000000000010000000000000000000000000000000000000000000000000000000000000000400B75A3E1A6460F415CE3721F308920C4B456F3B977F39EB26CED9155308A976CC}
        },
        outMessages: Dictionary { _key: [Object], _value: [Object], _map: [Map] },
        totalFees: { coins: 11033062n },
        stateUpdate: {
          oldHash: <Buffer 1f 96 4b 3f 49 b5 f0 9c 4e 30 c0 8f ce e5 d4 20 46 47 85 1a 96 61 a6 ef 9c e7 73 d1 c0 19 26 51>,
          newHash: <Buffer 78 02 99 a7 96 2c 11 7e a6 1e f1 1a d4 90 14 9a 36 7f ed 7c 43 84 50 0e e7 41 a1 d1 31 a4 89 c3>
        },
        description: {
          type: 'generic',
          creditFirst: false,
          storagePhase: [Object],
          creditPhase: [Object],
          computePhase: [Object],
          actionPhase: [Object],
          bouncePhase: undefined,
          aborted: false,
          destroyed: false
        },
        raw: x{7525D79B589F1D73B879432CD1A596C0F9C42CF460467BBB795DA5A20C021C13800000000029020C01F419D20AED77502A46A514B765E10940739AC24543FA5C4C14C7304B2F755C5000000000280DE80674A4DCA00054750B3CC}
         x{E_}
          x{6801C25D36B535BEF92116226484A49D03E01E5050FFC3053F6C298C080280A4EEF90014975E6D627C75CEE1E50CB346965B03E710B3D18119EEEDE57696883008704E101119EF88060DFF5E0000000004C4B402CE949B94C_}
           x{2A004A0500000000000000010000000000000000000000000000000000000000000000000000000000000000400B75A3E1A6460F415CE3721F308920C4B456F3B977F39EB26CED9155308A976CC}
          x{DD_}
           x{2_}
            x{6800A4BAF36B13E3AE770F28659A34B2D81F38859E8C08CF776F2BB4B44180438271002DD68F8699183D05738DC87CC2248312D15BCEE5DFCE7AC9B3B64554C22A5DB310E27F66000608235A0000000005204182CE949B944_}
           x{2_}
            x{6800A4BAF36B13E3AE770F28659A34B2D81F38859E8C08CF776F2BB4B44180438271003A7CBC3612E1CA557A9D4C735DAA85C231FC67A5E07FC0E4E6F4D6E951FB858D100E57FA880608235A0000000005204184CE949B944_}
         x{721F964B3F49B5F09C4E30C08FCEE5D4204647851A9661A6EF9CE773D1C0192651780299A7962C117EA61EF11AD490149A367FED7C4384500EE741A1D131A489C3}
         x{040901119EF89874890811_}
          x{4D248C0AF1E00000000000000002E500000000000000000000000000000000000000000000000000000000000000000000000000000000000000000000000000000000000000000000000000000000}
          x{C9861A804C10469800000000000600020000000450AF9D9EE3726931F26D844A6FCC649C60C9C4AD99D34E111DD9BC6BD3DB3ADC40902C14_},
        hash: [Function: hash],
        blockchainLogs: '[ 4][t 0][2024-10-30 23:27:07.017000][transaction.cpp:443]\tunpacking account 525D79B589F1D73B879432CD1A596C0F9C42CF460467BBB795DA5A20C021C138\n' +
          '[ 4][t 0][2024-10-30 23:27:07.017000][transaction.cpp:274]\tlast_paid=1732922826; cells=231 bits=83982 public_cells=0\n' +
          '[ 4][t 0][2024-10-30 23:27:07.017000][transaction.cpp:504]\tend of Account.unpack() for 0:525D79B589F1D73B879432CD1A596C0F9C42CF460467BBB795DA5A20C021C138 (balance = 1051000000ng ; last_trans_lt = 42000000..42000003)\n' +
          '[ 4][t 0][2024-10-30 23:27:07.017000][transaction.cpp:3655]\tblock random seed set to 0000000000000000000000000000000000000000000000000000000000000000\n' +
          '[ 4][t 0][2024-10-30 23:27:07.017000][transaction.cpp:1236]\tgas limits: max=1000000, limit=179320, credit=0\n' +
          '[ 4][t 0][2024-10-30 23:27:07.017000][transaction.cpp:1575]\tin_msg_state is null\n' +
          '[ 4][t 0][2024-10-30 23:27:07.017000][transaction.cpp:1645]\tcreating VM\n' +
          '[ 4][t 0][2024-10-30 23:27:07.017000][transaction.cpp:1351]\tSmartContractInfo initialized with [ 124711402 0 0 1732922826 43000000 43000000 14068792954309835536948273256715513127174070948738620016199408580766834334284 [ 1122728098 (null) ] CS{Cell{0271c00525d79b589f1d73b879432cd1a596c0f9c42cf460467bbb795da5a20c021c1383cec05203833a526e50000000000a037a0d0fa93f301340} bits: 1..268; refs: 0..0} C{A7EC01478F770EF8F8B037CC7E42F0ABF0D85A50E1828C2394DAD1411691F2DE} C{42B6F0E46484EFC57B9508F6BA7EF42E7512023D5CB4ED5628DD1C7755D16E9D} [ 71728098 (null) ] 0 (null) [ CS{Cell{004dd06600000000000000000000000080000000000000fa00000000000001f4000000000003d09040} bits: 9..305; refs: 0..0} (null) CS{Cell{0094d1000000000000006400000000000f4240de000000002710000000000000000f42400000000002160ec0000000000000271000000000002625a00000000005f5e100000000003b9aca00} bits: 0..592; refs: 0..0} CS{Cell{0094d100000000000000640000000000009c40de000000000190000000000000000f424000000000000f4240000000000000271000000000009896800000000005f5e100000000003b9aca00} bits: 0..592; refs: 0..0} CS{Cell{0042ea000000000098968000000000271000000000000f424000000001800055555555} bits: 0..264; refs: 0..0} CS{Cell{0042ea0000000000061a800000000001900000000000009c4000000001800055555555} bits: 0..264; refs: 0..0} (null) ] 0 (null) ]\n' +
          '[ 4][t 0][2024-10-30 23:27:07.017000][transaction.cpp:1675]\tstarting VM\n' +
          '[ 4][t 0][2024-10-30 23:27:07.018000][transaction.cpp:1680]\tVM terminated with exit code 0\n' +
          '[ 3][t 0][2024-10-30 23:27:07.018000][transaction.cpp:1702]\tsteps: 741 gas: used=26916, max=1000000, limit=179320, credit=0\n' +
          '[ 3][t 0][2024-10-30 23:27:07.018000][transaction.cpp:1704]\tout_of_gas=false, accepted=true, success=true, time=0.000934s\n' +
          '[ 4][t 0][2024-10-30 23:27:07.018000][transaction.cpp:1737]\tgas fees: 10766400 = 26214400 * 26916 /2^16 ; price=26214400; flat rate=[40000 for 100]; remaining balance=1111961698ng\n' +
          '[ 3][t 0][2024-10-30 23:27:07.018000][transaction.cpp:2678]\tin try_action_reserve_currency(0)\n' +
          '[ 4][t 0][2024-10-30 23:27:07.018000][transaction.cpp:2684]\taction_reserve_currency: mode=0, reserve=101000000ng, balance=1111961698ng, original balance=1051000000ng\n' +
          '[ 3][t 0][2024-10-30 23:27:07.018000][transaction.cpp:2729]\tchanged remaining balance to 1010961698ng, reserved balance to 101000000ng\n' +
          '[ 4][t 0][2024-10-30 23:27:07.018000][transaction.cpp:2448]\tstorage paid for a message: 0 cells, 0 bits\n' +
          '[ 4][t 0][2024-10-30 23:27:07.018000][transaction.cpp:2452]\tcomputed fwd fees = 400000 + 0\n' +
          '[ 4][t 0][2024-10-30 23:27:07.019000][transaction.cpp:2448]\tstorage paid for a message: 0 cells, 0 bits\n' +
          '[ 4][t 0][2024-10-30 23:27:07.019000][transaction.cpp:2452]\tcomputed fwd fees = 400000 + 0\n',
        vmLogs: 'xecute EQUAL\n' +
          'execute THROWIF 137\n' +
          'execute PUSHPOW2 10\n' +
          'execute EQUAL\n' +
          'execute THROWIFNOT 136\n' +
          'execute STSLICER\n' +
          'execute ENDC\n' +
          'execute ROT\n' +
          'execute STREF\n' +
          'execute ENDC\n' +
          'execute SWAP\n' +
          'execute STREF\n' +
          'execute implicit RET\n' +
          'execute ENDC\n' +
          'execute POP c4\n' +
          'execute implicit RET\n',
        debugLogs: '',
        events: [ [Object], [Object] ],
        parent: {
          address: 101852738109603725607761920797369865272772728943991090530178890834824226043772n,
          lt: 40000000n,
          prevTransactionHash: 25144174645840832582610196538593288453803964186070564719492095857612625168080n,
          prevTransactionLt: 27000000n,
          now: 1732922826,
          outMessagesCount: 1,
          oldStatus: 'active',
          endStatus: 'active',
          inMessage: [Object],
          outMessages: [Dictionary],
          totalFees: [Object],
          stateUpdate: [Object],
          description: [Object],
          raw: x{7E12E9B5A9ADF7C908B113242524E81F00F28287FE1829FB614C604014052777C0000000002625A003797193880CC2A50ABE7733DE78975C53E1FD8F04553ACD4DFE617B8411A46D000000000019BFCC0674A4DCA000346A2CE5E}
           x{E_}
            x{6800A4BAF36B13E3AE770F28659A34B2D81F38859E8C08CF776F2BB4B4418043827100384BA6D6A6B7DF2422C44C909493A07C03CA0A1FF860A7ED8531810050149DDF10101931000609BBB0000000000487AB04CE949B945E137A640000000000000000C_}
            x{DF_}
             x{6801C25D36B535BEF92116226484A49D03E01E5050FFC3053F6C298C080280A4EEF90014975E6D627C75CEE1E50CB346965B03E710B3D18119EEEDE57696883008704E101119EF88060DFF5E0000000004C4B402CE949B94C_}
              x{2A004A0500000000000000010000000000000000000000000000000000000000000000000000000000000000400B75A3E1A6460F415CE3721F308920C4B456F3B977F39EB26CED9155308A976CC}
           x{728519A531A7B0FCAB3FD8494A2C8231069996602A219C0EFAC0E1E184062A9F16A659D680032B6FC670EB1E0C9C01183DB3C20B1731462DA1F432F9C6A4C4AC24}
           x{04C4360789010193101867A1E811_}
            x{44E28C0A4D9000000000000000013D00000000000000000000000000000000000000000000000000000000000000000000000000000000000000000000000000000000000000000000000000000000}
            x{C9853FC04C0DFF44000000000002000000000003FFB2652E35979066CAC0633284C4E8042DB1FCB29F76FDFE1F06536CEE4DA4744090296C_},
          hash: [Function: hash],
          blockchainLogs: '[ 4][t 0][2024-10-30 23:27:07.005000][transaction.cpp:443]\tunpacking account E12E9B5A9ADF7C908B113242524E81F00F28287FE1829FB614C604014052777C\n' +
            '[ 4][t 0][2024-10-30 23:27:07.006000][transaction.cpp:274]\tlast_paid=1730330826; cells=30 bits=12911 public_cells=0\n' +
            '[ 4][t 0][2024-10-30 23:27:07.006000][transaction.cpp:504]\tend of Account.unpack() for 0:E12E9B5A9ADF7C908B113242524E81F00F28287FE1829FB614C604014052777C (balance = 10000000ng ; last_trans_lt = 27000000..27000002)\n' +
            '[ 4][t 0][2024-10-30 23:27:07.006000][transaction.cpp:3655]\tblock random seed set to 0000000000000000000000000000000000000000000000000000000000000000\n' +
            '[ 4][t 0][2024-10-30 23:27:07.006000][transaction.cpp:1236]\tgas limits: max=191044, limit=168804, credit=0\n' +
            '[ 4][t 0][2024-10-30 23:27:07.006000][transaction.cpp:1575]\tin_msg_state is null\n' +
            '[ 4][t 0][2024-10-30 23:27:07.006000][transaction.cpp:1645]\tcreating VM\n' +
            '[ 4][t 0][2024-10-30 23:27:07.006000][transaction.cpp:1351]\tSmartContractInfo initialized with [ 124711402 0 0 1732922826 40000000 40000000 43870772645377937883531240781324653013999287705787709612543318804107744319189 [ 76417698 (null) ] CS{Cell{026dc00e12e9b5a9adf7c908b113242524e81f00f28287fe1829fb614c604014052777c23c8c9bc33916065000000000066ff308e625a01340} bits: 1..268; refs: 0..0} C{A7EC01478F770EF8F8B037CC7E42F0ABF0D85A50E1828C2394DAD1411691F2DE} C{33BB148A451AD17F938AA7C476E48F2B79933715F13F1D58F9234A90730321A8} [ 67521600 (null) ] 1103902 (null) [ CS{Cell{004dd06600000000000000000000000080000000000000fa00000000000001f4000000000003d09040} bits: 9..305; refs: 0..0} (null) CS{Cell{0094d1000000000000006400000000000f4240de000000002710000000000000000f42400000000002160ec0000000000000271000000000002625a00000000005f5e100000000003b9aca00} bits: 0..592; refs: 0..0} CS{Cell{0094d100000000000000640000000000009c40de000000000190000000000000000f424000000000000f4240000000000000271000000000009896800000000005f5e100000000003b9aca00} bits: 0..592; refs: 0..0} CS{Cell{0042ea000000000098968000000000271000000000000f424000000001800055555555} bits: 0..264; refs: 0..0} CS{Cell{0042ea0000000000061a800000000001900000000000009c4000000001800055555555} bits: 0..264; refs: 0..0} (null) ] 0 (null) ]\n' +
            '[ 4][t 0][2024-10-30 23:27:07.006000][transaction.cpp:1675]\tstarting VM\n' +
            '[ 4][t 0][2024-10-30 23:27:07.006000][transaction.cpp:1680]\tVM terminated with exit code 0\n' +
            '[ 3][t 0][2024-10-30 23:27:07.006000][transaction.cpp:1702]\tsteps: 317 gas: used=10004, max=191044, limit=168804, credit=0\n' +
            '[ 3][t 0][2024-10-30 23:27:07.006000][transaction.cpp:1704]\tout_of_gas=false, accepted=true, success=true, time=0.000526s\n' +
            '[ 4][t 0][2024-10-30 23:27:07.006000][transaction.cpp:1737]\tgas fees: 4001600 = 26214400 * 10004 /2^16 ; price=26214400; flat rate=[40000 for 100]; remaining balance=72416098ng\n' +
            '[ 4][t 0][2024-10-30 23:27:07.006000][transaction.cpp:2448]\tstorage paid for a message: 1 cells, 620 bits\n' +
            '[ 4][t 0][2024-10-30 23:27:07.006000][transaction.cpp:2452]\tcomputed fwd fees = 688000 + 0\n',
          vmLogs: 'e implicit RET\n' +
            'execute OVER\n' +
            'execute ISNULL\n' +
            'execute NOT\n' +
            'execute PUSHCONT x7F01CA00CC\n' +
            'execute PUSHCONT x7032CA00\n' +
            'execute IFELSE\n' +
            'execute PUSHINT -1\n' +
            'execute SWAP\n' +
            'execute STI 1\n' +
            'execute STREF\n' +
            'execute implicit RET\n' +
            'execute ENDC\n' +
            'execute POP c4\n' +
            'execute implicit RET\n',
          debugLogs: '',
          events: [Array],
          parent: [Object],
          children: [Array],
          externals: []
        },
        children: [ [Object], [Object] ],
        externals: []
      },
      {
        address: 105818132960003171416304597453717637701794574747475969910003481004036112389684n,
        lt: 44000000n,
        prevTransactionHash: 85470896741447193680276984481080784138690662142623235542577520134474157045636n,
        prevTransactionLt: 33000000n,
        now: 1732922826,
        outMessagesCount: 0,
        oldStatus: 'active',
        endStatus: 'active',
        inMessage: { info: [Object], init: null, body: x{} },
        outMessages: Dictionary { _key: [Object], _value: [Object], _map: Map(0) {} },
        totalFees: { coins: 123600n },
        stateUpdate: {
          oldHash: <Buffer a8 8b 88 87 89 dc 60 c0 61 62 7a 12 cd 6b a0 f9 27 1e 68 53 c1 a6 d0 10 39 f0 7e 5f 37 31 23 3e>,
          newHash: <Buffer c7 b4 d0 93 a4 2c 73 96 d8 cf 21 5e 7b f5 34 7e 72 62 73 c2 be 84 5e 7e cd 36 91 e0 2a 17 01 3c>
        },
        description: {
          type: 'generic',
          creditFirst: true,
          storagePhase: [Object],
          creditPhase: [Object],
          computePhase: [Object],
          actionPhase: [Object],
          bouncePhase: undefined,
          aborted: false,
          destroyed: false
        },
        raw: x{7E9F2F0D84B872955EA7531CD76AA1708C7F19E9781FF03939BD35BA547EE163400000000029F6300BCF6D02EFB4093EDE165B003CA1C97AF3EBA57577E2326C28A3DC7ACE9B4B7840000000001F78A40674A4DCA00014603C5A0}
         x{A_}
          x{480173A49878148A4F6041C04B952AC2638BD6A1025222AF84BFAF2C3BE5A07436D5003A7CBC3612E1CA557A9D4C735DAA85C231FC67A5E07FC0E4E6F4D6E951FB858D10BE1E264C0608235A0000000004E33882CE949B944_}
         x{72A88B888789DC60C061627A12CD6BA0F9271E6853C1A6D01039F07E5F3731233EC7B4D093A42C7396D8CF215E7BF5347E726273C2BE845E7ECD3691E02A17013C}
         x{0C090BE1E264D8603C5A11_}
          x{4026AC3D090000000000000000000500000000000000000000000000000000000000000000000000000000000000000000000000000000000000000000000000000000000000000000000000000000}
          x{C00000000000000000000000012D452DA449E50B8CF7DD27861F146122AFE1B546BB8B70FC8216F0C614139F8E04_},
        hash: [Function: hash],
        blockchainLogs: '[ 4][t 0][2024-10-30 23:27:07.021000][transaction.cpp:443]\tunpacking account E9F2F0D84B872955EA7531CD76AA1708C7F19E9781FF03939BD35BA547EE1634\n' +
          '[ 4][t 0][2024-10-30 23:27:07.021000][transaction.cpp:274]\tlast_paid=1732922826; cells=6 bits=821 public_cells=0\n' +
          '[ 4][t 0][2024-10-30 23:27:07.021000][transaction.cpp:504]\tend of Account.unpack() for 0:E9F2F0D84B872955EA7531CD76AA1708C7F19E9781FF03939BD35BA547EE1634 (balance = 999998997584476ng ; last_trans_lt = 33000000..33000002)\n' +
          '[ 4][t 0][2024-10-30 23:27:07.021000][transaction.cpp:3655]\tblock random seed set to 0000000000000000000000000000000000000000000000000000000000000000\n' +
          '[ 4][t 0][2024-10-30 23:27:07.021000][transaction.cpp:1236]\tgas limits: max=1000000, limit=1000000, credit=0\n' +
          '[ 4][t 0][2024-10-30 23:27:07.021000][transaction.cpp:1575]\tin_msg_state is null\n' +
          '[ 4][t 0][2024-10-30 23:27:07.021000][transaction.cpp:1645]\tcreating VM\n' +
          '[ 4][t 0][2024-10-30 23:27:07.021000][transaction.cpp:1351]\tSmartContractInfo initialized with [ 124711402 0 0 1732922826 44000000 44000000 60210483465141978598827679003117970236339845468170532052053411751718225576024 [ 999999794996207 (null) ] CS{Cell{0275c00e9f2f0d84b872955ea7531cd76aa1708c7f19e9781ff03939bd35ba547ee163420c80cd433a526e500000000007de2909c0e35f9a41b6971340} bits: 1..268; refs: 0..0} C{A7EC01478F770EF8F8B037CC7E42F0ABF0D85A50E1828C2394DAD1411691F2DE} C{D992502B94EA96E7B34E5D62FFB0C6FC73D78B3E61F11F0848FB3A1EB1AFC912} [ 797411731 (null) ] 0 (null) [ CS{Cell{004dd06600000000000000000000000080000000000000fa00000000000001f4000000000003d09040} bits: 9..305; refs: 0..0} (null) CS{Cell{0094d1000000000000006400000000000f4240de000000002710000000000000000f42400000000002160ec0000000000000271000000000002625a00000000005f5e100000000003b9aca00} bits: 0..592; refs: 0..0} CS{Cell{0094d100000000000000640000000000009c40de000000000190000000000000000f424000000000000f4240000000000000271000000000009896800000000005f5e100000000003b9aca00} bits: 0..592; refs: 0..0} CS{Cell{0042ea000000000098968000000000271000000000000f424000000001800055555555} bits: 0..264; refs: 0..0} CS{Cell{0042ea0000000000061a800000000001900000000000009c4000000001800055555555} bits: 0..264; refs: 0..0} (null) ] 0 (null) ]\n' +
          '[ 4][t 0][2024-10-30 23:27:07.021000][transaction.cpp:1675]\tstarting VM\n' +
          '[ 4][t 0][2024-10-30 23:27:07.021000][transaction.cpp:1680]\tVM terminated with exit code 0\n' +
          '[ 3][t 0][2024-10-30 23:27:07.021000][transaction.cpp:1702]\tsteps: 5 gas: used=309, max=1000000, limit=1000000, credit=0\n' +
          '[ 3][t 0][2024-10-30 23:27:07.021000][transaction.cpp:1704]\tout_of_gas=false, accepted=true, success=true, time=0.000018s\n' +
          '[ 4][t 0][2024-10-30 23:27:07.021000][transaction.cpp:1737]\tgas fees: 123600 = 26214400 * 309 /2^16 ; price=26214400; flat rate=[40000 for 100]; remaining balance=999999794872607ng\n',
        vmLogs: 'execute SETCP 0\n' +
          'execute DICTPUSHCONST 19 (xC_,1)\n' +
          'execute DICTIGETJMPZ\n' +
          'execute DROP\n' +
          'execute implicit RET\n',
        debugLogs: '',
        events: [],
        parent: {
          address: 84049441022908470316622795825605090351520748406577698494615284512509455375210n,
          lt: 41000000n,
          prevTransactionHash: 33021716547981862440656340687561144000873425035681901986472342987682038761591n,
          prevTransactionLt: 37000000n,
          now: 1732922826,
          outMessagesCount: 1,
          oldStatus: 'active',
          endStatus: 'non-existing',
          inMessage: [Object],
          outMessages: [Dictionary],
          totalFees: [Object],
          stateUpdate: [Object],
          description: [Object],
          raw: x{7B9D24C3C0A4527B020E025CA956131C5EB5081291157C25FD7961DF2D03A1B6A0000000002719C404901A11542A3A115B5EF11D07B4614DDFC5894B79479679F8B350B6067E148770000000002349340674A4DCA0003666BCAC6}
           x{E_}
            x{4800A4BAF36B13E3AE770F28659A34B2D81F38859E8C08CF776F2BB4B44180438271002E74930F029149EC08380972A5584C717AD4204A4455F097F5E5877CB40E86DA90BCA3A88C0656E1D8000000000487AB08CE949B95E_}
             x{34_}
              x{FF00F4A413F4BCF2C80B}
               x{62_}
                x{D001D0D3030171B0A301FA400120D74981010BBAF2E08820D70B0A208104FFBAF2D0898309BAF2E088545053036F04F86102F862DB3C5512DB3CF2E082}
                 x{ED44D0D401F863D200018E2FD31FFA400120D74981010BBAF2E08820D70B0A208104FFBAF2D0898309BAF2E08801D2000191D4926D01E255206C13E0F828D70B0A8309BAF2E089810101D700FA400120D74981010BBAF2E08820D70B0A208104FFBAF2D0898309BAF2E0881202D101DB3C}
                  x{6D}
                 x{0192307FE07021D749C21F953020D70B1FDE208210AFE93535BA8F5130D31F018210AFE93535BAF2E081D33FFA400120D74981010BBAF2E08820D70B0A208104FFBAF2D0898309BAF2E08801D455206C1332820898968070FB024434DB3C30037083067055206D6D6DDB3C597FE0208210B8A3AA14BAE302}
                  x{F8425220C705F2E084}
                  x{C87101CA01500701CA007001CA02500520D74981010BBAF2E08820D70B0A208104FFBAF2D0898309BAF2E088CF165003FA027001CA68236EB3917F93246EB3E2973333017001CA00E30D216EB39C7F01CA0001206EF2D08001CC95317001CA00E2C901FB00}
                   x{7F01CA00C87001CA007001CA00246EB39D7F01CA0004206EF2D0805004CC9634037001CA00E2246EB39D7F01CA0004206EF2D0805004CC9634037001CA00E27001CA00027F01CA0002C958CC}
                  x{30D31F018210B8A3AA14BAF2E081D33FFA400120D74981010BBAF2E08820D70B0A208104FFBAF2D0898309BAF2E088126C12317020FB025520DB3C03708100A07055206D6D6DDB3C587F}
                   x{F8425220C705F2E084}
                   x{C87101CA01500701CA007001CA02500520D74981010BBAF2E08820D70B0A208104FFBAF2D0898309BAF2E088CF165003FA027001CA68236EB3917F93246EB3E2973333017001CA00E30D216EB39C7F01CA0001206EF2D08001CC95317001CA00E2C901FB00}
                    x{7F01CA00C87001CA007001CA00246EB39D7F01CA0004206EF2D0805004CC9634037001CA00E2246EB39D7F01CA0004206EF2D0805004CC9634037001CA00E27001CA00027F01CA0002C958CC}
                  x{8210E601F8E5BA8ECED31F018210E601F8E5BAF2E081D33F0131820898968070FB02F8416F2410235F037083067F25206EF2D080542580C855208210B687AB175004CB1F12CB3FCB1FCCC9103441301443306D6DDB3C7FE03070}
                   x{C87101CA01500701CA007001CA02500520D74981010BBAF2E08820D70B0A208104FFBAF2D0898309BAF2E088CF165003FA027001CA68236EB3917F93246EB3E2973333017001CA00E30D216EB39C7F01CA0001206EF2D08001CC95317001CA00E2C901FB00}
                    x{7F01CA00C87001CA007001CA00246EB39D7F01CA0004206EF2D0805004CC9634037001CA00E2246EB39D7F01CA0004206EF2D0805004CC9634037001CA00E27001CA00027F01CA0002C958CC}
                 x{C8F84301CC7F01CA0055205023CB1F0120D74981010BBAF2E08820D70B0A208104FFBAF2D0898309BAF2E088CF16216EB3957F01CA00CC947032CA00E2C9ED54}
                x{2_}
                 x{BE28EED9E6D9E3618C_}
                  x{ED44D0D401F863D200018E2FD31FFA400120D74981010BBAF2E08820D70B0A208104FFBAF2D0898309BAF2E08801D2000191D4926D01E255206C13E0F828D70B0A8309BAF2E089810101D700FA400120D74981010BBAF2E08820D70B0A208104FFBAF2D0898309BAF2E0881202D101DB3C}
                   x{6D}
                  x{21}
                 x{2_}
                  x{4}
                   x{B1D8B6CF36CF1B0C6_}
                    x{ED44D0D401F863D200018E2FD31FFA400120D74981010BBAF2E08820D70B0A208104FFBAF2D0898309BAF2E08801D2000191D4926D01E255206C13E0F828D70B0A8309BAF2E089810101D700FA400120D74981010BBAF2E08820D70B0A208104FFBAF2D0898309BAF2E0881202D101DB3C}
                     x{6D}
                    x{20}
                   x{B36436CF36CF1B0C6_}
                    x{ED44D0D401F863D200018E2FD31FFA400120D74981010BBAF2E08820D70B0A208104FFBAF2D0898309BAF2E08801D2000191D4926D01E255206C13E0F828D70B0A8309BAF2E089810101D700FA400120D74981010BBAF2E08820D70B0A208104FFBAF2D0898309BAF2E0881202D101DB3C}
                     x{6D}
                    x{22}
                  x{B82BEED44D0D20001}
              x{0000000000000000000000000000000000000000000000000000000000000000200292EBCDAC4F8EB9DC3CA19668D2CB607CE2167A30233DDDBCAED2D106010E09C4_}
               x{C_}
                x{A0838F_}
                 x{FF00F4A413F4BCF2C80B}
                  x{62_}
                   x{D001D0D3030171B0A301FA400120D74981010BBAF2E08820D70B0A208104FFBAF2D0898309BAF2E088545053036F04F86102F862DB3C5512DB3CF2E082}
                    x{ED44D0D401F863D200018E2FD31FFA400120D74981010BBAF2E08820D70B0A208104FFBAF2D0898309BAF2E08801D2000191D4926D01E255206C13E0F828D70B0A8309BAF2E089810101D700FA400120D74981010BBAF2E08820D70B0A208104FFBAF2D0898309BAF2E0881202D101DB3C}
                     x{6D}
                    x{0192307FE07021D749C21F953020D70B1FDE208210AFE93535BA8F5130D31F018210AFE93535BAF2E081D33FFA400120D74981010BBAF2E08820D70B0A208104FFBAF2D0898309BAF2E08801D455206C1332820898968070FB024434DB3C30037083067055206D6D6DDB3C597FE0208210B8A3AA14BAE302}
                     x{F8425220C705F2E084}
                     x{C87101CA01500701CA007001CA02500520D74981010BBAF2E08820D70B0A208104FFBAF2D0898309BAF2E088CF165003FA027001CA68236EB3917F93246EB3E2973333017001CA00E30D216EB39C7F01CA0001206EF2D08001CC95317001CA00E2C901FB00}
                      x{7F01CA00C87001CA007001CA00246EB39D7F01CA0004206EF2D0805004CC9634037001CA00E2246EB39D7F01CA0004206EF2D0805004CC9634037001CA00E27001CA00027F01CA0002C958CC}
                     x{30D31F018210B8A3AA14BAF2E081D33FFA400120D74981010BBAF2E08820D70B0A208104FFBAF2D0898309BAF2E088126C12317020FB025520DB3C03708100A07055206D6D6DDB3C587F}
                      x{F8425220C705F2E084}
                      x{C87101CA01500701CA007001CA02500520D74981010BBAF2E08820D70B0A208104FFBAF2D0898309BAF2E088CF165003FA027001CA68236EB3917F93246EB3E2973333017001CA00E30D216EB39C7F01CA0001206EF2D08001CC95317001CA00E2C901FB00}
                       x{7F01CA00C87001CA007001CA00246EB39D7F01CA0004206EF2D0805004CC9634037001CA00E2246EB39D7F01CA0004206EF2D0805004CC9634037001CA00E27001CA00027F01CA0002C958CC}
                     x{8210E601F8E5BA8ECED31F018210E601F8E5BAF2E081D33F0131820898968070FB02F8416F2410235F037083067F25206EF2D080542580C855208210B687AB175004CB1F12CB3FCB1FCCC9103441301443306D6DDB3C7FE03070}
                      x{C87101CA01500701CA007001CA02500520D74981010BBAF2E08820D70B0A208104FFBAF2D0898309BAF2E088CF165003FA027001CA68236EB3917F93246EB3E2973333017001CA00E30D216EB39C7F01CA0001206EF2D08001CC95317001CA00E2C901FB00}
                       x{7F01CA00C87001CA007001CA00246EB39D7F01CA0004206EF2D0805004CC9634037001CA00E2246EB39D7F01CA0004206EF2D0805004CC9634037001CA00E27001CA00027F01CA0002C958CC}
                    x{C8F84301CC7F01CA0055205023CB1F0120D74981010BBAF2E08820D70B0A208104FFBAF2D0898309BAF2E088CF16216EB3957F01CA00CC947032CA00E2C9ED54}
                   x{2_}
                    x{BE28EED9E6D9E3618C_}
                     x{ED44D0D401F863D200018E2FD31FFA400120D74981010BBAF2E08820D70B0A208104FFBAF2D0898309BAF2E08801D2000191D4926D01E255206C13E0F828D70B0A8309BAF2E089810101D700FA400120D74981010BBAF2E08820D70B0A208104FFBAF2D0898309BAF2E0881202D101DB3C}
                      x{6D}
                     x{21}
                    x{2_}
                     x{4}
                      x{B1D8B6CF36CF1B0C6_}
                       x{ED44D0D401F863D200018E2FD31FFA400120D74981010BBAF2E08820D70B0A208104FFBAF2D0898309BAF2E08801D2000191D4926D01E255206C13E0F828D70B0A8309BAF2E089810101D700FA400120D74981010BBAF2E08820D70B0A208104FFBAF2D0898309BAF2E0881202D101DB3C}
                        x{6D}
                       x{20}
                      x{B36436CF36CF1B0C6_}
                       x{ED44D0D401F863D200018E2FD31FFA400120D74981010BBAF2E08820D70B0A208104FFBAF2D0898309BAF2E08801D2000191D4926D01E255206C13E0F828D70B0A8309BAF2E089810101D700FA400120D74981010BBAF2E08820D70B0A208104FFBAF2D0898309BAF2E0881202D101DB3C}
                        x{6D}
                       x{22}
                     x{B82BEED44D0D20001}
             x{B8A3AA140000000000000000801D3E5E1B0970E52ABD4EA639AED542E118FE33D2F03FE072737A6B74A8FDC2C69_}
            x{DF_}
             x{480173A49878148A4F6041C04B952AC2638BD6A1025222AF84BFAF2C3BE5A07436D5003A7CBC3612E1CA557A9D4C735DAA85C231FC67A5E07FC0E4E6F4D6E951FB858D10BE1E264C0608235A0000000004E33882CE949B944_}
           x{726CB0BAF1B7A479F06615C9B2F7947423B8E1D73BE7AFB93850A49B3C399299A090AEC8965AFABB16EBC3CB9B408EBAE71B618D78788BC80D09843593CAC98DA4}
           x{0C090BCA3A88D8667B9213_}
            x{44262C3D09000000000000000000FA00000000000000000000000000000000000000000000000000000000000000000000000000000000000000000000000000000000000000000000000000000000}
            x{DCC186A0260411A6000000000002000100000001F01808E7C65384854FD0A4F77793F95695733B675EB306C4FAC3CFF546A3D22720280B06_},
          hash: [Function: hash],
          blockchainLogs: '[ 4][t 0][2024-10-30 23:27:07.009000][transaction.cpp:443]\tunpacking account B9D24C3C0A4527B020E025CA956131C5EB5081291157C25FD7961DF2D03A1B6A\n' +
            '[ 4][t 0][2024-10-30 23:27:07.009000][transaction.cpp:274]\tlast_paid=1732922826; cells=28 bits=7123 public_cells=0\n' +
            '[ 4][t 0][2024-10-30 23:27:07.009000][transaction.cpp:504]\tend of Account.unpack() for 0:B9D24C3C0A4527B020E025CA956131C5EB5081291157C25FD7961DF2D03A1B6A (balance = 10000000ng ; last_trans_lt = 37000000..37000002)\n' +
            '[ 4][t 0][2024-10-30 23:27:07.009000][transaction.cpp:3655]\tblock random seed set to 0000000000000000000000000000000000000000000000000000000000000000\n' +
            '[ 4][t 0][2024-10-30 23:27:07.009000][transaction.cpp:1236]\tgas limits: max=1000000, limit=1000000, credit=0\n' +
            '[ 4][t 0][2024-10-30 23:27:07.009000][transaction.cpp:1571]\tHASH(in_msg_state) = B9D24C3C0A4527B020E025CA956131C5EB5081291157C25FD7961DF2D03A1B6A, account_state_hash = 0000000000000000000000000000000000000000000000000000000000000000\n' +
            '[ 4][t 0][2024-10-30 23:27:07.009000][transaction.cpp:1645]\tcreating VM\n' +
            '[ 4][t 0][2024-10-30 23:27:07.009000][transaction.cpp:1351]\tSmartContractInfo initialized with [ 124711402 0 0 1732922826 41000000 41000000 84630195367514639409622924175749312199831056191303332875639359062248049886761 [ 801210531 (null) ] CS{Cell{026dc00b9d24c3c0a4527b020e025ca956131c5eb5081291157c25fd7961df2d03a1b6a23886f4c33a526e500000000008d24d08e625a01340} bits: 1..268; refs: 0..0} C{A7EC01478F770EF8F8B037CC7E42F0ABF0D85A50E1828C2394DAD1411691F2DE} C{F2179DCD5CFD8A1E113288591FFB7A5E10E107D0D2C36DF69E40398023DAA7B1} [ 791210531 (null) ] 0 (null) [ CS{Cell{004dd06600000000000000000000000080000000000000fa00000000000001f4000000000003d09040} bits: 9..305; refs: 0..0} (null) CS{Cell{0094d1000000000000006400000000000f4240de000000002710000000000000000f42400000000002160ec0000000000000271000000000002625a00000000005f5e100000000003b9aca00} bits: 0..592; refs: 0..0} CS{Cell{0094d100000000000000640000000000009c40de000000000190000000000000000f424000000000000f4240000000000000271000000000009896800000000005f5e100000000003b9aca00} bits: 0..592; refs: 0..0} CS{Cell{0042ea000000000098968000000000271000000000000f424000000001800055555555} bits: 0..264; refs: 0..0} CS{Cell{0042ea0000000000061a800000000001900000000000009c4000000001800055555555} bits: 0..264; refs: 0..0} (null) ] 0 (null) ]\n' +
            '[ 4][t 0][2024-10-30 23:27:07.009000][transaction.cpp:1675]\tstarting VM\n' +
            '[ 4][t 0][2024-10-30 23:27:07.009000][transaction.cpp:1680]\tVM terminated with exit code 0\n' +
            '[ 3][t 0][2024-10-30 23:27:07.009000][transaction.cpp:1702]\tsteps: 250 gas: used=8497, max=1000000, limit=1000000, credit=0\n' +
            '[ 3][t 0][2024-10-30 23:27:07.009000][transaction.cpp:1704]\tout_of_gas=false, accepted=true, success=true, time=0.000400s\n' +
            '[ 4][t 0][2024-10-30 23:27:07.009000][transaction.cpp:1737]\tgas fees: 3398800 = 26214400 * 8497 /2^16 ; price=26214400; flat rate=[40000 for 100]; remaining balance=797811731ng\n' +
            '[ 3][t 0][2024-10-30 23:27:07.009000][transaction.cpp:2678]\tin try_action_reserve_currency(0)\n' +
            '[ 4][t 0][2024-10-30 23:27:07.009000][transaction.cpp:2684]\taction_reserve_currency: mode=0, reserve=0ng, balance=797811731ng, original balance=10000000ng\n' +
            '[ 3][t 0][2024-10-30 23:27:07.009000][transaction.cpp:2729]\tchanged remaining balance to 797811731ng, reserved balance to 0ng\n' +
            '[ 4][t 0][2024-10-30 23:27:07.009000][transaction.cpp:2448]\tstorage paid for a message: 0 cells, 0 bits\n' +
            '[ 4][t 0][2024-10-30 23:27:07.010000][transaction.cpp:2452]\tcomputed fwd fees = 400000 + 0\n',
          vmLogs: 'ecute STSLICER\n' +
            'execute OVER\n' +
            'execute ISNULL\n' +
            'execute NOT\n' +
            'execute PUSHCONT x7F01CA00CC\n' +
            'execute PUSHCONT x7032CA00\n' +
            'execute IFELSE\n' +
            'execute PUSHINT -1\n' +
            'execute SWAP\n' +
            'execute STI 1\n' +
            'execute STREF\n' +
            'execute implicit RET\n' +
            'execute ENDC\n' +
            'execute POP c4\n' +
            'execute implicit RET\n',
          debugLogs: '',
          events: [Array],
          parent: [Object],
          children: [Array],
          externals: []
        },
        children: [],
        externals: []
      },
      {
        address: 58472766802306075836644181314469769209867032629105944563722669090714916911778n,
        lt: 45000000n,
        prevTransactionHash: 67171088388059803072842770399628472122844378047067263796752848900879521174956n,
        prevTransactionLt: 26000000n,
        now: 1732922826,
        outMessagesCount: 0,
        oldStatus: 'active',
        endStatus: 'active',
        inMessage: { info: [Object], init: null, body: x{} },
        outMessages: Dictionary { _key: [Object], _value: [Object], _map: Map(0) {} },
        totalFees: { coins: 274724n },
        stateUpdate: {
          oldHash: <Buffer db 31 dc 0d db 7a 68 9c 19 ab de 56 04 64 7b b0 01 1a 85 0a 74 35 30 25 46 3f 83 07 13 0a 75 a5>,
          newHash: <Buffer 4a 2e af 1e d9 3d 3e 2c 2b 69 68 f9 32 4d fe fc 7c 93 f4 9d 09 ed 9c 05 d4 bc 7e c0 b5 99 cc 4b>
        },
        description: {
          type: 'generic',
          creditFirst: false,
          storagePhase: [Object],
          creditPhase: [Object],
          computePhase: [Object],
          actionPhase: [Object],
          bouncePhase: undefined,
          aborted: false,
          destroyed: false
        },
        raw: x{7814669C6B54FD8B2DD8E93AAA6E5DE45BD032703F7A61C194AB414089B0A7AA20000000002AEA54094817D1DF93DC076B5E667CA5C4DF019D2DCCCE77C1090C4EFDE9E6CFBA055AC00000000018CBA80674A4DCA000146086248}
         x{A_}
          x{6800A4BAF36B13E3AE770F28659A34B2D81F38859E8C08CF776F2BB4B441804382710020519A71AD53F62CB763A4EAA9B977916F40C9C0FDE9870652AD050226C29EA890FA19E1000608235A000000000501BD02CE949B944_}
         x{72DB31DC0DDB7A689C19ABDE5604647BB0011A850A74353025463F8307130A75A54A2EAF1ED93D3E2C2B6968F9324DFEFC7C93F49D09ED9C05D4BC7EC0B599CC4B}
         x{04C09395090FA19E1018603C5A11_}
          x{4026AC3D090000000000000000000500000000000000000000000000000000000000000000000000000000000000000000000000000000000000000000000000000000000000000000000000000000}
          x{C00000000000000000000000012D452DA449E50B8CF7DD27861F146122AFE1B546BB8B70FC8216F0C614139F8E04_},
        hash: [Function: hash],
        blockchainLogs: '[ 4][t 0][2024-10-30 23:27:07.023000][transaction.cpp:443]\tunpacking account 814669C6B54FD8B2DD8E93AAA6E5DE45BD032703F7A61C194AB414089B0A7AA2\n' +
          '[ 4][t 0][2024-10-30 23:27:07.023000][transaction.cpp:274]\tlast_paid=1730330826; cells=6 bits=821 public_cells=0\n' +
          '[ 4][t 0][2024-10-30 23:27:07.023000][transaction.cpp:504]\tend of Account.unpack() for 0:814669C6B54FD8B2DD8E93AAA6E5DE45BD032703F7A61C194AB414089B0A7AA2 (balance = 999998964250400ng ; last_trans_lt = 26000000..26000001)\n' +
          '[ 4][t 0][2024-10-30 23:27:07.023000][transaction.cpp:3655]\tblock random seed set to 0000000000000000000000000000000000000000000000000000000000000000\n' +
          '[ 4][t 0][2024-10-30 23:27:07.023000][transaction.cpp:1236]\tgas limits: max=1000000, limit=1000000, credit=0\n' +
          '[ 4][t 0][2024-10-30 23:27:07.023000][transaction.cpp:1575]\tin_msg_state is null\n' +
          '[ 4][t 0][2024-10-30 23:27:07.023000][transaction.cpp:1645]\tcreating VM\n' +
          '[ 4][t 0][2024-10-30 23:27:07.023000][transaction.cpp:1351]\tSmartContractInfo initialized with [ 124711402 0 0 1732922826 45000000 45000000 115447700146533501994236152434741364412838807905984067774762833459387322310298 [ 1000000013099276 (null) ] CS{Cell{0275c00814669c6b54fd8b2dd8e93aaa6e5de45bd032703f7a61c194ab414089b0a7aa220c80cd4339160650000000000632ea05c0e35f99c28dc81340} bits: 1..268; refs: 0..0} C{A7EC01478F770EF8F8B037CC7E42F0ABF0D85A50E1828C2394DAD1411691F2DE} C{D992502B94EA96E7B34E5D62FFB0C6FC73D78B3E61F11F0848FB3A1EB1AFC912} [ 1049000000 (null) ] 151124 (null) [ CS{Cell{004dd06600000000000000000000000080000000000000fa00000000000001f4000000000003d09040} bits: 9..305; refs: 0..0} (null) CS{Cell{0094d1000000000000006400000000000f4240de000000002710000000000000000f42400000000002160ec0000000000000271000000000002625a00000000005f5e100000000003b9aca00} bits: 0..592; refs: 0..0} CS{Cell{0094d100000000000000640000000000009c40de000000000190000000000000000f424000000000000f4240000000000000271000000000009896800000000005f5e100000000003b9aca00} bits: 0..592; refs: 0..0} CS{Cell{0042ea000000000098968000000000271000000000000f424000000001800055555555} bits: 0..264; refs: 0..0} CS{Cell{0042ea0000000000061a800000000001900000000000009c4000000001800055555555} bits: 0..264; refs: 0..0} (null) ] 0 (null) ]\n' +
          '[ 4][t 0][2024-10-30 23:27:07.023000][transaction.cpp:1675]\tstarting VM\n' +
          '[ 4][t 0][2024-10-30 23:27:07.023000][transaction.cpp:1680]\tVM terminated with exit code 0\n' +
          '[ 3][t 0][2024-10-30 23:27:07.023000][transaction.cpp:1702]\tsteps: 5 gas: used=309, max=1000000, limit=1000000, credit=0\n' +
          '[ 3][t 0][2024-10-30 23:27:07.023000][transaction.cpp:1704]\tout_of_gas=false, accepted=true, success=true, time=0.000021s\n' +
          '[ 4][t 0][2024-10-30 23:27:07.023000][transaction.cpp:1737]\tgas fees: 123600 = 26214400 * 309 /2^16 ; price=26214400; flat rate=[40000 for 100]; remaining balance=1000000012975676ng\n',
        vmLogs: 'execute SETCP 0\n' +
          'execute DICTPUSHCONST 19 (xC_,1)\n' +
          'execute DICTIGETJMPZ\n' +
          'execute DROP\n' +
          'execute implicit RET\n',
        debugLogs: '',
        events: [],
        parent: {
          address: 37254810366437813475271750514734067285117962570475561289538093995582013161784n,
          lt: 42000000n,
          prevTransactionHash: 80184949935994409670566327459577224533075708200395390211290878934049269487858n,
          prevTransactionLt: 38000000n,
          now: 1732922826,
          outMessagesCount: 2,
          oldStatus: 'active',
          endStatus: 'active',
          inMessage: [Object],
          outMessages: [Dictionary],
          totalFees: [Object],
          stateUpdate: [Object],
          description: [Object],
          raw: x{7525D79B589F1D73B879432CD1A596C0F9C42CF460467BBB795DA5A20C021C138000000000280DE80B14712C6F397BED2FCA30A953C504FF6FEA11514DC9EDDF66711544DC6DC18F2000000000243D580674A4DCA000547598D6C}
           x{E_}
            x{6800F99E4F01C1A7C3616D00B3681096094D190E846AE8B8DA0403AC5E7A4431E26D0014975E6D627C75CEE1E50CB346965B03E710B3D18119EEEDE57696883008704E101119EF88060DFF5E0000000004A62F82CE949B94C_}
             x{2A004A0500000000000000000000000000000000000000000000000000000000000000000000000000000000C00814669C6B54FD8B2DD8E93AAA6E5DE45BD032703F7A61C194AB414089B0A7AA2}
            x{DD_}
             x{2_}
              x{6800A4BAF36B13E3AE770F28659A34B2D81F38859E8C08CF776F2BB4B441804382710020519A71AD53F62CB763A4EAA9B977916F40C9C0FDE9870652AD050226C29EA890FA19E1000608235A000000000501BD02CE949B944_}
             x{2_}
              x{6800A4BAF36B13E3AE770F28659A34B2D81F38859E8C08CF776F2BB4B44180438271003A7CBC3612E1CA557A9D4C735DAA85C231FC67A5E07FC0E4E6F4D6E951FB858D100E4647480608235A000000000501BD04CE949B944_}
           x{722E88A004D7A048F485B76352F7DE14EC91D39BBAE1E1CA932AF30F5A9A9141431F964B3F49B5F09C4E30C08FCEE5D4204647851A9661A6EF9CE773D1C0192651}
           x{040901119EF8987516A211_}
            x{4D7F2C0AF1E00000000000000002E500000000000000000000000000000000000000000000000000000000000000000000000000000000000000000000000000000000000000000000000000000000}
            x{C9861A804C104698000000000006000200000004520F5BFAE2DB811E659CF17FB03F2335C3023F4A4B88DDB137FBD366D6D178EA40902C14_},
          hash: [Function: hash],
          blockchainLogs: '[ 4][t 0][2024-10-30 23:27:07.013000][transaction.cpp:443]\tunpacking account 525D79B589F1D73B879432CD1A596C0F9C42CF460467BBB795DA5A20C021C138\n' +
            '[ 4][t 0][2024-10-30 23:27:07.013000][transaction.cpp:274]\tlast_paid=1732922826; cells=234 bits=84033 public_cells=0\n' +
            '[ 4][t 0][2024-10-30 23:27:07.013000][transaction.cpp:504]\tend of Account.unpack() for 0:525D79B589F1D73B879432CD1A596C0F9C42CF460467BBB795DA5A20C021C138 (balance = 2100000000ng ; last_trans_lt = 38000000..38000005)\n' +
            '[ 4][t 0][2024-10-30 23:27:07.013000][transaction.cpp:3655]\tblock random seed set to 0000000000000000000000000000000000000000000000000000000000000000\n' +
            '[ 4][t 0][2024-10-30 23:27:07.013000][transaction.cpp:1236]\tgas limits: max=1000000, limit=179320, credit=0\n' +
            '[ 4][t 0][2024-10-30 23:27:07.013000][transaction.cpp:1575]\tin_msg_state is null\n' +
            '[ 4][t 0][2024-10-30 23:27:07.013000][transaction.cpp:1645]\tcreating VM\n' +
            '[ 4][t 0][2024-10-30 23:27:07.013000][transaction.cpp:1351]\tSmartContractInfo initialized with [ 124711402 0 0 1732922826 42000000 42000000 14068792954309835536948273256715513127174070948738620016199408580766834334284 [ 2171728098 (null) ] CS{Cell{0271c00525d79b589f1d73b879432cd1a596c0f9c42cf460467bbb795da5a20c021c1383d4c05210433a526e5000000000090f56151f4add401340} bits: 1..268; refs: 0..0} C{A7EC01478F770EF8F8B037CC7E42F0ABF0D85A50E1828C2394DAD1411691F2DE} C{42B6F0E46484EFC57B9508F6BA7EF42E7512023D5CB4ED5628DD1C7755D16E9D} [ 71728098 (null) ] 0 (null) [ CS{Cell{004dd06600000000000000000000000080000000000000fa00000000000001f4000000000003d09040} bits: 9..305; refs: 0..0} (null) CS{Cell{0094d1000000000000006400000000000f4240de000000002710000000000000000f42400000000002160ec0000000000000271000000000002625a00000000005f5e100000000003b9aca00} bits: 0..592; refs: 0..0} CS{Cell{0094d100000000000000640000000000009c40de000000000190000000000000000f424000000000000f4240000000000000271000000000009896800000000005f5e100000000003b9aca00} bits: 0..592; refs: 0..0} CS{Cell{0042ea000000000098968000000000271000000000000f424000000001800055555555} bits: 0..264; refs: 0..0} CS{Cell{0042ea0000000000061a800000000001900000000000009c4000000001800055555555} bits: 0..264; refs: 0..0} (null) ] 0 (null) ]\n' +
            '[ 4][t 0][2024-10-30 23:27:07.013000][transaction.cpp:1675]\tstarting VM\n' +
            '[ 4][t 0][2024-10-30 23:27:07.014000][transaction.cpp:1680]\tVM terminated with exit code 0\n' +
            '[ 3][t 0][2024-10-30 23:27:07.014000][transaction.cpp:1702]\tsteps: 741 gas: used=27641, max=1000000, limit=179320, credit=0\n' +
            '[ 3][t 0][2024-10-30 23:27:07.014000][transaction.cpp:1704]\tout_of_gas=false, accepted=true, success=true, time=0.000792s\n' +
            '[ 4][t 0][2024-10-30 23:27:07.014000][transaction.cpp:1737]\tgas fees: 11056400 = 26214400 * 27641 /2^16 ; price=26214400; flat rate=[40000 for 100]; remaining balance=2160671698ng\n' +
            '[ 3][t 0][2024-10-30 23:27:07.014000][transaction.cpp:2678]\tin try_action_reserve_currency(0)\n' +
            '[ 4][t 0][2024-10-30 23:27:07.014000][transaction.cpp:2684]\taction_reserve_currency: mode=0, reserve=1051000000ng, balance=2160671698ng, original balance=2100000000ng\n' +
            '[ 3][t 0][2024-10-30 23:27:07.014000][transaction.cpp:2729]\tchanged remaining balance to 1109671698ng, reserved balance to 1051000000ng\n' +
            '[ 4][t 0][2024-10-30 23:27:07.014000][transaction.cpp:2448]\tstorage paid for a message: 0 cells, 0 bits\n' +
            '[ 4][t 0][2024-10-30 23:27:07.014000][transaction.cpp:2452]\tcomputed fwd fees = 400000 + 0\n' +
            '[ 4][t 0][2024-10-30 23:27:07.014000][transaction.cpp:2448]\tstorage paid for a message: 0 cells, 0 bits\n' +
            '[ 4][t 0][2024-10-30 23:27:07.014000][transaction.cpp:2452]\tcomputed fwd fees = 400000 + 0\n',
          vmLogs: 'xecute EQUAL\n' +
            'execute THROWIF 137\n' +
            'execute PUSHPOW2 10\n' +
            'execute EQUAL\n' +
            'execute THROWIFNOT 136\n' +
            'execute STSLICER\n' +
            'execute ENDC\n' +
            'execute ROT\n' +
            'execute STREF\n' +
            'execute ENDC\n' +
            'execute SWAP\n' +
            'execute STREF\n' +
            'execute implicit RET\n' +
            'execute ENDC\n' +
            'execute POP c4\n' +
            'execute implicit RET\n',
          debugLogs: '',
          events: [Array],
          parent: [Object],
          children: [Array],
          externals: []
        },
        children: [],
        externals: []
      },
      {
        address: 105818132960003171416304597453717637701794574747475969910003481004036112389684n,
        lt: 46000000n,
        prevTransactionHash: 23762881845684480122349485715938214577085483772288041561751051945064153824479n,
        prevTransactionLt: 44000000n,
        now: 1732922826,
        outMessagesCount: 0,
        oldStatus: 'active',
        endStatus: 'active',
        inMessage: { info: [Object], init: null, body: x{} },
        outMessages: Dictionary { _key: [Object], _value: [Object], _map: Map(0) {} },
        totalFees: { coins: 123600n },
        stateUpdate: {
          oldHash: <Buffer c7 b4 d0 93 a4 2c 73 96 d8 cf 21 5e 7b f5 34 7e 72 62 73 c2 be 84 5e 7e cd 36 91 e0 2a 17 01 3c>,
          newHash: <Buffer e7 8e c5 72 c1 c3 7f 76 40 a4 3a 53 e4 b0 55 ff 14 31 f1 9c b5 f0 ca de 7e 2e 91 1c e1 9a 3b 98>
        },
        description: {
          type: 'generic',
          creditFirst: false,
          storagePhase: [Object],
          creditPhase: [Object],
          computePhase: [Object],
          actionPhase: [Object],
          bouncePhase: undefined,
          aborted: false,
          destroyed: false
        },
        raw: x{7E9F2F0D84B872955EA7531CD76AA1708C7F19E9781FF03939BD35BA547EE16340000000002BDE78034895083002EC07F09D7442112D331B5145314650A48F2F542DB43126CB53CDF00000000029F6300674A4DCA00014603C5A0}
         x{A_}
          x{6800A4BAF36B13E3AE770F28659A34B2D81F38859E8C08CF776F2BB4B44180438271003A7CBC3612E1CA557A9D4C735DAA85C231FC67A5E07FC0E4E6F4D6E951FB858D100E4647480608235A000000000501BD04CE949B944_}
         x{72C7B4D093A42C7396D8CF215E7BF5347E726273C2BE845E7ECD3691E02A17013CE78EC572C1C37F7640A43A53E4B055FF1431F19CB5F0CADE7E2E911CE19A3B98}
         x{040900E4647498603C5A11_}
          x{4026AC0922BC00000000000000000500000000000000000000000000000000000000000000000000000000000000000000000000000000000000000000000000000000000000000000000000000000}
          x{C00000000000000000000000012D452DA449E50B8CF7DD27861F146122AFE1B546BB8B70FC8216F0C614139F8E04_},
        hash: [Function: hash],
        blockchainLogs: '[ 4][t 0][2024-10-30 23:27:07.025000][transaction.cpp:443]\tunpacking account E9F2F0D84B872955EA7531CD76AA1708C7F19E9781FF03939BD35BA547EE1634\n' +
          '[ 4][t 0][2024-10-30 23:27:07.025000][transaction.cpp:274]\tlast_paid=1732922826; cells=6 bits=821 public_cells=0\n' +
          '[ 4][t 0][2024-10-30 23:27:07.025000][transaction.cpp:504]\tend of Account.unpack() for 0:E9F2F0D84B872955EA7531CD76AA1708C7F19E9781FF03939BD35BA547EE1634 (balance = 999999794872607ng ; last_trans_lt = 44000000..44000001)\n' +
          '[ 4][t 0][2024-10-30 23:27:07.025000][transaction.cpp:3655]\tblock random seed set to 0000000000000000000000000000000000000000000000000000000000000000\n' +
          '[ 4][t 0][2024-10-30 23:27:07.025000][transaction.cpp:1236]\tgas limits: max=1000000, limit=149679, credit=0\n' +
          '[ 4][t 0][2024-10-30 23:27:07.025000][transaction.cpp:1575]\tin_msg_state is null\n' +
          '[ 4][t 0][2024-10-30 23:27:07.025000][transaction.cpp:1645]\tcreating VM\n' +
          '[ 4][t 0][2024-10-30 23:27:07.025000][transaction.cpp:1351]\tSmartContractInfo initialized with [ 124711402 0 0 1732922826 46000000 46000000 60210483465141978598827679003117970236339845468170532052053411751718225576024 [ 999999854744305 (null) ] CS{Cell{0275c00e9f2f0d84b872955ea7531cd76aa1708c7f19e9781ff03939bd35ba547ee163420c80cd433a526e50000000000a7d8c05c0e35fa6232047d340} bits: 1..268; refs: 0..0} C{A7EC01478F770EF8F8B037CC7E42F0ABF0D85A50E1828C2394DAD1411691F2DE} C{D992502B94EA96E7B34E5D62FFB0C6FC73D78B3E61F11F0848FB3A1EB1AFC912} [ 59871698 (null) ] 0 (null) [ CS{Cell{004dd06600000000000000000000000080000000000000fa00000000000001f4000000000003d09040} bits: 9..305; refs: 0..0} (null) CS{Cell{0094d1000000000000006400000000000f4240de000000002710000000000000000f42400000000002160ec0000000000000271000000000002625a00000000005f5e100000000003b9aca00} bits: 0..592; refs: 0..0} CS{Cell{0094d100000000000000640000000000009c40de000000000190000000000000000f424000000000000f4240000000000000271000000000009896800000000005f5e100000000003b9aca00} bits: 0..592; refs: 0..0} CS{Cell{0042ea000000000098968000000000271000000000000f424000000001800055555555} bits: 0..264; refs: 0..0} CS{Cell{0042ea0000000000061a800000000001900000000000009c4000000001800055555555} bits: 0..264; refs: 0..0} (null) ] 0 (null) ]\n' +
          '[ 4][t 0][2024-10-30 23:27:07.025000][transaction.cpp:1675]\tstarting VM\n' +
          '[ 4][t 0][2024-10-30 23:27:07.025000][transaction.cpp:1680]\tVM terminated with exit code 0\n' +
          '[ 3][t 0][2024-10-30 23:27:07.025000][transaction.cpp:1702]\tsteps: 5 gas: used=309, max=1000000, limit=149679, credit=0\n' +
          '[ 3][t 0][2024-10-30 23:27:07.025000][transaction.cpp:1704]\tout_of_gas=false, accepted=true, success=true, time=0.000017s\n' +
          '[ 4][t 0][2024-10-30 23:27:07.025000][transaction.cpp:1737]\tgas fees: 123600 = 26214400 * 309 /2^16 ; price=26214400; flat rate=[40000 for 100]; remaining balance=999999854620705ng\n',
        vmLogs: 'execute SETCP 0\n' +
          'execute DICTPUSHCONST 19 (xC_,1)\n' +
          'execute DICTIGETJMPZ\n' +
          'execute DROP\n' +
          'execute implicit RET\n',
        debugLogs: '',
        events: [],
        parent: {
          address: 37254810366437813475271750514734067285117962570475561289538093995582013161784n,
          lt: 42000000n,
          prevTransactionHash: 80184949935994409670566327459577224533075708200395390211290878934049269487858n,
          prevTransactionLt: 38000000n,
          now: 1732922826,
          outMessagesCount: 2,
          oldStatus: 'active',
          endStatus: 'active',
          inMessage: [Object],
          outMessages: [Dictionary],
          totalFees: [Object],
          stateUpdate: [Object],
          description: [Object],
          raw: x{7525D79B589F1D73B879432CD1A596C0F9C42CF460467BBB795DA5A20C021C138000000000280DE80B14712C6F397BED2FCA30A953C504FF6FEA11514DC9EDDF66711544DC6DC18F2000000000243D580674A4DCA000547598D6C}
           x{E_}
            x{6800F99E4F01C1A7C3616D00B3681096094D190E846AE8B8DA0403AC5E7A4431E26D0014975E6D627C75CEE1E50CB346965B03E710B3D18119EEEDE57696883008704E101119EF88060DFF5E0000000004A62F82CE949B94C_}
             x{2A004A0500000000000000000000000000000000000000000000000000000000000000000000000000000000C00814669C6B54FD8B2DD8E93AAA6E5DE45BD032703F7A61C194AB414089B0A7AA2}
            x{DD_}
             x{2_}
              x{6800A4BAF36B13E3AE770F28659A34B2D81F38859E8C08CF776F2BB4B441804382710020519A71AD53F62CB763A4EAA9B977916F40C9C0FDE9870652AD050226C29EA890FA19E1000608235A000000000501BD02CE949B944_}
             x{2_}
              x{6800A4BAF36B13E3AE770F28659A34B2D81F38859E8C08CF776F2BB4B44180438271003A7CBC3612E1CA557A9D4C735DAA85C231FC67A5E07FC0E4E6F4D6E951FB858D100E4647480608235A000000000501BD04CE949B944_}
           x{722E88A004D7A048F485B76352F7DE14EC91D39BBAE1E1CA932AF30F5A9A9141431F964B3F49B5F09C4E30C08FCEE5D4204647851A9661A6EF9CE773D1C0192651}
           x{040901119EF8987516A211_}
            x{4D7F2C0AF1E00000000000000002E500000000000000000000000000000000000000000000000000000000000000000000000000000000000000000000000000000000000000000000000000000000}
            x{C9861A804C104698000000000006000200000004520F5BFAE2DB811E659CF17FB03F2335C3023F4A4B88DDB137FBD366D6D178EA40902C14_},
          hash: [Function: hash],
          blockchainLogs: '[ 4][t 0][2024-10-30 23:27:07.013000][transaction.cpp:443]\tunpacking account 525D79B589F1D73B879432CD1A596C0F9C42CF460467BBB795DA5A20C021C138\n' +
            '[ 4][t 0][2024-10-30 23:27:07.013000][transaction.cpp:274]\tlast_paid=1732922826; cells=234 bits=84033 public_cells=0\n' +
            '[ 4][t 0][2024-10-30 23:27:07.013000][transaction.cpp:504]\tend of Account.unpack() for 0:525D79B589F1D73B879432CD1A596C0F9C42CF460467BBB795DA5A20C021C138 (balance = 2100000000ng ; last_trans_lt = 38000000..38000005)\n' +
            '[ 4][t 0][2024-10-30 23:27:07.013000][transaction.cpp:3655]\tblock random seed set to 0000000000000000000000000000000000000000000000000000000000000000\n' +
            '[ 4][t 0][2024-10-30 23:27:07.013000][transaction.cpp:1236]\tgas limits: max=1000000, limit=179320, credit=0\n' +
            '[ 4][t 0][2024-10-30 23:27:07.013000][transaction.cpp:1575]\tin_msg_state is null\n' +
            '[ 4][t 0][2024-10-30 23:27:07.013000][transaction.cpp:1645]\tcreating VM\n' +
            '[ 4][t 0][2024-10-30 23:27:07.013000][transaction.cpp:1351]\tSmartContractInfo initialized with [ 124711402 0 0 1732922826 42000000 42000000 14068792954309835536948273256715513127174070948738620016199408580766834334284 [ 2171728098 (null) ] CS{Cell{0271c00525d79b589f1d73b879432cd1a596c0f9c42cf460467bbb795da5a20c021c1383d4c05210433a526e5000000000090f56151f4add401340} bits: 1..268; refs: 0..0} C{A7EC01478F770EF8F8B037CC7E42F0ABF0D85A50E1828C2394DAD1411691F2DE} C{42B6F0E46484EFC57B9508F6BA7EF42E7512023D5CB4ED5628DD1C7755D16E9D} [ 71728098 (null) ] 0 (null) [ CS{Cell{004dd06600000000000000000000000080000000000000fa00000000000001f4000000000003d09040} bits: 9..305; refs: 0..0} (null) CS{Cell{0094d1000000000000006400000000000f4240de000000002710000000000000000f42400000000002160ec0000000000000271000000000002625a00000000005f5e100000000003b9aca00} bits: 0..592; refs: 0..0} CS{Cell{0094d100000000000000640000000000009c40de000000000190000000000000000f424000000000000f4240000000000000271000000000009896800000000005f5e100000000003b9aca00} bits: 0..592; refs: 0..0} CS{Cell{0042ea000000000098968000000000271000000000000f424000000001800055555555} bits: 0..264; refs: 0..0} CS{Cell{0042ea0000000000061a800000000001900000000000009c4000000001800055555555} bits: 0..264; refs: 0..0} (null) ] 0 (null) ]\n' +
            '[ 4][t 0][2024-10-30 23:27:07.013000][transaction.cpp:1675]\tstarting VM\n' +
            '[ 4][t 0][2024-10-30 23:27:07.014000][transaction.cpp:1680]\tVM terminated with exit code 0\n' +
            '[ 3][t 0][2024-10-30 23:27:07.014000][transaction.cpp:1702]\tsteps: 741 gas: used=27641, max=1000000, limit=179320, credit=0\n' +
            '[ 3][t 0][2024-10-30 23:27:07.014000][transaction.cpp:1704]\tout_of_gas=false, accepted=true, success=true, time=0.000792s\n' +
            '[ 4][t 0][2024-10-30 23:27:07.014000][transaction.cpp:1737]\tgas fees: 11056400 = 26214400 * 27641 /2^16 ; price=26214400; flat rate=[40000 for 100]; remaining balance=2160671698ng\n' +
            '[ 3][t 0][2024-10-30 23:27:07.014000][transaction.cpp:2678]\tin try_action_reserve_currency(0)\n' +
            '[ 4][t 0][2024-10-30 23:27:07.014000][transaction.cpp:2684]\taction_reserve_currency: mode=0, reserve=1051000000ng, balance=2160671698ng, original balance=2100000000ng\n' +
            '[ 3][t 0][2024-10-30 23:27:07.014000][transaction.cpp:2729]\tchanged remaining balance to 1109671698ng, reserved balance to 1051000000ng\n' +
            '[ 4][t 0][2024-10-30 23:27:07.014000][transaction.cpp:2448]\tstorage paid for a message: 0 cells, 0 bits\n' +
            '[ 4][t 0][2024-10-30 23:27:07.014000][transaction.cpp:2452]\tcomputed fwd fees = 400000 + 0\n' +
            '[ 4][t 0][2024-10-30 23:27:07.014000][transaction.cpp:2448]\tstorage paid for a message: 0 cells, 0 bits\n' +
            '[ 4][t 0][2024-10-30 23:27:07.014000][transaction.cpp:2452]\tcomputed fwd fees = 400000 + 0\n',
          vmLogs: 'xecute EQUAL\n' +
            'execute THROWIF 137\n' +
            'execute PUSHPOW2 10\n' +
            'execute EQUAL\n' +
            'execute THROWIFNOT 136\n' +
            'execute STSLICER\n' +
            'execute ENDC\n' +
            'execute ROT\n' +
            'execute STREF\n' +
            'execute ENDC\n' +
            'execute SWAP\n' +
            'execute STREF\n' +
            'execute implicit RET\n' +
            'execute ENDC\n' +
            'execute POP c4\n' +
            'execute implicit RET\n',
          debugLogs: '',
          events: [Array],
          parent: [Object],
          children: [Array],
          externals: []
        },
        children: [],
        externals: []
      },
      {
        address: 82932696146371031528842022915703368160952877310224391173905811460306378520268n,
        lt: 47000000n,
        prevTransactionHash: 99807564676355726314666119542961011577851749108453636168591551576761654403281n,
        prevTransactionLt: 32000000n,
        now: 1732922826,
        outMessagesCount: 0,
        oldStatus: 'active',
        endStatus: 'active',
        inMessage: { info: [Object], init: null, body: x{} },
        outMessages: Dictionary { _key: [Object], _value: [Object], _map: Map(0) {} },
        totalFees: { coins: 274724n },
        stateUpdate: {
          oldHash: <Buffer 80 b6 76 5a cb e5 b8 10 5f 26 b9 0f 6c 66 b2 ab e1 de 13 1d 49 cd 0b 4b 88 d9 b7 fa b1 d8 8e bc>,
          newHash: <Buffer f5 47 1e 8f 28 64 21 72 e3 68 6c 93 e2 46 7b 04 2a 88 f3 dc 56 74 bb 55 9d c3 2a 94 2e e4 3d f3>
        },
        description: {
          type: 'generic',
          creditFirst: false,
          storagePhase: [Object],
          creditPhase: [Object],
          computePhase: [Object],
          actionPhase: [Object],
          bouncePhase: undefined,
          aborted: false,
          destroyed: false
        },
        raw: x{7B75A3E1A6460F415CE3721F308920C4B456F3B977F39EB26CED9155308A976CC0000000002CD29C0DCA91467D3A37237A6C8B765225A5275C71D030479208E2B9EA254A57DA160D10000000001E84800674A4DCA000146086248}
         x{A_}
          x{6800A4BAF36B13E3AE770F28659A34B2D81F38859E8C08CF776F2BB4B44180438271002DD68F8699183D05738DC87CC2248312D15BCEE5DFCE7AC9B3B64554C22A5DB310E27F66000608235A0000000005204182CE949B944_}
         x{7280B6765ACBE5B8105F26B90F6C66B2ABE1DE131D49CD0B4B88D9B7FAB1D88EBCF5471E8F28642172E3686C93E2467B042A88F3DC5674BB559DC32A942EE43DF3}
         x{04C09395090E27F66018603C5A11_}
          x{4026AC3D090000000000000000000500000000000000000000000000000000000000000000000000000000000000000000000000000000000000000000000000000000000000000000000000000000}
          x{C00000000000000000000000012D452DA449E50B8CF7DD27861F146122AFE1B546BB8B70FC8216F0C614139F8E04_},
        hash: [Function: hash],
        blockchainLogs: '[ 4][t 0][2024-10-30 23:27:07.026000][transaction.cpp:443]\tunpacking account B75A3E1A6460F415CE3721F308920C4B456F3B977F39EB26CED9155308A976CC\n' +
          '[ 4][t 0][2024-10-30 23:27:07.026000][transaction.cpp:274]\tlast_paid=1730330826; cells=6 bits=821 public_cells=0\n' +
          '[ 4][t 0][2024-10-30 23:27:07.026000][transaction.cpp:504]\tend of Account.unpack() for 0:B75A3E1A6460F415CE3721F308920C4B456F3B977F39EB26CED9155308A976CC (balance = 999998880613600ng ; last_trans_lt = 32000000..32000001)\n' +
          '[ 4][t 0][2024-10-30 23:27:07.027000][transaction.cpp:3655]\tblock random seed set to 0000000000000000000000000000000000000000000000000000000000000000\n' +
          '[ 4][t 0][2024-10-30 23:27:07.027000][transaction.cpp:1236]\tgas limits: max=1000000, limit=1000000, credit=0\n' +
          '[ 4][t 0][2024-10-30 23:27:07.027000][transaction.cpp:1575]\tin_msg_state is null\n' +
          '[ 4][t 0][2024-10-30 23:27:07.027000][transaction.cpp:1645]\tcreating VM\n' +
          '[ 4][t 0][2024-10-30 23:27:07.027000][transaction.cpp:1351]\tSmartContractInfo initialized with [ 124711402 0 0 1732922826 47000000 47000000 21122878255675644108446800642276849919927819785129319861439300423341550034363 [ 999999830462476 (null) ] CS{Cell{0275c00b75a3e1a6460f415ce3721f308920c4b456f3b977f39eb26ced9155308a976cc20c80cd43391606500000000007a12005c0e35f988381381340} bits: 1..268; refs: 0..0} C{A7EC01478F770EF8F8B037CC7E42F0ABF0D85A50E1828C2394DAD1411691F2DE} C{D992502B94EA96E7B34E5D62FFB0C6FC73D78B3E61F11F0848FB3A1EB1AFC912} [ 950000000 (null) ] 151124 (null) [ CS{Cell{004dd06600000000000000000000000080000000000000fa00000000000001f4000000000003d09040} bits: 9..305; refs: 0..0} (null) CS{Cell{0094d1000000000000006400000000000f4240de000000002710000000000000000f42400000000002160ec0000000000000271000000000002625a00000000005f5e100000000003b9aca00} bits: 0..592; refs: 0..0} CS{Cell{0094d100000000000000640000000000009c40de000000000190000000000000000f424000000000000f4240000000000000271000000000009896800000000005f5e100000000003b9aca00} bits: 0..592; refs: 0..0} CS{Cell{0042ea000000000098968000000000271000000000000f424000000001800055555555} bits: 0..264; refs: 0..0} CS{Cell{0042ea0000000000061a800000000001900000000000009c4000000001800055555555} bits: 0..264; refs: 0..0} (null) ] 0 (null) ]\n' +
          '[ 4][t 0][2024-10-30 23:27:07.027000][transaction.cpp:1675]\tstarting VM\n' +
          '[ 4][t 0][2024-10-30 23:27:07.027000][transaction.cpp:1680]\tVM terminated with exit code 0\n' +
          '[ 3][t 0][2024-10-30 23:27:07.027000][transaction.cpp:1702]\tsteps: 5 gas: used=309, max=1000000, limit=1000000, credit=0\n' +
          '[ 3][t 0][2024-10-30 23:27:07.027000][transaction.cpp:1704]\tout_of_gas=false, accepted=true, success=true, time=0.000017s\n' +
          '[ 4][t 0][2024-10-30 23:27:07.027000][transaction.cpp:1737]\tgas fees: 123600 = 26214400 * 309 /2^16 ; price=26214400; flat rate=[40000 for 100]; remaining balance=999999830338876ng\n',
        vmLogs: 'execute SETCP 0\n' +
          'execute DICTPUSHCONST 19 (xC_,1)\n' +
          'execute DICTIGETJMPZ\n' +
          'execute DROP\n' +
          'execute implicit RET\n',
        debugLogs: '',
        events: [],
        parent: {
          address: 37254810366437813475271750514734067285117962570475561289538093995582013161784n,
          lt: 43000000n,
          prevTransactionHash: 14137627820599565136952862570474779667130812203393636427586947947009232295365n,
          prevTransactionLt: 42000000n,
          now: 1732922826,
          outMessagesCount: 2,
          oldStatus: 'active',
          endStatus: 'active',
          inMessage: [Object],
          outMessages: [Dictionary],
          totalFees: [Object],
          stateUpdate: [Object],
          description: [Object],
          raw: x{7525D79B589F1D73B879432CD1A596C0F9C42CF460467BBB795DA5A20C021C13800000000029020C01F419D20AED77502A46A514B765E10940739AC24543FA5C4C14C7304B2F755C5000000000280DE80674A4DCA00054750B3CC}
           x{E_}
            x{6801C25D36B535BEF92116226484A49D03E01E5050FFC3053F6C298C080280A4EEF90014975E6D627C75CEE1E50CB346965B03E710B3D18119EEEDE57696883008704E101119EF88060DFF5E0000000004C4B402CE949B94C_}
             x{2A004A0500000000000000010000000000000000000000000000000000000000000000000000000000000000400B75A3E1A6460F415CE3721F308920C4B456F3B977F39EB26CED9155308A976CC}
            x{DD_}
             x{2_}
              x{6800A4BAF36B13E3AE770F28659A34B2D81F38859E8C08CF776F2BB4B44180438271002DD68F8699183D05738DC87CC2248312D15BCEE5DFCE7AC9B3B64554C22A5DB310E27F66000608235A0000000005204182CE949B944_}
             x{2_}
              x{6800A4BAF36B13E3AE770F28659A34B2D81F38859E8C08CF776F2BB4B44180438271003A7CBC3612E1CA557A9D4C735DAA85C231FC67A5E07FC0E4E6F4D6E951FB858D100E57FA880608235A0000000005204184CE949B944_}
           x{721F964B3F49B5F09C4E30C08FCEE5D4204647851A9661A6EF9CE773D1C0192651780299A7962C117EA61EF11AD490149A367FED7C4384500EE741A1D131A489C3}
           x{040901119EF89874890811_}
            x{4D248C0AF1E00000000000000002E500000000000000000000000000000000000000000000000000000000000000000000000000000000000000000000000000000000000000000000000000000000}
            x{C9861A804C10469800000000000600020000000450AF9D9EE3726931F26D844A6FCC649C60C9C4AD99D34E111DD9BC6BD3DB3ADC40902C14_},
          hash: [Function: hash],
          blockchainLogs: '[ 4][t 0][2024-10-30 23:27:07.017000][transaction.cpp:443]\tunpacking account 525D79B589F1D73B879432CD1A596C0F9C42CF460467BBB795DA5A20C021C138\n' +
            '[ 4][t 0][2024-10-30 23:27:07.017000][transaction.cpp:274]\tlast_paid=1732922826; cells=231 bits=83982 public_cells=0\n' +
            '[ 4][t 0][2024-10-30 23:27:07.017000][transaction.cpp:504]\tend of Account.unpack() for 0:525D79B589F1D73B879432CD1A596C0F9C42CF460467BBB795DA5A20C021C138 (balance = 1051000000ng ; last_trans_lt = 42000000..42000003)\n' +
            '[ 4][t 0][2024-10-30 23:27:07.017000][transaction.cpp:3655]\tblock random seed set to 0000000000000000000000000000000000000000000000000000000000000000\n' +
            '[ 4][t 0][2024-10-30 23:27:07.017000][transaction.cpp:1236]\tgas limits: max=1000000, limit=179320, credit=0\n' +
            '[ 4][t 0][2024-10-30 23:27:07.017000][transaction.cpp:1575]\tin_msg_state is null\n' +
            '[ 4][t 0][2024-10-30 23:27:07.017000][transaction.cpp:1645]\tcreating VM\n' +
            '[ 4][t 0][2024-10-30 23:27:07.017000][transaction.cpp:1351]\tSmartContractInfo initialized with [ 124711402 0 0 1732922826 43000000 43000000 14068792954309835536948273256715513127174070948738620016199408580766834334284 [ 1122728098 (null) ] CS{Cell{0271c00525d79b589f1d73b879432cd1a596c0f9c42cf460467bbb795da5a20c021c1383cec05203833a526e50000000000a037a0d0fa93f301340} bits: 1..268; refs: 0..0} C{A7EC01478F770EF8F8B037CC7E42F0ABF0D85A50E1828C2394DAD1411691F2DE} C{42B6F0E46484EFC57B9508F6BA7EF42E7512023D5CB4ED5628DD1C7755D16E9D} [ 71728098 (null) ] 0 (null) [ CS{Cell{004dd06600000000000000000000000080000000000000fa00000000000001f4000000000003d09040} bits: 9..305; refs: 0..0} (null) CS{Cell{0094d1000000000000006400000000000f4240de000000002710000000000000000f42400000000002160ec0000000000000271000000000002625a00000000005f5e100000000003b9aca00} bits: 0..592; refs: 0..0} CS{Cell{0094d100000000000000640000000000009c40de000000000190000000000000000f424000000000000f4240000000000000271000000000009896800000000005f5e100000000003b9aca00} bits: 0..592; refs: 0..0} CS{Cell{0042ea000000000098968000000000271000000000000f424000000001800055555555} bits: 0..264; refs: 0..0} CS{Cell{0042ea0000000000061a800000000001900000000000009c4000000001800055555555} bits: 0..264; refs: 0..0} (null) ] 0 (null) ]\n' +
            '[ 4][t 0][2024-10-30 23:27:07.017000][transaction.cpp:1675]\tstarting VM\n' +
            '[ 4][t 0][2024-10-30 23:27:07.018000][transaction.cpp:1680]\tVM terminated with exit code 0\n' +
            '[ 3][t 0][2024-10-30 23:27:07.018000][transaction.cpp:1702]\tsteps: 741 gas: used=26916, max=1000000, limit=179320, credit=0\n' +
            '[ 3][t 0][2024-10-30 23:27:07.018000][transaction.cpp:1704]\tout_of_gas=false, accepted=true, success=true, time=0.000934s\n' +
            '[ 4][t 0][2024-10-30 23:27:07.018000][transaction.cpp:1737]\tgas fees: 10766400 = 26214400 * 26916 /2^16 ; price=26214400; flat rate=[40000 for 100]; remaining balance=1111961698ng\n' +
            '[ 3][t 0][2024-10-30 23:27:07.018000][transaction.cpp:2678]\tin try_action_reserve_currency(0)\n' +
            '[ 4][t 0][2024-10-30 23:27:07.018000][transaction.cpp:2684]\taction_reserve_currency: mode=0, reserve=101000000ng, balance=1111961698ng, original balance=1051000000ng\n' +
            '[ 3][t 0][2024-10-30 23:27:07.018000][transaction.cpp:2729]\tchanged remaining balance to 1010961698ng, reserved balance to 101000000ng\n' +
            '[ 4][t 0][2024-10-30 23:27:07.018000][transaction.cpp:2448]\tstorage paid for a message: 0 cells, 0 bits\n' +
            '[ 4][t 0][2024-10-30 23:27:07.018000][transaction.cpp:2452]\tcomputed fwd fees = 400000 + 0\n' +
            '[ 4][t 0][2024-10-30 23:27:07.019000][transaction.cpp:2448]\tstorage paid for a message: 0 cells, 0 bits\n' +
            '[ 4][t 0][2024-10-30 23:27:07.019000][transaction.cpp:2452]\tcomputed fwd fees = 400000 + 0\n',
          vmLogs: 'xecute EQUAL\n' +
            'execute THROWIF 137\n' +
            'execute PUSHPOW2 10\n' +
            'execute EQUAL\n' +
            'execute THROWIFNOT 136\n' +
            'execute STSLICER\n' +
            'execute ENDC\n' +
            'execute ROT\n' +
            'execute STREF\n' +
            'execute ENDC\n' +
            'execute SWAP\n' +
            'execute STREF\n' +
            'execute implicit RET\n' +
            'execute ENDC\n' +
            'execute POP c4\n' +
            'execute implicit RET\n',
          debugLogs: '',
          events: [Array],
          parent: [Object],
          children: [Array],
          externals: []
        },
        children: [],
        externals: []
      },
      {
        address: 105818132960003171416304597453717637701794574747475969910003481004036112389684n,
        lt: 48000000n,
        prevTransactionHash: 60460976103755637637611757779348636498045669409463770459977640955444869477192n,
        prevTransactionLt: 46000000n,
        now: 1732922826,
        outMessagesCount: 0,
        oldStatus: 'active',
        endStatus: 'active',
        inMessage: { info: [Object], init: null, body: x{} },
        outMessages: Dictionary { _key: [Object], _value: [Object], _map: Map(0) {} },
        totalFees: { coins: 123600n },
        stateUpdate: {
          oldHash: <Buffer e7 8e c5 72 c1 c3 7f 76 40 a4 3a 53 e4 b0 55 ff 14 31 f1 9c b5 f0 ca de 7e 2e 91 1c e1 9a 3b 98>,
          newHash: <Buffer f8 c9 04 cb 9f 97 31 b4 b9 42 95 a3 56 dd b5 fd db 6e 4c 6f 56 29 4a 58 53 f3 d2 33 00 f9 f4 20>
        },
        description: {
          type: 'generic',
          creditFirst: false,
          storagePhase: [Object],
          creditPhase: [Object],
          computePhase: [Object],
          actionPhase: [Object],
          bouncePhase: undefined,
          aborted: false,
          destroyed: false
        },
        raw: x{7E9F2F0D84B872955EA7531CD76AA1708C7F19E9781FF03939BD35BA547EE16340000000002DC6C0085ABB32467F9D9D3BEEA20E4DD7AE4626C3A18F12B133E29CEB47714DFD033480000000002BDE780674A4DCA00014603C5A0}
         x{A_}
          x{6800A4BAF36B13E3AE770F28659A34B2D81F38859E8C08CF776F2BB4B44180438271003A7CBC3612E1CA557A9D4C735DAA85C231FC67A5E07FC0E4E6F4D6E951FB858D100E57FA880608235A0000000005204184CE949B944_}
         x{72E78EC572C1C37F7640A43A53E4B055FF1431F19CB5F0CADE7E2E911CE19A3B98F8C904CB9F9731B4B94295A356DDB5FDDB6E4C6F56294A5853F3D23300F9F420}
         x{040900E57FA898603C5A11_}
          x{4026AC092E1000000000000000000500000000000000000000000000000000000000000000000000000000000000000000000000000000000000000000000000000000000000000000000000000000}
          x{C00000000000000000000000012D452DA449E50B8CF7DD27861F146122AFE1B546BB8B70FC8216F0C614139F8E04_},
        hash: [Function: hash],
        blockchainLogs: '[ 4][t 0][2024-10-30 23:27:07.028000][transaction.cpp:443]\tunpacking account E9F2F0D84B872955EA7531CD76AA1708C7F19E9781FF03939BD35BA547EE1634\n' +
          '[ 4][t 0][2024-10-30 23:27:07.028000][transaction.cpp:274]\tlast_paid=1732922826; cells=6 bits=821 public_cells=0\n' +
          '[ 4][t 0][2024-10-30 23:27:07.028000][transaction.cpp:504]\tend of Account.unpack() for 0:E9F2F0D84B872955EA7531CD76AA1708C7F19E9781FF03939BD35BA547EE1634 (balance = 999999854620705ng ; last_trans_lt = 46000000..46000001)\n' +
          '[ 4][t 0][2024-10-30 23:27:07.028000][transaction.cpp:3655]\tblock random seed set to 0000000000000000000000000000000000000000000000000000000000000000\n' +
          '[ 4][t 0][2024-10-30 23:27:07.028000][transaction.cpp:1236]\tgas limits: max=1000000, limit=150404, credit=0\n' +
          '[ 4][t 0][2024-10-30 23:27:07.028000][transaction.cpp:1575]\tin_msg_state is null\n' +
          '[ 4][t 0][2024-10-30 23:27:07.028000][transaction.cpp:1645]\tcreating VM\n' +
          '[ 4][t 0][2024-10-30 23:27:07.028000][transaction.cpp:1351]\tSmartContractInfo initialized with [ 124711402 0 0 1732922826 48000000 48000000 60210483465141978598827679003117970236339845468170532052053411751718225576024 [ 999999914782403 (null) ] CS{Cell{0275c00e9f2f0d84b872955ea7531cd76aa1708c7f19e9781ff03939bd35ba547ee163420c80cd433a526e50000000000af79e05c0e35fa7070c085340} bits: 1..268; refs: 0..0} C{A7EC01478F770EF8F8B037CC7E42F0ABF0D85A50E1828C2394DAD1411691F2DE} C{D992502B94EA96E7B34E5D62FFB0C6FC73D78B3E61F11F0848FB3A1EB1AFC912} [ 60161698 (null) ] 0 (null) [ CS{Cell{004dd06600000000000000000000000080000000000000fa00000000000001f4000000000003d09040} bits: 9..305; refs: 0..0} (null) CS{Cell{0094d1000000000000006400000000000f4240de000000002710000000000000000f42400000000002160ec0000000000000271000000000002625a00000000005f5e100000000003b9aca00} bits: 0..592; refs: 0..0} CS{Cell{0094d100000000000000640000000000009c40de000000000190000000000000000f424000000000000f4240000000000000271000000000009896800000000005f5e100000000003b9aca00} bits: 0..592; refs: 0..0} CS{Cell{0042ea000000000098968000000000271000000000000f424000000001800055555555} bits: 0..264; refs: 0..0} CS{Cell{0042ea0000000000061a800000000001900000000000009c4000000001800055555555} bits: 0..264; refs: 0..0} (null) ] 0 (null) ]\n' +
          '[ 4][t 0][2024-10-30 23:27:07.028000][transaction.cpp:1675]\tstarting VM\n' +
          '[ 4][t 0][2024-10-30 23:27:07.028000][transaction.cpp:1680]\tVM terminated with exit code 0\n' +
          '[ 3][t 0][2024-10-30 23:27:07.028000][transaction.cpp:1702]\tsteps: 5 gas: used=309, max=1000000, limit=150404, credit=0\n' +
          '[ 3][t 0][2024-10-30 23:27:07.028000][transaction.cpp:1704]\tout_of_gas=false, accepted=true, success=true, time=0.000017s\n' +
          '[ 4][t 0][2024-10-30 23:27:07.028000][transaction.cpp:1737]\tgas fees: 123600 = 26214400 * 309 /2^16 ; price=26214400; flat rate=[40000 for 100]; remaining balance=999999914658803ng\n',
        vmLogs: 'execute SETCP 0\n' +
          'execute DICTPUSHCONST 19 (xC_,1)\n' +
          'execute DICTIGETJMPZ\n' +
          'execute DROP\n' +
          'execute implicit RET\n',
        debugLogs: '',
        events: [],
        parent: {
          address: 37254810366437813475271750514734067285117962570475561289538093995582013161784n,
          lt: 43000000n,
          prevTransactionHash: 14137627820599565136952862570474779667130812203393636427586947947009232295365n,
          prevTransactionLt: 42000000n,
          now: 1732922826,
          outMessagesCount: 2,
          oldStatus: 'active',
          endStatus: 'active',
          inMessage: [Object],
          outMessages: [Dictionary],
          totalFees: [Object],
          stateUpdate: [Object],
          description: [Object],
          raw: x{7525D79B589F1D73B879432CD1A596C0F9C42CF460467BBB795DA5A20C021C13800000000029020C01F419D20AED77502A46A514B765E10940739AC24543FA5C4C14C7304B2F755C5000000000280DE80674A4DCA00054750B3CC}
           x{E_}
            x{6801C25D36B535BEF92116226484A49D03E01E5050FFC3053F6C298C080280A4EEF90014975E6D627C75CEE1E50CB346965B03E710B3D18119EEEDE57696883008704E101119EF88060DFF5E0000000004C4B402CE949B94C_}
             x{2A004A0500000000000000010000000000000000000000000000000000000000000000000000000000000000400B75A3E1A6460F415CE3721F308920C4B456F3B977F39EB26CED9155308A976CC}
            x{DD_}
             x{2_}
              x{6800A4BAF36B13E3AE770F28659A34B2D81F38859E8C08CF776F2BB4B44180438271002DD68F8699183D05738DC87CC2248312D15BCEE5DFCE7AC9B3B64554C22A5DB310E27F66000608235A0000000005204182CE949B944_}
             x{2_}
              x{6800A4BAF36B13E3AE770F28659A34B2D81F38859E8C08CF776F2BB4B44180438271003A7CBC3612E1CA557A9D4C735DAA85C231FC67A5E07FC0E4E6F4D6E951FB858D100E57FA880608235A0000000005204184CE949B944_}
           x{721F964B3F49B5F09C4E30C08FCEE5D4204647851A9661A6EF9CE773D1C0192651780299A7962C117EA61EF11AD490149A367FED7C4384500EE741A1D131A489C3}
           x{040901119EF89874890811_}
            x{4D248C0AF1E00000000000000002E500000000000000000000000000000000000000000000000000000000000000000000000000000000000000000000000000000000000000000000000000000000}
            x{C9861A804C10469800000000000600020000000450AF9D9EE3726931F26D844A6FCC649C60C9C4AD99D34E111DD9BC6BD3DB3ADC40902C14_},
          hash: [Function: hash],
          blockchainLogs: '[ 4][t 0][2024-10-30 23:27:07.017000][transaction.cpp:443]\tunpacking account 525D79B589F1D73B879432CD1A596C0F9C42CF460467BBB795DA5A20C021C138\n' +
            '[ 4][t 0][2024-10-30 23:27:07.017000][transaction.cpp:274]\tlast_paid=1732922826; cells=231 bits=83982 public_cells=0\n' +
            '[ 4][t 0][2024-10-30 23:27:07.017000][transaction.cpp:504]\tend of Account.unpack() for 0:525D79B589F1D73B879432CD1A596C0F9C42CF460467BBB795DA5A20C021C138 (balance = 1051000000ng ; last_trans_lt = 42000000..42000003)\n' +
            '[ 4][t 0][2024-10-30 23:27:07.017000][transaction.cpp:3655]\tblock random seed set to 0000000000000000000000000000000000000000000000000000000000000000\n' +
            '[ 4][t 0][2024-10-30 23:27:07.017000][transaction.cpp:1236]\tgas limits: max=1000000, limit=179320, credit=0\n' +
            '[ 4][t 0][2024-10-30 23:27:07.017000][transaction.cpp:1575]\tin_msg_state is null\n' +
            '[ 4][t 0][2024-10-30 23:27:07.017000][transaction.cpp:1645]\tcreating VM\n' +
            '[ 4][t 0][2024-10-30 23:27:07.017000][transaction.cpp:1351]\tSmartContractInfo initialized with [ 124711402 0 0 1732922826 43000000 43000000 14068792954309835536948273256715513127174070948738620016199408580766834334284 [ 1122728098 (null) ] CS{Cell{0271c00525d79b589f1d73b879432cd1a596c0f9c42cf460467bbb795da5a20c021c1383cec05203833a526e50000000000a037a0d0fa93f301340} bits: 1..268; refs: 0..0} C{A7EC01478F770EF8F8B037CC7E42F0ABF0D85A50E1828C2394DAD1411691F2DE} C{42B6F0E46484EFC57B9508F6BA7EF42E7512023D5CB4ED5628DD1C7755D16E9D} [ 71728098 (null) ] 0 (null) [ CS{Cell{004dd06600000000000000000000000080000000000000fa00000000000001f4000000000003d09040} bits: 9..305; refs: 0..0} (null) CS{Cell{0094d1000000000000006400000000000f4240de000000002710000000000000000f42400000000002160ec0000000000000271000000000002625a00000000005f5e100000000003b9aca00} bits: 0..592; refs: 0..0} CS{Cell{0094d100000000000000640000000000009c40de000000000190000000000000000f424000000000000f4240000000000000271000000000009896800000000005f5e100000000003b9aca00} bits: 0..592; refs: 0..0} CS{Cell{0042ea000000000098968000000000271000000000000f424000000001800055555555} bits: 0..264; refs: 0..0} CS{Cell{0042ea0000000000061a800000000001900000000000009c4000000001800055555555} bits: 0..264; refs: 0..0} (null) ] 0 (null) ]\n' +
            '[ 4][t 0][2024-10-30 23:27:07.017000][transaction.cpp:1675]\tstarting VM\n' +
            '[ 4][t 0][2024-10-30 23:27:07.018000][transaction.cpp:1680]\tVM terminated with exit code 0\n' +
            '[ 3][t 0][2024-10-30 23:27:07.018000][transaction.cpp:1702]\tsteps: 741 gas: used=26916, max=1000000, limit=179320, credit=0\n' +
            '[ 3][t 0][2024-10-30 23:27:07.018000][transaction.cpp:1704]\tout_of_gas=false, accepted=true, success=true, time=0.000934s\n' +
            '[ 4][t 0][2024-10-30 23:27:07.018000][transaction.cpp:1737]\tgas fees: 10766400 = 26214400 * 26916 /2^16 ; price=26214400; flat rate=[40000 for 100]; remaining balance=1111961698ng\n' +
            '[ 3][t 0][2024-10-30 23:27:07.018000][transaction.cpp:2678]\tin try_action_reserve_currency(0)\n' +
            '[ 4][t 0][2024-10-30 23:27:07.018000][transaction.cpp:2684]\taction_reserve_currency: mode=0, reserve=101000000ng, balance=1111961698ng, original balance=1051000000ng\n' +
            '[ 3][t 0][2024-10-30 23:27:07.018000][transaction.cpp:2729]\tchanged remaining balance to 1010961698ng, reserved balance to 101000000ng\n' +
            '[ 4][t 0][2024-10-30 23:27:07.018000][transaction.cpp:2448]\tstorage paid for a message: 0 cells, 0 bits\n' +
            '[ 4][t 0][2024-10-30 23:27:07.018000][transaction.cpp:2452]\tcomputed fwd fees = 400000 + 0\n' +
            '[ 4][t 0][2024-10-30 23:27:07.019000][transaction.cpp:2448]\tstorage paid for a message: 0 cells, 0 bits\n' +
            '[ 4][t 0][2024-10-30 23:27:07.019000][transaction.cpp:2452]\tcomputed fwd fees = 400000 + 0\n',
          vmLogs: 'xecute EQUAL\n' +
            'execute THROWIF 137\n' +
            'execute PUSHPOW2 10\n' +
            'execute EQUAL\n' +
            'execute THROWIFNOT 136\n' +
            'execute STSLICER\n' +
            'execute ENDC\n' +
            'execute ROT\n' +
            'execute STREF\n' +
            'execute ENDC\n' +
            'execute SWAP\n' +
            'execute STREF\n' +
            'execute implicit RET\n' +
            'execute ENDC\n' +
            'execute POP c4\n' +
            'execute implicit RET\n',
          debugLogs: '',
          events: [Array],
          parent: [Object],
          children: [Array],
          externals: []
        },
        children: [],
        externals: []
      }
    ]

      at proceedDeal (tests/MarketTon.spec.ts:2082:17)

  console.log
    [
      {
        type: 'message_sent',
        from: EQDp8vDYS4cpVep1Mc12qhcIx_Gel4H_A5Ob01ulR-4WNMml,
        to: EQBSXXm1ifHXO4eUMs0aWWwPnELPRgRnu7eV2logwCHBOBBt,
        value: 1000000000n,
        body: x{E9626FBA000000000000000000000000}
         x{03DF94AA22408F0D180000001937A3FDD104_}
         x{03DF94AA23405F5E100000001937A3FDD104_},
        bounced: false
      },
      {
        type: 'message_sent',
        from: EQBSXXm1ifHXO4eUMs0aWWwPnELPRgRnu7eV2logwCHBOBBt,
        to: EQASWIYDJyUJTnnETBq5ZC_hy_G_TXfbJcNF3b56jIC81Pj2,
        value: 982832763n,
        body: x{03DF94AA000000000000000022408F0D180000001937A3FDD1011A02FAF080000000C9BD1FEE882_}
         x{},
        bounced: false
      },
      {
        type: 'message_sent',
        from: EQASWIYDJyUJTnnETBq5ZC_hy_G_TXfbJcNF3b56jIC81Pj2,
        to: EQBSXXm1ifHXO4eUMs0aWWwPnELPRgRnu7eV2logwCHBOBBt,
        value: 978464763n,
        body: x{935FA9D10000000000000000}
         x{00000000000000000000000000000000000000000000000000000000000000220000000000000000000000000000000000000000000000000000000008F0D18001937A3FDD10}
         x{00000000000000000000000000000000000000000000000000000000000000230000000000000000000000000000000000000000000000000000000005F5E10001937A3FDD10},
        bounced: false
      },
      {
        type: 'message_sent',
        from: EQBSXXm1ifHXO4eUMs0aWWwPnELPRgRnu7eV2logwCHBOBBt,
        to: EQC50kw8CkUnsCDgJcqVYTHF61CBKRFXwl_Xlh3y0DobarlX,
        value: 966133163n,
        body: x{E601F8E50000000000000000},
        bounced: false
      },
      {
        type: 'message_sent',
        from: EQC50kw8CkUnsCDgJcqVYTHF61CBKRFXwl_Xlh3y0DobarlX,
        to: EQBSXXm1ifHXO4eUMs0aWWwPnELPRgRnu7eV2logwCHBOBBt,
        value: 960892531n,
        body: x{B687AB17000000000000000000000000}
         x{02202FAF080202FAF08021DCD65001CC4B4021DCD6500339160653397F7E53391606533A526E500000000800000004_}
          x{801028CD38D6A9FB165BB1D27554DCBBC8B7A064E07EF4C3832956828113614F545_},
        bounced: false
      },
      {
        type: 'message_sent',
        from: EQBSXXm1ifHXO4eUMs0aWWwPnELPRgRnu7eV2logwCHBOBBt,
        to: EQB8zyeA4NPhsLaAWbQISwSmjIdCNXRcbQIB1i89IhjxNhei,
        value: 67521600n,
        body: x{BC26F4C80000000000000000},
        bounced: false
      },
      {
        type: 'message_sent',
        from: EQBSXXm1ifHXO4eUMs0aWWwPnELPRgRnu7eV2logwCHBOBBt,
        to: EQDhLptamt98kIsRMkJSToHwDygof-GCn7YUxgQBQFJ3fLZb,
        value: 67521600n,
        body: x{BC26F4C80000000000000001},
        bounced: false
      },
      {
        type: 'message_sent',
        from: EQBSXXm1ifHXO4eUMs0aWWwPnELPRgRnu7eV2logwCHBOBBt,
        to: EQC50kw8CkUnsCDgJcqVYTHF61CBKRFXwl_Xlh3y0DobarlX,
        value: 791210531n,
        body: x{B8A3AA140000000000000000801D3E5E1B0970E52ABD4EA639AED542E118FE33D2F03FE072737A6B74A8FDC2C69_},
        bounced: false
      },
      {
        type: 'message_sent',
        from: EQB8zyeA4NPhsLaAWbQISwSmjIdCNXRcbQIB1i89IhjxNhei,
        to: EQBSXXm1ifHXO4eUMs0aWWwPnELPRgRnu7eV2logwCHBOBBt,
        value: 71728098n,
        body: x{2A004A0500000000000000000000000000000000000000000000000000000000000000000000000000000000C00814669C6B54FD8B2DD8E93AAA6E5DE45BD032703F7A61C194AB414089B0A7AA2},
        bounced: false
      },
      {
        type: 'message_sent',
        from: EQDhLptamt98kIsRMkJSToHwDygof-GCn7YUxgQBQFJ3fLZb,
        to: EQBSXXm1ifHXO4eUMs0aWWwPnELPRgRnu7eV2logwCHBOBBt,
        value: 71728098n,
        body: x{2A004A0500000000000000010000000000000000000000000000000000000000000000000000000000000000400B75A3E1A6460F415CE3721F308920C4B456F3B977F39EB26CED9155308A976CC},
        bounced: false
      },
      {
        type: 'message_sent',
        from: EQC50kw8CkUnsCDgJcqVYTHF61CBKRFXwl_Xlh3y0DobarlX,
        to: EQDp8vDYS4cpVep1Mc12qhcIx_Gel4H_A5Ob01ulR-4WNMml,
        value: 797411731n,
        body: x{},
        bounced: false
      },
      {
        type: 'account_destroyed',
        account: EQC50kw8CkUnsCDgJcqVYTHF61CBKRFXwl_Xlh3y0DobarlX
      },
      {
        type: 'message_sent',
        from: EQBSXXm1ifHXO4eUMs0aWWwPnELPRgRnu7eV2logwCHBOBBt,
        to: EQCBRmnGtU_Yst2Ok6qm5d5FvQMnA_emHBlKtBQImwp6oicf,
        value: 1049000000n,
        body: x{},
        bounced: false
      },
      {
        type: 'message_sent',
        from: EQBSXXm1ifHXO4eUMs0aWWwPnELPRgRnu7eV2logwCHBOBBt,
        to: EQDp8vDYS4cpVep1Mc12qhcIx_Gel4H_A5Ob01ulR-4WNMml,
        value: 59871698n,
        body: x{},
        bounced: false
      },
      {
        type: 'message_sent',
        from: EQBSXXm1ifHXO4eUMs0aWWwPnELPRgRnu7eV2logwCHBOBBt,
        to: EQC3Wj4aZGD0Fc43IfMIkgxLRW87l3856ybO2RVTCKl2zDIR,
        value: 950000000n,
        body: x{},
        bounced: false
      },
      {
        type: 'message_sent',
        from: EQBSXXm1ifHXO4eUMs0aWWwPnELPRgRnu7eV2logwCHBOBBt,
        to: EQDp8vDYS4cpVep1Mc12qhcIx_Gel4H_A5Ob01ulR-4WNMml,
        value: 60161698n,
        body: x{},
        bounced: false
      }
    ]

      at proceedDeal (tests/MarketTon.spec.ts:2083:17)

  console.log
    User fee :-0.085341197

      at proceedDeal (tests/MarketTon.spec.ts:2086:17)

  console.log
    User fee :-0.035626

      at createDeal (tests/MarketTon.spec.ts:1954:17)

  console.log
    User fee :-0.1193864

      at takeDeal (tests/MarketTon.spec.ts:2019:17)

  console.log
    [
      {
        address: 105818132960003171416304597453717637701794574747475969910003481004036112389684n,
        lt: 66000000n,
        prevTransactionHash: 19811001315867444103914162248879497890137443530352507318287059562803773242510n,
        prevTransactionLt: 48000000n,
        now: 1735514826,
        outMessagesCount: 1,
        oldStatus: 'active',
        endStatus: 'active',
        inMessage: {
          info: [Object],
          init: null,
          body: x{579378ED124D4474AEAC829C138B5598B5168CF79FD305630FA5D54299276449C_}
           x{D001}
            x{6200292EBCDAC4F8EB9DC3CA19668D2CB607CE2167A30233DDDBCAED2D106010E09C21DCD6500000000000000000000000000000E9626FBA000000000000000000000001}
             x{03DF94AA22408F0D1800000019414BEA5104_}
             x{03DF94AA23405F5E1000000019414BEA5104_}
        },
        outMessages: Dictionary { _key: [Object], _value: [Object], _map: [Map] },
        totalFees: { coins: 2020320n },
        stateUpdate: {
          oldHash: <Buffer f8 c9 04 cb 9f 97 31 b4 b9 42 95 a3 56 dd b5 fd db 6e 4c 6f 56 29 4a 58 53 f3 d2 33 00 f9 f4 20>,
          newHash: <Buffer b7 0e 5e 55 d6 ed f7 fa 3e 68 0d 64 5d f3 98 f9 13 09 f3 7f bc 45 78 55 4f c5 b8 7d da b3 7f 03>
        },
        description: {
          type: 'generic',
          creditFirst: true,
          storagePhase: [Object],
          creditPhase: undefined,
          computePhase: [Object],
          actionPhase: [Object],
          bouncePhase: undefined,
          aborted: false,
          destroyed: false
        },
        raw: x{7E9F2F0D84B872955EA7531CD76AA1708C7F19E9781FF03939BD35BA547EE16340000000003EF14802BCCA11F5227E4AA784BEAEC57C07399BDB72D1A6A9AB89E88296F747F96FC8E0000000002DC6C006771DACA0003463DA7C0}
         x{E_}
          x{8801D3E5E1B0970E52ABD4EA639AED542E118FE33D2F03FE072737A6B74A8FDC2C6802BC9BC768926A23A5756414E09C5AACC5A8B467BCFE982B187D2EAA14C93B224E_}
           x{D001}
            x{6200292EBCDAC4F8EB9DC3CA19668D2CB607CE2167A30233DDDBCAED2D106010E09C21DCD6500000000000000000000000000000E9626FBA000000000000000000000001}
             x{03DF94AA22408F0D1800000019414BEA5104_}
             x{03DF94AA23405F5E1000000019414BEA5104_}
          x{DF_}
           x{6801D3E5E1B0970E52ABD4EA639AED542E118FE33D2F03FE072737A6B74A8FDC2C690014975E6D627C75CEE1E50CB346965B03E710B3D18119EEEDE57696883008704E10EE6B2800060C0F880000000007DE2902CEE3B59474B137DD000000000000000000000000C_}
            x{03DF94AA22408F0D1800000019414BEA5104_}
            x{03DF94AA23405F5E1000000019414BEA5104_}
         x{72F8C904CB9F9731B4B94295A356DDB5FDDB6E4C6F56294A5853F3D23300F9F420B70E5E55D6EDF7FA3E680D645DF398F91309F37FBC4578554FC5B87DDAB37F03}
         x{0CC0939506185E94844_}
          x{40F223138800000000000000000C800000000000000000000000000000000000000000000000000000000000000000000000000000000000000000000000000000000000000000000000000000002_}
          x{C98485D04C0C0F70000000000002000000000003F7232AA6EE9BB14E2783823F22C28CAA22EB2536256F15EC444968BD543EF9B440D022DC_},
        hash: [Function: hash],
        blockchainLogs: '[ 4][t 0][2024-10-30 23:27:07.339000][transaction.cpp:443]\tunpacking account E9F2F0D84B872955EA7531CD76AA1708C7F19E9781FF03939BD35BA547EE1634\n' +
          '[ 4][t 0][2024-10-30 23:27:07.339000][transaction.cpp:274]\tlast_paid=1732922826; cells=6 bits=821 public_cells=0\n' +
          '[ 4][t 0][2024-10-30 23:27:07.339000][transaction.cpp:504]\tend of Account.unpack() for 0:E9F2F0D84B872955EA7531CD76AA1708C7F19E9781FF03939BD35BA547EE1634 (balance = 999999914658803ng ; last_trans_lt = 48000000..48000001)\n' +
          '[ 4][t 0][2024-10-30 23:27:07.339000][transaction.cpp:3655]\tblock random seed set to 0000000000000000000000000000000000000000000000000000000000000000\n' +
          '[ 4][t 0][2024-10-30 23:27:07.339000][transaction.cpp:788]\tstorage paid for a message: 4 cells, 842 bits\n' +
          '[ 4][t 0][2024-10-30 23:27:07.339000][transaction.cpp:802]\tcomputed fwd fees = 896800 + 0\n' +
          '[ 4][t 0][2024-10-30 23:27:07.339000][transaction.cpp:1236]\tgas limits: max=1000000, limit=0, credit=10000\n' +
          '[ 4][t 0][2024-10-30 23:27:07.339000][transaction.cpp:1575]\tin_msg_state is null\n' +
          '[ 4][t 0][2024-10-30 23:27:07.339000][transaction.cpp:1645]\tcreating VM\n' +
          '[ 4][t 0][2024-10-30 23:27:07.339000][transaction.cpp:1351]\tSmartContractInfo initialized with [ 124711402 0 0 1735514826 66000000 66000000 60210483465141978598827679003117970236339845468170532052053411751718225576024 [ 999999913610879 (null) ] CS{Cell{0275c00e9f2f0d84b872955ea7531cd76aa1708c7f19e9781ff03939bd35ba547ee163420c80cd433a526e50000000000b71b005c0e35fa7ec12fcd340} bits: 1..268; refs: 0..0} C{A7EC01478F770EF8F8B037CC7E42F0ABF0D85A50E1828C2394DAD1411691F2DE} C{D992502B94EA96E7B34E5D62FFB0C6FC73D78B3E61F11F0848FB3A1EB1AFC912} [ 0 (null) ] 151124 (null) [ CS{Cell{004dd06600000000000000000000000080000000000000fa00000000000001f4000000000003d09040} bits: 9..305; refs: 0..0} (null) CS{Cell{0094d1000000000000006400000000000f4240de000000002710000000000000000f42400000000002160ec0000000000000271000000000002625a00000000005f5e100000000003b9aca00} bits: 0..592; refs: 0..0} CS{Cell{0094d100000000000000640000000000009c40de000000000190000000000000000f424000000000000f4240000000000000271000000000009896800000000005f5e100000000003b9aca00} bits: 0..592; refs: 0..0} CS{Cell{0042ea000000000098968000000000271000000000000f424000000001800055555555} bits: 0..264; refs: 0..0} CS{Cell{0042ea0000000000061a800000000001900000000000009c4000000001800055555555} bits: 0..264; refs: 0..0} (null) ] 0 (null) ]\n' +
          '[ 4][t 0][2024-10-30 23:27:07.339000][transaction.cpp:1675]\tstarting VM\n' +
          '[ 4][t 0][2024-10-30 23:27:07.339000][transaction.cpp:1680]\tVM terminated with exit code 0\n' +
          '[ 3][t 0][2024-10-30 23:27:07.339000][transaction.cpp:1702]\tsteps: 50 gas: used=1937, max=1000000, limit=1000000, credit=0\n' +
          '[ 3][t 0][2024-10-30 23:27:07.339000][transaction.cpp:1704]\tout_of_gas=false, accepted=true, success=true, time=0.000107s\n' +
          '[ 4][t 0][2024-10-30 23:27:07.339000][transaction.cpp:1737]\tgas fees: 774800 = 26214400 * 1937 /2^16 ; price=26214400; flat rate=[40000 for 100]; remaining balance=999999912836079ng\n' +
          '[ 4][t 0][2024-10-30 23:27:07.340000][transaction.cpp:2448]\tstorage paid for a message: 2 cells, 282 bits\n' +
          '[ 4][t 0][2024-10-30 23:27:07.340000][transaction.cpp:2452]\tcomputed fwd fees = 592800 + 0\n',
        vmLogs: 'ULLSWAPIFNOT2\n' +
          'execute DUP\n' +
          'execute PUSHCONT x02D307D43001FB00\n' +
          'execute PUSHCONT x32\n' +
          'execute IFELSE\n' +
          'execute POP s2\n' +
          'execute implicit RET\n' +
          'execute SWAP\n' +
          'execute NOT\n' +
          'execute implicit RET\n' +
          'until loop body end\n' +
          'until loop terminated\n' +
          'execute 2DROP\n' +
          'execute implicit RET\n',
        debugLogs: '',
        events: [ [Object] ],
        parent: undefined,
        children: [ [Object] ],
        externals: []
      },
      {
        address: 37254810366437813475271750514734067285117962570475561289538093995582013161784n,
        lt: 67000000n,
        prevTransactionHash: 48647161592602520523818073086023363325617128251461706874400743700518582801145n,
        prevTransactionLt: 58000000n,
        now: 1735514826,
        outMessagesCount: 1,
        oldStatus: 'active',
        endStatus: 'active',
        inMessage: {
          info: [Object],
          init: null,
          body: x{E9626FBA000000000000000000000001}
           x{03DF94AA22408F0D1800000019414BEA5104_}
           x{03DF94AA23405F5E1000000019414BEA5104_}
        },
        outMessages: Dictionary { _key: [Object], _value: [Object], _map: [Map] },
        totalFees: { coins: 16765398n },
        stateUpdate: {
          oldHash: <Buffer 64 b4 5d 59 d4 51 0c d3 df bb 65 d8 e1 25 d0 3c 4a c0 23 0a 0b 0f 6f 40 c8 d4 1d 0f 88 5b b9 81>,
          newHash: <Buffer 0d 93 99 12 e7 d2 bb 4e 71 10 2e 6b 16 96 53 09 33 93 89 3f b5 15 f9 2a b3 d1 5f 9e 7f 3b 0a 51>
        },
        description: {
          type: 'generic',
          creditFirst: false,
          storagePhase: [Object],
          creditPhase: [Object],
          computePhase: [Object],
          actionPhase: [Object],
          bouncePhase: undefined,
          aborted: false,
          destroyed: false
        },
        raw: x{7525D79B589F1D73B879432CD1A596C0F9C42CF460467BBB795DA5A20C021C1380000000003FE56C06B8D5155ED7B3B84DD2302A1F3356DE3515E8EA3E0494211DC8F9EAE91E6D2F900000000037502806771DACA000347FFA3AC}
         x{E_}
          x{6801D3E5E1B0970E52ABD4EA639AED542E118FE33D2F03FE072737A6B74A8FDC2C690014975E6D627C75CEE1E50CB346965B03E710B3D18119EEEDE57696883008704E10EE6B2800060C0F880000000007DE2902CEE3B59474B137DD000000000000000000000000C_}
           x{03DF94AA22408F0D1800000019414BEA5104_}
           x{03DF94AA23405F5E1000000019414BEA5104_}
          x{DF_}
           x{6800A4BAF36B13E3AE770F28659A34B2D81F38859E8C08CF776F2BB4B441804382710004962180C9C942539E711306AE590BF872FC6FD35DF6C970D1776F9EA3202F3510EA533C44060C52320000000007FCAD82CEE3B594C_}
            x{03DF94AA000000000000000022408F0D1800000019414BEA51011A02FAF080000000CA0A5F52882_}
             x{}
         x{7264B45D59D4510CD3DFBB65D8E125D03C4AC0230A0B0F6F40C8D41D0F885BB9810D939912E7D2BB4E71102E6B169653093393893FB515F92AB3D15F9E7F3B0A51}
         x{04DDDC13C90EE6B2801870A9A011_}
          x{4AAA0C3D090000000000000000025500000000000000000000000000000000000000000000000000000000000000000000000000000000000000000000000000000000000000000000000000000000}
          x{C9849ED04C0C521C0000000000040002000000038A2C89793EE28BDB12E0CECBEB86E915FE312DF91985B33A6C51FE31B2449F6640D01FDC_},
        hash: [Function: hash],
        blockchainLogs: '[ 4][t 0][2024-10-30 23:27:07.342000][transaction.cpp:443]\tunpacking account 525D79B589F1D73B879432CD1A596C0F9C42CF460467BBB795DA5A20C021C138\n' +
          '[ 4][t 0][2024-10-30 23:27:07.342000][transaction.cpp:274]\tlast_paid=1732922826; cells=229 bits=83411 public_cells=0\n' +
          '[ 4][t 0][2024-10-30 23:27:07.342000][transaction.cpp:504]\tend of Account.unpack() for 0:525D79B589F1D73B879432CD1A596C0F9C42CF460467BBB795DA5A20C021C138 (balance = 2101000000ng ; last_trans_lt = 58000000..58000006)\n' +
          '[ 4][t 0][2024-10-30 23:27:07.342000][transaction.cpp:3655]\tblock random seed set to 0000000000000000000000000000000000000000000000000000000000000000\n' +
          '[ 4][t 0][2024-10-30 23:27:07.342000][transaction.cpp:1236]\tgas limits: max=1000000, limit=1000000, credit=0\n' +
          '[ 4][t 0][2024-10-30 23:27:07.342000][transaction.cpp:1575]\tin_msg_state is null\n' +
          '[ 4][t 0][2024-10-30 23:27:07.342000][transaction.cpp:1645]\tcreating VM\n' +
          '[ 4][t 0][2024-10-30 23:27:07.342000][transaction.cpp:1351]\tSmartContractInfo initialized with [ 124711402 0 0 1735514826 67000000 67000000 14068792954309835536948273256715513127174070948738620016199408580766834334284 [ 3093172465 (null) ] CS{Cell{0271c00525d79b589f1d73b879432cd1a596c0f9c42cf460467bbb795da5a20c021c1383cac05174c33a526e50000000000dd40a191f4eadd01340} bits: 1..268; refs: 0..0} C{A7EC01478F770EF8F8B037CC7E42F0ABF0D85A50E1828C2394DAD1411691F2DE} C{42B6F0E46484EFC57B9508F6BA7EF42E7512023D5CB4ED5628DD1C7755D16E9D} [ 1000000000 (null) ] 7827535 (null) [ CS{Cell{004dd06600000000000000000000000080000000000000fa00000000000001f4000000000003d09040} bits: 9..305; refs: 0..0} (null) CS{Cell{0094d1000000000000006400000000000f4240de000000002710000000000000000f42400000000002160ec0000000000000271000000000002625a00000000005f5e100000000003b9aca00} bits: 0..592; refs: 0..0} CS{Cell{0094d100000000000000640000000000009c40de000000000190000000000000000f424000000000000f4240000000000000271000000000009896800000000005f5e100000000003b9aca00} bits: 0..592; refs: 0..0} CS{Cell{0042ea000000000098968000000000271000000000000f424000000001800055555555} bits: 0..264; refs: 0..0} CS{Cell{0042ea0000000000061a800000000001900000000000009c4000000001800055555555} bits: 0..264; refs: 0..0} (null) ] 0 (null) ]\n' +
          '[ 4][t 0][2024-10-30 23:27:07.342000][transaction.cpp:1675]\tstarting VM\n' +
          '[ 4][t 0][2024-10-30 23:27:07.343000][transaction.cpp:1680]\tVM terminated with exit code 0\n' +
          '[ 3][t 0][2024-10-30 23:27:07.343000][transaction.cpp:1702]\tsteps: 597 gas: used=21840, max=1000000, limit=1000000, credit=0\n' +
          '[ 3][t 0][2024-10-30 23:27:07.343000][transaction.cpp:1704]\tout_of_gas=false, accepted=true, success=true, time=0.000517s\n' +
          '[ 4][t 0][2024-10-30 23:27:07.343000][transaction.cpp:1737]\tgas fees: 8736000 = 26214400 * 21840 /2^16 ; price=26214400; flat rate=[40000 for 100]; remaining balance=3084436465ng\n' +
          '[ 3][t 0][2024-10-30 23:27:07.343000][transaction.cpp:2678]\tin try_action_reserve_currency(0)\n' +
          '[ 4][t 0][2024-10-30 23:27:07.343000][transaction.cpp:2684]\taction_reserve_currency: mode=0, reserve=2101000000ng, balance=3084436465ng, original balance=2093172465ng\n' +
          '[ 3][t 0][2024-10-30 23:27:07.343000][transaction.cpp:2729]\tchanged remaining balance to 983436465ng, reserved balance to 2101000000ng\n' +
          '[ 4][t 0][2024-10-30 23:27:07.343000][transaction.cpp:2448]\tstorage paid for a message: 2 cells, 314 bits\n' +
          '[ 4][t 0][2024-10-30 23:27:07.343000][transaction.cpp:2452]\tcomputed fwd fees = 605600 + 0\n',
        vmLogs: 'xecute EQUAL\n' +
          'execute THROWIF 137\n' +
          'execute PUSHPOW2 10\n' +
          'execute EQUAL\n' +
          'execute THROWIFNOT 136\n' +
          'execute STSLICER\n' +
          'execute ENDC\n' +
          'execute ROT\n' +
          'execute STREF\n' +
          'execute ENDC\n' +
          'execute SWAP\n' +
          'execute STREF\n' +
          'execute implicit RET\n' +
          'execute ENDC\n' +
          'execute POP c4\n' +
          'execute implicit RET\n',
        debugLogs: '',
        events: [ [Object] ],
        parent: {
          address: 105818132960003171416304597453717637701794574747475969910003481004036112389684n,
          lt: 66000000n,
          prevTransactionHash: 19811001315867444103914162248879497890137443530352507318287059562803773242510n,
          prevTransactionLt: 48000000n,
          now: 1735514826,
          outMessagesCount: 1,
          oldStatus: 'active',
          endStatus: 'active',
          inMessage: [Object],
          outMessages: [Dictionary],
          totalFees: [Object],
          stateUpdate: [Object],
          description: [Object],
          raw: x{7E9F2F0D84B872955EA7531CD76AA1708C7F19E9781FF03939BD35BA547EE16340000000003EF14802BCCA11F5227E4AA784BEAEC57C07399BDB72D1A6A9AB89E88296F747F96FC8E0000000002DC6C006771DACA0003463DA7C0}
           x{E_}
            x{8801D3E5E1B0970E52ABD4EA639AED542E118FE33D2F03FE072737A6B74A8FDC2C6802BC9BC768926A23A5756414E09C5AACC5A8B467BCFE982B187D2EAA14C93B224E_}
             x{D001}
              x{6200292EBCDAC4F8EB9DC3CA19668D2CB607CE2167A30233DDDBCAED2D106010E09C21DCD6500000000000000000000000000000E9626FBA000000000000000000000001}
               x{03DF94AA22408F0D1800000019414BEA5104_}
               x{03DF94AA23405F5E1000000019414BEA5104_}
            x{DF_}
             x{6801D3E5E1B0970E52ABD4EA639AED542E118FE33D2F03FE072737A6B74A8FDC2C690014975E6D627C75CEE1E50CB346965B03E710B3D18119EEEDE57696883008704E10EE6B2800060C0F880000000007DE2902CEE3B59474B137DD000000000000000000000000C_}
              x{03DF94AA22408F0D1800000019414BEA5104_}
              x{03DF94AA23405F5E1000000019414BEA5104_}
           x{72F8C904CB9F9731B4B94295A356DDB5FDDB6E4C6F56294A5853F3D23300F9F420B70E5E55D6EDF7FA3E680D645DF398F91309F37FBC4578554FC5B87DDAB37F03}
           x{0CC0939506185E94844_}
            x{40F223138800000000000000000C800000000000000000000000000000000000000000000000000000000000000000000000000000000000000000000000000000000000000000000000000000002_}
            x{C98485D04C0C0F70000000000002000000000003F7232AA6EE9BB14E2783823F22C28CAA22EB2536256F15EC444968BD543EF9B440D022DC_},
          hash: [Function: hash],
          blockchainLogs: '[ 4][t 0][2024-10-30 23:27:07.339000][transaction.cpp:443]\tunpacking account E9F2F0D84B872955EA7531CD76AA1708C7F19E9781FF03939BD35BA547EE1634\n' +
            '[ 4][t 0][2024-10-30 23:27:07.339000][transaction.cpp:274]\tlast_paid=1732922826; cells=6 bits=821 public_cells=0\n' +
            '[ 4][t 0][2024-10-30 23:27:07.339000][transaction.cpp:504]\tend of Account.unpack() for 0:E9F2F0D84B872955EA7531CD76AA1708C7F19E9781FF03939BD35BA547EE1634 (balance = 999999914658803ng ; last_trans_lt = 48000000..48000001)\n' +
            '[ 4][t 0][2024-10-30 23:27:07.339000][transaction.cpp:3655]\tblock random seed set to 0000000000000000000000000000000000000000000000000000000000000000\n' +
            '[ 4][t 0][2024-10-30 23:27:07.339000][transaction.cpp:788]\tstorage paid for a message: 4 cells, 842 bits\n' +
            '[ 4][t 0][2024-10-30 23:27:07.339000][transaction.cpp:802]\tcomputed fwd fees = 896800 + 0\n' +
            '[ 4][t 0][2024-10-30 23:27:07.339000][transaction.cpp:1236]\tgas limits: max=1000000, limit=0, credit=10000\n' +
            '[ 4][t 0][2024-10-30 23:27:07.339000][transaction.cpp:1575]\tin_msg_state is null\n' +
            '[ 4][t 0][2024-10-30 23:27:07.339000][transaction.cpp:1645]\tcreating VM\n' +
            '[ 4][t 0][2024-10-30 23:27:07.339000][transaction.cpp:1351]\tSmartContractInfo initialized with [ 124711402 0 0 1735514826 66000000 66000000 60210483465141978598827679003117970236339845468170532052053411751718225576024 [ 999999913610879 (null) ] CS{Cell{0275c00e9f2f0d84b872955ea7531cd76aa1708c7f19e9781ff03939bd35ba547ee163420c80cd433a526e50000000000b71b005c0e35fa7ec12fcd340} bits: 1..268; refs: 0..0} C{A7EC01478F770EF8F8B037CC7E42F0ABF0D85A50E1828C2394DAD1411691F2DE} C{D992502B94EA96E7B34E5D62FFB0C6FC73D78B3E61F11F0848FB3A1EB1AFC912} [ 0 (null) ] 151124 (null) [ CS{Cell{004dd06600000000000000000000000080000000000000fa00000000000001f4000000000003d09040} bits: 9..305; refs: 0..0} (null) CS{Cell{0094d1000000000000006400000000000f4240de000000002710000000000000000f42400000000002160ec0000000000000271000000000002625a00000000005f5e100000000003b9aca00} bits: 0..592; refs: 0..0} CS{Cell{0094d100000000000000640000000000009c40de000000000190000000000000000f424000000000000f4240000000000000271000000000009896800000000005f5e100000000003b9aca00} bits: 0..592; refs: 0..0} CS{Cell{0042ea000000000098968000000000271000000000000f424000000001800055555555} bits: 0..264; refs: 0..0} CS{Cell{0042ea0000000000061a800000000001900000000000009c4000000001800055555555} bits: 0..264; refs: 0..0} (null) ] 0 (null) ]\n' +
            '[ 4][t 0][2024-10-30 23:27:07.339000][transaction.cpp:1675]\tstarting VM\n' +
            '[ 4][t 0][2024-10-30 23:27:07.339000][transaction.cpp:1680]\tVM terminated with exit code 0\n' +
            '[ 3][t 0][2024-10-30 23:27:07.339000][transaction.cpp:1702]\tsteps: 50 gas: used=1937, max=1000000, limit=1000000, credit=0\n' +
            '[ 3][t 0][2024-10-30 23:27:07.339000][transaction.cpp:1704]\tout_of_gas=false, accepted=true, success=true, time=0.000107s\n' +
            '[ 4][t 0][2024-10-30 23:27:07.339000][transaction.cpp:1737]\tgas fees: 774800 = 26214400 * 1937 /2^16 ; price=26214400; flat rate=[40000 for 100]; remaining balance=999999912836079ng\n' +
            '[ 4][t 0][2024-10-30 23:27:07.340000][transaction.cpp:2448]\tstorage paid for a message: 2 cells, 282 bits\n' +
            '[ 4][t 0][2024-10-30 23:27:07.340000][transaction.cpp:2452]\tcomputed fwd fees = 592800 + 0\n',
          vmLogs: 'ULLSWAPIFNOT2\n' +
            'execute DUP\n' +
            'execute PUSHCONT x02D307D43001FB00\n' +
            'execute PUSHCONT x32\n' +
            'execute IFELSE\n' +
            'execute POP s2\n' +
            'execute implicit RET\n' +
            'execute SWAP\n' +
            'execute NOT\n' +
            'execute implicit RET\n' +
            'until loop body end\n' +
            'until loop terminated\n' +
            'execute 2DROP\n' +
            'execute implicit RET\n',
          debugLogs: '',
          events: [Array],
          parent: undefined,
          children: [Array],
          externals: []
        },
        children: [ [Object] ],
        externals: []
      },
      {
        address: 8298038735212017995993598744482915721429218553349686891340117237129977838804n,
        lt: 68000000n,
        prevTransactionHash: 24313019346987452671835819569399856791224622679631359476572866682059384955562n,
        prevTransactionLt: 55000000n,
        now: 1735514826,
        outMessagesCount: 1,
        oldStatus: 'active',
        endStatus: 'active',
        inMessage: {
          info: [Object],
          init: null,
          body: x{03DF94AA000000000000000022408F0D1800000019414BEA51011A02FAF080000000CA0A5F52882_}
           x{}
        },
        outMessages: Dictionary { _key: [Object], _value: [Object], _map: [Map] },
        totalFees: { coins: 3697061n },
        stateUpdate: {
          oldHash: <Buffer 9a f9 02 ce 8c 2e 0e 19 95 7f 77 e5 90 3f e2 a4 0d 20 54 cd 26 8e 2d f2 47 a5 69 f1 80 ec da 88>,
          newHash: <Buffer c8 74 ac 32 25 d8 7e 4c 8a 55 56 cd 34 24 8b f4 ef 85 6c 25 da 98 20 30 84 63 66 ff 5c 77 70 03>
        },
        description: {
          type: 'generic',
          creditFirst: false,
          storagePhase: [Object],
          creditPhase: [Object],
          computePhase: [Object],
          actionPhase: [Object],
          bouncePhase: undefined,
          aborted: false,
          destroyed: false
        },
        raw: x{7125886032725094E79C44C1AB9642FE1CBF1BF4D77DB25C345DDBE7A8C80BCD400000000040D990035C0AE690949BBB065305DA8245DCFE6AE633051F3F2B0EB4A3E4D8A0EC822AA0000000003473BC06771DACA00034670D34A}
         x{E_}
          x{6800A4BAF36B13E3AE770F28659A34B2D81F38859E8C08CF776F2BB4B441804382710004962180C9C942539E711306AE590BF872FC6FD35DF6C970D1776F9EA3202F3510EA533C44060C52320000000007FCAD82CEE3B59401EFCA550000000000000000112047868C0000000CA0A5F528808D017D784000000065052FA9441_}
           x{}
          x{DF_}
           x{680024B10C064E4A129CF388983572C85FC397E37E9AEFB64B868BBB7CF5190179A90014975E6D627C75CEE1E50CB346965B03E710B3D18119EEEDE57696883008704E10E948A244061479B600000000081B3202CEE3B594C_}
            x{935FA9D10000000000000000}
             x{00000000000000000000000000000000000000000000000000000000000000220000000000000000000000000000000000000000000000000000000008F0D180019414BEA510}
             x{00000000000000000000000000000000000000000000000000000000000000230000000000000000000000000000000000000000000000000000000005F5E100019414BEA510}
         x{729AF902CE8C2E0E19957F77E5903FE2A40D2054CD268E2DF247A569F180ECDA88C874AC3225D87E4C8A5556CD34248BF4EF856C25DA982030846366FF5C777003}
         x{04261C707090EA533C45866696811_}
          x{441A8C3D09000000000000000000D800000000000000000000000000000000000000000000000000000000000000000000000000000000000000000000000000000000000000000000000000000000}
          x{C987ADA04C1479940000000000020000000000025FE25334B1E378F0601463E743B620E7E6B7C28D14A7783F72005EB1692BE8F841103C0C_},
        hash: [Function: hash],
        blockchainLogs: '[ 4][t 0][2024-10-30 23:27:07.346000][transaction.cpp:443]\tunpacking account 125886032725094E79C44C1AB9642FE1CBF1BF4D77DB25C345DDBE7A8C80BCD4\n' +
          '[ 4][t 0][2024-10-30 23:27:07.346000][transaction.cpp:274]\tlast_paid=1732922826; cells=15 bits=4281 public_cells=0\n' +
          '[ 4][t 0][2024-10-30 23:27:07.346000][transaction.cpp:504]\tend of Account.unpack() for 0:125886032725094E79C44C1AB9642FE1CBF1BF4D77DB25C345DDBE7A8C80BCD4 (balance = 0ng ; last_trans_lt = 55000000..55000002)\n' +
          '[ 4][t 0][2024-10-30 23:27:07.346000][transaction.cpp:3655]\tblock random seed set to 0000000000000000000000000000000000000000000000000000000000000000\n' +
          '[ 4][t 0][2024-10-30 23:27:07.346000][transaction.cpp:1236]\tgas limits: max=1000000, limit=1000000, credit=0\n' +
          '[ 4][t 0][2024-10-30 23:27:07.346000][transaction.cpp:1575]\tin_msg_state is null\n' +
          '[ 4][t 0][2024-10-30 23:27:07.346000][transaction.cpp:1645]\tcreating VM\n' +
          '[ 4][t 0][2024-10-30 23:27:07.346000][transaction.cpp:1351]\tSmartContractInfo initialized with [ 124711402 0 0 1735514826 68000000 68000000 82439665744655549942718375299244058949366754266342087607225540301749132006686 [ 982830865 (null) ] CS{Cell{026dc00125886032725094e79c44c1ab9642fe1cbf1bf4d77db25c345ddbe7a8c80bcd421e842e433a526e54c1c7070000000000d1cef08134} bits: 1..268; refs: 0..0} C{A7EC01478F770EF8F8B037CC7E42F0ABF0D85A50E1828C2394DAD1411691F2DE} C{BF31B32BE5ACBAACCE8B48CCEB4C84B86023EA1F188E974030A4F420D26CF50F} [ 982830865 (null) ] 0 (null) [ CS{Cell{004dd06600000000000000000000000080000000000000fa00000000000001f4000000000003d09040} bits: 9..305; refs: 0..0} (null) CS{Cell{0094d1000000000000006400000000000f4240de000000002710000000000000000f42400000000002160ec0000000000000271000000000002625a00000000005f5e100000000003b9aca00} bits: 0..592; refs: 0..0} CS{Cell{0094d100000000000000640000000000009c40de000000000190000000000000000f424000000000000f4240000000000000271000000000009896800000000005f5e100000000003b9aca00} bits: 0..592; refs: 0..0} CS{Cell{0042ea000000000098968000000000271000000000000f424000000001800055555555} bits: 0..264; refs: 0..0} CS{Cell{0042ea0000000000061a800000000001900000000000009c4000000001800055555555} bits: 0..264; refs: 0..0} (null) ] 931896 (null) ]\n' +
          '[ 4][t 0][2024-10-30 23:27:07.346000][transaction.cpp:1675]\tstarting VM\n' +
          '[ 4][t 0][2024-10-30 23:27:07.346000][transaction.cpp:1680]\tVM terminated with exit code 0\n' +
          '[ 3][t 0][2024-10-30 23:27:07.346000][transaction.cpp:1702]\tsteps: 216 gas: used=8404, max=1000000, limit=1000000, credit=0\n' +
          '[ 3][t 0][2024-10-30 23:27:07.346000][transaction.cpp:1704]\tout_of_gas=false, accepted=true, success=true, time=0.000213s\n' +
          '[ 4][t 0][2024-10-30 23:27:07.346000][transaction.cpp:1737]\tgas fees: 3361600 = 26214400 * 8404 /2^16 ; price=26214400; flat rate=[40000 for 100]; remaining balance=979469265ng\n' +
          '[ 4][t 0][2024-10-30 23:27:07.346000][transaction.cpp:2448]\tstorage paid for a message: 3 cells, 1216 bits\n' +
          '[ 4][t 0][2024-10-30 23:27:07.346000][transaction.cpp:2452]\tcomputed fwd fees = 1006400 + 0\n',
        vmLogs: 'xecute PUSHINT -1\n' +
          'execute implicit RET\n' +
          'execute THROWIFNOT 130\n' +
          'execute NEWC\n' +
          'execute GETGLOB 3\n' +
          'execute SWAP\n' +
          'execute STREF\n' +
          'execute PUSHINT -1\n' +
          'execute SWAP\n' +
          'execute STI 1\n' +
          'execute SWAP\n' +
          'execute SWAP\n' +
          'execute STU 32\n' +
          'execute ENDC\n' +
          'execute POP c4\n' +
          'execute implicit RET\n',
        debugLogs: '',
        events: [ [Object] ],
        parent: {
          address: 37254810366437813475271750514734067285117962570475561289538093995582013161784n,
          lt: 67000000n,
          prevTransactionHash: 48647161592602520523818073086023363325617128251461706874400743700518582801145n,
          prevTransactionLt: 58000000n,
          now: 1735514826,
          outMessagesCount: 1,
          oldStatus: 'active',
          endStatus: 'active',
          inMessage: [Object],
          outMessages: [Dictionary],
          totalFees: [Object],
          stateUpdate: [Object],
          description: [Object],
          raw: x{7525D79B589F1D73B879432CD1A596C0F9C42CF460467BBB795DA5A20C021C1380000000003FE56C06B8D5155ED7B3B84DD2302A1F3356DE3515E8EA3E0494211DC8F9EAE91E6D2F900000000037502806771DACA000347FFA3AC}
           x{E_}
            x{6801D3E5E1B0970E52ABD4EA639AED542E118FE33D2F03FE072737A6B74A8FDC2C690014975E6D627C75CEE1E50CB346965B03E710B3D18119EEEDE57696883008704E10EE6B2800060C0F880000000007DE2902CEE3B59474B137DD000000000000000000000000C_}
             x{03DF94AA22408F0D1800000019414BEA5104_}
             x{03DF94AA23405F5E1000000019414BEA5104_}
            x{DF_}
             x{6800A4BAF36B13E3AE770F28659A34B2D81F38859E8C08CF776F2BB4B441804382710004962180C9C942539E711306AE590BF872FC6FD35DF6C970D1776F9EA3202F3510EA533C44060C52320000000007FCAD82CEE3B594C_}
              x{03DF94AA000000000000000022408F0D1800000019414BEA51011A02FAF080000000CA0A5F52882_}
               x{}
           x{7264B45D59D4510CD3DFBB65D8E125D03C4AC0230A0B0F6F40C8D41D0F885BB9810D939912E7D2BB4E71102E6B169653093393893FB515F92AB3D15F9E7F3B0A51}
           x{04DDDC13C90EE6B2801870A9A011_}
            x{4AAA0C3D090000000000000000025500000000000000000000000000000000000000000000000000000000000000000000000000000000000000000000000000000000000000000000000000000000}
            x{C9849ED04C0C521C0000000000040002000000038A2C89793EE28BDB12E0CECBEB86E915FE312DF91985B33A6C51FE31B2449F6640D01FDC_},
          hash: [Function: hash],
          blockchainLogs: '[ 4][t 0][2024-10-30 23:27:07.342000][transaction.cpp:443]\tunpacking account 525D79B589F1D73B879432CD1A596C0F9C42CF460467BBB795DA5A20C021C138\n' +
            '[ 4][t 0][2024-10-30 23:27:07.342000][transaction.cpp:274]\tlast_paid=1732922826; cells=229 bits=83411 public_cells=0\n' +
            '[ 4][t 0][2024-10-30 23:27:07.342000][transaction.cpp:504]\tend of Account.unpack() for 0:525D79B589F1D73B879432CD1A596C0F9C42CF460467BBB795DA5A20C021C138 (balance = 2101000000ng ; last_trans_lt = 58000000..58000006)\n' +
            '[ 4][t 0][2024-10-30 23:27:07.342000][transaction.cpp:3655]\tblock random seed set to 0000000000000000000000000000000000000000000000000000000000000000\n' +
            '[ 4][t 0][2024-10-30 23:27:07.342000][transaction.cpp:1236]\tgas limits: max=1000000, limit=1000000, credit=0\n' +
            '[ 4][t 0][2024-10-30 23:27:07.342000][transaction.cpp:1575]\tin_msg_state is null\n' +
            '[ 4][t 0][2024-10-30 23:27:07.342000][transaction.cpp:1645]\tcreating VM\n' +
            '[ 4][t 0][2024-10-30 23:27:07.342000][transaction.cpp:1351]\tSmartContractInfo initialized with [ 124711402 0 0 1735514826 67000000 67000000 14068792954309835536948273256715513127174070948738620016199408580766834334284 [ 3093172465 (null) ] CS{Cell{0271c00525d79b589f1d73b879432cd1a596c0f9c42cf460467bbb795da5a20c021c1383cac05174c33a526e50000000000dd40a191f4eadd01340} bits: 1..268; refs: 0..0} C{A7EC01478F770EF8F8B037CC7E42F0ABF0D85A50E1828C2394DAD1411691F2DE} C{42B6F0E46484EFC57B9508F6BA7EF42E7512023D5CB4ED5628DD1C7755D16E9D} [ 1000000000 (null) ] 7827535 (null) [ CS{Cell{004dd06600000000000000000000000080000000000000fa00000000000001f4000000000003d09040} bits: 9..305; refs: 0..0} (null) CS{Cell{0094d1000000000000006400000000000f4240de000000002710000000000000000f42400000000002160ec0000000000000271000000000002625a00000000005f5e100000000003b9aca00} bits: 0..592; refs: 0..0} CS{Cell{0094d100000000000000640000000000009c40de000000000190000000000000000f424000000000000f4240000000000000271000000000009896800000000005f5e100000000003b9aca00} bits: 0..592; refs: 0..0} CS{Cell{0042ea000000000098968000000000271000000000000f424000000001800055555555} bits: 0..264; refs: 0..0} CS{Cell{0042ea0000000000061a800000000001900000000000009c4000000001800055555555} bits: 0..264; refs: 0..0} (null) ] 0 (null) ]\n' +
            '[ 4][t 0][2024-10-30 23:27:07.342000][transaction.cpp:1675]\tstarting VM\n' +
            '[ 4][t 0][2024-10-30 23:27:07.343000][transaction.cpp:1680]\tVM terminated with exit code 0\n' +
            '[ 3][t 0][2024-10-30 23:27:07.343000][transaction.cpp:1702]\tsteps: 597 gas: used=21840, max=1000000, limit=1000000, credit=0\n' +
            '[ 3][t 0][2024-10-30 23:27:07.343000][transaction.cpp:1704]\tout_of_gas=false, accepted=true, success=true, time=0.000517s\n' +
            '[ 4][t 0][2024-10-30 23:27:07.343000][transaction.cpp:1737]\tgas fees: 8736000 = 26214400 * 21840 /2^16 ; price=26214400; flat rate=[40000 for 100]; remaining balance=3084436465ng\n' +
            '[ 3][t 0][2024-10-30 23:27:07.343000][transaction.cpp:2678]\tin try_action_reserve_currency(0)\n' +
            '[ 4][t 0][2024-10-30 23:27:07.343000][transaction.cpp:2684]\taction_reserve_currency: mode=0, reserve=2101000000ng, balance=3084436465ng, original balance=2093172465ng\n' +
            '[ 3][t 0][2024-10-30 23:27:07.343000][transaction.cpp:2729]\tchanged remaining balance to 983436465ng, reserved balance to 2101000000ng\n' +
            '[ 4][t 0][2024-10-30 23:27:07.343000][transaction.cpp:2448]\tstorage paid for a message: 2 cells, 314 bits\n' +
            '[ 4][t 0][2024-10-30 23:27:07.343000][transaction.cpp:2452]\tcomputed fwd fees = 605600 + 0\n',
          vmLogs: 'xecute EQUAL\n' +
            'execute THROWIF 137\n' +
            'execute PUSHPOW2 10\n' +
            'execute EQUAL\n' +
            'execute THROWIFNOT 136\n' +
            'execute STSLICER\n' +
            'execute ENDC\n' +
            'execute ROT\n' +
            'execute STREF\n' +
            'execute ENDC\n' +
            'execute SWAP\n' +
            'execute STREF\n' +
            'execute implicit RET\n' +
            'execute ENDC\n' +
            'execute POP c4\n' +
            'execute implicit RET\n',
          debugLogs: '',
          events: [Array],
          parent: [Object],
          children: [Array],
          externals: []
        },
        children: [ [Object] ],
        externals: []
      },
      {
        address: 37254810366437813475271750514734067285117962570475561289538093995582013161784n,
        lt: 69000000n,
        prevTransactionHash: 96322672726254984984906419622601888363876507083411992771552917912796867628130n,
        prevTransactionLt: 67000000n,
        now: 1735514826,
        outMessagesCount: 1,
        oldStatus: 'active',
        endStatus: 'active',
        inMessage: {
          info: [Object],
          init: null,
          body: x{935FA9D10000000000000000}
           x{00000000000000000000000000000000000000000000000000000000000000220000000000000000000000000000000000000000000000000000000008F0D180019414BEA510}
           x{00000000000000000000000000000000000000000000000000000000000000230000000000000000000000000000000000000000000000000000000005F5E100019414BEA510}
        },
        outMessages: Dictionary { _key: [Object], _value: [Object], _map: [Map] },
        totalFees: { coins: 12012664n },
        stateUpdate: {
          oldHash: <Buffer 0d 93 99 12 e7 d2 bb 4e 71 10 2e 6b 16 96 53 09 33 93 89 3f b5 15 f9 2a b3 d1 5f 9e 7f 3b 0a 51>,
          newHash: <Buffer 9d 31 61 3d 61 30 c0 f3 77 49 e2 0c ee 22 21 be 53 87 f4 37 41 be 83 f4 2a f3 a1 57 97 20 12 8e>
        },
        description: {
          type: 'generic',
          creditFirst: false,
          storagePhase: [Object],
          creditPhase: [Object],
          computePhase: [Object],
          actionPhase: [Object],
          bouncePhase: undefined,
          aborted: false,
          destroyed: false
        },
        raw: x{7525D79B589F1D73B879432CD1A596C0F9C42CF460467BBB795DA5A20C021C13800000000041CDB40D4F4B36544CDCC237F835CA71628A6C3A0061DED182B4CDC68523FBAD3948C620000000003FE56C06771DACA0003476E98F0}
         x{E_}
          x{680024B10C064E4A129CF388983572C85FC397E37E9AEFB64B868BBB7CF5190179A90014975E6D627C75CEE1E50CB346965B03E710B3D18119EEEDE57696883008704E10E948A244061479B600000000081B3202CEE3B59449AFD4E880000000000000004_}
           x{00000000000000000000000000000000000000000000000000000000000000220000000000000000000000000000000000000000000000000000000008F0D180019414BEA510}
           x{00000000000000000000000000000000000000000000000000000000000000230000000000000000000000000000000000000000000000000000000005F5E100019414BEA510}
          x{DF_}
           x{6800A4BAF36B13E3AE770F28659A34B2D81F38859E8C08CF776F2BB4B44180438271003C5C627E225DF5482B6ACF87C3927EF7ABC21B159CB3B169A8BF30B7FE304FCBD0E657F9040609BBB0000000000839B682CEE3B594C_}
            x{E601F8E50000000000000000}
         x{720D939912E7D2BB4E71102E6B169653093393893FB515F92AB3D15F9E7F3B0A519D31613D6130C0F37749E20CEE2221BE5387F43741BE83F42AF3A1579720128E}
         x{04090E948A2458769BB211_}
          x{4E782C3D090000000000000000031700000000000000000000000000000000000000000000000000000000000000000000000000000000000000000000000000000000000000000000000000000000}
          x{C983A6604C09BBA0000000000004000200000002FF0F23202887E36F1C68A77CA405A6D130181E7CEA01F2E23708B5D02B3571944090190C_},
        hash: [Function: hash],
        blockchainLogs: '[ 4][t 0][2024-10-30 23:27:07.349000][transaction.cpp:443]\tunpacking account 525D79B589F1D73B879432CD1A596C0F9C42CF460467BBB795DA5A20C021C138\n' +
          '[ 4][t 0][2024-10-30 23:27:07.349000][transaction.cpp:274]\tlast_paid=1735514826; cells=232 bits=83730 public_cells=0\n' +
          '[ 4][t 0][2024-10-30 23:27:07.349000][transaction.cpp:504]\tend of Account.unpack() for 0:525D79B589F1D73B879432CD1A596C0F9C42CF460467BBB795DA5A20C021C138 (balance = 2101000000ng ; last_trans_lt = 67000000..67000002)\n' +
          '[ 4][t 0][2024-10-30 23:27:07.349000][transaction.cpp:3655]\tblock random seed set to 0000000000000000000000000000000000000000000000000000000000000000\n' +
          '[ 4][t 0][2024-10-30 23:27:07.349000][transaction.cpp:1236]\tgas limits: max=1000000, limit=1000000, credit=0\n' +
          '[ 4][t 0][2024-10-30 23:27:07.349000][transaction.cpp:1575]\tin_msg_state is null\n' +
          '[ 4][t 0][2024-10-30 23:27:07.349000][transaction.cpp:1645]\tcreating VM\n' +
          '[ 4][t 0][2024-10-30 23:27:07.349000][transaction.cpp:1351]\tSmartContractInfo initialized with [ 124711402 0 0 1735514826 69000000 69000000 14068792954309835536948273256715513127174070948738620016199408580766834334284 [ 3079462865 (null) ] CS{Cell{0271c00525d79b589f1d73b879432cd1a596c0f9c42cf460467bbb795da5a20c021c1383d0c051c4833b8ed650000000000ff95b091f4eadd01340} bits: 1..268; refs: 0..0} C{A7EC01478F770EF8F8B037CC7E42F0ABF0D85A50E1828C2394DAD1411691F2DE} C{42B6F0E46484EFC57B9508F6BA7EF42E7512023D5CB4ED5628DD1C7755D16E9D} [ 978462865 (null) ] 0 (null) [ CS{Cell{004dd06600000000000000000000000080000000000000fa00000000000001f4000000000003d09040} bits: 9..305; refs: 0..0} (null) CS{Cell{0094d1000000000000006400000000000f4240de000000002710000000000000000f42400000000002160ec0000000000000271000000000002625a00000000005f5e100000000003b9aca00} bits: 0..592; refs: 0..0} CS{Cell{0094d100000000000000640000000000009c40de000000000190000000000000000f424000000000000f4240000000000000271000000000009896800000000005f5e100000000003b9aca00} bits: 0..592; refs: 0..0} CS{Cell{0042ea000000000098968000000000271000000000000f424000000001800055555555} bits: 0..264; refs: 0..0} CS{Cell{0042ea0000000000061a800000000001900000000000009c4000000001800055555555} bits: 0..264; refs: 0..0} (null) ] 0 (null) ]\n' +
          '[ 4][t 0][2024-10-30 23:27:07.349000][transaction.cpp:1675]\tstarting VM\n' +
          '[ 4][t 0][2024-10-30 23:27:07.350000][transaction.cpp:1680]\tVM terminated with exit code 0\n' +
          '[ 3][t 0][2024-10-30 23:27:07.350000][transaction.cpp:1702]\tsteps: 791 gas: used=29633, max=1000000, limit=1000000, credit=0\n' +
          '[ 3][t 0][2024-10-30 23:27:07.350000][transaction.cpp:1704]\tout_of_gas=false, accepted=true, success=true, time=0.000886s\n' +
          '[ 4][t 0][2024-10-30 23:27:07.350000][transaction.cpp:1737]\tgas fees: 11853200 = 26214400 * 29633 /2^16 ; price=26214400; flat rate=[40000 for 100]; remaining balance=3067609665ng\n' +
          '[ 3][t 0][2024-10-30 23:27:07.350000][transaction.cpp:2678]\tin try_action_reserve_currency(0)\n' +
          '[ 4][t 0][2024-10-30 23:27:07.350000][transaction.cpp:2684]\taction_reserve_currency: mode=0, reserve=2101000000ng, balance=3067609665ng, original balance=2101000000ng\n' +
          '[ 3][t 0][2024-10-30 23:27:07.350000][transaction.cpp:2729]\tchanged remaining balance to 966609665ng, reserved balance to 2101000000ng\n' +
          '[ 4][t 0][2024-10-30 23:27:07.350000][transaction.cpp:2448]\tstorage paid for a message: 1 cells, 96 bits\n' +
          '[ 4][t 0][2024-10-30 23:27:07.350000][transaction.cpp:2452]\tcomputed fwd fees = 478400 + 0\n',
        vmLogs: 'xecute EQUAL\n' +
          'execute THROWIF 137\n' +
          'execute PUSHPOW2 10\n' +
          'execute EQUAL\n' +
          'execute THROWIFNOT 136\n' +
          'execute STSLICER\n' +
          'execute ENDC\n' +
          'execute ROT\n' +
          'execute STREF\n' +
          'execute ENDC\n' +
          'execute SWAP\n' +
          'execute STREF\n' +
          'execute implicit RET\n' +
          'execute ENDC\n' +
          'execute POP c4\n' +
          'execute implicit RET\n',
        debugLogs: '',
        events: [ [Object] ],
        parent: {
          address: 8298038735212017995993598744482915721429218553349686891340117237129977838804n,
          lt: 68000000n,
          prevTransactionHash: 24313019346987452671835819569399856791224622679631359476572866682059384955562n,
          prevTransactionLt: 55000000n,
          now: 1735514826,
          outMessagesCount: 1,
          oldStatus: 'active',
          endStatus: 'active',
          inMessage: [Object],
          outMessages: [Dictionary],
          totalFees: [Object],
          stateUpdate: [Object],
          description: [Object],
          raw: x{7125886032725094E79C44C1AB9642FE1CBF1BF4D77DB25C345DDBE7A8C80BCD400000000040D990035C0AE690949BBB065305DA8245DCFE6AE633051F3F2B0EB4A3E4D8A0EC822AA0000000003473BC06771DACA00034670D34A}
           x{E_}
            x{6800A4BAF36B13E3AE770F28659A34B2D81F38859E8C08CF776F2BB4B441804382710004962180C9C942539E711306AE590BF872FC6FD35DF6C970D1776F9EA3202F3510EA533C44060C52320000000007FCAD82CEE3B59401EFCA550000000000000000112047868C0000000CA0A5F528808D017D784000000065052FA9441_}
             x{}
            x{DF_}
             x{680024B10C064E4A129CF388983572C85FC397E37E9AEFB64B868BBB7CF5190179A90014975E6D627C75CEE1E50CB346965B03E710B3D18119EEEDE57696883008704E10E948A244061479B600000000081B3202CEE3B594C_}
              x{935FA9D10000000000000000}
               x{00000000000000000000000000000000000000000000000000000000000000220000000000000000000000000000000000000000000000000000000008F0D180019414BEA510}
               x{00000000000000000000000000000000000000000000000000000000000000230000000000000000000000000000000000000000000000000000000005F5E100019414BEA510}
           x{729AF902CE8C2E0E19957F77E5903FE2A40D2054CD268E2DF247A569F180ECDA88C874AC3225D87E4C8A5556CD34248BF4EF856C25DA982030846366FF5C777003}
           x{04261C707090EA533C45866696811_}
            x{441A8C3D09000000000000000000D800000000000000000000000000000000000000000000000000000000000000000000000000000000000000000000000000000000000000000000000000000000}
            x{C987ADA04C1479940000000000020000000000025FE25334B1E378F0601463E743B620E7E6B7C28D14A7783F72005EB1692BE8F841103C0C_},
          hash: [Function: hash],
          blockchainLogs: '[ 4][t 0][2024-10-30 23:27:07.346000][transaction.cpp:443]\tunpacking account 125886032725094E79C44C1AB9642FE1CBF1BF4D77DB25C345DDBE7A8C80BCD4\n' +
            '[ 4][t 0][2024-10-30 23:27:07.346000][transaction.cpp:274]\tlast_paid=1732922826; cells=15 bits=4281 public_cells=0\n' +
            '[ 4][t 0][2024-10-30 23:27:07.346000][transaction.cpp:504]\tend of Account.unpack() for 0:125886032725094E79C44C1AB9642FE1CBF1BF4D77DB25C345DDBE7A8C80BCD4 (balance = 0ng ; last_trans_lt = 55000000..55000002)\n' +
            '[ 4][t 0][2024-10-30 23:27:07.346000][transaction.cpp:3655]\tblock random seed set to 0000000000000000000000000000000000000000000000000000000000000000\n' +
            '[ 4][t 0][2024-10-30 23:27:07.346000][transaction.cpp:1236]\tgas limits: max=1000000, limit=1000000, credit=0\n' +
            '[ 4][t 0][2024-10-30 23:27:07.346000][transaction.cpp:1575]\tin_msg_state is null\n' +
            '[ 4][t 0][2024-10-30 23:27:07.346000][transaction.cpp:1645]\tcreating VM\n' +
            '[ 4][t 0][2024-10-30 23:27:07.346000][transaction.cpp:1351]\tSmartContractInfo initialized with [ 124711402 0 0 1735514826 68000000 68000000 82439665744655549942718375299244058949366754266342087607225540301749132006686 [ 982830865 (null) ] CS{Cell{026dc00125886032725094e79c44c1ab9642fe1cbf1bf4d77db25c345ddbe7a8c80bcd421e842e433a526e54c1c7070000000000d1cef08134} bits: 1..268; refs: 0..0} C{A7EC01478F770EF8F8B037CC7E42F0ABF0D85A50E1828C2394DAD1411691F2DE} C{BF31B32BE5ACBAACCE8B48CCEB4C84B86023EA1F188E974030A4F420D26CF50F} [ 982830865 (null) ] 0 (null) [ CS{Cell{004dd06600000000000000000000000080000000000000fa00000000000001f4000000000003d09040} bits: 9..305; refs: 0..0} (null) CS{Cell{0094d1000000000000006400000000000f4240de000000002710000000000000000f42400000000002160ec0000000000000271000000000002625a00000000005f5e100000000003b9aca00} bits: 0..592; refs: 0..0} CS{Cell{0094d100000000000000640000000000009c40de000000000190000000000000000f424000000000000f4240000000000000271000000000009896800000000005f5e100000000003b9aca00} bits: 0..592; refs: 0..0} CS{Cell{0042ea000000000098968000000000271000000000000f424000000001800055555555} bits: 0..264; refs: 0..0} CS{Cell{0042ea0000000000061a800000000001900000000000009c4000000001800055555555} bits: 0..264; refs: 0..0} (null) ] 931896 (null) ]\n' +
            '[ 4][t 0][2024-10-30 23:27:07.346000][transaction.cpp:1675]\tstarting VM\n' +
            '[ 4][t 0][2024-10-30 23:27:07.346000][transaction.cpp:1680]\tVM terminated with exit code 0\n' +
            '[ 3][t 0][2024-10-30 23:27:07.346000][transaction.cpp:1702]\tsteps: 216 gas: used=8404, max=1000000, limit=1000000, credit=0\n' +
            '[ 3][t 0][2024-10-30 23:27:07.346000][transaction.cpp:1704]\tout_of_gas=false, accepted=true, success=true, time=0.000213s\n' +
            '[ 4][t 0][2024-10-30 23:27:07.346000][transaction.cpp:1737]\tgas fees: 3361600 = 26214400 * 8404 /2^16 ; price=26214400; flat rate=[40000 for 100]; remaining balance=979469265ng\n' +
            '[ 4][t 0][2024-10-30 23:27:07.346000][transaction.cpp:2448]\tstorage paid for a message: 3 cells, 1216 bits\n' +
            '[ 4][t 0][2024-10-30 23:27:07.346000][transaction.cpp:2452]\tcomputed fwd fees = 1006400 + 0\n',
          vmLogs: 'xecute PUSHINT -1\n' +
            'execute implicit RET\n' +
            'execute THROWIFNOT 130\n' +
            'execute NEWC\n' +
            'execute GETGLOB 3\n' +
            'execute SWAP\n' +
            'execute STREF\n' +
            'execute PUSHINT -1\n' +
            'execute SWAP\n' +
            'execute STI 1\n' +
            'execute SWAP\n' +
            'execute SWAP\n' +
            'execute STU 32\n' +
            'execute ENDC\n' +
            'execute POP c4\n' +
            'execute implicit RET\n',
          debugLogs: '',
          events: [Array],
          parent: [Object],
          children: [Array],
          externals: []
        },
        children: [ [Object] ],
        externals: []
      },
      {
        address: 109208002466680520989913255462615177871260062711707745062050645640217276530479n,
        lt: 70000000n,
        prevTransactionHash: 89676656524484782342959184347349827650764671281706794919737915534781955143379n,
        prevTransactionLt: 62000000n,
        now: 1735514826,
        outMessagesCount: 1,
        oldStatus: 'active',
        endStatus: 'active',
        inMessage: { info: [Object], init: null, body: x{E601F8E50000000000000000} },
        outMessages: Dictionary { _key: [Object], _value: [Object], _map: [Map] },
        totalFees: { coins: 4689161n },
        stateUpdate: {
          oldHash: <Buffer 26 41 3e dc e4 c0 82 6e 52 54 b3 50 92 89 ac b9 ba 3f dc 37 bf d7 77 03 38 3c f8 c0 90 20 a9 bd>,
          newHash: <Buffer b0 bc 52 b8 a3 14 b7 b0 7d eb 03 3c 46 73 43 e9 9c 3b 01 dd 5c 46 36 87 d2 86 e9 88 c5 7b 50 c5>
        },
        description: {
          type: 'generic',
          creditFirst: false,
          storagePhase: [Object],
          creditPhase: [Object],
          computePhase: [Object],
          actionPhase: [Object],
          bouncePhase: undefined,
          aborted: false,
          destroyed: false
        },
        raw: x{7F17189F88977D520ADAB3E1F0E49FBDEAF086C5672CEC5A6A2FCC2DFF8C13F2F00000000042C1D80C643305B897A4B6A9DEB4EB692251E5C7D8AE13BFF771788CEE075A3133776D30000000003B20B806771DACA0003468F1A12}
         x{E_}
          x{6800A4BAF36B13E3AE770F28659A34B2D81F38859E8C08CF776F2BB4B44180438271003C5C627E225DF5482B6ACF87C3927EF7ABC21B159CB3B169A8BF30B7FE304FCBD0E657F9040609BBB0000000000839B682CEE3B5947300FC7280000000000000004_}
          x{DF_}
           x{6801E2E313F112EFAA415B567C3E1C93F7BD5E10D8ACE59D8B4D45F985BFF1827E5F0014975E6D627C75CEE1E50CB346965B03E710B3D18119EEEDE57696883008704E10E5181C240610D45E0000000008583B02CEE3B594C_}
            x{B687AB17000000000000000000000001}
             x{02202FAF080202FAF08021DCD65001CC4B4021DCD650033A526E533ABBE6533A526E533B8ED6500000001800000014_}
              x{801028CD38D6A9FB165BB1D27554DCBBC8B7A064E07EF4C3832956828113614F545_}
         x{7226413EDCE4C0826E5254B3509289ACB9BA3FDC37BFD77703383CF8C09020A9BDB0BC52B8A314B7B07DEB033C467343E99C3B01DD5C463687D286E988C57B50C5}
         x{04C32FDA090E657F905866D31211_}
          x{445E2C3D09000000000000000000FE00000000000000000000000000000000000000000000000000000000000000000000000000000000000000000000000000000000000000000000000000000000}
          x{C9864FA04C10D444000000000004000200000003247A94D3055330EA052C88C58D74F106E095C302ACDDDCC3D7E68D3FF30EDA9241102E0C_},
        hash: [Function: hash],
        blockchainLogs: '[ 4][t 0][2024-10-30 23:27:07.352000][transaction.cpp:443]\tunpacking account F17189F88977D520ADAB3E1F0E49FBDEAF086C5672CEC5A6A2FCC2DFF8C13F2F\n' +
          '[ 4][t 0][2024-10-30 23:27:07.352000][transaction.cpp:274]\tlast_paid=1732922826; cells=28 bits=7123 public_cells=0\n' +
          '[ 4][t 0][2024-10-30 23:27:07.352000][transaction.cpp:504]\tend of Account.unpack() for 0:F17189F88977D520ADAB3E1F0E49FBDEAF086C5672CEC5A6A2FCC2DFF8C13F2F (balance = 10000000ng ; last_trans_lt = 62000000..62000002)\n' +
          '[ 4][t 0][2024-10-30 23:27:07.352000][transaction.cpp:3655]\tblock random seed set to 0000000000000000000000000000000000000000000000000000000000000000\n' +
          '[ 4][t 0][2024-10-30 23:27:07.352000][transaction.cpp:1236]\tgas limits: max=1000000, limit=1000000, credit=0\n' +
          '[ 4][t 0][2024-10-30 23:27:07.352000][transaction.cpp:1575]\tin_msg_state is null\n' +
          '[ 4][t 0][2024-10-30 23:27:07.352000][transaction.cpp:1645]\tcreating VM\n' +
          '[ 4][t 0][2024-10-30 23:27:07.352000][transaction.cpp:1351]\tSmartContractInfo initialized with [ 124711402 0 0 1735514826 70000000 70000000 17981623585532928207879605009277018489859917292221253434033503130611020465268 [ 975295833 (null) ] CS{Cell{026dc00f17189f88977d520adab3e1f0e49fbdeaf086c5672cec5a6a2fcc2dff8c13f2f23886f4c33a526e50000000000ec82e08e625a01340} bits: 1..268; refs: 0..0} C{A7EC01478F770EF8F8B037CC7E42F0ABF0D85A50E1828C2394DAD1411691F2DE} C{F2179DCD5CFD8A1E113288591FFB7A5E10E107D0D2C36DF69E40398023DAA7B1} [ 966131265 (null) ] 835432 (null) [ CS{Cell{004dd06600000000000000000000000080000000000000fa00000000000001f4000000000003d09040} bits: 9..305; refs: 0..0} (null) CS{Cell{0094d1000000000000006400000000000f4240de000000002710000000000000000f42400000000002160ec0000000000000271000000000002625a00000000005f5e100000000003b9aca00} bits: 0..592; refs: 0..0} CS{Cell{0094d100000000000000640000000000009c40de000000000190000000000000000f424000000000000f4240000000000000271000000000009896800000000005f5e100000000003b9aca00} bits: 0..592; refs: 0..0} CS{Cell{0042ea000000000098968000000000271000000000000f424000000001800055555555} bits: 0..264; refs: 0..0} CS{Cell{0042ea0000000000061a800000000001900000000000009c4000000001800055555555} bits: 0..264; refs: 0..0} (null) ] 0 (null) ]\n' +
          '[ 4][t 0][2024-10-30 23:27:07.353000][transaction.cpp:1675]\tstarting VM\n' +
          '[ 4][t 0][2024-10-30 23:27:07.353000][transaction.cpp:1680]\tVM terminated with exit code 0\n' +
          '[ 3][t 0][2024-10-30 23:27:07.353000][transaction.cpp:1702]\tsteps: 254 gas: used=8945, max=1000000, limit=1000000, credit=0\n' +
          '[ 3][t 0][2024-10-30 23:27:07.353000][transaction.cpp:1704]\tout_of_gas=false, accepted=true, success=true, time=0.000250s\n' +
          '[ 4][t 0][2024-10-30 23:27:07.353000][transaction.cpp:1737]\tgas fees: 3578000 = 26214400 * 8945 /2^16 ; price=26214400; flat rate=[40000 for 100]; remaining balance=971717833ng\n' +
          '[ 3][t 0][2024-10-30 23:27:07.353000][transaction.cpp:2678]\tin try_action_reserve_currency(0)\n' +
          '[ 4][t 0][2024-10-30 23:27:07.353000][transaction.cpp:2684]\taction_reserve_currency: mode=0, reserve=10000000ng, balance=971717833ng, original balance=9164568ng\n' +
          '[ 3][t 0][2024-10-30 23:27:07.353000][transaction.cpp:2729]\tchanged remaining balance to 961717833ng, reserved balance to 10000000ng\n' +
          '[ 4][t 0][2024-10-30 23:27:07.353000][transaction.cpp:2448]\tstorage paid for a message: 3 cells, 768 bits\n' +
          '[ 4][t 0][2024-10-30 23:27:07.353000][transaction.cpp:2452]\tcomputed fwd fees = 827200 + 0\n',
        vmLogs: 'ecute STSLICER\n' +
          'execute OVER\n' +
          'execute ISNULL\n' +
          'execute NOT\n' +
          'execute PUSHCONT x7F01CA00CC\n' +
          'execute PUSHCONT x7032CA00\n' +
          'execute IFELSE\n' +
          'execute PUSHINT -1\n' +
          'execute SWAP\n' +
          'execute STI 1\n' +
          'execute STREF\n' +
          'execute implicit RET\n' +
          'execute ENDC\n' +
          'execute POP c4\n' +
          'execute implicit RET\n',
        debugLogs: '',
        events: [ [Object] ],
        parent: {
          address: 37254810366437813475271750514734067285117962570475561289538093995582013161784n,
          lt: 69000000n,
          prevTransactionHash: 96322672726254984984906419622601888363876507083411992771552917912796867628130n,
          prevTransactionLt: 67000000n,
          now: 1735514826,
          outMessagesCount: 1,
          oldStatus: 'active',
          endStatus: 'active',
          inMessage: [Object],
          outMessages: [Dictionary],
          totalFees: [Object],
          stateUpdate: [Object],
          description: [Object],
          raw: x{7525D79B589F1D73B879432CD1A596C0F9C42CF460467BBB795DA5A20C021C13800000000041CDB40D4F4B36544CDCC237F835CA71628A6C3A0061DED182B4CDC68523FBAD3948C620000000003FE56C06771DACA0003476E98F0}
           x{E_}
            x{680024B10C064E4A129CF388983572C85FC397E37E9AEFB64B868BBB7CF5190179A90014975E6D627C75CEE1E50CB346965B03E710B3D18119EEEDE57696883008704E10E948A244061479B600000000081B3202CEE3B59449AFD4E880000000000000004_}
             x{00000000000000000000000000000000000000000000000000000000000000220000000000000000000000000000000000000000000000000000000008F0D180019414BEA510}
             x{00000000000000000000000000000000000000000000000000000000000000230000000000000000000000000000000000000000000000000000000005F5E100019414BEA510}
            x{DF_}
             x{6800A4BAF36B13E3AE770F28659A34B2D81F38859E8C08CF776F2BB4B44180438271003C5C627E225DF5482B6ACF87C3927EF7ABC21B159CB3B169A8BF30B7FE304FCBD0E657F9040609BBB0000000000839B682CEE3B594C_}
              x{E601F8E50000000000000000}
           x{720D939912E7D2BB4E71102E6B169653093393893FB515F92AB3D15F9E7F3B0A519D31613D6130C0F37749E20CEE2221BE5387F43741BE83F42AF3A1579720128E}
           x{04090E948A2458769BB211_}
            x{4E782C3D090000000000000000031700000000000000000000000000000000000000000000000000000000000000000000000000000000000000000000000000000000000000000000000000000000}
            x{C983A6604C09BBA0000000000004000200000002FF0F23202887E36F1C68A77CA405A6D130181E7CEA01F2E23708B5D02B3571944090190C_},
          hash: [Function: hash],
          blockchainLogs: '[ 4][t 0][2024-10-30 23:27:07.349000][transaction.cpp:443]\tunpacking account 525D79B589F1D73B879432CD1A596C0F9C42CF460467BBB795DA5A20C021C138\n' +
            '[ 4][t 0][2024-10-30 23:27:07.349000][transaction.cpp:274]\tlast_paid=1735514826; cells=232 bits=83730 public_cells=0\n' +
            '[ 4][t 0][2024-10-30 23:27:07.349000][transaction.cpp:504]\tend of Account.unpack() for 0:525D79B589F1D73B879432CD1A596C0F9C42CF460467BBB795DA5A20C021C138 (balance = 2101000000ng ; last_trans_lt = 67000000..67000002)\n' +
            '[ 4][t 0][2024-10-30 23:27:07.349000][transaction.cpp:3655]\tblock random seed set to 0000000000000000000000000000000000000000000000000000000000000000\n' +
            '[ 4][t 0][2024-10-30 23:27:07.349000][transaction.cpp:1236]\tgas limits: max=1000000, limit=1000000, credit=0\n' +
            '[ 4][t 0][2024-10-30 23:27:07.349000][transaction.cpp:1575]\tin_msg_state is null\n' +
            '[ 4][t 0][2024-10-30 23:27:07.349000][transaction.cpp:1645]\tcreating VM\n' +
            '[ 4][t 0][2024-10-30 23:27:07.349000][transaction.cpp:1351]\tSmartContractInfo initialized with [ 124711402 0 0 1735514826 69000000 69000000 14068792954309835536948273256715513127174070948738620016199408580766834334284 [ 3079462865 (null) ] CS{Cell{0271c00525d79b589f1d73b879432cd1a596c0f9c42cf460467bbb795da5a20c021c1383d0c051c4833b8ed650000000000ff95b091f4eadd01340} bits: 1..268; refs: 0..0} C{A7EC01478F770EF8F8B037CC7E42F0ABF0D85A50E1828C2394DAD1411691F2DE} C{42B6F0E46484EFC57B9508F6BA7EF42E7512023D5CB4ED5628DD1C7755D16E9D} [ 978462865 (null) ] 0 (null) [ CS{Cell{004dd06600000000000000000000000080000000000000fa00000000000001f4000000000003d09040} bits: 9..305; refs: 0..0} (null) CS{Cell{0094d1000000000000006400000000000f4240de000000002710000000000000000f42400000000002160ec0000000000000271000000000002625a00000000005f5e100000000003b9aca00} bits: 0..592; refs: 0..0} CS{Cell{0094d100000000000000640000000000009c40de000000000190000000000000000f424000000000000f4240000000000000271000000000009896800000000005f5e100000000003b9aca00} bits: 0..592; refs: 0..0} CS{Cell{0042ea000000000098968000000000271000000000000f424000000001800055555555} bits: 0..264; refs: 0..0} CS{Cell{0042ea0000000000061a800000000001900000000000009c4000000001800055555555} bits: 0..264; refs: 0..0} (null) ] 0 (null) ]\n' +
            '[ 4][t 0][2024-10-30 23:27:07.349000][transaction.cpp:1675]\tstarting VM\n' +
            '[ 4][t 0][2024-10-30 23:27:07.350000][transaction.cpp:1680]\tVM terminated with exit code 0\n' +
            '[ 3][t 0][2024-10-30 23:27:07.350000][transaction.cpp:1702]\tsteps: 791 gas: used=29633, max=1000000, limit=1000000, credit=0\n' +
            '[ 3][t 0][2024-10-30 23:27:07.350000][transaction.cpp:1704]\tout_of_gas=false, accepted=true, success=true, time=0.000886s\n' +
            '[ 4][t 0][2024-10-30 23:27:07.350000][transaction.cpp:1737]\tgas fees: 11853200 = 26214400 * 29633 /2^16 ; price=26214400; flat rate=[40000 for 100]; remaining balance=3067609665ng\n' +
            '[ 3][t 0][2024-10-30 23:27:07.350000][transaction.cpp:2678]\tin try_action_reserve_currency(0)\n' +
            '[ 4][t 0][2024-10-30 23:27:07.350000][transaction.cpp:2684]\taction_reserve_currency: mode=0, reserve=2101000000ng, balance=3067609665ng, original balance=2101000000ng\n' +
            '[ 3][t 0][2024-10-30 23:27:07.350000][transaction.cpp:2729]\tchanged remaining balance to 966609665ng, reserved balance to 2101000000ng\n' +
            '[ 4][t 0][2024-10-30 23:27:07.350000][transaction.cpp:2448]\tstorage paid for a message: 1 cells, 96 bits\n' +
            '[ 4][t 0][2024-10-30 23:27:07.350000][transaction.cpp:2452]\tcomputed fwd fees = 478400 + 0\n',
          vmLogs: 'xecute EQUAL\n' +
            'execute THROWIF 137\n' +
            'execute PUSHPOW2 10\n' +
            'execute EQUAL\n' +
            'execute THROWIFNOT 136\n' +
            'execute STSLICER\n' +
            'execute ENDC\n' +
            'execute ROT\n' +
            'execute STREF\n' +
            'execute ENDC\n' +
            'execute SWAP\n' +
            'execute STREF\n' +
            'execute implicit RET\n' +
            'execute ENDC\n' +
            'execute POP c4\n' +
            'execute implicit RET\n',
          debugLogs: '',
          events: [Array],
          parent: [Object],
          children: [Array],
          externals: []
        },
        children: [ [Object] ],
        externals: []
      },
      {
        address: 37254810366437813475271750514734067285117962570475561289538093995582013161784n,
        lt: 71000000n,
        prevTransactionHash: 92381141537315561291272648909259118809496911849604170098929381253707448549591n,
        prevTransactionLt: 69000000n,
        now: 1735514826,
        outMessagesCount: 4,
        oldStatus: 'active',
        endStatus: 'active',
        inMessage: {
          info: [Object],
          init: null,
          body: x{B687AB17000000000000000000000001}
           x{02202FAF080202FAF08021DCD65001CC4B4021DCD650033A526E533ABBE6533A526E533B8ED6500000001800000014_}
            x{801028CD38D6A9FB165BB1D27554DCBBC8B7A064E07EF4C3832956828113614F545_}
        },
        outMessages: Dictionary { _key: [Object], _value: [Object], _map: [Map] },
        totalFees: { coins: 31153972n },
        stateUpdate: {
          oldHash: <Buffer 9d 31 61 3d 61 30 c0 f3 77 49 e2 0c ee 22 21 be 53 87 f4 37 41 be 83 f4 2a f3 a1 57 97 20 12 8e>,
          newHash: <Buffer ab c8 dd ad 76 ca f7 c7 71 14 73 54 74 20 d8 77 31 2f ee 76 04 99 db d4 9b 78 ec 28 da 43 14 6b>
        },
        description: {
          type: 'generic',
          creditFirst: false,
          storagePhase: [Object],
          creditPhase: [Object],
          computePhase: [Object],
          actionPhase: [Object],
          bouncePhase: undefined,
          aborted: false,
          destroyed: false
        },
        raw: x{7525D79B589F1D73B879432CD1A596C0F9C42CF460467BBB795DA5A20C021C13800000000043B5FC0CC3DDF87FA3455BDDE9D7788F9FE28D4E976AC68DD74CBD9255B29604EE980D700000000041CDB406771DACA00094803B6BE68}
         x{E_}
          x{6801E2E313F112EFAA415B567C3E1C93F7BD5E10D8ACE59D8B4D45F985BFF1827E5F0014975E6D627C75CEE1E50CB346965B03E710B3D18119EEEDE57696883008704E10E5181C240610D45E0000000008583B02CEE3B5945B43D58B800000000000000000000000C_}
           x{02202FAF080202FAF08021DCD65001CC4B4021DCD650033A526E533ABBE6533A526E533B8ED6500000001800000014_}
            x{801028CD38D6A9FB165BB1D27554DCBBC8B7A064E07EF4C3832956828113614F545_}
          x{DB_}
           x{2_}
            x{2_}
             x{6800A4BAF36B13E3AE770F28659A34B2D81F38859E8C08CF776F2BB4B44180438271002DD4BFC7CEC008CEA35815A072428664B1FE9B0E2F08F51D07816A7E7C4DA66C50101931000609BBB0000000000876BF82CEE3B594C_}
              x{BC26F4C80000000000000000}
            x{2_}
             x{6800A4BAF36B13E3AE770F28659A34B2D81F38859E8C08CF776F2BB4B441804382710025550E6953466B7EB993027F56153A398021E9F196DE43D165866FB1468B939490101931000609BBB0000000000876BF84CEE3B594C_}
              x{BC26F4C80000000000000001}
           x{2_}
            x{2_}
             x{E00292EBCDAC4F8EB9DC3CA19668D2CB607CE2167A30233DDDBCAED2D106010E09C0000000000876BF86CEE3B594C_}
              x{8B6D3812000000000000000000000001801028CD38D6A9FB165BB1D27554DCBBC8B7A064E07EF4C3832956828113614F544877359401_}
            x{2_}
             x{4800A4BAF36B13E3AE770F28659A34B2D81F38859E8C08CF776F2BB4B44180438271003C5C627E225DF5482B6ACF87C3927EF7ABC21B159CB3B169A8BF30B7FE304FCBD0BCA38AE40656E1D8000000000876BF88CEE3B595E_}
              x{34_}
               x{FF00F4A413F4BCF2C80B}
                x{62_}
                 x{D001D0D3030171B0A301FA400120D74981010BBAF2E08820D70B0A208104FFBAF2D0898309BAF2E088545053036F04F86102F862DB3C5512DB3CF2E082}
                  x{ED44D0D401F863D200018E2FD31FFA400120D74981010BBAF2E08820D70B0A208104FFBAF2D0898309BAF2E08801D2000191D4926D01E255206C13E0F828D70B0A8309BAF2E089810101D700FA400120D74981010BBAF2E08820D70B0A208104FFBAF2D0898309BAF2E0881202D101DB3C}
                   x{6D}
                  x{0192307FE07021D749C21F953020D70B1FDE208210AFE93535BA8F5130D31F018210AFE93535BAF2E081D33FFA400120D74981010BBAF2E08820D70B0A208104FFBAF2D0898309BAF2E08801D455206C1332820898968070FB024434DB3C30037083067055206D6D6DDB3C597FE0208210B8A3AA14BAE302}
                   x{F8425220C705F2E084}
                   x{C87101CA01500701CA007001CA02500520D74981010BBAF2E08820D70B0A208104FFBAF2D0898309BAF2E088CF165003FA027001CA68236EB3917F93246EB3E2973333017001CA00E30D216EB39C7F01CA0001206EF2D08001CC95317001CA00E2C901FB00}
                    x{7F01CA00C87001CA007001CA00246EB39D7F01CA0004206EF2D0805004CC9634037001CA00E2246EB39D7F01CA0004206EF2D0805004CC9634037001CA00E27001CA00027F01CA0002C958CC}
                   x{30D31F018210B8A3AA14BAF2E081D33FFA400120D74981010BBAF2E08820D70B0A208104FFBAF2D0898309BAF2E088126C12317020FB025520DB3C03708100A07055206D6D6DDB3C587F}
                    x{F8425220C705F2E084}
                    x{C87101CA01500701CA007001CA02500520D74981010BBAF2E08820D70B0A208104FFBAF2D0898309BAF2E088CF165003FA027001CA68236EB3917F93246EB3E2973333017001CA00E30D216EB39C7F01CA0001206EF2D08001CC95317001CA00E2C901FB00}
                     x{7F01CA00C87001CA007001CA00246EB39D7F01CA0004206EF2D0805004CC9634037001CA00E2246EB39D7F01CA0004206EF2D0805004CC9634037001CA00E27001CA00027F01CA0002C958CC}
                   x{8210E601F8E5BA8ECED31F018210E601F8E5BAF2E081D33F0131820898968070FB02F8416F2410235F037083067F25206EF2D080542580C855208210B687AB175004CB1F12CB3FCB1FCCC9103441301443306D6DDB3C7FE03070}
                    x{C87101CA01500701CA007001CA02500520D74981010BBAF2E08820D70B0A208104FFBAF2D0898309BAF2E088CF165003FA027001CA68236EB3917F93246EB3E2973333017001CA00E30D216EB39C7F01CA0001206EF2D08001CC95317001CA00E2C901FB00}
                     x{7F01CA00C87001CA007001CA00246EB39D7F01CA0004206EF2D0805004CC9634037001CA00E2246EB39D7F01CA0004206EF2D0805004CC9634037001CA00E27001CA00027F01CA0002C958CC}
                  x{C8F84301CC7F01CA0055205023CB1F0120D74981010BBAF2E08820D70B0A208104FFBAF2D0898309BAF2E088CF16216EB3957F01CA00CC947032CA00E2C9ED54}
                 x{2_}
                  x{BE28EED9E6D9E3618C_}
                   x{ED44D0D401F863D200018E2FD31FFA400120D74981010BBAF2E08820D70B0A208104FFBAF2D0898309BAF2E08801D2000191D4926D01E255206C13E0F828D70B0A8309BAF2E089810101D700FA400120D74981010BBAF2E08820D70B0A208104FFBAF2D0898309BAF2E0881202D101DB3C}
                    x{6D}
                   x{21}
                  x{2_}
                   x{4}
                    x{B1D8B6CF36CF1B0C6_}
                     x{ED44D0D401F863D200018E2FD31FFA400120D74981010BBAF2E08820D70B0A208104FFBAF2D0898309BAF2E08801D2000191D4926D01E255206C13E0F828D70B0A8309BAF2E089810101D700FA400120D74981010BBAF2E08820D70B0A208104FFBAF2D0898309BAF2E0881202D101DB3C}
                      x{6D}
                     x{20}
                    x{B36436CF36CF1B0C6_}
                     x{ED44D0D401F863D200018E2FD31FFA400120D74981010BBAF2E08820D70B0A208104FFBAF2D0898309BAF2E08801D2000191D4926D01E255206C13E0F828D70B0A8309BAF2E089810101D700FA400120D74981010BBAF2E08820D70B0A208104FFBAF2D0898309BAF2E0881202D101DB3C}
                      x{6D}
                     x{22}
                   x{B82BEED44D0D20001}
               x{0000000000000000000000000000000000000000000000000000000000000000600292EBCDAC4F8EB9DC3CA19668D2CB607CE2167A30233DDDBCAED2D106010E09C4_}
                x{C_}
                 x{A0838F_}
                  x{FF00F4A413F4BCF2C80B}
                   x{62_}
                    x{D001D0D3030171B0A301FA400120D74981010BBAF2E08820D70B0A208104FFBAF2D0898309BAF2E088545053036F04F86102F862DB3C5512DB3CF2E082}
                     x{ED44D0D401F863D200018E2FD31FFA400120D74981010BBAF2E08820D70B0A208104FFBAF2D0898309BAF2E08801D2000191D4926D01E255206C13E0F828D70B0A8309BAF2E089810101D700FA400120D74981010BBAF2E08820D70B0A208104FFBAF2D0898309BAF2E0881202D101DB3C}
                      x{6D}
                     x{0192307FE07021D749C21F953020D70B1FDE208210AFE93535BA8F5130D31F018210AFE93535BAF2E081D33FFA400120D74981010BBAF2E08820D70B0A208104FFBAF2D0898309BAF2E08801D455206C1332820898968070FB024434DB3C30037083067055206D6D6DDB3C597FE0208210B8A3AA14BAE302}
                      x{F8425220C705F2E084}
                      x{C87101CA01500701CA007001CA02500520D74981010BBAF2E08820D70B0A208104FFBAF2D0898309BAF2E088CF165003FA027001CA68236EB3917F93246EB3E2973333017001CA00E30D216EB39C7F01CA0001206EF2D08001CC95317001CA00E2C901FB00}
                       x{7F01CA00C87001CA007001CA00246EB39D7F01CA0004206EF2D0805004CC9634037001CA00E2246EB39D7F01CA0004206EF2D0805004CC9634037001CA00E27001CA00027F01CA0002C958CC}
                      x{30D31F018210B8A3AA14BAF2E081D33FFA400120D74981010BBAF2E08820D70B0A208104FFBAF2D0898309BAF2E088126C12317020FB025520DB3C03708100A07055206D6D6DDB3C587F}
                       x{F8425220C705F2E084}
                       x{C87101CA01500701CA007001CA02500520D74981010BBAF2E08820D70B0A208104FFBAF2D0898309BAF2E088CF165003FA027001CA68236EB3917F93246EB3E2973333017001CA00E30D216EB39C7F01CA0001206EF2D08001CC95317001CA00E2C901FB00}
                        x{7F01CA00C87001CA007001CA00246EB39D7F01CA0004206EF2D0805004CC9634037001CA00E2246EB39D7F01CA0004206EF2D0805004CC9634037001CA00E27001CA00027F01CA0002C958CC}
                      x{8210E601F8E5BA8ECED31F018210E601F8E5BAF2E081D33F0131820898968070FB02F8416F2410235F037083067F25206EF2D080542580C855208210B687AB175004CB1F12CB3FCB1FCCC9103441301443306D6DDB3C7FE03070}
                       x{C87101CA01500701CA007001CA02500520D74981010BBAF2E08820D70B0A208104FFBAF2D0898309BAF2E088CF165003FA027001CA68236EB3917F93246EB3E2973333017001CA00E30D216EB39C7F01CA0001206EF2D08001CC95317001CA00E2C901FB00}
                        x{7F01CA00C87001CA007001CA00246EB39D7F01CA0004206EF2D0805004CC9634037001CA00E2246EB39D7F01CA0004206EF2D0805004CC9634037001CA00E27001CA00027F01CA0002C958CC}
                     x{C8F84301CC7F01CA0055205023CB1F0120D74981010BBAF2E08820D70B0A208104FFBAF2D0898309BAF2E088CF16216EB3957F01CA00CC947032CA00E2C9ED54}
                    x{2_}
                     x{BE28EED9E6D9E3618C_}
                      x{ED44D0D401F863D200018E2FD31FFA400120D74981010BBAF2E08820D70B0A208104FFBAF2D0898309BAF2E08801D2000191D4926D01E255206C13E0F828D70B0A8309BAF2E089810101D700FA400120D74981010BBAF2E08820D70B0A208104FFBAF2D0898309BAF2E0881202D101DB3C}
                       x{6D}
                      x{21}
                     x{2_}
                      x{4}
                       x{B1D8B6CF36CF1B0C6_}
                        x{ED44D0D401F863D200018E2FD31FFA400120D74981010BBAF2E08820D70B0A208104FFBAF2D0898309BAF2E08801D2000191D4926D01E255206C13E0F828D70B0A8309BAF2E089810101D700FA400120D74981010BBAF2E08820D70B0A208104FFBAF2D0898309BAF2E0881202D101DB3C}
                         x{6D}
                        x{20}
                       x{B36436CF36CF1B0C6_}
                        x{ED44D0D401F863D200018E2FD31FFA400120D74981010BBAF2E08820D70B0A208104FFBAF2D0898309BAF2E08801D2000191D4926D01E255206C13E0F828D70B0A8309BAF2E089810101D700FA400120D74981010BBAF2E08820D70B0A208104FFBAF2D0898309BAF2E0881202D101DB3C}
                         x{6D}
                        x{22}
                      x{B82BEED44D0D20001}
              x{B8A3AA140000000000000000801D3E5E1B0970E52ABD4EA639AED542E118FE33D2F03FE072737A6B74A8FDC2C69_}
         x{729D31613D6130C0F37749E20CEE2221BE5387F43741BE83F42AF3A1579720128EABC8DDAD76CAF7C7711473547420D877312FEE760499DBD49B78EC28DA43146B}
         x{04090E5181C2588036EE1C11_}
          x{602327CC3D09000000000000000007C100000000000000000000000000000000000000000000000000000000000000000000000000000000000000000000000000000000000000000000000000000000}
          x{C9AC8D784C8FB95000000000000A000200000008F0F0D59EBCEEA994FA4953308DF0250A1618BA611EC19413D0F11A313954C52E48913B24_},
        hash: [Function: hash],
        blockchainLogs: '[ 4][t 0][2024-10-30 23:27:07.355000][transaction.cpp:443]\tunpacking account 525D79B589F1D73B879432CD1A596C0F9C42CF460467BBB795DA5A20C021C138\n' +
          '[ 4][t 0][2024-10-30 23:27:07.355000][transaction.cpp:274]\tlast_paid=1735514826; cells=232 bits=84082 public_cells=0\n' +
          '[ 4][t 0][2024-10-30 23:27:07.355000][transaction.cpp:504]\tend of Account.unpack() for 0:525D79B589F1D73B879432CD1A596C0F9C42CF460467BBB795DA5A20C021C138 (balance = 2101000000ng ; last_trans_lt = 69000000..69000002)\n' +
          '[ 4][t 0][2024-10-30 23:27:07.355000][transaction.cpp:3655]\tblock random seed set to 0000000000000000000000000000000000000000000000000000000000000000\n' +
          '[ 4][t 0][2024-10-30 23:27:07.355000][transaction.cpp:1236]\tgas limits: max=1000000, limit=1000000, credit=0\n' +
          '[ 4][t 0][2024-10-30 23:27:07.355000][transaction.cpp:1575]\tin_msg_state is null\n' +
          '[ 4][t 0][2024-10-30 23:27:07.355000][transaction.cpp:1645]\tcreating VM\n' +
          '[ 4][t 0][2024-10-30 23:27:07.355000][transaction.cpp:1351]\tSmartContractInfo initialized with [ 124711402 0 0 1735514826 71000000 71000000 14068792954309835536948273256715513127174070948738620016199408580766834334284 [ 3061890633 (null) ] CS{Cell{0271c00525d79b589f1d73b879432cd1a596c0f9c42cf460467bbb795da5a20c021c1383d0c0521c833b8ed6500000000010736d091f4eadd01340} bits: 1..268; refs: 0..0} C{A7EC01478F770EF8F8B037CC7E42F0ABF0D85A50E1828C2394DAD1411691F2DE} C{42B6F0E46484EFC57B9508F6BA7EF42E7512023D5CB4ED5628DD1C7755D16E9D} [ 960890633 (null) ] 0 (null) [ CS{Cell{004dd06600000000000000000000000080000000000000fa00000000000001f4000000000003d09040} bits: 9..305; refs: 0..0} (null) CS{Cell{0094d1000000000000006400000000000f4240de000000002710000000000000000f42400000000002160ec0000000000000271000000000002625a00000000005f5e100000000003b9aca00} bits: 0..592; refs: 0..0} CS{Cell{0094d100000000000000640000000000009c40de000000000190000000000000000f424000000000000f4240000000000000271000000000009896800000000005f5e100000000003b9aca00} bits: 0..592; refs: 0..0} CS{Cell{0042ea000000000098968000000000271000000000000f424000000001800055555555} bits: 0..264; refs: 0..0} CS{Cell{0042ea0000000000061a800000000001900000000000009c4000000001800055555555} bits: 0..264; refs: 0..0} (null) ] 0 (null) ]\n' +
          '[ 4][t 0][2024-10-30 23:27:07.356000][transaction.cpp:1675]\tstarting VM\n' +
          '[ 4][t 0][2024-10-30 23:27:07.358000][transaction.cpp:1680]\tVM terminated with exit code 0\n' +
          '[ 3][t 0][2024-10-30 23:27:07.358000][transaction.cpp:1702]\tsteps: 1985 gas: used=71998, max=1000000, limit=1000000, credit=0\n' +
          '[ 3][t 0][2024-10-30 23:27:07.358000][transaction.cpp:1704]\tout_of_gas=false, accepted=true, success=true, time=0.001973s\n' +
          '[ 4][t 0][2024-10-30 23:27:07.358000][transaction.cpp:1737]\tgas fees: 28799200 = 26214400 * 71998 /2^16 ; price=26214400; flat rate=[40000 for 100]; remaining balance=3033091433ng\n' +
          '[ 3][t 0][2024-10-30 23:27:07.358000][transaction.cpp:2678]\tin try_action_reserve_currency(0)\n' +
          '[ 4][t 0][2024-10-30 23:27:07.358000][transaction.cpp:2684]\taction_reserve_currency: mode=0, reserve=2101000000ng, balance=3033091433ng, original balance=2101000000ng\n' +
          '[ 3][t 0][2024-10-30 23:27:07.358000][transaction.cpp:2729]\tchanged remaining balance to 932091433ng, reserved balance to 2101000000ng\n' +
          '[ 4][t 0][2024-10-30 23:27:07.358000][transaction.cpp:2448]\tstorage paid for a message: 1 cells, 96 bits\n' +
          '[ 4][t 0][2024-10-30 23:27:07.358000][transaction.cpp:2452]\tcomputed fwd fees = 478400 + 0\n' +
          '[ 4][t 0][2024-10-30 23:27:07.358000][transaction.cpp:2448]\tstorage paid for a message: 1 cells, 96 bits\n' +
          '[ 4][t 0][2024-10-30 23:27:07.358000][transaction.cpp:2452]\tcomputed fwd fees = 478400 + 0\n' +
          '[ 4][t 0][2024-10-30 23:27:07.358000][transaction.cpp:2448]\tstorage paid for a message: 1 cells, 431 bits\n' +
          '[ 4][t 0][2024-10-30 23:27:07.358000][transaction.cpp:2452]\tcomputed fwd fees = 612400 + 0\n' +
          '[ 4][t 0][2024-10-30 23:27:07.358000][transaction.cpp:2448]\tstorage paid for a message: 27 cells, 6976 bits\n' +
          '[ 4][t 0][2024-10-30 23:27:07.358000][transaction.cpp:2452]\tcomputed fwd fees = 4270400 + 0\n',
        vmLogs: 'xecute EQUAL\n' +
          'execute THROWIF 137\n' +
          'execute PUSHPOW2 10\n' +
          'execute EQUAL\n' +
          'execute THROWIFNOT 136\n' +
          'execute STSLICER\n' +
          'execute ENDC\n' +
          'execute ROT\n' +
          'execute STREF\n' +
          'execute ENDC\n' +
          'execute SWAP\n' +
          'execute STREF\n' +
          'execute implicit RET\n' +
          'execute ENDC\n' +
          'execute POP c4\n' +
          'execute implicit RET\n',
        debugLogs: '',
        events: [ [Object], [Object], [Object] ],
        parent: {
          address: 109208002466680520989913255462615177871260062711707745062050645640217276530479n,
          lt: 70000000n,
          prevTransactionHash: 89676656524484782342959184347349827650764671281706794919737915534781955143379n,
          prevTransactionLt: 62000000n,
          now: 1735514826,
          outMessagesCount: 1,
          oldStatus: 'active',
          endStatus: 'active',
          inMessage: [Object],
          outMessages: [Dictionary],
          totalFees: [Object],
          stateUpdate: [Object],
          description: [Object],
          raw: x{7F17189F88977D520ADAB3E1F0E49FBDEAF086C5672CEC5A6A2FCC2DFF8C13F2F00000000042C1D80C643305B897A4B6A9DEB4EB692251E5C7D8AE13BFF771788CEE075A3133776D30000000003B20B806771DACA0003468F1A12}
           x{E_}
            x{6800A4BAF36B13E3AE770F28659A34B2D81F38859E8C08CF776F2BB4B44180438271003C5C627E225DF5482B6ACF87C3927EF7ABC21B159CB3B169A8BF30B7FE304FCBD0E657F9040609BBB0000000000839B682CEE3B5947300FC7280000000000000004_}
            x{DF_}
             x{6801E2E313F112EFAA415B567C3E1C93F7BD5E10D8ACE59D8B4D45F985BFF1827E5F0014975E6D627C75CEE1E50CB346965B03E710B3D18119EEEDE57696883008704E10E5181C240610D45E0000000008583B02CEE3B594C_}
              x{B687AB17000000000000000000000001}
               x{02202FAF080202FAF08021DCD65001CC4B4021DCD650033A526E533ABBE6533A526E533B8ED6500000001800000014_}
                x{801028CD38D6A9FB165BB1D27554DCBBC8B7A064E07EF4C3832956828113614F545_}
           x{7226413EDCE4C0826E5254B3509289ACB9BA3FDC37BFD77703383CF8C09020A9BDB0BC52B8A314B7B07DEB033C467343E99C3B01DD5C463687D286E988C57B50C5}
           x{04C32FDA090E657F905866D31211_}
            x{445E2C3D09000000000000000000FE00000000000000000000000000000000000000000000000000000000000000000000000000000000000000000000000000000000000000000000000000000000}
            x{C9864FA04C10D444000000000004000200000003247A94D3055330EA052C88C58D74F106E095C302ACDDDCC3D7E68D3FF30EDA9241102E0C_},
          hash: [Function: hash],
          blockchainLogs: '[ 4][t 0][2024-10-30 23:27:07.352000][transaction.cpp:443]\tunpacking account F17189F88977D520ADAB3E1F0E49FBDEAF086C5672CEC5A6A2FCC2DFF8C13F2F\n' +
            '[ 4][t 0][2024-10-30 23:27:07.352000][transaction.cpp:274]\tlast_paid=1732922826; cells=28 bits=7123 public_cells=0\n' +
            '[ 4][t 0][2024-10-30 23:27:07.352000][transaction.cpp:504]\tend of Account.unpack() for 0:F17189F88977D520ADAB3E1F0E49FBDEAF086C5672CEC5A6A2FCC2DFF8C13F2F (balance = 10000000ng ; last_trans_lt = 62000000..62000002)\n' +
            '[ 4][t 0][2024-10-30 23:27:07.352000][transaction.cpp:3655]\tblock random seed set to 0000000000000000000000000000000000000000000000000000000000000000\n' +
            '[ 4][t 0][2024-10-30 23:27:07.352000][transaction.cpp:1236]\tgas limits: max=1000000, limit=1000000, credit=0\n' +
            '[ 4][t 0][2024-10-30 23:27:07.352000][transaction.cpp:1575]\tin_msg_state is null\n' +
            '[ 4][t 0][2024-10-30 23:27:07.352000][transaction.cpp:1645]\tcreating VM\n' +
            '[ 4][t 0][2024-10-30 23:27:07.352000][transaction.cpp:1351]\tSmartContractInfo initialized with [ 124711402 0 0 1735514826 70000000 70000000 17981623585532928207879605009277018489859917292221253434033503130611020465268 [ 975295833 (null) ] CS{Cell{026dc00f17189f88977d520adab3e1f0e49fbdeaf086c5672cec5a6a2fcc2dff8c13f2f23886f4c33a526e50000000000ec82e08e625a01340} bits: 1..268; refs: 0..0} C{A7EC01478F770EF8F8B037CC7E42F0ABF0D85A50E1828C2394DAD1411691F2DE} C{F2179DCD5CFD8A1E113288591FFB7A5E10E107D0D2C36DF69E40398023DAA7B1} [ 966131265 (null) ] 835432 (null) [ CS{Cell{004dd06600000000000000000000000080000000000000fa00000000000001f4000000000003d09040} bits: 9..305; refs: 0..0} (null) CS{Cell{0094d1000000000000006400000000000f4240de000000002710000000000000000f42400000000002160ec0000000000000271000000000002625a00000000005f5e100000000003b9aca00} bits: 0..592; refs: 0..0} CS{Cell{0094d100000000000000640000000000009c40de000000000190000000000000000f424000000000000f4240000000000000271000000000009896800000000005f5e100000000003b9aca00} bits: 0..592; refs: 0..0} CS{Cell{0042ea000000000098968000000000271000000000000f424000000001800055555555} bits: 0..264; refs: 0..0} CS{Cell{0042ea0000000000061a800000000001900000000000009c4000000001800055555555} bits: 0..264; refs: 0..0} (null) ] 0 (null) ]\n' +
            '[ 4][t 0][2024-10-30 23:27:07.353000][transaction.cpp:1675]\tstarting VM\n' +
            '[ 4][t 0][2024-10-30 23:27:07.353000][transaction.cpp:1680]\tVM terminated with exit code 0\n' +
            '[ 3][t 0][2024-10-30 23:27:07.353000][transaction.cpp:1702]\tsteps: 254 gas: used=8945, max=1000000, limit=1000000, credit=0\n' +
            '[ 3][t 0][2024-10-30 23:27:07.353000][transaction.cpp:1704]\tout_of_gas=false, accepted=true, success=true, time=0.000250s\n' +
            '[ 4][t 0][2024-10-30 23:27:07.353000][transaction.cpp:1737]\tgas fees: 3578000 = 26214400 * 8945 /2^16 ; price=26214400; flat rate=[40000 for 100]; remaining balance=971717833ng\n' +
            '[ 3][t 0][2024-10-30 23:27:07.353000][transaction.cpp:2678]\tin try_action_reserve_currency(0)\n' +
            '[ 4][t 0][2024-10-30 23:27:07.353000][transaction.cpp:2684]\taction_reserve_currency: mode=0, reserve=10000000ng, balance=971717833ng, original balance=9164568ng\n' +
            '[ 3][t 0][2024-10-30 23:27:07.353000][transaction.cpp:2729]\tchanged remaining balance to 961717833ng, reserved balance to 10000000ng\n' +
            '[ 4][t 0][2024-10-30 23:27:07.353000][transaction.cpp:2448]\tstorage paid for a message: 3 cells, 768 bits\n' +
            '[ 4][t 0][2024-10-30 23:27:07.353000][transaction.cpp:2452]\tcomputed fwd fees = 827200 + 0\n',
          vmLogs: 'ecute STSLICER\n' +
            'execute OVER\n' +
            'execute ISNULL\n' +
            'execute NOT\n' +
            'execute PUSHCONT x7F01CA00CC\n' +
            'execute PUSHCONT x7032CA00\n' +
            'execute IFELSE\n' +
            'execute PUSHINT -1\n' +
            'execute SWAP\n' +
            'execute STI 1\n' +
            'execute STREF\n' +
            'execute implicit RET\n' +
            'execute ENDC\n' +
            'execute POP c4\n' +
            'execute implicit RET\n',
          debugLogs: '',
          events: [Array],
          parent: [Object],
          children: [Array],
          externals: []
        },
        children: [ [Object], [Object], [Object] ],
        externals: [ [Object] ]
      },
      {
        address: 82919893537339836681594642219091937861961791340913881033281425430409330989489n,
        lt: 72000000n,
        prevTransactionHash: 99361862533514479762172069285350696744747411651083437208816187470259887339519n,
        prevTransactionLt: 61000000n,
        now: 1735514826,
        outMessagesCount: 1,
        oldStatus: 'active',
        endStatus: 'active',
        inMessage: { info: [Object], init: null, body: x{BC26F4C80000000000000000} },
        outMessages: Dictionary { _key: [Object], _value: [Object], _map: [Map] },
        totalFees: { coins: 5334831n },
        stateUpdate: {
          oldHash: <Buffer 42 7a f2 3b eb e5 e5 ce 63 8f e1 1d ec 6b a8 b6 f3 2f 21 7d a9 64 f4 e1 d1 93 ca 7c 79 33 bc e4>,
          newHash: <Buffer 05 e2 ad 14 1e 9b be c1 dc df 06 f0 02 7f 79 ee c7 72 8e f8 b4 be 0e 3f 91 67 25 f9 1b 7b c6 0d>
        },
        description: {
          type: 'generic',
          creditFirst: false,
          storagePhase: [Object],
          creditPhase: [Object],
          computePhase: [Object],
          actionPhase: [Object],
          bouncePhase: undefined,
          aborted: false,
          destroyed: false
        },
        raw: x{7B752FF1F3B00233A8D605681C90A1992C7FA6C38BC23D4741E05A9F9F13699B100000000044AA200DBACD23C87DBED9949D55CF9C3798A44DD11979CE1653E7AACED4D718448F7FF0000000003A2C9406771DACA000346A2CE5E}
         x{E_}
          x{6800A4BAF36B13E3AE770F28659A34B2D81F38859E8C08CF776F2BB4B44180438271002DD4BFC7CEC008CEA35815A072428664B1FE9B0E2F08F51D07816A7E7C4DA66C50101931000609BBB0000000000876BF82CEE3B5945E137A6400000000000000004_}
          x{DF_}
           x{68016EA5FE3E760046751AC0AD03921433258FF4D8717847A8E83C0B53F3E26D33630014975E6D627C75CEE1E50CB346965B03E710B3D18119EEEDE57696883008704E101119EF88060DFF5E0000000008954402CEE3B594C_}
            x{2A004A0500000000000000000000000000000000000000000000000000000000000000000000000000000001C00814669C6B54FD8B2DD8E93AAA6E5DE45BD032703F7A61C194AB414089B0A7AA2}
         x{72427AF23BEBE5E5CE638FE11DEC6BA8B6F32F217DA964F4E1D193CA7C7933BCE405E2AD141E9BBEC1DCDF06F0027F79EEC7728EF8B4BE0E3F916725F91B7BC60D}
         x{04C4360789010193101867A1E811_}
          x{44E28C0A4D9000000000000000013D00000000000000000000000000000000000000000000000000000000000000000000000000000000000000000000000000000000000000000000000000000000}
          x{C9853FC04C0DFF44000000000002000000000002E64A0CF447123DDC47EC547688080A6B35BCB06153B6FDE5C3DD1AAA70FB01364090296C_},
        hash: [Function: hash],
        blockchainLogs: '[ 4][t 0][2024-10-30 23:27:07.363000][transaction.cpp:443]\tunpacking account B752FF1F3B00233A8D605681C90A1992C7FA6C38BC23D4741E05A9F9F13699B1\n' +
          '[ 4][t 0][2024-10-30 23:27:07.363000][transaction.cpp:274]\tlast_paid=1732922826; cells=30 bits=12911 public_cells=0\n' +
          '[ 4][t 0][2024-10-30 23:27:07.363000][transaction.cpp:504]\tend of Account.unpack() for 0:B752FF1F3B00233A8D605681C90A1992C7FA6C38BC23D4741E05A9F9F13699B1 (balance = 10000000ng ; last_trans_lt = 61000000..61000002)\n' +
          '[ 4][t 0][2024-10-30 23:27:07.363000][transaction.cpp:3655]\tblock random seed set to 0000000000000000000000000000000000000000000000000000000000000000\n' +
          '[ 4][t 0][2024-10-30 23:27:07.363000][transaction.cpp:1236]\tgas limits: max=191044, limit=168804, credit=0\n' +
          '[ 4][t 0][2024-10-30 23:27:07.363000][transaction.cpp:1575]\tin_msg_state is null\n' +
          '[ 4][t 0][2024-10-30 23:27:07.363000][transaction.cpp:1645]\tcreating VM\n' +
          '[ 4][t 0][2024-10-30 23:27:07.363000][transaction.cpp:1351]\tSmartContractInfo initialized with [ 124711402 0 0 1735514826 72000000 72000000 97826753015311813380351420704363183350475263254542554028075350774453386286405 [ 76417698 (null) ] CS{Cell{026dc00b752ff1f3b00233a8d605681c90a1992c7fa6c38bc23d4741e05a9f9f13699b123c8c9bc33a526e50000000000e8b2508e625a01340} bits: 1..268; refs: 0..0} C{A7EC01478F770EF8F8B037CC7E42F0ABF0D85A50E1828C2394DAD1411691F2DE} C{33BB148A451AD17F938AA7C476E48F2B79933715F13F1D58F9234A90730321A8} [ 67521600 (null) ] 1103902 (null) [ CS{Cell{004dd06600000000000000000000000080000000000000fa00000000000001f4000000000003d09040} bits: 9..305; refs: 0..0} (null) CS{Cell{0094d1000000000000006400000000000f4240de000000002710000000000000000f42400000000002160ec0000000000000271000000000002625a00000000005f5e100000000003b9aca00} bits: 0..592; refs: 0..0} CS{Cell{0094d100000000000000640000000000009c40de000000000190000000000000000f424000000000000f4240000000000000271000000000009896800000000005f5e100000000003b9aca00} bits: 0..592; refs: 0..0} CS{Cell{0042ea000000000098968000000000271000000000000f424000000001800055555555} bits: 0..264; refs: 0..0} CS{Cell{0042ea0000000000061a800000000001900000000000009c4000000001800055555555} bits: 0..264; refs: 0..0} (null) ] 0 (null) ]\n' +
          '[ 4][t 0][2024-10-30 23:27:07.363000][transaction.cpp:1675]\tstarting VM\n' +
          '[ 4][t 0][2024-10-30 23:27:07.363000][transaction.cpp:1680]\tVM terminated with exit code 0\n' +
          '[ 3][t 0][2024-10-30 23:27:07.363000][transaction.cpp:1702]\tsteps: 317 gas: used=10004, max=191044, limit=168804, credit=0\n' +
          '[ 3][t 0][2024-10-30 23:27:07.363000][transaction.cpp:1704]\tout_of_gas=false, accepted=true, success=true, time=0.000362s\n' +
          '[ 4][t 0][2024-10-30 23:27:07.363000][transaction.cpp:1737]\tgas fees: 4001600 = 26214400 * 10004 /2^16 ; price=26214400; flat rate=[40000 for 100]; remaining balance=72416098ng\n' +
          '[ 4][t 0][2024-10-30 23:27:07.364000][transaction.cpp:2448]\tstorage paid for a message: 1 cells, 620 bits\n' +
          '[ 4][t 0][2024-10-30 23:27:07.364000][transaction.cpp:2452]\tcomputed fwd fees = 688000 + 0\n',
        vmLogs: 'e implicit RET\n' +
          'execute OVER\n' +
          'execute ISNULL\n' +
          'execute NOT\n' +
          'execute PUSHCONT x7F01CA00CC\n' +
          'execute PUSHCONT x7032CA00\n' +
          'execute IFELSE\n' +
          'execute PUSHINT -1\n' +
          'execute SWAP\n' +
          'execute STI 1\n' +
          'execute STREF\n' +
          'execute implicit RET\n' +
          'execute ENDC\n' +
          'execute POP c4\n' +
          'execute implicit RET\n',
        debugLogs: '',
        events: [ [Object] ],
        parent: {
          address: 37254810366437813475271750514734067285117962570475561289538093995582013161784n,
          lt: 71000000n,
          prevTransactionHash: 92381141537315561291272648909259118809496911849604170098929381253707448549591n,
          prevTransactionLt: 69000000n,
          now: 1735514826,
          outMessagesCount: 4,
          oldStatus: 'active',
          endStatus: 'active',
          inMessage: [Object],
          outMessages: [Dictionary],
          totalFees: [Object],
          stateUpdate: [Object],
          description: [Object],
          raw: x{7525D79B589F1D73B879432CD1A596C0F9C42CF460467BBB795DA5A20C021C13800000000043B5FC0CC3DDF87FA3455BDDE9D7788F9FE28D4E976AC68DD74CBD9255B29604EE980D700000000041CDB406771DACA00094803B6BE68}
           x{E_}
            x{6801E2E313F112EFAA415B567C3E1C93F7BD5E10D8ACE59D8B4D45F985BFF1827E5F0014975E6D627C75CEE1E50CB346965B03E710B3D18119EEEDE57696883008704E10E5181C240610D45E0000000008583B02CEE3B5945B43D58B800000000000000000000000C_}
             x{02202FAF080202FAF08021DCD65001CC4B4021DCD650033A526E533ABBE6533A526E533B8ED6500000001800000014_}
              x{801028CD38D6A9FB165BB1D27554DCBBC8B7A064E07EF4C3832956828113614F545_}
            x{DB_}
             x{2_}
              x{2_}
               x{6800A4BAF36B13E3AE770F28659A34B2D81F38859E8C08CF776F2BB4B44180438271002DD4BFC7CEC008CEA35815A072428664B1FE9B0E2F08F51D07816A7E7C4DA66C50101931000609BBB0000000000876BF82CEE3B594C_}
                x{BC26F4C80000000000000000}
              x{2_}
               x{6800A4BAF36B13E3AE770F28659A34B2D81F38859E8C08CF776F2BB4B441804382710025550E6953466B7EB993027F56153A398021E9F196DE43D165866FB1468B939490101931000609BBB0000000000876BF84CEE3B594C_}
                x{BC26F4C80000000000000001}
             x{2_}
              x{2_}
               x{E00292EBCDAC4F8EB9DC3CA19668D2CB607CE2167A30233DDDBCAED2D106010E09C0000000000876BF86CEE3B594C_}
                x{8B6D3812000000000000000000000001801028CD38D6A9FB165BB1D27554DCBBC8B7A064E07EF4C3832956828113614F544877359401_}
              x{2_}
               x{4800A4BAF36B13E3AE770F28659A34B2D81F38859E8C08CF776F2BB4B44180438271003C5C627E225DF5482B6ACF87C3927EF7ABC21B159CB3B169A8BF30B7FE304FCBD0BCA38AE40656E1D8000000000876BF88CEE3B595E_}
                x{34_}
                 x{FF00F4A413F4BCF2C80B}
                  x{62_}
                   x{D001D0D3030171B0A301FA400120D74981010BBAF2E08820D70B0A208104FFBAF2D0898309BAF2E088545053036F04F86102F862DB3C5512DB3CF2E082}
                    x{ED44D0D401F863D200018E2FD31FFA400120D74981010BBAF2E08820D70B0A208104FFBAF2D0898309BAF2E08801D2000191D4926D01E255206C13E0F828D70B0A8309BAF2E089810101D700FA400120D74981010BBAF2E08820D70B0A208104FFBAF2D0898309BAF2E0881202D101DB3C}
                     x{6D}
                    x{0192307FE07021D749C21F953020D70B1FDE208210AFE93535BA8F5130D31F018210AFE93535BAF2E081D33FFA400120D74981010BBAF2E08820D70B0A208104FFBAF2D0898309BAF2E08801D455206C1332820898968070FB024434DB3C30037083067055206D6D6DDB3C597FE0208210B8A3AA14BAE302}
                     x{F8425220C705F2E084}
                     x{C87101CA01500701CA007001CA02500520D74981010BBAF2E08820D70B0A208104FFBAF2D0898309BAF2E088CF165003FA027001CA68236EB3917F93246EB3E2973333017001CA00E30D216EB39C7F01CA0001206EF2D08001CC95317001CA00E2C901FB00}
                      x{7F01CA00C87001CA007001CA00246EB39D7F01CA0004206EF2D0805004CC9634037001CA00E2246EB39D7F01CA0004206EF2D0805004CC9634037001CA00E27001CA00027F01CA0002C958CC}
                     x{30D31F018210B8A3AA14BAF2E081D33FFA400120D74981010BBAF2E08820D70B0A208104FFBAF2D0898309BAF2E088126C12317020FB025520DB3C03708100A07055206D6D6DDB3C587F}
                      x{F8425220C705F2E084}
                      x{C87101CA01500701CA007001CA02500520D74981010BBAF2E08820D70B0A208104FFBAF2D0898309BAF2E088CF165003FA027001CA68236EB3917F93246EB3E2973333017001CA00E30D216EB39C7F01CA0001206EF2D08001CC95317001CA00E2C901FB00}
                       x{7F01CA00C87001CA007001CA00246EB39D7F01CA0004206EF2D0805004CC9634037001CA00E2246EB39D7F01CA0004206EF2D0805004CC9634037001CA00E27001CA00027F01CA0002C958CC}
                     x{8210E601F8E5BA8ECED31F018210E601F8E5BAF2E081D33F0131820898968070FB02F8416F2410235F037083067F25206EF2D080542580C855208210B687AB175004CB1F12CB3FCB1FCCC9103441301443306D6DDB3C7FE03070}
                      x{C87101CA01500701CA007001CA02500520D74981010BBAF2E08820D70B0A208104FFBAF2D0898309BAF2E088CF165003FA027001CA68236EB3917F93246EB3E2973333017001CA00E30D216EB39C7F01CA0001206EF2D08001CC95317001CA00E2C901FB00}
                       x{7F01CA00C87001CA007001CA00246EB39D7F01CA0004206EF2D0805004CC9634037001CA00E2246EB39D7F01CA0004206EF2D0805004CC9634037001CA00E27001CA00027F01CA0002C958CC}
                    x{C8F84301CC7F01CA0055205023CB1F0120D74981010BBAF2E08820D70B0A208104FFBAF2D0898309BAF2E088CF16216EB3957F01CA00CC947032CA00E2C9ED54}
                   x{2_}
                    x{BE28EED9E6D9E3618C_}
                     x{ED44D0D401F863D200018E2FD31FFA400120D74981010BBAF2E08820D70B0A208104FFBAF2D0898309BAF2E08801D2000191D4926D01E255206C13E0F828D70B0A8309BAF2E089810101D700FA400120D74981010BBAF2E08820D70B0A208104FFBAF2D0898309BAF2E0881202D101DB3C}
                      x{6D}
                     x{21}
                    x{2_}
                     x{4}
                      x{B1D8B6CF36CF1B0C6_}
                       x{ED44D0D401F863D200018E2FD31FFA400120D74981010BBAF2E08820D70B0A208104FFBAF2D0898309BAF2E08801D2000191D4926D01E255206C13E0F828D70B0A8309BAF2E089810101D700FA400120D74981010BBAF2E08820D70B0A208104FFBAF2D0898309BAF2E0881202D101DB3C}
                        x{6D}
                       x{20}
                      x{B36436CF36CF1B0C6_}
                       x{ED44D0D401F863D200018E2FD31FFA400120D74981010BBAF2E08820D70B0A208104FFBAF2D0898309BAF2E08801D2000191D4926D01E255206C13E0F828D70B0A8309BAF2E089810101D700FA400120D74981010BBAF2E08820D70B0A208104FFBAF2D0898309BAF2E0881202D101DB3C}
                        x{6D}
                       x{22}
                     x{B82BEED44D0D20001}
                 x{0000000000000000000000000000000000000000000000000000000000000000600292EBCDAC4F8EB9DC3CA19668D2CB607CE2167A30233DDDBCAED2D106010E09C4_}
                  x{C_}
                   x{A0838F_}
                    x{FF00F4A413F4BCF2C80B}
                     x{62_}
                      x{D001D0D3030171B0A301FA400120D74981010BBAF2E08820D70B0A208104FFBAF2D0898309BAF2E088545053036F04F86102F862DB3C5512DB3CF2E082}
                       x{ED44D0D401F863D200018E2FD31FFA400120D74981010BBAF2E08820D70B0A208104FFBAF2D0898309BAF2E08801D2000191D4926D01E255206C13E0F828D70B0A8309BAF2E089810101D700FA400120D74981010BBAF2E08820D70B0A208104FFBAF2D0898309BAF2E0881202D101DB3C}
                        x{6D}
                       x{0192307FE07021D749C21F953020D70B1FDE208210AFE93535BA8F5130D31F018210AFE93535BAF2E081D33FFA400120D74981010BBAF2E08820D70B0A208104FFBAF2D0898309BAF2E08801D455206C1332820898968070FB024434DB3C30037083067055206D6D6DDB3C597FE0208210B8A3AA14BAE302}
                        x{F8425220C705F2E084}
                        x{C87101CA01500701CA007001CA02500520D74981010BBAF2E08820D70B0A208104FFBAF2D0898309BAF2E088CF165003FA027001CA68236EB3917F93246EB3E2973333017001CA00E30D216EB39C7F01CA0001206EF2D08001CC95317001CA00E2C901FB00}
                         x{7F01CA00C87001CA007001CA00246EB39D7F01CA0004206EF2D0805004CC9634037001CA00E2246EB39D7F01CA0004206EF2D0805004CC9634037001CA00E27001CA00027F01CA0002C958CC}
                        x{30D31F018210B8A3AA14BAF2E081D33FFA400120D74981010BBAF2E08820D70B0A208104FFBAF2D0898309BAF2E088126C12317020FB025520DB3C03708100A07055206D6D6DDB3C587F}
                         x{F8425220C705F2E084}
                         x{C87101CA01500701CA007001CA02500520D74981010BBAF2E08820D70B0A208104FFBAF2D0898309BAF2E088CF165003FA027001CA68236EB3917F93246EB3E2973333017001CA00E30D216EB39C7F01CA0001206EF2D08001CC95317001CA00E2C901FB00}
                          x{7F01CA00C87001CA007001CA00246EB39D7F01CA0004206EF2D0805004CC9634037001CA00E2246EB39D7F01CA0004206EF2D0805004CC9634037001CA00E27001CA00027F01CA0002C958CC}
                        x{8210E601F8E5BA8ECED31F018210E601F8E5BAF2E081D33F0131820898968070FB02F8416F2410235F037083067F25206EF2D080542580C855208210B687AB175004CB1F12CB3FCB1FCCC9103441301443306D6DDB3C7FE03070}
                         x{C87101CA01500701CA007001CA02500520D74981010BBAF2E08820D70B0A208104FFBAF2D0898309BAF2E088CF165003FA027001CA68236EB3917F93246EB3E2973333017001CA00E30D216EB39C7F01CA0001206EF2D08001CC95317001CA00E2C901FB00}
                          x{7F01CA00C87001CA007001CA00246EB39D7F01CA0004206EF2D0805004CC9634037001CA00E2246EB39D7F01CA0004206EF2D0805004CC9634037001CA00E27001CA00027F01CA0002C958CC}
                       x{C8F84301CC7F01CA0055205023CB1F0120D74981010BBAF2E08820D70B0A208104FFBAF2D0898309BAF2E088CF16216EB3957F01CA00CC947032CA00E2C9ED54}
                      x{2_}
                       x{BE28EED9E6D9E3618C_}
                        x{ED44D0D401F863D200018E2FD31FFA400120D74981010BBAF2E08820D70B0A208104FFBAF2D0898309BAF2E08801D2000191D4926D01E255206C13E0F828D70B0A8309BAF2E089810101D700FA400120D74981010BBAF2E08820D70B0A208104FFBAF2D0898309BAF2E0881202D101DB3C}
                         x{6D}
                        x{21}
                       x{2_}
                        x{4}
                         x{B1D8B6CF36CF1B0C6_}
                          x{ED44D0D401F863D200018E2FD31FFA400120D74981010BBAF2E08820D70B0A208104FFBAF2D0898309BAF2E08801D2000191D4926D01E255206C13E0F828D70B0A8309BAF2E089810101D700FA400120D74981010BBAF2E08820D70B0A208104FFBAF2D0898309BAF2E0881202D101DB3C}
                           x{6D}
                          x{20}
                         x{B36436CF36CF1B0C6_}
                          x{ED44D0D401F863D200018E2FD31FFA400120D74981010BBAF2E08820D70B0A208104FFBAF2D0898309BAF2E08801D2000191D4926D01E255206C13E0F828D70B0A8309BAF2E089810101D700FA400120D74981010BBAF2E08820D70B0A208104FFBAF2D0898309BAF2E0881202D101DB3C}
                           x{6D}
                          x{22}
                        x{B82BEED44D0D20001}
                x{B8A3AA140000000000000000801D3E5E1B0970E52ABD4EA639AED542E118FE33D2F03FE072737A6B74A8FDC2C69_}
           x{729D31613D6130C0F37749E20CEE2221BE5387F43741BE83F42AF3A1579720128EABC8DDAD76CAF7C7711473547420D877312FEE760499DBD49B78EC28DA43146B}
           x{04090E5181C2588036EE1C11_}
            x{602327CC3D09000000000000000007C100000000000000000000000000000000000000000000000000000000000000000000000000000000000000000000000000000000000000000000000000000000}
            x{C9AC8D784C8FB95000000000000A000200000008F0F0D59EBCEEA994FA4953308DF0250A1618BA611EC19413D0F11A313954C52E48913B24_},
          hash: [Function: hash],
          blockchainLogs: '[ 4][t 0][2024-10-30 23:27:07.355000][transaction.cpp:443]\tunpacking account 525D79B589F1D73B879432CD1A596C0F9C42CF460467BBB795DA5A20C021C138\n' +
            '[ 4][t 0][2024-10-30 23:27:07.355000][transaction.cpp:274]\tlast_paid=1735514826; cells=232 bits=84082 public_cells=0\n' +
            '[ 4][t 0][2024-10-30 23:27:07.355000][transaction.cpp:504]\tend of Account.unpack() for 0:525D79B589F1D73B879432CD1A596C0F9C42CF460467BBB795DA5A20C021C138 (balance = 2101000000ng ; last_trans_lt = 69000000..69000002)\n' +
            '[ 4][t 0][2024-10-30 23:27:07.355000][transaction.cpp:3655]\tblock random seed set to 0000000000000000000000000000000000000000000000000000000000000000\n' +
            '[ 4][t 0][2024-10-30 23:27:07.355000][transaction.cpp:1236]\tgas limits: max=1000000, limit=1000000, credit=0\n' +
            '[ 4][t 0][2024-10-30 23:27:07.355000][transaction.cpp:1575]\tin_msg_state is null\n' +
            '[ 4][t 0][2024-10-30 23:27:07.355000][transaction.cpp:1645]\tcreating VM\n' +
            '[ 4][t 0][2024-10-30 23:27:07.355000][transaction.cpp:1351]\tSmartContractInfo initialized with [ 124711402 0 0 1735514826 71000000 71000000 14068792954309835536948273256715513127174070948738620016199408580766834334284 [ 3061890633 (null) ] CS{Cell{0271c00525d79b589f1d73b879432cd1a596c0f9c42cf460467bbb795da5a20c021c1383d0c0521c833b8ed6500000000010736d091f4eadd01340} bits: 1..268; refs: 0..0} C{A7EC01478F770EF8F8B037CC7E42F0ABF0D85A50E1828C2394DAD1411691F2DE} C{42B6F0E46484EFC57B9508F6BA7EF42E7512023D5CB4ED5628DD1C7755D16E9D} [ 960890633 (null) ] 0 (null) [ CS{Cell{004dd06600000000000000000000000080000000000000fa00000000000001f4000000000003d09040} bits: 9..305; refs: 0..0} (null) CS{Cell{0094d1000000000000006400000000000f4240de000000002710000000000000000f42400000000002160ec0000000000000271000000000002625a00000000005f5e100000000003b9aca00} bits: 0..592; refs: 0..0} CS{Cell{0094d100000000000000640000000000009c40de000000000190000000000000000f424000000000000f4240000000000000271000000000009896800000000005f5e100000000003b9aca00} bits: 0..592; refs: 0..0} CS{Cell{0042ea000000000098968000000000271000000000000f424000000001800055555555} bits: 0..264; refs: 0..0} CS{Cell{0042ea0000000000061a800000000001900000000000009c4000000001800055555555} bits: 0..264; refs: 0..0} (null) ] 0 (null) ]\n' +
            '[ 4][t 0][2024-10-30 23:27:07.356000][transaction.cpp:1675]\tstarting VM\n' +
            '[ 4][t 0][2024-10-30 23:27:07.358000][transaction.cpp:1680]\tVM terminated with exit code 0\n' +
            '[ 3][t 0][2024-10-30 23:27:07.358000][transaction.cpp:1702]\tsteps: 1985 gas: used=71998, max=1000000, limit=1000000, credit=0\n' +
            '[ 3][t 0][2024-10-30 23:27:07.358000][transaction.cpp:1704]\tout_of_gas=false, accepted=true, success=true, time=0.001973s\n' +
            '[ 4][t 0][2024-10-30 23:27:07.358000][transaction.cpp:1737]\tgas fees: 28799200 = 26214400 * 71998 /2^16 ; price=26214400; flat rate=[40000 for 100]; remaining balance=3033091433ng\n' +
            '[ 3][t 0][2024-10-30 23:27:07.358000][transaction.cpp:2678]\tin try_action_reserve_currency(0)\n' +
            '[ 4][t 0][2024-10-30 23:27:07.358000][transaction.cpp:2684]\taction_reserve_currency: mode=0, reserve=2101000000ng, balance=3033091433ng, original balance=2101000000ng\n' +
            '[ 3][t 0][2024-10-30 23:27:07.358000][transaction.cpp:2729]\tchanged remaining balance to 932091433ng, reserved balance to 2101000000ng\n' +
            '[ 4][t 0][2024-10-30 23:27:07.358000][transaction.cpp:2448]\tstorage paid for a message: 1 cells, 96 bits\n' +
            '[ 4][t 0][2024-10-30 23:27:07.358000][transaction.cpp:2452]\tcomputed fwd fees = 478400 + 0\n' +
            '[ 4][t 0][2024-10-30 23:27:07.358000][transaction.cpp:2448]\tstorage paid for a message: 1 cells, 96 bits\n' +
            '[ 4][t 0][2024-10-30 23:27:07.358000][transaction.cpp:2452]\tcomputed fwd fees = 478400 + 0\n' +
            '[ 4][t 0][2024-10-30 23:27:07.358000][transaction.cpp:2448]\tstorage paid for a message: 1 cells, 431 bits\n' +
            '[ 4][t 0][2024-10-30 23:27:07.358000][transaction.cpp:2452]\tcomputed fwd fees = 612400 + 0\n' +
            '[ 4][t 0][2024-10-30 23:27:07.358000][transaction.cpp:2448]\tstorage paid for a message: 27 cells, 6976 bits\n' +
            '[ 4][t 0][2024-10-30 23:27:07.358000][transaction.cpp:2452]\tcomputed fwd fees = 4270400 + 0\n',
          vmLogs: 'xecute EQUAL\n' +
            'execute THROWIF 137\n' +
            'execute PUSHPOW2 10\n' +
            'execute EQUAL\n' +
            'execute THROWIFNOT 136\n' +
            'execute STSLICER\n' +
            'execute ENDC\n' +
            'execute ROT\n' +
            'execute STREF\n' +
            'execute ENDC\n' +
            'execute SWAP\n' +
            'execute STREF\n' +
            'execute implicit RET\n' +
            'execute ENDC\n' +
            'execute POP c4\n' +
            'execute implicit RET\n',
          debugLogs: '',
          events: [Array],
          parent: [Object],
          children: [Array],
          externals: [Array]
        },
        children: [ [Object] ],
        externals: []
      },
      {
        address: 67543427448400653730467865006802499943865683254096794746207147277796506488402n,
        lt: 73000000n,
        prevTransactionHash: 88777663065612023719077375994267452607528459125201681744104111694931306098396n,
        prevTransactionLt: 60000000n,
        now: 1735514826,
        outMessagesCount: 1,
        oldStatus: 'active',
        endStatus: 'active',
        inMessage: { info: [Object], init: null, body: x{BC26F4C80000000000000001} },
        outMessages: Dictionary { _key: [Object], _value: [Object], _map: [Map] },
        totalFees: { coins: 5334831n },
        stateUpdate: {
          oldHash: <Buffer 15 a3 b5 0f 37 92 6a ec 88 e8 07 84 5f 78 5f 02 7d d0 18 2a 22 53 b5 de 3f e5 ef 26 d5 79 e3 73>,
          newHash: <Buffer b2 d9 37 b7 82 46 70 dc 42 cb c7 db 37 c1 bd fd fc ea 2f 6d cc 99 0d 28 a1 c5 f0 fd 30 1b 37 b0>
        },
        description: {
          type: 'generic',
          creditFirst: false,
          storagePhase: [Object],
          creditPhase: [Object],
          computePhase: [Object],
          actionPhase: [Object],
          bouncePhase: undefined,
          aborted: false,
          destroyed: false
        },
        raw: x{7955439A54D19ADFAE64C09FD5854E8E60087A7C65B790F459619BEC51A2E4E52000000000459E440C446606ADDC1AA875AC2D05BB52163EC90264A8AD1C21410F01FE6C072562EDC00000000039387006771DACA000346A2CE5E}
         x{E_}
          x{6800A4BAF36B13E3AE770F28659A34B2D81F38859E8C08CF776F2BB4B441804382710025550E6953466B7EB993027F56153A398021E9F196DE43D165866FB1468B939490101931000609BBB0000000000876BF84CEE3B5945E137A640000000000000000C_}
          x{DF_}
           x{68012AA8734A9A335BF5CC9813FAB0A9D1CC010F4F8CB6F21E8B2C337D8A345C9CA50014975E6D627C75CEE1E50CB346965B03E710B3D18119EEEDE57696883008704E101119EF88060DFF5E0000000008B3C882CEE3B594C_}
            x{2A004A0500000000000000010000000000000000000000000000000000000000000000000000000000000001400B75A3E1A6460F415CE3721F308920C4B456F3B977F39EB26CED9155308A976CC}
         x{7215A3B50F37926AEC88E807845F785F027DD0182A2253B5DE3FE5EF26D579E373B2D937B7824670DC42CBC7DB37C1BDFDFCEA2F6DCC990D28A1C5F0FD301B37B0}
         x{04C4360789010193101867A1E811_}
          x{44E28C0A4D9000000000000000013D00000000000000000000000000000000000000000000000000000000000000000000000000000000000000000000000000000000000000000000000000000000}
          x{C9853FC04C0DFF44000000000002000000000002517EAFF2B798C42F614411E49C8D6B7C28990EC416BB399A9A3634345942A02C4090296C_},
        hash: [Function: hash],
        blockchainLogs: '[ 4][t 0][2024-10-30 23:27:07.365000][transaction.cpp:443]\tunpacking account 955439A54D19ADFAE64C09FD5854E8E60087A7C65B790F459619BEC51A2E4E52\n' +
          '[ 4][t 0][2024-10-30 23:27:07.365000][transaction.cpp:274]\tlast_paid=1732922826; cells=30 bits=12911 public_cells=0\n' +
          '[ 4][t 0][2024-10-30 23:27:07.365000][transaction.cpp:504]\tend of Account.unpack() for 0:955439A54D19ADFAE64C09FD5854E8E60087A7C65B790F459619BEC51A2E4E52 (balance = 10000000ng ; last_trans_lt = 60000000..60000002)\n' +
          '[ 4][t 0][2024-10-30 23:27:07.365000][transaction.cpp:3655]\tblock random seed set to 0000000000000000000000000000000000000000000000000000000000000000\n' +
          '[ 4][t 0][2024-10-30 23:27:07.365000][transaction.cpp:1236]\tgas limits: max=191044, limit=168804, credit=0\n' +
          '[ 4][t 0][2024-10-30 23:27:07.365000][transaction.cpp:1575]\tin_msg_state is null\n' +
          '[ 4][t 0][2024-10-30 23:27:07.366000][transaction.cpp:1645]\tcreating VM\n' +
          '[ 4][t 0][2024-10-30 23:27:07.366000][transaction.cpp:1351]\tSmartContractInfo initialized with [ 124711402 0 0 1735514826 73000000 73000000 32640492973886351410704720633145268723783918950938284291182676096155445602137 [ 76417698 (null) ] CS{Cell{026dc00955439a54d19adfae64c09fd5854e8e60087a7c65b790f459619bec51a2e4e5223c8c9bc33a526e50000000000e4e1c08e625a01340} bits: 1..268; refs: 0..0} C{A7EC01478F770EF8F8B037CC7E42F0ABF0D85A50E1828C2394DAD1411691F2DE} C{33BB148A451AD17F938AA7C476E48F2B79933715F13F1D58F9234A90730321A8} [ 67521600 (null) ] 1103902 (null) [ CS{Cell{004dd06600000000000000000000000080000000000000fa00000000000001f4000000000003d09040} bits: 9..305; refs: 0..0} (null) CS{Cell{0094d1000000000000006400000000000f4240de000000002710000000000000000f42400000000002160ec0000000000000271000000000002625a00000000005f5e100000000003b9aca00} bits: 0..592; refs: 0..0} CS{Cell{0094d100000000000000640000000000009c40de000000000190000000000000000f424000000000000f4240000000000000271000000000009896800000000005f5e100000000003b9aca00} bits: 0..592; refs: 0..0} CS{Cell{0042ea000000000098968000000000271000000000000f424000000001800055555555} bits: 0..264; refs: 0..0} CS{Cell{0042ea0000000000061a800000000001900000000000009c4000000001800055555555} bits: 0..264; refs: 0..0} (null) ] 0 (null) ]\n' +
          '[ 4][t 0][2024-10-30 23:27:07.366000][transaction.cpp:1675]\tstarting VM\n' +
          '[ 4][t 0][2024-10-30 23:27:07.366000][transaction.cpp:1680]\tVM terminated with exit code 0\n' +
          '[ 3][t 0][2024-10-30 23:27:07.366000][transaction.cpp:1702]\tsteps: 317 gas: used=10004, max=191044, limit=168804, credit=0\n' +
          '[ 3][t 0][2024-10-30 23:27:07.366000][transaction.cpp:1704]\tout_of_gas=false, accepted=true, success=true, time=0.000306s\n' +
          '[ 4][t 0][2024-10-30 23:27:07.366000][transaction.cpp:1737]\tgas fees: 4001600 = 26214400 * 10004 /2^16 ; price=26214400; flat rate=[40000 for 100]; remaining balance=72416098ng\n' +
          '[ 4][t 0][2024-10-30 23:27:07.366000][transaction.cpp:2448]\tstorage paid for a message: 1 cells, 620 bits\n' +
          '[ 4][t 0][2024-10-30 23:27:07.366000][transaction.cpp:2452]\tcomputed fwd fees = 688000 + 0\n',
        vmLogs: 'e implicit RET\n' +
          'execute OVER\n' +
          'execute ISNULL\n' +
          'execute NOT\n' +
          'execute PUSHCONT x7F01CA00CC\n' +
          'execute PUSHCONT x7032CA00\n' +
          'execute IFELSE\n' +
          'execute PUSHINT -1\n' +
          'execute SWAP\n' +
          'execute STI 1\n' +
          'execute STREF\n' +
          'execute implicit RET\n' +
          'execute ENDC\n' +
          'execute POP c4\n' +
          'execute implicit RET\n',
        debugLogs: '',
        events: [ [Object] ],
        parent: {
          address: 37254810366437813475271750514734067285117962570475561289538093995582013161784n,
          lt: 71000000n,
          prevTransactionHash: 92381141537315561291272648909259118809496911849604170098929381253707448549591n,
          prevTransactionLt: 69000000n,
          now: 1735514826,
          outMessagesCount: 4,
          oldStatus: 'active',
          endStatus: 'active',
          inMessage: [Object],
          outMessages: [Dictionary],
          totalFees: [Object],
          stateUpdate: [Object],
          description: [Object],
          raw: x{7525D79B589F1D73B879432CD1A596C0F9C42CF460467BBB795DA5A20C021C13800000000043B5FC0CC3DDF87FA3455BDDE9D7788F9FE28D4E976AC68DD74CBD9255B29604EE980D700000000041CDB406771DACA00094803B6BE68}
           x{E_}
            x{6801E2E313F112EFAA415B567C3E1C93F7BD5E10D8ACE59D8B4D45F985BFF1827E5F0014975E6D627C75CEE1E50CB346965B03E710B3D18119EEEDE57696883008704E10E5181C240610D45E0000000008583B02CEE3B5945B43D58B800000000000000000000000C_}
             x{02202FAF080202FAF08021DCD65001CC4B4021DCD650033A526E533ABBE6533A526E533B8ED6500000001800000014_}
              x{801028CD38D6A9FB165BB1D27554DCBBC8B7A064E07EF4C3832956828113614F545_}
            x{DB_}
             x{2_}
              x{2_}
               x{6800A4BAF36B13E3AE770F28659A34B2D81F38859E8C08CF776F2BB4B44180438271002DD4BFC7CEC008CEA35815A072428664B1FE9B0E2F08F51D07816A7E7C4DA66C50101931000609BBB0000000000876BF82CEE3B594C_}
                x{BC26F4C80000000000000000}
              x{2_}
               x{6800A4BAF36B13E3AE770F28659A34B2D81F38859E8C08CF776F2BB4B441804382710025550E6953466B7EB993027F56153A398021E9F196DE43D165866FB1468B939490101931000609BBB0000000000876BF84CEE3B594C_}
                x{BC26F4C80000000000000001}
             x{2_}
              x{2_}
               x{E00292EBCDAC4F8EB9DC3CA19668D2CB607CE2167A30233DDDBCAED2D106010E09C0000000000876BF86CEE3B594C_}
                x{8B6D3812000000000000000000000001801028CD38D6A9FB165BB1D27554DCBBC8B7A064E07EF4C3832956828113614F544877359401_}
              x{2_}
               x{4800A4BAF36B13E3AE770F28659A34B2D81F38859E8C08CF776F2BB4B44180438271003C5C627E225DF5482B6ACF87C3927EF7ABC21B159CB3B169A8BF30B7FE304FCBD0BCA38AE40656E1D8000000000876BF88CEE3B595E_}
                x{34_}
                 x{FF00F4A413F4BCF2C80B}
                  x{62_}
                   x{D001D0D3030171B0A301FA400120D74981010BBAF2E08820D70B0A208104FFBAF2D0898309BAF2E088545053036F04F86102F862DB3C5512DB3CF2E082}
                    x{ED44D0D401F863D200018E2FD31FFA400120D74981010BBAF2E08820D70B0A208104FFBAF2D0898309BAF2E08801D2000191D4926D01E255206C13E0F828D70B0A8309BAF2E089810101D700FA400120D74981010BBAF2E08820D70B0A208104FFBAF2D0898309BAF2E0881202D101DB3C}
                     x{6D}
                    x{0192307FE07021D749C21F953020D70B1FDE208210AFE93535BA8F5130D31F018210AFE93535BAF2E081D33FFA400120D74981010BBAF2E08820D70B0A208104FFBAF2D0898309BAF2E08801D455206C1332820898968070FB024434DB3C30037083067055206D6D6DDB3C597FE0208210B8A3AA14BAE302}
                     x{F8425220C705F2E084}
                     x{C87101CA01500701CA007001CA02500520D74981010BBAF2E08820D70B0A208104FFBAF2D0898309BAF2E088CF165003FA027001CA68236EB3917F93246EB3E2973333017001CA00E30D216EB39C7F01CA0001206EF2D08001CC95317001CA00E2C901FB00}
                      x{7F01CA00C87001CA007001CA00246EB39D7F01CA0004206EF2D0805004CC9634037001CA00E2246EB39D7F01CA0004206EF2D0805004CC9634037001CA00E27001CA00027F01CA0002C958CC}
                     x{30D31F018210B8A3AA14BAF2E081D33FFA400120D74981010BBAF2E08820D70B0A208104FFBAF2D0898309BAF2E088126C12317020FB025520DB3C03708100A07055206D6D6DDB3C587F}
                      x{F8425220C705F2E084}
                      x{C87101CA01500701CA007001CA02500520D74981010BBAF2E08820D70B0A208104FFBAF2D0898309BAF2E088CF165003FA027001CA68236EB3917F93246EB3E2973333017001CA00E30D216EB39C7F01CA0001206EF2D08001CC95317001CA00E2C901FB00}
                       x{7F01CA00C87001CA007001CA00246EB39D7F01CA0004206EF2D0805004CC9634037001CA00E2246EB39D7F01CA0004206EF2D0805004CC9634037001CA00E27001CA00027F01CA0002C958CC}
                     x{8210E601F8E5BA8ECED31F018210E601F8E5BAF2E081D33F0131820898968070FB02F8416F2410235F037083067F25206EF2D080542580C855208210B687AB175004CB1F12CB3FCB1FCCC9103441301443306D6DDB3C7FE03070}
                      x{C87101CA01500701CA007001CA02500520D74981010BBAF2E08820D70B0A208104FFBAF2D0898309BAF2E088CF165003FA027001CA68236EB3917F93246EB3E2973333017001CA00E30D216EB39C7F01CA0001206EF2D08001CC95317001CA00E2C901FB00}
                       x{7F01CA00C87001CA007001CA00246EB39D7F01CA0004206EF2D0805004CC9634037001CA00E2246EB39D7F01CA0004206EF2D0805004CC9634037001CA00E27001CA00027F01CA0002C958CC}
                    x{C8F84301CC7F01CA0055205023CB1F0120D74981010BBAF2E08820D70B0A208104FFBAF2D0898309BAF2E088CF16216EB3957F01CA00CC947032CA00E2C9ED54}
                   x{2_}
                    x{BE28EED9E6D9E3618C_}
                     x{ED44D0D401F863D200018E2FD31FFA400120D74981010BBAF2E08820D70B0A208104FFBAF2D0898309BAF2E08801D2000191D4926D01E255206C13E0F828D70B0A8309BAF2E089810101D700FA400120D74981010BBAF2E08820D70B0A208104FFBAF2D0898309BAF2E0881202D101DB3C}
                      x{6D}
                     x{21}
                    x{2_}
                     x{4}
                      x{B1D8B6CF36CF1B0C6_}
                       x{ED44D0D401F863D200018E2FD31FFA400120D74981010BBAF2E08820D70B0A208104FFBAF2D0898309BAF2E08801D2000191D4926D01E255206C13E0F828D70B0A8309BAF2E089810101D700FA400120D74981010BBAF2E08820D70B0A208104FFBAF2D0898309BAF2E0881202D101DB3C}
                        x{6D}
                       x{20}
                      x{B36436CF36CF1B0C6_}
                       x{ED44D0D401F863D200018E2FD31FFA400120D74981010BBAF2E08820D70B0A208104FFBAF2D0898309BAF2E08801D2000191D4926D01E255206C13E0F828D70B0A8309BAF2E089810101D700FA400120D74981010BBAF2E08820D70B0A208104FFBAF2D0898309BAF2E0881202D101DB3C}
                        x{6D}
                       x{22}
                     x{B82BEED44D0D20001}
                 x{0000000000000000000000000000000000000000000000000000000000000000600292EBCDAC4F8EB9DC3CA19668D2CB607CE2167A30233DDDBCAED2D106010E09C4_}
                  x{C_}
                   x{A0838F_}
                    x{FF00F4A413F4BCF2C80B}
                     x{62_}
                      x{D001D0D3030171B0A301FA400120D74981010BBAF2E08820D70B0A208104FFBAF2D0898309BAF2E088545053036F04F86102F862DB3C5512DB3CF2E082}
                       x{ED44D0D401F863D200018E2FD31FFA400120D74981010BBAF2E08820D70B0A208104FFBAF2D0898309BAF2E08801D2000191D4926D01E255206C13E0F828D70B0A8309BAF2E089810101D700FA400120D74981010BBAF2E08820D70B0A208104FFBAF2D0898309BAF2E0881202D101DB3C}
                        x{6D}
                       x{0192307FE07021D749C21F953020D70B1FDE208210AFE93535BA8F5130D31F018210AFE93535BAF2E081D33FFA400120D74981010BBAF2E08820D70B0A208104FFBAF2D0898309BAF2E08801D455206C1332820898968070FB024434DB3C30037083067055206D6D6DDB3C597FE0208210B8A3AA14BAE302}
                        x{F8425220C705F2E084}
                        x{C87101CA01500701CA007001CA02500520D74981010BBAF2E08820D70B0A208104FFBAF2D0898309BAF2E088CF165003FA027001CA68236EB3917F93246EB3E2973333017001CA00E30D216EB39C7F01CA0001206EF2D08001CC95317001CA00E2C901FB00}
                         x{7F01CA00C87001CA007001CA00246EB39D7F01CA0004206EF2D0805004CC9634037001CA00E2246EB39D7F01CA0004206EF2D0805004CC9634037001CA00E27001CA00027F01CA0002C958CC}
                        x{30D31F018210B8A3AA14BAF2E081D33FFA400120D74981010BBAF2E08820D70B0A208104FFBAF2D0898309BAF2E088126C12317020FB025520DB3C03708100A07055206D6D6DDB3C587F}
                         x{F8425220C705F2E084}
                         x{C87101CA01500701CA007001CA02500520D74981010BBAF2E08820D70B0A208104FFBAF2D0898309BAF2E088CF165003FA027001CA68236EB3917F93246EB3E2973333017001CA00E30D216EB39C7F01CA0001206EF2D08001CC95317001CA00E2C901FB00}
                          x{7F01CA00C87001CA007001CA00246EB39D7F01CA0004206EF2D0805004CC9634037001CA00E2246EB39D7F01CA0004206EF2D0805004CC9634037001CA00E27001CA00027F01CA0002C958CC}
                        x{8210E601F8E5BA8ECED31F018210E601F8E5BAF2E081D33F0131820898968070FB02F8416F2410235F037083067F25206EF2D080542580C855208210B687AB175004CB1F12CB3FCB1FCCC9103441301443306D6DDB3C7FE03070}
                         x{C87101CA01500701CA007001CA02500520D74981010BBAF2E08820D70B0A208104FFBAF2D0898309BAF2E088CF165003FA027001CA68236EB3917F93246EB3E2973333017001CA00E30D216EB39C7F01CA0001206EF2D08001CC95317001CA00E2C901FB00}
                          x{7F01CA00C87001CA007001CA00246EB39D7F01CA0004206EF2D0805004CC9634037001CA00E2246EB39D7F01CA0004206EF2D0805004CC9634037001CA00E27001CA00027F01CA0002C958CC}
                       x{C8F84301CC7F01CA0055205023CB1F0120D74981010BBAF2E08820D70B0A208104FFBAF2D0898309BAF2E088CF16216EB3957F01CA00CC947032CA00E2C9ED54}
                      x{2_}
                       x{BE28EED9E6D9E3618C_}
                        x{ED44D0D401F863D200018E2FD31FFA400120D74981010BBAF2E08820D70B0A208104FFBAF2D0898309BAF2E08801D2000191D4926D01E255206C13E0F828D70B0A8309BAF2E089810101D700FA400120D74981010BBAF2E08820D70B0A208104FFBAF2D0898309BAF2E0881202D101DB3C}
                         x{6D}
                        x{21}
                       x{2_}
                        x{4}
                         x{B1D8B6CF36CF1B0C6_}
                          x{ED44D0D401F863D200018E2FD31FFA400120D74981010BBAF2E08820D70B0A208104FFBAF2D0898309BAF2E08801D2000191D4926D01E255206C13E0F828D70B0A8309BAF2E089810101D700FA400120D74981010BBAF2E08820D70B0A208104FFBAF2D0898309BAF2E0881202D101DB3C}
                           x{6D}
                          x{20}
                         x{B36436CF36CF1B0C6_}
                          x{ED44D0D401F863D200018E2FD31FFA400120D74981010BBAF2E08820D70B0A208104FFBAF2D0898309BAF2E08801D2000191D4926D01E255206C13E0F828D70B0A8309BAF2E089810101D700FA400120D74981010BBAF2E08820D70B0A208104FFBAF2D0898309BAF2E0881202D101DB3C}
                           x{6D}
                          x{22}
                        x{B82BEED44D0D20001}
                x{B8A3AA140000000000000000801D3E5E1B0970E52ABD4EA639AED542E118FE33D2F03FE072737A6B74A8FDC2C69_}
           x{729D31613D6130C0F37749E20CEE2221BE5387F43741BE83F42AF3A1579720128EABC8DDAD76CAF7C7711473547420D877312FEE760499DBD49B78EC28DA43146B}
           x{04090E5181C2588036EE1C11_}
            x{602327CC3D09000000000000000007C100000000000000000000000000000000000000000000000000000000000000000000000000000000000000000000000000000000000000000000000000000000}
            x{C9AC8D784C8FB95000000000000A000200000008F0F0D59EBCEEA994FA4953308DF0250A1618BA611EC19413D0F11A313954C52E48913B24_},
          hash: [Function: hash],
          blockchainLogs: '[ 4][t 0][2024-10-30 23:27:07.355000][transaction.cpp:443]\tunpacking account 525D79B589F1D73B879432CD1A596C0F9C42CF460467BBB795DA5A20C021C138\n' +
            '[ 4][t 0][2024-10-30 23:27:07.355000][transaction.cpp:274]\tlast_paid=1735514826; cells=232 bits=84082 public_cells=0\n' +
            '[ 4][t 0][2024-10-30 23:27:07.355000][transaction.cpp:504]\tend of Account.unpack() for 0:525D79B589F1D73B879432CD1A596C0F9C42CF460467BBB795DA5A20C021C138 (balance = 2101000000ng ; last_trans_lt = 69000000..69000002)\n' +
            '[ 4][t 0][2024-10-30 23:27:07.355000][transaction.cpp:3655]\tblock random seed set to 0000000000000000000000000000000000000000000000000000000000000000\n' +
            '[ 4][t 0][2024-10-30 23:27:07.355000][transaction.cpp:1236]\tgas limits: max=1000000, limit=1000000, credit=0\n' +
            '[ 4][t 0][2024-10-30 23:27:07.355000][transaction.cpp:1575]\tin_msg_state is null\n' +
            '[ 4][t 0][2024-10-30 23:27:07.355000][transaction.cpp:1645]\tcreating VM\n' +
            '[ 4][t 0][2024-10-30 23:27:07.355000][transaction.cpp:1351]\tSmartContractInfo initialized with [ 124711402 0 0 1735514826 71000000 71000000 14068792954309835536948273256715513127174070948738620016199408580766834334284 [ 3061890633 (null) ] CS{Cell{0271c00525d79b589f1d73b879432cd1a596c0f9c42cf460467bbb795da5a20c021c1383d0c0521c833b8ed6500000000010736d091f4eadd01340} bits: 1..268; refs: 0..0} C{A7EC01478F770EF8F8B037CC7E42F0ABF0D85A50E1828C2394DAD1411691F2DE} C{42B6F0E46484EFC57B9508F6BA7EF42E7512023D5CB4ED5628DD1C7755D16E9D} [ 960890633 (null) ] 0 (null) [ CS{Cell{004dd06600000000000000000000000080000000000000fa00000000000001f4000000000003d09040} bits: 9..305; refs: 0..0} (null) CS{Cell{0094d1000000000000006400000000000f4240de000000002710000000000000000f42400000000002160ec0000000000000271000000000002625a00000000005f5e100000000003b9aca00} bits: 0..592; refs: 0..0} CS{Cell{0094d100000000000000640000000000009c40de000000000190000000000000000f424000000000000f4240000000000000271000000000009896800000000005f5e100000000003b9aca00} bits: 0..592; refs: 0..0} CS{Cell{0042ea000000000098968000000000271000000000000f424000000001800055555555} bits: 0..264; refs: 0..0} CS{Cell{0042ea0000000000061a800000000001900000000000009c4000000001800055555555} bits: 0..264; refs: 0..0} (null) ] 0 (null) ]\n' +
            '[ 4][t 0][2024-10-30 23:27:07.356000][transaction.cpp:1675]\tstarting VM\n' +
            '[ 4][t 0][2024-10-30 23:27:07.358000][transaction.cpp:1680]\tVM terminated with exit code 0\n' +
            '[ 3][t 0][2024-10-30 23:27:07.358000][transaction.cpp:1702]\tsteps: 1985 gas: used=71998, max=1000000, limit=1000000, credit=0\n' +
            '[ 3][t 0][2024-10-30 23:27:07.358000][transaction.cpp:1704]\tout_of_gas=false, accepted=true, success=true, time=0.001973s\n' +
            '[ 4][t 0][2024-10-30 23:27:07.358000][transaction.cpp:1737]\tgas fees: 28799200 = 26214400 * 71998 /2^16 ; price=26214400; flat rate=[40000 for 100]; remaining balance=3033091433ng\n' +
            '[ 3][t 0][2024-10-30 23:27:07.358000][transaction.cpp:2678]\tin try_action_reserve_currency(0)\n' +
            '[ 4][t 0][2024-10-30 23:27:07.358000][transaction.cpp:2684]\taction_reserve_currency: mode=0, reserve=2101000000ng, balance=3033091433ng, original balance=2101000000ng\n' +
            '[ 3][t 0][2024-10-30 23:27:07.358000][transaction.cpp:2729]\tchanged remaining balance to 932091433ng, reserved balance to 2101000000ng\n' +
            '[ 4][t 0][2024-10-30 23:27:07.358000][transaction.cpp:2448]\tstorage paid for a message: 1 cells, 96 bits\n' +
            '[ 4][t 0][2024-10-30 23:27:07.358000][transaction.cpp:2452]\tcomputed fwd fees = 478400 + 0\n' +
            '[ 4][t 0][2024-10-30 23:27:07.358000][transaction.cpp:2448]\tstorage paid for a message: 1 cells, 96 bits\n' +
            '[ 4][t 0][2024-10-30 23:27:07.358000][transaction.cpp:2452]\tcomputed fwd fees = 478400 + 0\n' +
            '[ 4][t 0][2024-10-30 23:27:07.358000][transaction.cpp:2448]\tstorage paid for a message: 1 cells, 431 bits\n' +
            '[ 4][t 0][2024-10-30 23:27:07.358000][transaction.cpp:2452]\tcomputed fwd fees = 612400 + 0\n' +
            '[ 4][t 0][2024-10-30 23:27:07.358000][transaction.cpp:2448]\tstorage paid for a message: 27 cells, 6976 bits\n' +
            '[ 4][t 0][2024-10-30 23:27:07.358000][transaction.cpp:2452]\tcomputed fwd fees = 4270400 + 0\n',
          vmLogs: 'xecute EQUAL\n' +
            'execute THROWIF 137\n' +
            'execute PUSHPOW2 10\n' +
            'execute EQUAL\n' +
            'execute THROWIFNOT 136\n' +
            'execute STSLICER\n' +
            'execute ENDC\n' +
            'execute ROT\n' +
            'execute STREF\n' +
            'execute ENDC\n' +
            'execute SWAP\n' +
            'execute STREF\n' +
            'execute implicit RET\n' +
            'execute ENDC\n' +
            'execute POP c4\n' +
            'execute implicit RET\n',
          debugLogs: '',
          events: [Array],
          parent: [Object],
          children: [Array],
          externals: [Array]
        },
        children: [ [Object] ],
        externals: []
      },
      {
        address: 109208002466680520989913255462615177871260062711707745062050645640217276530479n,
        lt: 74000000n,
        prevTransactionHash: 46639545100792115833473291294275341511912054516285266573757130116029018394780n,
        prevTransactionLt: 70000000n,
        now: 1735514826,
        outMessagesCount: 1,
        oldStatus: 'active',
        endStatus: 'non-existing',
        inMessage: {
          info: [Object],
          init: [Object],
          body: x{B8A3AA140000000000000000801D3E5E1B0970E52ABD4EA639AED542E118FE33D2F03FE072737A6B74A8FDC2C69_}
        },
        outMessages: Dictionary { _key: [Object], _value: [Object], _map: [Map] },
        totalFees: { coins: 3532131n },
        stateUpdate: {
          oldHash: <Buffer b0 bc 52 b8 a3 14 b7 b0 7d eb 03 3c 46 73 43 e9 9c 3b 01 dd 5c 46 36 87 d2 86 e9 88 c5 7b 50 c5>,
          newHash: <Buffer 90 ae c8 96 5a fa bb 16 eb c3 cb 9b 40 8e ba e7 1b 61 8d 78 78 8b c8 0d 09 84 35 93 ca c9 8d a4>
        },
        description: {
          type: 'generic',
          creditFirst: true,
          storagePhase: [Object],
          creditPhase: [Object],
          computePhase: [Object],
          actionPhase: [Object],
          bouncePhase: undefined,
          aborted: false,
          destroyed: true
        },
        raw: x{7F17189F88977D520ADAB3E1F0E49FBDEAF086C5672CEC5A6A2FCC2DFF8C13F2F0000000004692680671D0C0B87FDB5E981DA7ED3EFFEC10952A0338F95DC79AAD9E7D274A20DD09C00000000042C1D806771DACA0003666BCAC6}
         x{E_}
          x{4800A4BAF36B13E3AE770F28659A34B2D81F38859E8C08CF776F2BB4B44180438271003C5C627E225DF5482B6ACF87C3927EF7ABC21B159CB3B169A8BF30B7FE304FCBD0BCA38AE40656E1D8000000000876BF88CEE3B595E_}
           x{34_}
            x{FF00F4A413F4BCF2C80B}
             x{62_}
              x{D001D0D3030171B0A301FA400120D74981010BBAF2E08820D70B0A208104FFBAF2D0898309BAF2E088545053036F04F86102F862DB3C5512DB3CF2E082}
               x{ED44D0D401F863D200018E2FD31FFA400120D74981010BBAF2E08820D70B0A208104FFBAF2D0898309BAF2E08801D2000191D4926D01E255206C13E0F828D70B0A8309BAF2E089810101D700FA400120D74981010BBAF2E08820D70B0A208104FFBAF2D0898309BAF2E0881202D101DB3C}
                x{6D}
               x{0192307FE07021D749C21F953020D70B1FDE208210AFE93535BA8F5130D31F018210AFE93535BAF2E081D33FFA400120D74981010BBAF2E08820D70B0A208104FFBAF2D0898309BAF2E08801D455206C1332820898968070FB024434DB3C30037083067055206D6D6DDB3C597FE0208210B8A3AA14BAE302}
                x{F8425220C705F2E084}
                x{C87101CA01500701CA007001CA02500520D74981010BBAF2E08820D70B0A208104FFBAF2D0898309BAF2E088CF165003FA027001CA68236EB3917F93246EB3E2973333017001CA00E30D216EB39C7F01CA0001206EF2D08001CC95317001CA00E2C901FB00}
                 x{7F01CA00C87001CA007001CA00246EB39D7F01CA0004206EF2D0805004CC9634037001CA00E2246EB39D7F01CA0004206EF2D0805004CC9634037001CA00E27001CA00027F01CA0002C958CC}
                x{30D31F018210B8A3AA14BAF2E081D33FFA400120D74981010BBAF2E08820D70B0A208104FFBAF2D0898309BAF2E088126C12317020FB025520DB3C03708100A07055206D6D6DDB3C587F}
                 x{F8425220C705F2E084}
                 x{C87101CA01500701CA007001CA02500520D74981010BBAF2E08820D70B0A208104FFBAF2D0898309BAF2E088CF165003FA027001CA68236EB3917F93246EB3E2973333017001CA00E30D216EB39C7F01CA0001206EF2D08001CC95317001CA00E2C901FB00}
                  x{7F01CA00C87001CA007001CA00246EB39D7F01CA0004206EF2D0805004CC9634037001CA00E2246EB39D7F01CA0004206EF2D0805004CC9634037001CA00E27001CA00027F01CA0002C958CC}
                x{8210E601F8E5BA8ECED31F018210E601F8E5BAF2E081D33F0131820898968070FB02F8416F2410235F037083067F25206EF2D080542580C855208210B687AB175004CB1F12CB3FCB1FCCC9103441301443306D6DDB3C7FE03070}
                 x{C87101CA01500701CA007001CA02500520D74981010BBAF2E08820D70B0A208104FFBAF2D0898309BAF2E088CF165003FA027001CA68236EB3917F93246EB3E2973333017001CA00E30D216EB39C7F01CA0001206EF2D08001CC95317001CA00E2C901FB00}
                  x{7F01CA00C87001CA007001CA00246EB39D7F01CA0004206EF2D0805004CC9634037001CA00E2246EB39D7F01CA0004206EF2D0805004CC9634037001CA00E27001CA00027F01CA0002C958CC}
               x{C8F84301CC7F01CA0055205023CB1F0120D74981010BBAF2E08820D70B0A208104FFBAF2D0898309BAF2E088CF16216EB3957F01CA00CC947032CA00E2C9ED54}
              x{2_}
               x{BE28EED9E6D9E3618C_}
                x{ED44D0D401F863D200018E2FD31FFA400120D74981010BBAF2E08820D70B0A208104FFBAF2D0898309BAF2E08801D2000191D4926D01E255206C13E0F828D70B0A8309BAF2E089810101D700FA400120D74981010BBAF2E08820D70B0A208104FFBAF2D0898309BAF2E0881202D101DB3C}
                 x{6D}
                x{21}
               x{2_}
                x{4}
                 x{B1D8B6CF36CF1B0C6_}
                  x{ED44D0D401F863D200018E2FD31FFA400120D74981010BBAF2E08820D70B0A208104FFBAF2D0898309BAF2E08801D2000191D4926D01E255206C13E0F828D70B0A8309BAF2E089810101D700FA400120D74981010BBAF2E08820D70B0A208104FFBAF2D0898309BAF2E0881202D101DB3C}
                   x{6D}
                  x{20}
                 x{B36436CF36CF1B0C6_}
                  x{ED44D0D401F863D200018E2FD31FFA400120D74981010BBAF2E08820D70B0A208104FFBAF2D0898309BAF2E08801D2000191D4926D01E255206C13E0F828D70B0A8309BAF2E089810101D700FA400120D74981010BBAF2E08820D70B0A208104FFBAF2D0898309BAF2E0881202D101DB3C}
                   x{6D}
                  x{22}
                x{B82BEED44D0D20001}
            x{0000000000000000000000000000000000000000000000000000000000000000600292EBCDAC4F8EB9DC3CA19668D2CB607CE2167A30233DDDBCAED2D106010E09C4_}
             x{C_}
              x{A0838F_}
               x{FF00F4A413F4BCF2C80B}
                x{62_}
                 x{D001D0D3030171B0A301FA400120D74981010BBAF2E08820D70B0A208104FFBAF2D0898309BAF2E088545053036F04F86102F862DB3C5512DB3CF2E082}
                  x{ED44D0D401F863D200018E2FD31FFA400120D74981010BBAF2E08820D70B0A208104FFBAF2D0898309BAF2E08801D2000191D4926D01E255206C13E0F828D70B0A8309BAF2E089810101D700FA400120D74981010BBAF2E08820D70B0A208104FFBAF2D0898309BAF2E0881202D101DB3C}
                   x{6D}
                  x{0192307FE07021D749C21F953020D70B1FDE208210AFE93535BA8F5130D31F018210AFE93535BAF2E081D33FFA400120D74981010BBAF2E08820D70B0A208104FFBAF2D0898309BAF2E08801D455206C1332820898968070FB024434DB3C30037083067055206D6D6DDB3C597FE0208210B8A3AA14BAE302}
                   x{F8425220C705F2E084}
                   x{C87101CA01500701CA007001CA02500520D74981010BBAF2E08820D70B0A208104FFBAF2D0898309BAF2E088CF165003FA027001CA68236EB3917F93246EB3E2973333017001CA00E30D216EB39C7F01CA0001206EF2D08001CC95317001CA00E2C901FB00}
                    x{7F01CA00C87001CA007001CA00246EB39D7F01CA0004206EF2D0805004CC9634037001CA00E2246EB39D7F01CA0004206EF2D0805004CC9634037001CA00E27001CA00027F01CA0002C958CC}
                   x{30D31F018210B8A3AA14BAF2E081D33FFA400120D74981010BBAF2E08820D70B0A208104FFBAF2D0898309BAF2E088126C12317020FB025520DB3C03708100A07055206D6D6DDB3C587F}
                    x{F8425220C705F2E084}
                    x{C87101CA01500701CA007001CA02500520D74981010BBAF2E08820D70B0A208104FFBAF2D0898309BAF2E088CF165003FA027001CA68236EB3917F93246EB3E2973333017001CA00E30D216EB39C7F01CA0001206EF2D08001CC95317001CA00E2C901FB00}
                     x{7F01CA00C87001CA007001CA00246EB39D7F01CA0004206EF2D0805004CC9634037001CA00E2246EB39D7F01CA0004206EF2D0805004CC9634037001CA00E27001CA00027F01CA0002C958CC}
                   x{8210E601F8E5BA8ECED31F018210E601F8E5BAF2E081D33F0131820898968070FB02F8416F2410235F037083067F25206EF2D080542580C855208210B687AB175004CB1F12CB3FCB1FCCC9103441301443306D6DDB3C7FE03070}
                    x{C87101CA01500701CA007001CA02500520D74981010BBAF2E08820D70B0A208104FFBAF2D0898309BAF2E088CF165003FA027001CA68236EB3917F93246EB3E2973333017001CA00E30D216EB39C7F01CA0001206EF2D08001CC95317001CA00E2C901FB00}
                     x{7F01CA00C87001CA007001CA00246EB39D7F01CA0004206EF2D0805004CC9634037001CA00E2246EB39D7F01CA0004206EF2D0805004CC9634037001CA00E27001CA00027F01CA0002C958CC}
                  x{C8F84301CC7F01CA0055205023CB1F0120D74981010BBAF2E08820D70B0A208104FFBAF2D0898309BAF2E088CF16216EB3957F01CA00CC947032CA00E2C9ED54}
                 x{2_}
                  x{BE28EED9E6D9E3618C_}
                   x{ED44D0D401F863D200018E2FD31FFA400120D74981010BBAF2E08820D70B0A208104FFBAF2D0898309BAF2E08801D2000191D4926D01E255206C13E0F828D70B0A8309BAF2E089810101D700FA400120D74981010BBAF2E08820D70B0A208104FFBAF2D0898309BAF2E0881202D101DB3C}
                    x{6D}
                   x{21}
                  x{2_}
                   x{4}
                    x{B1D8B6CF36CF1B0C6_}
                     x{ED44D0D401F863D200018E2FD31FFA400120D74981010BBAF2E08820D70B0A208104FFBAF2D0898309BAF2E08801D2000191D4926D01E255206C13E0F828D70B0A8309BAF2E089810101D700FA400120D74981010BBAF2E08820D70B0A208104FFBAF2D0898309BAF2E0881202D101DB3C}
                      x{6D}
                     x{20}
                    x{B36436CF36CF1B0C6_}
                     x{ED44D0D401F863D200018E2FD31FFA400120D74981010BBAF2E08820D70B0A208104FFBAF2D0898309BAF2E08801D2000191D4926D01E255206C13E0F828D70B0A8309BAF2E089810101D700FA400120D74981010BBAF2E08820D70B0A208104FFBAF2D0898309BAF2E0881202D101DB3C}
                      x{6D}
                     x{22}
                   x{B82BEED44D0D20001}
           x{B8A3AA140000000000000000801D3E5E1B0970E52ABD4EA639AED542E118FE33D2F03FE072737A6B74A8FDC2C69_}
          x{DF_}
           x{4801E2E313F112EFAA415B567C3E1C93F7BD5E10D8ACE59D8B4D45F985BFF1827E5F003A7CBC3612E1CA557A9D4C735DAA85C231FC67A5E07FC0E4E6F4D6E951FB858D10BE1E08A40608235A0000000008D24D02CEE3B5944_}
         x{72B0BC52B8A314B7B07DEB033C467343E99C3B01DD5C463687D286E988C57B50C590AEC8965AFABB16EBC3CB9B408EBAE71B618D78788BC80D09843593CAC98DA4}
         x{0C090BCA38AE58667B9213_}
          x{44262C3D09000000000000000000FA00000000000000000000000000000000000000000000000000000000000000000000000000000000000000000000000000000000000000000000000000000000}
          x{DCC186A0260411A6000000000002000100000001F01808E7C65384854FD0A4F77793F95695733B675EB306C4FAC3CFF546A3D22720280B06_},
        hash: [Function: hash],
        blockchainLogs: '[ 4][t 0][2024-10-30 23:27:07.368000][transaction.cpp:443]\tunpacking account F17189F88977D520ADAB3E1F0E49FBDEAF086C5672CEC5A6A2FCC2DFF8C13F2F\n' +
          '[ 4][t 0][2024-10-30 23:27:07.369000][transaction.cpp:274]\tlast_paid=1735514826; cells=28 bits=7123 public_cells=0\n' +
          '[ 4][t 0][2024-10-30 23:27:07.369000][transaction.cpp:504]\tend of Account.unpack() for 0:F17189F88977D520ADAB3E1F0E49FBDEAF086C5672CEC5A6A2FCC2DFF8C13F2F (balance = 10000000ng ; last_trans_lt = 70000000..70000002)\n' +
          '[ 4][t 0][2024-10-30 23:27:07.369000][transaction.cpp:3655]\tblock random seed set to 0000000000000000000000000000000000000000000000000000000000000000\n' +
          '[ 4][t 0][2024-10-30 23:27:07.369000][transaction.cpp:1236]\tgas limits: max=1000000, limit=1000000, credit=0\n' +
          '[ 4][t 0][2024-10-30 23:27:07.369000][transaction.cpp:1571]\tHASH(in_msg_state) = F17189F88977D520ADAB3E1F0E49FBDEAF086C5672CEC5A6A2FCC2DFF8C13F2F, account_state_hash = 0000000000000000000000000000000000000000000000000000000000000000\n' +
          '[ 4][t 0][2024-10-30 23:27:07.369000][transaction.cpp:1645]\tcreating VM\n' +
          '[ 4][t 0][2024-10-30 23:27:07.369000][transaction.cpp:1351]\tSmartContractInfo initialized with [ 124711402 0 0 1735514826 74000000 74000000 17981623585532928207879605009277018489859917292221253434033503130611020465268 [ 801208633 (null) ] CS{Cell{026dc00f17189f88977d520adab3e1f0e49fbdeaf086c5672cec5a6a2fcc2dff8c13f2f23886f4c33b8ed6500000000010b07608e625a01340} bits: 1..268; refs: 0..0} C{A7EC01478F770EF8F8B037CC7E42F0ABF0D85A50E1828C2394DAD1411691F2DE} C{F2179DCD5CFD8A1E113288591FFB7A5E10E107D0D2C36DF69E40398023DAA7B1} [ 791208633 (null) ] 0 (null) [ CS{Cell{004dd06600000000000000000000000080000000000000fa00000000000001f4000000000003d09040} bits: 9..305; refs: 0..0} (null) CS{Cell{0094d1000000000000006400000000000f4240de000000002710000000000000000f42400000000002160ec0000000000000271000000000002625a00000000005f5e100000000003b9aca00} bits: 0..592; refs: 0..0} CS{Cell{0094d100000000000000640000000000009c40de000000000190000000000000000f424000000000000f4240000000000000271000000000009896800000000005f5e100000000003b9aca00} bits: 0..592; refs: 0..0} CS{Cell{0042ea000000000098968000000000271000000000000f424000000001800055555555} bits: 0..264; refs: 0..0} CS{Cell{0042ea0000000000061a800000000001900000000000009c4000000001800055555555} bits: 0..264; refs: 0..0} (null) ] 0 (null) ]\n' +
          '[ 4][t 0][2024-10-30 23:27:07.369000][transaction.cpp:1675]\tstarting VM\n' +
          '[ 4][t 0][2024-10-30 23:27:07.369000][transaction.cpp:1680]\tVM terminated with exit code 0\n' +
          '[ 3][t 0][2024-10-30 23:27:07.369000][transaction.cpp:1702]\tsteps: 250 gas: used=8497, max=1000000, limit=1000000, credit=0\n' +
          '[ 3][t 0][2024-10-30 23:27:07.369000][transaction.cpp:1704]\tout_of_gas=false, accepted=true, success=true, time=0.000244s\n' +
          '[ 4][t 0][2024-10-30 23:27:07.369000][transaction.cpp:1737]\tgas fees: 3398800 = 26214400 * 8497 /2^16 ; price=26214400; flat rate=[40000 for 100]; remaining balance=797809833ng\n' +
          '[ 3][t 0][2024-10-30 23:27:07.369000][transaction.cpp:2678]\tin try_action_reserve_currency(0)\n' +
          '[ 4][t 0][2024-10-30 23:27:07.369000][transaction.cpp:2684]\taction_reserve_currency: mode=0, reserve=0ng, balance=797809833ng, original balance=10000000ng\n' +
          '[ 3][t 0][2024-10-30 23:27:07.369000][transaction.cpp:2729]\tchanged remaining balance to 797809833ng, reserved balance to 0ng\n' +
          '[ 4][t 0][2024-10-30 23:27:07.369000][transaction.cpp:2448]\tstorage paid for a message: 0 cells, 0 bits\n' +
          '[ 4][t 0][2024-10-30 23:27:07.369000][transaction.cpp:2452]\tcomputed fwd fees = 400000 + 0\n',
        vmLogs: 'ecute STSLICER\n' +
          'execute OVER\n' +
          'execute ISNULL\n' +
          'execute NOT\n' +
          'execute PUSHCONT x7F01CA00CC\n' +
          'execute PUSHCONT x7032CA00\n' +
          'execute IFELSE\n' +
          'execute PUSHINT -1\n' +
          'execute SWAP\n' +
          'execute STI 1\n' +
          'execute STREF\n' +
          'execute implicit RET\n' +
          'execute ENDC\n' +
          'execute POP c4\n' +
          'execute implicit RET\n',
        debugLogs: '',
        events: [ [Object], [Object] ],
        parent: {
          address: 37254810366437813475271750514734067285117962570475561289538093995582013161784n,
          lt: 71000000n,
          prevTransactionHash: 92381141537315561291272648909259118809496911849604170098929381253707448549591n,
          prevTransactionLt: 69000000n,
          now: 1735514826,
          outMessagesCount: 4,
          oldStatus: 'active',
          endStatus: 'active',
          inMessage: [Object],
          outMessages: [Dictionary],
          totalFees: [Object],
          stateUpdate: [Object],
          description: [Object],
          raw: x{7525D79B589F1D73B879432CD1A596C0F9C42CF460467BBB795DA5A20C021C13800000000043B5FC0CC3DDF87FA3455BDDE9D7788F9FE28D4E976AC68DD74CBD9255B29604EE980D700000000041CDB406771DACA00094803B6BE68}
           x{E_}
            x{6801E2E313F112EFAA415B567C3E1C93F7BD5E10D8ACE59D8B4D45F985BFF1827E5F0014975E6D627C75CEE1E50CB346965B03E710B3D18119EEEDE57696883008704E10E5181C240610D45E0000000008583B02CEE3B5945B43D58B800000000000000000000000C_}
             x{02202FAF080202FAF08021DCD65001CC4B4021DCD650033A526E533ABBE6533A526E533B8ED6500000001800000014_}
              x{801028CD38D6A9FB165BB1D27554DCBBC8B7A064E07EF4C3832956828113614F545_}
            x{DB_}
             x{2_}
              x{2_}
               x{6800A4BAF36B13E3AE770F28659A34B2D81F38859E8C08CF776F2BB4B44180438271002DD4BFC7CEC008CEA35815A072428664B1FE9B0E2F08F51D07816A7E7C4DA66C50101931000609BBB0000000000876BF82CEE3B594C_}
                x{BC26F4C80000000000000000}
              x{2_}
               x{6800A4BAF36B13E3AE770F28659A34B2D81F38859E8C08CF776F2BB4B441804382710025550E6953466B7EB993027F56153A398021E9F196DE43D165866FB1468B939490101931000609BBB0000000000876BF84CEE3B594C_}
                x{BC26F4C80000000000000001}
             x{2_}
              x{2_}
               x{E00292EBCDAC4F8EB9DC3CA19668D2CB607CE2167A30233DDDBCAED2D106010E09C0000000000876BF86CEE3B594C_}
                x{8B6D3812000000000000000000000001801028CD38D6A9FB165BB1D27554DCBBC8B7A064E07EF4C3832956828113614F544877359401_}
              x{2_}
               x{4800A4BAF36B13E3AE770F28659A34B2D81F38859E8C08CF776F2BB4B44180438271003C5C627E225DF5482B6ACF87C3927EF7ABC21B159CB3B169A8BF30B7FE304FCBD0BCA38AE40656E1D8000000000876BF88CEE3B595E_}
                x{34_}
                 x{FF00F4A413F4BCF2C80B}
                  x{62_}
                   x{D001D0D3030171B0A301FA400120D74981010BBAF2E08820D70B0A208104FFBAF2D0898309BAF2E088545053036F04F86102F862DB3C5512DB3CF2E082}
                    x{ED44D0D401F863D200018E2FD31FFA400120D74981010BBAF2E08820D70B0A208104FFBAF2D0898309BAF2E08801D2000191D4926D01E255206C13E0F828D70B0A8309BAF2E089810101D700FA400120D74981010BBAF2E08820D70B0A208104FFBAF2D0898309BAF2E0881202D101DB3C}
                     x{6D}
                    x{0192307FE07021D749C21F953020D70B1FDE208210AFE93535BA8F5130D31F018210AFE93535BAF2E081D33FFA400120D74981010BBAF2E08820D70B0A208104FFBAF2D0898309BAF2E08801D455206C1332820898968070FB024434DB3C30037083067055206D6D6DDB3C597FE0208210B8A3AA14BAE302}
                     x{F8425220C705F2E084}
                     x{C87101CA01500701CA007001CA02500520D74981010BBAF2E08820D70B0A208104FFBAF2D0898309BAF2E088CF165003FA027001CA68236EB3917F93246EB3E2973333017001CA00E30D216EB39C7F01CA0001206EF2D08001CC95317001CA00E2C901FB00}
                      x{7F01CA00C87001CA007001CA00246EB39D7F01CA0004206EF2D0805004CC9634037001CA00E2246EB39D7F01CA0004206EF2D0805004CC9634037001CA00E27001CA00027F01CA0002C958CC}
                     x{30D31F018210B8A3AA14BAF2E081D33FFA400120D74981010BBAF2E08820D70B0A208104FFBAF2D0898309BAF2E088126C12317020FB025520DB3C03708100A07055206D6D6DDB3C587F}
                      x{F8425220C705F2E084}
                      x{C87101CA01500701CA007001CA02500520D74981010BBAF2E08820D70B0A208104FFBAF2D0898309BAF2E088CF165003FA027001CA68236EB3917F93246EB3E2973333017001CA00E30D216EB39C7F01CA0001206EF2D08001CC95317001CA00E2C901FB00}
                       x{7F01CA00C87001CA007001CA00246EB39D7F01CA0004206EF2D0805004CC9634037001CA00E2246EB39D7F01CA0004206EF2D0805004CC9634037001CA00E27001CA00027F01CA0002C958CC}
                     x{8210E601F8E5BA8ECED31F018210E601F8E5BAF2E081D33F0131820898968070FB02F8416F2410235F037083067F25206EF2D080542580C855208210B687AB175004CB1F12CB3FCB1FCCC9103441301443306D6DDB3C7FE03070}
                      x{C87101CA01500701CA007001CA02500520D74981010BBAF2E08820D70B0A208104FFBAF2D0898309BAF2E088CF165003FA027001CA68236EB3917F93246EB3E2973333017001CA00E30D216EB39C7F01CA0001206EF2D08001CC95317001CA00E2C901FB00}
                       x{7F01CA00C87001CA007001CA00246EB39D7F01CA0004206EF2D0805004CC9634037001CA00E2246EB39D7F01CA0004206EF2D0805004CC9634037001CA00E27001CA00027F01CA0002C958CC}
                    x{C8F84301CC7F01CA0055205023CB1F0120D74981010BBAF2E08820D70B0A208104FFBAF2D0898309BAF2E088CF16216EB3957F01CA00CC947032CA00E2C9ED54}
                   x{2_}
                    x{BE28EED9E6D9E3618C_}
                     x{ED44D0D401F863D200018E2FD31FFA400120D74981010BBAF2E08820D70B0A208104FFBAF2D0898309BAF2E08801D2000191D4926D01E255206C13E0F828D70B0A8309BAF2E089810101D700FA400120D74981010BBAF2E08820D70B0A208104FFBAF2D0898309BAF2E0881202D101DB3C}
                      x{6D}
                     x{21}
                    x{2_}
                     x{4}
                      x{B1D8B6CF36CF1B0C6_}
                       x{ED44D0D401F863D200018E2FD31FFA400120D74981010BBAF2E08820D70B0A208104FFBAF2D0898309BAF2E08801D2000191D4926D01E255206C13E0F828D70B0A8309BAF2E089810101D700FA400120D74981010BBAF2E08820D70B0A208104FFBAF2D0898309BAF2E0881202D101DB3C}
                        x{6D}
                       x{20}
                      x{B36436CF36CF1B0C6_}
                       x{ED44D0D401F863D200018E2FD31FFA400120D74981010BBAF2E08820D70B0A208104FFBAF2D0898309BAF2E08801D2000191D4926D01E255206C13E0F828D70B0A8309BAF2E089810101D700FA400120D74981010BBAF2E08820D70B0A208104FFBAF2D0898309BAF2E0881202D101DB3C}
                        x{6D}
                       x{22}
                     x{B82BEED44D0D20001}
                 x{0000000000000000000000000000000000000000000000000000000000000000600292EBCDAC4F8EB9DC3CA19668D2CB607CE2167A30233DDDBCAED2D106010E09C4_}
                  x{C_}
                   x{A0838F_}
                    x{FF00F4A413F4BCF2C80B}
                     x{62_}
                      x{D001D0D3030171B0A301FA400120D74981010BBAF2E08820D70B0A208104FFBAF2D0898309BAF2E088545053036F04F86102F862DB3C5512DB3CF2E082}
                       x{ED44D0D401F863D200018E2FD31FFA400120D74981010BBAF2E08820D70B0A208104FFBAF2D0898309BAF2E08801D2000191D4926D01E255206C13E0F828D70B0A8309BAF2E089810101D700FA400120D74981010BBAF2E08820D70B0A208104FFBAF2D0898309BAF2E0881202D101DB3C}
                        x{6D}
                       x{0192307FE07021D749C21F953020D70B1FDE208210AFE93535BA8F5130D31F018210AFE93535BAF2E081D33FFA400120D74981010BBAF2E08820D70B0A208104FFBAF2D0898309BAF2E08801D455206C1332820898968070FB024434DB3C30037083067055206D6D6DDB3C597FE0208210B8A3AA14BAE302}
                        x{F8425220C705F2E084}
                        x{C87101CA01500701CA007001CA02500520D74981010BBAF2E08820D70B0A208104FFBAF2D0898309BAF2E088CF165003FA027001CA68236EB3917F93246EB3E2973333017001CA00E30D216EB39C7F01CA0001206EF2D08001CC95317001CA00E2C901FB00}
                         x{7F01CA00C87001CA007001CA00246EB39D7F01CA0004206EF2D0805004CC9634037001CA00E2246EB39D7F01CA0004206EF2D0805004CC9634037001CA00E27001CA00027F01CA0002C958CC}
                        x{30D31F018210B8A3AA14BAF2E081D33FFA400120D74981010BBAF2E08820D70B0A208104FFBAF2D0898309BAF2E088126C12317020FB025520DB3C03708100A07055206D6D6DDB3C587F}
                         x{F8425220C705F2E084}
                         x{C87101CA01500701CA007001CA02500520D74981010BBAF2E08820D70B0A208104FFBAF2D0898309BAF2E088CF165003FA027001CA68236EB3917F93246EB3E2973333017001CA00E30D216EB39C7F01CA0001206EF2D08001CC95317001CA00E2C901FB00}
                          x{7F01CA00C87001CA007001CA00246EB39D7F01CA0004206EF2D0805004CC9634037001CA00E2246EB39D7F01CA0004206EF2D0805004CC9634037001CA00E27001CA00027F01CA0002C958CC}
                        x{8210E601F8E5BA8ECED31F018210E601F8E5BAF2E081D33F0131820898968070FB02F8416F2410235F037083067F25206EF2D080542580C855208210B687AB175004CB1F12CB3FCB1FCCC9103441301443306D6DDB3C7FE03070}
                         x{C87101CA01500701CA007001CA02500520D74981010BBAF2E08820D70B0A208104FFBAF2D0898309BAF2E088CF165003FA027001CA68236EB3917F93246EB3E2973333017001CA00E30D216EB39C7F01CA0001206EF2D08001CC95317001CA00E2C901FB00}
                          x{7F01CA00C87001CA007001CA00246EB39D7F01CA0004206EF2D0805004CC9634037001CA00E2246EB39D7F01CA0004206EF2D0805004CC9634037001CA00E27001CA00027F01CA0002C958CC}
                       x{C8F84301CC7F01CA0055205023CB1F0120D74981010BBAF2E08820D70B0A208104FFBAF2D0898309BAF2E088CF16216EB3957F01CA00CC947032CA00E2C9ED54}
                      x{2_}
                       x{BE28EED9E6D9E3618C_}
                        x{ED44D0D401F863D200018E2FD31FFA400120D74981010BBAF2E08820D70B0A208104FFBAF2D0898309BAF2E08801D2000191D4926D01E255206C13E0F828D70B0A8309BAF2E089810101D700FA400120D74981010BBAF2E08820D70B0A208104FFBAF2D0898309BAF2E0881202D101DB3C}
                         x{6D}
                        x{21}
                       x{2_}
                        x{4}
                         x{B1D8B6CF36CF1B0C6_}
                          x{ED44D0D401F863D200018E2FD31FFA400120D74981010BBAF2E08820D70B0A208104FFBAF2D0898309BAF2E08801D2000191D4926D01E255206C13E0F828D70B0A8309BAF2E089810101D700FA400120D74981010BBAF2E08820D70B0A208104FFBAF2D0898309BAF2E0881202D101DB3C}
                           x{6D}
                          x{20}
                         x{B36436CF36CF1B0C6_}
                          x{ED44D0D401F863D200018E2FD31FFA400120D74981010BBAF2E08820D70B0A208104FFBAF2D0898309BAF2E08801D2000191D4926D01E255206C13E0F828D70B0A8309BAF2E089810101D700FA400120D74981010BBAF2E08820D70B0A208104FFBAF2D0898309BAF2E0881202D101DB3C}
                           x{6D}
                          x{22}
                        x{B82BEED44D0D20001}
                x{B8A3AA140000000000000000801D3E5E1B0970E52ABD4EA639AED542E118FE33D2F03FE072737A6B74A8FDC2C69_}
           x{729D31613D6130C0F37749E20CEE2221BE5387F43741BE83F42AF3A1579720128EABC8DDAD76CAF7C7711473547420D877312FEE760499DBD49B78EC28DA43146B}
           x{04090E5181C2588036EE1C11_}
            x{602327CC3D09000000000000000007C100000000000000000000000000000000000000000000000000000000000000000000000000000000000000000000000000000000000000000000000000000000}
            x{C9AC8D784C8FB95000000000000A000200000008F0F0D59EBCEEA994FA4953308DF0250A1618BA611EC19413D0F11A313954C52E48913B24_},
          hash: [Function: hash],
          blockchainLogs: '[ 4][t 0][2024-10-30 23:27:07.355000][transaction.cpp:443]\tunpacking account 525D79B589F1D73B879432CD1A596C0F9C42CF460467BBB795DA5A20C021C138\n' +
            '[ 4][t 0][2024-10-30 23:27:07.355000][transaction.cpp:274]\tlast_paid=1735514826; cells=232 bits=84082 public_cells=0\n' +
            '[ 4][t 0][2024-10-30 23:27:07.355000][transaction.cpp:504]\tend of Account.unpack() for 0:525D79B589F1D73B879432CD1A596C0F9C42CF460467BBB795DA5A20C021C138 (balance = 2101000000ng ; last_trans_lt = 69000000..69000002)\n' +
            '[ 4][t 0][2024-10-30 23:27:07.355000][transaction.cpp:3655]\tblock random seed set to 0000000000000000000000000000000000000000000000000000000000000000\n' +
            '[ 4][t 0][2024-10-30 23:27:07.355000][transaction.cpp:1236]\tgas limits: max=1000000, limit=1000000, credit=0\n' +
            '[ 4][t 0][2024-10-30 23:27:07.355000][transaction.cpp:1575]\tin_msg_state is null\n' +
            '[ 4][t 0][2024-10-30 23:27:07.355000][transaction.cpp:1645]\tcreating VM\n' +
            '[ 4][t 0][2024-10-30 23:27:07.355000][transaction.cpp:1351]\tSmartContractInfo initialized with [ 124711402 0 0 1735514826 71000000 71000000 14068792954309835536948273256715513127174070948738620016199408580766834334284 [ 3061890633 (null) ] CS{Cell{0271c00525d79b589f1d73b879432cd1a596c0f9c42cf460467bbb795da5a20c021c1383d0c0521c833b8ed6500000000010736d091f4eadd01340} bits: 1..268; refs: 0..0} C{A7EC01478F770EF8F8B037CC7E42F0ABF0D85A50E1828C2394DAD1411691F2DE} C{42B6F0E46484EFC57B9508F6BA7EF42E7512023D5CB4ED5628DD1C7755D16E9D} [ 960890633 (null) ] 0 (null) [ CS{Cell{004dd06600000000000000000000000080000000000000fa00000000000001f4000000000003d09040} bits: 9..305; refs: 0..0} (null) CS{Cell{0094d1000000000000006400000000000f4240de000000002710000000000000000f42400000000002160ec0000000000000271000000000002625a00000000005f5e100000000003b9aca00} bits: 0..592; refs: 0..0} CS{Cell{0094d100000000000000640000000000009c40de000000000190000000000000000f424000000000000f4240000000000000271000000000009896800000000005f5e100000000003b9aca00} bits: 0..592; refs: 0..0} CS{Cell{0042ea000000000098968000000000271000000000000f424000000001800055555555} bits: 0..264; refs: 0..0} CS{Cell{0042ea0000000000061a800000000001900000000000009c4000000001800055555555} bits: 0..264; refs: 0..0} (null) ] 0 (null) ]\n' +
            '[ 4][t 0][2024-10-30 23:27:07.356000][transaction.cpp:1675]\tstarting VM\n' +
            '[ 4][t 0][2024-10-30 23:27:07.358000][transaction.cpp:1680]\tVM terminated with exit code 0\n' +
            '[ 3][t 0][2024-10-30 23:27:07.358000][transaction.cpp:1702]\tsteps: 1985 gas: used=71998, max=1000000, limit=1000000, credit=0\n' +
            '[ 3][t 0][2024-10-30 23:27:07.358000][transaction.cpp:1704]\tout_of_gas=false, accepted=true, success=true, time=0.001973s\n' +
            '[ 4][t 0][2024-10-30 23:27:07.358000][transaction.cpp:1737]\tgas fees: 28799200 = 26214400 * 71998 /2^16 ; price=26214400; flat rate=[40000 for 100]; remaining balance=3033091433ng\n' +
            '[ 3][t 0][2024-10-30 23:27:07.358000][transaction.cpp:2678]\tin try_action_reserve_currency(0)\n' +
            '[ 4][t 0][2024-10-30 23:27:07.358000][transaction.cpp:2684]\taction_reserve_currency: mode=0, reserve=2101000000ng, balance=3033091433ng, original balance=2101000000ng\n' +
            '[ 3][t 0][2024-10-30 23:27:07.358000][transaction.cpp:2729]\tchanged remaining balance to 932091433ng, reserved balance to 2101000000ng\n' +
            '[ 4][t 0][2024-10-30 23:27:07.358000][transaction.cpp:2448]\tstorage paid for a message: 1 cells, 96 bits\n' +
            '[ 4][t 0][2024-10-30 23:27:07.358000][transaction.cpp:2452]\tcomputed fwd fees = 478400 + 0\n' +
            '[ 4][t 0][2024-10-30 23:27:07.358000][transaction.cpp:2448]\tstorage paid for a message: 1 cells, 96 bits\n' +
            '[ 4][t 0][2024-10-30 23:27:07.358000][transaction.cpp:2452]\tcomputed fwd fees = 478400 + 0\n' +
            '[ 4][t 0][2024-10-30 23:27:07.358000][transaction.cpp:2448]\tstorage paid for a message: 1 cells, 431 bits\n' +
            '[ 4][t 0][2024-10-30 23:27:07.358000][transaction.cpp:2452]\tcomputed fwd fees = 612400 + 0\n' +
            '[ 4][t 0][2024-10-30 23:27:07.358000][transaction.cpp:2448]\tstorage paid for a message: 27 cells, 6976 bits\n' +
            '[ 4][t 0][2024-10-30 23:27:07.358000][transaction.cpp:2452]\tcomputed fwd fees = 4270400 + 0\n',
          vmLogs: 'xecute EQUAL\n' +
            'execute THROWIF 137\n' +
            'execute PUSHPOW2 10\n' +
            'execute EQUAL\n' +
            'execute THROWIFNOT 136\n' +
            'execute STSLICER\n' +
            'execute ENDC\n' +
            'execute ROT\n' +
            'execute STREF\n' +
            'execute ENDC\n' +
            'execute SWAP\n' +
            'execute STREF\n' +
            'execute implicit RET\n' +
            'execute ENDC\n' +
            'execute POP c4\n' +
            'execute implicit RET\n',
          debugLogs: '',
          events: [Array],
          parent: [Object],
          children: [Array],
          externals: [Array]
        },
        children: [ [Object] ],
        externals: []
      },
      {
        address: 37254810366437813475271750514734067285117962570475561289538093995582013161784n,
        lt: 75000000n,
        prevTransactionHash: 113107166185541077609889053267645511839911999691110153865215636338108351815417n,
        prevTransactionLt: 71000000n,
        now: 1735514826,
        outMessagesCount: 2,
        oldStatus: 'active',
        endStatus: 'active',
        inMessage: {
          info: [Object],
          init: null,
          body: x{2A004A0500000000000000000000000000000000000000000000000000000000000000000000000000000001C00814669C6B54FD8B2DD8E93AAA6E5DE45BD032703F7A61C194AB414089B0A7AA2}
        },
        outMessages: Dictionary { _key: [Object], _value: [Object], _map: [Map] },
        totalFees: { coins: 11323062n },
        stateUpdate: {
          oldHash: <Buffer ab c8 dd ad 76 ca f7 c7 71 14 73 54 74 20 d8 77 31 2f ee 76 04 99 db d4 9b 78 ec 28 da 43 14 6b>,
          newHash: <Buffer 07 64 ea 29 80 21 18 da ff 46 a9 8a 94 a4 94 57 86 5d cc ec 77 02 45 86 38 ea 45 79 c3 00 ac f5>
        },
        description: {
          type: 'generic',
          creditFirst: false,
          storagePhase: [Object],
          creditPhase: [Object],
          computePhase: [Object],
          actionPhase: [Object],
          bouncePhase: undefined,
          aborted: false,
          destroyed: false
        },
        raw: x{7525D79B589F1D73B879432CD1A596C0F9C42CF460467BBB795DA5A20C021C13800000000047868C0FA10632D05B79C10CF4455A4E2B822B30EE582E9F2AAEFA1AAD21F8BD1F69EF900000000043B5FC06771DACA000547598D6C}
         x{E_}
          x{68016EA5FE3E760046751AC0AD03921433258FF4D8717847A8E83C0B53F3E26D33630014975E6D627C75CEE1E50CB346965B03E710B3D18119EEEDE57696883008704E101119EF88060DFF5E0000000008954402CEE3B594C_}
           x{2A004A0500000000000000000000000000000000000000000000000000000000000000000000000000000001C00814669C6B54FD8B2DD8E93AAA6E5DE45BD032703F7A61C194AB414089B0A7AA2}
          x{DD_}
           x{2_}
            x{6800A4BAF36B13E3AE770F28659A34B2D81F38859E8C08CF776F2BB4B441804382710020519A71AD53F62CB763A4EAA9B977916F40C9C0FDE9870652AD050226C29EA890FA19E1000608235A0000000008F0D182CEE3B5944_}
           x{2_}
            x{6800A4BAF36B13E3AE770F28659A34B2D81F38859E8C08CF776F2BB4B44180438271003A7CBC3612E1CA557A9D4C735DAA85C231FC67A5E07FC0E4E6F4D6E951FB858D100E4647480608235A0000000008F0D184CEE3B5944_}
         x{72ABC8DDAD76CAF7C7711473547420D877312FEE760499DBD49B78EC28DA43146B0764EA29802118DAFF46A98A94A49457865DCCEC7702458638EA4579C300ACF5}
         x{040901119EF8987516A211_}
          x{4D7F2C0AF1E00000000000000002E500000000000000000000000000000000000000000000000000000000000000000000000000000000000000000000000000000000000000000000000000000000}
          x{C9861A804C104698000000000006000200000004D2D42554B5DA8F7CE1622939CE06BFC7531E2D6B776FF7316955DBFB136658F440902C14_},
        hash: [Function: hash],
        blockchainLogs: '[ 4][t 0][2024-10-30 23:27:07.372000][transaction.cpp:443]\tunpacking account 525D79B589F1D73B879432CD1A596C0F9C42CF460467BBB795DA5A20C021C138\n' +
          '[ 4][t 0][2024-10-30 23:27:07.373000][transaction.cpp:274]\tlast_paid=1735514826; cells=234 bits=84033 public_cells=0\n' +
          '[ 4][t 0][2024-10-30 23:27:07.373000][transaction.cpp:504]\tend of Account.unpack() for 0:525D79B589F1D73B879432CD1A596C0F9C42CF460467BBB795DA5A20C021C138 (balance = 2101000000ng ; last_trans_lt = 71000000..71000005)\n' +
          '[ 4][t 0][2024-10-30 23:27:07.373000][transaction.cpp:3655]\tblock random seed set to 0000000000000000000000000000000000000000000000000000000000000000\n' +
          '[ 4][t 0][2024-10-30 23:27:07.373000][transaction.cpp:1236]\tgas limits: max=1000000, limit=179320, credit=0\n' +
          '[ 4][t 0][2024-10-30 23:27:07.373000][transaction.cpp:1575]\tin_msg_state is null\n' +
          '[ 4][t 0][2024-10-30 23:27:07.373000][transaction.cpp:1645]\tcreating VM\n' +
          '[ 4][t 0][2024-10-30 23:27:07.373000][transaction.cpp:1351]\tSmartContractInfo initialized with [ 124711402 0 0 1735514826 75000000 75000000 14068792954309835536948273256715513127174070948738620016199408580766834334284 [ 2172728098 (null) ] CS{Cell{0271c00525d79b589f1d73b879432cd1a596c0f9c42cf460467bbb795da5a20c021c1383d4c05210433b8ed6500000000010ed7f151f4eadd01340} bits: 1..268; refs: 0..0} C{A7EC01478F770EF8F8B037CC7E42F0ABF0D85A50E1828C2394DAD1411691F2DE} C{42B6F0E46484EFC57B9508F6BA7EF42E7512023D5CB4ED5628DD1C7755D16E9D} [ 71728098 (null) ] 0 (null) [ CS{Cell{004dd06600000000000000000000000080000000000000fa00000000000001f4000000000003d09040} bits: 9..305; refs: 0..0} (null) CS{Cell{0094d1000000000000006400000000000f4240de000000002710000000000000000f42400000000002160ec0000000000000271000000000002625a00000000005f5e100000000003b9aca00} bits: 0..592; refs: 0..0} CS{Cell{0094d100000000000000640000000000009c40de000000000190000000000000000f424000000000000f4240000000000000271000000000009896800000000005f5e100000000003b9aca00} bits: 0..592; refs: 0..0} CS{Cell{0042ea000000000098968000000000271000000000000f424000000001800055555555} bits: 0..264; refs: 0..0} CS{Cell{0042ea0000000000061a800000000001900000000000009c4000000001800055555555} bits: 0..264; refs: 0..0} (null) ] 0 (null) ]\n' +
          '[ 4][t 0][2024-10-30 23:27:07.373000][transaction.cpp:1675]\tstarting VM\n' +
          '[ 4][t 0][2024-10-30 23:27:07.374000][transaction.cpp:1680]\tVM terminated with exit code 0\n' +
          '[ 3][t 0][2024-10-30 23:27:07.374000][transaction.cpp:1702]\tsteps: 741 gas: used=27641, max=1000000, limit=179320, credit=0\n' +
          '[ 3][t 0][2024-10-30 23:27:07.374000][transaction.cpp:1704]\tout_of_gas=false, accepted=true, success=true, time=0.000765s\n' +
          '[ 4][t 0][2024-10-30 23:27:07.374000][transaction.cpp:1737]\tgas fees: 11056400 = 26214400 * 27641 /2^16 ; price=26214400; flat rate=[40000 for 100]; remaining balance=2161671698ng\n' +
          '[ 3][t 0][2024-10-30 23:27:07.374000][transaction.cpp:2678]\tin try_action_reserve_currency(0)\n' +
          '[ 4][t 0][2024-10-30 23:27:07.374000][transaction.cpp:2684]\taction_reserve_currency: mode=0, reserve=1052000000ng, balance=2161671698ng, original balance=2101000000ng\n' +
          '[ 3][t 0][2024-10-30 23:27:07.374000][transaction.cpp:2729]\tchanged remaining balance to 1109671698ng, reserved balance to 1052000000ng\n' +
          '[ 4][t 0][2024-10-30 23:27:07.374000][transaction.cpp:2448]\tstorage paid for a message: 0 cells, 0 bits\n' +
          '[ 4][t 0][2024-10-30 23:27:07.374000][transaction.cpp:2452]\tcomputed fwd fees = 400000 + 0\n' +
          '[ 4][t 0][2024-10-30 23:27:07.374000][transaction.cpp:2448]\tstorage paid for a message: 0 cells, 0 bits\n' +
          '[ 4][t 0][2024-10-30 23:27:07.374000][transaction.cpp:2452]\tcomputed fwd fees = 400000 + 0\n',
        vmLogs: 'xecute EQUAL\n' +
          'execute THROWIF 137\n' +
          'execute PUSHPOW2 10\n' +
          'execute EQUAL\n' +
          'execute THROWIFNOT 136\n' +
          'execute STSLICER\n' +
          'execute ENDC\n' +
          'execute ROT\n' +
          'execute STREF\n' +
          'execute ENDC\n' +
          'execute SWAP\n' +
          'execute STREF\n' +
          'execute implicit RET\n' +
          'execute ENDC\n' +
          'execute POP c4\n' +
          'execute implicit RET\n',
        debugLogs: '',
        events: [ [Object], [Object] ],
        parent: {
          address: 82919893537339836681594642219091937861961791340913881033281425430409330989489n,
          lt: 72000000n,
          prevTransactionHash: 99361862533514479762172069285350696744747411651083437208816187470259887339519n,
          prevTransactionLt: 61000000n,
          now: 1735514826,
          outMessagesCount: 1,
          oldStatus: 'active',
          endStatus: 'active',
          inMessage: [Object],
          outMessages: [Dictionary],
          totalFees: [Object],
          stateUpdate: [Object],
          description: [Object],
          raw: x{7B752FF1F3B00233A8D605681C90A1992C7FA6C38BC23D4741E05A9F9F13699B100000000044AA200DBACD23C87DBED9949D55CF9C3798A44DD11979CE1653E7AACED4D718448F7FF0000000003A2C9406771DACA000346A2CE5E}
           x{E_}
            x{6800A4BAF36B13E3AE770F28659A34B2D81F38859E8C08CF776F2BB4B44180438271002DD4BFC7CEC008CEA35815A072428664B1FE9B0E2F08F51D07816A7E7C4DA66C50101931000609BBB0000000000876BF82CEE3B5945E137A6400000000000000004_}
            x{DF_}
             x{68016EA5FE3E760046751AC0AD03921433258FF4D8717847A8E83C0B53F3E26D33630014975E6D627C75CEE1E50CB346965B03E710B3D18119EEEDE57696883008704E101119EF88060DFF5E0000000008954402CEE3B594C_}
              x{2A004A0500000000000000000000000000000000000000000000000000000000000000000000000000000001C00814669C6B54FD8B2DD8E93AAA6E5DE45BD032703F7A61C194AB414089B0A7AA2}
           x{72427AF23BEBE5E5CE638FE11DEC6BA8B6F32F217DA964F4E1D193CA7C7933BCE405E2AD141E9BBEC1DCDF06F0027F79EEC7728EF8B4BE0E3F916725F91B7BC60D}
           x{04C4360789010193101867A1E811_}
            x{44E28C0A4D9000000000000000013D00000000000000000000000000000000000000000000000000000000000000000000000000000000000000000000000000000000000000000000000000000000}
            x{C9853FC04C0DFF44000000000002000000000002E64A0CF447123DDC47EC547688080A6B35BCB06153B6FDE5C3DD1AAA70FB01364090296C_},
          hash: [Function: hash],
          blockchainLogs: '[ 4][t 0][2024-10-30 23:27:07.363000][transaction.cpp:443]\tunpacking account B752FF1F3B00233A8D605681C90A1992C7FA6C38BC23D4741E05A9F9F13699B1\n' +
            '[ 4][t 0][2024-10-30 23:27:07.363000][transaction.cpp:274]\tlast_paid=1732922826; cells=30 bits=12911 public_cells=0\n' +
            '[ 4][t 0][2024-10-30 23:27:07.363000][transaction.cpp:504]\tend of Account.unpack() for 0:B752FF1F3B00233A8D605681C90A1992C7FA6C38BC23D4741E05A9F9F13699B1 (balance = 10000000ng ; last_trans_lt = 61000000..61000002)\n' +
            '[ 4][t 0][2024-10-30 23:27:07.363000][transaction.cpp:3655]\tblock random seed set to 0000000000000000000000000000000000000000000000000000000000000000\n' +
            '[ 4][t 0][2024-10-30 23:27:07.363000][transaction.cpp:1236]\tgas limits: max=191044, limit=168804, credit=0\n' +
            '[ 4][t 0][2024-10-30 23:27:07.363000][transaction.cpp:1575]\tin_msg_state is null\n' +
            '[ 4][t 0][2024-10-30 23:27:07.363000][transaction.cpp:1645]\tcreating VM\n' +
            '[ 4][t 0][2024-10-30 23:27:07.363000][transaction.cpp:1351]\tSmartContractInfo initialized with [ 124711402 0 0 1735514826 72000000 72000000 97826753015311813380351420704363183350475263254542554028075350774453386286405 [ 76417698 (null) ] CS{Cell{026dc00b752ff1f3b00233a8d605681c90a1992c7fa6c38bc23d4741e05a9f9f13699b123c8c9bc33a526e50000000000e8b2508e625a01340} bits: 1..268; refs: 0..0} C{A7EC01478F770EF8F8B037CC7E42F0ABF0D85A50E1828C2394DAD1411691F2DE} C{33BB148A451AD17F938AA7C476E48F2B79933715F13F1D58F9234A90730321A8} [ 67521600 (null) ] 1103902 (null) [ CS{Cell{004dd06600000000000000000000000080000000000000fa00000000000001f4000000000003d09040} bits: 9..305; refs: 0..0} (null) CS{Cell{0094d1000000000000006400000000000f4240de000000002710000000000000000f42400000000002160ec0000000000000271000000000002625a00000000005f5e100000000003b9aca00} bits: 0..592; refs: 0..0} CS{Cell{0094d100000000000000640000000000009c40de000000000190000000000000000f424000000000000f4240000000000000271000000000009896800000000005f5e100000000003b9aca00} bits: 0..592; refs: 0..0} CS{Cell{0042ea000000000098968000000000271000000000000f424000000001800055555555} bits: 0..264; refs: 0..0} CS{Cell{0042ea0000000000061a800000000001900000000000009c4000000001800055555555} bits: 0..264; refs: 0..0} (null) ] 0 (null) ]\n' +
            '[ 4][t 0][2024-10-30 23:27:07.363000][transaction.cpp:1675]\tstarting VM\n' +
            '[ 4][t 0][2024-10-30 23:27:07.363000][transaction.cpp:1680]\tVM terminated with exit code 0\n' +
            '[ 3][t 0][2024-10-30 23:27:07.363000][transaction.cpp:1702]\tsteps: 317 gas: used=10004, max=191044, limit=168804, credit=0\n' +
            '[ 3][t 0][2024-10-30 23:27:07.363000][transaction.cpp:1704]\tout_of_gas=false, accepted=true, success=true, time=0.000362s\n' +
            '[ 4][t 0][2024-10-30 23:27:07.363000][transaction.cpp:1737]\tgas fees: 4001600 = 26214400 * 10004 /2^16 ; price=26214400; flat rate=[40000 for 100]; remaining balance=72416098ng\n' +
            '[ 4][t 0][2024-10-30 23:27:07.364000][transaction.cpp:2448]\tstorage paid for a message: 1 cells, 620 bits\n' +
            '[ 4][t 0][2024-10-30 23:27:07.364000][transaction.cpp:2452]\tcomputed fwd fees = 688000 + 0\n',
          vmLogs: 'e implicit RET\n' +
            'execute OVER\n' +
            'execute ISNULL\n' +
            'execute NOT\n' +
            'execute PUSHCONT x7F01CA00CC\n' +
            'execute PUSHCONT x7032CA00\n' +
            'execute IFELSE\n' +
            'execute PUSHINT -1\n' +
            'execute SWAP\n' +
            'execute STI 1\n' +
            'execute STREF\n' +
            'execute implicit RET\n' +
            'execute ENDC\n' +
            'execute POP c4\n' +
            'execute implicit RET\n',
          debugLogs: '',
          events: [Array],
          parent: [Object],
          children: [Array],
          externals: []
        },
        children: [ [Object], [Object] ],
        externals: []
      },
      {
        address: 37254810366437813475271750514734067285117962570475561289538093995582013161784n,
        lt: 76000000n,
        prevTransactionHash: 75624543320101717014783080536602427103511793987218812152547418639094705242761n,
        prevTransactionLt: 75000000n,
        now: 1735514826,
        outMessagesCount: 2,
        oldStatus: 'active',
        endStatus: 'active',
        inMessage: {
          info: [Object],
          init: null,
          body: x{2A004A0500000000000000010000000000000000000000000000000000000000000000000000000000000001400B75A3E1A6460F415CE3721F308920C4B456F3B977F39EB26CED9155308A976CC}
        },
        outMessages: Dictionary { _key: [Object], _value: [Object], _map: [Map] },
        totalFees: { coins: 11033062n },
        stateUpdate: {
          oldHash: <Buffer 07 64 ea 29 80 21 18 da ff 46 a9 8a 94 a4 94 57 86 5d cc ec 77 02 45 86 38 ea 45 79 c3 00 ac f5>,
          newHash: <Buffer 35 27 96 51 70 21 b3 51 36 9b 94 12 8a ae be 2c 80 fb d2 68 9d 1a 26 b2 cc 0f 3f 23 7f 79 44 46>
        },
        description: {
          type: 'generic',
          creditFirst: false,
          storagePhase: [Object],
          creditPhase: [Object],
          computePhase: [Object],
          actionPhase: [Object],
          bouncePhase: undefined,
          aborted: false,
          destroyed: false
        },
        raw: x{7525D79B589F1D73B879432CD1A596C0F9C42CF460467BBB795DA5A20C021C138000000000487AB00A731F984422C29738C4106B2860111861D6F7BA620C6482F13E4358BB6AB428900000000047868C06771DACA00054750B3CC}
         x{E_}
          x{68012AA8734A9A335BF5CC9813FAB0A9D1CC010F4F8CB6F21E8B2C337D8A345C9CA50014975E6D627C75CEE1E50CB346965B03E710B3D18119EEEDE57696883008704E101119EF88060DFF5E0000000008B3C882CEE3B594C_}
           x{2A004A0500000000000000010000000000000000000000000000000000000000000000000000000000000001400B75A3E1A6460F415CE3721F308920C4B456F3B977F39EB26CED9155308A976CC}
          x{DD_}
           x{2_}
            x{6800A4BAF36B13E3AE770F28659A34B2D81F38859E8C08CF776F2BB4B44180438271002DD68F8699183D05738DC87CC2248312D15BCEE5DFCE7AC9B3B64554C22A5DB310E27F66000608235A00000000090F5602CEE3B5944_}
           x{2_}
            x{6800A4BAF36B13E3AE770F28659A34B2D81F38859E8C08CF776F2BB4B44180438271003A7CBC3612E1CA557A9D4C735DAA85C231FC67A5E07FC0E4E6F4D6E951FB858D100E57FA880608235A00000000090F5604CEE3B5944_}
         x{720764EA29802118DAFF46A98A94A49457865DCCEC7702458638EA4579C300ACF5352796517021B351369B94128AAEBE2C80FBD2689D1A26B2CC0F3F237F794446}
         x{040901119EF89874890811_}
          x{4D248C0AF1E00000000000000002E500000000000000000000000000000000000000000000000000000000000000000000000000000000000000000000000000000000000000000000000000000000}
          x{C9861A804C10469800000000000600020000000472383706BA4BFEAABF133F3573CAF25C6F6ABC1CEAD99FC1728C3E6C3C00D9A840902C14_},
        hash: [Function: hash],
        blockchainLogs: '[ 4][t 0][2024-10-30 23:27:07.377000][transaction.cpp:443]\tunpacking account 525D79B589F1D73B879432CD1A596C0F9C42CF460467BBB795DA5A20C021C138\n' +
          '[ 4][t 0][2024-10-30 23:27:07.377000][transaction.cpp:274]\tlast_paid=1735514826; cells=231 bits=83982 public_cells=0\n' +
          '[ 4][t 0][2024-10-30 23:27:07.377000][transaction.cpp:504]\tend of Account.unpack() for 0:525D79B589F1D73B879432CD1A596C0F9C42CF460467BBB795DA5A20C021C138 (balance = 1052000000ng ; last_trans_lt = 75000000..75000003)\n' +
          '[ 4][t 0][2024-10-30 23:27:07.377000][transaction.cpp:3655]\tblock random seed set to 0000000000000000000000000000000000000000000000000000000000000000\n' +
          '[ 4][t 0][2024-10-30 23:27:07.377000][transaction.cpp:1236]\tgas limits: max=1000000, limit=179320, credit=0\n' +
          '[ 4][t 0][2024-10-30 23:27:07.377000][transaction.cpp:1575]\tin_msg_state is null\n' +
          '[ 4][t 0][2024-10-30 23:27:07.377000][transaction.cpp:1645]\tcreating VM\n' +
          '[ 4][t 0][2024-10-30 23:27:07.377000][transaction.cpp:1351]\tSmartContractInfo initialized with [ 124711402 0 0 1735514826 76000000 76000000 14068792954309835536948273256715513127174070948738620016199408580766834334284 [ 1123728098 (null) ] CS{Cell{0271c00525d79b589f1d73b879432cd1a596c0f9c42cf460467bbb795da5a20c021c1383cec05203833b8ed6500000000011e1a30d0fad0fc01340} bits: 1..268; refs: 0..0} C{A7EC01478F770EF8F8B037CC7E42F0ABF0D85A50E1828C2394DAD1411691F2DE} C{42B6F0E46484EFC57B9508F6BA7EF42E7512023D5CB4ED5628DD1C7755D16E9D} [ 71728098 (null) ] 0 (null) [ CS{Cell{004dd06600000000000000000000000080000000000000fa00000000000001f4000000000003d09040} bits: 9..305; refs: 0..0} (null) CS{Cell{0094d1000000000000006400000000000f4240de000000002710000000000000000f42400000000002160ec0000000000000271000000000002625a00000000005f5e100000000003b9aca00} bits: 0..592; refs: 0..0} CS{Cell{0094d100000000000000640000000000009c40de000000000190000000000000000f424000000000000f4240000000000000271000000000009896800000000005f5e100000000003b9aca00} bits: 0..592; refs: 0..0} CS{Cell{0042ea000000000098968000000000271000000000000f424000000001800055555555} bits: 0..264; refs: 0..0} CS{Cell{0042ea0000000000061a800000000001900000000000009c4000000001800055555555} bits: 0..264; refs: 0..0} (null) ] 0 (null) ]\n' +
          '[ 4][t 0][2024-10-30 23:27:07.377000][transaction.cpp:1675]\tstarting VM\n' +
          '[ 4][t 0][2024-10-30 23:27:07.378000][transaction.cpp:1680]\tVM terminated with exit code 0\n' +
          '[ 3][t 0][2024-10-30 23:27:07.378000][transaction.cpp:1702]\tsteps: 741 gas: used=26916, max=1000000, limit=179320, credit=0\n' +
          '[ 3][t 0][2024-10-30 23:27:07.378000][transaction.cpp:1704]\tout_of_gas=false, accepted=true, success=true, time=0.000606s\n' +
          '[ 4][t 0][2024-10-30 23:27:07.378000][transaction.cpp:1737]\tgas fees: 10766400 = 26214400 * 26916 /2^16 ; price=26214400; flat rate=[40000 for 100]; remaining balance=1112961698ng\n' +
          '[ 3][t 0][2024-10-30 23:27:07.378000][transaction.cpp:2678]\tin try_action_reserve_currency(0)\n' +
          '[ 4][t 0][2024-10-30 23:27:07.378000][transaction.cpp:2684]\taction_reserve_currency: mode=0, reserve=102000000ng, balance=1112961698ng, original balance=1052000000ng\n' +
          '[ 3][t 0][2024-10-30 23:27:07.378000][transaction.cpp:2729]\tchanged remaining balance to 1010961698ng, reserved balance to 102000000ng\n' +
          '[ 4][t 0][2024-10-30 23:27:07.378000][transaction.cpp:2448]\tstorage paid for a message: 0 cells, 0 bits\n' +
          '[ 4][t 0][2024-10-30 23:27:07.378000][transaction.cpp:2452]\tcomputed fwd fees = 400000 + 0\n' +
          '[ 4][t 0][2024-10-30 23:27:07.378000][transaction.cpp:2448]\tstorage paid for a message: 0 cells, 0 bits\n' +
          '[ 4][t 0][2024-10-30 23:27:07.378000][transaction.cpp:2452]\tcomputed fwd fees = 400000 + 0\n',
        vmLogs: 'xecute EQUAL\n' +
          'execute THROWIF 137\n' +
          'execute PUSHPOW2 10\n' +
          'execute EQUAL\n' +
          'execute THROWIFNOT 136\n' +
          'execute STSLICER\n' +
          'execute ENDC\n' +
          'execute ROT\n' +
          'execute STREF\n' +
          'execute ENDC\n' +
          'execute SWAP\n' +
          'execute STREF\n' +
          'execute implicit RET\n' +
          'execute ENDC\n' +
          'execute POP c4\n' +
          'execute implicit RET\n',
        debugLogs: '',
        events: [ [Object], [Object] ],
        parent: {
          address: 67543427448400653730467865006802499943865683254096794746207147277796506488402n,
          lt: 73000000n,
          prevTransactionHash: 88777663065612023719077375994267452607528459125201681744104111694931306098396n,
          prevTransactionLt: 60000000n,
          now: 1735514826,
          outMessagesCount: 1,
          oldStatus: 'active',
          endStatus: 'active',
          inMessage: [Object],
          outMessages: [Dictionary],
          totalFees: [Object],
          stateUpdate: [Object],
          description: [Object],
          raw: x{7955439A54D19ADFAE64C09FD5854E8E60087A7C65B790F459619BEC51A2E4E52000000000459E440C446606ADDC1AA875AC2D05BB52163EC90264A8AD1C21410F01FE6C072562EDC00000000039387006771DACA000346A2CE5E}
           x{E_}
            x{6800A4BAF36B13E3AE770F28659A34B2D81F38859E8C08CF776F2BB4B441804382710025550E6953466B7EB993027F56153A398021E9F196DE43D165866FB1468B939490101931000609BBB0000000000876BF84CEE3B5945E137A640000000000000000C_}
            x{DF_}
             x{68012AA8734A9A335BF5CC9813FAB0A9D1CC010F4F8CB6F21E8B2C337D8A345C9CA50014975E6D627C75CEE1E50CB346965B03E710B3D18119EEEDE57696883008704E101119EF88060DFF5E0000000008B3C882CEE3B594C_}
              x{2A004A0500000000000000010000000000000000000000000000000000000000000000000000000000000001400B75A3E1A6460F415CE3721F308920C4B456F3B977F39EB26CED9155308A976CC}
           x{7215A3B50F37926AEC88E807845F785F027DD0182A2253B5DE3FE5EF26D579E373B2D937B7824670DC42CBC7DB37C1BDFDFCEA2F6DCC990D28A1C5F0FD301B37B0}
           x{04C4360789010193101867A1E811_}
            x{44E28C0A4D9000000000000000013D00000000000000000000000000000000000000000000000000000000000000000000000000000000000000000000000000000000000000000000000000000000}
            x{C9853FC04C0DFF44000000000002000000000002517EAFF2B798C42F614411E49C8D6B7C28990EC416BB399A9A3634345942A02C4090296C_},
          hash: [Function: hash],
          blockchainLogs: '[ 4][t 0][2024-10-30 23:27:07.365000][transaction.cpp:443]\tunpacking account 955439A54D19ADFAE64C09FD5854E8E60087A7C65B790F459619BEC51A2E4E52\n' +
            '[ 4][t 0][2024-10-30 23:27:07.365000][transaction.cpp:274]\tlast_paid=1732922826; cells=30 bits=12911 public_cells=0\n' +
            '[ 4][t 0][2024-10-30 23:27:07.365000][transaction.cpp:504]\tend of Account.unpack() for 0:955439A54D19ADFAE64C09FD5854E8E60087A7C65B790F459619BEC51A2E4E52 (balance = 10000000ng ; last_trans_lt = 60000000..60000002)\n' +
            '[ 4][t 0][2024-10-30 23:27:07.365000][transaction.cpp:3655]\tblock random seed set to 0000000000000000000000000000000000000000000000000000000000000000\n' +
            '[ 4][t 0][2024-10-30 23:27:07.365000][transaction.cpp:1236]\tgas limits: max=191044, limit=168804, credit=0\n' +
            '[ 4][t 0][2024-10-30 23:27:07.365000][transaction.cpp:1575]\tin_msg_state is null\n' +
            '[ 4][t 0][2024-10-30 23:27:07.366000][transaction.cpp:1645]\tcreating VM\n' +
            '[ 4][t 0][2024-10-30 23:27:07.366000][transaction.cpp:1351]\tSmartContractInfo initialized with [ 124711402 0 0 1735514826 73000000 73000000 32640492973886351410704720633145268723783918950938284291182676096155445602137 [ 76417698 (null) ] CS{Cell{026dc00955439a54d19adfae64c09fd5854e8e60087a7c65b790f459619bec51a2e4e5223c8c9bc33a526e50000000000e4e1c08e625a01340} bits: 1..268; refs: 0..0} C{A7EC01478F770EF8F8B037CC7E42F0ABF0D85A50E1828C2394DAD1411691F2DE} C{33BB148A451AD17F938AA7C476E48F2B79933715F13F1D58F9234A90730321A8} [ 67521600 (null) ] 1103902 (null) [ CS{Cell{004dd06600000000000000000000000080000000000000fa00000000000001f4000000000003d09040} bits: 9..305; refs: 0..0} (null) CS{Cell{0094d1000000000000006400000000000f4240de000000002710000000000000000f42400000000002160ec0000000000000271000000000002625a00000000005f5e100000000003b9aca00} bits: 0..592; refs: 0..0} CS{Cell{0094d100000000000000640000000000009c40de000000000190000000000000000f424000000000000f4240000000000000271000000000009896800000000005f5e100000000003b9aca00} bits: 0..592; refs: 0..0} CS{Cell{0042ea000000000098968000000000271000000000000f424000000001800055555555} bits: 0..264; refs: 0..0} CS{Cell{0042ea0000000000061a800000000001900000000000009c4000000001800055555555} bits: 0..264; refs: 0..0} (null) ] 0 (null) ]\n' +
            '[ 4][t 0][2024-10-30 23:27:07.366000][transaction.cpp:1675]\tstarting VM\n' +
            '[ 4][t 0][2024-10-30 23:27:07.366000][transaction.cpp:1680]\tVM terminated with exit code 0\n' +
            '[ 3][t 0][2024-10-30 23:27:07.366000][transaction.cpp:1702]\tsteps: 317 gas: used=10004, max=191044, limit=168804, credit=0\n' +
            '[ 3][t 0][2024-10-30 23:27:07.366000][transaction.cpp:1704]\tout_of_gas=false, accepted=true, success=true, time=0.000306s\n' +
            '[ 4][t 0][2024-10-30 23:27:07.366000][transaction.cpp:1737]\tgas fees: 4001600 = 26214400 * 10004 /2^16 ; price=26214400; flat rate=[40000 for 100]; remaining balance=72416098ng\n' +
            '[ 4][t 0][2024-10-30 23:27:07.366000][transaction.cpp:2448]\tstorage paid for a message: 1 cells, 620 bits\n' +
            '[ 4][t 0][2024-10-30 23:27:07.366000][transaction.cpp:2452]\tcomputed fwd fees = 688000 + 0\n',
          vmLogs: 'e implicit RET\n' +
            'execute OVER\n' +
            'execute ISNULL\n' +
            'execute NOT\n' +
            'execute PUSHCONT x7F01CA00CC\n' +
            'execute PUSHCONT x7032CA00\n' +
            'execute IFELSE\n' +
            'execute PUSHINT -1\n' +
            'execute SWAP\n' +
            'execute STI 1\n' +
            'execute STREF\n' +
            'execute implicit RET\n' +
            'execute ENDC\n' +
            'execute POP c4\n' +
            'execute implicit RET\n',
          debugLogs: '',
          events: [Array],
          parent: [Object],
          children: [Array],
          externals: []
        },
        children: [ [Object], [Object] ],
        externals: []
      },
      {
        address: 105818132960003171416304597453717637701794574747475969910003481004036112389684n,
        lt: 77000000n,
        prevTransactionHash: 22076328969877215652862879141507328550294559194579970199590004325823423519588n,
        prevTransactionLt: 66000000n,
        now: 1735514826,
        outMessagesCount: 0,
        oldStatus: 'active',
        endStatus: 'active',
        inMessage: { info: [Object], init: null, body: x{} },
        outMessages: Dictionary { _key: [Object], _value: [Object], _map: Map(0) {} },
        totalFees: { coins: 123600n },
        stateUpdate: {
          oldHash: <Buffer b7 0e 5e 55 d6 ed f7 fa 3e 68 0d 64 5d f3 98 f9 13 09 f3 7f bc 45 78 55 4f c5 b8 7d da b3 7f 03>,
          newHash: <Buffer 3b db 80 9b ec af 61 24 83 c3 50 3e a5 f3 82 18 ce 56 21 32 94 7f e8 29 62 de 23 ba 13 2a a8 34>
        },
        description: {
          type: 'generic',
          creditFirst: true,
          storagePhase: [Object],
          creditPhase: [Object],
          computePhase: [Object],
          actionPhase: [Object],
          bouncePhase: undefined,
          aborted: false,
          destroyed: false
        },
        raw: x{7E9F2F0D84B872955EA7531CD76AA1708C7F19E9781FF03939BD35BA547EE1634000000000496ED4030CEC267FF2613580719638EAC1662797AF0286BD81C9154F3E7A50B595D1B640000000003EF14806771DACA00014603C5A0}
         x{A_}
          x{4801E2E313F112EFAA415B567C3E1C93F7BD5E10D8ACE59D8B4D45F985BFF1827E5F003A7CBC3612E1CA557A9D4C735DAA85C231FC67A5E07FC0E4E6F4D6E951FB858D10BE1E08A40608235A0000000008D24D02CEE3B5944_}
         x{72B70E5E55D6EDF7FA3E680D645DF398F91309F37FBC4578554FC5B87DDAB37F033BDB809BECAF612483C3503EA5F38218CE562132947FE82962DE23BA132AA834}
         x{0C090BE1E08A58603C5A11_}
          x{4026AC3D090000000000000000000500000000000000000000000000000000000000000000000000000000000000000000000000000000000000000000000000000000000000000000000000000000}
          x{C00000000000000000000000012D452DA449E50B8CF7DD27861F146122AFE1B546BB8B70FC8216F0C614139F8E04_},
        hash: [Function: hash],
        blockchainLogs: '[ 4][t 0][2024-10-30 23:27:07.380000][transaction.cpp:443]\tunpacking account E9F2F0D84B872955EA7531CD76AA1708C7F19E9781FF03939BD35BA547EE1634\n' +
          '[ 4][t 0][2024-10-30 23:27:07.380000][transaction.cpp:274]\tlast_paid=1735514826; cells=6 bits=821 public_cells=0\n' +
          '[ 4][t 0][2024-10-30 23:27:07.380000][transaction.cpp:504]\tend of Account.unpack() for 0:E9F2F0D84B872955EA7531CD76AA1708C7F19E9781FF03939BD35BA547EE1634 (balance = 999998912243279ng ; last_trans_lt = 66000000..66000002)\n' +
          '[ 4][t 0][2024-10-30 23:27:07.380000][transaction.cpp:3655]\tblock random seed set to 0000000000000000000000000000000000000000000000000000000000000000\n' +
          '[ 4][t 0][2024-10-30 23:27:07.380000][transaction.cpp:1236]\tgas limits: max=1000000, limit=1000000, credit=0\n' +
          '[ 4][t 0][2024-10-30 23:27:07.380000][transaction.cpp:1575]\tin_msg_state is null\n' +
          '[ 4][t 0][2024-10-30 23:27:07.380000][transaction.cpp:1645]\tcreating VM\n' +
          '[ 4][t 0][2024-10-30 23:27:07.380000][transaction.cpp:1351]\tSmartContractInfo initialized with [ 124711402 0 0 1735514826 77000000 77000000 60210483465141978598827679003117970236339845468170532052053411751718225576024 [ 999999709653112 (null) ] CS{Cell{0275c00e9f2f0d84b872955ea7531cd76aa1708c7f19e9781ff03939bd35ba547ee163420c80cd433b8ed650000000000fbc5209c0e35f98fc2993d340} bits: 1..268; refs: 0..0} C{A7EC01478F770EF8F8B037CC7E42F0ABF0D85A50E1828C2394DAD1411691F2DE} C{D992502B94EA96E7B34E5D62FFB0C6FC73D78B3E61F11F0848FB3A1EB1AFC912} [ 797409833 (null) ] 0 (null) [ CS{Cell{004dd06600000000000000000000000080000000000000fa00000000000001f4000000000003d09040} bits: 9..305; refs: 0..0} (null) CS{Cell{0094d1000000000000006400000000000f4240de000000002710000000000000000f42400000000002160ec0000000000000271000000000002625a00000000005f5e100000000003b9aca00} bits: 0..592; refs: 0..0} CS{Cell{0094d100000000000000640000000000009c40de000000000190000000000000000f424000000000000f4240000000000000271000000000009896800000000005f5e100000000003b9aca00} bits: 0..592; refs: 0..0} CS{Cell{0042ea000000000098968000000000271000000000000f424000000001800055555555} bits: 0..264; refs: 0..0} CS{Cell{0042ea0000000000061a800000000001900000000000009c4000000001800055555555} bits: 0..264; refs: 0..0} (null) ] 0 (null) ]\n' +
          '[ 4][t 0][2024-10-30 23:27:07.381000][transaction.cpp:1675]\tstarting VM\n' +
          '[ 4][t 0][2024-10-30 23:27:07.381000][transaction.cpp:1680]\tVM terminated with exit code 0\n' +
          '[ 3][t 0][2024-10-30 23:27:07.381000][transaction.cpp:1702]\tsteps: 5 gas: used=309, max=1000000, limit=1000000, credit=0\n' +
          '[ 3][t 0][2024-10-30 23:27:07.381000][transaction.cpp:1704]\tout_of_gas=false, accepted=true, success=true, time=0.000017s\n' +
          '[ 4][t 0][2024-10-30 23:27:07.381000][transaction.cpp:1737]\tgas fees: 123600 = 26214400 * 309 /2^16 ; price=26214400; flat rate=[40000 for 100]; remaining balance=999999709529512ng\n',
        vmLogs: 'execute SETCP 0\n' +
          'execute DICTPUSHCONST 19 (xC_,1)\n' +
          'execute DICTIGETJMPZ\n' +
          'execute DROP\n' +
          'execute implicit RET\n',
        debugLogs: '',
        events: [],
        parent: {
          address: 109208002466680520989913255462615177871260062711707745062050645640217276530479n,
          lt: 74000000n,
          prevTransactionHash: 46639545100792115833473291294275341511912054516285266573757130116029018394780n,
          prevTransactionLt: 70000000n,
          now: 1735514826,
          outMessagesCount: 1,
          oldStatus: 'active',
          endStatus: 'non-existing',
          inMessage: [Object],
          outMessages: [Dictionary],
          totalFees: [Object],
          stateUpdate: [Object],
          description: [Object],
          raw: x{7F17189F88977D520ADAB3E1F0E49FBDEAF086C5672CEC5A6A2FCC2DFF8C13F2F0000000004692680671D0C0B87FDB5E981DA7ED3EFFEC10952A0338F95DC79AAD9E7D274A20DD09C00000000042C1D806771DACA0003666BCAC6}
           x{E_}
            x{4800A4BAF36B13E3AE770F28659A34B2D81F38859E8C08CF776F2BB4B44180438271003C5C627E225DF5482B6ACF87C3927EF7ABC21B159CB3B169A8BF30B7FE304FCBD0BCA38AE40656E1D8000000000876BF88CEE3B595E_}
             x{34_}
              x{FF00F4A413F4BCF2C80B}
               x{62_}
                x{D001D0D3030171B0A301FA400120D74981010BBAF2E08820D70B0A208104FFBAF2D0898309BAF2E088545053036F04F86102F862DB3C5512DB3CF2E082}
                 x{ED44D0D401F863D200018E2FD31FFA400120D74981010BBAF2E08820D70B0A208104FFBAF2D0898309BAF2E08801D2000191D4926D01E255206C13E0F828D70B0A8309BAF2E089810101D700FA400120D74981010BBAF2E08820D70B0A208104FFBAF2D0898309BAF2E0881202D101DB3C}
                  x{6D}
                 x{0192307FE07021D749C21F953020D70B1FDE208210AFE93535BA8F5130D31F018210AFE93535BAF2E081D33FFA400120D74981010BBAF2E08820D70B0A208104FFBAF2D0898309BAF2E08801D455206C1332820898968070FB024434DB3C30037083067055206D6D6DDB3C597FE0208210B8A3AA14BAE302}
                  x{F8425220C705F2E084}
                  x{C87101CA01500701CA007001CA02500520D74981010BBAF2E08820D70B0A208104FFBAF2D0898309BAF2E088CF165003FA027001CA68236EB3917F93246EB3E2973333017001CA00E30D216EB39C7F01CA0001206EF2D08001CC95317001CA00E2C901FB00}
                   x{7F01CA00C87001CA007001CA00246EB39D7F01CA0004206EF2D0805004CC9634037001CA00E2246EB39D7F01CA0004206EF2D0805004CC9634037001CA00E27001CA00027F01CA0002C958CC}
                  x{30D31F018210B8A3AA14BAF2E081D33FFA400120D74981010BBAF2E08820D70B0A208104FFBAF2D0898309BAF2E088126C12317020FB025520DB3C03708100A07055206D6D6DDB3C587F}
                   x{F8425220C705F2E084}
                   x{C87101CA01500701CA007001CA02500520D74981010BBAF2E08820D70B0A208104FFBAF2D0898309BAF2E088CF165003FA027001CA68236EB3917F93246EB3E2973333017001CA00E30D216EB39C7F01CA0001206EF2D08001CC95317001CA00E2C901FB00}
                    x{7F01CA00C87001CA007001CA00246EB39D7F01CA0004206EF2D0805004CC9634037001CA00E2246EB39D7F01CA0004206EF2D0805004CC9634037001CA00E27001CA00027F01CA0002C958CC}
                  x{8210E601F8E5BA8ECED31F018210E601F8E5BAF2E081D33F0131820898968070FB02F8416F2410235F037083067F25206EF2D080542580C855208210B687AB175004CB1F12CB3FCB1FCCC9103441301443306D6DDB3C7FE03070}
                   x{C87101CA01500701CA007001CA02500520D74981010BBAF2E08820D70B0A208104FFBAF2D0898309BAF2E088CF165003FA027001CA68236EB3917F93246EB3E2973333017001CA00E30D216EB39C7F01CA0001206EF2D08001CC95317001CA00E2C901FB00}
                    x{7F01CA00C87001CA007001CA00246EB39D7F01CA0004206EF2D0805004CC9634037001CA00E2246EB39D7F01CA0004206EF2D0805004CC9634037001CA00E27001CA00027F01CA0002C958CC}
                 x{C8F84301CC7F01CA0055205023CB1F0120D74981010BBAF2E08820D70B0A208104FFBAF2D0898309BAF2E088CF16216EB3957F01CA00CC947032CA00E2C9ED54}
                x{2_}
                 x{BE28EED9E6D9E3618C_}
                  x{ED44D0D401F863D200018E2FD31FFA400120D74981010BBAF2E08820D70B0A208104FFBAF2D0898309BAF2E08801D2000191D4926D01E255206C13E0F828D70B0A8309BAF2E089810101D700FA400120D74981010BBAF2E08820D70B0A208104FFBAF2D0898309BAF2E0881202D101DB3C}
                   x{6D}
                  x{21}
                 x{2_}
                  x{4}
                   x{B1D8B6CF36CF1B0C6_}
                    x{ED44D0D401F863D200018E2FD31FFA400120D74981010BBAF2E08820D70B0A208104FFBAF2D0898309BAF2E08801D2000191D4926D01E255206C13E0F828D70B0A8309BAF2E089810101D700FA400120D74981010BBAF2E08820D70B0A208104FFBAF2D0898309BAF2E0881202D101DB3C}
                     x{6D}
                    x{20}
                   x{B36436CF36CF1B0C6_}
                    x{ED44D0D401F863D200018E2FD31FFA400120D74981010BBAF2E08820D70B0A208104FFBAF2D0898309BAF2E08801D2000191D4926D01E255206C13E0F828D70B0A8309BAF2E089810101D700FA400120D74981010BBAF2E08820D70B0A208104FFBAF2D0898309BAF2E0881202D101DB3C}
                     x{6D}
                    x{22}
                  x{B82BEED44D0D20001}
              x{0000000000000000000000000000000000000000000000000000000000000000600292EBCDAC4F8EB9DC3CA19668D2CB607CE2167A30233DDDBCAED2D106010E09C4_}
               x{C_}
                x{A0838F_}
                 x{FF00F4A413F4BCF2C80B}
                  x{62_}
                   x{D001D0D3030171B0A301FA400120D74981010BBAF2E08820D70B0A208104FFBAF2D0898309BAF2E088545053036F04F86102F862DB3C5512DB3CF2E082}
                    x{ED44D0D401F863D200018E2FD31FFA400120D74981010BBAF2E08820D70B0A208104FFBAF2D0898309BAF2E08801D2000191D4926D01E255206C13E0F828D70B0A8309BAF2E089810101D700FA400120D74981010BBAF2E08820D70B0A208104FFBAF2D0898309BAF2E0881202D101DB3C}
                     x{6D}
                    x{0192307FE07021D749C21F953020D70B1FDE208210AFE93535BA8F5130D31F018210AFE93535BAF2E081D33FFA400120D74981010BBAF2E08820D70B0A208104FFBAF2D0898309BAF2E08801D455206C1332820898968070FB024434DB3C30037083067055206D6D6DDB3C597FE0208210B8A3AA14BAE302}
                     x{F8425220C705F2E084}
                     x{C87101CA01500701CA007001CA02500520D74981010BBAF2E08820D70B0A208104FFBAF2D0898309BAF2E088CF165003FA027001CA68236EB3917F93246EB3E2973333017001CA00E30D216EB39C7F01CA0001206EF2D08001CC95317001CA00E2C901FB00}
                      x{7F01CA00C87001CA007001CA00246EB39D7F01CA0004206EF2D0805004CC9634037001CA00E2246EB39D7F01CA0004206EF2D0805004CC9634037001CA00E27001CA00027F01CA0002C958CC}
                     x{30D31F018210B8A3AA14BAF2E081D33FFA400120D74981010BBAF2E08820D70B0A208104FFBAF2D0898309BAF2E088126C12317020FB025520DB3C03708100A07055206D6D6DDB3C587F}
                      x{F8425220C705F2E084}
                      x{C87101CA01500701CA007001CA02500520D74981010BBAF2E08820D70B0A208104FFBAF2D0898309BAF2E088CF165003FA027001CA68236EB3917F93246EB3E2973333017001CA00E30D216EB39C7F01CA0001206EF2D08001CC95317001CA00E2C901FB00}
                       x{7F01CA00C87001CA007001CA00246EB39D7F01CA0004206EF2D0805004CC9634037001CA00E2246EB39D7F01CA0004206EF2D0805004CC9634037001CA00E27001CA00027F01CA0002C958CC}
                     x{8210E601F8E5BA8ECED31F018210E601F8E5BAF2E081D33F0131820898968070FB02F8416F2410235F037083067F25206EF2D080542580C855208210B687AB175004CB1F12CB3FCB1FCCC9103441301443306D6DDB3C7FE03070}
                      x{C87101CA01500701CA007001CA02500520D74981010BBAF2E08820D70B0A208104FFBAF2D0898309BAF2E088CF165003FA027001CA68236EB3917F93246EB3E2973333017001CA00E30D216EB39C7F01CA0001206EF2D08001CC95317001CA00E2C901FB00}
                       x{7F01CA00C87001CA007001CA00246EB39D7F01CA0004206EF2D0805004CC9634037001CA00E2246EB39D7F01CA0004206EF2D0805004CC9634037001CA00E27001CA00027F01CA0002C958CC}
                    x{C8F84301CC7F01CA0055205023CB1F0120D74981010BBAF2E08820D70B0A208104FFBAF2D0898309BAF2E088CF16216EB3957F01CA00CC947032CA00E2C9ED54}
                   x{2_}
                    x{BE28EED9E6D9E3618C_}
                     x{ED44D0D401F863D200018E2FD31FFA400120D74981010BBAF2E08820D70B0A208104FFBAF2D0898309BAF2E08801D2000191D4926D01E255206C13E0F828D70B0A8309BAF2E089810101D700FA400120D74981010BBAF2E08820D70B0A208104FFBAF2D0898309BAF2E0881202D101DB3C}
                      x{6D}
                     x{21}
                    x{2_}
                     x{4}
                      x{B1D8B6CF36CF1B0C6_}
                       x{ED44D0D401F863D200018E2FD31FFA400120D74981010BBAF2E08820D70B0A208104FFBAF2D0898309BAF2E08801D2000191D4926D01E255206C13E0F828D70B0A8309BAF2E089810101D700FA400120D74981010BBAF2E08820D70B0A208104FFBAF2D0898309BAF2E0881202D101DB3C}
                        x{6D}
                       x{20}
                      x{B36436CF36CF1B0C6_}
                       x{ED44D0D401F863D200018E2FD31FFA400120D74981010BBAF2E08820D70B0A208104FFBAF2D0898309BAF2E08801D2000191D4926D01E255206C13E0F828D70B0A8309BAF2E089810101D700FA400120D74981010BBAF2E08820D70B0A208104FFBAF2D0898309BAF2E0881202D101DB3C}
                        x{6D}
                       x{22}
                     x{B82BEED44D0D20001}
             x{B8A3AA140000000000000000801D3E5E1B0970E52ABD4EA639AED542E118FE33D2F03FE072737A6B74A8FDC2C69_}
            x{DF_}
             x{4801E2E313F112EFAA415B567C3E1C93F7BD5E10D8ACE59D8B4D45F985BFF1827E5F003A7CBC3612E1CA557A9D4C735DAA85C231FC67A5E07FC0E4E6F4D6E951FB858D10BE1E08A40608235A0000000008D24D02CEE3B5944_}
           x{72B0BC52B8A314B7B07DEB033C467343E99C3B01DD5C463687D286E988C57B50C590AEC8965AFABB16EBC3CB9B408EBAE71B618D78788BC80D09843593CAC98DA4}
           x{0C090BCA38AE58667B9213_}
            x{44262C3D09000000000000000000FA00000000000000000000000000000000000000000000000000000000000000000000000000000000000000000000000000000000000000000000000000000000}
            x{DCC186A0260411A6000000000002000100000001F01808E7C65384854FD0A4F77793F95695733B675EB306C4FAC3CFF546A3D22720280B06_},
          hash: [Function: hash],
          blockchainLogs: '[ 4][t 0][2024-10-30 23:27:07.368000][transaction.cpp:443]\tunpacking account F17189F88977D520ADAB3E1F0E49FBDEAF086C5672CEC5A6A2FCC2DFF8C13F2F\n' +
            '[ 4][t 0][2024-10-30 23:27:07.369000][transaction.cpp:274]\tlast_paid=1735514826; cells=28 bits=7123 public_cells=0\n' +
            '[ 4][t 0][2024-10-30 23:27:07.369000][transaction.cpp:504]\tend of Account.unpack() for 0:F17189F88977D520ADAB3E1F0E49FBDEAF086C5672CEC5A6A2FCC2DFF8C13F2F (balance = 10000000ng ; last_trans_lt = 70000000..70000002)\n' +
            '[ 4][t 0][2024-10-30 23:27:07.369000][transaction.cpp:3655]\tblock random seed set to 0000000000000000000000000000000000000000000000000000000000000000\n' +
            '[ 4][t 0][2024-10-30 23:27:07.369000][transaction.cpp:1236]\tgas limits: max=1000000, limit=1000000, credit=0\n' +
            '[ 4][t 0][2024-10-30 23:27:07.369000][transaction.cpp:1571]\tHASH(in_msg_state) = F17189F88977D520ADAB3E1F0E49FBDEAF086C5672CEC5A6A2FCC2DFF8C13F2F, account_state_hash = 0000000000000000000000000000000000000000000000000000000000000000\n' +
            '[ 4][t 0][2024-10-30 23:27:07.369000][transaction.cpp:1645]\tcreating VM\n' +
            '[ 4][t 0][2024-10-30 23:27:07.369000][transaction.cpp:1351]\tSmartContractInfo initialized with [ 124711402 0 0 1735514826 74000000 74000000 17981623585532928207879605009277018489859917292221253434033503130611020465268 [ 801208633 (null) ] CS{Cell{026dc00f17189f88977d520adab3e1f0e49fbdeaf086c5672cec5a6a2fcc2dff8c13f2f23886f4c33b8ed6500000000010b07608e625a01340} bits: 1..268; refs: 0..0} C{A7EC01478F770EF8F8B037CC7E42F0ABF0D85A50E1828C2394DAD1411691F2DE} C{F2179DCD5CFD8A1E113288591FFB7A5E10E107D0D2C36DF69E40398023DAA7B1} [ 791208633 (null) ] 0 (null) [ CS{Cell{004dd06600000000000000000000000080000000000000fa00000000000001f4000000000003d09040} bits: 9..305; refs: 0..0} (null) CS{Cell{0094d1000000000000006400000000000f4240de000000002710000000000000000f42400000000002160ec0000000000000271000000000002625a00000000005f5e100000000003b9aca00} bits: 0..592; refs: 0..0} CS{Cell{0094d100000000000000640000000000009c40de000000000190000000000000000f424000000000000f4240000000000000271000000000009896800000000005f5e100000000003b9aca00} bits: 0..592; refs: 0..0} CS{Cell{0042ea000000000098968000000000271000000000000f424000000001800055555555} bits: 0..264; refs: 0..0} CS{Cell{0042ea0000000000061a800000000001900000000000009c4000000001800055555555} bits: 0..264; refs: 0..0} (null) ] 0 (null) ]\n' +
            '[ 4][t 0][2024-10-30 23:27:07.369000][transaction.cpp:1675]\tstarting VM\n' +
            '[ 4][t 0][2024-10-30 23:27:07.369000][transaction.cpp:1680]\tVM terminated with exit code 0\n' +
            '[ 3][t 0][2024-10-30 23:27:07.369000][transaction.cpp:1702]\tsteps: 250 gas: used=8497, max=1000000, limit=1000000, credit=0\n' +
            '[ 3][t 0][2024-10-30 23:27:07.369000][transaction.cpp:1704]\tout_of_gas=false, accepted=true, success=true, time=0.000244s\n' +
            '[ 4][t 0][2024-10-30 23:27:07.369000][transaction.cpp:1737]\tgas fees: 3398800 = 26214400 * 8497 /2^16 ; price=26214400; flat rate=[40000 for 100]; remaining balance=797809833ng\n' +
            '[ 3][t 0][2024-10-30 23:27:07.369000][transaction.cpp:2678]\tin try_action_reserve_currency(0)\n' +
            '[ 4][t 0][2024-10-30 23:27:07.369000][transaction.cpp:2684]\taction_reserve_currency: mode=0, reserve=0ng, balance=797809833ng, original balance=10000000ng\n' +
            '[ 3][t 0][2024-10-30 23:27:07.369000][transaction.cpp:2729]\tchanged remaining balance to 797809833ng, reserved balance to 0ng\n' +
            '[ 4][t 0][2024-10-30 23:27:07.369000][transaction.cpp:2448]\tstorage paid for a message: 0 cells, 0 bits\n' +
            '[ 4][t 0][2024-10-30 23:27:07.369000][transaction.cpp:2452]\tcomputed fwd fees = 400000 + 0\n',
          vmLogs: 'ecute STSLICER\n' +
            'execute OVER\n' +
            'execute ISNULL\n' +
            'execute NOT\n' +
            'execute PUSHCONT x7F01CA00CC\n' +
            'execute PUSHCONT x7032CA00\n' +
            'execute IFELSE\n' +
            'execute PUSHINT -1\n' +
            'execute SWAP\n' +
            'execute STI 1\n' +
            'execute STREF\n' +
            'execute implicit RET\n' +
            'execute ENDC\n' +
            'execute POP c4\n' +
            'execute implicit RET\n',
          debugLogs: '',
          events: [Array],
          parent: [Object],
          children: [Array],
          externals: []
        },
        children: [],
        externals: []
      },
      {
        address: 58472766802306075836644181314469769209867032629105944563722669090714916911778n,
        lt: 78000000n,
        prevTransactionHash: 54075031349687546456453263778880557810078005837164732033575173640312051026888n,
        prevTransactionLt: 59000000n,
        now: 1735514826,
        outMessagesCount: 0,
        oldStatus: 'active',
        endStatus: 'active',
        inMessage: { info: [Object], init: null, body: x{} },
        outMessages: Dictionary { _key: [Object], _value: [Object], _map: Map(0) {} },
        totalFees: { coins: 274724n },
        stateUpdate: {
          oldHash: <Buffer 0b 9f 3a 0c 31 5e 17 50 ef 33 7e b7 3e e5 cc 2b c2 20 42 70 b1 8b 3d 3e 6b 35 89 70 fd c7 05 f7>,
          newHash: <Buffer 9e 3d 5d ff 69 4d b3 0d dd 99 f3 cd 28 1a 93 e8 6c 83 ed d5 08 32 f8 89 25 e1 03 1c 37 7f a8 73>
        },
        description: {
          type: 'generic',
          creditFirst: false,
          storagePhase: [Object],
          creditPhase: [Object],
          computePhase: [Object],
          actionPhase: [Object],
          bouncePhase: undefined,
          aborted: false,
          destroyed: false
        },
        raw: x{7814669C6B54FD8B2DD8E93AAA6E5DE45BD032703F7A61C194AB414089B0A7AA20000000004A62F80778D6214CF0B038EFD18EC4D9F47159B6E37E9592A0103C13206A96A86B94BC800000000038444C06771DACA000146086248}
         x{A_}
          x{6800A4BAF36B13E3AE770F28659A34B2D81F38859E8C08CF776F2BB4B441804382710020519A71AD53F62CB763A4EAA9B977916F40C9C0FDE9870652AD050226C29EA890FA19E1000608235A0000000008F0D182CEE3B5944_}
         x{720B9F3A0C315E1750EF337EB73EE5CC2BC2204270B18B3D3E6B358970FDC705F79E3D5DFF694DB30DDD99F3CD281A93E86C83EDD50832F88925E1031C377FA873}
         x{04C09395090FA19E1018603C5A11_}
          x{4026AC3D090000000000000000000500000000000000000000000000000000000000000000000000000000000000000000000000000000000000000000000000000000000000000000000000000000}
          x{C00000000000000000000000012D452DA449E50B8CF7DD27861F146122AFE1B546BB8B70FC8216F0C614139F8E04_},
        hash: [Function: hash],
        blockchainLogs: '[ 4][t 0][2024-10-30 23:27:07.382000][transaction.cpp:443]\tunpacking account 814669C6B54FD8B2DD8E93AAA6E5DE45BD032703F7A61C194AB414089B0A7AA2\n' +
          '[ 4][t 0][2024-10-30 23:27:07.382000][transaction.cpp:274]\tlast_paid=1732922826; cells=6 bits=821 public_cells=0\n' +
          '[ 4][t 0][2024-10-30 23:27:07.382000][transaction.cpp:504]\tend of Account.unpack() for 0:814669C6B54FD8B2DD8E93AAA6E5DE45BD032703F7A61C194AB414089B0A7AA2 (balance = 999998977226076ng ; last_trans_lt = 59000000..59000001)\n' +
          '[ 4][t 0][2024-10-30 23:27:07.382000][transaction.cpp:3655]\tblock random seed set to 0000000000000000000000000000000000000000000000000000000000000000\n' +
          '[ 4][t 0][2024-10-30 23:27:07.382000][transaction.cpp:1236]\tgas limits: max=1000000, limit=1000000, credit=0\n' +
          '[ 4][t 0][2024-10-30 23:27:07.382000][transaction.cpp:1575]\tin_msg_state is null\n' +
          '[ 4][t 0][2024-10-30 23:27:07.382000][transaction.cpp:1645]\tcreating VM\n' +
          '[ 4][t 0][2024-10-30 23:27:07.382000][transaction.cpp:1351]\tSmartContractInfo initialized with [ 124711402 0 0 1735514826 78000000 78000000 115447700146533501994236152434741364412838807905984067774762833459387322310298 [ 1000000026074952 (null) ] CS{Cell{0275c00814669c6b54fd8b2dd8e93aaa6e5de45bd032703f7a61c194ab414089b0a7aa220c80cd433a526e50000000000e111305c0e35f99f40d571340} bits: 1..268; refs: 0..0} C{A7EC01478F770EF8F8B037CC7E42F0ABF0D85A50E1828C2394DAD1411691F2DE} C{D992502B94EA96E7B34E5D62FFB0C6FC73D78B3E61F11F0848FB3A1EB1AFC912} [ 1049000000 (null) ] 151124 (null) [ CS{Cell{004dd06600000000000000000000000080000000000000fa00000000000001f4000000000003d09040} bits: 9..305; refs: 0..0} (null) CS{Cell{0094d1000000000000006400000000000f4240de000000002710000000000000000f42400000000002160ec0000000000000271000000000002625a00000000005f5e100000000003b9aca00} bits: 0..592; refs: 0..0} CS{Cell{0094d100000000000000640000000000009c40de000000000190000000000000000f424000000000000f4240000000000000271000000000009896800000000005f5e100000000003b9aca00} bits: 0..592; refs: 0..0} CS{Cell{0042ea000000000098968000000000271000000000000f424000000001800055555555} bits: 0..264; refs: 0..0} CS{Cell{0042ea0000000000061a800000000001900000000000009c4000000001800055555555} bits: 0..264; refs: 0..0} (null) ] 0 (null) ]\n' +
          '[ 4][t 0][2024-10-30 23:27:07.382000][transaction.cpp:1675]\tstarting VM\n' +
          '[ 4][t 0][2024-10-30 23:27:07.382000][transaction.cpp:1680]\tVM terminated with exit code 0\n' +
          '[ 3][t 0][2024-10-30 23:27:07.382000][transaction.cpp:1702]\tsteps: 5 gas: used=309, max=1000000, limit=1000000, credit=0\n' +
          '[ 3][t 0][2024-10-30 23:27:07.382000][transaction.cpp:1704]\tout_of_gas=false, accepted=true, success=true, time=0.000018s\n' +
          '[ 4][t 0][2024-10-30 23:27:07.382000][transaction.cpp:1737]\tgas fees: 123600 = 26214400 * 309 /2^16 ; price=26214400; flat rate=[40000 for 100]; remaining balance=1000000025951352ng\n',
        vmLogs: 'execute SETCP 0\n' +
          'execute DICTPUSHCONST 19 (xC_,1)\n' +
          'execute DICTIGETJMPZ\n' +
          'execute DROP\n' +
          'execute implicit RET\n',
        debugLogs: '',
        events: [],
        parent: {
          address: 37254810366437813475271750514734067285117962570475561289538093995582013161784n,
          lt: 75000000n,
          prevTransactionHash: 113107166185541077609889053267645511839911999691110153865215636338108351815417n,
          prevTransactionLt: 71000000n,
          now: 1735514826,
          outMessagesCount: 2,
          oldStatus: 'active',
          endStatus: 'active',
          inMessage: [Object],
          outMessages: [Dictionary],
          totalFees: [Object],
          stateUpdate: [Object],
          description: [Object],
          raw: x{7525D79B589F1D73B879432CD1A596C0F9C42CF460467BBB795DA5A20C021C13800000000047868C0FA10632D05B79C10CF4455A4E2B822B30EE582E9F2AAEFA1AAD21F8BD1F69EF900000000043B5FC06771DACA000547598D6C}
           x{E_}
            x{68016EA5FE3E760046751AC0AD03921433258FF4D8717847A8E83C0B53F3E26D33630014975E6D627C75CEE1E50CB346965B03E710B3D18119EEEDE57696883008704E101119EF88060DFF5E0000000008954402CEE3B594C_}
             x{2A004A0500000000000000000000000000000000000000000000000000000000000000000000000000000001C00814669C6B54FD8B2DD8E93AAA6E5DE45BD032703F7A61C194AB414089B0A7AA2}
            x{DD_}
             x{2_}
              x{6800A4BAF36B13E3AE770F28659A34B2D81F38859E8C08CF776F2BB4B441804382710020519A71AD53F62CB763A4EAA9B977916F40C9C0FDE9870652AD050226C29EA890FA19E1000608235A0000000008F0D182CEE3B5944_}
             x{2_}
              x{6800A4BAF36B13E3AE770F28659A34B2D81F38859E8C08CF776F2BB4B44180438271003A7CBC3612E1CA557A9D4C735DAA85C231FC67A5E07FC0E4E6F4D6E951FB858D100E4647480608235A0000000008F0D184CEE3B5944_}
           x{72ABC8DDAD76CAF7C7711473547420D877312FEE760499DBD49B78EC28DA43146B0764EA29802118DAFF46A98A94A49457865DCCEC7702458638EA4579C300ACF5}
           x{040901119EF8987516A211_}
            x{4D7F2C0AF1E00000000000000002E500000000000000000000000000000000000000000000000000000000000000000000000000000000000000000000000000000000000000000000000000000000}
            x{C9861A804C104698000000000006000200000004D2D42554B5DA8F7CE1622939CE06BFC7531E2D6B776FF7316955DBFB136658F440902C14_},
          hash: [Function: hash],
          blockchainLogs: '[ 4][t 0][2024-10-30 23:27:07.372000][transaction.cpp:443]\tunpacking account 525D79B589F1D73B879432CD1A596C0F9C42CF460467BBB795DA5A20C021C138\n' +
            '[ 4][t 0][2024-10-30 23:27:07.373000][transaction.cpp:274]\tlast_paid=1735514826; cells=234 bits=84033 public_cells=0\n' +
            '[ 4][t 0][2024-10-30 23:27:07.373000][transaction.cpp:504]\tend of Account.unpack() for 0:525D79B589F1D73B879432CD1A596C0F9C42CF460467BBB795DA5A20C021C138 (balance = 2101000000ng ; last_trans_lt = 71000000..71000005)\n' +
            '[ 4][t 0][2024-10-30 23:27:07.373000][transaction.cpp:3655]\tblock random seed set to 0000000000000000000000000000000000000000000000000000000000000000\n' +
            '[ 4][t 0][2024-10-30 23:27:07.373000][transaction.cpp:1236]\tgas limits: max=1000000, limit=179320, credit=0\n' +
            '[ 4][t 0][2024-10-30 23:27:07.373000][transaction.cpp:1575]\tin_msg_state is null\n' +
            '[ 4][t 0][2024-10-30 23:27:07.373000][transaction.cpp:1645]\tcreating VM\n' +
            '[ 4][t 0][2024-10-30 23:27:07.373000][transaction.cpp:1351]\tSmartContractInfo initialized with [ 124711402 0 0 1735514826 75000000 75000000 14068792954309835536948273256715513127174070948738620016199408580766834334284 [ 2172728098 (null) ] CS{Cell{0271c00525d79b589f1d73b879432cd1a596c0f9c42cf460467bbb795da5a20c021c1383d4c05210433b8ed6500000000010ed7f151f4eadd01340} bits: 1..268; refs: 0..0} C{A7EC01478F770EF8F8B037CC7E42F0ABF0D85A50E1828C2394DAD1411691F2DE} C{42B6F0E46484EFC57B9508F6BA7EF42E7512023D5CB4ED5628DD1C7755D16E9D} [ 71728098 (null) ] 0 (null) [ CS{Cell{004dd06600000000000000000000000080000000000000fa00000000000001f4000000000003d09040} bits: 9..305; refs: 0..0} (null) CS{Cell{0094d1000000000000006400000000000f4240de000000002710000000000000000f42400000000002160ec0000000000000271000000000002625a00000000005f5e100000000003b9aca00} bits: 0..592; refs: 0..0} CS{Cell{0094d100000000000000640000000000009c40de000000000190000000000000000f424000000000000f4240000000000000271000000000009896800000000005f5e100000000003b9aca00} bits: 0..592; refs: 0..0} CS{Cell{0042ea000000000098968000000000271000000000000f424000000001800055555555} bits: 0..264; refs: 0..0} CS{Cell{0042ea0000000000061a800000000001900000000000009c4000000001800055555555} bits: 0..264; refs: 0..0} (null) ] 0 (null) ]\n' +
            '[ 4][t 0][2024-10-30 23:27:07.373000][transaction.cpp:1675]\tstarting VM\n' +
            '[ 4][t 0][2024-10-30 23:27:07.374000][transaction.cpp:1680]\tVM terminated with exit code 0\n' +
            '[ 3][t 0][2024-10-30 23:27:07.374000][transaction.cpp:1702]\tsteps: 741 gas: used=27641, max=1000000, limit=179320, credit=0\n' +
            '[ 3][t 0][2024-10-30 23:27:07.374000][transaction.cpp:1704]\tout_of_gas=false, accepted=true, success=true, time=0.000765s\n' +
            '[ 4][t 0][2024-10-30 23:27:07.374000][transaction.cpp:1737]\tgas fees: 11056400 = 26214400 * 27641 /2^16 ; price=26214400; flat rate=[40000 for 100]; remaining balance=2161671698ng\n' +
            '[ 3][t 0][2024-10-30 23:27:07.374000][transaction.cpp:2678]\tin try_action_reserve_currency(0)\n' +
            '[ 4][t 0][2024-10-30 23:27:07.374000][transaction.cpp:2684]\taction_reserve_currency: mode=0, reserve=1052000000ng, balance=2161671698ng, original balance=2101000000ng\n' +
            '[ 3][t 0][2024-10-30 23:27:07.374000][transaction.cpp:2729]\tchanged remaining balance to 1109671698ng, reserved balance to 1052000000ng\n' +
            '[ 4][t 0][2024-10-30 23:27:07.374000][transaction.cpp:2448]\tstorage paid for a message: 0 cells, 0 bits\n' +
            '[ 4][t 0][2024-10-30 23:27:07.374000][transaction.cpp:2452]\tcomputed fwd fees = 400000 + 0\n' +
            '[ 4][t 0][2024-10-30 23:27:07.374000][transaction.cpp:2448]\tstorage paid for a message: 0 cells, 0 bits\n' +
            '[ 4][t 0][2024-10-30 23:27:07.374000][transaction.cpp:2452]\tcomputed fwd fees = 400000 + 0\n',
          vmLogs: 'xecute EQUAL\n' +
            'execute THROWIF 137\n' +
            'execute PUSHPOW2 10\n' +
            'execute EQUAL\n' +
            'execute THROWIFNOT 136\n' +
            'execute STSLICER\n' +
            'execute ENDC\n' +
            'execute ROT\n' +
            'execute STREF\n' +
            'execute ENDC\n' +
            'execute SWAP\n' +
            'execute STREF\n' +
            'execute implicit RET\n' +
            'execute ENDC\n' +
            'execute POP c4\n' +
            'execute implicit RET\n',
          debugLogs: '',
          events: [Array],
          parent: [Object],
          children: [Array],
          externals: []
        },
        children: [],
        externals: []
      },
      {
        address: 105818132960003171416304597453717637701794574747475969910003481004036112389684n,
        lt: 79000000n,
        prevTransactionHash: 95038485504892827954220293130288563766646687579613430995297846217062916414581n,
        prevTransactionLt: 77000000n,
        now: 1735514826,
        outMessagesCount: 0,
        oldStatus: 'active',
        endStatus: 'active',
        inMessage: { info: [Object], init: null, body: x{} },
        outMessages: Dictionary { _key: [Object], _value: [Object], _map: Map(0) {} },
        totalFees: { coins: 123600n },
        stateUpdate: {
          oldHash: <Buffer 3b db 80 9b ec af 61 24 83 c3 50 3e a5 f3 82 18 ce 56 21 32 94 7f e8 29 62 de 23 ba 13 2a a8 34>,
          newHash: <Buffer 72 3a ec 55 b8 0d 6b 9e ea db ae 4b b8 07 5f d1 23 0e 82 74 9f ca e6 51 c7 63 f5 ae 66 cc ea 45>
        },
        description: {
          type: 'generic',
          creditFirst: false,
          storagePhase: [Object],
          creditPhase: [Object],
          computePhase: [Object],
          actionPhase: [Object],
          bouncePhase: undefined,
          aborted: false,
          destroyed: false
        },
        raw: x{7E9F2F0D84B872955EA7531CD76AA1708C7F19E9781FF03939BD35BA547EE16340000000004B571C0D21DE065DE1ED906A0D3DA798B4DD7068FBE2F7DF602334AD7040F6D9EE5DC75000000000496ED406771DACA00014603C5A0}
         x{A_}
          x{6800A4BAF36B13E3AE770F28659A34B2D81F38859E8C08CF776F2BB4B44180438271003A7CBC3612E1CA557A9D4C735DAA85C231FC67A5E07FC0E4E6F4D6E951FB858D100E4647480608235A0000000008F0D184CEE3B5944_}
         x{723BDB809BECAF612483C3503EA5F38218CE562132947FE82962DE23BA132AA834723AEC55B80D6B9EEADBAE4BB8075FD1230E82749FCAE651C763F5AE66CCEA45}
         x{040900E4647498603C5A11_}
          x{4026AC0922BC00000000000000000500000000000000000000000000000000000000000000000000000000000000000000000000000000000000000000000000000000000000000000000000000000}
          x{C00000000000000000000000012D452DA449E50B8CF7DD27861F146122AFE1B546BB8B70FC8216F0C614139F8E04_},
        hash: [Function: hash],
        blockchainLogs: '[ 4][t 0][2024-10-30 23:27:07.386000][transaction.cpp:443]\tunpacking account E9F2F0D84B872955EA7531CD76AA1708C7F19E9781FF03939BD35BA547EE1634\n' +
          '[ 4][t 0][2024-10-30 23:27:07.386000][transaction.cpp:274]\tlast_paid=1735514826; cells=6 bits=821 public_cells=0\n' +
          '[ 4][t 0][2024-10-30 23:27:07.386000][transaction.cpp:504]\tend of Account.unpack() for 0:E9F2F0D84B872955EA7531CD76AA1708C7F19E9781FF03939BD35BA547EE1634 (balance = 999999709529512ng ; last_trans_lt = 77000000..77000001)\n' +
          '[ 4][t 0][2024-10-30 23:27:07.386000][transaction.cpp:3655]\tblock random seed set to 0000000000000000000000000000000000000000000000000000000000000000\n' +
          '[ 4][t 0][2024-10-30 23:27:07.386000][transaction.cpp:1236]\tgas limits: max=1000000, limit=149679, credit=0\n' +
          '[ 4][t 0][2024-10-30 23:27:07.386000][transaction.cpp:1575]\tin_msg_state is null\n' +
          '[ 4][t 0][2024-10-30 23:27:07.386000][transaction.cpp:1645]\tcreating VM\n' +
          '[ 4][t 0][2024-10-30 23:27:07.386000][transaction.cpp:1351]\tSmartContractInfo initialized with [ 124711402 0 0 1735514826 79000000 79000000 60210483465141978598827679003117970236339845468170532052053411751718225576024 [ 999999769401210 (null) ] CS{Cell{0275c00e9f2f0d84b872955ea7531cd76aa1708c7f19e9781ff03939bd35ba547ee163420c80cd433b8ed65000000000125bb505c0e35fa4dd916a1340} bits: 1..268; refs: 0..0} C{A7EC01478F770EF8F8B037CC7E42F0ABF0D85A50E1828C2394DAD1411691F2DE} C{D992502B94EA96E7B34E5D62FFB0C6FC73D78B3E61F11F0848FB3A1EB1AFC912} [ 59871698 (null) ] 0 (null) [ CS{Cell{004dd06600000000000000000000000080000000000000fa00000000000001f4000000000003d09040} bits: 9..305; refs: 0..0} (null) CS{Cell{0094d1000000000000006400000000000f4240de000000002710000000000000000f42400000000002160ec0000000000000271000000000002625a00000000005f5e100000000003b9aca00} bits: 0..592; refs: 0..0} CS{Cell{0094d100000000000000640000000000009c40de000000000190000000000000000f424000000000000f4240000000000000271000000000009896800000000005f5e100000000003b9aca00} bits: 0..592; refs: 0..0} CS{Cell{0042ea000000000098968000000000271000000000000f424000000001800055555555} bits: 0..264; refs: 0..0} CS{Cell{0042ea0000000000061a800000000001900000000000009c4000000001800055555555} bits: 0..264; refs: 0..0} (null) ] 0 (null) ]\n' +
          '[ 4][t 0][2024-10-30 23:27:07.386000][transaction.cpp:1675]\tstarting VM\n' +
          '[ 4][t 0][2024-10-30 23:27:07.386000][transaction.cpp:1680]\tVM terminated with exit code 0\n' +
          '[ 3][t 0][2024-10-30 23:27:07.386000][transaction.cpp:1702]\tsteps: 5 gas: used=309, max=1000000, limit=149679, credit=0\n' +
          '[ 3][t 0][2024-10-30 23:27:07.386000][transaction.cpp:1704]\tout_of_gas=false, accepted=true, success=true, time=0.000025s\n' +
          '[ 4][t 0][2024-10-30 23:27:07.387000][transaction.cpp:1737]\tgas fees: 123600 = 26214400 * 309 /2^16 ; price=26214400; flat rate=[40000 for 100]; remaining balance=999999769277610ng\n',
        vmLogs: 'execute SETCP 0\n' +
          'execute DICTPUSHCONST 19 (xC_,1)\n' +
          'execute DICTIGETJMPZ\n' +
          'execute DROP\n' +
          'execute implicit RET\n',
        debugLogs: '',
        events: [],
        parent: {
          address: 37254810366437813475271750514734067285117962570475561289538093995582013161784n,
          lt: 75000000n,
          prevTransactionHash: 113107166185541077609889053267645511839911999691110153865215636338108351815417n,
          prevTransactionLt: 71000000n,
          now: 1735514826,
          outMessagesCount: 2,
          oldStatus: 'active',
          endStatus: 'active',
          inMessage: [Object],
          outMessages: [Dictionary],
          totalFees: [Object],
          stateUpdate: [Object],
          description: [Object],
          raw: x{7525D79B589F1D73B879432CD1A596C0F9C42CF460467BBB795DA5A20C021C13800000000047868C0FA10632D05B79C10CF4455A4E2B822B30EE582E9F2AAEFA1AAD21F8BD1F69EF900000000043B5FC06771DACA000547598D6C}
           x{E_}
            x{68016EA5FE3E760046751AC0AD03921433258FF4D8717847A8E83C0B53F3E26D33630014975E6D627C75CEE1E50CB346965B03E710B3D18119EEEDE57696883008704E101119EF88060DFF5E0000000008954402CEE3B594C_}
             x{2A004A0500000000000000000000000000000000000000000000000000000000000000000000000000000001C00814669C6B54FD8B2DD8E93AAA6E5DE45BD032703F7A61C194AB414089B0A7AA2}
            x{DD_}
             x{2_}
              x{6800A4BAF36B13E3AE770F28659A34B2D81F38859E8C08CF776F2BB4B441804382710020519A71AD53F62CB763A4EAA9B977916F40C9C0FDE9870652AD050226C29EA890FA19E1000608235A0000000008F0D182CEE3B5944_}
             x{2_}
              x{6800A4BAF36B13E3AE770F28659A34B2D81F38859E8C08CF776F2BB4B44180438271003A7CBC3612E1CA557A9D4C735DAA85C231FC67A5E07FC0E4E6F4D6E951FB858D100E4647480608235A0000000008F0D184CEE3B5944_}
           x{72ABC8DDAD76CAF7C7711473547420D877312FEE760499DBD49B78EC28DA43146B0764EA29802118DAFF46A98A94A49457865DCCEC7702458638EA4579C300ACF5}
           x{040901119EF8987516A211_}
            x{4D7F2C0AF1E00000000000000002E500000000000000000000000000000000000000000000000000000000000000000000000000000000000000000000000000000000000000000000000000000000}
            x{C9861A804C104698000000000006000200000004D2D42554B5DA8F7CE1622939CE06BFC7531E2D6B776FF7316955DBFB136658F440902C14_},
          hash: [Function: hash],
          blockchainLogs: '[ 4][t 0][2024-10-30 23:27:07.372000][transaction.cpp:443]\tunpacking account 525D79B589F1D73B879432CD1A596C0F9C42CF460467BBB795DA5A20C021C138\n' +
            '[ 4][t 0][2024-10-30 23:27:07.373000][transaction.cpp:274]\tlast_paid=1735514826; cells=234 bits=84033 public_cells=0\n' +
            '[ 4][t 0][2024-10-30 23:27:07.373000][transaction.cpp:504]\tend of Account.unpack() for 0:525D79B589F1D73B879432CD1A596C0F9C42CF460467BBB795DA5A20C021C138 (balance = 2101000000ng ; last_trans_lt = 71000000..71000005)\n' +
            '[ 4][t 0][2024-10-30 23:27:07.373000][transaction.cpp:3655]\tblock random seed set to 0000000000000000000000000000000000000000000000000000000000000000\n' +
            '[ 4][t 0][2024-10-30 23:27:07.373000][transaction.cpp:1236]\tgas limits: max=1000000, limit=179320, credit=0\n' +
            '[ 4][t 0][2024-10-30 23:27:07.373000][transaction.cpp:1575]\tin_msg_state is null\n' +
            '[ 4][t 0][2024-10-30 23:27:07.373000][transaction.cpp:1645]\tcreating VM\n' +
            '[ 4][t 0][2024-10-30 23:27:07.373000][transaction.cpp:1351]\tSmartContractInfo initialized with [ 124711402 0 0 1735514826 75000000 75000000 14068792954309835536948273256715513127174070948738620016199408580766834334284 [ 2172728098 (null) ] CS{Cell{0271c00525d79b589f1d73b879432cd1a596c0f9c42cf460467bbb795da5a20c021c1383d4c05210433b8ed6500000000010ed7f151f4eadd01340} bits: 1..268; refs: 0..0} C{A7EC01478F770EF8F8B037CC7E42F0ABF0D85A50E1828C2394DAD1411691F2DE} C{42B6F0E46484EFC57B9508F6BA7EF42E7512023D5CB4ED5628DD1C7755D16E9D} [ 71728098 (null) ] 0 (null) [ CS{Cell{004dd06600000000000000000000000080000000000000fa00000000000001f4000000000003d09040} bits: 9..305; refs: 0..0} (null) CS{Cell{0094d1000000000000006400000000000f4240de000000002710000000000000000f42400000000002160ec0000000000000271000000000002625a00000000005f5e100000000003b9aca00} bits: 0..592; refs: 0..0} CS{Cell{0094d100000000000000640000000000009c40de000000000190000000000000000f424000000000000f4240000000000000271000000000009896800000000005f5e100000000003b9aca00} bits: 0..592; refs: 0..0} CS{Cell{0042ea000000000098968000000000271000000000000f424000000001800055555555} bits: 0..264; refs: 0..0} CS{Cell{0042ea0000000000061a800000000001900000000000009c4000000001800055555555} bits: 0..264; refs: 0..0} (null) ] 0 (null) ]\n' +
            '[ 4][t 0][2024-10-30 23:27:07.373000][transaction.cpp:1675]\tstarting VM\n' +
            '[ 4][t 0][2024-10-30 23:27:07.374000][transaction.cpp:1680]\tVM terminated with exit code 0\n' +
            '[ 3][t 0][2024-10-30 23:27:07.374000][transaction.cpp:1702]\tsteps: 741 gas: used=27641, max=1000000, limit=179320, credit=0\n' +
            '[ 3][t 0][2024-10-30 23:27:07.374000][transaction.cpp:1704]\tout_of_gas=false, accepted=true, success=true, time=0.000765s\n' +
            '[ 4][t 0][2024-10-30 23:27:07.374000][transaction.cpp:1737]\tgas fees: 11056400 = 26214400 * 27641 /2^16 ; price=26214400; flat rate=[40000 for 100]; remaining balance=2161671698ng\n' +
            '[ 3][t 0][2024-10-30 23:27:07.374000][transaction.cpp:2678]\tin try_action_reserve_currency(0)\n' +
            '[ 4][t 0][2024-10-30 23:27:07.374000][transaction.cpp:2684]\taction_reserve_currency: mode=0, reserve=1052000000ng, balance=2161671698ng, original balance=2101000000ng\n' +
            '[ 3][t 0][2024-10-30 23:27:07.374000][transaction.cpp:2729]\tchanged remaining balance to 1109671698ng, reserved balance to 1052000000ng\n' +
            '[ 4][t 0][2024-10-30 23:27:07.374000][transaction.cpp:2448]\tstorage paid for a message: 0 cells, 0 bits\n' +
            '[ 4][t 0][2024-10-30 23:27:07.374000][transaction.cpp:2452]\tcomputed fwd fees = 400000 + 0\n' +
            '[ 4][t 0][2024-10-30 23:27:07.374000][transaction.cpp:2448]\tstorage paid for a message: 0 cells, 0 bits\n' +
            '[ 4][t 0][2024-10-30 23:27:07.374000][transaction.cpp:2452]\tcomputed fwd fees = 400000 + 0\n',
          vmLogs: 'xecute EQUAL\n' +
            'execute THROWIF 137\n' +
            'execute PUSHPOW2 10\n' +
            'execute EQUAL\n' +
            'execute THROWIFNOT 136\n' +
            'execute STSLICER\n' +
            'execute ENDC\n' +
            'execute ROT\n' +
            'execute STREF\n' +
            'execute ENDC\n' +
            'execute SWAP\n' +
            'execute STREF\n' +
            'execute implicit RET\n' +
            'execute ENDC\n' +
            'execute POP c4\n' +
            'execute implicit RET\n',
          debugLogs: '',
          events: [Array],
          parent: [Object],
          children: [Array],
          externals: []
        },
        children: [],
        externals: []
      },
      {
        address: 82932696146371031528842022915703368160952877310224391173905811460306378520268n,
        lt: 80000000n,
        prevTransactionHash: 61918565210398956129350031550675465740151265128150047136943174447288004957404n,
        prevTransactionLt: 65000000n,
        now: 1735514826,
        outMessagesCount: 0,
        oldStatus: 'active',
        endStatus: 'active',
        inMessage: { info: [Object], init: null, body: x{} },
        outMessages: Dictionary { _key: [Object], _value: [Object], _map: Map(0) {} },
        totalFees: { coins: 274724n },
        stateUpdate: {
          oldHash: <Buffer 47 90 0d 28 72 93 94 9a 9d 28 3d 51 f2 6f 1c a2 f0 69 c9 30 de 60 fa de ab f7 35 d2 94 9e 4d 02>,
          newHash: <Buffer fd a5 fe a2 14 6f a5 20 00 da 78 a9 e1 3b fb dd 0b 9d ac ba 79 46 7a e1 91 83 06 fd ba 49 e7 ec>
        },
        description: {
          type: 'generic',
          creditFirst: false,
          storagePhase: [Object],
          creditPhase: [Object],
          computePhase: [Object],
          actionPhase: [Object],
          bouncePhase: undefined,
          aborted: false,
          destroyed: false
        },
        raw: x{7B75A3E1A6460F415CE3721F308920C4B456F3B977F39EB26CED9155308A976CC0000000004C4B40088E4AA7D3396D0387FBE39A65D4D32C21F081911C9EE273AF5EBEA00B6ECD4DC0000000003DFD2406771DACA000146086248}
         x{A_}
          x{6800A4BAF36B13E3AE770F28659A34B2D81F38859E8C08CF776F2BB4B44180438271002DD68F8699183D05738DC87CC2248312D15BCEE5DFCE7AC9B3B64554C22A5DB310E27F66000608235A00000000090F5602CEE3B5944_}
         x{7247900D287293949A9D283D51F26F1CA2F069C930DE60FADEABF735D2949E4D02FDA5FEA2146FA52000DA78A9E13BFBDD0B9DACBA79467AE1918306FDBA49E7EC}
         x{04C09395090E27F66018603C5A11_}
          x{4026AC3D090000000000000000000500000000000000000000000000000000000000000000000000000000000000000000000000000000000000000000000000000000000000000000000000000000}
          x{C00000000000000000000000012D452DA449E50B8CF7DD27861F146122AFE1B546BB8B70FC8216F0C614139F8E04_},
        hash: [Function: hash],
        blockchainLogs: '[ 4][t 0][2024-10-30 23:27:07.388000][transaction.cpp:443]\tunpacking account B75A3E1A6460F415CE3721F308920C4B456F3B977F39EB26CED9155308A976CC\n' +
          '[ 4][t 0][2024-10-30 23:27:07.388000][transaction.cpp:274]\tlast_paid=1732922826; cells=6 bits=821 public_cells=0\n' +
          '[ 4][t 0][2024-10-30 23:27:07.388000][transaction.cpp:504]\tend of Account.unpack() for 0:B75A3E1A6460F415CE3721F308920C4B456F3B977F39EB26CED9155308A976CC (balance = 999998710952476ng ; last_trans_lt = 65000000..65000001)\n' +
          '[ 4][t 0][2024-10-30 23:27:07.388000][transaction.cpp:3655]\tblock random seed set to 0000000000000000000000000000000000000000000000000000000000000000\n' +
          '[ 4][t 0][2024-10-30 23:27:07.388000][transaction.cpp:1236]\tgas limits: max=1000000, limit=1000000, credit=0\n' +
          '[ 4][t 0][2024-10-30 23:27:07.388000][transaction.cpp:1575]\tin_msg_state is null\n' +
          '[ 4][t 0][2024-10-30 23:27:07.388000][transaction.cpp:1645]\tcreating VM\n' +
          '[ 4][t 0][2024-10-30 23:27:07.388000][transaction.cpp:1351]\tSmartContractInfo initialized with [ 124711402 0 0 1735514826 80000000 80000000 21122878255675644108446800642276849919927819785129319861439300423341550034363 [ 999999660801352 (null) ] CS{Cell{0275c00b75a3e1a6460f415ce3721f308920c4b456f3b977f39eb26ced9155308a976cc20c80cd433a526e50000000000f7f4905c0e35f95fc4c871340} bits: 1..268; refs: 0..0} C{A7EC01478F770EF8F8B037CC7E42F0ABF0D85A50E1828C2394DAD1411691F2DE} C{D992502B94EA96E7B34E5D62FFB0C6FC73D78B3E61F11F0848FB3A1EB1AFC912} [ 950000000 (null) ] 151124 (null) [ CS{Cell{004dd06600000000000000000000000080000000000000fa00000000000001f4000000000003d09040} bits: 9..305; refs: 0..0} (null) CS{Cell{0094d1000000000000006400000000000f4240de000000002710000000000000000f42400000000002160ec0000000000000271000000000002625a00000000005f5e100000000003b9aca00} bits: 0..592; refs: 0..0} CS{Cell{0094d100000000000000640000000000009c40de000000000190000000000000000f424000000000000f4240000000000000271000000000009896800000000005f5e100000000003b9aca00} bits: 0..592; refs: 0..0} CS{Cell{0042ea000000000098968000000000271000000000000f424000000001800055555555} bits: 0..264; refs: 0..0} CS{Cell{0042ea0000000000061a800000000001900000000000009c4000000001800055555555} bits: 0..264; refs: 0..0} (null) ] 0 (null) ]\n' +
          '[ 4][t 0][2024-10-30 23:27:07.389000][transaction.cpp:1675]\tstarting VM\n' +
          '[ 4][t 0][2024-10-30 23:27:07.389000][transaction.cpp:1680]\tVM terminated with exit code 0\n' +
          '[ 3][t 0][2024-10-30 23:27:07.389000][transaction.cpp:1702]\tsteps: 5 gas: used=309, max=1000000, limit=1000000, credit=0\n' +
          '[ 3][t 0][2024-10-30 23:27:07.389000][transaction.cpp:1704]\tout_of_gas=false, accepted=true, success=true, time=0.000025s\n' +
          '[ 4][t 0][2024-10-30 23:27:07.389000][transaction.cpp:1737]\tgas fees: 123600 = 26214400 * 309 /2^16 ; price=26214400; flat rate=[40000 for 100]; remaining balance=999999660677752ng\n',
        vmLogs: 'execute SETCP 0\n' +
          'execute DICTPUSHCONST 19 (xC_,1)\n' +
          'execute DICTIGETJMPZ\n' +
          'execute DROP\n' +
          'execute implicit RET\n',
        debugLogs: '',
        events: [],
        parent: {
          address: 37254810366437813475271750514734067285117962570475561289538093995582013161784n,
          lt: 76000000n,
          prevTransactionHash: 75624543320101717014783080536602427103511793987218812152547418639094705242761n,
          prevTransactionLt: 75000000n,
          now: 1735514826,
          outMessagesCount: 2,
          oldStatus: 'active',
          endStatus: 'active',
          inMessage: [Object],
          outMessages: [Dictionary],
          totalFees: [Object],
          stateUpdate: [Object],
          description: [Object],
          raw: x{7525D79B589F1D73B879432CD1A596C0F9C42CF460467BBB795DA5A20C021C138000000000487AB00A731F984422C29738C4106B2860111861D6F7BA620C6482F13E4358BB6AB428900000000047868C06771DACA00054750B3CC}
           x{E_}
            x{68012AA8734A9A335BF5CC9813FAB0A9D1CC010F4F8CB6F21E8B2C337D8A345C9CA50014975E6D627C75CEE1E50CB346965B03E710B3D18119EEEDE57696883008704E101119EF88060DFF5E0000000008B3C882CEE3B594C_}
             x{2A004A0500000000000000010000000000000000000000000000000000000000000000000000000000000001400B75A3E1A6460F415CE3721F308920C4B456F3B977F39EB26CED9155308A976CC}
            x{DD_}
             x{2_}
              x{6800A4BAF36B13E3AE770F28659A34B2D81F38859E8C08CF776F2BB4B44180438271002DD68F8699183D05738DC87CC2248312D15BCEE5DFCE7AC9B3B64554C22A5DB310E27F66000608235A00000000090F5602CEE3B5944_}
             x{2_}
              x{6800A4BAF36B13E3AE770F28659A34B2D81F38859E8C08CF776F2BB4B44180438271003A7CBC3612E1CA557A9D4C735DAA85C231FC67A5E07FC0E4E6F4D6E951FB858D100E57FA880608235A00000000090F5604CEE3B5944_}
           x{720764EA29802118DAFF46A98A94A49457865DCCEC7702458638EA4579C300ACF5352796517021B351369B94128AAEBE2C80FBD2689D1A26B2CC0F3F237F794446}
           x{040901119EF89874890811_}
            x{4D248C0AF1E00000000000000002E500000000000000000000000000000000000000000000000000000000000000000000000000000000000000000000000000000000000000000000000000000000}
            x{C9861A804C10469800000000000600020000000472383706BA4BFEAABF133F3573CAF25C6F6ABC1CEAD99FC1728C3E6C3C00D9A840902C14_},
          hash: [Function: hash],
          blockchainLogs: '[ 4][t 0][2024-10-30 23:27:07.377000][transaction.cpp:443]\tunpacking account 525D79B589F1D73B879432CD1A596C0F9C42CF460467BBB795DA5A20C021C138\n' +
            '[ 4][t 0][2024-10-30 23:27:07.377000][transaction.cpp:274]\tlast_paid=1735514826; cells=231 bits=83982 public_cells=0\n' +
            '[ 4][t 0][2024-10-30 23:27:07.377000][transaction.cpp:504]\tend of Account.unpack() for 0:525D79B589F1D73B879432CD1A596C0F9C42CF460467BBB795DA5A20C021C138 (balance = 1052000000ng ; last_trans_lt = 75000000..75000003)\n' +
            '[ 4][t 0][2024-10-30 23:27:07.377000][transaction.cpp:3655]\tblock random seed set to 0000000000000000000000000000000000000000000000000000000000000000\n' +
            '[ 4][t 0][2024-10-30 23:27:07.377000][transaction.cpp:1236]\tgas limits: max=1000000, limit=179320, credit=0\n' +
            '[ 4][t 0][2024-10-30 23:27:07.377000][transaction.cpp:1575]\tin_msg_state is null\n' +
            '[ 4][t 0][2024-10-30 23:27:07.377000][transaction.cpp:1645]\tcreating VM\n' +
            '[ 4][t 0][2024-10-30 23:27:07.377000][transaction.cpp:1351]\tSmartContractInfo initialized with [ 124711402 0 0 1735514826 76000000 76000000 14068792954309835536948273256715513127174070948738620016199408580766834334284 [ 1123728098 (null) ] CS{Cell{0271c00525d79b589f1d73b879432cd1a596c0f9c42cf460467bbb795da5a20c021c1383cec05203833b8ed6500000000011e1a30d0fad0fc01340} bits: 1..268; refs: 0..0} C{A7EC01478F770EF8F8B037CC7E42F0ABF0D85A50E1828C2394DAD1411691F2DE} C{42B6F0E46484EFC57B9508F6BA7EF42E7512023D5CB4ED5628DD1C7755D16E9D} [ 71728098 (null) ] 0 (null) [ CS{Cell{004dd06600000000000000000000000080000000000000fa00000000000001f4000000000003d09040} bits: 9..305; refs: 0..0} (null) CS{Cell{0094d1000000000000006400000000000f4240de000000002710000000000000000f42400000000002160ec0000000000000271000000000002625a00000000005f5e100000000003b9aca00} bits: 0..592; refs: 0..0} CS{Cell{0094d100000000000000640000000000009c40de000000000190000000000000000f424000000000000f4240000000000000271000000000009896800000000005f5e100000000003b9aca00} bits: 0..592; refs: 0..0} CS{Cell{0042ea000000000098968000000000271000000000000f424000000001800055555555} bits: 0..264; refs: 0..0} CS{Cell{0042ea0000000000061a800000000001900000000000009c4000000001800055555555} bits: 0..264; refs: 0..0} (null) ] 0 (null) ]\n' +
            '[ 4][t 0][2024-10-30 23:27:07.377000][transaction.cpp:1675]\tstarting VM\n' +
            '[ 4][t 0][2024-10-30 23:27:07.378000][transaction.cpp:1680]\tVM terminated with exit code 0\n' +
            '[ 3][t 0][2024-10-30 23:27:07.378000][transaction.cpp:1702]\tsteps: 741 gas: used=26916, max=1000000, limit=179320, credit=0\n' +
            '[ 3][t 0][2024-10-30 23:27:07.378000][transaction.cpp:1704]\tout_of_gas=false, accepted=true, success=true, time=0.000606s\n' +
            '[ 4][t 0][2024-10-30 23:27:07.378000][transaction.cpp:1737]\tgas fees: 10766400 = 26214400 * 26916 /2^16 ; price=26214400; flat rate=[40000 for 100]; remaining balance=1112961698ng\n' +
            '[ 3][t 0][2024-10-30 23:27:07.378000][transaction.cpp:2678]\tin try_action_reserve_currency(0)\n' +
            '[ 4][t 0][2024-10-30 23:27:07.378000][transaction.cpp:2684]\taction_reserve_currency: mode=0, reserve=102000000ng, balance=1112961698ng, original balance=1052000000ng\n' +
            '[ 3][t 0][2024-10-30 23:27:07.378000][transaction.cpp:2729]\tchanged remaining balance to 1010961698ng, reserved balance to 102000000ng\n' +
            '[ 4][t 0][2024-10-30 23:27:07.378000][transaction.cpp:2448]\tstorage paid for a message: 0 cells, 0 bits\n' +
            '[ 4][t 0][2024-10-30 23:27:07.378000][transaction.cpp:2452]\tcomputed fwd fees = 400000 + 0\n' +
            '[ 4][t 0][2024-10-30 23:27:07.378000][transaction.cpp:2448]\tstorage paid for a message: 0 cells, 0 bits\n' +
            '[ 4][t 0][2024-10-30 23:27:07.378000][transaction.cpp:2452]\tcomputed fwd fees = 400000 + 0\n',
          vmLogs: 'xecute EQUAL\n' +
            'execute THROWIF 137\n' +
            'execute PUSHPOW2 10\n' +
            'execute EQUAL\n' +
            'execute THROWIFNOT 136\n' +
            'execute STSLICER\n' +
            'execute ENDC\n' +
            'execute ROT\n' +
            'execute STREF\n' +
            'execute ENDC\n' +
            'execute SWAP\n' +
            'execute STREF\n' +
            'execute implicit RET\n' +
            'execute ENDC\n' +
            'execute POP c4\n' +
            'execute implicit RET\n',
          debugLogs: '',
          events: [Array],
          parent: [Object],
          children: [Array],
          externals: []
        },
        children: [],
        externals: []
      },
      {
        address: 105818132960003171416304597453717637701794574747475969910003481004036112389684n,
        lt: 81000000n,
        prevTransactionHash: 92318727675976222459896725349812314463577360167390126785816774008335893321025n,
        prevTransactionLt: 79000000n,
        now: 1735514826,
        outMessagesCount: 0,
        oldStatus: 'active',
        endStatus: 'active',
        inMessage: { info: [Object], init: null, body: x{} },
        outMessages: Dictionary { _key: [Object], _value: [Object], _map: Map(0) {} },
        totalFees: { coins: 123600n },
        stateUpdate: {
          oldHash: <Buffer 72 3a ec 55 b8 0d 6b 9e ea db ae 4b b8 07 5f d1 23 0e 82 74 9f ca e6 51 c7 63 f5 ae 66 cc ea 45>,
          newHash: <Buffer 2f 81 c5 f0 40 03 20 76 80 18 ba 13 d5 bf ff d3 d0 fa e8 0c 43 33 34 18 8e 83 9a 02 41 cf ed a6>
        },
        description: {
          type: 'generic',
          creditFirst: false,
          storagePhase: [Object],
          creditPhase: [Object],
          computePhase: [Object],
          actionPhase: [Object],
          bouncePhase: undefined,
          aborted: false,
          destroyed: false
        },
        raw: x{7E9F2F0D84B872955EA7531CD76AA1708C7F19E9781FF03939BD35BA547EE16340000000004D3F640CC1A8C55319510803AA0D41BFFCF0403E9E31621A3B2449508809D0EAF7CD5410000000004B571C06771DACA00014603C5A0}
         x{A_}
          x{6800A4BAF36B13E3AE770F28659A34B2D81F38859E8C08CF776F2BB4B44180438271003A7CBC3612E1CA557A9D4C735DAA85C231FC67A5E07FC0E4E6F4D6E951FB858D100E57FA880608235A00000000090F5604CEE3B5944_}
         x{72723AEC55B80D6B9EEADBAE4BB8075FD1230E82749FCAE651C763F5AE66CCEA452F81C5F0400320768018BA13D5BFFFD3D0FAE80C433334188E839A0241CFEDA6}
         x{040900E57FA898603C5A11_}
          x{4026AC092E1000000000000000000500000000000000000000000000000000000000000000000000000000000000000000000000000000000000000000000000000000000000000000000000000000}
          x{C00000000000000000000000012D452DA449E50B8CF7DD27861F146122AFE1B546BB8B70FC8216F0C614139F8E04_},
        hash: [Function: hash],
        blockchainLogs: '[ 4][t 0][2024-10-30 23:27:07.390000][transaction.cpp:443]\tunpacking account E9F2F0D84B872955EA7531CD76AA1708C7F19E9781FF03939BD35BA547EE1634\n' +
          '[ 4][t 0][2024-10-30 23:27:07.390000][transaction.cpp:274]\tlast_paid=1735514826; cells=6 bits=821 public_cells=0\n' +
          '[ 4][t 0][2024-10-30 23:27:07.390000][transaction.cpp:504]\tend of Account.unpack() for 0:E9F2F0D84B872955EA7531CD76AA1708C7F19E9781FF03939BD35BA547EE1634 (balance = 999999769277610ng ; last_trans_lt = 79000000..79000001)\n' +
          '[ 4][t 0][2024-10-30 23:27:07.390000][transaction.cpp:3655]\tblock random seed set to 0000000000000000000000000000000000000000000000000000000000000000\n' +
          '[ 4][t 0][2024-10-30 23:27:07.390000][transaction.cpp:1236]\tgas limits: max=1000000, limit=150404, credit=0\n' +
          '[ 4][t 0][2024-10-30 23:27:07.390000][transaction.cpp:1575]\tin_msg_state is null\n' +
          '[ 4][t 0][2024-10-30 23:27:07.390000][transaction.cpp:1645]\tcreating VM\n' +
          '[ 4][t 0][2024-10-30 23:27:07.390000][transaction.cpp:1351]\tSmartContractInfo initialized with [ 124711402 0 0 1735514826 81000000 81000000 60210483465141978598827679003117970236339845468170532052053411751718225576024 [ 999999829439308 (null) ] CS{Cell{0275c00e9f2f0d84b872955ea7531cd76aa1708c7f19e9781ff03939bd35ba547ee163420c80cd433b8ed6500000000012d5c705c0e35fa5c17d2a9340} bits: 1..268; refs: 0..0} C{A7EC01478F770EF8F8B037CC7E42F0ABF0D85A50E1828C2394DAD1411691F2DE} C{D992502B94EA96E7B34E5D62FFB0C6FC73D78B3E61F11F0848FB3A1EB1AFC912} [ 60161698 (null) ] 0 (null) [ CS{Cell{004dd06600000000000000000000000080000000000000fa00000000000001f4000000000003d09040} bits: 9..305; refs: 0..0} (null) CS{Cell{0094d1000000000000006400000000000f4240de000000002710000000000000000f42400000000002160ec0000000000000271000000000002625a00000000005f5e100000000003b9aca00} bits: 0..592; refs: 0..0} CS{Cell{0094d100000000000000640000000000009c40de000000000190000000000000000f424000000000000f4240000000000000271000000000009896800000000005f5e100000000003b9aca00} bits: 0..592; refs: 0..0} CS{Cell{0042ea000000000098968000000000271000000000000f424000000001800055555555} bits: 0..264; refs: 0..0} CS{Cell{0042ea0000000000061a800000000001900000000000009c4000000001800055555555} bits: 0..264; refs: 0..0} (null) ] 0 (null) ]\n' +
          '[ 4][t 0][2024-10-30 23:27:07.390000][transaction.cpp:1675]\tstarting VM\n' +
          '[ 4][t 0][2024-10-30 23:27:07.390000][transaction.cpp:1680]\tVM terminated with exit code 0\n' +
          '[ 3][t 0][2024-10-30 23:27:07.391000][transaction.cpp:1702]\tsteps: 5 gas: used=309, max=1000000, limit=150404, credit=0\n' +
          '[ 3][t 0][2024-10-30 23:27:07.391000][transaction.cpp:1704]\tout_of_gas=false, accepted=true, success=true, time=0.000022s\n' +
          '[ 4][t 0][2024-10-30 23:27:07.391000][transaction.cpp:1737]\tgas fees: 123600 = 26214400 * 309 /2^16 ; price=26214400; flat rate=[40000 for 100]; remaining balance=999999829315708ng\n',
        vmLogs: 'execute SETCP 0\n' +
          'execute DICTPUSHCONST 19 (xC_,1)\n' +
          'execute DICTIGETJMPZ\n' +
          'execute DROP\n' +
          'execute implicit RET\n',
        debugLogs: '',
        events: [],
        parent: {
          address: 37254810366437813475271750514734067285117962570475561289538093995582013161784n,
          lt: 76000000n,
          prevTransactionHash: 75624543320101717014783080536602427103511793987218812152547418639094705242761n,
          prevTransactionLt: 75000000n,
          now: 1735514826,
          outMessagesCount: 2,
          oldStatus: 'active',
          endStatus: 'active',
          inMessage: [Object],
          outMessages: [Dictionary],
          totalFees: [Object],
          stateUpdate: [Object],
          description: [Object],
          raw: x{7525D79B589F1D73B879432CD1A596C0F9C42CF460467BBB795DA5A20C021C138000000000487AB00A731F984422C29738C4106B2860111861D6F7BA620C6482F13E4358BB6AB428900000000047868C06771DACA00054750B3CC}
           x{E_}
            x{68012AA8734A9A335BF5CC9813FAB0A9D1CC010F4F8CB6F21E8B2C337D8A345C9CA50014975E6D627C75CEE1E50CB346965B03E710B3D18119EEEDE57696883008704E101119EF88060DFF5E0000000008B3C882CEE3B594C_}
             x{2A004A0500000000000000010000000000000000000000000000000000000000000000000000000000000001400B75A3E1A6460F415CE3721F308920C4B456F3B977F39EB26CED9155308A976CC}
            x{DD_}
             x{2_}
              x{6800A4BAF36B13E3AE770F28659A34B2D81F38859E8C08CF776F2BB4B44180438271002DD68F8699183D05738DC87CC2248312D15BCEE5DFCE7AC9B3B64554C22A5DB310E27F66000608235A00000000090F5602CEE3B5944_}
             x{2_}
              x{6800A4BAF36B13E3AE770F28659A34B2D81F38859E8C08CF776F2BB4B44180438271003A7CBC3612E1CA557A9D4C735DAA85C231FC67A5E07FC0E4E6F4D6E951FB858D100E57FA880608235A00000000090F5604CEE3B5944_}
           x{720764EA29802118DAFF46A98A94A49457865DCCEC7702458638EA4579C300ACF5352796517021B351369B94128AAEBE2C80FBD2689D1A26B2CC0F3F237F794446}
           x{040901119EF89874890811_}
            x{4D248C0AF1E00000000000000002E500000000000000000000000000000000000000000000000000000000000000000000000000000000000000000000000000000000000000000000000000000000}
            x{C9861A804C10469800000000000600020000000472383706BA4BFEAABF133F3573CAF25C6F6ABC1CEAD99FC1728C3E6C3C00D9A840902C14_},
          hash: [Function: hash],
          blockchainLogs: '[ 4][t 0][2024-10-30 23:27:07.377000][transaction.cpp:443]\tunpacking account 525D79B589F1D73B879432CD1A596C0F9C42CF460467BBB795DA5A20C021C138\n' +
            '[ 4][t 0][2024-10-30 23:27:07.377000][transaction.cpp:274]\tlast_paid=1735514826; cells=231 bits=83982 public_cells=0\n' +
            '[ 4][t 0][2024-10-30 23:27:07.377000][transaction.cpp:504]\tend of Account.unpack() for 0:525D79B589F1D73B879432CD1A596C0F9C42CF460467BBB795DA5A20C021C138 (balance = 1052000000ng ; last_trans_lt = 75000000..75000003)\n' +
            '[ 4][t 0][2024-10-30 23:27:07.377000][transaction.cpp:3655]\tblock random seed set to 0000000000000000000000000000000000000000000000000000000000000000\n' +
            '[ 4][t 0][2024-10-30 23:27:07.377000][transaction.cpp:1236]\tgas limits: max=1000000, limit=179320, credit=0\n' +
            '[ 4][t 0][2024-10-30 23:27:07.377000][transaction.cpp:1575]\tin_msg_state is null\n' +
            '[ 4][t 0][2024-10-30 23:27:07.377000][transaction.cpp:1645]\tcreating VM\n' +
            '[ 4][t 0][2024-10-30 23:27:07.377000][transaction.cpp:1351]\tSmartContractInfo initialized with [ 124711402 0 0 1735514826 76000000 76000000 14068792954309835536948273256715513127174070948738620016199408580766834334284 [ 1123728098 (null) ] CS{Cell{0271c00525d79b589f1d73b879432cd1a596c0f9c42cf460467bbb795da5a20c021c1383cec05203833b8ed6500000000011e1a30d0fad0fc01340} bits: 1..268; refs: 0..0} C{A7EC01478F770EF8F8B037CC7E42F0ABF0D85A50E1828C2394DAD1411691F2DE} C{42B6F0E46484EFC57B9508F6BA7EF42E7512023D5CB4ED5628DD1C7755D16E9D} [ 71728098 (null) ] 0 (null) [ CS{Cell{004dd06600000000000000000000000080000000000000fa00000000000001f4000000000003d09040} bits: 9..305; refs: 0..0} (null) CS{Cell{0094d1000000000000006400000000000f4240de000000002710000000000000000f42400000000002160ec0000000000000271000000000002625a00000000005f5e100000000003b9aca00} bits: 0..592; refs: 0..0} CS{Cell{0094d100000000000000640000000000009c40de000000000190000000000000000f424000000000000f4240000000000000271000000000009896800000000005f5e100000000003b9aca00} bits: 0..592; refs: 0..0} CS{Cell{0042ea000000000098968000000000271000000000000f424000000001800055555555} bits: 0..264; refs: 0..0} CS{Cell{0042ea0000000000061a800000000001900000000000009c4000000001800055555555} bits: 0..264; refs: 0..0} (null) ] 0 (null) ]\n' +
            '[ 4][t 0][2024-10-30 23:27:07.377000][transaction.cpp:1675]\tstarting VM\n' +
            '[ 4][t 0][2024-10-30 23:27:07.378000][transaction.cpp:1680]\tVM terminated with exit code 0\n' +
            '[ 3][t 0][2024-10-30 23:27:07.378000][transaction.cpp:1702]\tsteps: 741 gas: used=26916, max=1000000, limit=179320, credit=0\n' +
            '[ 3][t 0][2024-10-30 23:27:07.378000][transaction.cpp:1704]\tout_of_gas=false, accepted=true, success=true, time=0.000606s\n' +
            '[ 4][t 0][2024-10-30 23:27:07.378000][transaction.cpp:1737]\tgas fees: 10766400 = 26214400 * 26916 /2^16 ; price=26214400; flat rate=[40000 for 100]; remaining balance=1112961698ng\n' +
            '[ 3][t 0][2024-10-30 23:27:07.378000][transaction.cpp:2678]\tin try_action_reserve_currency(0)\n' +
            '[ 4][t 0][2024-10-30 23:27:07.378000][transaction.cpp:2684]\taction_reserve_currency: mode=0, reserve=102000000ng, balance=1112961698ng, original balance=1052000000ng\n' +
            '[ 3][t 0][2024-10-30 23:27:07.378000][transaction.cpp:2729]\tchanged remaining balance to 1010961698ng, reserved balance to 102000000ng\n' +
            '[ 4][t 0][2024-10-30 23:27:07.378000][transaction.cpp:2448]\tstorage paid for a message: 0 cells, 0 bits\n' +
            '[ 4][t 0][2024-10-30 23:27:07.378000][transaction.cpp:2452]\tcomputed fwd fees = 400000 + 0\n' +
            '[ 4][t 0][2024-10-30 23:27:07.378000][transaction.cpp:2448]\tstorage paid for a message: 0 cells, 0 bits\n' +
            '[ 4][t 0][2024-10-30 23:27:07.378000][transaction.cpp:2452]\tcomputed fwd fees = 400000 + 0\n',
          vmLogs: 'xecute EQUAL\n' +
            'execute THROWIF 137\n' +
            'execute PUSHPOW2 10\n' +
            'execute EQUAL\n' +
            'execute THROWIFNOT 136\n' +
            'execute STSLICER\n' +
            'execute ENDC\n' +
            'execute ROT\n' +
            'execute STREF\n' +
            'execute ENDC\n' +
            'execute SWAP\n' +
            'execute STREF\n' +
            'execute implicit RET\n' +
            'execute ENDC\n' +
            'execute POP c4\n' +
            'execute implicit RET\n',
          debugLogs: '',
          events: [Array],
          parent: [Object],
          children: [Array],
          externals: []
        },
        children: [],
        externals: []
      }
    ]

      at proceedDeal (tests/MarketTon.spec.ts:2082:17)

  console.log
    [
      {
        type: 'message_sent',
        from: EQDp8vDYS4cpVep1Mc12qhcIx_Gel4H_A5Ob01ulR-4WNMml,
        to: EQBSXXm1ifHXO4eUMs0aWWwPnELPRgRnu7eV2logwCHBOBBt,
        value: 1000000000n,
        body: x{E9626FBA000000000000000000000001}
         x{03DF94AA22408F0D1800000019414BEA5104_}
         x{03DF94AA23405F5E1000000019414BEA5104_},
        bounced: false
      },
      {
        type: 'message_sent',
        from: EQBSXXm1ifHXO4eUMs0aWWwPnELPRgRnu7eV2logwCHBOBBt,
        to: EQASWIYDJyUJTnnETBq5ZC_hy_G_TXfbJcNF3b56jIC81Pj2,
        value: 982830865n,
        body: x{03DF94AA000000000000000022408F0D1800000019414BEA51011A02FAF080000000CA0A5F52882_}
         x{},
        bounced: false
      },
      {
        type: 'message_sent',
        from: EQASWIYDJyUJTnnETBq5ZC_hy_G_TXfbJcNF3b56jIC81Pj2,
        to: EQBSXXm1ifHXO4eUMs0aWWwPnELPRgRnu7eV2logwCHBOBBt,
        value: 978462865n,
        body: x{935FA9D10000000000000000}
         x{00000000000000000000000000000000000000000000000000000000000000220000000000000000000000000000000000000000000000000000000008F0D180019414BEA510}
         x{00000000000000000000000000000000000000000000000000000000000000230000000000000000000000000000000000000000000000000000000005F5E100019414BEA510},
        bounced: false
      },
      {
        type: 'message_sent',
        from: EQBSXXm1ifHXO4eUMs0aWWwPnELPRgRnu7eV2logwCHBOBBt,
        to: EQDxcYn4iXfVIK2rPh8OSfverwhsVnLOxaai_MLf-ME_L7WZ,
        value: 966131265n,
        body: x{E601F8E50000000000000000},
        bounced: false
      },
      {
        type: 'message_sent',
        from: EQDxcYn4iXfVIK2rPh8OSfverwhsVnLOxaai_MLf-ME_L7WZ,
        to: EQBSXXm1ifHXO4eUMs0aWWwPnELPRgRnu7eV2logwCHBOBBt,
        value: 960890633n,
        body: x{B687AB17000000000000000000000001}
         x{02202FAF080202FAF08021DCD65001CC4B4021DCD650033A526E533ABBE6533A526E533B8ED6500000001800000014_}
          x{801028CD38D6A9FB165BB1D27554DCBBC8B7A064E07EF4C3832956828113614F545_},
        bounced: false
      },
      {
        type: 'message_sent',
        from: EQBSXXm1ifHXO4eUMs0aWWwPnELPRgRnu7eV2logwCHBOBBt,
        to: EQC3Uv8fOwAjOo1gVoHJChmSx_psOLwj1HQeBan58TaZsU1u,
        value: 67521600n,
        body: x{BC26F4C80000000000000000},
        bounced: false
      },
      {
        type: 'message_sent',
        from: EQBSXXm1ifHXO4eUMs0aWWwPnELPRgRnu7eV2logwCHBOBBt,
        to: EQCVVDmlTRmt-uZMCf1YVOjmAIenxlt5D0WWGb7FGi5OUoiv,
        value: 67521600n,
        body: x{BC26F4C80000000000000001},
        bounced: false
      },
      {
        type: 'message_sent',
        from: EQBSXXm1ifHXO4eUMs0aWWwPnELPRgRnu7eV2logwCHBOBBt,
        to: EQDxcYn4iXfVIK2rPh8OSfverwhsVnLOxaai_MLf-ME_L7WZ,
        value: 791208633n,
        body: x{B8A3AA140000000000000000801D3E5E1B0970E52ABD4EA639AED542E118FE33D2F03FE072737A6B74A8FDC2C69_},
        bounced: false
      },
      {
        type: 'message_sent',
        from: EQC3Uv8fOwAjOo1gVoHJChmSx_psOLwj1HQeBan58TaZsU1u,
        to: EQBSXXm1ifHXO4eUMs0aWWwPnELPRgRnu7eV2logwCHBOBBt,
        value: 71728098n,
        body: x{2A004A0500000000000000000000000000000000000000000000000000000000000000000000000000000001C00814669C6B54FD8B2DD8E93AAA6E5DE45BD032703F7A61C194AB414089B0A7AA2},
        bounced: false
      },
      {
        type: 'message_sent',
        from: EQCVVDmlTRmt-uZMCf1YVOjmAIenxlt5D0WWGb7FGi5OUoiv,
        to: EQBSXXm1ifHXO4eUMs0aWWwPnELPRgRnu7eV2logwCHBOBBt,
        value: 71728098n,
        body: x{2A004A0500000000000000010000000000000000000000000000000000000000000000000000000000000001400B75A3E1A6460F415CE3721F308920C4B456F3B977F39EB26CED9155308A976CC},
        bounced: false
      },
      {
        type: 'message_sent',
        from: EQDxcYn4iXfVIK2rPh8OSfverwhsVnLOxaai_MLf-ME_L7WZ,
        to: EQDp8vDYS4cpVep1Mc12qhcIx_Gel4H_A5Ob01ulR-4WNMml,
        value: 797409833n,
        body: x{},
        bounced: false
      },
      {
        type: 'account_destroyed',
        account: EQDxcYn4iXfVIK2rPh8OSfverwhsVnLOxaai_MLf-ME_L7WZ
      },
      {
        type: 'message_sent',
        from: EQBSXXm1ifHXO4eUMs0aWWwPnELPRgRnu7eV2logwCHBOBBt,
        to: EQCBRmnGtU_Yst2Ok6qm5d5FvQMnA_emHBlKtBQImwp6oicf,
        value: 1049000000n,
        body: x{},
        bounced: false
      },
      {
        type: 'message_sent',
        from: EQBSXXm1ifHXO4eUMs0aWWwPnELPRgRnu7eV2logwCHBOBBt,
        to: EQDp8vDYS4cpVep1Mc12qhcIx_Gel4H_A5Ob01ulR-4WNMml,
        value: 59871698n,
        body: x{},
        bounced: false
      },
      {
        type: 'message_sent',
        from: EQBSXXm1ifHXO4eUMs0aWWwPnELPRgRnu7eV2logwCHBOBBt,
        to: EQC3Wj4aZGD0Fc43IfMIkgxLRW87l3856ybO2RVTCKl2zDIR,
        value: 950000000n,
        body: x{},
        bounced: false
      },
      {
        type: 'message_sent',
        from: EQBSXXm1ifHXO4eUMs0aWWwPnELPRgRnu7eV2logwCHBOBBt,
        to: EQDp8vDYS4cpVep1Mc12qhcIx_Gel4H_A5Ob01ulR-4WNMml,
        value: 60161698n,
        body: x{},
        bounced: false
      }
    ]

      at proceedDeal (tests/MarketTon.spec.ts:2083:17)

  console.log
    User fee :-0.085343095

      at proceedDeal (tests/MarketTon.spec.ts:2086:17)

  console.log
    User fee :-0.035626

      at createDeal (tests/MarketTon.spec.ts:1954:17)

  console.log
    User fee :-0.035626

      at createDeal (tests/MarketTon.spec.ts:1954:17)

  console.log
    User fee :-0.035626

      at createDeal (tests/MarketTon.spec.ts:1954:17)

  console.log
    User fee :-0.035626

      at createDeal (tests/MarketTon.spec.ts:1954:17)

  console.log
    User fee :-0.035626

      at createDeal (tests/MarketTon.spec.ts:1954:17)

  console.log
    User fee :-0.035626

      at createDeal (tests/MarketTon.spec.ts:1954:17)

  console.log
    User fee :-0.035626

      at createDeal (tests/MarketTon.spec.ts:1954:17)

  console.log
    User fee :-0.1193864

      at takeDeal (tests/MarketTon.spec.ts:2019:17)

  console.log
    User fee :-0.035626

      at createDeal (tests/MarketTon.spec.ts:1954:17)

  console.log
    User fee :-0.035626

      at createDeal (tests/MarketTon.spec.ts:1954:17)

  console.log
    User fee :-0.035626

      at createDeal (tests/MarketTon.spec.ts:1954:17)

  console.log
    User fee :-0.035626

      at createDeal (tests/MarketTon.spec.ts:1954:17)

  console.log
    User fee :-0.035626

      at createDeal (tests/MarketTon.spec.ts:1954:17)

  console.log
    User fee :-0.035626

      at createDeal (tests/MarketTon.spec.ts:1954:17)

  console.log
    User fee :-0.1193864

      at takeDeal (tests/MarketTon.spec.ts:2019:17)

  console.log
    User fee :-0.035626

      at createDeal (tests/MarketTon.spec.ts:1954:17)

  console.log
    User fee :-0.1193864

      at takeDeal (tests/MarketTon.spec.ts:2019:17)

  console.log
    User fee :-0.035626

      at createDeal (tests/MarketTon.spec.ts:1954:17)

  console.log
    User fee :-0.1193864

      at takeDeal (tests/MarketTon.spec.ts:2019:17)

  console.log
    User fee :-0.035626

      at createDeal (tests/MarketTon.spec.ts:1954:17)

  console.log
    User fee :-0.1193864

      at takeDeal (tests/MarketTon.spec.ts:2019:17)

  console.log
    User fee :-0.035626

      at createDeal (tests/MarketTon.spec.ts:1954:17)

  console.log
    User fee :-0.1193864

      at takeDeal (tests/MarketTon.spec.ts:2019:17)

  console.log
    User fee :-0.035626

      at createDeal (tests/MarketTon.spec.ts:1954:17)

  console.log
    User fee :-0.035626

      at createDeal (tests/MarketTon.spec.ts:1954:17)

  console.log
    User fee :-0.1193864

      at takeDeal (tests/MarketTon.spec.ts:2019:17)

  console.log
    User fee :-0.035626

      at createDeal (tests/MarketTon.spec.ts:1954:17)

  console.log
    User fee :-0.1193864

      at takeDeal (tests/MarketTon.spec.ts:2019:17)

  console.log
    User fee :-0.035626

      at createDeal (tests/MarketTon.spec.ts:1954:17)

  console.log
    User fee :-0.1193864

      at takeDeal (tests/MarketTon.spec.ts:2019:17)

  console.log
    [
      {
        address: 105818132960003171416304597453717637701794574747475969910003481004036112389684n,
        lt: 33000000n,
        prevTransactionHash: 47311407323983693112873974035248832832210326090803914349954916092481035011994n,
        prevTransactionLt: 9000000n,
        now: 1732922837,
        outMessagesCount: 1,
        oldStatus: 'active',
        endStatus: 'active',
        inMessage: {
          info: [Object],
          init: null,
          body: x{579378ED124D4474AEAC829C138B5598B5168CF79FD305630FA5D54299276449C_}
           x{D001}
            x{6200292EBCDAC4F8EB9DC3CA19668D2CB607CE2167A30233DDDBCAED2D106010E09C21DCD6500000000000000000000000000000E9626FBA000000000000000000000000}
             x{03DF94AA22408F0D180000001937A4008084_}
             x{03DF94AA23405F5E100000001937A4008084_}
        },
        outMessages: Dictionary { _key: [Object], _value: [Object], _map: [Map] },
        totalFees: { coins: 2020320n },
        stateUpdate: {
          oldHash: <Buffer 9c 32 11 85 2f 18 0f 99 00 26 5a 10 55 c7 34 c8 78 6d 3d 3f d5 bb 40 59 40 f8 3b 5f d2 06 60 c7>,
          newHash: <Buffer 60 d8 de 25 48 f6 b0 31 b7 22 5c 51 9a fc fb eb d8 40 42 ca 99 98 fb d2 07 59 fc 8b c9 05 e7 72>
        },
        description: {
          type: 'generic',
          creditFirst: true,
          storagePhase: [Object],
          creditPhase: undefined,
          computePhase: [Object],
          actionPhase: [Object],
          bouncePhase: undefined,
          aborted: false,
          destroyed: false
        },
        raw: x{7E9F2F0D84B872955EA7531CD76AA1708C7F19E9781FF03939BD35BA547EE16340000000001F78A4068994EBE701F9BAE5A53E666707D5E2C3CF53AB8F55BD0C6CCA5732B5647879A0000000000895440674A4DD50003463DA7C0}
         x{E_}
          x{8801D3E5E1B0970E52ABD4EA639AED542E118FE33D2F03FE072737A6B74A8FDC2C6802BC9BC768926A23A5756414E09C5AACC5A8B467BCFE982B187D2EAA14C93B224E_}
           x{D001}
            x{6200292EBCDAC4F8EB9DC3CA19668D2CB607CE2167A30233DDDBCAED2D106010E09C21DCD6500000000000000000000000000000E9626FBA000000000000000000000000}
             x{03DF94AA22408F0D180000001937A4008084_}
             x{03DF94AA23405F5E100000001937A4008084_}
          x{DF_}
           x{6801D3E5E1B0970E52ABD4EA639AED542E118FE33D2F03FE072737A6B74A8FDC2C690014975E6D627C75CEE1E50CB346965B03E710B3D18119EEEDE57696883008704E10EE6B2800060C0F880000000003EF1482CE949BAA74B137DD0000000000000000000000004_}
            x{03DF94AA22408F0D180000001937A4008084_}
            x{03DF94AA23405F5E100000001937A4008084_}
         x{729C3211852F180F9900265A1055C734C8786D3D3FD5BB405940F83B5FD20660C760D8DE2548F6B031B7225C519AFCFBEBD84042CA9998FBD20759FC8BC905E772}
         x{0CC0939506185E94844_}
          x{40F223138800000000000000000C800000000000000000000000000000000000000000000000000000000000000000000000000000000000000000000000000000000000000000000000000000002_}
          x{C98485D04C0C0F70000000000002000000000002A60BCE63E3CC0FB6560C420FA1683F020A388910A9D92A4857E8F1DDDC00EBAC40D022DC_},
        hash: [Function: hash],
        blockchainLogs: '[ 4][t 0][2024-10-30 23:27:17.920000][transaction.cpp:443]\tunpacking account E9F2F0D84B872955EA7531CD76AA1708C7F19E9781FF03939BD35BA547EE1634\n' +
          '[ 4][t 0][2024-10-30 23:27:17.920000][transaction.cpp:274]\tlast_paid=1730330837; cells=6 bits=821 public_cells=0\n' +
          '[ 4][t 0][2024-10-30 23:27:17.920000][transaction.cpp:504]\tend of Account.unpack() for 0:E9F2F0D84B872955EA7531CD76AA1708C7F19E9781FF03939BD35BA547EE1634 (balance = 1000000000000000ng ; last_trans_lt = 9000000..9000001)\n' +
          '[ 4][t 0][2024-10-30 23:27:17.920000][transaction.cpp:3655]\tblock random seed set to 0000000000000000000000000000000000000000000000000000000000000000\n' +
          '[ 4][t 0][2024-10-30 23:27:17.920000][transaction.cpp:788]\tstorage paid for a message: 4 cells, 842 bits\n' +
          '[ 4][t 0][2024-10-30 23:27:17.920000][transaction.cpp:802]\tcomputed fwd fees = 896800 + 0\n' +
          '[ 4][t 0][2024-10-30 23:27:17.921000][transaction.cpp:1236]\tgas limits: max=1000000, limit=0, credit=10000\n' +
          '[ 4][t 0][2024-10-30 23:27:17.921000][transaction.cpp:1575]\tin_msg_state is null\n' +
          '[ 4][t 0][2024-10-30 23:27:17.921000][transaction.cpp:1645]\tcreating VM\n' +
          '[ 4][t 0][2024-10-30 23:27:17.921000][transaction.cpp:1351]\tSmartContractInfo initialized with [ 124711402 0 0 1732922837 33000000 33000000 60210483465141978598827679003117970236339845468170532052053411751718225576024 [ 999999998952076 (null) ] CS{Cell{0275c00e9f2f0d84b872955ea7531cd76aa1708c7f19e9781ff03939bd35ba547ee163420c80cd43391606a80000000002255105c0e35fa931a0001340} bits: 1..268; refs: 0..0} C{A7EC01478F770EF8F8B037CC7E42F0ABF0D85A50E1828C2394DAD1411691F2DE} C{D992502B94EA96E7B34E5D62FFB0C6FC73D78B3E61F11F0848FB3A1EB1AFC912} [ 0 (null) ] 151124 (null) [ CS{Cell{004dd06600000000000000000000000080000000000000fa00000000000001f4000000000003d09040} bits: 9..305; refs: 0..0} (null) CS{Cell{0094d1000000000000006400000000000f4240de000000002710000000000000000f42400000000002160ec0000000000000271000000000002625a00000000005f5e100000000003b9aca00} bits: 0..592; refs: 0..0} CS{Cell{0094d100000000000000640000000000009c40de000000000190000000000000000f424000000000000f4240000000000000271000000000009896800000000005f5e100000000003b9aca00} bits: 0..592; refs: 0..0} CS{Cell{0042ea000000000098968000000000271000000000000f424000000001800055555555} bits: 0..264; refs: 0..0} CS{Cell{0042ea0000000000061a800000000001900000000000009c4000000001800055555555} bits: 0..264; refs: 0..0} (null) ] 0 (null) ]\n' +
          '[ 4][t 0][2024-10-30 23:27:17.921000][transaction.cpp:1675]\tstarting VM\n' +
          '[ 4][t 0][2024-10-30 23:27:17.921000][transaction.cpp:1680]\tVM terminated with exit code 0\n' +
          '[ 3][t 0][2024-10-30 23:27:17.921000][transaction.cpp:1702]\tsteps: 50 gas: used=1937, max=1000000, limit=1000000, credit=0\n' +
          '[ 3][t 0][2024-10-30 23:27:17.921000][transaction.cpp:1704]\tout_of_gas=false, accepted=true, success=true, time=0.000083s\n' +
          '[ 4][t 0][2024-10-30 23:27:17.921000][transaction.cpp:1737]\tgas fees: 774800 = 26214400 * 1937 /2^16 ; price=26214400; flat rate=[40000 for 100]; remaining balance=999999998177276ng\n' +
          '[ 4][t 0][2024-10-30 23:27:17.921000][transaction.cpp:2448]\tstorage paid for a message: 2 cells, 282 bits\n' +
          '[ 4][t 0][2024-10-30 23:27:17.921000][transaction.cpp:2452]\tcomputed fwd fees = 592800 + 0\n',
        vmLogs: 'ULLSWAPIFNOT2\n' +
          'execute DUP\n' +
          'execute PUSHCONT x02D307D43001FB00\n' +
          'execute PUSHCONT x32\n' +
          'execute IFELSE\n' +
          'execute POP s2\n' +
          'execute implicit RET\n' +
          'execute SWAP\n' +
          'execute NOT\n' +
          'execute implicit RET\n' +
          'until loop body end\n' +
          'until loop terminated\n' +
          'execute 2DROP\n' +
          'execute implicit RET\n',
        debugLogs: '',
        events: [ [Object] ],
        parent: undefined,
        children: [ [Object] ],
        externals: []
      },
      {
        address: 37254810366437813475271750514734067285117962570475561289538093995582013161784n,
        lt: 34000000n,
        prevTransactionHash: 18156044694193010256316230671871736923598255560552867616969203512712329549656n,
        prevTransactionLt: 25000000n,
        now: 1732922837,
        outMessagesCount: 1,
        oldStatus: 'active',
        endStatus: 'active',
        inMessage: {
          info: [Object],
          init: null,
          body: x{E9626FBA000000000000000000000000}
           x{03DF94AA22408F0D180000001937A4008084_}
           x{03DF94AA23405F5E100000001937A4008084_}
        },
        outMessages: Dictionary { _key: [Object], _value: [Object], _map: [Map] },
        totalFees: { coins: 16763500n },
        stateUpdate: {
          oldHash: <Buffer 21 36 ea aa a6 cb 8b 7f c2 7d ac fc fd ee 32 45 b9 04 6b 13 c0 04 b7 4b a7 eb df a8 f9 2a b6 34>,
          newHash: <Buffer 9b 19 cf 43 6e d7 3f 6c 2e dc b0 4b 40 bd f2 eb 0a 59 d8 d1 7a 97 5e 94 87 0a 7f b4 ca f7 ba 8a>
        },
        description: {
          type: 'generic',
          creditFirst: false,
          storagePhase: [Object],
          creditPhase: [Object],
          computePhase: [Object],
          actionPhase: [Object],
          bouncePhase: undefined,
          aborted: false,
          destroyed: false
        },
        raw: x{7525D79B589F1D73B879432CD1A596C0F9C42CF460467BBB795DA5A20C021C138000000000206CC802823F50684C0A2555DBB6B5918848C3D28199C16D570E0240218B23E9B31D75800000000017D7840674A4DD5000347FF94D8}
         x{E_}
          x{6801D3E5E1B0970E52ABD4EA639AED542E118FE33D2F03FE072737A6B74A8FDC2C690014975E6D627C75CEE1E50CB346965B03E710B3D18119EEEDE57696883008704E10EE6B2800060C0F880000000003EF1482CE949BAA74B137DD0000000000000000000000004_}
           x{03DF94AA22408F0D180000001937A4008084_}
           x{03DF94AA23405F5E100000001937A4008084_}
          x{DF_}
           x{6800A4BAF36B13E3AE770F28659A34B2D81F38859E8C08CF776F2BB4B441804382710004962180C9C942539E711306AE590BF872FC6FD35DF6C970D1776F9EA3202F3510EA5359EC060C523200000000040D9902CE949BAAC_}
            x{03DF94AA000000000000000022408F0D180000001937A40080811A02FAF080000000C9BD2004042_}
             x{}
         x{722136EAAAA6CB8B7FC27DACFCFDEE3245B9046B13C004B74BA7EBDFA8F92AB6349B19CF436ED73F6C2EDCB04B40BDF2EB0A59D8D17A975E94870A7FB4CAF7BA8A}
         x{04DDDA39490EE6B2801870A9A011_}
          x{4AAA0C3D090000000000000000025500000000000000000000000000000000000000000000000000000000000000000000000000000000000000000000000000000000000000000000000000000000}
          x{C9849ED04C0C521C0000000000040002000000037D2AA64E71B5AEE52625670E72C293400CABB61D97491651825E153C8DCFDBA240D01FDC_},
        hash: [Function: hash],
        blockchainLogs: '[ 4][t 0][2024-10-30 23:27:17.923000][transaction.cpp:443]\tunpacking account 525D79B589F1D73B879432CD1A596C0F9C42CF460467BBB795DA5A20C021C138\n' +
          '[ 4][t 0][2024-10-30 23:27:17.923000][transaction.cpp:274]\tlast_paid=1730330837; cells=229 bits=83363 public_cells=0\n' +
          '[ 4][t 0][2024-10-30 23:27:17.923000][transaction.cpp:504]\tend of Account.unpack() for 0:525D79B589F1D73B879432CD1A596C0F9C42CF460467BBB795DA5A20C021C138 (balance = 2100000000ng ; last_trans_lt = 25000000..25000006)\n' +
          '[ 4][t 0][2024-10-30 23:27:17.923000][transaction.cpp:3655]\tblock random seed set to 0000000000000000000000000000000000000000000000000000000000000000\n' +
          '[ 4][t 0][2024-10-30 23:27:17.923000][transaction.cpp:1236]\tgas limits: max=1000000, limit=1000000, credit=0\n' +
          '[ 4][t 0][2024-10-30 23:27:17.923000][transaction.cpp:1575]\tin_msg_state is null\n' +
          '[ 4][t 0][2024-10-30 23:27:17.923000][transaction.cpp:1645]\tcreating VM\n' +
          '[ 4][t 0][2024-10-30 23:27:17.923000][transaction.cpp:1351]\tSmartContractInfo initialized with [ 124711402 0 0 1732922837 34000000 34000000 14068792954309835536948273256715513127174070948738620016199408580766834334284 [ 3092174363 (null) ] CS{Cell{0271c00525d79b589f1d73b879432cd1a596c0f9c42cf460467bbb795da5a20c021c1383cac05168c3391606a80000000005f5e1191f4add401340} bits: 1..268; refs: 0..0} C{A7EC01478F770EF8F8B037CC7E42F0ABF0D85A50E1828C2394DAD1411691F2DE} C{42B6F0E46484EFC57B9508F6BA7EF42E7512023D5CB4ED5628DD1C7755D16E9D} [ 1000000000 (null) ] 7825637 (null) [ CS{Cell{004dd06600000000000000000000000080000000000000fa00000000000001f4000000000003d09040} bits: 9..305; refs: 0..0} (null) CS{Cell{0094d1000000000000006400000000000f4240de000000002710000000000000000f42400000000002160ec0000000000000271000000000002625a00000000005f5e100000000003b9aca00} bits: 0..592; refs: 0..0} CS{Cell{0094d100000000000000640000000000009c40de000000000190000000000000000f424000000000000f4240000000000000271000000000009896800000000005f5e100000000003b9aca00} bits: 0..592; refs: 0..0} CS{Cell{0042ea000000000098968000000000271000000000000f424000000001800055555555} bits: 0..264; refs: 0..0} CS{Cell{0042ea0000000000061a800000000001900000000000009c4000000001800055555555} bits: 0..264; refs: 0..0} (null) ] 0 (null) ]\n' +
          '[ 4][t 0][2024-10-30 23:27:17.924000][transaction.cpp:1675]\tstarting VM\n' +
          '[ 4][t 0][2024-10-30 23:27:17.924000][transaction.cpp:1680]\tVM terminated with exit code 0\n' +
          '[ 3][t 0][2024-10-30 23:27:17.924000][transaction.cpp:1702]\tsteps: 597 gas: used=21840, max=1000000, limit=1000000, credit=0\n' +
          '[ 3][t 0][2024-10-30 23:27:17.924000][transaction.cpp:1704]\tout_of_gas=false, accepted=true, success=true, time=0.000674s\n' +
          '[ 4][t 0][2024-10-30 23:27:17.924000][transaction.cpp:1737]\tgas fees: 8736000 = 26214400 * 21840 /2^16 ; price=26214400; flat rate=[40000 for 100]; remaining balance=3083438363ng\n' +
          '[ 3][t 0][2024-10-30 23:27:17.924000][transaction.cpp:2678]\tin try_action_reserve_currency(0)\n' +
          '[ 4][t 0][2024-10-30 23:27:17.924000][transaction.cpp:2684]\taction_reserve_currency: mode=0, reserve=2100000000ng, balance=3083438363ng, original balance=2092174363ng\n' +
          '[ 3][t 0][2024-10-30 23:27:17.924000][transaction.cpp:2729]\tchanged remaining balance to 983438363ng, reserved balance to 2100000000ng\n' +
          '[ 4][t 0][2024-10-30 23:27:17.924000][transaction.cpp:2448]\tstorage paid for a message: 2 cells, 314 bits\n' +
          '[ 4][t 0][2024-10-30 23:27:17.924000][transaction.cpp:2452]\tcomputed fwd fees = 605600 + 0\n',
        vmLogs: 'xecute EQUAL\n' +
          'execute THROWIF 137\n' +
          'execute PUSHPOW2 10\n' +
          'execute EQUAL\n' +
          'execute THROWIFNOT 136\n' +
          'execute STSLICER\n' +
          'execute ENDC\n' +
          'execute ROT\n' +
          'execute STREF\n' +
          'execute ENDC\n' +
          'execute SWAP\n' +
          'execute STREF\n' +
          'execute implicit RET\n' +
          'execute ENDC\n' +
          'execute POP c4\n' +
          'execute implicit RET\n',
        debugLogs: '',
        events: [ [Object] ],
        parent: {
          address: 105818132960003171416304597453717637701794574747475969910003481004036112389684n,
          lt: 33000000n,
          prevTransactionHash: 47311407323983693112873974035248832832210326090803914349954916092481035011994n,
          prevTransactionLt: 9000000n,
          now: 1732922837,
          outMessagesCount: 1,
          oldStatus: 'active',
          endStatus: 'active',
          inMessage: [Object],
          outMessages: [Dictionary],
          totalFees: [Object],
          stateUpdate: [Object],
          description: [Object],
          raw: x{7E9F2F0D84B872955EA7531CD76AA1708C7F19E9781FF03939BD35BA547EE16340000000001F78A4068994EBE701F9BAE5A53E666707D5E2C3CF53AB8F55BD0C6CCA5732B5647879A0000000000895440674A4DD50003463DA7C0}
           x{E_}
            x{8801D3E5E1B0970E52ABD4EA639AED542E118FE33D2F03FE072737A6B74A8FDC2C6802BC9BC768926A23A5756414E09C5AACC5A8B467BCFE982B187D2EAA14C93B224E_}
             x{D001}
              x{6200292EBCDAC4F8EB9DC3CA19668D2CB607CE2167A30233DDDBCAED2D106010E09C21DCD6500000000000000000000000000000E9626FBA000000000000000000000000}
               x{03DF94AA22408F0D180000001937A4008084_}
               x{03DF94AA23405F5E100000001937A4008084_}
            x{DF_}
             x{6801D3E5E1B0970E52ABD4EA639AED542E118FE33D2F03FE072737A6B74A8FDC2C690014975E6D627C75CEE1E50CB346965B03E710B3D18119EEEDE57696883008704E10EE6B2800060C0F880000000003EF1482CE949BAA74B137DD0000000000000000000000004_}
              x{03DF94AA22408F0D180000001937A4008084_}
              x{03DF94AA23405F5E100000001937A4008084_}
           x{729C3211852F180F9900265A1055C734C8786D3D3FD5BB405940F83B5FD20660C760D8DE2548F6B031B7225C519AFCFBEBD84042CA9998FBD20759FC8BC905E772}
           x{0CC0939506185E94844_}
            x{40F223138800000000000000000C800000000000000000000000000000000000000000000000000000000000000000000000000000000000000000000000000000000000000000000000000000002_}
            x{C98485D04C0C0F70000000000002000000000002A60BCE63E3CC0FB6560C420FA1683F020A388910A9D92A4857E8F1DDDC00EBAC40D022DC_},
          hash: [Function: hash],
          blockchainLogs: '[ 4][t 0][2024-10-30 23:27:17.920000][transaction.cpp:443]\tunpacking account E9F2F0D84B872955EA7531CD76AA1708C7F19E9781FF03939BD35BA547EE1634\n' +
            '[ 4][t 0][2024-10-30 23:27:17.920000][transaction.cpp:274]\tlast_paid=1730330837; cells=6 bits=821 public_cells=0\n' +
            '[ 4][t 0][2024-10-30 23:27:17.920000][transaction.cpp:504]\tend of Account.unpack() for 0:E9F2F0D84B872955EA7531CD76AA1708C7F19E9781FF03939BD35BA547EE1634 (balance = 1000000000000000ng ; last_trans_lt = 9000000..9000001)\n' +
            '[ 4][t 0][2024-10-30 23:27:17.920000][transaction.cpp:3655]\tblock random seed set to 0000000000000000000000000000000000000000000000000000000000000000\n' +
            '[ 4][t 0][2024-10-30 23:27:17.920000][transaction.cpp:788]\tstorage paid for a message: 4 cells, 842 bits\n' +
            '[ 4][t 0][2024-10-30 23:27:17.920000][transaction.cpp:802]\tcomputed fwd fees = 896800 + 0\n' +
            '[ 4][t 0][2024-10-30 23:27:17.921000][transaction.cpp:1236]\tgas limits: max=1000000, limit=0, credit=10000\n' +
            '[ 4][t 0][2024-10-30 23:27:17.921000][transaction.cpp:1575]\tin_msg_state is null\n' +
            '[ 4][t 0][2024-10-30 23:27:17.921000][transaction.cpp:1645]\tcreating VM\n' +
            '[ 4][t 0][2024-10-30 23:27:17.921000][transaction.cpp:1351]\tSmartContractInfo initialized with [ 124711402 0 0 1732922837 33000000 33000000 60210483465141978598827679003117970236339845468170532052053411751718225576024 [ 999999998952076 (null) ] CS{Cell{0275c00e9f2f0d84b872955ea7531cd76aa1708c7f19e9781ff03939bd35ba547ee163420c80cd43391606a80000000002255105c0e35fa931a0001340} bits: 1..268; refs: 0..0} C{A7EC01478F770EF8F8B037CC7E42F0ABF0D85A50E1828C2394DAD1411691F2DE} C{D992502B94EA96E7B34E5D62FFB0C6FC73D78B3E61F11F0848FB3A1EB1AFC912} [ 0 (null) ] 151124 (null) [ CS{Cell{004dd06600000000000000000000000080000000000000fa00000000000001f4000000000003d09040} bits: 9..305; refs: 0..0} (null) CS{Cell{0094d1000000000000006400000000000f4240de000000002710000000000000000f42400000000002160ec0000000000000271000000000002625a00000000005f5e100000000003b9aca00} bits: 0..592; refs: 0..0} CS{Cell{0094d100000000000000640000000000009c40de000000000190000000000000000f424000000000000f4240000000000000271000000000009896800000000005f5e100000000003b9aca00} bits: 0..592; refs: 0..0} CS{Cell{0042ea000000000098968000000000271000000000000f424000000001800055555555} bits: 0..264; refs: 0..0} CS{Cell{0042ea0000000000061a800000000001900000000000009c4000000001800055555555} bits: 0..264; refs: 0..0} (null) ] 0 (null) ]\n' +
            '[ 4][t 0][2024-10-30 23:27:17.921000][transaction.cpp:1675]\tstarting VM\n' +
            '[ 4][t 0][2024-10-30 23:27:17.921000][transaction.cpp:1680]\tVM terminated with exit code 0\n' +
            '[ 3][t 0][2024-10-30 23:27:17.921000][transaction.cpp:1702]\tsteps: 50 gas: used=1937, max=1000000, limit=1000000, credit=0\n' +
            '[ 3][t 0][2024-10-30 23:27:17.921000][transaction.cpp:1704]\tout_of_gas=false, accepted=true, success=true, time=0.000083s\n' +
            '[ 4][t 0][2024-10-30 23:27:17.921000][transaction.cpp:1737]\tgas fees: 774800 = 26214400 * 1937 /2^16 ; price=26214400; flat rate=[40000 for 100]; remaining balance=999999998177276ng\n' +
            '[ 4][t 0][2024-10-30 23:27:17.921000][transaction.cpp:2448]\tstorage paid for a message: 2 cells, 282 bits\n' +
            '[ 4][t 0][2024-10-30 23:27:17.921000][transaction.cpp:2452]\tcomputed fwd fees = 592800 + 0\n',
          vmLogs: 'ULLSWAPIFNOT2\n' +
            'execute DUP\n' +
            'execute PUSHCONT x02D307D43001FB00\n' +
            'execute PUSHCONT x32\n' +
            'execute IFELSE\n' +
            'execute POP s2\n' +
            'execute implicit RET\n' +
            'execute SWAP\n' +
            'execute NOT\n' +
            'execute implicit RET\n' +
            'until loop body end\n' +
            'until loop terminated\n' +
            'execute 2DROP\n' +
            'execute implicit RET\n',
          debugLogs: '',
          events: [Array],
          parent: undefined,
          children: [Array],
          externals: []
        },
        children: [ [Object] ],
        externals: []
      },
      {
        address: 8298038735212017995993598744482915721429218553349686891340117237129977838804n,
        lt: 35000000n,
        prevTransactionHash: 100973826456739107001640738310339434591709597051285155676951575361571150472942n,
        prevTransactionLt: 22000000n,
        now: 1732922837,
        outMessagesCount: 1,
        oldStatus: 'active',
        endStatus: 'active',
        inMessage: {
          info: [Object],
          init: null,
          body: x{03DF94AA000000000000000022408F0D180000001937A40080811A02FAF080000000C9BD2004042_}
           x{}
        },
        outMessages: Dictionary { _key: [Object], _value: [Object], _map: [Map] },
        totalFees: { coins: 3697061n },
        stateUpdate: {
          oldHash: <Buffer e6 11 34 a3 57 3c a5 58 53 e0 60 f8 d8 eb b5 b7 b3 8c 5c 8c 31 f8 22 c2 97 84 7c 3e 1a 4b 8d 39>,
          newHash: <Buffer ba 45 ae 30 8c b1 f3 b0 fb 95 64 5d 52 66 5a 7e ee da 51 c8 51 34 29 02 0b 71 30 54 4e 1e 9e 5f>
        },
        description: {
          type: 'generic',
          creditFirst: false,
          storagePhase: [Object],
          creditPhase: [Object],
          computePhase: [Object],
          actionPhase: [Object],
          bouncePhase: undefined,
          aborted: false,
          destroyed: false
        },
        raw: x{7125886032725094E79C44C1AB9642FE1CBF1BF4D77DB25C345DDBE7A8C80BCD40000000002160EC0DF3D2915848F2D939E801F529C3EAE7D278ABA0FDEAB4C196F01D8AB27D1A6EE00000000014FB180674A4DD500034670D34A}
         x{E_}
          x{6800A4BAF36B13E3AE770F28659A34B2D81F38859E8C08CF776F2BB4B441804382710004962180C9C942539E711306AE590BF872FC6FD35DF6C970D1776F9EA3202F3510EA5359EC060C523200000000040D9902CE949BAA01EFCA550000000000000000112047868C0000000C9BD20040408D017D784000000064DE9002021_}
           x{}
          x{DF_}
           x{680024B10C064E4A129CF388983572C85FC397E37E9AEFB64B868BBB7CF5190179A90014975E6D627C75CEE1E50CB346965B03E710B3D18119EEEDE57696883008704E10E948BFEC061479B600000000042C1D82CE949BAAC_}
            x{935FA9D10000000000000000}
             x{00000000000000000000000000000000000000000000000000000000000000220000000000000000000000000000000000000000000000000000000008F0D18001937A400808}
             x{00000000000000000000000000000000000000000000000000000000000000230000000000000000000000000000000000000000000000000000000005F5E10001937A400808}
         x{72E61134A3573CA55853E060F8D8EBB5B7B38C5C8C31F822C297847C3E1A4B8D39BA45AE308CB1F3B0FB95645D52665A7EEEDA51C8513429020B7130544E1E9E5F}
         x{04260E383890EA5359ED866696811_}
          x{441A8C3D09000000000000000000D800000000000000000000000000000000000000000000000000000000000000000000000000000000000000000000000000000000000000000000000000000000}
          x{C987ADA04C147994000000000002000000000002CEFEC2A7D489D9EEE0D31AA5B27BC0F66032FEF1CA6662895563E2436D047A8C41103C0C_},
        hash: [Function: hash],
        blockchainLogs: '[ 4][t 0][2024-10-30 23:27:17.927000][transaction.cpp:443]\tunpacking account 125886032725094E79C44C1AB9642FE1CBF1BF4D77DB25C345DDBE7A8C80BCD4\n' +
          '[ 4][t 0][2024-10-30 23:27:17.927000][transaction.cpp:274]\tlast_paid=1730330837; cells=15 bits=4281 public_cells=0\n' +
          '[ 4][t 0][2024-10-30 23:27:17.927000][transaction.cpp:504]\tend of Account.unpack() for 0:125886032725094E79C44C1AB9642FE1CBF1BF4D77DB25C345DDBE7A8C80BCD4 (balance = 0ng ; last_trans_lt = 22000000..22000002)\n' +
          '[ 4][t 0][2024-10-30 23:27:17.927000][transaction.cpp:3655]\tblock random seed set to 0000000000000000000000000000000000000000000000000000000000000000\n' +
          '[ 4][t 0][2024-10-30 23:27:17.927000][transaction.cpp:1236]\tgas limits: max=1000000, limit=1000000, credit=0\n' +
          '[ 4][t 0][2024-10-30 23:27:17.927000][transaction.cpp:1575]\tin_msg_state is null\n' +
          '[ 4][t 0][2024-10-30 23:27:17.927000][transaction.cpp:1645]\tcreating VM\n' +
          '[ 4][t 0][2024-10-30 23:27:17.927000][transaction.cpp:1351]\tSmartContractInfo initialized with [ 124711402 0 0 1732922837 35000000 35000000 82439665744655549942718375299244058949366754266342087607225540301749132006686 [ 982832763 (null) ] CS{Cell{0267c00125886032725094e79c44c1ab9642fe1cbf1bf4d77db25c345ddbe7a8c80bcd421e842e43391606a800000000053ec6081340} bits: 1..268; refs: 0..0} C{A7EC01478F770EF8F8B037CC7E42F0ABF0D85A50E1828C2394DAD1411691F2DE} C{BF31B32BE5ACBAACCE8B48CCEB4C84B86023EA1F188E974030A4F420D26CF50F} [ 982832763 (null) ] 0 (null) [ CS{Cell{004dd06600000000000000000000000080000000000000fa00000000000001f4000000000003d09040} bits: 9..305; refs: 0..0} (null) CS{Cell{0094d1000000000000006400000000000f4240de000000002710000000000000000f42400000000002160ec0000000000000271000000000002625a00000000005f5e100000000003b9aca00} bits: 0..592; refs: 0..0} CS{Cell{0094d100000000000000640000000000009c40de000000000190000000000000000f424000000000000f4240000000000000271000000000009896800000000005f5e100000000003b9aca00} bits: 0..592; refs: 0..0} CS{Cell{0042ea000000000098968000000000271000000000000f424000000001800055555555} bits: 0..264; refs: 0..0} CS{Cell{0042ea0000000000061a800000000001900000000000009c4000000001800055555555} bits: 0..264; refs: 0..0} (null) ] 465948 (null) ]\n' +
          '[ 4][t 0][2024-10-30 23:27:17.927000][transaction.cpp:1675]\tstarting VM\n' +
          '[ 4][t 0][2024-10-30 23:27:17.927000][transaction.cpp:1680]\tVM terminated with exit code 0\n' +
          '[ 3][t 0][2024-10-30 23:27:17.927000][transaction.cpp:1702]\tsteps: 216 gas: used=8404, max=1000000, limit=1000000, credit=0\n' +
          '[ 3][t 0][2024-10-30 23:27:17.927000][transaction.cpp:1704]\tout_of_gas=false, accepted=true, success=true, time=0.000212s\n' +
          '[ 4][t 0][2024-10-30 23:27:17.927000][transaction.cpp:1737]\tgas fees: 3361600 = 26214400 * 8404 /2^16 ; price=26214400; flat rate=[40000 for 100]; remaining balance=979471163ng\n' +
          '[ 4][t 0][2024-10-30 23:27:17.927000][transaction.cpp:2448]\tstorage paid for a message: 3 cells, 1216 bits\n' +
          '[ 4][t 0][2024-10-30 23:27:17.927000][transaction.cpp:2452]\tcomputed fwd fees = 1006400 + 0\n',
        vmLogs: 'xecute PUSHINT -1\n' +
          'execute implicit RET\n' +
          'execute THROWIFNOT 130\n' +
          'execute NEWC\n' +
          'execute GETGLOB 3\n' +
          'execute SWAP\n' +
          'execute STREF\n' +
          'execute PUSHINT -1\n' +
          'execute SWAP\n' +
          'execute STI 1\n' +
          'execute SWAP\n' +
          'execute SWAP\n' +
          'execute STU 32\n' +
          'execute ENDC\n' +
          'execute POP c4\n' +
          'execute implicit RET\n',
        debugLogs: '',
        events: [ [Object] ],
        parent: {
          address: 37254810366437813475271750514734067285117962570475561289538093995582013161784n,
          lt: 34000000n,
          prevTransactionHash: 18156044694193010256316230671871736923598255560552867616969203512712329549656n,
          prevTransactionLt: 25000000n,
          now: 1732922837,
          outMessagesCount: 1,
          oldStatus: 'active',
          endStatus: 'active',
          inMessage: [Object],
          outMessages: [Dictionary],
          totalFees: [Object],
          stateUpdate: [Object],
          description: [Object],
          raw: x{7525D79B589F1D73B879432CD1A596C0F9C42CF460467BBB795DA5A20C021C138000000000206CC802823F50684C0A2555DBB6B5918848C3D28199C16D570E0240218B23E9B31D75800000000017D7840674A4DD5000347FF94D8}
           x{E_}
            x{6801D3E5E1B0970E52ABD4EA639AED542E118FE33D2F03FE072737A6B74A8FDC2C690014975E6D627C75CEE1E50CB346965B03E710B3D18119EEEDE57696883008704E10EE6B2800060C0F880000000003EF1482CE949BAA74B137DD0000000000000000000000004_}
             x{03DF94AA22408F0D180000001937A4008084_}
             x{03DF94AA23405F5E100000001937A4008084_}
            x{DF_}
             x{6800A4BAF36B13E3AE770F28659A34B2D81F38859E8C08CF776F2BB4B441804382710004962180C9C942539E711306AE590BF872FC6FD35DF6C970D1776F9EA3202F3510EA5359EC060C523200000000040D9902CE949BAAC_}
              x{03DF94AA000000000000000022408F0D180000001937A40080811A02FAF080000000C9BD2004042_}
               x{}
           x{722136EAAAA6CB8B7FC27DACFCFDEE3245B9046B13C004B74BA7EBDFA8F92AB6349B19CF436ED73F6C2EDCB04B40BDF2EB0A59D8D17A975E94870A7FB4CAF7BA8A}
           x{04DDDA39490EE6B2801870A9A011_}
            x{4AAA0C3D090000000000000000025500000000000000000000000000000000000000000000000000000000000000000000000000000000000000000000000000000000000000000000000000000000}
            x{C9849ED04C0C521C0000000000040002000000037D2AA64E71B5AEE52625670E72C293400CABB61D97491651825E153C8DCFDBA240D01FDC_},
          hash: [Function: hash],
          blockchainLogs: '[ 4][t 0][2024-10-30 23:27:17.923000][transaction.cpp:443]\tunpacking account 525D79B589F1D73B879432CD1A596C0F9C42CF460467BBB795DA5A20C021C138\n' +
            '[ 4][t 0][2024-10-30 23:27:17.923000][transaction.cpp:274]\tlast_paid=1730330837; cells=229 bits=83363 public_cells=0\n' +
            '[ 4][t 0][2024-10-30 23:27:17.923000][transaction.cpp:504]\tend of Account.unpack() for 0:525D79B589F1D73B879432CD1A596C0F9C42CF460467BBB795DA5A20C021C138 (balance = 2100000000ng ; last_trans_lt = 25000000..25000006)\n' +
            '[ 4][t 0][2024-10-30 23:27:17.923000][transaction.cpp:3655]\tblock random seed set to 0000000000000000000000000000000000000000000000000000000000000000\n' +
            '[ 4][t 0][2024-10-30 23:27:17.923000][transaction.cpp:1236]\tgas limits: max=1000000, limit=1000000, credit=0\n' +
            '[ 4][t 0][2024-10-30 23:27:17.923000][transaction.cpp:1575]\tin_msg_state is null\n' +
            '[ 4][t 0][2024-10-30 23:27:17.923000][transaction.cpp:1645]\tcreating VM\n' +
            '[ 4][t 0][2024-10-30 23:27:17.923000][transaction.cpp:1351]\tSmartContractInfo initialized with [ 124711402 0 0 1732922837 34000000 34000000 14068792954309835536948273256715513127174070948738620016199408580766834334284 [ 3092174363 (null) ] CS{Cell{0271c00525d79b589f1d73b879432cd1a596c0f9c42cf460467bbb795da5a20c021c1383cac05168c3391606a80000000005f5e1191f4add401340} bits: 1..268; refs: 0..0} C{A7EC01478F770EF8F8B037CC7E42F0ABF0D85A50E1828C2394DAD1411691F2DE} C{42B6F0E46484EFC57B9508F6BA7EF42E7512023D5CB4ED5628DD1C7755D16E9D} [ 1000000000 (null) ] 7825637 (null) [ CS{Cell{004dd06600000000000000000000000080000000000000fa00000000000001f4000000000003d09040} bits: 9..305; refs: 0..0} (null) CS{Cell{0094d1000000000000006400000000000f4240de000000002710000000000000000f42400000000002160ec0000000000000271000000000002625a00000000005f5e100000000003b9aca00} bits: 0..592; refs: 0..0} CS{Cell{0094d100000000000000640000000000009c40de000000000190000000000000000f424000000000000f4240000000000000271000000000009896800000000005f5e100000000003b9aca00} bits: 0..592; refs: 0..0} CS{Cell{0042ea000000000098968000000000271000000000000f424000000001800055555555} bits: 0..264; refs: 0..0} CS{Cell{0042ea0000000000061a800000000001900000000000009c4000000001800055555555} bits: 0..264; refs: 0..0} (null) ] 0 (null) ]\n' +
            '[ 4][t 0][2024-10-30 23:27:17.924000][transaction.cpp:1675]\tstarting VM\n' +
            '[ 4][t 0][2024-10-30 23:27:17.924000][transaction.cpp:1680]\tVM terminated with exit code 0\n' +
            '[ 3][t 0][2024-10-30 23:27:17.924000][transaction.cpp:1702]\tsteps: 597 gas: used=21840, max=1000000, limit=1000000, credit=0\n' +
            '[ 3][t 0][2024-10-30 23:27:17.924000][transaction.cpp:1704]\tout_of_gas=false, accepted=true, success=true, time=0.000674s\n' +
            '[ 4][t 0][2024-10-30 23:27:17.924000][transaction.cpp:1737]\tgas fees: 8736000 = 26214400 * 21840 /2^16 ; price=26214400; flat rate=[40000 for 100]; remaining balance=3083438363ng\n' +
            '[ 3][t 0][2024-10-30 23:27:17.924000][transaction.cpp:2678]\tin try_action_reserve_currency(0)\n' +
            '[ 4][t 0][2024-10-30 23:27:17.924000][transaction.cpp:2684]\taction_reserve_currency: mode=0, reserve=2100000000ng, balance=3083438363ng, original balance=2092174363ng\n' +
            '[ 3][t 0][2024-10-30 23:27:17.924000][transaction.cpp:2729]\tchanged remaining balance to 983438363ng, reserved balance to 2100000000ng\n' +
            '[ 4][t 0][2024-10-30 23:27:17.924000][transaction.cpp:2448]\tstorage paid for a message: 2 cells, 314 bits\n' +
            '[ 4][t 0][2024-10-30 23:27:17.924000][transaction.cpp:2452]\tcomputed fwd fees = 605600 + 0\n',
          vmLogs: 'xecute EQUAL\n' +
            'execute THROWIF 137\n' +
            'execute PUSHPOW2 10\n' +
            'execute EQUAL\n' +
            'execute THROWIFNOT 136\n' +
            'execute STSLICER\n' +
            'execute ENDC\n' +
            'execute ROT\n' +
            'execute STREF\n' +
            'execute ENDC\n' +
            'execute SWAP\n' +
            'execute STREF\n' +
            'execute implicit RET\n' +
            'execute ENDC\n' +
            'execute POP c4\n' +
            'execute implicit RET\n',
          debugLogs: '',
          events: [Array],
          parent: [Object],
          children: [Array],
          externals: []
        },
        children: [ [Object] ],
        externals: []
      },
      {
        address: 37254810366437813475271750514734067285117962570475561289538093995582013161784n,
        lt: 36000000n,
        prevTransactionHash: 13467819577481717180056402656816471883154392486278215719620395764088400230864n,
        prevTransactionLt: 34000000n,
        now: 1732922837,
        outMessagesCount: 1,
        oldStatus: 'active',
        endStatus: 'active',
        inMessage: {
          info: [Object],
          init: null,
          body: x{935FA9D10000000000000000}
           x{00000000000000000000000000000000000000000000000000000000000000220000000000000000000000000000000000000000000000000000000008F0D18001937A400808}
           x{00000000000000000000000000000000000000000000000000000000000000230000000000000000000000000000000000000000000000000000000005F5E10001937A400808}
        },
        outMessages: Dictionary { _key: [Object], _value: [Object], _map: [Map] },
        totalFees: { coins: 12012664n },
        stateUpdate: {
          oldHash: <Buffer 9b 19 cf 43 6e d7 3f 6c 2e dc b0 4b 40 bd f2 eb 0a 59 d8 d1 7a 97 5e 94 87 0a 7f b4 ca f7 ba 8a>,
          newHash: <Buffer 27 8a bf 52 db 90 e4 a6 95 23 8b d6 b5 04 f5 d1 0d 6e 87 76 b4 ed e9 67 24 b4 e4 63 f9 5f 13 13>
        },
        description: {
          type: 'generic',
          creditFirst: false,
          storagePhase: [Object],
          creditPhase: [Object],
          computePhase: [Object],
          actionPhase: [Object],
          bouncePhase: undefined,
          aborted: false,
          destroyed: false
        },
        raw: x{7525D79B589F1D73B879432CD1A596C0F9C42CF460467BBB795DA5A20C021C13800000000022551001DC6840821A5D33BF57B9A953BFF875F8127B8D45AF64620F1778A08C083B9D0000000000206CC80674A4DD50003476E98F0}
         x{E_}
          x{680024B10C064E4A129CF388983572C85FC397E37E9AEFB64B868BBB7CF5190179A90014975E6D627C75CEE1E50CB346965B03E710B3D18119EEEDE57696883008704E10E948BFEC061479B600000000042C1D82CE949BAA49AFD4E880000000000000004_}
           x{00000000000000000000000000000000000000000000000000000000000000220000000000000000000000000000000000000000000000000000000008F0D18001937A400808}
           x{00000000000000000000000000000000000000000000000000000000000000230000000000000000000000000000000000000000000000000000000005F5E10001937A400808}
          x{DF_}
           x{6800A4BAF36B13E3AE770F28659A34B2D81F38859E8C08CF776F2BB4B44180438271002E74930F029149EC08380972A5584C717AD4204A4455F097F5E5877CB40E86DA90E65816AC0609BBB000000000044AA202CE949BAAC_}
            x{E601F8E50000000000000000}
         x{729B19CF436ED73F6C2EDCB04B40BDF2EB0A59D8D17A975E94870A7FB4CAF7BA8A278ABF52DB90E4A695238BD6B504F5D10D6E8776B4EDE96724B4E463F95F1313}
         x{04090E948BFED8769BB211_}
          x{4E782C3D090000000000000000031700000000000000000000000000000000000000000000000000000000000000000000000000000000000000000000000000000000000000000000000000000000}
          x{C983A6604C09BBA000000000000400020000000388D0C29501CA01261A550F77F5936E7DB7CACEE37FC601F787453CB248E780324090190C_},
        hash: [Function: hash],
        blockchainLogs: '[ 4][t 0][2024-10-30 23:27:17.930000][transaction.cpp:443]\tunpacking account 525D79B589F1D73B879432CD1A596C0F9C42CF460467BBB795DA5A20C021C138\n' +
          '[ 4][t 0][2024-10-30 23:27:17.930000][transaction.cpp:274]\tlast_paid=1732922837; cells=232 bits=83682 public_cells=0\n' +
          '[ 4][t 0][2024-10-30 23:27:17.930000][transaction.cpp:504]\tend of Account.unpack() for 0:525D79B589F1D73B879432CD1A596C0F9C42CF460467BBB795DA5A20C021C138 (balance = 2100000000ng ; last_trans_lt = 34000000..34000002)\n' +
          '[ 4][t 0][2024-10-30 23:27:17.930000][transaction.cpp:3655]\tblock random seed set to 0000000000000000000000000000000000000000000000000000000000000000\n' +
          '[ 4][t 0][2024-10-30 23:27:17.930000][transaction.cpp:1236]\tgas limits: max=1000000, limit=1000000, credit=0\n' +
          '[ 4][t 0][2024-10-30 23:27:17.930000][transaction.cpp:1575]\tin_msg_state is null\n' +
          '[ 4][t 0][2024-10-30 23:27:17.930000][transaction.cpp:1645]\tcreating VM\n' +
          '[ 4][t 0][2024-10-30 23:27:17.930000][transaction.cpp:1351]\tSmartContractInfo initialized with [ 124711402 0 0 1732922837 36000000 36000000 14068792954309835536948273256715513127174070948738620016199408580766834334284 [ 3078464763 (null) ] CS{Cell{0271c00525d79b589f1d73b879432cd1a596c0f9c42cf460467bbb795da5a20c021c1383d0c051b8833a526ea800000000081b32091f4add401340} bits: 1..268; refs: 0..0} C{A7EC01478F770EF8F8B037CC7E42F0ABF0D85A50E1828C2394DAD1411691F2DE} C{42B6F0E46484EFC57B9508F6BA7EF42E7512023D5CB4ED5628DD1C7755D16E9D} [ 978464763 (null) ] 0 (null) [ CS{Cell{004dd06600000000000000000000000080000000000000fa00000000000001f4000000000003d09040} bits: 9..305; refs: 0..0} (null) CS{Cell{0094d1000000000000006400000000000f4240de000000002710000000000000000f42400000000002160ec0000000000000271000000000002625a00000000005f5e100000000003b9aca00} bits: 0..592; refs: 0..0} CS{Cell{0094d100000000000000640000000000009c40de000000000190000000000000000f424000000000000f4240000000000000271000000000009896800000000005f5e100000000003b9aca00} bits: 0..592; refs: 0..0} CS{Cell{0042ea000000000098968000000000271000000000000f424000000001800055555555} bits: 0..264; refs: 0..0} CS{Cell{0042ea0000000000061a800000000001900000000000009c4000000001800055555555} bits: 0..264; refs: 0..0} (null) ] 0 (null) ]\n' +
          '[ 4][t 0][2024-10-30 23:27:17.930000][transaction.cpp:1675]\tstarting VM\n' +
          '[ 4][t 0][2024-10-30 23:27:17.931000][transaction.cpp:1680]\tVM terminated with exit code 0\n' +
          '[ 3][t 0][2024-10-30 23:27:17.931000][transaction.cpp:1702]\tsteps: 791 gas: used=29633, max=1000000, limit=1000000, credit=0\n' +
          '[ 3][t 0][2024-10-30 23:27:17.931000][transaction.cpp:1704]\tout_of_gas=false, accepted=true, success=true, time=0.000895s\n' +
          '[ 4][t 0][2024-10-30 23:27:17.931000][transaction.cpp:1737]\tgas fees: 11853200 = 26214400 * 29633 /2^16 ; price=26214400; flat rate=[40000 for 100]; remaining balance=3066611563ng\n' +
          '[ 3][t 0][2024-10-30 23:27:17.931000][transaction.cpp:2678]\tin try_action_reserve_currency(0)\n' +
          '[ 4][t 0][2024-10-30 23:27:17.931000][transaction.cpp:2684]\taction_reserve_currency: mode=0, reserve=2100000000ng, balance=3066611563ng, original balance=2100000000ng\n' +
          '[ 3][t 0][2024-10-30 23:27:17.931000][transaction.cpp:2729]\tchanged remaining balance to 966611563ng, reserved balance to 2100000000ng\n' +
          '[ 4][t 0][2024-10-30 23:27:17.931000][transaction.cpp:2448]\tstorage paid for a message: 1 cells, 96 bits\n' +
          '[ 4][t 0][2024-10-30 23:27:17.931000][transaction.cpp:2452]\tcomputed fwd fees = 478400 + 0\n',
        vmLogs: 'xecute EQUAL\n' +
          'execute THROWIF 137\n' +
          'execute PUSHPOW2 10\n' +
          'execute EQUAL\n' +
          'execute THROWIFNOT 136\n' +
          'execute STSLICER\n' +
          'execute ENDC\n' +
          'execute ROT\n' +
          'execute STREF\n' +
          'execute ENDC\n' +
          'execute SWAP\n' +
          'execute STREF\n' +
          'execute implicit RET\n' +
          'execute ENDC\n' +
          'execute POP c4\n' +
          'execute implicit RET\n',
        debugLogs: '',
        events: [ [Object] ],
        parent: {
          address: 8298038735212017995993598744482915721429218553349686891340117237129977838804n,
          lt: 35000000n,
          prevTransactionHash: 100973826456739107001640738310339434591709597051285155676951575361571150472942n,
          prevTransactionLt: 22000000n,
          now: 1732922837,
          outMessagesCount: 1,
          oldStatus: 'active',
          endStatus: 'active',
          inMessage: [Object],
          outMessages: [Dictionary],
          totalFees: [Object],
          stateUpdate: [Object],
          description: [Object],
          raw: x{7125886032725094E79C44C1AB9642FE1CBF1BF4D77DB25C345DDBE7A8C80BCD40000000002160EC0DF3D2915848F2D939E801F529C3EAE7D278ABA0FDEAB4C196F01D8AB27D1A6EE00000000014FB180674A4DD500034670D34A}
           x{E_}
            x{6800A4BAF36B13E3AE770F28659A34B2D81F38859E8C08CF776F2BB4B441804382710004962180C9C942539E711306AE590BF872FC6FD35DF6C970D1776F9EA3202F3510EA5359EC060C523200000000040D9902CE949BAA01EFCA550000000000000000112047868C0000000C9BD20040408D017D784000000064DE9002021_}
             x{}
            x{DF_}
             x{680024B10C064E4A129CF388983572C85FC397E37E9AEFB64B868BBB7CF5190179A90014975E6D627C75CEE1E50CB346965B03E710B3D18119EEEDE57696883008704E10E948BFEC061479B600000000042C1D82CE949BAAC_}
              x{935FA9D10000000000000000}
               x{00000000000000000000000000000000000000000000000000000000000000220000000000000000000000000000000000000000000000000000000008F0D18001937A400808}
               x{00000000000000000000000000000000000000000000000000000000000000230000000000000000000000000000000000000000000000000000000005F5E10001937A400808}
           x{72E61134A3573CA55853E060F8D8EBB5B7B38C5C8C31F822C297847C3E1A4B8D39BA45AE308CB1F3B0FB95645D52665A7EEEDA51C8513429020B7130544E1E9E5F}
           x{04260E383890EA5359ED866696811_}
            x{441A8C3D09000000000000000000D800000000000000000000000000000000000000000000000000000000000000000000000000000000000000000000000000000000000000000000000000000000}
            x{C987ADA04C147994000000000002000000000002CEFEC2A7D489D9EEE0D31AA5B27BC0F66032FEF1CA6662895563E2436D047A8C41103C0C_},
          hash: [Function: hash],
          blockchainLogs: '[ 4][t 0][2024-10-30 23:27:17.927000][transaction.cpp:443]\tunpacking account 125886032725094E79C44C1AB9642FE1CBF1BF4D77DB25C345DDBE7A8C80BCD4\n' +
            '[ 4][t 0][2024-10-30 23:27:17.927000][transaction.cpp:274]\tlast_paid=1730330837; cells=15 bits=4281 public_cells=0\n' +
            '[ 4][t 0][2024-10-30 23:27:17.927000][transaction.cpp:504]\tend of Account.unpack() for 0:125886032725094E79C44C1AB9642FE1CBF1BF4D77DB25C345DDBE7A8C80BCD4 (balance = 0ng ; last_trans_lt = 22000000..22000002)\n' +
            '[ 4][t 0][2024-10-30 23:27:17.927000][transaction.cpp:3655]\tblock random seed set to 0000000000000000000000000000000000000000000000000000000000000000\n' +
            '[ 4][t 0][2024-10-30 23:27:17.927000][transaction.cpp:1236]\tgas limits: max=1000000, limit=1000000, credit=0\n' +
            '[ 4][t 0][2024-10-30 23:27:17.927000][transaction.cpp:1575]\tin_msg_state is null\n' +
            '[ 4][t 0][2024-10-30 23:27:17.927000][transaction.cpp:1645]\tcreating VM\n' +
            '[ 4][t 0][2024-10-30 23:27:17.927000][transaction.cpp:1351]\tSmartContractInfo initialized with [ 124711402 0 0 1732922837 35000000 35000000 82439665744655549942718375299244058949366754266342087607225540301749132006686 [ 982832763 (null) ] CS{Cell{0267c00125886032725094e79c44c1ab9642fe1cbf1bf4d77db25c345ddbe7a8c80bcd421e842e43391606a800000000053ec6081340} bits: 1..268; refs: 0..0} C{A7EC01478F770EF8F8B037CC7E42F0ABF0D85A50E1828C2394DAD1411691F2DE} C{BF31B32BE5ACBAACCE8B48CCEB4C84B86023EA1F188E974030A4F420D26CF50F} [ 982832763 (null) ] 0 (null) [ CS{Cell{004dd06600000000000000000000000080000000000000fa00000000000001f4000000000003d09040} bits: 9..305; refs: 0..0} (null) CS{Cell{0094d1000000000000006400000000000f4240de000000002710000000000000000f42400000000002160ec0000000000000271000000000002625a00000000005f5e100000000003b9aca00} bits: 0..592; refs: 0..0} CS{Cell{0094d100000000000000640000000000009c40de000000000190000000000000000f424000000000000f4240000000000000271000000000009896800000000005f5e100000000003b9aca00} bits: 0..592; refs: 0..0} CS{Cell{0042ea000000000098968000000000271000000000000f424000000001800055555555} bits: 0..264; refs: 0..0} CS{Cell{0042ea0000000000061a800000000001900000000000009c4000000001800055555555} bits: 0..264; refs: 0..0} (null) ] 465948 (null) ]\n' +
            '[ 4][t 0][2024-10-30 23:27:17.927000][transaction.cpp:1675]\tstarting VM\n' +
            '[ 4][t 0][2024-10-30 23:27:17.927000][transaction.cpp:1680]\tVM terminated with exit code 0\n' +
            '[ 3][t 0][2024-10-30 23:27:17.927000][transaction.cpp:1702]\tsteps: 216 gas: used=8404, max=1000000, limit=1000000, credit=0\n' +
            '[ 3][t 0][2024-10-30 23:27:17.927000][transaction.cpp:1704]\tout_of_gas=false, accepted=true, success=true, time=0.000212s\n' +
            '[ 4][t 0][2024-10-30 23:27:17.927000][transaction.cpp:1737]\tgas fees: 3361600 = 26214400 * 8404 /2^16 ; price=26214400; flat rate=[40000 for 100]; remaining balance=979471163ng\n' +
            '[ 4][t 0][2024-10-30 23:27:17.927000][transaction.cpp:2448]\tstorage paid for a message: 3 cells, 1216 bits\n' +
            '[ 4][t 0][2024-10-30 23:27:17.927000][transaction.cpp:2452]\tcomputed fwd fees = 1006400 + 0\n',
          vmLogs: 'xecute PUSHINT -1\n' +
            'execute implicit RET\n' +
            'execute THROWIFNOT 130\n' +
            'execute NEWC\n' +
            'execute GETGLOB 3\n' +
            'execute SWAP\n' +
            'execute STREF\n' +
            'execute PUSHINT -1\n' +
            'execute SWAP\n' +
            'execute STI 1\n' +
            'execute SWAP\n' +
            'execute SWAP\n' +
            'execute STU 32\n' +
            'execute ENDC\n' +
            'execute POP c4\n' +
            'execute implicit RET\n',
          debugLogs: '',
          events: [Array],
          parent: [Object],
          children: [Array],
          externals: []
        },
        children: [ [Object] ],
        externals: []
      },
      {
        address: 84049441022908470316622795825605090351520748406577698494615284512509455375210n,
        lt: 37000000n,
        prevTransactionHash: 21458832951557127600529232368892700200049457360702871773737729416284961666796n,
        prevTransactionLt: 29000000n,
        now: 1732922837,
        outMessagesCount: 1,
        oldStatus: 'active',
        endStatus: 'active',
        inMessage: { info: [Object], init: null, body: x{E601F8E50000000000000000} },
        outMessages: Dictionary { _key: [Object], _value: [Object], _map: [Map] },
        totalFees: { coins: 4689161n },
        stateUpdate: {
          oldHash: <Buffer 81 80 84 93 72 e0 28 f6 36 19 41 c5 d7 ff 8e c5 8a f3 19 f7 9a 9e ec 79 ec 99 07 01 7b 76 48 37>,
          newHash: <Buffer c6 e9 00 29 d7 ec 04 04 73 45 d5 23 8b 89 30 bb e1 b1 6f 20 8c 72 58 83 c4 d7 b7 97 30 0f 67 d9>
        },
        description: {
          type: 'generic',
          creditFirst: false,
          storagePhase: [Object],
          creditPhase: [Object],
          computePhase: [Object],
          actionPhase: [Object],
          bouncePhase: undefined,
          aborted: false,
          destroyed: false
        },
        raw: x{7B9D24C3C0A4527B020E025CA956131C5EB5081291157C25FD7961DF2D03A1B6A00000000023493402F7144DFB47412342951FA4196C7D2086814D01CC7E33382330209C4358A76EC0000000001BA8140674A4DD50003468F1A12}
         x{E_}
          x{6800A4BAF36B13E3AE770F28659A34B2D81F38859E8C08CF776F2BB4B44180438271002E74930F029149EC08380972A5584C717AD4204A4455F097F5E5877CB40E86DA90E65816AC0609BBB000000000044AA202CE949BAA7300FC7280000000000000004_}
          x{DF_}
           x{680173A49878148A4F6041C04B952AC2638BD6A1025222AF84BFAF2C3BE5A07436D50014975E6D627C75CEE1E50CB346965B03E710B3D18119EEEDE57696883008704E10E51839CC0610D45E0000000004692682CE949BAAC_}
            x{B687AB17000000000000000000000000}
             x{02202FAF080202FAF08021DCD65001CC4B4021DCD65003391606AB397F7EAB391606AB3A526EA80000000800000004_}
              x{801028CD38D6A9FB165BB1D27554DCBBC8B7A064E07EF4C3832956828113614F545_}
         x{728180849372E028F6361941C5D7FF8EC58AF319F79A9EEC79EC9907017B764837C6E90029D7EC04047345D5238B8930BBE1B16F208C725883C4D7B797300F67D9}
         x{04C32FDA090E65816AD866D31211_}
          x{445E2C3D09000000000000000000FE00000000000000000000000000000000000000000000000000000000000000000000000000000000000000000000000000000000000000000000000000000000}
          x{C9864FA04C10D44400000000000400020000000233CAA28DE36860DC561D8BDF0F445D52084F6EB460E231159B85902D9CD8335641102E0C_},
        hash: [Function: hash],
        blockchainLogs: '[ 4][t 0][2024-10-30 23:27:17.933000][transaction.cpp:443]\tunpacking account B9D24C3C0A4527B020E025CA956131C5EB5081291157C25FD7961DF2D03A1B6A\n' +
          '[ 4][t 0][2024-10-30 23:27:17.934000][transaction.cpp:274]\tlast_paid=1730330837; cells=28 bits=7123 public_cells=0\n' +
          '[ 4][t 0][2024-10-30 23:27:17.934000][transaction.cpp:504]\tend of Account.unpack() for 0:B9D24C3C0A4527B020E025CA956131C5EB5081291157C25FD7961DF2D03A1B6A (balance = 10000000ng ; last_trans_lt = 29000000..29000002)\n' +
          '[ 4][t 0][2024-10-30 23:27:17.934000][transaction.cpp:3655]\tblock random seed set to 0000000000000000000000000000000000000000000000000000000000000000\n' +
          '[ 4][t 0][2024-10-30 23:27:17.934000][transaction.cpp:1236]\tgas limits: max=1000000, limit=1000000, credit=0\n' +
          '[ 4][t 0][2024-10-30 23:27:17.934000][transaction.cpp:1575]\tin_msg_state is null\n' +
          '[ 4][t 0][2024-10-30 23:27:17.934000][transaction.cpp:1645]\tcreating VM\n' +
          '[ 4][t 0][2024-10-30 23:27:17.934000][transaction.cpp:1351]\tSmartContractInfo initialized with [ 124711402 0 0 1732922837 37000000 37000000 84630195367514639409622924175749312199831056191303332875639359062248049886761 [ 975297731 (null) ] CS{Cell{026dc00b9d24c3c0a4527b020e025ca956131c5eb5081291157c25fd7961df2d03a1b6a23886f4c3391606a80000000006ea0508e625a01340} bits: 1..268; refs: 0..0} C{A7EC01478F770EF8F8B037CC7E42F0ABF0D85A50E1828C2394DAD1411691F2DE} C{F2179DCD5CFD8A1E113288591FFB7A5E10E107D0D2C36DF69E40398023DAA7B1} [ 966133163 (null) ] 835432 (null) [ CS{Cell{004dd06600000000000000000000000080000000000000fa00000000000001f4000000000003d09040} bits: 9..305; refs: 0..0} (null) CS{Cell{0094d1000000000000006400000000000f4240de000000002710000000000000000f42400000000002160ec0000000000000271000000000002625a00000000005f5e100000000003b9aca00} bits: 0..592; refs: 0..0} CS{Cell{0094d100000000000000640000000000009c40de000000000190000000000000000f424000000000000f4240000000000000271000000000009896800000000005f5e100000000003b9aca00} bits: 0..592; refs: 0..0} CS{Cell{0042ea000000000098968000000000271000000000000f424000000001800055555555} bits: 0..264; refs: 0..0} CS{Cell{0042ea0000000000061a800000000001900000000000009c4000000001800055555555} bits: 0..264; refs: 0..0} (null) ] 0 (null) ]\n' +
          '[ 4][t 0][2024-10-30 23:27:17.934000][transaction.cpp:1675]\tstarting VM\n' +
          '[ 4][t 0][2024-10-30 23:27:17.934000][transaction.cpp:1680]\tVM terminated with exit code 0\n' +
          '[ 3][t 0][2024-10-30 23:27:17.934000][transaction.cpp:1702]\tsteps: 254 gas: used=8945, max=1000000, limit=1000000, credit=0\n' +
          '[ 3][t 0][2024-10-30 23:27:17.934000][transaction.cpp:1704]\tout_of_gas=false, accepted=true, success=true, time=0.000258s\n' +
          '[ 4][t 0][2024-10-30 23:27:17.934000][transaction.cpp:1737]\tgas fees: 3578000 = 26214400 * 8945 /2^16 ; price=26214400; flat rate=[40000 for 100]; remaining balance=971719731ng\n' +
          '[ 3][t 0][2024-10-30 23:27:17.934000][transaction.cpp:2678]\tin try_action_reserve_currency(0)\n' +
          '[ 4][t 0][2024-10-30 23:27:17.934000][transaction.cpp:2684]\taction_reserve_currency: mode=0, reserve=10000000ng, balance=971719731ng, original balance=9164568ng\n' +
          '[ 3][t 0][2024-10-30 23:27:17.934000][transaction.cpp:2729]\tchanged remaining balance to 961719731ng, reserved balance to 10000000ng\n' +
          '[ 4][t 0][2024-10-30 23:27:17.934000][transaction.cpp:2448]\tstorage paid for a message: 3 cells, 768 bits\n' +
          '[ 4][t 0][2024-10-30 23:27:17.934000][transaction.cpp:2452]\tcomputed fwd fees = 827200 + 0\n',
        vmLogs: 'ecute STSLICER\n' +
          'execute OVER\n' +
          'execute ISNULL\n' +
          'execute NOT\n' +
          'execute PUSHCONT x7F01CA00CC\n' +
          'execute PUSHCONT x7032CA00\n' +
          'execute IFELSE\n' +
          'execute PUSHINT -1\n' +
          'execute SWAP\n' +
          'execute STI 1\n' +
          'execute STREF\n' +
          'execute implicit RET\n' +
          'execute ENDC\n' +
          'execute POP c4\n' +
          'execute implicit RET\n',
        debugLogs: '',
        events: [ [Object] ],
        parent: {
          address: 37254810366437813475271750514734067285117962570475561289538093995582013161784n,
          lt: 36000000n,
          prevTransactionHash: 13467819577481717180056402656816471883154392486278215719620395764088400230864n,
          prevTransactionLt: 34000000n,
          now: 1732922837,
          outMessagesCount: 1,
          oldStatus: 'active',
          endStatus: 'active',
          inMessage: [Object],
          outMessages: [Dictionary],
          totalFees: [Object],
          stateUpdate: [Object],
          description: [Object],
          raw: x{7525D79B589F1D73B879432CD1A596C0F9C42CF460467BBB795DA5A20C021C13800000000022551001DC6840821A5D33BF57B9A953BFF875F8127B8D45AF64620F1778A08C083B9D0000000000206CC80674A4DD50003476E98F0}
           x{E_}
            x{680024B10C064E4A129CF388983572C85FC397E37E9AEFB64B868BBB7CF5190179A90014975E6D627C75CEE1E50CB346965B03E710B3D18119EEEDE57696883008704E10E948BFEC061479B600000000042C1D82CE949BAA49AFD4E880000000000000004_}
             x{00000000000000000000000000000000000000000000000000000000000000220000000000000000000000000000000000000000000000000000000008F0D18001937A400808}
             x{00000000000000000000000000000000000000000000000000000000000000230000000000000000000000000000000000000000000000000000000005F5E10001937A400808}
            x{DF_}
             x{6800A4BAF36B13E3AE770F28659A34B2D81F38859E8C08CF776F2BB4B44180438271002E74930F029149EC08380972A5584C717AD4204A4455F097F5E5877CB40E86DA90E65816AC0609BBB000000000044AA202CE949BAAC_}
              x{E601F8E50000000000000000}
           x{729B19CF436ED73F6C2EDCB04B40BDF2EB0A59D8D17A975E94870A7FB4CAF7BA8A278ABF52DB90E4A695238BD6B504F5D10D6E8776B4EDE96724B4E463F95F1313}
           x{04090E948BFED8769BB211_}
            x{4E782C3D090000000000000000031700000000000000000000000000000000000000000000000000000000000000000000000000000000000000000000000000000000000000000000000000000000}
            x{C983A6604C09BBA000000000000400020000000388D0C29501CA01261A550F77F5936E7DB7CACEE37FC601F787453CB248E780324090190C_},
          hash: [Function: hash],
          blockchainLogs: '[ 4][t 0][2024-10-30 23:27:17.930000][transaction.cpp:443]\tunpacking account 525D79B589F1D73B879432CD1A596C0F9C42CF460467BBB795DA5A20C021C138\n' +
            '[ 4][t 0][2024-10-30 23:27:17.930000][transaction.cpp:274]\tlast_paid=1732922837; cells=232 bits=83682 public_cells=0\n' +
            '[ 4][t 0][2024-10-30 23:27:17.930000][transaction.cpp:504]\tend of Account.unpack() for 0:525D79B589F1D73B879432CD1A596C0F9C42CF460467BBB795DA5A20C021C138 (balance = 2100000000ng ; last_trans_lt = 34000000..34000002)\n' +
            '[ 4][t 0][2024-10-30 23:27:17.930000][transaction.cpp:3655]\tblock random seed set to 0000000000000000000000000000000000000000000000000000000000000000\n' +
            '[ 4][t 0][2024-10-30 23:27:17.930000][transaction.cpp:1236]\tgas limits: max=1000000, limit=1000000, credit=0\n' +
            '[ 4][t 0][2024-10-30 23:27:17.930000][transaction.cpp:1575]\tin_msg_state is null\n' +
            '[ 4][t 0][2024-10-30 23:27:17.930000][transaction.cpp:1645]\tcreating VM\n' +
            '[ 4][t 0][2024-10-30 23:27:17.930000][transaction.cpp:1351]\tSmartContractInfo initialized with [ 124711402 0 0 1732922837 36000000 36000000 14068792954309835536948273256715513127174070948738620016199408580766834334284 [ 3078464763 (null) ] CS{Cell{0271c00525d79b589f1d73b879432cd1a596c0f9c42cf460467bbb795da5a20c021c1383d0c051b8833a526ea800000000081b32091f4add401340} bits: 1..268; refs: 0..0} C{A7EC01478F770EF8F8B037CC7E42F0ABF0D85A50E1828C2394DAD1411691F2DE} C{42B6F0E46484EFC57B9508F6BA7EF42E7512023D5CB4ED5628DD1C7755D16E9D} [ 978464763 (null) ] 0 (null) [ CS{Cell{004dd06600000000000000000000000080000000000000fa00000000000001f4000000000003d09040} bits: 9..305; refs: 0..0} (null) CS{Cell{0094d1000000000000006400000000000f4240de000000002710000000000000000f42400000000002160ec0000000000000271000000000002625a00000000005f5e100000000003b9aca00} bits: 0..592; refs: 0..0} CS{Cell{0094d100000000000000640000000000009c40de000000000190000000000000000f424000000000000f4240000000000000271000000000009896800000000005f5e100000000003b9aca00} bits: 0..592; refs: 0..0} CS{Cell{0042ea000000000098968000000000271000000000000f424000000001800055555555} bits: 0..264; refs: 0..0} CS{Cell{0042ea0000000000061a800000000001900000000000009c4000000001800055555555} bits: 0..264; refs: 0..0} (null) ] 0 (null) ]\n' +
            '[ 4][t 0][2024-10-30 23:27:17.930000][transaction.cpp:1675]\tstarting VM\n' +
            '[ 4][t 0][2024-10-30 23:27:17.931000][transaction.cpp:1680]\tVM terminated with exit code 0\n' +
            '[ 3][t 0][2024-10-30 23:27:17.931000][transaction.cpp:1702]\tsteps: 791 gas: used=29633, max=1000000, limit=1000000, credit=0\n' +
            '[ 3][t 0][2024-10-30 23:27:17.931000][transaction.cpp:1704]\tout_of_gas=false, accepted=true, success=true, time=0.000895s\n' +
            '[ 4][t 0][2024-10-30 23:27:17.931000][transaction.cpp:1737]\tgas fees: 11853200 = 26214400 * 29633 /2^16 ; price=26214400; flat rate=[40000 for 100]; remaining balance=3066611563ng\n' +
            '[ 3][t 0][2024-10-30 23:27:17.931000][transaction.cpp:2678]\tin try_action_reserve_currency(0)\n' +
            '[ 4][t 0][2024-10-30 23:27:17.931000][transaction.cpp:2684]\taction_reserve_currency: mode=0, reserve=2100000000ng, balance=3066611563ng, original balance=2100000000ng\n' +
            '[ 3][t 0][2024-10-30 23:27:17.931000][transaction.cpp:2729]\tchanged remaining balance to 966611563ng, reserved balance to 2100000000ng\n' +
            '[ 4][t 0][2024-10-30 23:27:17.931000][transaction.cpp:2448]\tstorage paid for a message: 1 cells, 96 bits\n' +
            '[ 4][t 0][2024-10-30 23:27:17.931000][transaction.cpp:2452]\tcomputed fwd fees = 478400 + 0\n',
          vmLogs: 'xecute EQUAL\n' +
            'execute THROWIF 137\n' +
            'execute PUSHPOW2 10\n' +
            'execute EQUAL\n' +
            'execute THROWIFNOT 136\n' +
            'execute STSLICER\n' +
            'execute ENDC\n' +
            'execute ROT\n' +
            'execute STREF\n' +
            'execute ENDC\n' +
            'execute SWAP\n' +
            'execute STREF\n' +
            'execute implicit RET\n' +
            'execute ENDC\n' +
            'execute POP c4\n' +
            'execute implicit RET\n',
          debugLogs: '',
          events: [Array],
          parent: [Object],
          children: [Array],
          externals: []
        },
        children: [ [Object] ],
        externals: []
      },
      {
        address: 37254810366437813475271750514734067285117962570475561289538093995582013161784n,
        lt: 38000000n,
        prevTransactionHash: 87250255930971700696608525928313043547114090566961889564937511498758917859978n,
        prevTransactionLt: 36000000n,
        now: 1732922837,
        outMessagesCount: 4,
        oldStatus: 'active',
        endStatus: 'active',
        inMessage: {
          info: [Object],
          init: null,
          body: x{B687AB17000000000000000000000000}
           x{02202FAF080202FAF08021DCD65001CC4B4021DCD65003391606AB397F7EAB391606AB3A526EA80000000800000004_}
            x{801028CD38D6A9FB165BB1D27554DCBBC8B7A064E07EF4C3832956828113614F545_}
        },
        outMessages: Dictionary { _key: [Object], _value: [Object], _map: [Map] },
        totalFees: { coins: 31153972n },
        stateUpdate: {
          oldHash: <Buffer 27 8a bf 52 db 90 e4 a6 95 23 8b d6 b5 04 f5 d1 0d 6e 87 76 b4 ed e9 67 24 b4 e4 63 f9 5f 13 13>,
          newHash: <Buffer 1f c1 34 fa a5 a4 c8 58 01 a4 db 41 85 4b c5 7c 91 ed c2 fc ae fe 4a a1 e0 b0 3c 6e eb 89 07 67>
        },
        description: {
          type: 'generic',
          creditFirst: false,
          storagePhase: [Object],
          creditPhase: [Object],
          computePhase: [Object],
          actionPhase: [Object],
          bouncePhase: undefined,
          aborted: false,
          destroyed: false
        },
        raw: x{7525D79B589F1D73B879432CD1A596C0F9C42CF460467BBB795DA5A20C021C138000000000243D580C0E5E5137B6C2685E8B37ADDC9B35B375838D40E05A41B3F5CCB68CBEADE2A8A0000000002255100674A4DD500094803B6BE68}
         x{E_}
          x{680173A49878148A4F6041C04B952AC2638BD6A1025222AF84BFAF2C3BE5A07436D50014975E6D627C75CEE1E50CB346965B03E710B3D18119EEEDE57696883008704E10E51839CC0610D45E0000000004692682CE949BAA5B43D58B8000000000000000000000004_}
           x{02202FAF080202FAF08021DCD65001CC4B4021DCD65003391606AB397F7EAB391606AB3A526EA80000000800000004_}
            x{801028CD38D6A9FB165BB1D27554DCBBC8B7A064E07EF4C3832956828113614F545_}
          x{DB_}
           x{2_}
            x{2_}
             x{6800A4BAF36B13E3AE770F28659A34B2D81F38859E8C08CF776F2BB4B44180438271001F33C9E03834F86C2DA0166D0212C129A321D08D5D171B4080758BCF48863C4D90101931000609BBB0000000000487AB02CE949BAAC_}
              x{BC26F4C80000000000000000}
            x{2_}
             x{6800A4BAF36B13E3AE770F28659A34B2D81F38859E8C08CF776F2BB4B4418043827100384BA6D6A6B7DF2422C44C909493A07C03CA0A1FF860A7ED8531810050149DDF10101931000609BBB0000000000487AB04CE949BAAC_}
              x{BC26F4C80000000000000001}
           x{2_}
            x{2_}
             x{E00292EBCDAC4F8EB9DC3CA19668D2CB607CE2167A30233DDDBCAED2D106010E09C0000000000487AB06CE949BAAC_}
              x{8B6D3812000000000000000000000000801028CD38D6A9FB165BB1D27554DCBBC8B7A064E07EF4C3832956828113614F544877359401_}
            x{2_}
             x{4800A4BAF36B13E3AE770F28659A34B2D81F38859E8C08CF776F2BB4B44180438271002E74930F029149EC08380972A5584C717AD4204A4455F097F5E5877CB40E86DA90BCA3A88C0656E1D8000000000487AB08CE949BABE_}
              x{34_}
               x{FF00F4A413F4BCF2C80B}
                x{62_}
                 x{D001D0D3030171B0A301FA400120D74981010BBAF2E08820D70B0A208104FFBAF2D0898309BAF2E088545053036F04F86102F862DB3C5512DB3CF2E082}
                  x{ED44D0D401F863D200018E2FD31FFA400120D74981010BBAF2E08820D70B0A208104FFBAF2D0898309BAF2E08801D2000191D4926D01E255206C13E0F828D70B0A8309BAF2E089810101D700FA400120D74981010BBAF2E08820D70B0A208104FFBAF2D0898309BAF2E0881202D101DB3C}
                   x{6D}
                  x{0192307FE07021D749C21F953020D70B1FDE208210AFE93535BA8F5130D31F018210AFE93535BAF2E081D33FFA400120D74981010BBAF2E08820D70B0A208104FFBAF2D0898309BAF2E08801D455206C1332820898968070FB024434DB3C30037083067055206D6D6DDB3C597FE0208210B8A3AA14BAE302}
                   x{F8425220C705F2E084}
                   x{C87101CA01500701CA007001CA02500520D74981010BBAF2E08820D70B0A208104FFBAF2D0898309BAF2E088CF165003FA027001CA68236EB3917F93246EB3E2973333017001CA00E30D216EB39C7F01CA0001206EF2D08001CC95317001CA00E2C901FB00}
                    x{7F01CA00C87001CA007001CA00246EB39D7F01CA0004206EF2D0805004CC9634037001CA00E2246EB39D7F01CA0004206EF2D0805004CC9634037001CA00E27001CA00027F01CA0002C958CC}
                   x{30D31F018210B8A3AA14BAF2E081D33FFA400120D74981010BBAF2E08820D70B0A208104FFBAF2D0898309BAF2E088126C12317020FB025520DB3C03708100A07055206D6D6DDB3C587F}
                    x{F8425220C705F2E084}
                    x{C87101CA01500701CA007001CA02500520D74981010BBAF2E08820D70B0A208104FFBAF2D0898309BAF2E088CF165003FA027001CA68236EB3917F93246EB3E2973333017001CA00E30D216EB39C7F01CA0001206EF2D08001CC95317001CA00E2C901FB00}
                     x{7F01CA00C87001CA007001CA00246EB39D7F01CA0004206EF2D0805004CC9634037001CA00E2246EB39D7F01CA0004206EF2D0805004CC9634037001CA00E27001CA00027F01CA0002C958CC}
                   x{8210E601F8E5BA8ECED31F018210E601F8E5BAF2E081D33F0131820898968070FB02F8416F2410235F037083067F25206EF2D080542580C855208210B687AB175004CB1F12CB3FCB1FCCC9103441301443306D6DDB3C7FE03070}
                    x{C87101CA01500701CA007001CA02500520D74981010BBAF2E08820D70B0A208104FFBAF2D0898309BAF2E088CF165003FA027001CA68236EB3917F93246EB3E2973333017001CA00E30D216EB39C7F01CA0001206EF2D08001CC95317001CA00E2C901FB00}
                     x{7F01CA00C87001CA007001CA00246EB39D7F01CA0004206EF2D0805004CC9634037001CA00E2246EB39D7F01CA0004206EF2D0805004CC9634037001CA00E27001CA00027F01CA0002C958CC}
                  x{C8F84301CC7F01CA0055205023CB1F0120D74981010BBAF2E08820D70B0A208104FFBAF2D0898309BAF2E088CF16216EB3957F01CA00CC947032CA00E2C9ED54}
                 x{2_}
                  x{BE28EED9E6D9E3618C_}
                   x{ED44D0D401F863D200018E2FD31FFA400120D74981010BBAF2E08820D70B0A208104FFBAF2D0898309BAF2E08801D2000191D4926D01E255206C13E0F828D70B0A8309BAF2E089810101D700FA400120D74981010BBAF2E08820D70B0A208104FFBAF2D0898309BAF2E0881202D101DB3C}
                    x{6D}
                   x{21}
                  x{2_}
                   x{4}
                    x{B1D8B6CF36CF1B0C6_}
                     x{ED44D0D401F863D200018E2FD31FFA400120D74981010BBAF2E08820D70B0A208104FFBAF2D0898309BAF2E08801D2000191D4926D01E255206C13E0F828D70B0A8309BAF2E089810101D700FA400120D74981010BBAF2E08820D70B0A208104FFBAF2D0898309BAF2E0881202D101DB3C}
                      x{6D}
                     x{20}
                    x{B36436CF36CF1B0C6_}
                     x{ED44D0D401F863D200018E2FD31FFA400120D74981010BBAF2E08820D70B0A208104FFBAF2D0898309BAF2E08801D2000191D4926D01E255206C13E0F828D70B0A8309BAF2E089810101D700FA400120D74981010BBAF2E08820D70B0A208104FFBAF2D0898309BAF2E0881202D101DB3C}
                      x{6D}
                     x{22}
                   x{B82BEED44D0D20001}
               x{0000000000000000000000000000000000000000000000000000000000000000200292EBCDAC4F8EB9DC3CA19668D2CB607CE2167A30233DDDBCAED2D106010E09C4_}
                x{C_}
                 x{A0838F_}
                  x{FF00F4A413F4BCF2C80B}
                   x{62_}
                    x{D001D0D3030171B0A301FA400120D74981010BBAF2E08820D70B0A208104FFBAF2D0898309BAF2E088545053036F04F86102F862DB3C5512DB3CF2E082}
                     x{ED44D0D401F863D200018E2FD31FFA400120D74981010BBAF2E08820D70B0A208104FFBAF2D0898309BAF2E08801D2000191D4926D01E255206C13E0F828D70B0A8309BAF2E089810101D700FA400120D74981010BBAF2E08820D70B0A208104FFBAF2D0898309BAF2E0881202D101DB3C}
                      x{6D}
                     x{0192307FE07021D749C21F953020D70B1FDE208210AFE93535BA8F5130D31F018210AFE93535BAF2E081D33FFA400120D74981010BBAF2E08820D70B0A208104FFBAF2D0898309BAF2E08801D455206C1332820898968070FB024434DB3C30037083067055206D6D6DDB3C597FE0208210B8A3AA14BAE302}
                      x{F8425220C705F2E084}
                      x{C87101CA01500701CA007001CA02500520D74981010BBAF2E08820D70B0A208104FFBAF2D0898309BAF2E088CF165003FA027001CA68236EB3917F93246EB3E2973333017001CA00E30D216EB39C7F01CA0001206EF2D08001CC95317001CA00E2C901FB00}
                       x{7F01CA00C87001CA007001CA00246EB39D7F01CA0004206EF2D0805004CC9634037001CA00E2246EB39D7F01CA0004206EF2D0805004CC9634037001CA00E27001CA00027F01CA0002C958CC}
                      x{30D31F018210B8A3AA14BAF2E081D33FFA400120D74981010BBAF2E08820D70B0A208104FFBAF2D0898309BAF2E088126C12317020FB025520DB3C03708100A07055206D6D6DDB3C587F}
                       x{F8425220C705F2E084}
                       x{C87101CA01500701CA007001CA02500520D74981010BBAF2E08820D70B0A208104FFBAF2D0898309BAF2E088CF165003FA027001CA68236EB3917F93246EB3E2973333017001CA00E30D216EB39C7F01CA0001206EF2D08001CC95317001CA00E2C901FB00}
                        x{7F01CA00C87001CA007001CA00246EB39D7F01CA0004206EF2D0805004CC9634037001CA00E2246EB39D7F01CA0004206EF2D0805004CC9634037001CA00E27001CA00027F01CA0002C958CC}
                      x{8210E601F8E5BA8ECED31F018210E601F8E5BAF2E081D33F0131820898968070FB02F8416F2410235F037083067F25206EF2D080542580C855208210B687AB175004CB1F12CB3FCB1FCCC9103441301443306D6DDB3C7FE03070}
                       x{C87101CA01500701CA007001CA02500520D74981010BBAF2E08820D70B0A208104FFBAF2D0898309BAF2E088CF165003FA027001CA68236EB3917F93246EB3E2973333017001CA00E30D216EB39C7F01CA0001206EF2D08001CC95317001CA00E2C901FB00}
                        x{7F01CA00C87001CA007001CA00246EB39D7F01CA0004206EF2D0805004CC9634037001CA00E2246EB39D7F01CA0004206EF2D0805004CC9634037001CA00E27001CA00027F01CA0002C958CC}
                     x{C8F84301CC7F01CA0055205023CB1F0120D74981010BBAF2E08820D70B0A208104FFBAF2D0898309BAF2E088CF16216EB3957F01CA00CC947032CA00E2C9ED54}
                    x{2_}
                     x{BE28EED9E6D9E3618C_}
                      x{ED44D0D401F863D200018E2FD31FFA400120D74981010BBAF2E08820D70B0A208104FFBAF2D0898309BAF2E08801D2000191D4926D01E255206C13E0F828D70B0A8309BAF2E089810101D700FA400120D74981010BBAF2E08820D70B0A208104FFBAF2D0898309BAF2E0881202D101DB3C}
                       x{6D}
                      x{21}
                     x{2_}
                      x{4}
                       x{B1D8B6CF36CF1B0C6_}
                        x{ED44D0D401F863D200018E2FD31FFA400120D74981010BBAF2E08820D70B0A208104FFBAF2D0898309BAF2E08801D2000191D4926D01E255206C13E0F828D70B0A8309BAF2E089810101D700FA400120D74981010BBAF2E08820D70B0A208104FFBAF2D0898309BAF2E0881202D101DB3C}
                         x{6D}
                        x{20}
                       x{B36436CF36CF1B0C6_}
                        x{ED44D0D401F863D200018E2FD31FFA400120D74981010BBAF2E08820D70B0A208104FFBAF2D0898309BAF2E08801D2000191D4926D01E255206C13E0F828D70B0A8309BAF2E089810101D700FA400120D74981010BBAF2E08820D70B0A208104FFBAF2D0898309BAF2E0881202D101DB3C}
                         x{6D}
                        x{22}
                      x{B82BEED44D0D20001}
              x{B8A3AA140000000000000000801D3E5E1B0970E52ABD4EA639AED542E118FE33D2F03FE072737A6B74A8FDC2C69_}
         x{72278ABF52DB90E4A695238BD6B504F5D10D6E8776B4EDE96724B4E463F95F13131FC134FAA5A4C85801A4DB41854BC57C91EDC2FCAEFE4AA1E0B03C6EEB890767}
         x{04090E51839CD88036EE1C11_}
          x{602327CC3D09000000000000000007C100000000000000000000000000000000000000000000000000000000000000000000000000000000000000000000000000000000000000000000000000000000}
          x{C9AC8D784C8FB95000000000000A0002000000086C667028F3CC35C5E1D1AEB75B20D68906AE33005305D31C6C00E378213282B048913B24_},
        hash: [Function: hash],
        blockchainLogs: '[ 4][t 0][2024-10-30 23:27:17.936000][transaction.cpp:443]\tunpacking account 525D79B589F1D73B879432CD1A596C0F9C42CF460467BBB795DA5A20C021C138\n' +
          '[ 4][t 0][2024-10-30 23:27:17.936000][transaction.cpp:274]\tlast_paid=1732922837; cells=232 bits=84034 public_cells=0\n' +
          '[ 4][t 0][2024-10-30 23:27:17.936000][transaction.cpp:504]\tend of Account.unpack() for 0:525D79B589F1D73B879432CD1A596C0F9C42CF460467BBB795DA5A20C021C138 (balance = 2100000000ng ; last_trans_lt = 36000000..36000002)\n' +
          '[ 4][t 0][2024-10-30 23:27:17.936000][transaction.cpp:3655]\tblock random seed set to 0000000000000000000000000000000000000000000000000000000000000000\n' +
          '[ 4][t 0][2024-10-30 23:27:17.937000][transaction.cpp:1236]\tgas limits: max=1000000, limit=1000000, credit=0\n' +
          '[ 4][t 0][2024-10-30 23:27:17.937000][transaction.cpp:1575]\tin_msg_state is null\n' +
          '[ 4][t 0][2024-10-30 23:27:17.937000][transaction.cpp:1645]\tcreating VM\n' +
          '[ 4][t 0][2024-10-30 23:27:17.937000][transaction.cpp:1351]\tSmartContractInfo initialized with [ 124711402 0 0 1732922837 38000000 38000000 14068792954309835536948273256715513127174070948738620016199408580766834334284 [ 3060892531 (null) ] CS{Cell{0271c00525d79b589f1d73b879432cd1a596c0f9c42cf460467bbb795da5a20c021c1383d0c05210833a526ea800000000089544091f4add401340} bits: 1..268; refs: 0..0} C{A7EC01478F770EF8F8B037CC7E42F0ABF0D85A50E1828C2394DAD1411691F2DE} C{42B6F0E46484EFC57B9508F6BA7EF42E7512023D5CB4ED5628DD1C7755D16E9D} [ 960892531 (null) ] 0 (null) [ CS{Cell{004dd06600000000000000000000000080000000000000fa00000000000001f4000000000003d09040} bits: 9..305; refs: 0..0} (null) CS{Cell{0094d1000000000000006400000000000f4240de000000002710000000000000000f42400000000002160ec0000000000000271000000000002625a00000000005f5e100000000003b9aca00} bits: 0..592; refs: 0..0} CS{Cell{0094d100000000000000640000000000009c40de000000000190000000000000000f424000000000000f4240000000000000271000000000009896800000000005f5e100000000003b9aca00} bits: 0..592; refs: 0..0} CS{Cell{0042ea000000000098968000000000271000000000000f424000000001800055555555} bits: 0..264; refs: 0..0} CS{Cell{0042ea0000000000061a800000000001900000000000009c4000000001800055555555} bits: 0..264; refs: 0..0} (null) ] 0 (null) ]\n' +
          '[ 4][t 0][2024-10-30 23:27:17.937000][transaction.cpp:1675]\tstarting VM\n' +
          '[ 4][t 0][2024-10-30 23:27:17.938000][transaction.cpp:1680]\tVM terminated with exit code 0\n' +
          '[ 3][t 0][2024-10-30 23:27:17.938000][transaction.cpp:1702]\tsteps: 1985 gas: used=71998, max=1000000, limit=1000000, credit=0\n' +
          '[ 3][t 0][2024-10-30 23:27:17.938000][transaction.cpp:1704]\tout_of_gas=false, accepted=true, success=true, time=0.001639s\n' +
          '[ 4][t 0][2024-10-30 23:27:17.938000][transaction.cpp:1737]\tgas fees: 28799200 = 26214400 * 71998 /2^16 ; price=26214400; flat rate=[40000 for 100]; remaining balance=3032093331ng\n' +
          '[ 3][t 0][2024-10-30 23:27:17.938000][transaction.cpp:2678]\tin try_action_reserve_currency(0)\n' +
          '[ 4][t 0][2024-10-30 23:27:17.938000][transaction.cpp:2684]\taction_reserve_currency: mode=0, reserve=2100000000ng, balance=3032093331ng, original balance=2100000000ng\n' +
          '[ 3][t 0][2024-10-30 23:27:17.938000][transaction.cpp:2729]\tchanged remaining balance to 932093331ng, reserved balance to 2100000000ng\n' +
          '[ 4][t 0][2024-10-30 23:27:17.939000][transaction.cpp:2448]\tstorage paid for a message: 1 cells, 96 bits\n' +
          '[ 4][t 0][2024-10-30 23:27:17.939000][transaction.cpp:2452]\tcomputed fwd fees = 478400 + 0\n' +
          '[ 4][t 0][2024-10-30 23:27:17.939000][transaction.cpp:2448]\tstorage paid for a message: 1 cells, 96 bits\n' +
          '[ 4][t 0][2024-10-30 23:27:17.939000][transaction.cpp:2452]\tcomputed fwd fees = 478400 + 0\n' +
          '[ 4][t 0][2024-10-30 23:27:17.939000][transaction.cpp:2448]\tstorage paid for a message: 1 cells, 431 bits\n' +
          '[ 4][t 0][2024-10-30 23:27:17.939000][transaction.cpp:2452]\tcomputed fwd fees = 612400 + 0\n' +
          '[ 4][t 0][2024-10-30 23:27:17.939000][transaction.cpp:2448]\tstorage paid for a message: 27 cells, 6976 bits\n' +
          '[ 4][t 0][2024-10-30 23:27:17.939000][transaction.cpp:2452]\tcomputed fwd fees = 4270400 + 0\n',
        vmLogs: 'xecute EQUAL\n' +
          'execute THROWIF 137\n' +
          'execute PUSHPOW2 10\n' +
          'execute EQUAL\n' +
          'execute THROWIFNOT 136\n' +
          'execute STSLICER\n' +
          'execute ENDC\n' +
          'execute ROT\n' +
          'execute STREF\n' +
          'execute ENDC\n' +
          'execute SWAP\n' +
          'execute STREF\n' +
          'execute implicit RET\n' +
          'execute ENDC\n' +
          'execute POP c4\n' +
          'execute implicit RET\n',
        debugLogs: '',
        events: [ [Object], [Object], [Object] ],
        parent: {
          address: 84049441022908470316622795825605090351520748406577698494615284512509455375210n,
          lt: 37000000n,
          prevTransactionHash: 21458832951557127600529232368892700200049457360702871773737729416284961666796n,
          prevTransactionLt: 29000000n,
          now: 1732922837,
          outMessagesCount: 1,
          oldStatus: 'active',
          endStatus: 'active',
          inMessage: [Object],
          outMessages: [Dictionary],
          totalFees: [Object],
          stateUpdate: [Object],
          description: [Object],
          raw: x{7B9D24C3C0A4527B020E025CA956131C5EB5081291157C25FD7961DF2D03A1B6A00000000023493402F7144DFB47412342951FA4196C7D2086814D01CC7E33382330209C4358A76EC0000000001BA8140674A4DD50003468F1A12}
           x{E_}
            x{6800A4BAF36B13E3AE770F28659A34B2D81F38859E8C08CF776F2BB4B44180438271002E74930F029149EC08380972A5584C717AD4204A4455F097F5E5877CB40E86DA90E65816AC0609BBB000000000044AA202CE949BAA7300FC7280000000000000004_}
            x{DF_}
             x{680173A49878148A4F6041C04B952AC2638BD6A1025222AF84BFAF2C3BE5A07436D50014975E6D627C75CEE1E50CB346965B03E710B3D18119EEEDE57696883008704E10E51839CC0610D45E0000000004692682CE949BAAC_}
              x{B687AB17000000000000000000000000}
               x{02202FAF080202FAF08021DCD65001CC4B4021DCD65003391606AB397F7EAB391606AB3A526EA80000000800000004_}
                x{801028CD38D6A9FB165BB1D27554DCBBC8B7A064E07EF4C3832956828113614F545_}
           x{728180849372E028F6361941C5D7FF8EC58AF319F79A9EEC79EC9907017B764837C6E90029D7EC04047345D5238B8930BBE1B16F208C725883C4D7B797300F67D9}
           x{04C32FDA090E65816AD866D31211_}
            x{445E2C3D09000000000000000000FE00000000000000000000000000000000000000000000000000000000000000000000000000000000000000000000000000000000000000000000000000000000}
            x{C9864FA04C10D44400000000000400020000000233CAA28DE36860DC561D8BDF0F445D52084F6EB460E231159B85902D9CD8335641102E0C_},
          hash: [Function: hash],
          blockchainLogs: '[ 4][t 0][2024-10-30 23:27:17.933000][transaction.cpp:443]\tunpacking account B9D24C3C0A4527B020E025CA956131C5EB5081291157C25FD7961DF2D03A1B6A\n' +
            '[ 4][t 0][2024-10-30 23:27:17.934000][transaction.cpp:274]\tlast_paid=1730330837; cells=28 bits=7123 public_cells=0\n' +
            '[ 4][t 0][2024-10-30 23:27:17.934000][transaction.cpp:504]\tend of Account.unpack() for 0:B9D24C3C0A4527B020E025CA956131C5EB5081291157C25FD7961DF2D03A1B6A (balance = 10000000ng ; last_trans_lt = 29000000..29000002)\n' +
            '[ 4][t 0][2024-10-30 23:27:17.934000][transaction.cpp:3655]\tblock random seed set to 0000000000000000000000000000000000000000000000000000000000000000\n' +
            '[ 4][t 0][2024-10-30 23:27:17.934000][transaction.cpp:1236]\tgas limits: max=1000000, limit=1000000, credit=0\n' +
            '[ 4][t 0][2024-10-30 23:27:17.934000][transaction.cpp:1575]\tin_msg_state is null\n' +
            '[ 4][t 0][2024-10-30 23:27:17.934000][transaction.cpp:1645]\tcreating VM\n' +
            '[ 4][t 0][2024-10-30 23:27:17.934000][transaction.cpp:1351]\tSmartContractInfo initialized with [ 124711402 0 0 1732922837 37000000 37000000 84630195367514639409622924175749312199831056191303332875639359062248049886761 [ 975297731 (null) ] CS{Cell{026dc00b9d24c3c0a4527b020e025ca956131c5eb5081291157c25fd7961df2d03a1b6a23886f4c3391606a80000000006ea0508e625a01340} bits: 1..268; refs: 0..0} C{A7EC01478F770EF8F8B037CC7E42F0ABF0D85A50E1828C2394DAD1411691F2DE} C{F2179DCD5CFD8A1E113288591FFB7A5E10E107D0D2C36DF69E40398023DAA7B1} [ 966133163 (null) ] 835432 (null) [ CS{Cell{004dd06600000000000000000000000080000000000000fa00000000000001f4000000000003d09040} bits: 9..305; refs: 0..0} (null) CS{Cell{0094d1000000000000006400000000000f4240de000000002710000000000000000f42400000000002160ec0000000000000271000000000002625a00000000005f5e100000000003b9aca00} bits: 0..592; refs: 0..0} CS{Cell{0094d100000000000000640000000000009c40de000000000190000000000000000f424000000000000f4240000000000000271000000000009896800000000005f5e100000000003b9aca00} bits: 0..592; refs: 0..0} CS{Cell{0042ea000000000098968000000000271000000000000f424000000001800055555555} bits: 0..264; refs: 0..0} CS{Cell{0042ea0000000000061a800000000001900000000000009c4000000001800055555555} bits: 0..264; refs: 0..0} (null) ] 0 (null) ]\n' +
            '[ 4][t 0][2024-10-30 23:27:17.934000][transaction.cpp:1675]\tstarting VM\n' +
            '[ 4][t 0][2024-10-30 23:27:17.934000][transaction.cpp:1680]\tVM terminated with exit code 0\n' +
            '[ 3][t 0][2024-10-30 23:27:17.934000][transaction.cpp:1702]\tsteps: 254 gas: used=8945, max=1000000, limit=1000000, credit=0\n' +
            '[ 3][t 0][2024-10-30 23:27:17.934000][transaction.cpp:1704]\tout_of_gas=false, accepted=true, success=true, time=0.000258s\n' +
            '[ 4][t 0][2024-10-30 23:27:17.934000][transaction.cpp:1737]\tgas fees: 3578000 = 26214400 * 8945 /2^16 ; price=26214400; flat rate=[40000 for 100]; remaining balance=971719731ng\n' +
            '[ 3][t 0][2024-10-30 23:27:17.934000][transaction.cpp:2678]\tin try_action_reserve_currency(0)\n' +
            '[ 4][t 0][2024-10-30 23:27:17.934000][transaction.cpp:2684]\taction_reserve_currency: mode=0, reserve=10000000ng, balance=971719731ng, original balance=9164568ng\n' +
            '[ 3][t 0][2024-10-30 23:27:17.934000][transaction.cpp:2729]\tchanged remaining balance to 961719731ng, reserved balance to 10000000ng\n' +
            '[ 4][t 0][2024-10-30 23:27:17.934000][transaction.cpp:2448]\tstorage paid for a message: 3 cells, 768 bits\n' +
            '[ 4][t 0][2024-10-30 23:27:17.934000][transaction.cpp:2452]\tcomputed fwd fees = 827200 + 0\n',
          vmLogs: 'ecute STSLICER\n' +
            'execute OVER\n' +
            'execute ISNULL\n' +
            'execute NOT\n' +
            'execute PUSHCONT x7F01CA00CC\n' +
            'execute PUSHCONT x7032CA00\n' +
            'execute IFELSE\n' +
            'execute PUSHINT -1\n' +
            'execute SWAP\n' +
            'execute STI 1\n' +
            'execute STREF\n' +
            'execute implicit RET\n' +
            'execute ENDC\n' +
            'execute POP c4\n' +
            'execute implicit RET\n',
          debugLogs: '',
          events: [Array],
          parent: [Object],
          children: [Array],
          externals: []
        },
        children: [ [Object], [Object], [Object] ],
        externals: [ [Object] ]
      },
      {
        address: 56452803209391972311245829800318013664241380452486081517026592719308720763190n,
        lt: 39000000n,
        prevTransactionHash: 8606562235430105218949206492575094175180898274628851772440643059107469536950n,
        prevTransactionLt: 28000000n,
        now: 1732922837,
        outMessagesCount: 1,
        oldStatus: 'active',
        endStatus: 'active',
        inMessage: { info: [Object], init: null, body: x{BC26F4C80000000000000000} },
        outMessages: Dictionary { _key: [Object], _value: [Object], _map: [Map] },
        totalFees: { coins: 5334831n },
        stateUpdate: {
          oldHash: <Buffer 86 84 c9 78 f5 03 56 09 f6 35 2b 5a 28 80 58 62 cb ac 6e 04 37 e0 05 19 c5 71 ca 0c e2 01 9d 9d>,
          newHash: <Buffer 2a 0e a4 eb aa e3 30 62 5f fc 61 50 9d f1 64 0e 75 78 87 f6 73 32 00 7b b0 52 c5 32 94 02 03 42>
        },
        description: {
          type: 'generic',
          creditFirst: false,
          storagePhase: [Object],
          creditPhase: [Object],
          computePhase: [Object],
          actionPhase: [Object],
          bouncePhase: undefined,
          aborted: false,
          destroyed: false
        },
        raw: x{77CCF2780E0D3E1B0B68059B4084B04A68C874235745C6D0201D62F3D2218F13600000000025317C01307243FCC9FDC8390E7B0E29FF5A7F0C1EE91B69A74062473C18638C7AD2EB60000000001AB3F00674A4DD5000346A2CE5E}
         x{E_}
          x{6800A4BAF36B13E3AE770F28659A34B2D81F38859E8C08CF776F2BB4B44180438271001F33C9E03834F86C2DA0166D0212C129A321D08D5D171B4080758BCF48863C4D90101931000609BBB0000000000487AB02CE949BAA5E137A6400000000000000004_}
          x{DF_}
           x{6800F99E4F01C1A7C3616D00B3681096094D190E846AE8B8DA0403AC5E7A4431E26D0014975E6D627C75CEE1E50CB346965B03E710B3D18119EEEDE57696883008704E101119EF88060DFF5E0000000004A62F82CE949BAAC_}
            x{2A004A0500000000000000000000000000000000000000000000000000000000000000000000000000000000C00814669C6B54FD8B2DD8E93AAA6E5DE45BD032703F7A61C194AB414089B0A7AA2}
         x{728684C978F5035609F6352B5A28805862CBAC6E0437E00519C571CA0CE2019D9D2A0EA4EBAAE330625FFC61509DF1640E757887F67332007BB052C53294020342}
         x{04C4360789010193101867A1E811_}
          x{44E28C0A4D9000000000000000013D00000000000000000000000000000000000000000000000000000000000000000000000000000000000000000000000000000000000000000000000000000000}
          x{C9853FC04C0DFF44000000000002000000000002E314399E9181B61CA6ACAC445010D6EB366B5E165776588A9812DBEC1225A8904090296C_},
        hash: [Function: hash],
        blockchainLogs: '[ 4][t 0][2024-10-30 23:27:17.945000][transaction.cpp:443]\tunpacking account 7CCF2780E0D3E1B0B68059B4084B04A68C874235745C6D0201D62F3D2218F136\n' +
          '[ 4][t 0][2024-10-30 23:27:17.945000][transaction.cpp:274]\tlast_paid=1730330837; cells=30 bits=12911 public_cells=0\n' +
          '[ 4][t 0][2024-10-30 23:27:17.945000][transaction.cpp:504]\tend of Account.unpack() for 0:7CCF2780E0D3E1B0B68059B4084B04A68C874235745C6D0201D62F3D2218F136 (balance = 10000000ng ; last_trans_lt = 28000000..28000002)\n' +
          '[ 4][t 0][2024-10-30 23:27:17.945000][transaction.cpp:3655]\tblock random seed set to 0000000000000000000000000000000000000000000000000000000000000000\n' +
          '[ 4][t 0][2024-10-30 23:27:17.946000][transaction.cpp:1236]\tgas limits: max=191044, limit=168804, credit=0\n' +
          '[ 4][t 0][2024-10-30 23:27:17.946000][transaction.cpp:1575]\tin_msg_state is null\n' +
          '[ 4][t 0][2024-10-30 23:27:17.946000][transaction.cpp:1645]\tcreating VM\n' +
          '[ 4][t 0][2024-10-30 23:27:17.946000][transaction.cpp:1351]\tSmartContractInfo initialized with [ 124711402 0 0 1732922837 39000000 39000000 17158678860825839941702393232993838109470607978381324670400578166443069604636 [ 76417698 (null) ] CS{Cell{026dc007ccf2780e0d3e1b0b68059b4084b04a68c874235745c6d0201d62f3d2218f13623c8c9bc3391606a80000000006acfc08e625a01340} bits: 1..268; refs: 0..0} C{A7EC01478F770EF8F8B037CC7E42F0ABF0D85A50E1828C2394DAD1411691F2DE} C{33BB148A451AD17F938AA7C476E48F2B79933715F13F1D58F9234A90730321A8} [ 67521600 (null) ] 1103902 (null) [ CS{Cell{004dd06600000000000000000000000080000000000000fa00000000000001f4000000000003d09040} bits: 9..305; refs: 0..0} (null) CS{Cell{0094d1000000000000006400000000000f4240de000000002710000000000000000f42400000000002160ec0000000000000271000000000002625a00000000005f5e100000000003b9aca00} bits: 0..592; refs: 0..0} CS{Cell{0094d100000000000000640000000000009c40de000000000190000000000000000f424000000000000f4240000000000000271000000000009896800000000005f5e100000000003b9aca00} bits: 0..592; refs: 0..0} CS{Cell{0042ea000000000098968000000000271000000000000f424000000001800055555555} bits: 0..264; refs: 0..0} CS{Cell{0042ea0000000000061a800000000001900000000000009c4000000001800055555555} bits: 0..264; refs: 0..0} (null) ] 0 (null) ]\n' +
          '[ 4][t 0][2024-10-30 23:27:17.946000][transaction.cpp:1675]\tstarting VM\n' +
          '[ 4][t 0][2024-10-30 23:27:17.946000][transaction.cpp:1680]\tVM terminated with exit code 0\n' +
          '[ 3][t 0][2024-10-30 23:27:17.946000][transaction.cpp:1702]\tsteps: 317 gas: used=10004, max=191044, limit=168804, credit=0\n' +
          '[ 3][t 0][2024-10-30 23:27:17.946000][transaction.cpp:1704]\tout_of_gas=false, accepted=true, success=true, time=0.000293s\n' +
          '[ 4][t 0][2024-10-30 23:27:17.946000][transaction.cpp:1737]\tgas fees: 4001600 = 26214400 * 10004 /2^16 ; price=26214400; flat rate=[40000 for 100]; remaining balance=72416098ng\n' +
          '[ 4][t 0][2024-10-30 23:27:17.946000][transaction.cpp:2448]\tstorage paid for a message: 1 cells, 620 bits\n' +
          '[ 4][t 0][2024-10-30 23:27:17.946000][transaction.cpp:2452]\tcomputed fwd fees = 688000 + 0\n',
        vmLogs: 'e implicit RET\n' +
          'execute OVER\n' +
          'execute ISNULL\n' +
          'execute NOT\n' +
          'execute PUSHCONT x7F01CA00CC\n' +
          'execute PUSHCONT x7032CA00\n' +
          'execute IFELSE\n' +
          'execute PUSHINT -1\n' +
          'execute SWAP\n' +
          'execute STI 1\n' +
          'execute STREF\n' +
          'execute implicit RET\n' +
          'execute ENDC\n' +
          'execute POP c4\n' +
          'execute implicit RET\n',
        debugLogs: '',
        events: [ [Object] ],
        parent: {
          address: 37254810366437813475271750514734067285117962570475561289538093995582013161784n,
          lt: 38000000n,
          prevTransactionHash: 87250255930971700696608525928313043547114090566961889564937511498758917859978n,
          prevTransactionLt: 36000000n,
          now: 1732922837,
          outMessagesCount: 4,
          oldStatus: 'active',
          endStatus: 'active',
          inMessage: [Object],
          outMessages: [Dictionary],
          totalFees: [Object],
          stateUpdate: [Object],
          description: [Object],
          raw: x{7525D79B589F1D73B879432CD1A596C0F9C42CF460467BBB795DA5A20C021C138000000000243D580C0E5E5137B6C2685E8B37ADDC9B35B375838D40E05A41B3F5CCB68CBEADE2A8A0000000002255100674A4DD500094803B6BE68}
           x{E_}
            x{680173A49878148A4F6041C04B952AC2638BD6A1025222AF84BFAF2C3BE5A07436D50014975E6D627C75CEE1E50CB346965B03E710B3D18119EEEDE57696883008704E10E51839CC0610D45E0000000004692682CE949BAA5B43D58B8000000000000000000000004_}
             x{02202FAF080202FAF08021DCD65001CC4B4021DCD65003391606AB397F7EAB391606AB3A526EA80000000800000004_}
              x{801028CD38D6A9FB165BB1D27554DCBBC8B7A064E07EF4C3832956828113614F545_}
            x{DB_}
             x{2_}
              x{2_}
               x{6800A4BAF36B13E3AE770F28659A34B2D81F38859E8C08CF776F2BB4B44180438271001F33C9E03834F86C2DA0166D0212C129A321D08D5D171B4080758BCF48863C4D90101931000609BBB0000000000487AB02CE949BAAC_}
                x{BC26F4C80000000000000000}
              x{2_}
               x{6800A4BAF36B13E3AE770F28659A34B2D81F38859E8C08CF776F2BB4B4418043827100384BA6D6A6B7DF2422C44C909493A07C03CA0A1FF860A7ED8531810050149DDF10101931000609BBB0000000000487AB04CE949BAAC_}
                x{BC26F4C80000000000000001}
             x{2_}
              x{2_}
               x{E00292EBCDAC4F8EB9DC3CA19668D2CB607CE2167A30233DDDBCAED2D106010E09C0000000000487AB06CE949BAAC_}
                x{8B6D3812000000000000000000000000801028CD38D6A9FB165BB1D27554DCBBC8B7A064E07EF4C3832956828113614F544877359401_}
              x{2_}
               x{4800A4BAF36B13E3AE770F28659A34B2D81F38859E8C08CF776F2BB4B44180438271002E74930F029149EC08380972A5584C717AD4204A4455F097F5E5877CB40E86DA90BCA3A88C0656E1D8000000000487AB08CE949BABE_}
                x{34_}
                 x{FF00F4A413F4BCF2C80B}
                  x{62_}
                   x{D001D0D3030171B0A301FA400120D74981010BBAF2E08820D70B0A208104FFBAF2D0898309BAF2E088545053036F04F86102F862DB3C5512DB3CF2E082}
                    x{ED44D0D401F863D200018E2FD31FFA400120D74981010BBAF2E08820D70B0A208104FFBAF2D0898309BAF2E08801D2000191D4926D01E255206C13E0F828D70B0A8309BAF2E089810101D700FA400120D74981010BBAF2E08820D70B0A208104FFBAF2D0898309BAF2E0881202D101DB3C}
                     x{6D}
                    x{0192307FE07021D749C21F953020D70B1FDE208210AFE93535BA8F5130D31F018210AFE93535BAF2E081D33FFA400120D74981010BBAF2E08820D70B0A208104FFBAF2D0898309BAF2E08801D455206C1332820898968070FB024434DB3C30037083067055206D6D6DDB3C597FE0208210B8A3AA14BAE302}
                     x{F8425220C705F2E084}
                     x{C87101CA01500701CA007001CA02500520D74981010BBAF2E08820D70B0A208104FFBAF2D0898309BAF2E088CF165003FA027001CA68236EB3917F93246EB3E2973333017001CA00E30D216EB39C7F01CA0001206EF2D08001CC95317001CA00E2C901FB00}
                      x{7F01CA00C87001CA007001CA00246EB39D7F01CA0004206EF2D0805004CC9634037001CA00E2246EB39D7F01CA0004206EF2D0805004CC9634037001CA00E27001CA00027F01CA0002C958CC}
                     x{30D31F018210B8A3AA14BAF2E081D33FFA400120D74981010BBAF2E08820D70B0A208104FFBAF2D0898309BAF2E088126C12317020FB025520DB3C03708100A07055206D6D6DDB3C587F}
                      x{F8425220C705F2E084}
                      x{C87101CA01500701CA007001CA02500520D74981010BBAF2E08820D70B0A208104FFBAF2D0898309BAF2E088CF165003FA027001CA68236EB3917F93246EB3E2973333017001CA00E30D216EB39C7F01CA0001206EF2D08001CC95317001CA00E2C901FB00}
                       x{7F01CA00C87001CA007001CA00246EB39D7F01CA0004206EF2D0805004CC9634037001CA00E2246EB39D7F01CA0004206EF2D0805004CC9634037001CA00E27001CA00027F01CA0002C958CC}
                     x{8210E601F8E5BA8ECED31F018210E601F8E5BAF2E081D33F0131820898968070FB02F8416F2410235F037083067F25206EF2D080542580C855208210B687AB175004CB1F12CB3FCB1FCCC9103441301443306D6DDB3C7FE03070}
                      x{C87101CA01500701CA007001CA02500520D74981010BBAF2E08820D70B0A208104FFBAF2D0898309BAF2E088CF165003FA027001CA68236EB3917F93246EB3E2973333017001CA00E30D216EB39C7F01CA0001206EF2D08001CC95317001CA00E2C901FB00}
                       x{7F01CA00C87001CA007001CA00246EB39D7F01CA0004206EF2D0805004CC9634037001CA00E2246EB39D7F01CA0004206EF2D0805004CC9634037001CA00E27001CA00027F01CA0002C958CC}
                    x{C8F84301CC7F01CA0055205023CB1F0120D74981010BBAF2E08820D70B0A208104FFBAF2D0898309BAF2E088CF16216EB3957F01CA00CC947032CA00E2C9ED54}
                   x{2_}
                    x{BE28EED9E6D9E3618C_}
                     x{ED44D0D401F863D200018E2FD31FFA400120D74981010BBAF2E08820D70B0A208104FFBAF2D0898309BAF2E08801D2000191D4926D01E255206C13E0F828D70B0A8309BAF2E089810101D700FA400120D74981010BBAF2E08820D70B0A208104FFBAF2D0898309BAF2E0881202D101DB3C}
                      x{6D}
                     x{21}
                    x{2_}
                     x{4}
                      x{B1D8B6CF36CF1B0C6_}
                       x{ED44D0D401F863D200018E2FD31FFA400120D74981010BBAF2E08820D70B0A208104FFBAF2D0898309BAF2E08801D2000191D4926D01E255206C13E0F828D70B0A8309BAF2E089810101D700FA400120D74981010BBAF2E08820D70B0A208104FFBAF2D0898309BAF2E0881202D101DB3C}
                        x{6D}
                       x{20}
                      x{B36436CF36CF1B0C6_}
                       x{ED44D0D401F863D200018E2FD31FFA400120D74981010BBAF2E08820D70B0A208104FFBAF2D0898309BAF2E08801D2000191D4926D01E255206C13E0F828D70B0A8309BAF2E089810101D700FA400120D74981010BBAF2E08820D70B0A208104FFBAF2D0898309BAF2E0881202D101DB3C}
                        x{6D}
                       x{22}
                     x{B82BEED44D0D20001}
                 x{0000000000000000000000000000000000000000000000000000000000000000200292EBCDAC4F8EB9DC3CA19668D2CB607CE2167A30233DDDBCAED2D106010E09C4_}
                  x{C_}
                   x{A0838F_}
                    x{FF00F4A413F4BCF2C80B}
                     x{62_}
                      x{D001D0D3030171B0A301FA400120D74981010BBAF2E08820D70B0A208104FFBAF2D0898309BAF2E088545053036F04F86102F862DB3C5512DB3CF2E082}
                       x{ED44D0D401F863D200018E2FD31FFA400120D74981010BBAF2E08820D70B0A208104FFBAF2D0898309BAF2E08801D2000191D4926D01E255206C13E0F828D70B0A8309BAF2E089810101D700FA400120D74981010BBAF2E08820D70B0A208104FFBAF2D0898309BAF2E0881202D101DB3C}
                        x{6D}
                       x{0192307FE07021D749C21F953020D70B1FDE208210AFE93535BA8F5130D31F018210AFE93535BAF2E081D33FFA400120D74981010BBAF2E08820D70B0A208104FFBAF2D0898309BAF2E08801D455206C1332820898968070FB024434DB3C30037083067055206D6D6DDB3C597FE0208210B8A3AA14BAE302}
                        x{F8425220C705F2E084}
                        x{C87101CA01500701CA007001CA02500520D74981010BBAF2E08820D70B0A208104FFBAF2D0898309BAF2E088CF165003FA027001CA68236EB3917F93246EB3E2973333017001CA00E30D216EB39C7F01CA0001206EF2D08001CC95317001CA00E2C901FB00}
                         x{7F01CA00C87001CA007001CA00246EB39D7F01CA0004206EF2D0805004CC9634037001CA00E2246EB39D7F01CA0004206EF2D0805004CC9634037001CA00E27001CA00027F01CA0002C958CC}
                        x{30D31F018210B8A3AA14BAF2E081D33FFA400120D74981010BBAF2E08820D70B0A208104FFBAF2D0898309BAF2E088126C12317020FB025520DB3C03708100A07055206D6D6DDB3C587F}
                         x{F8425220C705F2E084}
                         x{C87101CA01500701CA007001CA02500520D74981010BBAF2E08820D70B0A208104FFBAF2D0898309BAF2E088CF165003FA027001CA68236EB3917F93246EB3E2973333017001CA00E30D216EB39C7F01CA0001206EF2D08001CC95317001CA00E2C901FB00}
                          x{7F01CA00C87001CA007001CA00246EB39D7F01CA0004206EF2D0805004CC9634037001CA00E2246EB39D7F01CA0004206EF2D0805004CC9634037001CA00E27001CA00027F01CA0002C958CC}
                        x{8210E601F8E5BA8ECED31F018210E601F8E5BAF2E081D33F0131820898968070FB02F8416F2410235F037083067F25206EF2D080542580C855208210B687AB175004CB1F12CB3FCB1FCCC9103441301443306D6DDB3C7FE03070}
                         x{C87101CA01500701CA007001CA02500520D74981010BBAF2E08820D70B0A208104FFBAF2D0898309BAF2E088CF165003FA027001CA68236EB3917F93246EB3E2973333017001CA00E30D216EB39C7F01CA0001206EF2D08001CC95317001CA00E2C901FB00}
                          x{7F01CA00C87001CA007001CA00246EB39D7F01CA0004206EF2D0805004CC9634037001CA00E2246EB39D7F01CA0004206EF2D0805004CC9634037001CA00E27001CA00027F01CA0002C958CC}
                       x{C8F84301CC7F01CA0055205023CB1F0120D74981010BBAF2E08820D70B0A208104FFBAF2D0898309BAF2E088CF16216EB3957F01CA00CC947032CA00E2C9ED54}
                      x{2_}
                       x{BE28EED9E6D9E3618C_}
                        x{ED44D0D401F863D200018E2FD31FFA400120D74981010BBAF2E08820D70B0A208104FFBAF2D0898309BAF2E08801D2000191D4926D01E255206C13E0F828D70B0A8309BAF2E089810101D700FA400120D74981010BBAF2E08820D70B0A208104FFBAF2D0898309BAF2E0881202D101DB3C}
                         x{6D}
                        x{21}
                       x{2_}
                        x{4}
                         x{B1D8B6CF36CF1B0C6_}
                          x{ED44D0D401F863D200018E2FD31FFA400120D74981010BBAF2E08820D70B0A208104FFBAF2D0898309BAF2E08801D2000191D4926D01E255206C13E0F828D70B0A8309BAF2E089810101D700FA400120D74981010BBAF2E08820D70B0A208104FFBAF2D0898309BAF2E0881202D101DB3C}
                           x{6D}
                          x{20}
                         x{B36436CF36CF1B0C6_}
                          x{ED44D0D401F863D200018E2FD31FFA400120D74981010BBAF2E08820D70B0A208104FFBAF2D0898309BAF2E08801D2000191D4926D01E255206C13E0F828D70B0A8309BAF2E089810101D700FA400120D74981010BBAF2E08820D70B0A208104FFBAF2D0898309BAF2E0881202D101DB3C}
                           x{6D}
                          x{22}
                        x{B82BEED44D0D20001}
                x{B8A3AA140000000000000000801D3E5E1B0970E52ABD4EA639AED542E118FE33D2F03FE072737A6B74A8FDC2C69_}
           x{72278ABF52DB90E4A695238BD6B504F5D10D6E8776B4EDE96724B4E463F95F13131FC134FAA5A4C85801A4DB41854BC57C91EDC2FCAEFE4AA1E0B03C6EEB890767}
           x{04090E51839CD88036EE1C11_}
            x{602327CC3D09000000000000000007C100000000000000000000000000000000000000000000000000000000000000000000000000000000000000000000000000000000000000000000000000000000}
            x{C9AC8D784C8FB95000000000000A0002000000086C667028F3CC35C5E1D1AEB75B20D68906AE33005305D31C6C00E378213282B048913B24_},
          hash: [Function: hash],
          blockchainLogs: '[ 4][t 0][2024-10-30 23:27:17.936000][transaction.cpp:443]\tunpacking account 525D79B589F1D73B879432CD1A596C0F9C42CF460467BBB795DA5A20C021C138\n' +
            '[ 4][t 0][2024-10-30 23:27:17.936000][transaction.cpp:274]\tlast_paid=1732922837; cells=232 bits=84034 public_cells=0\n' +
            '[ 4][t 0][2024-10-30 23:27:17.936000][transaction.cpp:504]\tend of Account.unpack() for 0:525D79B589F1D73B879432CD1A596C0F9C42CF460467BBB795DA5A20C021C138 (balance = 2100000000ng ; last_trans_lt = 36000000..36000002)\n' +
            '[ 4][t 0][2024-10-30 23:27:17.936000][transaction.cpp:3655]\tblock random seed set to 0000000000000000000000000000000000000000000000000000000000000000\n' +
            '[ 4][t 0][2024-10-30 23:27:17.937000][transaction.cpp:1236]\tgas limits: max=1000000, limit=1000000, credit=0\n' +
            '[ 4][t 0][2024-10-30 23:27:17.937000][transaction.cpp:1575]\tin_msg_state is null\n' +
            '[ 4][t 0][2024-10-30 23:27:17.937000][transaction.cpp:1645]\tcreating VM\n' +
            '[ 4][t 0][2024-10-30 23:27:17.937000][transaction.cpp:1351]\tSmartContractInfo initialized with [ 124711402 0 0 1732922837 38000000 38000000 14068792954309835536948273256715513127174070948738620016199408580766834334284 [ 3060892531 (null) ] CS{Cell{0271c00525d79b589f1d73b879432cd1a596c0f9c42cf460467bbb795da5a20c021c1383d0c05210833a526ea800000000089544091f4add401340} bits: 1..268; refs: 0..0} C{A7EC01478F770EF8F8B037CC7E42F0ABF0D85A50E1828C2394DAD1411691F2DE} C{42B6F0E46484EFC57B9508F6BA7EF42E7512023D5CB4ED5628DD1C7755D16E9D} [ 960892531 (null) ] 0 (null) [ CS{Cell{004dd06600000000000000000000000080000000000000fa00000000000001f4000000000003d09040} bits: 9..305; refs: 0..0} (null) CS{Cell{0094d1000000000000006400000000000f4240de000000002710000000000000000f42400000000002160ec0000000000000271000000000002625a00000000005f5e100000000003b9aca00} bits: 0..592; refs: 0..0} CS{Cell{0094d100000000000000640000000000009c40de000000000190000000000000000f424000000000000f4240000000000000271000000000009896800000000005f5e100000000003b9aca00} bits: 0..592; refs: 0..0} CS{Cell{0042ea000000000098968000000000271000000000000f424000000001800055555555} bits: 0..264; refs: 0..0} CS{Cell{0042ea0000000000061a800000000001900000000000009c4000000001800055555555} bits: 0..264; refs: 0..0} (null) ] 0 (null) ]\n' +
            '[ 4][t 0][2024-10-30 23:27:17.937000][transaction.cpp:1675]\tstarting VM\n' +
            '[ 4][t 0][2024-10-30 23:27:17.938000][transaction.cpp:1680]\tVM terminated with exit code 0\n' +
            '[ 3][t 0][2024-10-30 23:27:17.938000][transaction.cpp:1702]\tsteps: 1985 gas: used=71998, max=1000000, limit=1000000, credit=0\n' +
            '[ 3][t 0][2024-10-30 23:27:17.938000][transaction.cpp:1704]\tout_of_gas=false, accepted=true, success=true, time=0.001639s\n' +
            '[ 4][t 0][2024-10-30 23:27:17.938000][transaction.cpp:1737]\tgas fees: 28799200 = 26214400 * 71998 /2^16 ; price=26214400; flat rate=[40000 for 100]; remaining balance=3032093331ng\n' +
            '[ 3][t 0][2024-10-30 23:27:17.938000][transaction.cpp:2678]\tin try_action_reserve_currency(0)\n' +
            '[ 4][t 0][2024-10-30 23:27:17.938000][transaction.cpp:2684]\taction_reserve_currency: mode=0, reserve=2100000000ng, balance=3032093331ng, original balance=2100000000ng\n' +
            '[ 3][t 0][2024-10-30 23:27:17.938000][transaction.cpp:2729]\tchanged remaining balance to 932093331ng, reserved balance to 2100000000ng\n' +
            '[ 4][t 0][2024-10-30 23:27:17.939000][transaction.cpp:2448]\tstorage paid for a message: 1 cells, 96 bits\n' +
            '[ 4][t 0][2024-10-30 23:27:17.939000][transaction.cpp:2452]\tcomputed fwd fees = 478400 + 0\n' +
            '[ 4][t 0][2024-10-30 23:27:17.939000][transaction.cpp:2448]\tstorage paid for a message: 1 cells, 96 bits\n' +
            '[ 4][t 0][2024-10-30 23:27:17.939000][transaction.cpp:2452]\tcomputed fwd fees = 478400 + 0\n' +
            '[ 4][t 0][2024-10-30 23:27:17.939000][transaction.cpp:2448]\tstorage paid for a message: 1 cells, 431 bits\n' +
            '[ 4][t 0][2024-10-30 23:27:17.939000][transaction.cpp:2452]\tcomputed fwd fees = 612400 + 0\n' +
            '[ 4][t 0][2024-10-30 23:27:17.939000][transaction.cpp:2448]\tstorage paid for a message: 27 cells, 6976 bits\n' +
            '[ 4][t 0][2024-10-30 23:27:17.939000][transaction.cpp:2452]\tcomputed fwd fees = 4270400 + 0\n',
          vmLogs: 'xecute EQUAL\n' +
            'execute THROWIF 137\n' +
            'execute PUSHPOW2 10\n' +
            'execute EQUAL\n' +
            'execute THROWIFNOT 136\n' +
            'execute STSLICER\n' +
            'execute ENDC\n' +
            'execute ROT\n' +
            'execute STREF\n' +
            'execute ENDC\n' +
            'execute SWAP\n' +
            'execute STREF\n' +
            'execute implicit RET\n' +
            'execute ENDC\n' +
            'execute POP c4\n' +
            'execute implicit RET\n',
          debugLogs: '',
          events: [Array],
          parent: [Object],
          children: [Array],
          externals: [Array]
        },
        children: [ [Object] ],
        externals: []
      },
      {
        address: 101852738109603725607761920797369865272772728943991090530178890834824226043772n,
        lt: 40000000n,
        prevTransactionHash: 48086804311003111558991809955668235199227894731260532255297358825831217046907n,
        prevTransactionLt: 27000000n,
        now: 1732922837,
        outMessagesCount: 1,
        oldStatus: 'active',
        endStatus: 'active',
        inMessage: { info: [Object], init: null, body: x{BC26F4C80000000000000001} },
        outMessages: Dictionary { _key: [Object], _value: [Object], _map: [Map] },
        totalFees: { coins: 5334831n },
        stateUpdate: {
          oldHash: <Buffer 1f b4 80 7f f9 f8 5d 78 74 60 96 4f 44 1b 9b 7b 91 bf 51 03 1f a1 06 43 cb ff 8f 8a 07 81 52 81>,
          newHash: <Buffer 33 52 0f 9a 74 dd 4f d1 77 4d d3 7a f8 4e d2 ee 6c d5 5e fe c4 14 bf e5 f1 01 8b ba 97 2a 97 a0>
        },
        description: {
          type: 'generic',
          creditFirst: false,
          storagePhase: [Object],
          creditPhase: [Object],
          computePhase: [Object],
          actionPhase: [Object],
          bouncePhase: undefined,
          aborted: false,
          destroyed: false
        },
        raw: x{7E12E9B5A9ADF7C908B113242524E81F00F28287FE1829FB614C604014052777C0000000002625A006A502AAF2C397184A6459B3381E9C0A3DB39E8C526F5E93C9DCB55E62651257B00000000019BFCC0674A4DD5000346A2CE5E}
         x{E_}
          x{6800A4BAF36B13E3AE770F28659A34B2D81F38859E8C08CF776F2BB4B4418043827100384BA6D6A6B7DF2422C44C909493A07C03CA0A1FF860A7ED8531810050149DDF10101931000609BBB0000000000487AB04CE949BAA5E137A640000000000000000C_}
          x{DF_}
           x{6801C25D36B535BEF92116226484A49D03E01E5050FFC3053F6C298C080280A4EEF90014975E6D627C75CEE1E50CB346965B03E710B3D18119EEEDE57696883008704E101119EF88060DFF5E0000000004C4B402CE949BAAC_}
            x{2A004A0500000000000000010000000000000000000000000000000000000000000000000000000000000000400B75A3E1A6460F415CE3721F308920C4B456F3B977F39EB26CED9155308A976CC}
         x{721FB4807FF9F85D787460964F441B9B7B91BF51031FA10643CBFF8F8A0781528133520F9A74DD4FD1774DD37AF84ED2EE6CD55EFEC414BFE5F1018BBA972A97A0}
         x{04C4360789010193101867A1E811_}
          x{44E28C0A4D9000000000000000013D00000000000000000000000000000000000000000000000000000000000000000000000000000000000000000000000000000000000000000000000000000000}
          x{C9853FC04C0DFF44000000000002000000000003FFB2652E35979066CAC0633284C4E8042DB1FCB29F76FDFE1F06536CEE4DA4744090296C_},
        hash: [Function: hash],
        blockchainLogs: '[ 4][t 0][2024-10-30 23:27:17.948000][transaction.cpp:443]\tunpacking account E12E9B5A9ADF7C908B113242524E81F00F28287FE1829FB614C604014052777C\n' +
          '[ 4][t 0][2024-10-30 23:27:17.948000][transaction.cpp:274]\tlast_paid=1730330837; cells=30 bits=12911 public_cells=0\n' +
          '[ 4][t 0][2024-10-30 23:27:17.948000][transaction.cpp:504]\tend of Account.unpack() for 0:E12E9B5A9ADF7C908B113242524E81F00F28287FE1829FB614C604014052777C (balance = 10000000ng ; last_trans_lt = 27000000..27000002)\n' +
          '[ 4][t 0][2024-10-30 23:27:17.948000][transaction.cpp:3655]\tblock random seed set to 0000000000000000000000000000000000000000000000000000000000000000\n' +
          '[ 4][t 0][2024-10-30 23:27:17.948000][transaction.cpp:1236]\tgas limits: max=191044, limit=168804, credit=0\n' +
          '[ 4][t 0][2024-10-30 23:27:17.948000][transaction.cpp:1575]\tin_msg_state is null\n' +
          '[ 4][t 0][2024-10-30 23:27:17.948000][transaction.cpp:1645]\tcreating VM\n' +
          '[ 4][t 0][2024-10-30 23:27:17.948000][transaction.cpp:1351]\tSmartContractInfo initialized with [ 124711402 0 0 1732922837 40000000 40000000 43870772645377937883531240781324653013999287705787709612543318804107744319189 [ 76417698 (null) ] CS{Cell{026dc00e12e9b5a9adf7c908b113242524e81f00f28287fe1829fb614c604014052777c23c8c9bc3391606a800000000066ff308e625a01340} bits: 1..268; refs: 0..0} C{A7EC01478F770EF8F8B037CC7E42F0ABF0D85A50E1828C2394DAD1411691F2DE} C{33BB148A451AD17F938AA7C476E48F2B79933715F13F1D58F9234A90730321A8} [ 67521600 (null) ] 1103902 (null) [ CS{Cell{004dd06600000000000000000000000080000000000000fa00000000000001f4000000000003d09040} bits: 9..305; refs: 0..0} (null) CS{Cell{0094d1000000000000006400000000000f4240de000000002710000000000000000f42400000000002160ec0000000000000271000000000002625a00000000005f5e100000000003b9aca00} bits: 0..592; refs: 0..0} CS{Cell{0094d100000000000000640000000000009c40de000000000190000000000000000f424000000000000f4240000000000000271000000000009896800000000005f5e100000000003b9aca00} bits: 0..592; refs: 0..0} CS{Cell{0042ea000000000098968000000000271000000000000f424000000001800055555555} bits: 0..264; refs: 0..0} CS{Cell{0042ea0000000000061a800000000001900000000000009c4000000001800055555555} bits: 0..264; refs: 0..0} (null) ] 0 (null) ]\n' +
          '[ 4][t 0][2024-10-30 23:27:17.948000][transaction.cpp:1675]\tstarting VM\n' +
          '[ 4][t 0][2024-10-30 23:27:17.949000][transaction.cpp:1680]\tVM terminated with exit code 0\n' +
          '[ 3][t 0][2024-10-30 23:27:17.949000][transaction.cpp:1702]\tsteps: 317 gas: used=10004, max=191044, limit=168804, credit=0\n' +
          '[ 3][t 0][2024-10-30 23:27:17.949000][transaction.cpp:1704]\tout_of_gas=false, accepted=true, success=true, time=0.000500s\n' +
          '[ 4][t 0][2024-10-30 23:27:17.949000][transaction.cpp:1737]\tgas fees: 4001600 = 26214400 * 10004 /2^16 ; price=26214400; flat rate=[40000 for 100]; remaining balance=72416098ng\n' +
          '[ 4][t 0][2024-10-30 23:27:17.949000][transaction.cpp:2448]\tstorage paid for a message: 1 cells, 620 bits\n' +
          '[ 4][t 0][2024-10-30 23:27:17.949000][transaction.cpp:2452]\tcomputed fwd fees = 688000 + 0\n',
        vmLogs: 'e implicit RET\n' +
          'execute OVER\n' +
          'execute ISNULL\n' +
          'execute NOT\n' +
          'execute PUSHCONT x7F01CA00CC\n' +
          'execute PUSHCONT x7032CA00\n' +
          'execute IFELSE\n' +
          'execute PUSHINT -1\n' +
          'execute SWAP\n' +
          'execute STI 1\n' +
          'execute STREF\n' +
          'execute implicit RET\n' +
          'execute ENDC\n' +
          'execute POP c4\n' +
          'execute implicit RET\n',
        debugLogs: '',
        events: [ [Object] ],
        parent: {
          address: 37254810366437813475271750514734067285117962570475561289538093995582013161784n,
          lt: 38000000n,
          prevTransactionHash: 87250255930971700696608525928313043547114090566961889564937511498758917859978n,
          prevTransactionLt: 36000000n,
          now: 1732922837,
          outMessagesCount: 4,
          oldStatus: 'active',
          endStatus: 'active',
          inMessage: [Object],
          outMessages: [Dictionary],
          totalFees: [Object],
          stateUpdate: [Object],
          description: [Object],
          raw: x{7525D79B589F1D73B879432CD1A596C0F9C42CF460467BBB795DA5A20C021C138000000000243D580C0E5E5137B6C2685E8B37ADDC9B35B375838D40E05A41B3F5CCB68CBEADE2A8A0000000002255100674A4DD500094803B6BE68}
           x{E_}
            x{680173A49878148A4F6041C04B952AC2638BD6A1025222AF84BFAF2C3BE5A07436D50014975E6D627C75CEE1E50CB346965B03E710B3D18119EEEDE57696883008704E10E51839CC0610D45E0000000004692682CE949BAA5B43D58B8000000000000000000000004_}
             x{02202FAF080202FAF08021DCD65001CC4B4021DCD65003391606AB397F7EAB391606AB3A526EA80000000800000004_}
              x{801028CD38D6A9FB165BB1D27554DCBBC8B7A064E07EF4C3832956828113614F545_}
            x{DB_}
             x{2_}
              x{2_}
               x{6800A4BAF36B13E3AE770F28659A34B2D81F38859E8C08CF776F2BB4B44180438271001F33C9E03834F86C2DA0166D0212C129A321D08D5D171B4080758BCF48863C4D90101931000609BBB0000000000487AB02CE949BAAC_}
                x{BC26F4C80000000000000000}
              x{2_}
               x{6800A4BAF36B13E3AE770F28659A34B2D81F38859E8C08CF776F2BB4B4418043827100384BA6D6A6B7DF2422C44C909493A07C03CA0A1FF860A7ED8531810050149DDF10101931000609BBB0000000000487AB04CE949BAAC_}
                x{BC26F4C80000000000000001}
             x{2_}
              x{2_}
               x{E00292EBCDAC4F8EB9DC3CA19668D2CB607CE2167A30233DDDBCAED2D106010E09C0000000000487AB06CE949BAAC_}
                x{8B6D3812000000000000000000000000801028CD38D6A9FB165BB1D27554DCBBC8B7A064E07EF4C3832956828113614F544877359401_}
              x{2_}
               x{4800A4BAF36B13E3AE770F28659A34B2D81F38859E8C08CF776F2BB4B44180438271002E74930F029149EC08380972A5584C717AD4204A4455F097F5E5877CB40E86DA90BCA3A88C0656E1D8000000000487AB08CE949BABE_}
                x{34_}
                 x{FF00F4A413F4BCF2C80B}
                  x{62_}
                   x{D001D0D3030171B0A301FA400120D74981010BBAF2E08820D70B0A208104FFBAF2D0898309BAF2E088545053036F04F86102F862DB3C5512DB3CF2E082}
                    x{ED44D0D401F863D200018E2FD31FFA400120D74981010BBAF2E08820D70B0A208104FFBAF2D0898309BAF2E08801D2000191D4926D01E255206C13E0F828D70B0A8309BAF2E089810101D700FA400120D74981010BBAF2E08820D70B0A208104FFBAF2D0898309BAF2E0881202D101DB3C}
                     x{6D}
                    x{0192307FE07021D749C21F953020D70B1FDE208210AFE93535BA8F5130D31F018210AFE93535BAF2E081D33FFA400120D74981010BBAF2E08820D70B0A208104FFBAF2D0898309BAF2E08801D455206C1332820898968070FB024434DB3C30037083067055206D6D6DDB3C597FE0208210B8A3AA14BAE302}
                     x{F8425220C705F2E084}
                     x{C87101CA01500701CA007001CA02500520D74981010BBAF2E08820D70B0A208104FFBAF2D0898309BAF2E088CF165003FA027001CA68236EB3917F93246EB3E2973333017001CA00E30D216EB39C7F01CA0001206EF2D08001CC95317001CA00E2C901FB00}
                      x{7F01CA00C87001CA007001CA00246EB39D7F01CA0004206EF2D0805004CC9634037001CA00E2246EB39D7F01CA0004206EF2D0805004CC9634037001CA00E27001CA00027F01CA0002C958CC}
                     x{30D31F018210B8A3AA14BAF2E081D33FFA400120D74981010BBAF2E08820D70B0A208104FFBAF2D0898309BAF2E088126C12317020FB025520DB3C03708100A07055206D6D6DDB3C587F}
                      x{F8425220C705F2E084}
                      x{C87101CA01500701CA007001CA02500520D74981010BBAF2E08820D70B0A208104FFBAF2D0898309BAF2E088CF165003FA027001CA68236EB3917F93246EB3E2973333017001CA00E30D216EB39C7F01CA0001206EF2D08001CC95317001CA00E2C901FB00}
                       x{7F01CA00C87001CA007001CA00246EB39D7F01CA0004206EF2D0805004CC9634037001CA00E2246EB39D7F01CA0004206EF2D0805004CC9634037001CA00E27001CA00027F01CA0002C958CC}
                     x{8210E601F8E5BA8ECED31F018210E601F8E5BAF2E081D33F0131820898968070FB02F8416F2410235F037083067F25206EF2D080542580C855208210B687AB175004CB1F12CB3FCB1FCCC9103441301443306D6DDB3C7FE03070}
                      x{C87101CA01500701CA007001CA02500520D74981010BBAF2E08820D70B0A208104FFBAF2D0898309BAF2E088CF165003FA027001CA68236EB3917F93246EB3E2973333017001CA00E30D216EB39C7F01CA0001206EF2D08001CC95317001CA00E2C901FB00}
                       x{7F01CA00C87001CA007001CA00246EB39D7F01CA0004206EF2D0805004CC9634037001CA00E2246EB39D7F01CA0004206EF2D0805004CC9634037001CA00E27001CA00027F01CA0002C958CC}
                    x{C8F84301CC7F01CA0055205023CB1F0120D74981010BBAF2E08820D70B0A208104FFBAF2D0898309BAF2E088CF16216EB3957F01CA00CC947032CA00E2C9ED54}
                   x{2_}
                    x{BE28EED9E6D9E3618C_}
                     x{ED44D0D401F863D200018E2FD31FFA400120D74981010BBAF2E08820D70B0A208104FFBAF2D0898309BAF2E08801D2000191D4926D01E255206C13E0F828D70B0A8309BAF2E089810101D700FA400120D74981010BBAF2E08820D70B0A208104FFBAF2D0898309BAF2E0881202D101DB3C}
                      x{6D}
                     x{21}
                    x{2_}
                     x{4}
                      x{B1D8B6CF36CF1B0C6_}
                       x{ED44D0D401F863D200018E2FD31FFA400120D74981010BBAF2E08820D70B0A208104FFBAF2D0898309BAF2E08801D2000191D4926D01E255206C13E0F828D70B0A8309BAF2E089810101D700FA400120D74981010BBAF2E08820D70B0A208104FFBAF2D0898309BAF2E0881202D101DB3C}
                        x{6D}
                       x{20}
                      x{B36436CF36CF1B0C6_}
                       x{ED44D0D401F863D200018E2FD31FFA400120D74981010BBAF2E08820D70B0A208104FFBAF2D0898309BAF2E08801D2000191D4926D01E255206C13E0F828D70B0A8309BAF2E089810101D700FA400120D74981010BBAF2E08820D70B0A208104FFBAF2D0898309BAF2E0881202D101DB3C}
                        x{6D}
                       x{22}
                     x{B82BEED44D0D20001}
                 x{0000000000000000000000000000000000000000000000000000000000000000200292EBCDAC4F8EB9DC3CA19668D2CB607CE2167A30233DDDBCAED2D106010E09C4_}
                  x{C_}
                   x{A0838F_}
                    x{FF00F4A413F4BCF2C80B}
                     x{62_}
                      x{D001D0D3030171B0A301FA400120D74981010BBAF2E08820D70B0A208104FFBAF2D0898309BAF2E088545053036F04F86102F862DB3C5512DB3CF2E082}
                       x{ED44D0D401F863D200018E2FD31FFA400120D74981010BBAF2E08820D70B0A208104FFBAF2D0898309BAF2E08801D2000191D4926D01E255206C13E0F828D70B0A8309BAF2E089810101D700FA400120D74981010BBAF2E08820D70B0A208104FFBAF2D0898309BAF2E0881202D101DB3C}
                        x{6D}
                       x{0192307FE07021D749C21F953020D70B1FDE208210AFE93535BA8F5130D31F018210AFE93535BAF2E081D33FFA400120D74981010BBAF2E08820D70B0A208104FFBAF2D0898309BAF2E08801D455206C1332820898968070FB024434DB3C30037083067055206D6D6DDB3C597FE0208210B8A3AA14BAE302}
                        x{F8425220C705F2E084}
                        x{C87101CA01500701CA007001CA02500520D74981010BBAF2E08820D70B0A208104FFBAF2D0898309BAF2E088CF165003FA027001CA68236EB3917F93246EB3E2973333017001CA00E30D216EB39C7F01CA0001206EF2D08001CC95317001CA00E2C901FB00}
                         x{7F01CA00C87001CA007001CA00246EB39D7F01CA0004206EF2D0805004CC9634037001CA00E2246EB39D7F01CA0004206EF2D0805004CC9634037001CA00E27001CA00027F01CA0002C958CC}
                        x{30D31F018210B8A3AA14BAF2E081D33FFA400120D74981010BBAF2E08820D70B0A208104FFBAF2D0898309BAF2E088126C12317020FB025520DB3C03708100A07055206D6D6DDB3C587F}
                         x{F8425220C705F2E084}
                         x{C87101CA01500701CA007001CA02500520D74981010BBAF2E08820D70B0A208104FFBAF2D0898309BAF2E088CF165003FA027001CA68236EB3917F93246EB3E2973333017001CA00E30D216EB39C7F01CA0001206EF2D08001CC95317001CA00E2C901FB00}
                          x{7F01CA00C87001CA007001CA00246EB39D7F01CA0004206EF2D0805004CC9634037001CA00E2246EB39D7F01CA0004206EF2D0805004CC9634037001CA00E27001CA00027F01CA0002C958CC}
                        x{8210E601F8E5BA8ECED31F018210E601F8E5BAF2E081D33F0131820898968070FB02F8416F2410235F037083067F25206EF2D080542580C855208210B687AB175004CB1F12CB3FCB1FCCC9103441301443306D6DDB3C7FE03070}
                         x{C87101CA01500701CA007001CA02500520D74981010BBAF2E08820D70B0A208104FFBAF2D0898309BAF2E088CF165003FA027001CA68236EB3917F93246EB3E2973333017001CA00E30D216EB39C7F01CA0001206EF2D08001CC95317001CA00E2C901FB00}
                          x{7F01CA00C87001CA007001CA00246EB39D7F01CA0004206EF2D0805004CC9634037001CA00E2246EB39D7F01CA0004206EF2D0805004CC9634037001CA00E27001CA00027F01CA0002C958CC}
                       x{C8F84301CC7F01CA0055205023CB1F0120D74981010BBAF2E08820D70B0A208104FFBAF2D0898309BAF2E088CF16216EB3957F01CA00CC947032CA00E2C9ED54}
                      x{2_}
                       x{BE28EED9E6D9E3618C_}
                        x{ED44D0D401F863D200018E2FD31FFA400120D74981010BBAF2E08820D70B0A208104FFBAF2D0898309BAF2E08801D2000191D4926D01E255206C13E0F828D70B0A8309BAF2E089810101D700FA400120D74981010BBAF2E08820D70B0A208104FFBAF2D0898309BAF2E0881202D101DB3C}
                         x{6D}
                        x{21}
                       x{2_}
                        x{4}
                         x{B1D8B6CF36CF1B0C6_}
                          x{ED44D0D401F863D200018E2FD31FFA400120D74981010BBAF2E08820D70B0A208104FFBAF2D0898309BAF2E08801D2000191D4926D01E255206C13E0F828D70B0A8309BAF2E089810101D700FA400120D74981010BBAF2E08820D70B0A208104FFBAF2D0898309BAF2E0881202D101DB3C}
                           x{6D}
                          x{20}
                         x{B36436CF36CF1B0C6_}
                          x{ED44D0D401F863D200018E2FD31FFA400120D74981010BBAF2E08820D70B0A208104FFBAF2D0898309BAF2E08801D2000191D4926D01E255206C13E0F828D70B0A8309BAF2E089810101D700FA400120D74981010BBAF2E08820D70B0A208104FFBAF2D0898309BAF2E0881202D101DB3C}
                           x{6D}
                          x{22}
                        x{B82BEED44D0D20001}
                x{B8A3AA140000000000000000801D3E5E1B0970E52ABD4EA639AED542E118FE33D2F03FE072737A6B74A8FDC2C69_}
           x{72278ABF52DB90E4A695238BD6B504F5D10D6E8776B4EDE96724B4E463F95F13131FC134FAA5A4C85801A4DB41854BC57C91EDC2FCAEFE4AA1E0B03C6EEB890767}
           x{04090E51839CD88036EE1C11_}
            x{602327CC3D09000000000000000007C100000000000000000000000000000000000000000000000000000000000000000000000000000000000000000000000000000000000000000000000000000000}
            x{C9AC8D784C8FB95000000000000A0002000000086C667028F3CC35C5E1D1AEB75B20D68906AE33005305D31C6C00E378213282B048913B24_},
          hash: [Function: hash],
          blockchainLogs: '[ 4][t 0][2024-10-30 23:27:17.936000][transaction.cpp:443]\tunpacking account 525D79B589F1D73B879432CD1A596C0F9C42CF460467BBB795DA5A20C021C138\n' +
            '[ 4][t 0][2024-10-30 23:27:17.936000][transaction.cpp:274]\tlast_paid=1732922837; cells=232 bits=84034 public_cells=0\n' +
            '[ 4][t 0][2024-10-30 23:27:17.936000][transaction.cpp:504]\tend of Account.unpack() for 0:525D79B589F1D73B879432CD1A596C0F9C42CF460467BBB795DA5A20C021C138 (balance = 2100000000ng ; last_trans_lt = 36000000..36000002)\n' +
            '[ 4][t 0][2024-10-30 23:27:17.936000][transaction.cpp:3655]\tblock random seed set to 0000000000000000000000000000000000000000000000000000000000000000\n' +
            '[ 4][t 0][2024-10-30 23:27:17.937000][transaction.cpp:1236]\tgas limits: max=1000000, limit=1000000, credit=0\n' +
            '[ 4][t 0][2024-10-30 23:27:17.937000][transaction.cpp:1575]\tin_msg_state is null\n' +
            '[ 4][t 0][2024-10-30 23:27:17.937000][transaction.cpp:1645]\tcreating VM\n' +
            '[ 4][t 0][2024-10-30 23:27:17.937000][transaction.cpp:1351]\tSmartContractInfo initialized with [ 124711402 0 0 1732922837 38000000 38000000 14068792954309835536948273256715513127174070948738620016199408580766834334284 [ 3060892531 (null) ] CS{Cell{0271c00525d79b589f1d73b879432cd1a596c0f9c42cf460467bbb795da5a20c021c1383d0c05210833a526ea800000000089544091f4add401340} bits: 1..268; refs: 0..0} C{A7EC01478F770EF8F8B037CC7E42F0ABF0D85A50E1828C2394DAD1411691F2DE} C{42B6F0E46484EFC57B9508F6BA7EF42E7512023D5CB4ED5628DD1C7755D16E9D} [ 960892531 (null) ] 0 (null) [ CS{Cell{004dd06600000000000000000000000080000000000000fa00000000000001f4000000000003d09040} bits: 9..305; refs: 0..0} (null) CS{Cell{0094d1000000000000006400000000000f4240de000000002710000000000000000f42400000000002160ec0000000000000271000000000002625a00000000005f5e100000000003b9aca00} bits: 0..592; refs: 0..0} CS{Cell{0094d100000000000000640000000000009c40de000000000190000000000000000f424000000000000f4240000000000000271000000000009896800000000005f5e100000000003b9aca00} bits: 0..592; refs: 0..0} CS{Cell{0042ea000000000098968000000000271000000000000f424000000001800055555555} bits: 0..264; refs: 0..0} CS{Cell{0042ea0000000000061a800000000001900000000000009c4000000001800055555555} bits: 0..264; refs: 0..0} (null) ] 0 (null) ]\n' +
            '[ 4][t 0][2024-10-30 23:27:17.937000][transaction.cpp:1675]\tstarting VM\n' +
            '[ 4][t 0][2024-10-30 23:27:17.938000][transaction.cpp:1680]\tVM terminated with exit code 0\n' +
            '[ 3][t 0][2024-10-30 23:27:17.938000][transaction.cpp:1702]\tsteps: 1985 gas: used=71998, max=1000000, limit=1000000, credit=0\n' +
            '[ 3][t 0][2024-10-30 23:27:17.938000][transaction.cpp:1704]\tout_of_gas=false, accepted=true, success=true, time=0.001639s\n' +
            '[ 4][t 0][2024-10-30 23:27:17.938000][transaction.cpp:1737]\tgas fees: 28799200 = 26214400 * 71998 /2^16 ; price=26214400; flat rate=[40000 for 100]; remaining balance=3032093331ng\n' +
            '[ 3][t 0][2024-10-30 23:27:17.938000][transaction.cpp:2678]\tin try_action_reserve_currency(0)\n' +
            '[ 4][t 0][2024-10-30 23:27:17.938000][transaction.cpp:2684]\taction_reserve_currency: mode=0, reserve=2100000000ng, balance=3032093331ng, original balance=2100000000ng\n' +
            '[ 3][t 0][2024-10-30 23:27:17.938000][transaction.cpp:2729]\tchanged remaining balance to 932093331ng, reserved balance to 2100000000ng\n' +
            '[ 4][t 0][2024-10-30 23:27:17.939000][transaction.cpp:2448]\tstorage paid for a message: 1 cells, 96 bits\n' +
            '[ 4][t 0][2024-10-30 23:27:17.939000][transaction.cpp:2452]\tcomputed fwd fees = 478400 + 0\n' +
            '[ 4][t 0][2024-10-30 23:27:17.939000][transaction.cpp:2448]\tstorage paid for a message: 1 cells, 96 bits\n' +
            '[ 4][t 0][2024-10-30 23:27:17.939000][transaction.cpp:2452]\tcomputed fwd fees = 478400 + 0\n' +
            '[ 4][t 0][2024-10-30 23:27:17.939000][transaction.cpp:2448]\tstorage paid for a message: 1 cells, 431 bits\n' +
            '[ 4][t 0][2024-10-30 23:27:17.939000][transaction.cpp:2452]\tcomputed fwd fees = 612400 + 0\n' +
            '[ 4][t 0][2024-10-30 23:27:17.939000][transaction.cpp:2448]\tstorage paid for a message: 27 cells, 6976 bits\n' +
            '[ 4][t 0][2024-10-30 23:27:17.939000][transaction.cpp:2452]\tcomputed fwd fees = 4270400 + 0\n',
          vmLogs: 'xecute EQUAL\n' +
            'execute THROWIF 137\n' +
            'execute PUSHPOW2 10\n' +
            'execute EQUAL\n' +
            'execute THROWIFNOT 136\n' +
            'execute STSLICER\n' +
            'execute ENDC\n' +
            'execute ROT\n' +
            'execute STREF\n' +
            'execute ENDC\n' +
            'execute SWAP\n' +
            'execute STREF\n' +
            'execute implicit RET\n' +
            'execute ENDC\n' +
            'execute POP c4\n' +
            'execute implicit RET\n',
          debugLogs: '',
          events: [Array],
          parent: [Object],
          children: [Array],
          externals: [Array]
        },
        children: [ [Object] ],
        externals: []
      },
      {
        address: 84049441022908470316622795825605090351520748406577698494615284512509455375210n,
        lt: 41000000n,
        prevTransactionHash: 37885579623189165700191954299569236669437118462278628020510447148892838818652n,
        prevTransactionLt: 37000000n,
        now: 1732922837,
        outMessagesCount: 1,
        oldStatus: 'active',
        endStatus: 'non-existing',
        inMessage: {
          info: [Object],
          init: [Object],
          body: x{B8A3AA140000000000000000801D3E5E1B0970E52ABD4EA639AED542E118FE33D2F03FE072737A6B74A8FDC2C69_}
        },
        outMessages: Dictionary { _key: [Object], _value: [Object], _map: [Map] },
        totalFees: { coins: 3532131n },
        stateUpdate: {
          oldHash: <Buffer c6 e9 00 29 d7 ec 04 04 73 45 d5 23 8b 89 30 bb e1 b1 6f 20 8c 72 58 83 c4 d7 b7 97 30 0f 67 d9>,
          newHash: <Buffer 90 ae c8 96 5a fa bb 16 eb c3 cb 9b 40 8e ba e7 1b 61 8d 78 78 8b c8 0d 09 84 35 93 ca c9 8d a4>
        },
        description: {
          type: 'generic',
          creditFirst: true,
          storagePhase: [Object],
          creditPhase: [Object],
          computePhase: [Object],
          actionPhase: [Object],
          bouncePhase: undefined,
          aborted: false,
          destroyed: true
        },
        raw: x{7B9D24C3C0A4527B020E025CA956131C5EB5081291157C25FD7961DF2D03A1B6A0000000002719C4053C27A699B5EA56EBF1962E7EE5C39FB0BF85F004455B874A579D427C915F35C0000000002349340674A4DD50003666BCAC6}
         x{E_}
          x{4800A4BAF36B13E3AE770F28659A34B2D81F38859E8C08CF776F2BB4B44180438271002E74930F029149EC08380972A5584C717AD4204A4455F097F5E5877CB40E86DA90BCA3A88C0656E1D8000000000487AB08CE949BABE_}
           x{34_}
            x{FF00F4A413F4BCF2C80B}
             x{62_}
              x{D001D0D3030171B0A301FA400120D74981010BBAF2E08820D70B0A208104FFBAF2D0898309BAF2E088545053036F04F86102F862DB3C5512DB3CF2E082}
               x{ED44D0D401F863D200018E2FD31FFA400120D74981010BBAF2E08820D70B0A208104FFBAF2D0898309BAF2E08801D2000191D4926D01E255206C13E0F828D70B0A8309BAF2E089810101D700FA400120D74981010BBAF2E08820D70B0A208104FFBAF2D0898309BAF2E0881202D101DB3C}
                x{6D}
               x{0192307FE07021D749C21F953020D70B1FDE208210AFE93535BA8F5130D31F018210AFE93535BAF2E081D33FFA400120D74981010BBAF2E08820D70B0A208104FFBAF2D0898309BAF2E08801D455206C1332820898968070FB024434DB3C30037083067055206D6D6DDB3C597FE0208210B8A3AA14BAE302}
                x{F8425220C705F2E084}
                x{C87101CA01500701CA007001CA02500520D74981010BBAF2E08820D70B0A208104FFBAF2D0898309BAF2E088CF165003FA027001CA68236EB3917F93246EB3E2973333017001CA00E30D216EB39C7F01CA0001206EF2D08001CC95317001CA00E2C901FB00}
                 x{7F01CA00C87001CA007001CA00246EB39D7F01CA0004206EF2D0805004CC9634037001CA00E2246EB39D7F01CA0004206EF2D0805004CC9634037001CA00E27001CA00027F01CA0002C958CC}
                x{30D31F018210B8A3AA14BAF2E081D33FFA400120D74981010BBAF2E08820D70B0A208104FFBAF2D0898309BAF2E088126C12317020FB025520DB3C03708100A07055206D6D6DDB3C587F}
                 x{F8425220C705F2E084}
                 x{C87101CA01500701CA007001CA02500520D74981010BBAF2E08820D70B0A208104FFBAF2D0898309BAF2E088CF165003FA027001CA68236EB3917F93246EB3E2973333017001CA00E30D216EB39C7F01CA0001206EF2D08001CC95317001CA00E2C901FB00}
                  x{7F01CA00C87001CA007001CA00246EB39D7F01CA0004206EF2D0805004CC9634037001CA00E2246EB39D7F01CA0004206EF2D0805004CC9634037001CA00E27001CA00027F01CA0002C958CC}
                x{8210E601F8E5BA8ECED31F018210E601F8E5BAF2E081D33F0131820898968070FB02F8416F2410235F037083067F25206EF2D080542580C855208210B687AB175004CB1F12CB3FCB1FCCC9103441301443306D6DDB3C7FE03070}
                 x{C87101CA01500701CA007001CA02500520D74981010BBAF2E08820D70B0A208104FFBAF2D0898309BAF2E088CF165003FA027001CA68236EB3917F93246EB3E2973333017001CA00E30D216EB39C7F01CA0001206EF2D08001CC95317001CA00E2C901FB00}
                  x{7F01CA00C87001CA007001CA00246EB39D7F01CA0004206EF2D0805004CC9634037001CA00E2246EB39D7F01CA0004206EF2D0805004CC9634037001CA00E27001CA00027F01CA0002C958CC}
               x{C8F84301CC7F01CA0055205023CB1F0120D74981010BBAF2E08820D70B0A208104FFBAF2D0898309BAF2E088CF16216EB3957F01CA00CC947032CA00E2C9ED54}
              x{2_}
               x{BE28EED9E6D9E3618C_}
                x{ED44D0D401F863D200018E2FD31FFA400120D74981010BBAF2E08820D70B0A208104FFBAF2D0898309BAF2E08801D2000191D4926D01E255206C13E0F828D70B0A8309BAF2E089810101D700FA400120D74981010BBAF2E08820D70B0A208104FFBAF2D0898309BAF2E0881202D101DB3C}
                 x{6D}
                x{21}
               x{2_}
                x{4}
                 x{B1D8B6CF36CF1B0C6_}
                  x{ED44D0D401F863D200018E2FD31FFA400120D74981010BBAF2E08820D70B0A208104FFBAF2D0898309BAF2E08801D2000191D4926D01E255206C13E0F828D70B0A8309BAF2E089810101D700FA400120D74981010BBAF2E08820D70B0A208104FFBAF2D0898309BAF2E0881202D101DB3C}
                   x{6D}
                  x{20}
                 x{B36436CF36CF1B0C6_}
                  x{ED44D0D401F863D200018E2FD31FFA400120D74981010BBAF2E08820D70B0A208104FFBAF2D0898309BAF2E08801D2000191D4926D01E255206C13E0F828D70B0A8309BAF2E089810101D700FA400120D74981010BBAF2E08820D70B0A208104FFBAF2D0898309BAF2E0881202D101DB3C}
                   x{6D}
                  x{22}
                x{B82BEED44D0D20001}
            x{0000000000000000000000000000000000000000000000000000000000000000200292EBCDAC4F8EB9DC3CA19668D2CB607CE2167A30233DDDBCAED2D106010E09C4_}
             x{C_}
              x{A0838F_}
               x{FF00F4A413F4BCF2C80B}
                x{62_}
                 x{D001D0D3030171B0A301FA400120D74981010BBAF2E08820D70B0A208104FFBAF2D0898309BAF2E088545053036F04F86102F862DB3C5512DB3CF2E082}
                  x{ED44D0D401F863D200018E2FD31FFA400120D74981010BBAF2E08820D70B0A208104FFBAF2D0898309BAF2E08801D2000191D4926D01E255206C13E0F828D70B0A8309BAF2E089810101D700FA400120D74981010BBAF2E08820D70B0A208104FFBAF2D0898309BAF2E0881202D101DB3C}
                   x{6D}
                  x{0192307FE07021D749C21F953020D70B1FDE208210AFE93535BA8F5130D31F018210AFE93535BAF2E081D33FFA400120D74981010BBAF2E08820D70B0A208104FFBAF2D0898309BAF2E08801D455206C1332820898968070FB024434DB3C30037083067055206D6D6DDB3C597FE0208210B8A3AA14BAE302}
                   x{F8425220C705F2E084}
                   x{C87101CA01500701CA007001CA02500520D74981010BBAF2E08820D70B0A208104FFBAF2D0898309BAF2E088CF165003FA027001CA68236EB3917F93246EB3E2973333017001CA00E30D216EB39C7F01CA0001206EF2D08001CC95317001CA00E2C901FB00}
                    x{7F01CA00C87001CA007001CA00246EB39D7F01CA0004206EF2D0805004CC9634037001CA00E2246EB39D7F01CA0004206EF2D0805004CC9634037001CA00E27001CA00027F01CA0002C958CC}
                   x{30D31F018210B8A3AA14BAF2E081D33FFA400120D74981010BBAF2E08820D70B0A208104FFBAF2D0898309BAF2E088126C12317020FB025520DB3C03708100A07055206D6D6DDB3C587F}
                    x{F8425220C705F2E084}
                    x{C87101CA01500701CA007001CA02500520D74981010BBAF2E08820D70B0A208104FFBAF2D0898309BAF2E088CF165003FA027001CA68236EB3917F93246EB3E2973333017001CA00E30D216EB39C7F01CA0001206EF2D08001CC95317001CA00E2C901FB00}
                     x{7F01CA00C87001CA007001CA00246EB39D7F01CA0004206EF2D0805004CC9634037001CA00E2246EB39D7F01CA0004206EF2D0805004CC9634037001CA00E27001CA00027F01CA0002C958CC}
                   x{8210E601F8E5BA8ECED31F018210E601F8E5BAF2E081D33F0131820898968070FB02F8416F2410235F037083067F25206EF2D080542580C855208210B687AB175004CB1F12CB3FCB1FCCC9103441301443306D6DDB3C7FE03070}
                    x{C87101CA01500701CA007001CA02500520D74981010BBAF2E08820D70B0A208104FFBAF2D0898309BAF2E088CF165003FA027001CA68236EB3917F93246EB3E2973333017001CA00E30D216EB39C7F01CA0001206EF2D08001CC95317001CA00E2C901FB00}
                     x{7F01CA00C87001CA007001CA00246EB39D7F01CA0004206EF2D0805004CC9634037001CA00E2246EB39D7F01CA0004206EF2D0805004CC9634037001CA00E27001CA00027F01CA0002C958CC}
                  x{C8F84301CC7F01CA0055205023CB1F0120D74981010BBAF2E08820D70B0A208104FFBAF2D0898309BAF2E088CF16216EB3957F01CA00CC947032CA00E2C9ED54}
                 x{2_}
                  x{BE28EED9E6D9E3618C_}
                   x{ED44D0D401F863D200018E2FD31FFA400120D74981010BBAF2E08820D70B0A208104FFBAF2D0898309BAF2E08801D2000191D4926D01E255206C13E0F828D70B0A8309BAF2E089810101D700FA400120D74981010BBAF2E08820D70B0A208104FFBAF2D0898309BAF2E0881202D101DB3C}
                    x{6D}
                   x{21}
                  x{2_}
                   x{4}
                    x{B1D8B6CF36CF1B0C6_}
                     x{ED44D0D401F863D200018E2FD31FFA400120D74981010BBAF2E08820D70B0A208104FFBAF2D0898309BAF2E08801D2000191D4926D01E255206C13E0F828D70B0A8309BAF2E089810101D700FA400120D74981010BBAF2E08820D70B0A208104FFBAF2D0898309BAF2E0881202D101DB3C}
                      x{6D}
                     x{20}
                    x{B36436CF36CF1B0C6_}
                     x{ED44D0D401F863D200018E2FD31FFA400120D74981010BBAF2E08820D70B0A208104FFBAF2D0898309BAF2E08801D2000191D4926D01E255206C13E0F828D70B0A8309BAF2E089810101D700FA400120D74981010BBAF2E08820D70B0A208104FFBAF2D0898309BAF2E0881202D101DB3C}
                      x{6D}
                     x{22}
                   x{B82BEED44D0D20001}
           x{B8A3AA140000000000000000801D3E5E1B0970E52ABD4EA639AED542E118FE33D2F03FE072737A6B74A8FDC2C69_}
          x{DF_}
           x{480173A49878148A4F6041C04B952AC2638BD6A1025222AF84BFAF2C3BE5A07436D5003A7CBC3612E1CA557A9D4C735DAA85C231FC67A5E07FC0E4E6F4D6E951FB858D10BE1E264C0608235A0000000004E33882CE949BAA4_}
         x{72C6E90029D7EC04047345D5238B8930BBE1B16F208C725883C4D7B797300F67D990AEC8965AFABB16EBC3CB9B408EBAE71B618D78788BC80D09843593CAC98DA4}
         x{0C090BCA3A88D8667B9213_}
          x{44262C3D09000000000000000000FA00000000000000000000000000000000000000000000000000000000000000000000000000000000000000000000000000000000000000000000000000000000}
          x{DCC186A0260411A6000000000002000100000001F01808E7C65384854FD0A4F77793F95695733B675EB306C4FAC3CFF546A3D22720280B06_},
        hash: [Function: hash],
        blockchainLogs: '[ 4][t 0][2024-10-30 23:27:17.951000][transaction.cpp:443]\tunpacking account B9D24C3C0A4527B020E025CA956131C5EB5081291157C25FD7961DF2D03A1B6A\n' +
          '[ 4][t 0][2024-10-30 23:27:17.951000][transaction.cpp:274]\tlast_paid=1732922837; cells=28 bits=7123 public_cells=0\n' +
          '[ 4][t 0][2024-10-30 23:27:17.951000][transaction.cpp:504]\tend of Account.unpack() for 0:B9D24C3C0A4527B020E025CA956131C5EB5081291157C25FD7961DF2D03A1B6A (balance = 10000000ng ; last_trans_lt = 37000000..37000002)\n' +
          '[ 4][t 0][2024-10-30 23:27:17.951000][transaction.cpp:3655]\tblock random seed set to 0000000000000000000000000000000000000000000000000000000000000000\n' +
          '[ 4][t 0][2024-10-30 23:27:17.951000][transaction.cpp:1236]\tgas limits: max=1000000, limit=1000000, credit=0\n' +
          '[ 4][t 0][2024-10-30 23:27:17.951000][transaction.cpp:1571]\tHASH(in_msg_state) = B9D24C3C0A4527B020E025CA956131C5EB5081291157C25FD7961DF2D03A1B6A, account_state_hash = 0000000000000000000000000000000000000000000000000000000000000000\n' +
          '[ 4][t 0][2024-10-30 23:27:17.951000][transaction.cpp:1645]\tcreating VM\n' +
          '[ 4][t 0][2024-10-30 23:27:17.951000][transaction.cpp:1351]\tSmartContractInfo initialized with [ 124711402 0 0 1732922837 41000000 41000000 84630195367514639409622924175749312199831056191303332875639359062248049886761 [ 801210531 (null) ] CS{Cell{026dc00b9d24c3c0a4527b020e025ca956131c5eb5081291157c25fd7961df2d03a1b6a23886f4c33a526ea80000000008d24d08e625a01340} bits: 1..268; refs: 0..0} C{A7EC01478F770EF8F8B037CC7E42F0ABF0D85A50E1828C2394DAD1411691F2DE} C{F2179DCD5CFD8A1E113288591FFB7A5E10E107D0D2C36DF69E40398023DAA7B1} [ 791210531 (null) ] 0 (null) [ CS{Cell{004dd06600000000000000000000000080000000000000fa00000000000001f4000000000003d09040} bits: 9..305; refs: 0..0} (null) CS{Cell{0094d1000000000000006400000000000f4240de000000002710000000000000000f42400000000002160ec0000000000000271000000000002625a00000000005f5e100000000003b9aca00} bits: 0..592; refs: 0..0} CS{Cell{0094d100000000000000640000000000009c40de000000000190000000000000000f424000000000000f4240000000000000271000000000009896800000000005f5e100000000003b9aca00} bits: 0..592; refs: 0..0} CS{Cell{0042ea000000000098968000000000271000000000000f424000000001800055555555} bits: 0..264; refs: 0..0} CS{Cell{0042ea0000000000061a800000000001900000000000009c4000000001800055555555} bits: 0..264; refs: 0..0} (null) ] 0 (null) ]\n' +
          '[ 4][t 0][2024-10-30 23:27:17.952000][transaction.cpp:1675]\tstarting VM\n' +
          '[ 4][t 0][2024-10-30 23:27:17.952000][transaction.cpp:1680]\tVM terminated with exit code 0\n' +
          '[ 3][t 0][2024-10-30 23:27:17.952000][transaction.cpp:1702]\tsteps: 250 gas: used=8497, max=1000000, limit=1000000, credit=0\n' +
          '[ 3][t 0][2024-10-30 23:27:17.952000][transaction.cpp:1704]\tout_of_gas=false, accepted=true, success=true, time=0.000414s\n' +
          '[ 4][t 0][2024-10-30 23:27:17.952000][transaction.cpp:1737]\tgas fees: 3398800 = 26214400 * 8497 /2^16 ; price=26214400; flat rate=[40000 for 100]; remaining balance=797811731ng\n' +
          '[ 3][t 0][2024-10-30 23:27:17.952000][transaction.cpp:2678]\tin try_action_reserve_currency(0)\n' +
          '[ 4][t 0][2024-10-30 23:27:17.952000][transaction.cpp:2684]\taction_reserve_currency: mode=0, reserve=0ng, balance=797811731ng, original balance=10000000ng\n' +
          '[ 3][t 0][2024-10-30 23:27:17.952000][transaction.cpp:2729]\tchanged remaining balance to 797811731ng, reserved balance to 0ng\n' +
          '[ 4][t 0][2024-10-30 23:27:17.952000][transaction.cpp:2448]\tstorage paid for a message: 0 cells, 0 bits\n' +
          '[ 4][t 0][2024-10-30 23:27:17.952000][transaction.cpp:2452]\tcomputed fwd fees = 400000 + 0\n',
        vmLogs: 'ecute STSLICER\n' +
          'execute OVER\n' +
          'execute ISNULL\n' +
          'execute NOT\n' +
          'execute PUSHCONT x7F01CA00CC\n' +
          'execute PUSHCONT x7032CA00\n' +
          'execute IFELSE\n' +
          'execute PUSHINT -1\n' +
          'execute SWAP\n' +
          'execute STI 1\n' +
          'execute STREF\n' +
          'execute implicit RET\n' +
          'execute ENDC\n' +
          'execute POP c4\n' +
          'execute implicit RET\n',
        debugLogs: '',
        events: [ [Object], [Object] ],
        parent: {
          address: 37254810366437813475271750514734067285117962570475561289538093995582013161784n,
          lt: 38000000n,
          prevTransactionHash: 87250255930971700696608525928313043547114090566961889564937511498758917859978n,
          prevTransactionLt: 36000000n,
          now: 1732922837,
          outMessagesCount: 4,
          oldStatus: 'active',
          endStatus: 'active',
          inMessage: [Object],
          outMessages: [Dictionary],
          totalFees: [Object],
          stateUpdate: [Object],
          description: [Object],
          raw: x{7525D79B589F1D73B879432CD1A596C0F9C42CF460467BBB795DA5A20C021C138000000000243D580C0E5E5137B6C2685E8B37ADDC9B35B375838D40E05A41B3F5CCB68CBEADE2A8A0000000002255100674A4DD500094803B6BE68}
           x{E_}
            x{680173A49878148A4F6041C04B952AC2638BD6A1025222AF84BFAF2C3BE5A07436D50014975E6D627C75CEE1E50CB346965B03E710B3D18119EEEDE57696883008704E10E51839CC0610D45E0000000004692682CE949BAA5B43D58B8000000000000000000000004_}
             x{02202FAF080202FAF08021DCD65001CC4B4021DCD65003391606AB397F7EAB391606AB3A526EA80000000800000004_}
              x{801028CD38D6A9FB165BB1D27554DCBBC8B7A064E07EF4C3832956828113614F545_}
            x{DB_}
             x{2_}
              x{2_}
               x{6800A4BAF36B13E3AE770F28659A34B2D81F38859E8C08CF776F2BB4B44180438271001F33C9E03834F86C2DA0166D0212C129A321D08D5D171B4080758BCF48863C4D90101931000609BBB0000000000487AB02CE949BAAC_}
                x{BC26F4C80000000000000000}
              x{2_}
               x{6800A4BAF36B13E3AE770F28659A34B2D81F38859E8C08CF776F2BB4B4418043827100384BA6D6A6B7DF2422C44C909493A07C03CA0A1FF860A7ED8531810050149DDF10101931000609BBB0000000000487AB04CE949BAAC_}
                x{BC26F4C80000000000000001}
             x{2_}
              x{2_}
               x{E00292EBCDAC4F8EB9DC3CA19668D2CB607CE2167A30233DDDBCAED2D106010E09C0000000000487AB06CE949BAAC_}
                x{8B6D3812000000000000000000000000801028CD38D6A9FB165BB1D27554DCBBC8B7A064E07EF4C3832956828113614F544877359401_}
              x{2_}
               x{4800A4BAF36B13E3AE770F28659A34B2D81F38859E8C08CF776F2BB4B44180438271002E74930F029149EC08380972A5584C717AD4204A4455F097F5E5877CB40E86DA90BCA3A88C0656E1D8000000000487AB08CE949BABE_}
                x{34_}
                 x{FF00F4A413F4BCF2C80B}
                  x{62_}
                   x{D001D0D3030171B0A301FA400120D74981010BBAF2E08820D70B0A208104FFBAF2D0898309BAF2E088545053036F04F86102F862DB3C5512DB3CF2E082}
                    x{ED44D0D401F863D200018E2FD31FFA400120D74981010BBAF2E08820D70B0A208104FFBAF2D0898309BAF2E08801D2000191D4926D01E255206C13E0F828D70B0A8309BAF2E089810101D700FA400120D74981010BBAF2E08820D70B0A208104FFBAF2D0898309BAF2E0881202D101DB3C}
                     x{6D}
                    x{0192307FE07021D749C21F953020D70B1FDE208210AFE93535BA8F5130D31F018210AFE93535BAF2E081D33FFA400120D74981010BBAF2E08820D70B0A208104FFBAF2D0898309BAF2E08801D455206C1332820898968070FB024434DB3C30037083067055206D6D6DDB3C597FE0208210B8A3AA14BAE302}
                     x{F8425220C705F2E084}
                     x{C87101CA01500701CA007001CA02500520D74981010BBAF2E08820D70B0A208104FFBAF2D0898309BAF2E088CF165003FA027001CA68236EB3917F93246EB3E2973333017001CA00E30D216EB39C7F01CA0001206EF2D08001CC95317001CA00E2C901FB00}
                      x{7F01CA00C87001CA007001CA00246EB39D7F01CA0004206EF2D0805004CC9634037001CA00E2246EB39D7F01CA0004206EF2D0805004CC9634037001CA00E27001CA00027F01CA0002C958CC}
                     x{30D31F018210B8A3AA14BAF2E081D33FFA400120D74981010BBAF2E08820D70B0A208104FFBAF2D0898309BAF2E088126C12317020FB025520DB3C03708100A07055206D6D6DDB3C587F}
                      x{F8425220C705F2E084}
                      x{C87101CA01500701CA007001CA02500520D74981010BBAF2E08820D70B0A208104FFBAF2D0898309BAF2E088CF165003FA027001CA68236EB3917F93246EB3E2973333017001CA00E30D216EB39C7F01CA0001206EF2D08001CC95317001CA00E2C901FB00}
                       x{7F01CA00C87001CA007001CA00246EB39D7F01CA0004206EF2D0805004CC9634037001CA00E2246EB39D7F01CA0004206EF2D0805004CC9634037001CA00E27001CA00027F01CA0002C958CC}
                     x{8210E601F8E5BA8ECED31F018210E601F8E5BAF2E081D33F0131820898968070FB02F8416F2410235F037083067F25206EF2D080542580C855208210B687AB175004CB1F12CB3FCB1FCCC9103441301443306D6DDB3C7FE03070}
                      x{C87101CA01500701CA007001CA02500520D74981010BBAF2E08820D70B0A208104FFBAF2D0898309BAF2E088CF165003FA027001CA68236EB3917F93246EB3E2973333017001CA00E30D216EB39C7F01CA0001206EF2D08001CC95317001CA00E2C901FB00}
                       x{7F01CA00C87001CA007001CA00246EB39D7F01CA0004206EF2D0805004CC9634037001CA00E2246EB39D7F01CA0004206EF2D0805004CC9634037001CA00E27001CA00027F01CA0002C958CC}
                    x{C8F84301CC7F01CA0055205023CB1F0120D74981010BBAF2E08820D70B0A208104FFBAF2D0898309BAF2E088CF16216EB3957F01CA00CC947032CA00E2C9ED54}
                   x{2_}
                    x{BE28EED9E6D9E3618C_}
                     x{ED44D0D401F863D200018E2FD31FFA400120D74981010BBAF2E08820D70B0A208104FFBAF2D0898309BAF2E08801D2000191D4926D01E255206C13E0F828D70B0A8309BAF2E089810101D700FA400120D74981010BBAF2E08820D70B0A208104FFBAF2D0898309BAF2E0881202D101DB3C}
                      x{6D}
                     x{21}
                    x{2_}
                     x{4}
                      x{B1D8B6CF36CF1B0C6_}
                       x{ED44D0D401F863D200018E2FD31FFA400120D74981010BBAF2E08820D70B0A208104FFBAF2D0898309BAF2E08801D2000191D4926D01E255206C13E0F828D70B0A8309BAF2E089810101D700FA400120D74981010BBAF2E08820D70B0A208104FFBAF2D0898309BAF2E0881202D101DB3C}
                        x{6D}
                       x{20}
                      x{B36436CF36CF1B0C6_}
                       x{ED44D0D401F863D200018E2FD31FFA400120D74981010BBAF2E08820D70B0A208104FFBAF2D0898309BAF2E08801D2000191D4926D01E255206C13E0F828D70B0A8309BAF2E089810101D700FA400120D74981010BBAF2E08820D70B0A208104FFBAF2D0898309BAF2E0881202D101DB3C}
                        x{6D}
                       x{22}
                     x{B82BEED44D0D20001}
                 x{0000000000000000000000000000000000000000000000000000000000000000200292EBCDAC4F8EB9DC3CA19668D2CB607CE2167A30233DDDBCAED2D106010E09C4_}
                  x{C_}
                   x{A0838F_}
                    x{FF00F4A413F4BCF2C80B}
                     x{62_}
                      x{D001D0D3030171B0A301FA400120D74981010BBAF2E08820D70B0A208104FFBAF2D0898309BAF2E088545053036F04F86102F862DB3C5512DB3CF2E082}
                       x{ED44D0D401F863D200018E2FD31FFA400120D74981010BBAF2E08820D70B0A208104FFBAF2D0898309BAF2E08801D2000191D4926D01E255206C13E0F828D70B0A8309BAF2E089810101D700FA400120D74981010BBAF2E08820D70B0A208104FFBAF2D0898309BAF2E0881202D101DB3C}
                        x{6D}
                       x{0192307FE07021D749C21F953020D70B1FDE208210AFE93535BA8F5130D31F018210AFE93535BAF2E081D33FFA400120D74981010BBAF2E08820D70B0A208104FFBAF2D0898309BAF2E08801D455206C1332820898968070FB024434DB3C30037083067055206D6D6DDB3C597FE0208210B8A3AA14BAE302}
                        x{F8425220C705F2E084}
                        x{C87101CA01500701CA007001CA02500520D74981010BBAF2E08820D70B0A208104FFBAF2D0898309BAF2E088CF165003FA027001CA68236EB3917F93246EB3E2973333017001CA00E30D216EB39C7F01CA0001206EF2D08001CC95317001CA00E2C901FB00}
                         x{7F01CA00C87001CA007001CA00246EB39D7F01CA0004206EF2D0805004CC9634037001CA00E2246EB39D7F01CA0004206EF2D0805004CC9634037001CA00E27001CA00027F01CA0002C958CC}
                        x{30D31F018210B8A3AA14BAF2E081D33FFA400120D74981010BBAF2E08820D70B0A208104FFBAF2D0898309BAF2E088126C12317020FB025520DB3C03708100A07055206D6D6DDB3C587F}
                         x{F8425220C705F2E084}
                         x{C87101CA01500701CA007001CA02500520D74981010BBAF2E08820D70B0A208104FFBAF2D0898309BAF2E088CF165003FA027001CA68236EB3917F93246EB3E2973333017001CA00E30D216EB39C7F01CA0001206EF2D08001CC95317001CA00E2C901FB00}
                          x{7F01CA00C87001CA007001CA00246EB39D7F01CA0004206EF2D0805004CC9634037001CA00E2246EB39D7F01CA0004206EF2D0805004CC9634037001CA00E27001CA00027F01CA0002C958CC}
                        x{8210E601F8E5BA8ECED31F018210E601F8E5BAF2E081D33F0131820898968070FB02F8416F2410235F037083067F25206EF2D080542580C855208210B687AB175004CB1F12CB3FCB1FCCC9103441301443306D6DDB3C7FE03070}
                         x{C87101CA01500701CA007001CA02500520D74981010BBAF2E08820D70B0A208104FFBAF2D0898309BAF2E088CF165003FA027001CA68236EB3917F93246EB3E2973333017001CA00E30D216EB39C7F01CA0001206EF2D08001CC95317001CA00E2C901FB00}
                          x{7F01CA00C87001CA007001CA00246EB39D7F01CA0004206EF2D0805004CC9634037001CA00E2246EB39D7F01CA0004206EF2D0805004CC9634037001CA00E27001CA00027F01CA0002C958CC}
                       x{C8F84301CC7F01CA0055205023CB1F0120D74981010BBAF2E08820D70B0A208104FFBAF2D0898309BAF2E088CF16216EB3957F01CA00CC947032CA00E2C9ED54}
                      x{2_}
                       x{BE28EED9E6D9E3618C_}
                        x{ED44D0D401F863D200018E2FD31FFA400120D74981010BBAF2E08820D70B0A208104FFBAF2D0898309BAF2E08801D2000191D4926D01E255206C13E0F828D70B0A8309BAF2E089810101D700FA400120D74981010BBAF2E08820D70B0A208104FFBAF2D0898309BAF2E0881202D101DB3C}
                         x{6D}
                        x{21}
                       x{2_}
                        x{4}
                         x{B1D8B6CF36CF1B0C6_}
                          x{ED44D0D401F863D200018E2FD31FFA400120D74981010BBAF2E08820D70B0A208104FFBAF2D0898309BAF2E08801D2000191D4926D01E255206C13E0F828D70B0A8309BAF2E089810101D700FA400120D74981010BBAF2E08820D70B0A208104FFBAF2D0898309BAF2E0881202D101DB3C}
                           x{6D}
                          x{20}
                         x{B36436CF36CF1B0C6_}
                          x{ED44D0D401F863D200018E2FD31FFA400120D74981010BBAF2E08820D70B0A208104FFBAF2D0898309BAF2E08801D2000191D4926D01E255206C13E0F828D70B0A8309BAF2E089810101D700FA400120D74981010BBAF2E08820D70B0A208104FFBAF2D0898309BAF2E0881202D101DB3C}
                           x{6D}
                          x{22}
                        x{B82BEED44D0D20001}
                x{B8A3AA140000000000000000801D3E5E1B0970E52ABD4EA639AED542E118FE33D2F03FE072737A6B74A8FDC2C69_}
           x{72278ABF52DB90E4A695238BD6B504F5D10D6E8776B4EDE96724B4E463F95F13131FC134FAA5A4C85801A4DB41854BC57C91EDC2FCAEFE4AA1E0B03C6EEB890767}
           x{04090E51839CD88036EE1C11_}
            x{602327CC3D09000000000000000007C100000000000000000000000000000000000000000000000000000000000000000000000000000000000000000000000000000000000000000000000000000000}
            x{C9AC8D784C8FB95000000000000A0002000000086C667028F3CC35C5E1D1AEB75B20D68906AE33005305D31C6C00E378213282B048913B24_},
          hash: [Function: hash],
          blockchainLogs: '[ 4][t 0][2024-10-30 23:27:17.936000][transaction.cpp:443]\tunpacking account 525D79B589F1D73B879432CD1A596C0F9C42CF460467BBB795DA5A20C021C138\n' +
            '[ 4][t 0][2024-10-30 23:27:17.936000][transaction.cpp:274]\tlast_paid=1732922837; cells=232 bits=84034 public_cells=0\n' +
            '[ 4][t 0][2024-10-30 23:27:17.936000][transaction.cpp:504]\tend of Account.unpack() for 0:525D79B589F1D73B879432CD1A596C0F9C42CF460467BBB795DA5A20C021C138 (balance = 2100000000ng ; last_trans_lt = 36000000..36000002)\n' +
            '[ 4][t 0][2024-10-30 23:27:17.936000][transaction.cpp:3655]\tblock random seed set to 0000000000000000000000000000000000000000000000000000000000000000\n' +
            '[ 4][t 0][2024-10-30 23:27:17.937000][transaction.cpp:1236]\tgas limits: max=1000000, limit=1000000, credit=0\n' +
            '[ 4][t 0][2024-10-30 23:27:17.937000][transaction.cpp:1575]\tin_msg_state is null\n' +
            '[ 4][t 0][2024-10-30 23:27:17.937000][transaction.cpp:1645]\tcreating VM\n' +
            '[ 4][t 0][2024-10-30 23:27:17.937000][transaction.cpp:1351]\tSmartContractInfo initialized with [ 124711402 0 0 1732922837 38000000 38000000 14068792954309835536948273256715513127174070948738620016199408580766834334284 [ 3060892531 (null) ] CS{Cell{0271c00525d79b589f1d73b879432cd1a596c0f9c42cf460467bbb795da5a20c021c1383d0c05210833a526ea800000000089544091f4add401340} bits: 1..268; refs: 0..0} C{A7EC01478F770EF8F8B037CC7E42F0ABF0D85A50E1828C2394DAD1411691F2DE} C{42B6F0E46484EFC57B9508F6BA7EF42E7512023D5CB4ED5628DD1C7755D16E9D} [ 960892531 (null) ] 0 (null) [ CS{Cell{004dd06600000000000000000000000080000000000000fa00000000000001f4000000000003d09040} bits: 9..305; refs: 0..0} (null) CS{Cell{0094d1000000000000006400000000000f4240de000000002710000000000000000f42400000000002160ec0000000000000271000000000002625a00000000005f5e100000000003b9aca00} bits: 0..592; refs: 0..0} CS{Cell{0094d100000000000000640000000000009c40de000000000190000000000000000f424000000000000f4240000000000000271000000000009896800000000005f5e100000000003b9aca00} bits: 0..592; refs: 0..0} CS{Cell{0042ea000000000098968000000000271000000000000f424000000001800055555555} bits: 0..264; refs: 0..0} CS{Cell{0042ea0000000000061a800000000001900000000000009c4000000001800055555555} bits: 0..264; refs: 0..0} (null) ] 0 (null) ]\n' +
            '[ 4][t 0][2024-10-30 23:27:17.937000][transaction.cpp:1675]\tstarting VM\n' +
            '[ 4][t 0][2024-10-30 23:27:17.938000][transaction.cpp:1680]\tVM terminated with exit code 0\n' +
            '[ 3][t 0][2024-10-30 23:27:17.938000][transaction.cpp:1702]\tsteps: 1985 gas: used=71998, max=1000000, limit=1000000, credit=0\n' +
            '[ 3][t 0][2024-10-30 23:27:17.938000][transaction.cpp:1704]\tout_of_gas=false, accepted=true, success=true, time=0.001639s\n' +
            '[ 4][t 0][2024-10-30 23:27:17.938000][transaction.cpp:1737]\tgas fees: 28799200 = 26214400 * 71998 /2^16 ; price=26214400; flat rate=[40000 for 100]; remaining balance=3032093331ng\n' +
            '[ 3][t 0][2024-10-30 23:27:17.938000][transaction.cpp:2678]\tin try_action_reserve_currency(0)\n' +
            '[ 4][t 0][2024-10-30 23:27:17.938000][transaction.cpp:2684]\taction_reserve_currency: mode=0, reserve=2100000000ng, balance=3032093331ng, original balance=2100000000ng\n' +
            '[ 3][t 0][2024-10-30 23:27:17.938000][transaction.cpp:2729]\tchanged remaining balance to 932093331ng, reserved balance to 2100000000ng\n' +
            '[ 4][t 0][2024-10-30 23:27:17.939000][transaction.cpp:2448]\tstorage paid for a message: 1 cells, 96 bits\n' +
            '[ 4][t 0][2024-10-30 23:27:17.939000][transaction.cpp:2452]\tcomputed fwd fees = 478400 + 0\n' +
            '[ 4][t 0][2024-10-30 23:27:17.939000][transaction.cpp:2448]\tstorage paid for a message: 1 cells, 96 bits\n' +
            '[ 4][t 0][2024-10-30 23:27:17.939000][transaction.cpp:2452]\tcomputed fwd fees = 478400 + 0\n' +
            '[ 4][t 0][2024-10-30 23:27:17.939000][transaction.cpp:2448]\tstorage paid for a message: 1 cells, 431 bits\n' +
            '[ 4][t 0][2024-10-30 23:27:17.939000][transaction.cpp:2452]\tcomputed fwd fees = 612400 + 0\n' +
            '[ 4][t 0][2024-10-30 23:27:17.939000][transaction.cpp:2448]\tstorage paid for a message: 27 cells, 6976 bits\n' +
            '[ 4][t 0][2024-10-30 23:27:17.939000][transaction.cpp:2452]\tcomputed fwd fees = 4270400 + 0\n',
          vmLogs: 'xecute EQUAL\n' +
            'execute THROWIF 137\n' +
            'execute PUSHPOW2 10\n' +
            'execute EQUAL\n' +
            'execute THROWIFNOT 136\n' +
            'execute STSLICER\n' +
            'execute ENDC\n' +
            'execute ROT\n' +
            'execute STREF\n' +
            'execute ENDC\n' +
            'execute SWAP\n' +
            'execute STREF\n' +
            'execute implicit RET\n' +
            'execute ENDC\n' +
            'execute POP c4\n' +
            'execute implicit RET\n',
          debugLogs: '',
          events: [Array],
          parent: [Object],
          children: [Array],
          externals: [Array]
        },
        children: [ [Object] ],
        externals: []
      },
      {
        address: 37254810366437813475271750514734067285117962570475561289538093995582013161784n,
        lt: 42000000n,
        prevTransactionHash: 6503745684340580993161725156059830018655022175588282100987961984317665384943n,
        prevTransactionLt: 38000000n,
        now: 1732922837,
        outMessagesCount: 2,
        oldStatus: 'active',
        endStatus: 'active',
        inMessage: {
          info: [Object],
          init: null,
          body: x{2A004A0500000000000000000000000000000000000000000000000000000000000000000000000000000000C00814669C6B54FD8B2DD8E93AAA6E5DE45BD032703F7A61C194AB414089B0A7AA2}
        },
        outMessages: Dictionary { _key: [Object], _value: [Object], _map: [Map] },
        totalFees: { coins: 11323062n },
        stateUpdate: {
          oldHash: <Buffer 1f c1 34 fa a5 a4 c8 58 01 a4 db 41 85 4b c5 7c 91 ed c2 fc ae fe 4a a1 e0 b0 3c 6e eb 89 07 67>,
          newHash: <Buffer e8 48 d5 58 13 6d 66 2e ef 52 67 3d 92 b6 0a fe 9e 3d 3d 1f de 2c 7e 40 f2 5d 9a ad 1b 6e 6e 71>
        },
        description: {
          type: 'generic',
          creditFirst: false,
          storagePhase: [Object],
          creditPhase: [Object],
          computePhase: [Object],
          actionPhase: [Object],
          bouncePhase: undefined,
          aborted: false,
          destroyed: false
        },
        raw: x{7525D79B589F1D73B879432CD1A596C0F9C42CF460467BBB795DA5A20C021C138000000000280DE800E60FD56F2D9522F6F7613B5D29980FFDCCCDB5CF823B12F6BAED62B2CFD19EF000000000243D580674A4DD5000547598D6C}
         x{E_}
          x{6800F99E4F01C1A7C3616D00B3681096094D190E846AE8B8DA0403AC5E7A4431E26D0014975E6D627C75CEE1E50CB346965B03E710B3D18119EEEDE57696883008704E101119EF88060DFF5E0000000004A62F82CE949BAAC_}
           x{2A004A0500000000000000000000000000000000000000000000000000000000000000000000000000000000C00814669C6B54FD8B2DD8E93AAA6E5DE45BD032703F7A61C194AB414089B0A7AA2}
          x{DD_}
           x{2_}
            x{6800A4BAF36B13E3AE770F28659A34B2D81F38859E8C08CF776F2BB4B441804382710020519A71AD53F62CB763A4EAA9B977916F40C9C0FDE9870652AD050226C29EA890FA19E1000608235A000000000501BD02CE949BAA4_}
           x{2_}
            x{6800A4BAF36B13E3AE770F28659A34B2D81F38859E8C08CF776F2BB4B44180438271003A7CBC3612E1CA557A9D4C735DAA85C231FC67A5E07FC0E4E6F4D6E951FB858D100E4647480608235A000000000501BD04CE949BAA4_}
         x{721FC134FAA5A4C85801A4DB41854BC57C91EDC2FCAEFE4AA1E0B03C6EEB890767E848D558136D662EEF52673D92B60AFE9E3D3D1FDE2C7E40F25D9AAD1B6E6E71}
         x{040901119EF8987516A211_}
          x{4D7F2C0AF1E00000000000000002E500000000000000000000000000000000000000000000000000000000000000000000000000000000000000000000000000000000000000000000000000000000}
          x{C9861A804C104698000000000006000200000004520F5BFAE2DB811E659CF17FB03F2335C3023F4A4B88DDB137FBD366D6D178EA40902C14_},
        hash: [Function: hash],
        blockchainLogs: '[ 4][t 0][2024-10-30 23:27:17.955000][transaction.cpp:443]\tunpacking account 525D79B589F1D73B879432CD1A596C0F9C42CF460467BBB795DA5A20C021C138\n' +
          '[ 4][t 0][2024-10-30 23:27:17.955000][transaction.cpp:274]\tlast_paid=1732922837; cells=234 bits=84033 public_cells=0\n' +
          '[ 4][t 0][2024-10-30 23:27:17.955000][transaction.cpp:504]\tend of Account.unpack() for 0:525D79B589F1D73B879432CD1A596C0F9C42CF460467BBB795DA5A20C021C138 (balance = 2100000000ng ; last_trans_lt = 38000000..38000005)\n' +
          '[ 4][t 0][2024-10-30 23:27:17.955000][transaction.cpp:3655]\tblock random seed set to 0000000000000000000000000000000000000000000000000000000000000000\n' +
          '[ 4][t 0][2024-10-30 23:27:17.955000][transaction.cpp:1236]\tgas limits: max=1000000, limit=179320, credit=0\n' +
          '[ 4][t 0][2024-10-30 23:27:17.955000][transaction.cpp:1575]\tin_msg_state is null\n' +
          '[ 4][t 0][2024-10-30 23:27:17.955000][transaction.cpp:1645]\tcreating VM\n' +
          '[ 4][t 0][2024-10-30 23:27:17.955000][transaction.cpp:1351]\tSmartContractInfo initialized with [ 124711402 0 0 1732922837 42000000 42000000 14068792954309835536948273256715513127174070948738620016199408580766834334284 [ 2171728098 (null) ] CS{Cell{0271c00525d79b589f1d73b879432cd1a596c0f9c42cf460467bbb795da5a20c021c1383d4c05210433a526ea800000000090f56151f4add401340} bits: 1..268; refs: 0..0} C{A7EC01478F770EF8F8B037CC7E42F0ABF0D85A50E1828C2394DAD1411691F2DE} C{42B6F0E46484EFC57B9508F6BA7EF42E7512023D5CB4ED5628DD1C7755D16E9D} [ 71728098 (null) ] 0 (null) [ CS{Cell{004dd06600000000000000000000000080000000000000fa00000000000001f4000000000003d09040} bits: 9..305; refs: 0..0} (null) CS{Cell{0094d1000000000000006400000000000f4240de000000002710000000000000000f42400000000002160ec0000000000000271000000000002625a00000000005f5e100000000003b9aca00} bits: 0..592; refs: 0..0} CS{Cell{0094d100000000000000640000000000009c40de000000000190000000000000000f424000000000000f4240000000000000271000000000009896800000000005f5e100000000003b9aca00} bits: 0..592; refs: 0..0} CS{Cell{0042ea000000000098968000000000271000000000000f424000000001800055555555} bits: 0..264; refs: 0..0} CS{Cell{0042ea0000000000061a800000000001900000000000009c4000000001800055555555} bits: 0..264; refs: 0..0} (null) ] 0 (null) ]\n' +
          '[ 4][t 0][2024-10-30 23:27:17.956000][transaction.cpp:1675]\tstarting VM\n' +
          '[ 4][t 0][2024-10-30 23:27:17.956000][transaction.cpp:1680]\tVM terminated with exit code 0\n' +
          '[ 3][t 0][2024-10-30 23:27:17.956000][transaction.cpp:1702]\tsteps: 741 gas: used=27641, max=1000000, limit=179320, credit=0\n' +
          '[ 3][t 0][2024-10-30 23:27:17.956000][transaction.cpp:1704]\tout_of_gas=false, accepted=true, success=true, time=0.000753s\n' +
          '[ 4][t 0][2024-10-30 23:27:17.956000][transaction.cpp:1737]\tgas fees: 11056400 = 26214400 * 27641 /2^16 ; price=26214400; flat rate=[40000 for 100]; remaining balance=2160671698ng\n' +
          '[ 3][t 0][2024-10-30 23:27:17.956000][transaction.cpp:2678]\tin try_action_reserve_currency(0)\n' +
          '[ 4][t 0][2024-10-30 23:27:17.956000][transaction.cpp:2684]\taction_reserve_currency: mode=0, reserve=1051000000ng, balance=2160671698ng, original balance=2100000000ng\n' +
          '[ 3][t 0][2024-10-30 23:27:17.957000][transaction.cpp:2729]\tchanged remaining balance to 1109671698ng, reserved balance to 1051000000ng\n' +
          '[ 4][t 0][2024-10-30 23:27:17.957000][transaction.cpp:2448]\tstorage paid for a message: 0 cells, 0 bits\n' +
          '[ 4][t 0][2024-10-30 23:27:17.957000][transaction.cpp:2452]\tcomputed fwd fees = 400000 + 0\n' +
          '[ 4][t 0][2024-10-30 23:27:17.957000][transaction.cpp:2448]\tstorage paid for a message: 0 cells, 0 bits\n' +
          '[ 4][t 0][2024-10-30 23:27:17.957000][transaction.cpp:2452]\tcomputed fwd fees = 400000 + 0\n',
        vmLogs: 'xecute EQUAL\n' +
          'execute THROWIF 137\n' +
          'execute PUSHPOW2 10\n' +
          'execute EQUAL\n' +
          'execute THROWIFNOT 136\n' +
          'execute STSLICER\n' +
          'execute ENDC\n' +
          'execute ROT\n' +
          'execute STREF\n' +
          'execute ENDC\n' +
          'execute SWAP\n' +
          'execute STREF\n' +
          'execute implicit RET\n' +
          'execute ENDC\n' +
          'execute POP c4\n' +
          'execute implicit RET\n',
        debugLogs: '',
        events: [ [Object], [Object] ],
        parent: {
          address: 56452803209391972311245829800318013664241380452486081517026592719308720763190n,
          lt: 39000000n,
          prevTransactionHash: 8606562235430105218949206492575094175180898274628851772440643059107469536950n,
          prevTransactionLt: 28000000n,
          now: 1732922837,
          outMessagesCount: 1,
          oldStatus: 'active',
          endStatus: 'active',
          inMessage: [Object],
          outMessages: [Dictionary],
          totalFees: [Object],
          stateUpdate: [Object],
          description: [Object],
          raw: x{77CCF2780E0D3E1B0B68059B4084B04A68C874235745C6D0201D62F3D2218F13600000000025317C01307243FCC9FDC8390E7B0E29FF5A7F0C1EE91B69A74062473C18638C7AD2EB60000000001AB3F00674A4DD5000346A2CE5E}
           x{E_}
            x{6800A4BAF36B13E3AE770F28659A34B2D81F38859E8C08CF776F2BB4B44180438271001F33C9E03834F86C2DA0166D0212C129A321D08D5D171B4080758BCF48863C4D90101931000609BBB0000000000487AB02CE949BAA5E137A6400000000000000004_}
            x{DF_}
             x{6800F99E4F01C1A7C3616D00B3681096094D190E846AE8B8DA0403AC5E7A4431E26D0014975E6D627C75CEE1E50CB346965B03E710B3D18119EEEDE57696883008704E101119EF88060DFF5E0000000004A62F82CE949BAAC_}
              x{2A004A0500000000000000000000000000000000000000000000000000000000000000000000000000000000C00814669C6B54FD8B2DD8E93AAA6E5DE45BD032703F7A61C194AB414089B0A7AA2}
           x{728684C978F5035609F6352B5A28805862CBAC6E0437E00519C571CA0CE2019D9D2A0EA4EBAAE330625FFC61509DF1640E757887F67332007BB052C53294020342}
           x{04C4360789010193101867A1E811_}
            x{44E28C0A4D9000000000000000013D00000000000000000000000000000000000000000000000000000000000000000000000000000000000000000000000000000000000000000000000000000000}
            x{C9853FC04C0DFF44000000000002000000000002E314399E9181B61CA6ACAC445010D6EB366B5E165776588A9812DBEC1225A8904090296C_},
          hash: [Function: hash],
          blockchainLogs: '[ 4][t 0][2024-10-30 23:27:17.945000][transaction.cpp:443]\tunpacking account 7CCF2780E0D3E1B0B68059B4084B04A68C874235745C6D0201D62F3D2218F136\n' +
            '[ 4][t 0][2024-10-30 23:27:17.945000][transaction.cpp:274]\tlast_paid=1730330837; cells=30 bits=12911 public_cells=0\n' +
            '[ 4][t 0][2024-10-30 23:27:17.945000][transaction.cpp:504]\tend of Account.unpack() for 0:7CCF2780E0D3E1B0B68059B4084B04A68C874235745C6D0201D62F3D2218F136 (balance = 10000000ng ; last_trans_lt = 28000000..28000002)\n' +
            '[ 4][t 0][2024-10-30 23:27:17.945000][transaction.cpp:3655]\tblock random seed set to 0000000000000000000000000000000000000000000000000000000000000000\n' +
            '[ 4][t 0][2024-10-30 23:27:17.946000][transaction.cpp:1236]\tgas limits: max=191044, limit=168804, credit=0\n' +
            '[ 4][t 0][2024-10-30 23:27:17.946000][transaction.cpp:1575]\tin_msg_state is null\n' +
            '[ 4][t 0][2024-10-30 23:27:17.946000][transaction.cpp:1645]\tcreating VM\n' +
            '[ 4][t 0][2024-10-30 23:27:17.946000][transaction.cpp:1351]\tSmartContractInfo initialized with [ 124711402 0 0 1732922837 39000000 39000000 17158678860825839941702393232993838109470607978381324670400578166443069604636 [ 76417698 (null) ] CS{Cell{026dc007ccf2780e0d3e1b0b68059b4084b04a68c874235745c6d0201d62f3d2218f13623c8c9bc3391606a80000000006acfc08e625a01340} bits: 1..268; refs: 0..0} C{A7EC01478F770EF8F8B037CC7E42F0ABF0D85A50E1828C2394DAD1411691F2DE} C{33BB148A451AD17F938AA7C476E48F2B79933715F13F1D58F9234A90730321A8} [ 67521600 (null) ] 1103902 (null) [ CS{Cell{004dd06600000000000000000000000080000000000000fa00000000000001f4000000000003d09040} bits: 9..305; refs: 0..0} (null) CS{Cell{0094d1000000000000006400000000000f4240de000000002710000000000000000f42400000000002160ec0000000000000271000000000002625a00000000005f5e100000000003b9aca00} bits: 0..592; refs: 0..0} CS{Cell{0094d100000000000000640000000000009c40de000000000190000000000000000f424000000000000f4240000000000000271000000000009896800000000005f5e100000000003b9aca00} bits: 0..592; refs: 0..0} CS{Cell{0042ea000000000098968000000000271000000000000f424000000001800055555555} bits: 0..264; refs: 0..0} CS{Cell{0042ea0000000000061a800000000001900000000000009c4000000001800055555555} bits: 0..264; refs: 0..0} (null) ] 0 (null) ]\n' +
            '[ 4][t 0][2024-10-30 23:27:17.946000][transaction.cpp:1675]\tstarting VM\n' +
            '[ 4][t 0][2024-10-30 23:27:17.946000][transaction.cpp:1680]\tVM terminated with exit code 0\n' +
            '[ 3][t 0][2024-10-30 23:27:17.946000][transaction.cpp:1702]\tsteps: 317 gas: used=10004, max=191044, limit=168804, credit=0\n' +
            '[ 3][t 0][2024-10-30 23:27:17.946000][transaction.cpp:1704]\tout_of_gas=false, accepted=true, success=true, time=0.000293s\n' +
            '[ 4][t 0][2024-10-30 23:27:17.946000][transaction.cpp:1737]\tgas fees: 4001600 = 26214400 * 10004 /2^16 ; price=26214400; flat rate=[40000 for 100]; remaining balance=72416098ng\n' +
            '[ 4][t 0][2024-10-30 23:27:17.946000][transaction.cpp:2448]\tstorage paid for a message: 1 cells, 620 bits\n' +
            '[ 4][t 0][2024-10-30 23:27:17.946000][transaction.cpp:2452]\tcomputed fwd fees = 688000 + 0\n',
          vmLogs: 'e implicit RET\n' +
            'execute OVER\n' +
            'execute ISNULL\n' +
            'execute NOT\n' +
            'execute PUSHCONT x7F01CA00CC\n' +
            'execute PUSHCONT x7032CA00\n' +
            'execute IFELSE\n' +
            'execute PUSHINT -1\n' +
            'execute SWAP\n' +
            'execute STI 1\n' +
            'execute STREF\n' +
            'execute implicit RET\n' +
            'execute ENDC\n' +
            'execute POP c4\n' +
            'execute implicit RET\n',
          debugLogs: '',
          events: [Array],
          parent: [Object],
          children: [Array],
          externals: []
        },
        children: [ [Object], [Object] ],
        externals: []
      },
      {
        address: 37254810366437813475271750514734067285117962570475561289538093995582013161784n,
        lt: 43000000n,
        prevTransactionHash: 27463076852945280781622508437682891166999119920120026830308695753041783989229n,
        prevTransactionLt: 42000000n,
        now: 1732922837,
        outMessagesCount: 2,
        oldStatus: 'active',
        endStatus: 'active',
        inMessage: {
          info: [Object],
          init: null,
          body: x{2A004A0500000000000000010000000000000000000000000000000000000000000000000000000000000000400B75A3E1A6460F415CE3721F308920C4B456F3B977F39EB26CED9155308A976CC}
        },
        outMessages: Dictionary { _key: [Object], _value: [Object], _map: [Map] },
        totalFees: { coins: 11033062n },
        stateUpdate: {
          oldHash: <Buffer e8 48 d5 58 13 6d 66 2e ef 52 67 3d 92 b6 0a fe 9e 3d 3d 1f de 2c 7e 40 f2 5d 9a ad 1b 6e 6e 71>,
          newHash: <Buffer 53 c5 56 3b ab 2b 6a cb 60 67 d7 75 0c 9c 72 f1 d4 bb ea 82 bc 8c f2 ad 78 53 f3 54 92 1c 63 9a>
        },
        description: {
          type: 'generic',
          creditFirst: false,
          storagePhase: [Object],
          creditPhase: [Object],
          computePhase: [Object],
          actionPhase: [Object],
          bouncePhase: undefined,
          aborted: false,
          destroyed: false
        },
        raw: x{7525D79B589F1D73B879432CD1A596C0F9C42CF460467BBB795DA5A20C021C13800000000029020C03CB78CF7CC26549038C9F60E6682FF6E94451F8739E3CA1BB7F9E1FCD3FEA3ED000000000280DE80674A4DD500054750B3CC}
         x{E_}
          x{6801C25D36B535BEF92116226484A49D03E01E5050FFC3053F6C298C080280A4EEF90014975E6D627C75CEE1E50CB346965B03E710B3D18119EEEDE57696883008704E101119EF88060DFF5E0000000004C4B402CE949BAAC_}
           x{2A004A0500000000000000010000000000000000000000000000000000000000000000000000000000000000400B75A3E1A6460F415CE3721F308920C4B456F3B977F39EB26CED9155308A976CC}
          x{DD_}
           x{2_}
            x{6800A4BAF36B13E3AE770F28659A34B2D81F38859E8C08CF776F2BB4B44180438271002DD68F8699183D05738DC87CC2248312D15BCEE5DFCE7AC9B3B64554C22A5DB310E27F66000608235A0000000005204182CE949BAA4_}
           x{2_}
            x{6800A4BAF36B13E3AE770F28659A34B2D81F38859E8C08CF776F2BB4B44180438271003A7CBC3612E1CA557A9D4C735DAA85C231FC67A5E07FC0E4E6F4D6E951FB858D100E57FA880608235A0000000005204184CE949BAA4_}
         x{72E848D558136D662EEF52673D92B60AFE9E3D3D1FDE2C7E40F25D9AAD1B6E6E7153C5563BAB2B6ACB6067D7750C9C72F1D4BBEA82BC8CF2AD7853F354921C639A}
         x{040901119EF89874890811_}
          x{4D248C0AF1E00000000000000002E500000000000000000000000000000000000000000000000000000000000000000000000000000000000000000000000000000000000000000000000000000000}
          x{C9861A804C10469800000000000600020000000450AF9D9EE3726931F26D844A6FCC649C60C9C4AD99D34E111DD9BC6BD3DB3ADC40902C14_},
        hash: [Function: hash],
        blockchainLogs: '[ 4][t 0][2024-10-30 23:27:17.959000][transaction.cpp:443]\tunpacking account 525D79B589F1D73B879432CD1A596C0F9C42CF460467BBB795DA5A20C021C138\n' +
          '[ 4][t 0][2024-10-30 23:27:17.959000][transaction.cpp:274]\tlast_paid=1732922837; cells=231 bits=83982 public_cells=0\n' +
          '[ 4][t 0][2024-10-30 23:27:17.959000][transaction.cpp:504]\tend of Account.unpack() for 0:525D79B589F1D73B879432CD1A596C0F9C42CF460467BBB795DA5A20C021C138 (balance = 1051000000ng ; last_trans_lt = 42000000..42000003)\n' +
          '[ 4][t 0][2024-10-30 23:27:17.959000][transaction.cpp:3655]\tblock random seed set to 0000000000000000000000000000000000000000000000000000000000000000\n' +
          '[ 4][t 0][2024-10-30 23:27:17.960000][transaction.cpp:1236]\tgas limits: max=1000000, limit=179320, credit=0\n' +
          '[ 4][t 0][2024-10-30 23:27:17.960000][transaction.cpp:1575]\tin_msg_state is null\n' +
          '[ 4][t 0][2024-10-30 23:27:17.960000][transaction.cpp:1645]\tcreating VM\n' +
          '[ 4][t 0][2024-10-30 23:27:17.960000][transaction.cpp:1351]\tSmartContractInfo initialized with [ 124711402 0 0 1732922837 43000000 43000000 14068792954309835536948273256715513127174070948738620016199408580766834334284 [ 1122728098 (null) ] CS{Cell{0271c00525d79b589f1d73b879432cd1a596c0f9c42cf460467bbb795da5a20c021c1383cec05203833a526ea8000000000a037a0d0fa93f301340} bits: 1..268; refs: 0..0} C{A7EC01478F770EF8F8B037CC7E42F0ABF0D85A50E1828C2394DAD1411691F2DE} C{42B6F0E46484EFC57B9508F6BA7EF42E7512023D5CB4ED5628DD1C7755D16E9D} [ 71728098 (null) ] 0 (null) [ CS{Cell{004dd06600000000000000000000000080000000000000fa00000000000001f4000000000003d09040} bits: 9..305; refs: 0..0} (null) CS{Cell{0094d1000000000000006400000000000f4240de000000002710000000000000000f42400000000002160ec0000000000000271000000000002625a00000000005f5e100000000003b9aca00} bits: 0..592; refs: 0..0} CS{Cell{0094d100000000000000640000000000009c40de000000000190000000000000000f424000000000000f4240000000000000271000000000009896800000000005f5e100000000003b9aca00} bits: 0..592; refs: 0..0} CS{Cell{0042ea000000000098968000000000271000000000000f424000000001800055555555} bits: 0..264; refs: 0..0} CS{Cell{0042ea0000000000061a800000000001900000000000009c4000000001800055555555} bits: 0..264; refs: 0..0} (null) ] 0 (null) ]\n' +
          '[ 4][t 0][2024-10-30 23:27:17.960000][transaction.cpp:1675]\tstarting VM\n' +
          '[ 4][t 0][2024-10-30 23:27:17.961000][transaction.cpp:1680]\tVM terminated with exit code 0\n' +
          '[ 3][t 0][2024-10-30 23:27:17.961000][transaction.cpp:1702]\tsteps: 741 gas: used=26916, max=1000000, limit=179320, credit=0\n' +
          '[ 3][t 0][2024-10-30 23:27:17.961000][transaction.cpp:1704]\tout_of_gas=false, accepted=true, success=true, time=0.000884s\n' +
          '[ 4][t 0][2024-10-30 23:27:17.961000][transaction.cpp:1737]\tgas fees: 10766400 = 26214400 * 26916 /2^16 ; price=26214400; flat rate=[40000 for 100]; remaining balance=1111961698ng\n' +
          '[ 3][t 0][2024-10-30 23:27:17.961000][transaction.cpp:2678]\tin try_action_reserve_currency(0)\n' +
          '[ 4][t 0][2024-10-30 23:27:17.961000][transaction.cpp:2684]\taction_reserve_currency: mode=0, reserve=101000000ng, balance=1111961698ng, original balance=1051000000ng\n' +
          '[ 3][t 0][2024-10-30 23:27:17.961000][transaction.cpp:2729]\tchanged remaining balance to 1010961698ng, reserved balance to 101000000ng\n' +
          '[ 4][t 0][2024-10-30 23:27:17.961000][transaction.cpp:2448]\tstorage paid for a message: 0 cells, 0 bits\n' +
          '[ 4][t 0][2024-10-30 23:27:17.961000][transaction.cpp:2452]\tcomputed fwd fees = 400000 + 0\n' +
          '[ 4][t 0][2024-10-30 23:27:17.961000][transaction.cpp:2448]\tstorage paid for a message: 0 cells, 0 bits\n' +
          '[ 4][t 0][2024-10-30 23:27:17.961000][transaction.cpp:2452]\tcomputed fwd fees = 400000 + 0\n',
        vmLogs: 'xecute EQUAL\n' +
          'execute THROWIF 137\n' +
          'execute PUSHPOW2 10\n' +
          'execute EQUAL\n' +
          'execute THROWIFNOT 136\n' +
          'execute STSLICER\n' +
          'execute ENDC\n' +
          'execute ROT\n' +
          'execute STREF\n' +
          'execute ENDC\n' +
          'execute SWAP\n' +
          'execute STREF\n' +
          'execute implicit RET\n' +
          'execute ENDC\n' +
          'execute POP c4\n' +
          'execute implicit RET\n',
        debugLogs: '',
        events: [ [Object], [Object] ],
        parent: {
          address: 101852738109603725607761920797369865272772728943991090530178890834824226043772n,
          lt: 40000000n,
          prevTransactionHash: 48086804311003111558991809955668235199227894731260532255297358825831217046907n,
          prevTransactionLt: 27000000n,
          now: 1732922837,
          outMessagesCount: 1,
          oldStatus: 'active',
          endStatus: 'active',
          inMessage: [Object],
          outMessages: [Dictionary],
          totalFees: [Object],
          stateUpdate: [Object],
          description: [Object],
          raw: x{7E12E9B5A9ADF7C908B113242524E81F00F28287FE1829FB614C604014052777C0000000002625A006A502AAF2C397184A6459B3381E9C0A3DB39E8C526F5E93C9DCB55E62651257B00000000019BFCC0674A4DD5000346A2CE5E}
           x{E_}
            x{6800A4BAF36B13E3AE770F28659A34B2D81F38859E8C08CF776F2BB4B4418043827100384BA6D6A6B7DF2422C44C909493A07C03CA0A1FF860A7ED8531810050149DDF10101931000609BBB0000000000487AB04CE949BAA5E137A640000000000000000C_}
            x{DF_}
             x{6801C25D36B535BEF92116226484A49D03E01E5050FFC3053F6C298C080280A4EEF90014975E6D627C75CEE1E50CB346965B03E710B3D18119EEEDE57696883008704E101119EF88060DFF5E0000000004C4B402CE949BAAC_}
              x{2A004A0500000000000000010000000000000000000000000000000000000000000000000000000000000000400B75A3E1A6460F415CE3721F308920C4B456F3B977F39EB26CED9155308A976CC}
           x{721FB4807FF9F85D787460964F441B9B7B91BF51031FA10643CBFF8F8A0781528133520F9A74DD4FD1774DD37AF84ED2EE6CD55EFEC414BFE5F1018BBA972A97A0}
           x{04C4360789010193101867A1E811_}
            x{44E28C0A4D9000000000000000013D00000000000000000000000000000000000000000000000000000000000000000000000000000000000000000000000000000000000000000000000000000000}
            x{C9853FC04C0DFF44000000000002000000000003FFB2652E35979066CAC0633284C4E8042DB1FCB29F76FDFE1F06536CEE4DA4744090296C_},
          hash: [Function: hash],
          blockchainLogs: '[ 4][t 0][2024-10-30 23:27:17.948000][transaction.cpp:443]\tunpacking account E12E9B5A9ADF7C908B113242524E81F00F28287FE1829FB614C604014052777C\n' +
            '[ 4][t 0][2024-10-30 23:27:17.948000][transaction.cpp:274]\tlast_paid=1730330837; cells=30 bits=12911 public_cells=0\n' +
            '[ 4][t 0][2024-10-30 23:27:17.948000][transaction.cpp:504]\tend of Account.unpack() for 0:E12E9B5A9ADF7C908B113242524E81F00F28287FE1829FB614C604014052777C (balance = 10000000ng ; last_trans_lt = 27000000..27000002)\n' +
            '[ 4][t 0][2024-10-30 23:27:17.948000][transaction.cpp:3655]\tblock random seed set to 0000000000000000000000000000000000000000000000000000000000000000\n' +
            '[ 4][t 0][2024-10-30 23:27:17.948000][transaction.cpp:1236]\tgas limits: max=191044, limit=168804, credit=0\n' +
            '[ 4][t 0][2024-10-30 23:27:17.948000][transaction.cpp:1575]\tin_msg_state is null\n' +
            '[ 4][t 0][2024-10-30 23:27:17.948000][transaction.cpp:1645]\tcreating VM\n' +
            '[ 4][t 0][2024-10-30 23:27:17.948000][transaction.cpp:1351]\tSmartContractInfo initialized with [ 124711402 0 0 1732922837 40000000 40000000 43870772645377937883531240781324653013999287705787709612543318804107744319189 [ 76417698 (null) ] CS{Cell{026dc00e12e9b5a9adf7c908b113242524e81f00f28287fe1829fb614c604014052777c23c8c9bc3391606a800000000066ff308e625a01340} bits: 1..268; refs: 0..0} C{A7EC01478F770EF8F8B037CC7E42F0ABF0D85A50E1828C2394DAD1411691F2DE} C{33BB148A451AD17F938AA7C476E48F2B79933715F13F1D58F9234A90730321A8} [ 67521600 (null) ] 1103902 (null) [ CS{Cell{004dd06600000000000000000000000080000000000000fa00000000000001f4000000000003d09040} bits: 9..305; refs: 0..0} (null) CS{Cell{0094d1000000000000006400000000000f4240de000000002710000000000000000f42400000000002160ec0000000000000271000000000002625a00000000005f5e100000000003b9aca00} bits: 0..592; refs: 0..0} CS{Cell{0094d100000000000000640000000000009c40de000000000190000000000000000f424000000000000f4240000000000000271000000000009896800000000005f5e100000000003b9aca00} bits: 0..592; refs: 0..0} CS{Cell{0042ea000000000098968000000000271000000000000f424000000001800055555555} bits: 0..264; refs: 0..0} CS{Cell{0042ea0000000000061a800000000001900000000000009c4000000001800055555555} bits: 0..264; refs: 0..0} (null) ] 0 (null) ]\n' +
            '[ 4][t 0][2024-10-30 23:27:17.948000][transaction.cpp:1675]\tstarting VM\n' +
            '[ 4][t 0][2024-10-30 23:27:17.949000][transaction.cpp:1680]\tVM terminated with exit code 0\n' +
            '[ 3][t 0][2024-10-30 23:27:17.949000][transaction.cpp:1702]\tsteps: 317 gas: used=10004, max=191044, limit=168804, credit=0\n' +
            '[ 3][t 0][2024-10-30 23:27:17.949000][transaction.cpp:1704]\tout_of_gas=false, accepted=true, success=true, time=0.000500s\n' +
            '[ 4][t 0][2024-10-30 23:27:17.949000][transaction.cpp:1737]\tgas fees: 4001600 = 26214400 * 10004 /2^16 ; price=26214400; flat rate=[40000 for 100]; remaining balance=72416098ng\n' +
            '[ 4][t 0][2024-10-30 23:27:17.949000][transaction.cpp:2448]\tstorage paid for a message: 1 cells, 620 bits\n' +
            '[ 4][t 0][2024-10-30 23:27:17.949000][transaction.cpp:2452]\tcomputed fwd fees = 688000 + 0\n',
          vmLogs: 'e implicit RET\n' +
            'execute OVER\n' +
            'execute ISNULL\n' +
            'execute NOT\n' +
            'execute PUSHCONT x7F01CA00CC\n' +
            'execute PUSHCONT x7032CA00\n' +
            'execute IFELSE\n' +
            'execute PUSHINT -1\n' +
            'execute SWAP\n' +
            'execute STI 1\n' +
            'execute STREF\n' +
            'execute implicit RET\n' +
            'execute ENDC\n' +
            'execute POP c4\n' +
            'execute implicit RET\n',
          debugLogs: '',
          events: [Array],
          parent: [Object],
          children: [Array],
          externals: []
        },
        children: [ [Object], [Object] ],
        externals: []
      },
      {
        address: 105818132960003171416304597453717637701794574747475969910003481004036112389684n,
        lt: 44000000n,
        prevTransactionHash: 109179443690210705869576945276876231157098483533526097012544044061542341298503n,
        prevTransactionLt: 33000000n,
        now: 1732922837,
        outMessagesCount: 0,
        oldStatus: 'active',
        endStatus: 'active',
        inMessage: { info: [Object], init: null, body: x{} },
        outMessages: Dictionary { _key: [Object], _value: [Object], _map: Map(0) {} },
        totalFees: { coins: 123600n },
        stateUpdate: {
          oldHash: <Buffer 60 d8 de 25 48 f6 b0 31 b7 22 5c 51 9a fc fb eb d8 40 42 ca 99 98 fb d2 07 59 fc 8b c9 05 e7 72>,
          newHash: <Buffer bb 82 c3 ac b4 be bb b1 c6 cf a8 73 5a ba 1b ee e8 51 fb 39 13 0a 42 0e 7f 43 63 ce 78 a9 74 eb>
        },
        description: {
          type: 'generic',
          creditFirst: true,
          storagePhase: [Object],
          creditPhase: [Object],
          computePhase: [Object],
          actionPhase: [Object],
          bouncePhase: undefined,
          aborted: false,
          destroyed: false
        },
        raw: x{7E9F2F0D84B872955EA7531CD76AA1708C7F19E9781FF03939BD35BA547EE163400000000029F6300F1616010A4C3510CCB370F2BD2B671C530EF5BE1A6E176F32B47592B588249470000000001F78A40674A4DD500014603C5A0}
         x{A_}
          x{480173A49878148A4F6041C04B952AC2638BD6A1025222AF84BFAF2C3BE5A07436D5003A7CBC3612E1CA557A9D4C735DAA85C231FC67A5E07FC0E4E6F4D6E951FB858D10BE1E264C0608235A0000000004E33882CE949BAA4_}
         x{7260D8DE2548F6B031B7225C519AFCFBEBD84042CA9998FBD20759FC8BC905E772BB82C3ACB4BEBBB1C6CFA8735ABA1BEEE851FB39130A420E7F4363CE78A974EB}
         x{0C090BE1E264D8603C5A11_}
          x{4026AC3D090000000000000000000500000000000000000000000000000000000000000000000000000000000000000000000000000000000000000000000000000000000000000000000000000000}
          x{C00000000000000000000000012D452DA449E50B8CF7DD27861F146122AFE1B546BB8B70FC8216F0C614139F8E04_},
        hash: [Function: hash],
        blockchainLogs: '[ 4][t 0][2024-10-30 23:27:17.963000][transaction.cpp:443]\tunpacking account E9F2F0D84B872955EA7531CD76AA1708C7F19E9781FF03939BD35BA547EE1634\n' +
          '[ 4][t 0][2024-10-30 23:27:17.963000][transaction.cpp:274]\tlast_paid=1732922837; cells=6 bits=821 public_cells=0\n' +
          '[ 4][t 0][2024-10-30 23:27:17.963000][transaction.cpp:504]\tend of Account.unpack() for 0:E9F2F0D84B872955EA7531CD76AA1708C7F19E9781FF03939BD35BA547EE1634 (balance = 999998997584476ng ; last_trans_lt = 33000000..33000002)\n' +
          '[ 4][t 0][2024-10-30 23:27:17.963000][transaction.cpp:3655]\tblock random seed set to 0000000000000000000000000000000000000000000000000000000000000000\n' +
          '[ 4][t 0][2024-10-30 23:27:17.963000][transaction.cpp:1236]\tgas limits: max=1000000, limit=1000000, credit=0\n' +
          '[ 4][t 0][2024-10-30 23:27:17.963000][transaction.cpp:1575]\tin_msg_state is null\n' +
          '[ 4][t 0][2024-10-30 23:27:17.963000][transaction.cpp:1645]\tcreating VM\n' +
          '[ 4][t 0][2024-10-30 23:27:17.963000][transaction.cpp:1351]\tSmartContractInfo initialized with [ 124711402 0 0 1732922837 44000000 44000000 60210483465141978598827679003117970236339845468170532052053411751718225576024 [ 999999794996207 (null) ] CS{Cell{0275c00e9f2f0d84b872955ea7531cd76aa1708c7f19e9781ff03939bd35ba547ee163420c80cd433a526ea80000000007de2909c0e35f9a41b6971340} bits: 1..268; refs: 0..0} C{A7EC01478F770EF8F8B037CC7E42F0ABF0D85A50E1828C2394DAD1411691F2DE} C{D992502B94EA96E7B34E5D62FFB0C6FC73D78B3E61F11F0848FB3A1EB1AFC912} [ 797411731 (null) ] 0 (null) [ CS{Cell{004dd06600000000000000000000000080000000000000fa00000000000001f4000000000003d09040} bits: 9..305; refs: 0..0} (null) CS{Cell{0094d1000000000000006400000000000f4240de000000002710000000000000000f42400000000002160ec0000000000000271000000000002625a00000000005f5e100000000003b9aca00} bits: 0..592; refs: 0..0} CS{Cell{0094d100000000000000640000000000009c40de000000000190000000000000000f424000000000000f4240000000000000271000000000009896800000000005f5e100000000003b9aca00} bits: 0..592; refs: 0..0} CS{Cell{0042ea000000000098968000000000271000000000000f424000000001800055555555} bits: 0..264; refs: 0..0} CS{Cell{0042ea0000000000061a800000000001900000000000009c4000000001800055555555} bits: 0..264; refs: 0..0} (null) ] 0 (null) ]\n' +
          '[ 4][t 0][2024-10-30 23:27:17.964000][transaction.cpp:1675]\tstarting VM\n' +
          '[ 4][t 0][2024-10-30 23:27:17.964000][transaction.cpp:1680]\tVM terminated with exit code 0\n' +
          '[ 3][t 0][2024-10-30 23:27:17.964000][transaction.cpp:1702]\tsteps: 5 gas: used=309, max=1000000, limit=1000000, credit=0\n' +
          '[ 3][t 0][2024-10-30 23:27:17.964000][transaction.cpp:1704]\tout_of_gas=false, accepted=true, success=true, time=0.000016s\n' +
          '[ 4][t 0][2024-10-30 23:27:17.964000][transaction.cpp:1737]\tgas fees: 123600 = 26214400 * 309 /2^16 ; price=26214400; flat rate=[40000 for 100]; remaining balance=999999794872607ng\n',
        vmLogs: 'execute SETCP 0\n' +
          'execute DICTPUSHCONST 19 (xC_,1)\n' +
          'execute DICTIGETJMPZ\n' +
          'execute DROP\n' +
          'execute implicit RET\n',
        debugLogs: '',
        events: [],
        parent: {
          address: 84049441022908470316622795825605090351520748406577698494615284512509455375210n,
          lt: 41000000n,
          prevTransactionHash: 37885579623189165700191954299569236669437118462278628020510447148892838818652n,
          prevTransactionLt: 37000000n,
          now: 1732922837,
          outMessagesCount: 1,
          oldStatus: 'active',
          endStatus: 'non-existing',
          inMessage: [Object],
          outMessages: [Dictionary],
          totalFees: [Object],
          stateUpdate: [Object],
          description: [Object],
          raw: x{7B9D24C3C0A4527B020E025CA956131C5EB5081291157C25FD7961DF2D03A1B6A0000000002719C4053C27A699B5EA56EBF1962E7EE5C39FB0BF85F004455B874A579D427C915F35C0000000002349340674A4DD50003666BCAC6}
           x{E_}
            x{4800A4BAF36B13E3AE770F28659A34B2D81F38859E8C08CF776F2BB4B44180438271002E74930F029149EC08380972A5584C717AD4204A4455F097F5E5877CB40E86DA90BCA3A88C0656E1D8000000000487AB08CE949BABE_}
             x{34_}
              x{FF00F4A413F4BCF2C80B}
               x{62_}
                x{D001D0D3030171B0A301FA400120D74981010BBAF2E08820D70B0A208104FFBAF2D0898309BAF2E088545053036F04F86102F862DB3C5512DB3CF2E082}
                 x{ED44D0D401F863D200018E2FD31FFA400120D74981010BBAF2E08820D70B0A208104FFBAF2D0898309BAF2E08801D2000191D4926D01E255206C13E0F828D70B0A8309BAF2E089810101D700FA400120D74981010BBAF2E08820D70B0A208104FFBAF2D0898309BAF2E0881202D101DB3C}
                  x{6D}
                 x{0192307FE07021D749C21F953020D70B1FDE208210AFE93535BA8F5130D31F018210AFE93535BAF2E081D33FFA400120D74981010BBAF2E08820D70B0A208104FFBAF2D0898309BAF2E08801D455206C1332820898968070FB024434DB3C30037083067055206D6D6DDB3C597FE0208210B8A3AA14BAE302}
                  x{F8425220C705F2E084}
                  x{C87101CA01500701CA007001CA02500520D74981010BBAF2E08820D70B0A208104FFBAF2D0898309BAF2E088CF165003FA027001CA68236EB3917F93246EB3E2973333017001CA00E30D216EB39C7F01CA0001206EF2D08001CC95317001CA00E2C901FB00}
                   x{7F01CA00C87001CA007001CA00246EB39D7F01CA0004206EF2D0805004CC9634037001CA00E2246EB39D7F01CA0004206EF2D0805004CC9634037001CA00E27001CA00027F01CA0002C958CC}
                  x{30D31F018210B8A3AA14BAF2E081D33FFA400120D74981010BBAF2E08820D70B0A208104FFBAF2D0898309BAF2E088126C12317020FB025520DB3C03708100A07055206D6D6DDB3C587F}
                   x{F8425220C705F2E084}
                   x{C87101CA01500701CA007001CA02500520D74981010BBAF2E08820D70B0A208104FFBAF2D0898309BAF2E088CF165003FA027001CA68236EB3917F93246EB3E2973333017001CA00E30D216EB39C7F01CA0001206EF2D08001CC95317001CA00E2C901FB00}
                    x{7F01CA00C87001CA007001CA00246EB39D7F01CA0004206EF2D0805004CC9634037001CA00E2246EB39D7F01CA0004206EF2D0805004CC9634037001CA00E27001CA00027F01CA0002C958CC}
                  x{8210E601F8E5BA8ECED31F018210E601F8E5BAF2E081D33F0131820898968070FB02F8416F2410235F037083067F25206EF2D080542580C855208210B687AB175004CB1F12CB3FCB1FCCC9103441301443306D6DDB3C7FE03070}
                   x{C87101CA01500701CA007001CA02500520D74981010BBAF2E08820D70B0A208104FFBAF2D0898309BAF2E088CF165003FA027001CA68236EB3917F93246EB3E2973333017001CA00E30D216EB39C7F01CA0001206EF2D08001CC95317001CA00E2C901FB00}
                    x{7F01CA00C87001CA007001CA00246EB39D7F01CA0004206EF2D0805004CC9634037001CA00E2246EB39D7F01CA0004206EF2D0805004CC9634037001CA00E27001CA00027F01CA0002C958CC}
                 x{C8F84301CC7F01CA0055205023CB1F0120D74981010BBAF2E08820D70B0A208104FFBAF2D0898309BAF2E088CF16216EB3957F01CA00CC947032CA00E2C9ED54}
                x{2_}
                 x{BE28EED9E6D9E3618C_}
                  x{ED44D0D401F863D200018E2FD31FFA400120D74981010BBAF2E08820D70B0A208104FFBAF2D0898309BAF2E08801D2000191D4926D01E255206C13E0F828D70B0A8309BAF2E089810101D700FA400120D74981010BBAF2E08820D70B0A208104FFBAF2D0898309BAF2E0881202D101DB3C}
                   x{6D}
                  x{21}
                 x{2_}
                  x{4}
                   x{B1D8B6CF36CF1B0C6_}
                    x{ED44D0D401F863D200018E2FD31FFA400120D74981010BBAF2E08820D70B0A208104FFBAF2D0898309BAF2E08801D2000191D4926D01E255206C13E0F828D70B0A8309BAF2E089810101D700FA400120D74981010BBAF2E08820D70B0A208104FFBAF2D0898309BAF2E0881202D101DB3C}
                     x{6D}
                    x{20}
                   x{B36436CF36CF1B0C6_}
                    x{ED44D0D401F863D200018E2FD31FFA400120D74981010BBAF2E08820D70B0A208104FFBAF2D0898309BAF2E08801D2000191D4926D01E255206C13E0F828D70B0A8309BAF2E089810101D700FA400120D74981010BBAF2E08820D70B0A208104FFBAF2D0898309BAF2E0881202D101DB3C}
                     x{6D}
                    x{22}
                  x{B82BEED44D0D20001}
              x{0000000000000000000000000000000000000000000000000000000000000000200292EBCDAC4F8EB9DC3CA19668D2CB607CE2167A30233DDDBCAED2D106010E09C4_}
               x{C_}
                x{A0838F_}
                 x{FF00F4A413F4BCF2C80B}
                  x{62_}
                   x{D001D0D3030171B0A301FA400120D74981010BBAF2E08820D70B0A208104FFBAF2D0898309BAF2E088545053036F04F86102F862DB3C5512DB3CF2E082}
                    x{ED44D0D401F863D200018E2FD31FFA400120D74981010BBAF2E08820D70B0A208104FFBAF2D0898309BAF2E08801D2000191D4926D01E255206C13E0F828D70B0A8309BAF2E089810101D700FA400120D74981010BBAF2E08820D70B0A208104FFBAF2D0898309BAF2E0881202D101DB3C}
                     x{6D}
                    x{0192307FE07021D749C21F953020D70B1FDE208210AFE93535BA8F5130D31F018210AFE93535BAF2E081D33FFA400120D74981010BBAF2E08820D70B0A208104FFBAF2D0898309BAF2E08801D455206C1332820898968070FB024434DB3C30037083067055206D6D6DDB3C597FE0208210B8A3AA14BAE302}
                     x{F8425220C705F2E084}
                     x{C87101CA01500701CA007001CA02500520D74981010BBAF2E08820D70B0A208104FFBAF2D0898309BAF2E088CF165003FA027001CA68236EB3917F93246EB3E2973333017001CA00E30D216EB39C7F01CA0001206EF2D08001CC95317001CA00E2C901FB00}
                      x{7F01CA00C87001CA007001CA00246EB39D7F01CA0004206EF2D0805004CC9634037001CA00E2246EB39D7F01CA0004206EF2D0805004CC9634037001CA00E27001CA00027F01CA0002C958CC}
                     x{30D31F018210B8A3AA14BAF2E081D33FFA400120D74981010BBAF2E08820D70B0A208104FFBAF2D0898309BAF2E088126C12317020FB025520DB3C03708100A07055206D6D6DDB3C587F}
                      x{F8425220C705F2E084}
                      x{C87101CA01500701CA007001CA02500520D74981010BBAF2E08820D70B0A208104FFBAF2D0898309BAF2E088CF165003FA027001CA68236EB3917F93246EB3E2973333017001CA00E30D216EB39C7F01CA0001206EF2D08001CC95317001CA00E2C901FB00}
                       x{7F01CA00C87001CA007001CA00246EB39D7F01CA0004206EF2D0805004CC9634037001CA00E2246EB39D7F01CA0004206EF2D0805004CC9634037001CA00E27001CA00027F01CA0002C958CC}
                     x{8210E601F8E5BA8ECED31F018210E601F8E5BAF2E081D33F0131820898968070FB02F8416F2410235F037083067F25206EF2D080542580C855208210B687AB175004CB1F12CB3FCB1FCCC9103441301443306D6DDB3C7FE03070}
                      x{C87101CA01500701CA007001CA02500520D74981010BBAF2E08820D70B0A208104FFBAF2D0898309BAF2E088CF165003FA027001CA68236EB3917F93246EB3E2973333017001CA00E30D216EB39C7F01CA0001206EF2D08001CC95317001CA00E2C901FB00}
                       x{7F01CA00C87001CA007001CA00246EB39D7F01CA0004206EF2D0805004CC9634037001CA00E2246EB39D7F01CA0004206EF2D0805004CC9634037001CA00E27001CA00027F01CA0002C958CC}
                    x{C8F84301CC7F01CA0055205023CB1F0120D74981010BBAF2E08820D70B0A208104FFBAF2D0898309BAF2E088CF16216EB3957F01CA00CC947032CA00E2C9ED54}
                   x{2_}
                    x{BE28EED9E6D9E3618C_}
                     x{ED44D0D401F863D200018E2FD31FFA400120D74981010BBAF2E08820D70B0A208104FFBAF2D0898309BAF2E08801D2000191D4926D01E255206C13E0F828D70B0A8309BAF2E089810101D700FA400120D74981010BBAF2E08820D70B0A208104FFBAF2D0898309BAF2E0881202D101DB3C}
                      x{6D}
                     x{21}
                    x{2_}
                     x{4}
                      x{B1D8B6CF36CF1B0C6_}
                       x{ED44D0D401F863D200018E2FD31FFA400120D74981010BBAF2E08820D70B0A208104FFBAF2D0898309BAF2E08801D2000191D4926D01E255206C13E0F828D70B0A8309BAF2E089810101D700FA400120D74981010BBAF2E08820D70B0A208104FFBAF2D0898309BAF2E0881202D101DB3C}
                        x{6D}
                       x{20}
                      x{B36436CF36CF1B0C6_}
                       x{ED44D0D401F863D200018E2FD31FFA400120D74981010BBAF2E08820D70B0A208104FFBAF2D0898309BAF2E08801D2000191D4926D01E255206C13E0F828D70B0A8309BAF2E089810101D700FA400120D74981010BBAF2E08820D70B0A208104FFBAF2D0898309BAF2E0881202D101DB3C}
                        x{6D}
                       x{22}
                     x{B82BEED44D0D20001}
             x{B8A3AA140000000000000000801D3E5E1B0970E52ABD4EA639AED542E118FE33D2F03FE072737A6B74A8FDC2C69_}
            x{DF_}
             x{480173A49878148A4F6041C04B952AC2638BD6A1025222AF84BFAF2C3BE5A07436D5003A7CBC3612E1CA557A9D4C735DAA85C231FC67A5E07FC0E4E6F4D6E951FB858D10BE1E264C0608235A0000000004E33882CE949BAA4_}
           x{72C6E90029D7EC04047345D5238B8930BBE1B16F208C725883C4D7B797300F67D990AEC8965AFABB16EBC3CB9B408EBAE71B618D78788BC80D09843593CAC98DA4}
           x{0C090BCA3A88D8667B9213_}
            x{44262C3D09000000000000000000FA00000000000000000000000000000000000000000000000000000000000000000000000000000000000000000000000000000000000000000000000000000000}
            x{DCC186A0260411A6000000000002000100000001F01808E7C65384854FD0A4F77793F95695733B675EB306C4FAC3CFF546A3D22720280B06_},
          hash: [Function: hash],
          blockchainLogs: '[ 4][t 0][2024-10-30 23:27:17.951000][transaction.cpp:443]\tunpacking account B9D24C3C0A4527B020E025CA956131C5EB5081291157C25FD7961DF2D03A1B6A\n' +
            '[ 4][t 0][2024-10-30 23:27:17.951000][transaction.cpp:274]\tlast_paid=1732922837; cells=28 bits=7123 public_cells=0\n' +
            '[ 4][t 0][2024-10-30 23:27:17.951000][transaction.cpp:504]\tend of Account.unpack() for 0:B9D24C3C0A4527B020E025CA956131C5EB5081291157C25FD7961DF2D03A1B6A (balance = 10000000ng ; last_trans_lt = 37000000..37000002)\n' +
            '[ 4][t 0][2024-10-30 23:27:17.951000][transaction.cpp:3655]\tblock random seed set to 0000000000000000000000000000000000000000000000000000000000000000\n' +
            '[ 4][t 0][2024-10-30 23:27:17.951000][transaction.cpp:1236]\tgas limits: max=1000000, limit=1000000, credit=0\n' +
            '[ 4][t 0][2024-10-30 23:27:17.951000][transaction.cpp:1571]\tHASH(in_msg_state) = B9D24C3C0A4527B020E025CA956131C5EB5081291157C25FD7961DF2D03A1B6A, account_state_hash = 0000000000000000000000000000000000000000000000000000000000000000\n' +
            '[ 4][t 0][2024-10-30 23:27:17.951000][transaction.cpp:1645]\tcreating VM\n' +
            '[ 4][t 0][2024-10-30 23:27:17.951000][transaction.cpp:1351]\tSmartContractInfo initialized with [ 124711402 0 0 1732922837 41000000 41000000 84630195367514639409622924175749312199831056191303332875639359062248049886761 [ 801210531 (null) ] CS{Cell{026dc00b9d24c3c0a4527b020e025ca956131c5eb5081291157c25fd7961df2d03a1b6a23886f4c33a526ea80000000008d24d08e625a01340} bits: 1..268; refs: 0..0} C{A7EC01478F770EF8F8B037CC7E42F0ABF0D85A50E1828C2394DAD1411691F2DE} C{F2179DCD5CFD8A1E113288591FFB7A5E10E107D0D2C36DF69E40398023DAA7B1} [ 791210531 (null) ] 0 (null) [ CS{Cell{004dd06600000000000000000000000080000000000000fa00000000000001f4000000000003d09040} bits: 9..305; refs: 0..0} (null) CS{Cell{0094d1000000000000006400000000000f4240de000000002710000000000000000f42400000000002160ec0000000000000271000000000002625a00000000005f5e100000000003b9aca00} bits: 0..592; refs: 0..0} CS{Cell{0094d100000000000000640000000000009c40de000000000190000000000000000f424000000000000f4240000000000000271000000000009896800000000005f5e100000000003b9aca00} bits: 0..592; refs: 0..0} CS{Cell{0042ea000000000098968000000000271000000000000f424000000001800055555555} bits: 0..264; refs: 0..0} CS{Cell{0042ea0000000000061a800000000001900000000000009c4000000001800055555555} bits: 0..264; refs: 0..0} (null) ] 0 (null) ]\n' +
            '[ 4][t 0][2024-10-30 23:27:17.952000][transaction.cpp:1675]\tstarting VM\n' +
            '[ 4][t 0][2024-10-30 23:27:17.952000][transaction.cpp:1680]\tVM terminated with exit code 0\n' +
            '[ 3][t 0][2024-10-30 23:27:17.952000][transaction.cpp:1702]\tsteps: 250 gas: used=8497, max=1000000, limit=1000000, credit=0\n' +
            '[ 3][t 0][2024-10-30 23:27:17.952000][transaction.cpp:1704]\tout_of_gas=false, accepted=true, success=true, time=0.000414s\n' +
            '[ 4][t 0][2024-10-30 23:27:17.952000][transaction.cpp:1737]\tgas fees: 3398800 = 26214400 * 8497 /2^16 ; price=26214400; flat rate=[40000 for 100]; remaining balance=797811731ng\n' +
            '[ 3][t 0][2024-10-30 23:27:17.952000][transaction.cpp:2678]\tin try_action_reserve_currency(0)\n' +
            '[ 4][t 0][2024-10-30 23:27:17.952000][transaction.cpp:2684]\taction_reserve_currency: mode=0, reserve=0ng, balance=797811731ng, original balance=10000000ng\n' +
            '[ 3][t 0][2024-10-30 23:27:17.952000][transaction.cpp:2729]\tchanged remaining balance to 797811731ng, reserved balance to 0ng\n' +
            '[ 4][t 0][2024-10-30 23:27:17.952000][transaction.cpp:2448]\tstorage paid for a message: 0 cells, 0 bits\n' +
            '[ 4][t 0][2024-10-30 23:27:17.952000][transaction.cpp:2452]\tcomputed fwd fees = 400000 + 0\n',
          vmLogs: 'ecute STSLICER\n' +
            'execute OVER\n' +
            'execute ISNULL\n' +
            'execute NOT\n' +
            'execute PUSHCONT x7F01CA00CC\n' +
            'execute PUSHCONT x7032CA00\n' +
            'execute IFELSE\n' +
            'execute PUSHINT -1\n' +
            'execute SWAP\n' +
            'execute STI 1\n' +
            'execute STREF\n' +
            'execute implicit RET\n' +
            'execute ENDC\n' +
            'execute POP c4\n' +
            'execute implicit RET\n',
          debugLogs: '',
          events: [Array],
          parent: [Object],
          children: [Array],
          externals: []
        },
        children: [],
        externals: []
      },
      {
        address: 58472766802306075836644181314469769209867032629105944563722669090714916911778n,
        lt: 45000000n,
        prevTransactionHash: 85040557602548263817355206675825946726515693255940296432640569555032146150349n,
        prevTransactionLt: 26000000n,
        now: 1732922837,
        outMessagesCount: 0,
        oldStatus: 'active',
        endStatus: 'active',
        inMessage: { info: [Object], init: null, body: x{} },
        outMessages: Dictionary { _key: [Object], _value: [Object], _map: Map(0) {} },
        totalFees: { coins: 274724n },
        stateUpdate: {
          oldHash: <Buffer 06 41 bd 1e 60 71 1f 91 42 7c 0e c6 b4 df 9b 4c 05 c4 06 54 d0 15 0b b0 8e b5 4e 2d e0 dc c0 1c>,
          newHash: <Buffer de f8 11 c1 38 12 a0 30 22 f9 a8 35 7a 45 69 ea c2 68 24 82 c5 44 0c 3a 97 da a7 ca 6b b0 f0 3d>
        },
        description: {
          type: 'generic',
          creditFirst: false,
          storagePhase: [Object],
          creditPhase: [Object],
          computePhase: [Object],
          actionPhase: [Object],
          bouncePhase: undefined,
          aborted: false,
          destroyed: false
        },
        raw: x{7814669C6B54FD8B2DD8E93AAA6E5DE45BD032703F7A61C194AB414089B0A7AA20000000002AEA540BC033FF92C2F7F14E0EA41E5933973E2FE709651015F7B5172B72B50AB1B83CD00000000018CBA80674A4DD5000146086248}
         x{A_}
          x{6800A4BAF36B13E3AE770F28659A34B2D81F38859E8C08CF776F2BB4B441804382710020519A71AD53F62CB763A4EAA9B977916F40C9C0FDE9870652AD050226C29EA890FA19E1000608235A000000000501BD02CE949BAA4_}
         x{720641BD1E60711F91427C0EC6B4DF9B4C05C40654D0150BB08EB54E2DE0DCC01CDEF811C13812A03022F9A8357A4569EAC2682482C5440C3A97DAA7CA6BB0F03D}
         x{04C09395090FA19E1018603C5A11_}
          x{4026AC3D090000000000000000000500000000000000000000000000000000000000000000000000000000000000000000000000000000000000000000000000000000000000000000000000000000}
          x{C00000000000000000000000012D452DA449E50B8CF7DD27861F146122AFE1B546BB8B70FC8216F0C614139F8E04_},
        hash: [Function: hash],
        blockchainLogs: '[ 4][t 0][2024-10-30 23:27:17.965000][transaction.cpp:443]\tunpacking account 814669C6B54FD8B2DD8E93AAA6E5DE45BD032703F7A61C194AB414089B0A7AA2\n' +
          '[ 4][t 0][2024-10-30 23:27:17.965000][transaction.cpp:274]\tlast_paid=1730330837; cells=6 bits=821 public_cells=0\n' +
          '[ 4][t 0][2024-10-30 23:27:17.965000][transaction.cpp:504]\tend of Account.unpack() for 0:814669C6B54FD8B2DD8E93AAA6E5DE45BD032703F7A61C194AB414089B0A7AA2 (balance = 999998964250400ng ; last_trans_lt = 26000000..26000001)\n' +
          '[ 4][t 0][2024-10-30 23:27:17.965000][transaction.cpp:3655]\tblock random seed set to 0000000000000000000000000000000000000000000000000000000000000000\n' +
          '[ 4][t 0][2024-10-30 23:27:17.965000][transaction.cpp:1236]\tgas limits: max=1000000, limit=1000000, credit=0\n' +
          '[ 4][t 0][2024-10-30 23:27:17.965000][transaction.cpp:1575]\tin_msg_state is null\n' +
          '[ 4][t 0][2024-10-30 23:27:17.965000][transaction.cpp:1645]\tcreating VM\n' +
          '[ 4][t 0][2024-10-30 23:27:17.965000][transaction.cpp:1351]\tSmartContractInfo initialized with [ 124711402 0 0 1732922837 45000000 45000000 115447700146533501994236152434741364412838807905984067774762833459387322310298 [ 1000000013099276 (null) ] CS{Cell{0275c00814669c6b54fd8b2dd8e93aaa6e5de45bd032703f7a61c194ab414089b0a7aa220c80cd43391606a8000000000632ea05c0e35f99c28dc81340} bits: 1..268; refs: 0..0} C{A7EC01478F770EF8F8B037CC7E42F0ABF0D85A50E1828C2394DAD1411691F2DE} C{D992502B94EA96E7B34E5D62FFB0C6FC73D78B3E61F11F0848FB3A1EB1AFC912} [ 1049000000 (null) ] 151124 (null) [ CS{Cell{004dd06600000000000000000000000080000000000000fa00000000000001f4000000000003d09040} bits: 9..305; refs: 0..0} (null) CS{Cell{0094d1000000000000006400000000000f4240de000000002710000000000000000f42400000000002160ec0000000000000271000000000002625a00000000005f5e100000000003b9aca00} bits: 0..592; refs: 0..0} CS{Cell{0094d100000000000000640000000000009c40de000000000190000000000000000f424000000000000f4240000000000000271000000000009896800000000005f5e100000000003b9aca00} bits: 0..592; refs: 0..0} CS{Cell{0042ea000000000098968000000000271000000000000f424000000001800055555555} bits: 0..264; refs: 0..0} CS{Cell{0042ea0000000000061a800000000001900000000000009c4000000001800055555555} bits: 0..264; refs: 0..0} (null) ] 0 (null) ]\n' +
          '[ 4][t 0][2024-10-30 23:27:17.965000][transaction.cpp:1675]\tstarting VM\n' +
          '[ 4][t 0][2024-10-30 23:27:17.965000][transaction.cpp:1680]\tVM terminated with exit code 0\n' +
          '[ 3][t 0][2024-10-30 23:27:17.965000][transaction.cpp:1702]\tsteps: 5 gas: used=309, max=1000000, limit=1000000, credit=0\n' +
          '[ 3][t 0][2024-10-30 23:27:17.965000][transaction.cpp:1704]\tout_of_gas=false, accepted=true, success=true, time=0.000015s\n' +
          '[ 4][t 0][2024-10-30 23:27:17.965000][transaction.cpp:1737]\tgas fees: 123600 = 26214400 * 309 /2^16 ; price=26214400; flat rate=[40000 for 100]; remaining balance=1000000012975676ng\n',
        vmLogs: 'execute SETCP 0\n' +
          'execute DICTPUSHCONST 19 (xC_,1)\n' +
          'execute DICTIGETJMPZ\n' +
          'execute DROP\n' +
          'execute implicit RET\n',
        debugLogs: '',
        events: [],
        parent: {
          address: 37254810366437813475271750514734067285117962570475561289538093995582013161784n,
          lt: 42000000n,
          prevTransactionHash: 6503745684340580993161725156059830018655022175588282100987961984317665384943n,
          prevTransactionLt: 38000000n,
          now: 1732922837,
          outMessagesCount: 2,
          oldStatus: 'active',
          endStatus: 'active',
          inMessage: [Object],
          outMessages: [Dictionary],
          totalFees: [Object],
          stateUpdate: [Object],
          description: [Object],
          raw: x{7525D79B589F1D73B879432CD1A596C0F9C42CF460467BBB795DA5A20C021C138000000000280DE800E60FD56F2D9522F6F7613B5D29980FFDCCCDB5CF823B12F6BAED62B2CFD19EF000000000243D580674A4DD5000547598D6C}
           x{E_}
            x{6800F99E4F01C1A7C3616D00B3681096094D190E846AE8B8DA0403AC5E7A4431E26D0014975E6D627C75CEE1E50CB346965B03E710B3D18119EEEDE57696883008704E101119EF88060DFF5E0000000004A62F82CE949BAAC_}
             x{2A004A0500000000000000000000000000000000000000000000000000000000000000000000000000000000C00814669C6B54FD8B2DD8E93AAA6E5DE45BD032703F7A61C194AB414089B0A7AA2}
            x{DD_}
             x{2_}
              x{6800A4BAF36B13E3AE770F28659A34B2D81F38859E8C08CF776F2BB4B441804382710020519A71AD53F62CB763A4EAA9B977916F40C9C0FDE9870652AD050226C29EA890FA19E1000608235A000000000501BD02CE949BAA4_}
             x{2_}
              x{6800A4BAF36B13E3AE770F28659A34B2D81F38859E8C08CF776F2BB4B44180438271003A7CBC3612E1CA557A9D4C735DAA85C231FC67A5E07FC0E4E6F4D6E951FB858D100E4647480608235A000000000501BD04CE949BAA4_}
           x{721FC134FAA5A4C85801A4DB41854BC57C91EDC2FCAEFE4AA1E0B03C6EEB890767E848D558136D662EEF52673D92B60AFE9E3D3D1FDE2C7E40F25D9AAD1B6E6E71}
           x{040901119EF8987516A211_}
            x{4D7F2C0AF1E00000000000000002E500000000000000000000000000000000000000000000000000000000000000000000000000000000000000000000000000000000000000000000000000000000}
            x{C9861A804C104698000000000006000200000004520F5BFAE2DB811E659CF17FB03F2335C3023F4A4B88DDB137FBD366D6D178EA40902C14_},
          hash: [Function: hash],
          blockchainLogs: '[ 4][t 0][2024-10-30 23:27:17.955000][transaction.cpp:443]\tunpacking account 525D79B589F1D73B879432CD1A596C0F9C42CF460467BBB795DA5A20C021C138\n' +
            '[ 4][t 0][2024-10-30 23:27:17.955000][transaction.cpp:274]\tlast_paid=1732922837; cells=234 bits=84033 public_cells=0\n' +
            '[ 4][t 0][2024-10-30 23:27:17.955000][transaction.cpp:504]\tend of Account.unpack() for 0:525D79B589F1D73B879432CD1A596C0F9C42CF460467BBB795DA5A20C021C138 (balance = 2100000000ng ; last_trans_lt = 38000000..38000005)\n' +
            '[ 4][t 0][2024-10-30 23:27:17.955000][transaction.cpp:3655]\tblock random seed set to 0000000000000000000000000000000000000000000000000000000000000000\n' +
            '[ 4][t 0][2024-10-30 23:27:17.955000][transaction.cpp:1236]\tgas limits: max=1000000, limit=179320, credit=0\n' +
            '[ 4][t 0][2024-10-30 23:27:17.955000][transaction.cpp:1575]\tin_msg_state is null\n' +
            '[ 4][t 0][2024-10-30 23:27:17.955000][transaction.cpp:1645]\tcreating VM\n' +
            '[ 4][t 0][2024-10-30 23:27:17.955000][transaction.cpp:1351]\tSmartContractInfo initialized with [ 124711402 0 0 1732922837 42000000 42000000 14068792954309835536948273256715513127174070948738620016199408580766834334284 [ 2171728098 (null) ] CS{Cell{0271c00525d79b589f1d73b879432cd1a596c0f9c42cf460467bbb795da5a20c021c1383d4c05210433a526ea800000000090f56151f4add401340} bits: 1..268; refs: 0..0} C{A7EC01478F770EF8F8B037CC7E42F0ABF0D85A50E1828C2394DAD1411691F2DE} C{42B6F0E46484EFC57B9508F6BA7EF42E7512023D5CB4ED5628DD1C7755D16E9D} [ 71728098 (null) ] 0 (null) [ CS{Cell{004dd06600000000000000000000000080000000000000fa00000000000001f4000000000003d09040} bits: 9..305; refs: 0..0} (null) CS{Cell{0094d1000000000000006400000000000f4240de000000002710000000000000000f42400000000002160ec0000000000000271000000000002625a00000000005f5e100000000003b9aca00} bits: 0..592; refs: 0..0} CS{Cell{0094d100000000000000640000000000009c40de000000000190000000000000000f424000000000000f4240000000000000271000000000009896800000000005f5e100000000003b9aca00} bits: 0..592; refs: 0..0} CS{Cell{0042ea000000000098968000000000271000000000000f424000000001800055555555} bits: 0..264; refs: 0..0} CS{Cell{0042ea0000000000061a800000000001900000000000009c4000000001800055555555} bits: 0..264; refs: 0..0} (null) ] 0 (null) ]\n' +
            '[ 4][t 0][2024-10-30 23:27:17.956000][transaction.cpp:1675]\tstarting VM\n' +
            '[ 4][t 0][2024-10-30 23:27:17.956000][transaction.cpp:1680]\tVM terminated with exit code 0\n' +
            '[ 3][t 0][2024-10-30 23:27:17.956000][transaction.cpp:1702]\tsteps: 741 gas: used=27641, max=1000000, limit=179320, credit=0\n' +
            '[ 3][t 0][2024-10-30 23:27:17.956000][transaction.cpp:1704]\tout_of_gas=false, accepted=true, success=true, time=0.000753s\n' +
            '[ 4][t 0][2024-10-30 23:27:17.956000][transaction.cpp:1737]\tgas fees: 11056400 = 26214400 * 27641 /2^16 ; price=26214400; flat rate=[40000 for 100]; remaining balance=2160671698ng\n' +
            '[ 3][t 0][2024-10-30 23:27:17.956000][transaction.cpp:2678]\tin try_action_reserve_currency(0)\n' +
            '[ 4][t 0][2024-10-30 23:27:17.956000][transaction.cpp:2684]\taction_reserve_currency: mode=0, reserve=1051000000ng, balance=2160671698ng, original balance=2100000000ng\n' +
            '[ 3][t 0][2024-10-30 23:27:17.957000][transaction.cpp:2729]\tchanged remaining balance to 1109671698ng, reserved balance to 1051000000ng\n' +
            '[ 4][t 0][2024-10-30 23:27:17.957000][transaction.cpp:2448]\tstorage paid for a message: 0 cells, 0 bits\n' +
            '[ 4][t 0][2024-10-30 23:27:17.957000][transaction.cpp:2452]\tcomputed fwd fees = 400000 + 0\n' +
            '[ 4][t 0][2024-10-30 23:27:17.957000][transaction.cpp:2448]\tstorage paid for a message: 0 cells, 0 bits\n' +
            '[ 4][t 0][2024-10-30 23:27:17.957000][transaction.cpp:2452]\tcomputed fwd fees = 400000 + 0\n',
          vmLogs: 'xecute EQUAL\n' +
            'execute THROWIF 137\n' +
            'execute PUSHPOW2 10\n' +
            'execute EQUAL\n' +
            'execute THROWIFNOT 136\n' +
            'execute STSLICER\n' +
            'execute ENDC\n' +
            'execute ROT\n' +
            'execute STREF\n' +
            'execute ENDC\n' +
            'execute SWAP\n' +
            'execute STREF\n' +
            'execute implicit RET\n' +
            'execute ENDC\n' +
            'execute POP c4\n' +
            'execute implicit RET\n',
          debugLogs: '',
          events: [Array],
          parent: [Object],
          children: [Array],
          externals: []
        },
        children: [],
        externals: []
      },
      {
        address: 105818132960003171416304597453717637701794574747475969910003481004036112389684n,
        lt: 46000000n,
        prevTransactionHash: 62999520951861964549519156455002592088775607042469673618315987265804401817860n,
        prevTransactionLt: 44000000n,
        now: 1732922837,
        outMessagesCount: 0,
        oldStatus: 'active',
        endStatus: 'active',
        inMessage: { info: [Object], init: null, body: x{} },
        outMessages: Dictionary { _key: [Object], _value: [Object], _map: Map(0) {} },
        totalFees: { coins: 123600n },
        stateUpdate: {
          oldHash: <Buffer bb 82 c3 ac b4 be bb b1 c6 cf a8 73 5a ba 1b ee e8 51 fb 39 13 0a 42 0e 7f 43 63 ce 78 a9 74 eb>,
          newHash: <Buffer 8d a3 65 83 44 e0 19 77 27 e6 6f 31 8f bb ba 97 44 a9 3f b0 69 8d 0b 56 cb f1 ed a0 99 1c 1f a4>
        },
        description: {
          type: 'generic',
          creditFirst: false,
          storagePhase: [Object],
          creditPhase: [Object],
          computePhase: [Object],
          actionPhase: [Object],
          bouncePhase: undefined,
          aborted: false,
          destroyed: false
        },
        raw: x{7E9F2F0D84B872955EA7531CD76AA1708C7F19E9781FF03939BD35BA547EE16340000000002BDE7808B48771A0CD1B2336BC9F3AC55A95DBC620C6EAF6D0DCC4A09EB1E9CE18EB90400000000029F6300674A4DD500014603C5A0}
         x{A_}
          x{6800A4BAF36B13E3AE770F28659A34B2D81F38859E8C08CF776F2BB4B44180438271003A7CBC3612E1CA557A9D4C735DAA85C231FC67A5E07FC0E4E6F4D6E951FB858D100E4647480608235A000000000501BD04CE949BAA4_}
         x{72BB82C3ACB4BEBBB1C6CFA8735ABA1BEEE851FB39130A420E7F4363CE78A974EB8DA3658344E0197727E66F318FBBBA9744A93FB0698D0B56CBF1EDA0991C1FA4}
         x{040900E4647498603C5A11_}
          x{4026AC0922BC00000000000000000500000000000000000000000000000000000000000000000000000000000000000000000000000000000000000000000000000000000000000000000000000000}
          x{C00000000000000000000000012D452DA449E50B8CF7DD27861F146122AFE1B546BB8B70FC8216F0C614139F8E04_},
        hash: [Function: hash],
        blockchainLogs: '[ 4][t 0][2024-10-30 23:27:17.966000][transaction.cpp:443]\tunpacking account E9F2F0D84B872955EA7531CD76AA1708C7F19E9781FF03939BD35BA547EE1634\n' +
          '[ 4][t 0][2024-10-30 23:27:17.966000][transaction.cpp:274]\tlast_paid=1732922837; cells=6 bits=821 public_cells=0\n' +
          '[ 4][t 0][2024-10-30 23:27:17.967000][transaction.cpp:504]\tend of Account.unpack() for 0:E9F2F0D84B872955EA7531CD76AA1708C7F19E9781FF03939BD35BA547EE1634 (balance = 999999794872607ng ; last_trans_lt = 44000000..44000001)\n' +
          '[ 4][t 0][2024-10-30 23:27:17.967000][transaction.cpp:3655]\tblock random seed set to 0000000000000000000000000000000000000000000000000000000000000000\n' +
          '[ 4][t 0][2024-10-30 23:27:17.967000][transaction.cpp:1236]\tgas limits: max=1000000, limit=149679, credit=0\n' +
          '[ 4][t 0][2024-10-30 23:27:17.967000][transaction.cpp:1575]\tin_msg_state is null\n' +
          '[ 4][t 0][2024-10-30 23:27:17.967000][transaction.cpp:1645]\tcreating VM\n' +
          '[ 4][t 0][2024-10-30 23:27:17.967000][transaction.cpp:1351]\tSmartContractInfo initialized with [ 124711402 0 0 1732922837 46000000 46000000 60210483465141978598827679003117970236339845468170532052053411751718225576024 [ 999999854744305 (null) ] CS{Cell{0275c00e9f2f0d84b872955ea7531cd76aa1708c7f19e9781ff03939bd35ba547ee163420c80cd433a526ea8000000000a7d8c05c0e35fa6232047d340} bits: 1..268; refs: 0..0} C{A7EC01478F770EF8F8B037CC7E42F0ABF0D85A50E1828C2394DAD1411691F2DE} C{D992502B94EA96E7B34E5D62FFB0C6FC73D78B3E61F11F0848FB3A1EB1AFC912} [ 59871698 (null) ] 0 (null) [ CS{Cell{004dd06600000000000000000000000080000000000000fa00000000000001f4000000000003d09040} bits: 9..305; refs: 0..0} (null) CS{Cell{0094d1000000000000006400000000000f4240de000000002710000000000000000f42400000000002160ec0000000000000271000000000002625a00000000005f5e100000000003b9aca00} bits: 0..592; refs: 0..0} CS{Cell{0094d100000000000000640000000000009c40de000000000190000000000000000f424000000000000f4240000000000000271000000000009896800000000005f5e100000000003b9aca00} bits: 0..592; refs: 0..0} CS{Cell{0042ea000000000098968000000000271000000000000f424000000001800055555555} bits: 0..264; refs: 0..0} CS{Cell{0042ea0000000000061a800000000001900000000000009c4000000001800055555555} bits: 0..264; refs: 0..0} (null) ] 0 (null) ]\n' +
          '[ 4][t 0][2024-10-30 23:27:17.967000][transaction.cpp:1675]\tstarting VM\n' +
          '[ 4][t 0][2024-10-30 23:27:17.967000][transaction.cpp:1680]\tVM terminated with exit code 0\n' +
          '[ 3][t 0][2024-10-30 23:27:17.967000][transaction.cpp:1702]\tsteps: 5 gas: used=309, max=1000000, limit=149679, credit=0\n' +
          '[ 3][t 0][2024-10-30 23:27:17.967000][transaction.cpp:1704]\tout_of_gas=false, accepted=true, success=true, time=0.000015s\n' +
          '[ 4][t 0][2024-10-30 23:27:17.967000][transaction.cpp:1737]\tgas fees: 123600 = 26214400 * 309 /2^16 ; price=26214400; flat rate=[40000 for 100]; remaining balance=999999854620705ng\n',
        vmLogs: 'execute SETCP 0\n' +
          'execute DICTPUSHCONST 19 (xC_,1)\n' +
          'execute DICTIGETJMPZ\n' +
          'execute DROP\n' +
          'execute implicit RET\n',
        debugLogs: '',
        events: [],
        parent: {
          address: 37254810366437813475271750514734067285117962570475561289538093995582013161784n,
          lt: 42000000n,
          prevTransactionHash: 6503745684340580993161725156059830018655022175588282100987961984317665384943n,
          prevTransactionLt: 38000000n,
          now: 1732922837,
          outMessagesCount: 2,
          oldStatus: 'active',
          endStatus: 'active',
          inMessage: [Object],
          outMessages: [Dictionary],
          totalFees: [Object],
          stateUpdate: [Object],
          description: [Object],
          raw: x{7525D79B589F1D73B879432CD1A596C0F9C42CF460467BBB795DA5A20C021C138000000000280DE800E60FD56F2D9522F6F7613B5D29980FFDCCCDB5CF823B12F6BAED62B2CFD19EF000000000243D580674A4DD5000547598D6C}
           x{E_}
            x{6800F99E4F01C1A7C3616D00B3681096094D190E846AE8B8DA0403AC5E7A4431E26D0014975E6D627C75CEE1E50CB346965B03E710B3D18119EEEDE57696883008704E101119EF88060DFF5E0000000004A62F82CE949BAAC_}
             x{2A004A0500000000000000000000000000000000000000000000000000000000000000000000000000000000C00814669C6B54FD8B2DD8E93AAA6E5DE45BD032703F7A61C194AB414089B0A7AA2}
            x{DD_}
             x{2_}
              x{6800A4BAF36B13E3AE770F28659A34B2D81F38859E8C08CF776F2BB4B441804382710020519A71AD53F62CB763A4EAA9B977916F40C9C0FDE9870652AD050226C29EA890FA19E1000608235A000000000501BD02CE949BAA4_}
             x{2_}
              x{6800A4BAF36B13E3AE770F28659A34B2D81F38859E8C08CF776F2BB4B44180438271003A7CBC3612E1CA557A9D4C735DAA85C231FC67A5E07FC0E4E6F4D6E951FB858D100E4647480608235A000000000501BD04CE949BAA4_}
           x{721FC134FAA5A4C85801A4DB41854BC57C91EDC2FCAEFE4AA1E0B03C6EEB890767E848D558136D662EEF52673D92B60AFE9E3D3D1FDE2C7E40F25D9AAD1B6E6E71}
           x{040901119EF8987516A211_}
            x{4D7F2C0AF1E00000000000000002E500000000000000000000000000000000000000000000000000000000000000000000000000000000000000000000000000000000000000000000000000000000}
            x{C9861A804C104698000000000006000200000004520F5BFAE2DB811E659CF17FB03F2335C3023F4A4B88DDB137FBD366D6D178EA40902C14_},
          hash: [Function: hash],
          blockchainLogs: '[ 4][t 0][2024-10-30 23:27:17.955000][transaction.cpp:443]\tunpacking account 525D79B589F1D73B879432CD1A596C0F9C42CF460467BBB795DA5A20C021C138\n' +
            '[ 4][t 0][2024-10-30 23:27:17.955000][transaction.cpp:274]\tlast_paid=1732922837; cells=234 bits=84033 public_cells=0\n' +
            '[ 4][t 0][2024-10-30 23:27:17.955000][transaction.cpp:504]\tend of Account.unpack() for 0:525D79B589F1D73B879432CD1A596C0F9C42CF460467BBB795DA5A20C021C138 (balance = 2100000000ng ; last_trans_lt = 38000000..38000005)\n' +
            '[ 4][t 0][2024-10-30 23:27:17.955000][transaction.cpp:3655]\tblock random seed set to 0000000000000000000000000000000000000000000000000000000000000000\n' +
            '[ 4][t 0][2024-10-30 23:27:17.955000][transaction.cpp:1236]\tgas limits: max=1000000, limit=179320, credit=0\n' +
            '[ 4][t 0][2024-10-30 23:27:17.955000][transaction.cpp:1575]\tin_msg_state is null\n' +
            '[ 4][t 0][2024-10-30 23:27:17.955000][transaction.cpp:1645]\tcreating VM\n' +
            '[ 4][t 0][2024-10-30 23:27:17.955000][transaction.cpp:1351]\tSmartContractInfo initialized with [ 124711402 0 0 1732922837 42000000 42000000 14068792954309835536948273256715513127174070948738620016199408580766834334284 [ 2171728098 (null) ] CS{Cell{0271c00525d79b589f1d73b879432cd1a596c0f9c42cf460467bbb795da5a20c021c1383d4c05210433a526ea800000000090f56151f4add401340} bits: 1..268; refs: 0..0} C{A7EC01478F770EF8F8B037CC7E42F0ABF0D85A50E1828C2394DAD1411691F2DE} C{42B6F0E46484EFC57B9508F6BA7EF42E7512023D5CB4ED5628DD1C7755D16E9D} [ 71728098 (null) ] 0 (null) [ CS{Cell{004dd06600000000000000000000000080000000000000fa00000000000001f4000000000003d09040} bits: 9..305; refs: 0..0} (null) CS{Cell{0094d1000000000000006400000000000f4240de000000002710000000000000000f42400000000002160ec0000000000000271000000000002625a00000000005f5e100000000003b9aca00} bits: 0..592; refs: 0..0} CS{Cell{0094d100000000000000640000000000009c40de000000000190000000000000000f424000000000000f4240000000000000271000000000009896800000000005f5e100000000003b9aca00} bits: 0..592; refs: 0..0} CS{Cell{0042ea000000000098968000000000271000000000000f424000000001800055555555} bits: 0..264; refs: 0..0} CS{Cell{0042ea0000000000061a800000000001900000000000009c4000000001800055555555} bits: 0..264; refs: 0..0} (null) ] 0 (null) ]\n' +
            '[ 4][t 0][2024-10-30 23:27:17.956000][transaction.cpp:1675]\tstarting VM\n' +
            '[ 4][t 0][2024-10-30 23:27:17.956000][transaction.cpp:1680]\tVM terminated with exit code 0\n' +
            '[ 3][t 0][2024-10-30 23:27:17.956000][transaction.cpp:1702]\tsteps: 741 gas: used=27641, max=1000000, limit=179320, credit=0\n' +
            '[ 3][t 0][2024-10-30 23:27:17.956000][transaction.cpp:1704]\tout_of_gas=false, accepted=true, success=true, time=0.000753s\n' +
            '[ 4][t 0][2024-10-30 23:27:17.956000][transaction.cpp:1737]\tgas fees: 11056400 = 26214400 * 27641 /2^16 ; price=26214400; flat rate=[40000 for 100]; remaining balance=2160671698ng\n' +
            '[ 3][t 0][2024-10-30 23:27:17.956000][transaction.cpp:2678]\tin try_action_reserve_currency(0)\n' +
            '[ 4][t 0][2024-10-30 23:27:17.956000][transaction.cpp:2684]\taction_reserve_currency: mode=0, reserve=1051000000ng, balance=2160671698ng, original balance=2100000000ng\n' +
            '[ 3][t 0][2024-10-30 23:27:17.957000][transaction.cpp:2729]\tchanged remaining balance to 1109671698ng, reserved balance to 1051000000ng\n' +
            '[ 4][t 0][2024-10-30 23:27:17.957000][transaction.cpp:2448]\tstorage paid for a message: 0 cells, 0 bits\n' +
            '[ 4][t 0][2024-10-30 23:27:17.957000][transaction.cpp:2452]\tcomputed fwd fees = 400000 + 0\n' +
            '[ 4][t 0][2024-10-30 23:27:17.957000][transaction.cpp:2448]\tstorage paid for a message: 0 cells, 0 bits\n' +
            '[ 4][t 0][2024-10-30 23:27:17.957000][transaction.cpp:2452]\tcomputed fwd fees = 400000 + 0\n',
          vmLogs: 'xecute EQUAL\n' +
            'execute THROWIF 137\n' +
            'execute PUSHPOW2 10\n' +
            'execute EQUAL\n' +
            'execute THROWIFNOT 136\n' +
            'execute STSLICER\n' +
            'execute ENDC\n' +
            'execute ROT\n' +
            'execute STREF\n' +
            'execute ENDC\n' +
            'execute SWAP\n' +
            'execute STREF\n' +
            'execute implicit RET\n' +
            'execute ENDC\n' +
            'execute POP c4\n' +
            'execute implicit RET\n',
          debugLogs: '',
          events: [Array],
          parent: [Object],
          children: [Array],
          externals: []
        },
        children: [],
        externals: []
      },
      {
        address: 82932696146371031528842022915703368160952877310224391173905811460306378520268n,
        lt: 47000000n,
        prevTransactionHash: 82884888225313188115276107937399727975649584256309740937344953459438297162567n,
        prevTransactionLt: 32000000n,
        now: 1732922837,
        outMessagesCount: 0,
        oldStatus: 'active',
        endStatus: 'active',
        inMessage: { info: [Object], init: null, body: x{} },
        outMessages: Dictionary { _key: [Object], _value: [Object], _map: Map(0) {} },
        totalFees: { coins: 274724n },
        stateUpdate: {
          oldHash: <Buffer c7 27 2d 03 48 ba 20 e2 20 46 3c 45 b1 53 9a 83 f3 82 42 d5 d4 ab 2b 19 63 dc 5a 0f ec a0 1c 41>,
          newHash: <Buffer 00 9d da b3 82 6a 2e 57 2c 0c cb 07 d7 88 dc c9 75 73 f2 a2 ba f0 fa e9 11 d0 38 19 bb 03 f8 0d>
        },
        description: {
          type: 'generic',
          creditFirst: false,
          storagePhase: [Object],
          creditPhase: [Object],
          computePhase: [Object],
          actionPhase: [Object],
          bouncePhase: undefined,
          aborted: false,
          destroyed: false
        },
        raw: x{7B75A3E1A6460F415CE3721F308920C4B456F3B977F39EB26CED9155308A976CC0000000002CD29C0B73F2F2C0B30A6307ABE5D80D6629FF400FE73B39470A5F76920377CE97223470000000001E84800674A4DD5000146086248}
         x{A_}
          x{6800A4BAF36B13E3AE770F28659A34B2D81F38859E8C08CF776F2BB4B44180438271002DD68F8699183D05738DC87CC2248312D15BCEE5DFCE7AC9B3B64554C22A5DB310E27F66000608235A0000000005204182CE949BAA4_}
         x{72C7272D0348BA20E220463C45B1539A83F38242D5D4AB2B1963DC5A0FECA01C41009DDAB3826A2E572C0CCB07D788DCC97573F2A2BAF0FAE911D03819BB03F80D}
         x{04C09395090E27F66018603C5A11_}
          x{4026AC3D090000000000000000000500000000000000000000000000000000000000000000000000000000000000000000000000000000000000000000000000000000000000000000000000000000}
          x{C00000000000000000000000012D452DA449E50B8CF7DD27861F146122AFE1B546BB8B70FC8216F0C614139F8E04_},
        hash: [Function: hash],
        blockchainLogs: '[ 4][t 0][2024-10-30 23:27:17.968000][transaction.cpp:443]\tunpacking account B75A3E1A6460F415CE3721F308920C4B456F3B977F39EB26CED9155308A976CC\n' +
          '[ 4][t 0][2024-10-30 23:27:17.968000][transaction.cpp:274]\tlast_paid=1730330837; cells=6 bits=821 public_cells=0\n' +
          '[ 4][t 0][2024-10-30 23:27:17.968000][transaction.cpp:504]\tend of Account.unpack() for 0:B75A3E1A6460F415CE3721F308920C4B456F3B977F39EB26CED9155308A976CC (balance = 999998880613600ng ; last_trans_lt = 32000000..32000001)\n' +
          '[ 4][t 0][2024-10-30 23:27:17.968000][transaction.cpp:3655]\tblock random seed set to 0000000000000000000000000000000000000000000000000000000000000000\n' +
          '[ 4][t 0][2024-10-30 23:27:17.968000][transaction.cpp:1236]\tgas limits: max=1000000, limit=1000000, credit=0\n' +
          '[ 4][t 0][2024-10-30 23:27:17.968000][transaction.cpp:1575]\tin_msg_state is null\n' +
          '[ 4][t 0][2024-10-30 23:27:17.968000][transaction.cpp:1645]\tcreating VM\n' +
          '[ 4][t 0][2024-10-30 23:27:17.968000][transaction.cpp:1351]\tSmartContractInfo initialized with [ 124711402 0 0 1732922837 47000000 47000000 21122878255675644108446800642276849919927819785129319861439300423341550034363 [ 999999830462476 (null) ] CS{Cell{0275c00b75a3e1a6460f415ce3721f308920c4b456f3b977f39eb26ced9155308a976cc20c80cd43391606a80000000007a12005c0e35f988381381340} bits: 1..268; refs: 0..0} C{A7EC01478F770EF8F8B037CC7E42F0ABF0D85A50E1828C2394DAD1411691F2DE} C{D992502B94EA96E7B34E5D62FFB0C6FC73D78B3E61F11F0848FB3A1EB1AFC912} [ 950000000 (null) ] 151124 (null) [ CS{Cell{004dd06600000000000000000000000080000000000000fa00000000000001f4000000000003d09040} bits: 9..305; refs: 0..0} (null) CS{Cell{0094d1000000000000006400000000000f4240de000000002710000000000000000f42400000000002160ec0000000000000271000000000002625a00000000005f5e100000000003b9aca00} bits: 0..592; refs: 0..0} CS{Cell{0094d100000000000000640000000000009c40de000000000190000000000000000f424000000000000f4240000000000000271000000000009896800000000005f5e100000000003b9aca00} bits: 0..592; refs: 0..0} CS{Cell{0042ea000000000098968000000000271000000000000f424000000001800055555555} bits: 0..264; refs: 0..0} CS{Cell{0042ea0000000000061a800000000001900000000000009c4000000001800055555555} bits: 0..264; refs: 0..0} (null) ] 0 (null) ]\n' +
          '[ 4][t 0][2024-10-30 23:27:17.969000][transaction.cpp:1675]\tstarting VM\n' +
          '[ 4][t 0][2024-10-30 23:27:17.969000][transaction.cpp:1680]\tVM terminated with exit code 0\n' +
          '[ 3][t 0][2024-10-30 23:27:17.969000][transaction.cpp:1702]\tsteps: 5 gas: used=309, max=1000000, limit=1000000, credit=0\n' +
          '[ 3][t 0][2024-10-30 23:27:17.969000][transaction.cpp:1704]\tout_of_gas=false, accepted=true, success=true, time=0.000016s\n' +
          '[ 4][t 0][2024-10-30 23:27:17.969000][transaction.cpp:1737]\tgas fees: 123600 = 26214400 * 309 /2^16 ; price=26214400; flat rate=[40000 for 100]; remaining balance=999999830338876ng\n',
        vmLogs: 'execute SETCP 0\n' +
          'execute DICTPUSHCONST 19 (xC_,1)\n' +
          'execute DICTIGETJMPZ\n' +
          'execute DROP\n' +
          'execute implicit RET\n',
        debugLogs: '',
        events: [],
        parent: {
          address: 37254810366437813475271750514734067285117962570475561289538093995582013161784n,
          lt: 43000000n,
          prevTransactionHash: 27463076852945280781622508437682891166999119920120026830308695753041783989229n,
          prevTransactionLt: 42000000n,
          now: 1732922837,
          outMessagesCount: 2,
          oldStatus: 'active',
          endStatus: 'active',
          inMessage: [Object],
          outMessages: [Dictionary],
          totalFees: [Object],
          stateUpdate: [Object],
          description: [Object],
          raw: x{7525D79B589F1D73B879432CD1A596C0F9C42CF460467BBB795DA5A20C021C13800000000029020C03CB78CF7CC26549038C9F60E6682FF6E94451F8739E3CA1BB7F9E1FCD3FEA3ED000000000280DE80674A4DD500054750B3CC}
           x{E_}
            x{6801C25D36B535BEF92116226484A49D03E01E5050FFC3053F6C298C080280A4EEF90014975E6D627C75CEE1E50CB346965B03E710B3D18119EEEDE57696883008704E101119EF88060DFF5E0000000004C4B402CE949BAAC_}
             x{2A004A0500000000000000010000000000000000000000000000000000000000000000000000000000000000400B75A3E1A6460F415CE3721F308920C4B456F3B977F39EB26CED9155308A976CC}
            x{DD_}
             x{2_}
              x{6800A4BAF36B13E3AE770F28659A34B2D81F38859E8C08CF776F2BB4B44180438271002DD68F8699183D05738DC87CC2248312D15BCEE5DFCE7AC9B3B64554C22A5DB310E27F66000608235A0000000005204182CE949BAA4_}
             x{2_}
              x{6800A4BAF36B13E3AE770F28659A34B2D81F38859E8C08CF776F2BB4B44180438271003A7CBC3612E1CA557A9D4C735DAA85C231FC67A5E07FC0E4E6F4D6E951FB858D100E57FA880608235A0000000005204184CE949BAA4_}
           x{72E848D558136D662EEF52673D92B60AFE9E3D3D1FDE2C7E40F25D9AAD1B6E6E7153C5563BAB2B6ACB6067D7750C9C72F1D4BBEA82BC8CF2AD7853F354921C639A}
           x{040901119EF89874890811_}
            x{4D248C0AF1E00000000000000002E500000000000000000000000000000000000000000000000000000000000000000000000000000000000000000000000000000000000000000000000000000000}
            x{C9861A804C10469800000000000600020000000450AF9D9EE3726931F26D844A6FCC649C60C9C4AD99D34E111DD9BC6BD3DB3ADC40902C14_},
          hash: [Function: hash],
          blockchainLogs: '[ 4][t 0][2024-10-30 23:27:17.959000][transaction.cpp:443]\tunpacking account 525D79B589F1D73B879432CD1A596C0F9C42CF460467BBB795DA5A20C021C138\n' +
            '[ 4][t 0][2024-10-30 23:27:17.959000][transaction.cpp:274]\tlast_paid=1732922837; cells=231 bits=83982 public_cells=0\n' +
            '[ 4][t 0][2024-10-30 23:27:17.959000][transaction.cpp:504]\tend of Account.unpack() for 0:525D79B589F1D73B879432CD1A596C0F9C42CF460467BBB795DA5A20C021C138 (balance = 1051000000ng ; last_trans_lt = 42000000..42000003)\n' +
            '[ 4][t 0][2024-10-30 23:27:17.959000][transaction.cpp:3655]\tblock random seed set to 0000000000000000000000000000000000000000000000000000000000000000\n' +
            '[ 4][t 0][2024-10-30 23:27:17.960000][transaction.cpp:1236]\tgas limits: max=1000000, limit=179320, credit=0\n' +
            '[ 4][t 0][2024-10-30 23:27:17.960000][transaction.cpp:1575]\tin_msg_state is null\n' +
            '[ 4][t 0][2024-10-30 23:27:17.960000][transaction.cpp:1645]\tcreating VM\n' +
            '[ 4][t 0][2024-10-30 23:27:17.960000][transaction.cpp:1351]\tSmartContractInfo initialized with [ 124711402 0 0 1732922837 43000000 43000000 14068792954309835536948273256715513127174070948738620016199408580766834334284 [ 1122728098 (null) ] CS{Cell{0271c00525d79b589f1d73b879432cd1a596c0f9c42cf460467bbb795da5a20c021c1383cec05203833a526ea8000000000a037a0d0fa93f301340} bits: 1..268; refs: 0..0} C{A7EC01478F770EF8F8B037CC7E42F0ABF0D85A50E1828C2394DAD1411691F2DE} C{42B6F0E46484EFC57B9508F6BA7EF42E7512023D5CB4ED5628DD1C7755D16E9D} [ 71728098 (null) ] 0 (null) [ CS{Cell{004dd06600000000000000000000000080000000000000fa00000000000001f4000000000003d09040} bits: 9..305; refs: 0..0} (null) CS{Cell{0094d1000000000000006400000000000f4240de000000002710000000000000000f42400000000002160ec0000000000000271000000000002625a00000000005f5e100000000003b9aca00} bits: 0..592; refs: 0..0} CS{Cell{0094d100000000000000640000000000009c40de000000000190000000000000000f424000000000000f4240000000000000271000000000009896800000000005f5e100000000003b9aca00} bits: 0..592; refs: 0..0} CS{Cell{0042ea000000000098968000000000271000000000000f424000000001800055555555} bits: 0..264; refs: 0..0} CS{Cell{0042ea0000000000061a800000000001900000000000009c4000000001800055555555} bits: 0..264; refs: 0..0} (null) ] 0 (null) ]\n' +
            '[ 4][t 0][2024-10-30 23:27:17.960000][transaction.cpp:1675]\tstarting VM\n' +
            '[ 4][t 0][2024-10-30 23:27:17.961000][transaction.cpp:1680]\tVM terminated with exit code 0\n' +
            '[ 3][t 0][2024-10-30 23:27:17.961000][transaction.cpp:1702]\tsteps: 741 gas: used=26916, max=1000000, limit=179320, credit=0\n' +
            '[ 3][t 0][2024-10-30 23:27:17.961000][transaction.cpp:1704]\tout_of_gas=false, accepted=true, success=true, time=0.000884s\n' +
            '[ 4][t 0][2024-10-30 23:27:17.961000][transaction.cpp:1737]\tgas fees: 10766400 = 26214400 * 26916 /2^16 ; price=26214400; flat rate=[40000 for 100]; remaining balance=1111961698ng\n' +
            '[ 3][t 0][2024-10-30 23:27:17.961000][transaction.cpp:2678]\tin try_action_reserve_currency(0)\n' +
            '[ 4][t 0][2024-10-30 23:27:17.961000][transaction.cpp:2684]\taction_reserve_currency: mode=0, reserve=101000000ng, balance=1111961698ng, original balance=1051000000ng\n' +
            '[ 3][t 0][2024-10-30 23:27:17.961000][transaction.cpp:2729]\tchanged remaining balance to 1010961698ng, reserved balance to 101000000ng\n' +
            '[ 4][t 0][2024-10-30 23:27:17.961000][transaction.cpp:2448]\tstorage paid for a message: 0 cells, 0 bits\n' +
            '[ 4][t 0][2024-10-30 23:27:17.961000][transaction.cpp:2452]\tcomputed fwd fees = 400000 + 0\n' +
            '[ 4][t 0][2024-10-30 23:27:17.961000][transaction.cpp:2448]\tstorage paid for a message: 0 cells, 0 bits\n' +
            '[ 4][t 0][2024-10-30 23:27:17.961000][transaction.cpp:2452]\tcomputed fwd fees = 400000 + 0\n',
          vmLogs: 'xecute EQUAL\n' +
            'execute THROWIF 137\n' +
            'execute PUSHPOW2 10\n' +
            'execute EQUAL\n' +
            'execute THROWIFNOT 136\n' +
            'execute STSLICER\n' +
            'execute ENDC\n' +
            'execute ROT\n' +
            'execute STREF\n' +
            'execute ENDC\n' +
            'execute SWAP\n' +
            'execute STREF\n' +
            'execute implicit RET\n' +
            'execute ENDC\n' +
            'execute POP c4\n' +
            'execute implicit RET\n',
          debugLogs: '',
          events: [Array],
          parent: [Object],
          children: [Array],
          externals: []
        },
        children: [],
        externals: []
      },
      {
        address: 105818132960003171416304597453717637701794574747475969910003481004036112389684n,
        lt: 48000000n,
        prevTransactionHash: 115569295358480421017288413454657731521770199876180001053150498932562815294185n,
        prevTransactionLt: 46000000n,
        now: 1732922837,
        outMessagesCount: 0,
        oldStatus: 'active',
        endStatus: 'active',
        inMessage: { info: [Object], init: null, body: x{} },
        outMessages: Dictionary { _key: [Object], _value: [Object], _map: Map(0) {} },
        totalFees: { coins: 123600n },
        stateUpdate: {
          oldHash: <Buffer 8d a3 65 83 44 e0 19 77 27 e6 6f 31 8f bb ba 97 44 a9 3f b0 69 8d 0b 56 cb f1 ed a0 99 1c 1f a4>,
          newHash: <Buffer c6 f6 aa 21 3b 8e dc 33 a1 e9 aa 51 9b c9 1f c7 97 f2 4a 03 5e 16 64 59 96 e3 04 3e 65 63 61 42>
        },
        description: {
          type: 'generic',
          creditFirst: false,
          storagePhase: [Object],
          creditPhase: [Object],
          computePhase: [Object],
          actionPhase: [Object],
          bouncePhase: undefined,
          aborted: false,
          destroyed: false
        },
        raw: x{7E9F2F0D84B872955EA7531CD76AA1708C7F19E9781FF03939BD35BA547EE16340000000002DC6C00FF81E733BE2C9F2DEFE297D93126CC6F962010E2799C29E5A477967AAA331AE90000000002BDE780674A4DD500014603C5A0}
         x{A_}
          x{6800A4BAF36B13E3AE770F28659A34B2D81F38859E8C08CF776F2BB4B44180438271003A7CBC3612E1CA557A9D4C735DAA85C231FC67A5E07FC0E4E6F4D6E951FB858D100E57FA880608235A0000000005204184CE949BAA4_}
         x{728DA3658344E0197727E66F318FBBBA9744A93FB0698D0B56CBF1EDA0991C1FA4C6F6AA213B8EDC33A1E9AA519BC91FC797F24A035E16645996E3043E65636142}
         x{040900E57FA898603C5A11_}
          x{4026AC092E1000000000000000000500000000000000000000000000000000000000000000000000000000000000000000000000000000000000000000000000000000000000000000000000000000}
          x{C00000000000000000000000012D452DA449E50B8CF7DD27861F146122AFE1B546BB8B70FC8216F0C614139F8E04_},
        hash: [Function: hash],
        blockchainLogs: '[ 4][t 0][2024-10-30 23:27:17.970000][transaction.cpp:443]\tunpacking account E9F2F0D84B872955EA7531CD76AA1708C7F19E9781FF03939BD35BA547EE1634\n' +
          '[ 4][t 0][2024-10-30 23:27:17.970000][transaction.cpp:274]\tlast_paid=1732922837; cells=6 bits=821 public_cells=0\n' +
          '[ 4][t 0][2024-10-30 23:27:17.970000][transaction.cpp:504]\tend of Account.unpack() for 0:E9F2F0D84B872955EA7531CD76AA1708C7F19E9781FF03939BD35BA547EE1634 (balance = 999999854620705ng ; last_trans_lt = 46000000..46000001)\n' +
          '[ 4][t 0][2024-10-30 23:27:17.970000][transaction.cpp:3655]\tblock random seed set to 0000000000000000000000000000000000000000000000000000000000000000\n' +
          '[ 4][t 0][2024-10-30 23:27:17.970000][transaction.cpp:1236]\tgas limits: max=1000000, limit=150404, credit=0\n' +
          '[ 4][t 0][2024-10-30 23:27:17.970000][transaction.cpp:1575]\tin_msg_state is null\n' +
          '[ 4][t 0][2024-10-30 23:27:17.970000][transaction.cpp:1645]\tcreating VM\n' +
          '[ 4][t 0][2024-10-30 23:27:17.970000][transaction.cpp:1351]\tSmartContractInfo initialized with [ 124711402 0 0 1732922837 48000000 48000000 60210483465141978598827679003117970236339845468170532052053411751718225576024 [ 999999914782403 (null) ] CS{Cell{0275c00e9f2f0d84b872955ea7531cd76aa1708c7f19e9781ff03939bd35ba547ee163420c80cd433a526ea8000000000af79e05c0e35fa7070c085340} bits: 1..268; refs: 0..0} C{A7EC01478F770EF8F8B037CC7E42F0ABF0D85A50E1828C2394DAD1411691F2DE} C{D992502B94EA96E7B34E5D62FFB0C6FC73D78B3E61F11F0848FB3A1EB1AFC912} [ 60161698 (null) ] 0 (null) [ CS{Cell{004dd06600000000000000000000000080000000000000fa00000000000001f4000000000003d09040} bits: 9..305; refs: 0..0} (null) CS{Cell{0094d1000000000000006400000000000f4240de000000002710000000000000000f42400000000002160ec0000000000000271000000000002625a00000000005f5e100000000003b9aca00} bits: 0..592; refs: 0..0} CS{Cell{0094d100000000000000640000000000009c40de000000000190000000000000000f424000000000000f4240000000000000271000000000009896800000000005f5e100000000003b9aca00} bits: 0..592; refs: 0..0} CS{Cell{0042ea000000000098968000000000271000000000000f424000000001800055555555} bits: 0..264; refs: 0..0} CS{Cell{0042ea0000000000061a800000000001900000000000009c4000000001800055555555} bits: 0..264; refs: 0..0} (null) ] 0 (null) ]\n' +
          '[ 4][t 0][2024-10-30 23:27:17.970000][transaction.cpp:1675]\tstarting VM\n' +
          '[ 4][t 0][2024-10-30 23:27:17.970000][transaction.cpp:1680]\tVM terminated with exit code 0\n' +
          '[ 3][t 0][2024-10-30 23:27:17.970000][transaction.cpp:1702]\tsteps: 5 gas: used=309, max=1000000, limit=150404, credit=0\n' +
          '[ 3][t 0][2024-10-30 23:27:17.970000][transaction.cpp:1704]\tout_of_gas=false, accepted=true, success=true, time=0.000016s\n' +
          '[ 4][t 0][2024-10-30 23:27:17.970000][transaction.cpp:1737]\tgas fees: 123600 = 26214400 * 309 /2^16 ; price=26214400; flat rate=[40000 for 100]; remaining balance=999999914658803ng\n',
        vmLogs: 'execute SETCP 0\n' +
          'execute DICTPUSHCONST 19 (xC_,1)\n' +
          'execute DICTIGETJMPZ\n' +
          'execute DROP\n' +
          'execute implicit RET\n',
        debugLogs: '',
        events: [],
        parent: {
          address: 37254810366437813475271750514734067285117962570475561289538093995582013161784n,
          lt: 43000000n,
          prevTransactionHash: 27463076852945280781622508437682891166999119920120026830308695753041783989229n,
          prevTransactionLt: 42000000n,
          now: 1732922837,
          outMessagesCount: 2,
          oldStatus: 'active',
          endStatus: 'active',
          inMessage: [Object],
          outMessages: [Dictionary],
          totalFees: [Object],
          stateUpdate: [Object],
          description: [Object],
          raw: x{7525D79B589F1D73B879432CD1A596C0F9C42CF460467BBB795DA5A20C021C13800000000029020C03CB78CF7CC26549038C9F60E6682FF6E94451F8739E3CA1BB7F9E1FCD3FEA3ED000000000280DE80674A4DD500054750B3CC}
           x{E_}
            x{6801C25D36B535BEF92116226484A49D03E01E5050FFC3053F6C298C080280A4EEF90014975E6D627C75CEE1E50CB346965B03E710B3D18119EEEDE57696883008704E101119EF88060DFF5E0000000004C4B402CE949BAAC_}
             x{2A004A0500000000000000010000000000000000000000000000000000000000000000000000000000000000400B75A3E1A6460F415CE3721F308920C4B456F3B977F39EB26CED9155308A976CC}
            x{DD_}
             x{2_}
              x{6800A4BAF36B13E3AE770F28659A34B2D81F38859E8C08CF776F2BB4B44180438271002DD68F8699183D05738DC87CC2248312D15BCEE5DFCE7AC9B3B64554C22A5DB310E27F66000608235A0000000005204182CE949BAA4_}
             x{2_}
              x{6800A4BAF36B13E3AE770F28659A34B2D81F38859E8C08CF776F2BB4B44180438271003A7CBC3612E1CA557A9D4C735DAA85C231FC67A5E07FC0E4E6F4D6E951FB858D100E57FA880608235A0000000005204184CE949BAA4_}
           x{72E848D558136D662EEF52673D92B60AFE9E3D3D1FDE2C7E40F25D9AAD1B6E6E7153C5563BAB2B6ACB6067D7750C9C72F1D4BBEA82BC8CF2AD7853F354921C639A}
           x{040901119EF89874890811_}
            x{4D248C0AF1E00000000000000002E500000000000000000000000000000000000000000000000000000000000000000000000000000000000000000000000000000000000000000000000000000000}
            x{C9861A804C10469800000000000600020000000450AF9D9EE3726931F26D844A6FCC649C60C9C4AD99D34E111DD9BC6BD3DB3ADC40902C14_},
          hash: [Function: hash],
          blockchainLogs: '[ 4][t 0][2024-10-30 23:27:17.959000][transaction.cpp:443]\tunpacking account 525D79B589F1D73B879432CD1A596C0F9C42CF460467BBB795DA5A20C021C138\n' +
            '[ 4][t 0][2024-10-30 23:27:17.959000][transaction.cpp:274]\tlast_paid=1732922837; cells=231 bits=83982 public_cells=0\n' +
            '[ 4][t 0][2024-10-30 23:27:17.959000][transaction.cpp:504]\tend of Account.unpack() for 0:525D79B589F1D73B879432CD1A596C0F9C42CF460467BBB795DA5A20C021C138 (balance = 1051000000ng ; last_trans_lt = 42000000..42000003)\n' +
            '[ 4][t 0][2024-10-30 23:27:17.959000][transaction.cpp:3655]\tblock random seed set to 0000000000000000000000000000000000000000000000000000000000000000\n' +
            '[ 4][t 0][2024-10-30 23:27:17.960000][transaction.cpp:1236]\tgas limits: max=1000000, limit=179320, credit=0\n' +
            '[ 4][t 0][2024-10-30 23:27:17.960000][transaction.cpp:1575]\tin_msg_state is null\n' +
            '[ 4][t 0][2024-10-30 23:27:17.960000][transaction.cpp:1645]\tcreating VM\n' +
            '[ 4][t 0][2024-10-30 23:27:17.960000][transaction.cpp:1351]\tSmartContractInfo initialized with [ 124711402 0 0 1732922837 43000000 43000000 14068792954309835536948273256715513127174070948738620016199408580766834334284 [ 1122728098 (null) ] CS{Cell{0271c00525d79b589f1d73b879432cd1a596c0f9c42cf460467bbb795da5a20c021c1383cec05203833a526ea8000000000a037a0d0fa93f301340} bits: 1..268; refs: 0..0} C{A7EC01478F770EF8F8B037CC7E42F0ABF0D85A50E1828C2394DAD1411691F2DE} C{42B6F0E46484EFC57B9508F6BA7EF42E7512023D5CB4ED5628DD1C7755D16E9D} [ 71728098 (null) ] 0 (null) [ CS{Cell{004dd06600000000000000000000000080000000000000fa00000000000001f4000000000003d09040} bits: 9..305; refs: 0..0} (null) CS{Cell{0094d1000000000000006400000000000f4240de000000002710000000000000000f42400000000002160ec0000000000000271000000000002625a00000000005f5e100000000003b9aca00} bits: 0..592; refs: 0..0} CS{Cell{0094d100000000000000640000000000009c40de000000000190000000000000000f424000000000000f4240000000000000271000000000009896800000000005f5e100000000003b9aca00} bits: 0..592; refs: 0..0} CS{Cell{0042ea000000000098968000000000271000000000000f424000000001800055555555} bits: 0..264; refs: 0..0} CS{Cell{0042ea0000000000061a800000000001900000000000009c4000000001800055555555} bits: 0..264; refs: 0..0} (null) ] 0 (null) ]\n' +
            '[ 4][t 0][2024-10-30 23:27:17.960000][transaction.cpp:1675]\tstarting VM\n' +
            '[ 4][t 0][2024-10-30 23:27:17.961000][transaction.cpp:1680]\tVM terminated with exit code 0\n' +
            '[ 3][t 0][2024-10-30 23:27:17.961000][transaction.cpp:1702]\tsteps: 741 gas: used=26916, max=1000000, limit=179320, credit=0\n' +
            '[ 3][t 0][2024-10-30 23:27:17.961000][transaction.cpp:1704]\tout_of_gas=false, accepted=true, success=true, time=0.000884s\n' +
            '[ 4][t 0][2024-10-30 23:27:17.961000][transaction.cpp:1737]\tgas fees: 10766400 = 26214400 * 26916 /2^16 ; price=26214400; flat rate=[40000 for 100]; remaining balance=1111961698ng\n' +
            '[ 3][t 0][2024-10-30 23:27:17.961000][transaction.cpp:2678]\tin try_action_reserve_currency(0)\n' +
            '[ 4][t 0][2024-10-30 23:27:17.961000][transaction.cpp:2684]\taction_reserve_currency: mode=0, reserve=101000000ng, balance=1111961698ng, original balance=1051000000ng\n' +
            '[ 3][t 0][2024-10-30 23:27:17.961000][transaction.cpp:2729]\tchanged remaining balance to 1010961698ng, reserved balance to 101000000ng\n' +
            '[ 4][t 0][2024-10-30 23:27:17.961000][transaction.cpp:2448]\tstorage paid for a message: 0 cells, 0 bits\n' +
            '[ 4][t 0][2024-10-30 23:27:17.961000][transaction.cpp:2452]\tcomputed fwd fees = 400000 + 0\n' +
            '[ 4][t 0][2024-10-30 23:27:17.961000][transaction.cpp:2448]\tstorage paid for a message: 0 cells, 0 bits\n' +
            '[ 4][t 0][2024-10-30 23:27:17.961000][transaction.cpp:2452]\tcomputed fwd fees = 400000 + 0\n',
          vmLogs: 'xecute EQUAL\n' +
            'execute THROWIF 137\n' +
            'execute PUSHPOW2 10\n' +
            'execute EQUAL\n' +
            'execute THROWIFNOT 136\n' +
            'execute STSLICER\n' +
            'execute ENDC\n' +
            'execute ROT\n' +
            'execute STREF\n' +
            'execute ENDC\n' +
            'execute SWAP\n' +
            'execute STREF\n' +
            'execute implicit RET\n' +
            'execute ENDC\n' +
            'execute POP c4\n' +
            'execute implicit RET\n',
          debugLogs: '',
          events: [Array],
          parent: [Object],
          children: [Array],
          externals: []
        },
        children: [],
        externals: []
      }
    ]

      at proceedDeal (tests/MarketTon.spec.ts:2082:17)

  console.log
    [
      {
        type: 'message_sent',
        from: EQDp8vDYS4cpVep1Mc12qhcIx_Gel4H_A5Ob01ulR-4WNMml,
        to: EQBSXXm1ifHXO4eUMs0aWWwPnELPRgRnu7eV2logwCHBOBBt,
        value: 1000000000n,
        body: x{E9626FBA000000000000000000000000}
         x{03DF94AA22408F0D180000001937A4008084_}
         x{03DF94AA23405F5E100000001937A4008084_},
        bounced: false
      },
      {
        type: 'message_sent',
        from: EQBSXXm1ifHXO4eUMs0aWWwPnELPRgRnu7eV2logwCHBOBBt,
        to: EQASWIYDJyUJTnnETBq5ZC_hy_G_TXfbJcNF3b56jIC81Pj2,
        value: 982832763n,
        body: x{03DF94AA000000000000000022408F0D180000001937A40080811A02FAF080000000C9BD2004042_}
         x{},
        bounced: false
      },
      {
        type: 'message_sent',
        from: EQASWIYDJyUJTnnETBq5ZC_hy_G_TXfbJcNF3b56jIC81Pj2,
        to: EQBSXXm1ifHXO4eUMs0aWWwPnELPRgRnu7eV2logwCHBOBBt,
        value: 978464763n,
        body: x{935FA9D10000000000000000}
         x{00000000000000000000000000000000000000000000000000000000000000220000000000000000000000000000000000000000000000000000000008F0D18001937A400808}
         x{00000000000000000000000000000000000000000000000000000000000000230000000000000000000000000000000000000000000000000000000005F5E10001937A400808},
        bounced: false
      },
      {
        type: 'message_sent',
        from: EQBSXXm1ifHXO4eUMs0aWWwPnELPRgRnu7eV2logwCHBOBBt,
        to: EQC50kw8CkUnsCDgJcqVYTHF61CBKRFXwl_Xlh3y0DobarlX,
        value: 966133163n,
        body: x{E601F8E50000000000000000},
        bounced: false
      },
      {
        type: 'message_sent',
        from: EQC50kw8CkUnsCDgJcqVYTHF61CBKRFXwl_Xlh3y0DobarlX,
        to: EQBSXXm1ifHXO4eUMs0aWWwPnELPRgRnu7eV2logwCHBOBBt,
        value: 960892531n,
        body: x{B687AB17000000000000000000000000}
         x{02202FAF080202FAF08021DCD65001CC4B4021DCD65003391606AB397F7EAB391606AB3A526EA80000000800000004_}
          x{801028CD38D6A9FB165BB1D27554DCBBC8B7A064E07EF4C3832956828113614F545_},
        bounced: false
      },
      {
        type: 'message_sent',
        from: EQBSXXm1ifHXO4eUMs0aWWwPnELPRgRnu7eV2logwCHBOBBt,
        to: EQB8zyeA4NPhsLaAWbQISwSmjIdCNXRcbQIB1i89IhjxNhei,
        value: 67521600n,
        body: x{BC26F4C80000000000000000},
        bounced: false
      },
      {
        type: 'message_sent',
        from: EQBSXXm1ifHXO4eUMs0aWWwPnELPRgRnu7eV2logwCHBOBBt,
        to: EQDhLptamt98kIsRMkJSToHwDygof-GCn7YUxgQBQFJ3fLZb,
        value: 67521600n,
        body: x{BC26F4C80000000000000001},
        bounced: false
      },
      {
        type: 'message_sent',
        from: EQBSXXm1ifHXO4eUMs0aWWwPnELPRgRnu7eV2logwCHBOBBt,
        to: EQC50kw8CkUnsCDgJcqVYTHF61CBKRFXwl_Xlh3y0DobarlX,
        value: 791210531n,
        body: x{B8A3AA140000000000000000801D3E5E1B0970E52ABD4EA639AED542E118FE33D2F03FE072737A6B74A8FDC2C69_},
        bounced: false
      },
      {
        type: 'message_sent',
        from: EQB8zyeA4NPhsLaAWbQISwSmjIdCNXRcbQIB1i89IhjxNhei,
        to: EQBSXXm1ifHXO4eUMs0aWWwPnELPRgRnu7eV2logwCHBOBBt,
        value: 71728098n,
        body: x{2A004A0500000000000000000000000000000000000000000000000000000000000000000000000000000000C00814669C6B54FD8B2DD8E93AAA6E5DE45BD032703F7A61C194AB414089B0A7AA2},
        bounced: false
      },
      {
        type: 'message_sent',
        from: EQDhLptamt98kIsRMkJSToHwDygof-GCn7YUxgQBQFJ3fLZb,
        to: EQBSXXm1ifHXO4eUMs0aWWwPnELPRgRnu7eV2logwCHBOBBt,
        value: 71728098n,
        body: x{2A004A0500000000000000010000000000000000000000000000000000000000000000000000000000000000400B75A3E1A6460F415CE3721F308920C4B456F3B977F39EB26CED9155308A976CC},
        bounced: false
      },
      {
        type: 'message_sent',
        from: EQC50kw8CkUnsCDgJcqVYTHF61CBKRFXwl_Xlh3y0DobarlX,
        to: EQDp8vDYS4cpVep1Mc12qhcIx_Gel4H_A5Ob01ulR-4WNMml,
        value: 797411731n,
        body: x{},
        bounced: false
      },
      {
        type: 'account_destroyed',
        account: EQC50kw8CkUnsCDgJcqVYTHF61CBKRFXwl_Xlh3y0DobarlX
      },
      {
        type: 'message_sent',
        from: EQBSXXm1ifHXO4eUMs0aWWwPnELPRgRnu7eV2logwCHBOBBt,
        to: EQCBRmnGtU_Yst2Ok6qm5d5FvQMnA_emHBlKtBQImwp6oicf,
        value: 1049000000n,
        body: x{},
        bounced: false
      },
      {
        type: 'message_sent',
        from: EQBSXXm1ifHXO4eUMs0aWWwPnELPRgRnu7eV2logwCHBOBBt,
        to: EQDp8vDYS4cpVep1Mc12qhcIx_Gel4H_A5Ob01ulR-4WNMml,
        value: 59871698n,
        body: x{},
        bounced: false
      },
      {
        type: 'message_sent',
        from: EQBSXXm1ifHXO4eUMs0aWWwPnELPRgRnu7eV2logwCHBOBBt,
        to: EQC3Wj4aZGD0Fc43IfMIkgxLRW87l3856ybO2RVTCKl2zDIR,
        value: 950000000n,
        body: x{},
        bounced: false
      },
      {
        type: 'message_sent',
        from: EQBSXXm1ifHXO4eUMs0aWWwPnELPRgRnu7eV2logwCHBOBBt,
        to: EQDp8vDYS4cpVep1Mc12qhcIx_Gel4H_A5Ob01ulR-4WNMml,
        value: 60161698n,
        body: x{},
        bounced: false
      }
    ]

      at proceedDeal (tests/MarketTon.spec.ts:2083:17)

  console.log
    User fee :-0.085341197

      at proceedDeal (tests/MarketTon.spec.ts:2086:17)

  console.log
    User fee :-0.035626

      at createDeal (tests/MarketTon.spec.ts:1954:17)

  console.log
    User fee :-0.1193864

      at takeDeal (tests/MarketTon.spec.ts:2019:17)

  console.log
    [
      {
        address: 105818132960003171416304597453717637701794574747475969910003481004036112389684n,
        lt: 33000000n,
        prevTransactionHash: 94045534156665869008506292488354610570630254247776108620979654007599008584930n,
        prevTransactionLt: 9000000n,
        now: 1732922838,
        outMessagesCount: 1,
        oldStatus: 'active',
        endStatus: 'active',
        inMessage: {
          info: [Object],
          init: null,
          body: x{579378ED124D4474AEAC829C138B5598B5168CF79FD305630FA5D54299276449C_}
           x{D001}
            x{6200292EBCDAC4F8EB9DC3CA19668D2CB607CE2167A30233DDDBCAED2D106010E09C21DCD6500000000000000000000000000000E9626FBA000000000000000000000000}
             x{03DF94AA22408F0D180000001937A400BF04_}
             x{03DF94AA23405F5E100000001937A400BF04_}
        },
        outMessages: Dictionary { _key: [Object], _value: [Object], _map: [Map] },
        totalFees: { coins: 2020320n },
        stateUpdate: {
          oldHash: <Buffer 28 37 b4 b7 b0 36 13 04 5f ea 56 8f c2 8d c7 ea c7 4a 00 49 74 f7 c7 68 b3 94 77 d9 a0 fa 51 2e>,
          newHash: <Buffer ba 3c 08 4e 46 a1 1f 26 73 ba 63 64 ea 0a 86 5d fa 6a 8e 76 d4 df 03 ad 13 39 7f 37 97 7c 26 ec>
        },
        description: {
          type: 'generic',
          creditFirst: true,
          storagePhase: [Object],
          creditPhase: undefined,
          computePhase: [Object],
          actionPhase: [Object],
          bouncePhase: undefined,
          aborted: false,
          destroyed: false
        },
        raw: x{7E9F2F0D84B872955EA7531CD76AA1708C7F19E9781FF03939BD35BA547EE16340000000001F78A40CFEBE2D162C9B29B11874A7F386D1E62607C34DB98612AAA0FA2ACE1763C14E20000000000895440674A4DD60003463DA7C0}
         x{E_}
          x{8801D3E5E1B0970E52ABD4EA639AED542E118FE33D2F03FE072737A6B74A8FDC2C6802BC9BC768926A23A5756414E09C5AACC5A8B467BCFE982B187D2EAA14C93B224E_}
           x{D001}
            x{6200292EBCDAC4F8EB9DC3CA19668D2CB607CE2167A30233DDDBCAED2D106010E09C21DCD6500000000000000000000000000000E9626FBA000000000000000000000000}
             x{03DF94AA22408F0D180000001937A400BF04_}
             x{03DF94AA23405F5E100000001937A400BF04_}
          x{DF_}
           x{6801D3E5E1B0970E52ABD4EA639AED542E118FE33D2F03FE072737A6B74A8FDC2C690014975E6D627C75CEE1E50CB346965B03E710B3D18119EEEDE57696883008704E10EE6B2800060C0F880000000003EF1482CE949BAC74B137DD0000000000000000000000004_}
            x{03DF94AA22408F0D180000001937A400BF04_}
            x{03DF94AA23405F5E100000001937A400BF04_}
         x{722837B4B7B03613045FEA568FC28DC7EAC74A004974F7C768B39477D9A0FA512EBA3C084E46A11F2673BA6364EA0A865DFA6A8E76D4DF03AD13397F37977C26EC}
         x{0CC0939506185E94844_}
          x{40F223138800000000000000000C800000000000000000000000000000000000000000000000000000000000000000000000000000000000000000000000000000000000000000000000000000002_}
          x{C98485D04C0C0F700000000000020000000000024019C9799873C47FC363D268E900801C2B451FDC4461668E28A8F50CDADE98A640D022DC_},
        hash: [Function: hash],
        blockchainLogs: '[ 4][t 0][2024-10-30 23:27:18.576000][transaction.cpp:443]\tunpacking account E9F2F0D84B872955EA7531CD76AA1708C7F19E9781FF03939BD35BA547EE1634\n' +
          '[ 4][t 0][2024-10-30 23:27:18.576000][transaction.cpp:274]\tlast_paid=1730330838; cells=6 bits=821 public_cells=0\n' +
          '[ 4][t 0][2024-10-30 23:27:18.576000][transaction.cpp:504]\tend of Account.unpack() for 0:E9F2F0D84B872955EA7531CD76AA1708C7F19E9781FF03939BD35BA547EE1634 (balance = 1000000000000000ng ; last_trans_lt = 9000000..9000001)\n' +
          '[ 4][t 0][2024-10-30 23:27:18.576000][transaction.cpp:3655]\tblock random seed set to 0000000000000000000000000000000000000000000000000000000000000000\n' +
          '[ 4][t 0][2024-10-30 23:27:18.576000][transaction.cpp:788]\tstorage paid for a message: 4 cells, 842 bits\n' +
          '[ 4][t 0][2024-10-30 23:27:18.576000][transaction.cpp:802]\tcomputed fwd fees = 896800 + 0\n' +
          '[ 4][t 0][2024-10-30 23:27:18.576000][transaction.cpp:1236]\tgas limits: max=1000000, limit=0, credit=10000\n' +
          '[ 4][t 0][2024-10-30 23:27:18.576000][transaction.cpp:1575]\tin_msg_state is null\n' +
          '[ 4][t 0][2024-10-30 23:27:18.576000][transaction.cpp:1645]\tcreating VM\n' +
          '[ 4][t 0][2024-10-30 23:27:18.576000][transaction.cpp:1351]\tSmartContractInfo initialized with [ 124711402 0 0 1732922838 33000000 33000000 60210483465141978598827679003117970236339845468170532052053411751718225576024 [ 999999998952076 (null) ] CS{Cell{0275c00e9f2f0d84b872955ea7531cd76aa1708c7f19e9781ff03939bd35ba547ee163420c80cd43391606b00000000002255105c0e35fa931a0001340} bits: 1..268; refs: 0..0} C{A7EC01478F770EF8F8B037CC7E42F0ABF0D85A50E1828C2394DAD1411691F2DE} C{D992502B94EA96E7B34E5D62FFB0C6FC73D78B3E61F11F0848FB3A1EB1AFC912} [ 0 (null) ] 151124 (null) [ CS{Cell{004dd06600000000000000000000000080000000000000fa00000000000001f4000000000003d09040} bits: 9..305; refs: 0..0} (null) CS{Cell{0094d1000000000000006400000000000f4240de000000002710000000000000000f42400000000002160ec0000000000000271000000000002625a00000000005f5e100000000003b9aca00} bits: 0..592; refs: 0..0} CS{Cell{0094d100000000000000640000000000009c40de000000000190000000000000000f424000000000000f4240000000000000271000000000009896800000000005f5e100000000003b9aca00} bits: 0..592; refs: 0..0} CS{Cell{0042ea000000000098968000000000271000000000000f424000000001800055555555} bits: 0..264; refs: 0..0} CS{Cell{0042ea0000000000061a800000000001900000000000009c4000000001800055555555} bits: 0..264; refs: 0..0} (null) ] 0 (null) ]\n' +
          '[ 4][t 0][2024-10-30 23:27:18.576000][transaction.cpp:1675]\tstarting VM\n' +
          '[ 4][t 0][2024-10-30 23:27:18.576000][transaction.cpp:1680]\tVM terminated with exit code 0\n' +
          '[ 3][t 0][2024-10-30 23:27:18.576000][transaction.cpp:1702]\tsteps: 50 gas: used=1937, max=1000000, limit=1000000, credit=0\n' +
          '[ 3][t 0][2024-10-30 23:27:18.576000][transaction.cpp:1704]\tout_of_gas=false, accepted=true, success=true, time=0.000081s\n' +
          '[ 4][t 0][2024-10-30 23:27:18.576000][transaction.cpp:1737]\tgas fees: 774800 = 26214400 * 1937 /2^16 ; price=26214400; flat rate=[40000 for 100]; remaining balance=999999998177276ng\n' +
          '[ 4][t 0][2024-10-30 23:27:18.576000][transaction.cpp:2448]\tstorage paid for a message: 2 cells, 282 bits\n' +
          '[ 4][t 0][2024-10-30 23:27:18.576000][transaction.cpp:2452]\tcomputed fwd fees = 592800 + 0\n',
        vmLogs: 'ULLSWAPIFNOT2\n' +
          'execute DUP\n' +
          'execute PUSHCONT x02D307D43001FB00\n' +
          'execute PUSHCONT x32\n' +
          'execute IFELSE\n' +
          'execute POP s2\n' +
          'execute implicit RET\n' +
          'execute SWAP\n' +
          'execute NOT\n' +
          'execute implicit RET\n' +
          'until loop body end\n' +
          'until loop terminated\n' +
          'execute 2DROP\n' +
          'execute implicit RET\n',
        debugLogs: '',
        events: [ [Object] ],
        parent: undefined,
        children: [ [Object] ],
        externals: []
      },
      {
        address: 37254810366437813475271750514734067285117962570475561289538093995582013161784n,
        lt: 34000000n,
        prevTransactionHash: 110970083769532688157009937886417015182018269635679629524351402084988200826458n,
        prevTransactionLt: 25000000n,
        now: 1732922838,
        outMessagesCount: 1,
        oldStatus: 'active',
        endStatus: 'active',
        inMessage: {
          info: [Object],
          init: null,
          body: x{E9626FBA000000000000000000000000}
           x{03DF94AA22408F0D180000001937A400BF04_}
           x{03DF94AA23405F5E100000001937A400BF04_}
        },
        outMessages: Dictionary { _key: [Object], _value: [Object], _map: [Map] },
        totalFees: { coins: 16763500n },
        stateUpdate: {
          oldHash: <Buffer 1e 93 e2 a1 69 c2 2a 39 e2 f6 5c d9 a4 5d 94 d1 5d c8 ee 93 06 54 d9 1a 23 a7 ba 3a 97 d7 69 91>,
          newHash: <Buffer 2b a4 ab e2 e7 c8 c3 bf d1 34 a8 f1 82 b7 f0 a4 96 5c 1c 39 17 07 ad 0b 20 81 3d 5b 34 f7 14 d8>
        },
        description: {
          type: 'generic',
          creditFirst: false,
          storagePhase: [Object],
          creditPhase: [Object],
          computePhase: [Object],
          actionPhase: [Object],
          bouncePhase: undefined,
          aborted: false,
          destroyed: false
        },
        raw: x{7525D79B589F1D73B879432CD1A596C0F9C42CF460467BBB795DA5A20C021C138000000000206CC80F556D7749A3CCF4B09AED1EFF5181B4F20008A687DA9EE5A0BBCCC9779D6365A00000000017D7840674A4DD6000347FF94D8}
         x{E_}
          x{6801D3E5E1B0970E52ABD4EA639AED542E118FE33D2F03FE072737A6B74A8FDC2C690014975E6D627C75CEE1E50CB346965B03E710B3D18119EEEDE57696883008704E10EE6B2800060C0F880000000003EF1482CE949BAC74B137DD0000000000000000000000004_}
           x{03DF94AA22408F0D180000001937A400BF04_}
           x{03DF94AA23405F5E100000001937A400BF04_}
          x{DF_}
           x{6800A4BAF36B13E3AE770F28659A34B2D81F38859E8C08CF776F2BB4B441804382710004962180C9C942539E711306AE590BF872FC6FD35DF6C970D1776F9EA3202F3510EA5359EC060C523200000000040D9902CE949BACC_}
            x{03DF94AA000000000000000022408F0D180000001937A400BF011A02FAF080000000C9BD2005F82_}
             x{}
         x{721E93E2A169C22A39E2F65CD9A45D94D15DC8EE930654D91A23A7BA3A97D769912BA4ABE2E7C8C3BFD134A8F182B7F0A4965C1C391707AD0B20813D5B34F714D8}
         x{04DDDA39490EE6B2801870A9A011_}
          x{4AAA0C3D090000000000000000025500000000000000000000000000000000000000000000000000000000000000000000000000000000000000000000000000000000000000000000000000000000}
          x{C9849ED04C0C521C00000000000400020000000368AAB889EAA7695EBB5E2F5B5DB6D9EF04C4AA972647B36983922FEDFCD2A45640D01FDC_},
        hash: [Function: hash],
        blockchainLogs: '[ 4][t 0][2024-10-30 23:27:18.578000][transaction.cpp:443]\tunpacking account 525D79B589F1D73B879432CD1A596C0F9C42CF460467BBB795DA5A20C021C138\n' +
          '[ 4][t 0][2024-10-30 23:27:18.578000][transaction.cpp:274]\tlast_paid=1730330838; cells=229 bits=83363 public_cells=0\n' +
          '[ 4][t 0][2024-10-30 23:27:18.578000][transaction.cpp:504]\tend of Account.unpack() for 0:525D79B589F1D73B879432CD1A596C0F9C42CF460467BBB795DA5A20C021C138 (balance = 2100000000ng ; last_trans_lt = 25000000..25000006)\n' +
          '[ 4][t 0][2024-10-30 23:27:18.579000][transaction.cpp:3655]\tblock random seed set to 0000000000000000000000000000000000000000000000000000000000000000\n' +
          '[ 4][t 0][2024-10-30 23:27:18.579000][transaction.cpp:1236]\tgas limits: max=1000000, limit=1000000, credit=0\n' +
          '[ 4][t 0][2024-10-30 23:27:18.579000][transaction.cpp:1575]\tin_msg_state is null\n' +
          '[ 4][t 0][2024-10-30 23:27:18.579000][transaction.cpp:1645]\tcreating VM\n' +
          '[ 4][t 0][2024-10-30 23:27:18.579000][transaction.cpp:1351]\tSmartContractInfo initialized with [ 124711402 0 0 1732922838 34000000 34000000 14068792954309835536948273256715513127174070948738620016199408580766834334284 [ 3092174363 (null) ] CS{Cell{0271c00525d79b589f1d73b879432cd1a596c0f9c42cf460467bbb795da5a20c021c1383cac05168c3391606b00000000005f5e1191f4add401340} bits: 1..268; refs: 0..0} C{A7EC01478F770EF8F8B037CC7E42F0ABF0D85A50E1828C2394DAD1411691F2DE} C{42B6F0E46484EFC57B9508F6BA7EF42E7512023D5CB4ED5628DD1C7755D16E9D} [ 1000000000 (null) ] 7825637 (null) [ CS{Cell{004dd06600000000000000000000000080000000000000fa00000000000001f4000000000003d09040} bits: 9..305; refs: 0..0} (null) CS{Cell{0094d1000000000000006400000000000f4240de000000002710000000000000000f42400000000002160ec0000000000000271000000000002625a00000000005f5e100000000003b9aca00} bits: 0..592; refs: 0..0} CS{Cell{0094d100000000000000640000000000009c40de000000000190000000000000000f424000000000000f4240000000000000271000000000009896800000000005f5e100000000003b9aca00} bits: 0..592; refs: 0..0} CS{Cell{0042ea000000000098968000000000271000000000000f424000000001800055555555} bits: 0..264; refs: 0..0} CS{Cell{0042ea0000000000061a800000000001900000000000009c4000000001800055555555} bits: 0..264; refs: 0..0} (null) ] 0 (null) ]\n' +
          '[ 4][t 0][2024-10-30 23:27:18.579000][transaction.cpp:1675]\tstarting VM\n' +
          '[ 4][t 0][2024-10-30 23:27:18.579000][transaction.cpp:1680]\tVM terminated with exit code 0\n' +
          '[ 3][t 0][2024-10-30 23:27:18.579000][transaction.cpp:1702]\tsteps: 597 gas: used=21840, max=1000000, limit=1000000, credit=0\n' +
          '[ 3][t 0][2024-10-30 23:27:18.579000][transaction.cpp:1704]\tout_of_gas=false, accepted=true, success=true, time=0.000683s\n' +
          '[ 4][t 0][2024-10-30 23:27:18.580000][transaction.cpp:1737]\tgas fees: 8736000 = 26214400 * 21840 /2^16 ; price=26214400; flat rate=[40000 for 100]; remaining balance=3083438363ng\n' +
          '[ 3][t 0][2024-10-30 23:27:18.580000][transaction.cpp:2678]\tin try_action_reserve_currency(0)\n' +
          '[ 4][t 0][2024-10-30 23:27:18.580000][transaction.cpp:2684]\taction_reserve_currency: mode=0, reserve=2100000000ng, balance=3083438363ng, original balance=2092174363ng\n' +
          '[ 3][t 0][2024-10-30 23:27:18.580000][transaction.cpp:2729]\tchanged remaining balance to 983438363ng, reserved balance to 2100000000ng\n' +
          '[ 4][t 0][2024-10-30 23:27:18.580000][transaction.cpp:2448]\tstorage paid for a message: 2 cells, 314 bits\n' +
          '[ 4][t 0][2024-10-30 23:27:18.580000][transaction.cpp:2452]\tcomputed fwd fees = 605600 + 0\n',
        vmLogs: 'xecute EQUAL\n' +
          'execute THROWIF 137\n' +
          'execute PUSHPOW2 10\n' +
          'execute EQUAL\n' +
          'execute THROWIFNOT 136\n' +
          'execute STSLICER\n' +
          'execute ENDC\n' +
          'execute ROT\n' +
          'execute STREF\n' +
          'execute ENDC\n' +
          'execute SWAP\n' +
          'execute STREF\n' +
          'execute implicit RET\n' +
          'execute ENDC\n' +
          'execute POP c4\n' +
          'execute implicit RET\n',
        debugLogs: '',
        events: [ [Object] ],
        parent: {
          address: 105818132960003171416304597453717637701794574747475969910003481004036112389684n,
          lt: 33000000n,
          prevTransactionHash: 94045534156665869008506292488354610570630254247776108620979654007599008584930n,
          prevTransactionLt: 9000000n,
          now: 1732922838,
          outMessagesCount: 1,
          oldStatus: 'active',
          endStatus: 'active',
          inMessage: [Object],
          outMessages: [Dictionary],
          totalFees: [Object],
          stateUpdate: [Object],
          description: [Object],
          raw: x{7E9F2F0D84B872955EA7531CD76AA1708C7F19E9781FF03939BD35BA547EE16340000000001F78A40CFEBE2D162C9B29B11874A7F386D1E62607C34DB98612AAA0FA2ACE1763C14E20000000000895440674A4DD60003463DA7C0}
           x{E_}
            x{8801D3E5E1B0970E52ABD4EA639AED542E118FE33D2F03FE072737A6B74A8FDC2C6802BC9BC768926A23A5756414E09C5AACC5A8B467BCFE982B187D2EAA14C93B224E_}
             x{D001}
              x{6200292EBCDAC4F8EB9DC3CA19668D2CB607CE2167A30233DDDBCAED2D106010E09C21DCD6500000000000000000000000000000E9626FBA000000000000000000000000}
               x{03DF94AA22408F0D180000001937A400BF04_}
               x{03DF94AA23405F5E100000001937A400BF04_}
            x{DF_}
             x{6801D3E5E1B0970E52ABD4EA639AED542E118FE33D2F03FE072737A6B74A8FDC2C690014975E6D627C75CEE1E50CB346965B03E710B3D18119EEEDE57696883008704E10EE6B2800060C0F880000000003EF1482CE949BAC74B137DD0000000000000000000000004_}
              x{03DF94AA22408F0D180000001937A400BF04_}
              x{03DF94AA23405F5E100000001937A400BF04_}
           x{722837B4B7B03613045FEA568FC28DC7EAC74A004974F7C768B39477D9A0FA512EBA3C084E46A11F2673BA6364EA0A865DFA6A8E76D4DF03AD13397F37977C26EC}
           x{0CC0939506185E94844_}
            x{40F223138800000000000000000C800000000000000000000000000000000000000000000000000000000000000000000000000000000000000000000000000000000000000000000000000000002_}
            x{C98485D04C0C0F700000000000020000000000024019C9799873C47FC363D268E900801C2B451FDC4461668E28A8F50CDADE98A640D022DC_},
          hash: [Function: hash],
          blockchainLogs: '[ 4][t 0][2024-10-30 23:27:18.576000][transaction.cpp:443]\tunpacking account E9F2F0D84B872955EA7531CD76AA1708C7F19E9781FF03939BD35BA547EE1634\n' +
            '[ 4][t 0][2024-10-30 23:27:18.576000][transaction.cpp:274]\tlast_paid=1730330838; cells=6 bits=821 public_cells=0\n' +
            '[ 4][t 0][2024-10-30 23:27:18.576000][transaction.cpp:504]\tend of Account.unpack() for 0:E9F2F0D84B872955EA7531CD76AA1708C7F19E9781FF03939BD35BA547EE1634 (balance = 1000000000000000ng ; last_trans_lt = 9000000..9000001)\n' +
            '[ 4][t 0][2024-10-30 23:27:18.576000][transaction.cpp:3655]\tblock random seed set to 0000000000000000000000000000000000000000000000000000000000000000\n' +
            '[ 4][t 0][2024-10-30 23:27:18.576000][transaction.cpp:788]\tstorage paid for a message: 4 cells, 842 bits\n' +
            '[ 4][t 0][2024-10-30 23:27:18.576000][transaction.cpp:802]\tcomputed fwd fees = 896800 + 0\n' +
            '[ 4][t 0][2024-10-30 23:27:18.576000][transaction.cpp:1236]\tgas limits: max=1000000, limit=0, credit=10000\n' +
            '[ 4][t 0][2024-10-30 23:27:18.576000][transaction.cpp:1575]\tin_msg_state is null\n' +
            '[ 4][t 0][2024-10-30 23:27:18.576000][transaction.cpp:1645]\tcreating VM\n' +
            '[ 4][t 0][2024-10-30 23:27:18.576000][transaction.cpp:1351]\tSmartContractInfo initialized with [ 124711402 0 0 1732922838 33000000 33000000 60210483465141978598827679003117970236339845468170532052053411751718225576024 [ 999999998952076 (null) ] CS{Cell{0275c00e9f2f0d84b872955ea7531cd76aa1708c7f19e9781ff03939bd35ba547ee163420c80cd43391606b00000000002255105c0e35fa931a0001340} bits: 1..268; refs: 0..0} C{A7EC01478F770EF8F8B037CC7E42F0ABF0D85A50E1828C2394DAD1411691F2DE} C{D992502B94EA96E7B34E5D62FFB0C6FC73D78B3E61F11F0848FB3A1EB1AFC912} [ 0 (null) ] 151124 (null) [ CS{Cell{004dd06600000000000000000000000080000000000000fa00000000000001f4000000000003d09040} bits: 9..305; refs: 0..0} (null) CS{Cell{0094d1000000000000006400000000000f4240de000000002710000000000000000f42400000000002160ec0000000000000271000000000002625a00000000005f5e100000000003b9aca00} bits: 0..592; refs: 0..0} CS{Cell{0094d100000000000000640000000000009c40de000000000190000000000000000f424000000000000f4240000000000000271000000000009896800000000005f5e100000000003b9aca00} bits: 0..592; refs: 0..0} CS{Cell{0042ea000000000098968000000000271000000000000f424000000001800055555555} bits: 0..264; refs: 0..0} CS{Cell{0042ea0000000000061a800000000001900000000000009c4000000001800055555555} bits: 0..264; refs: 0..0} (null) ] 0 (null) ]\n' +
            '[ 4][t 0][2024-10-30 23:27:18.576000][transaction.cpp:1675]\tstarting VM\n' +
            '[ 4][t 0][2024-10-30 23:27:18.576000][transaction.cpp:1680]\tVM terminated with exit code 0\n' +
            '[ 3][t 0][2024-10-30 23:27:18.576000][transaction.cpp:1702]\tsteps: 50 gas: used=1937, max=1000000, limit=1000000, credit=0\n' +
            '[ 3][t 0][2024-10-30 23:27:18.576000][transaction.cpp:1704]\tout_of_gas=false, accepted=true, success=true, time=0.000081s\n' +
            '[ 4][t 0][2024-10-30 23:27:18.576000][transaction.cpp:1737]\tgas fees: 774800 = 26214400 * 1937 /2^16 ; price=26214400; flat rate=[40000 for 100]; remaining balance=999999998177276ng\n' +
            '[ 4][t 0][2024-10-30 23:27:18.576000][transaction.cpp:2448]\tstorage paid for a message: 2 cells, 282 bits\n' +
            '[ 4][t 0][2024-10-30 23:27:18.576000][transaction.cpp:2452]\tcomputed fwd fees = 592800 + 0\n',
          vmLogs: 'ULLSWAPIFNOT2\n' +
            'execute DUP\n' +
            'execute PUSHCONT x02D307D43001FB00\n' +
            'execute PUSHCONT x32\n' +
            'execute IFELSE\n' +
            'execute POP s2\n' +
            'execute implicit RET\n' +
            'execute SWAP\n' +
            'execute NOT\n' +
            'execute implicit RET\n' +
            'until loop body end\n' +
            'until loop terminated\n' +
            'execute 2DROP\n' +
            'execute implicit RET\n',
          debugLogs: '',
          events: [Array],
          parent: undefined,
          children: [Array],
          externals: []
        },
        children: [ [Object] ],
        externals: []
      },
      {
        address: 8298038735212017995993598744482915721429218553349686891340117237129977838804n,
        lt: 35000000n,
        prevTransactionHash: 26166128169182844235828657779565115780041579338845685112271650463492585897856n,
        prevTransactionLt: 22000000n,
        now: 1732922838,
        outMessagesCount: 1,
        oldStatus: 'active',
        endStatus: 'active',
        inMessage: {
          info: [Object],
          init: null,
          body: x{03DF94AA000000000000000022408F0D180000001937A400BF011A02FAF080000000C9BD2005F82_}
           x{}
        },
        outMessages: Dictionary { _key: [Object], _value: [Object], _map: [Map] },
        totalFees: { coins: 3697061n },
        stateUpdate: {
          oldHash: <Buffer f9 93 5e 4d b3 df 96 15 14 a7 a5 f2 a3 9a 38 0b 2e bf be 4b 35 f6 c5 0b b2 4d 1c 50 a0 82 e1 34>,
          newHash: <Buffer e9 87 94 b7 bf 07 d9 06 a0 c4 99 c7 bd 94 58 09 bf 34 ae 8d 8d cd 7f f5 da b4 1c 6c 38 4c a1 29>
        },
        description: {
          type: 'generic',
          creditFirst: false,
          storagePhase: [Object],
          creditPhase: [Object],
          computePhase: [Object],
          actionPhase: [Object],
          bouncePhase: undefined,
          aborted: false,
          destroyed: false
        },
        raw: x{7125886032725094E79C44C1AB9642FE1CBF1BF4D77DB25C345DDBE7A8C80BCD40000000002160EC039D980F372B5A274E9336AF2C109C8F0510FC643BF82044247C8933154CD3F8000000000014FB180674A4DD600034670D34A}
         x{E_}
          x{6800A4BAF36B13E3AE770F28659A34B2D81F38859E8C08CF776F2BB4B441804382710004962180C9C942539E711306AE590BF872FC6FD35DF6C970D1776F9EA3202F3510EA5359EC060C523200000000040D9902CE949BAC01EFCA550000000000000000112047868C0000000C9BD2005F808D017D784000000064DE9002FC1_}
           x{}
          x{DF_}
           x{680024B10C064E4A129CF388983572C85FC397E37E9AEFB64B868BBB7CF5190179A90014975E6D627C75CEE1E50CB346965B03E710B3D18119EEEDE57696883008704E10E948BFEC061479B600000000042C1D82CE949BACC_}
            x{935FA9D10000000000000000}
             x{00000000000000000000000000000000000000000000000000000000000000220000000000000000000000000000000000000000000000000000000008F0D18001937A400BF0}
             x{00000000000000000000000000000000000000000000000000000000000000230000000000000000000000000000000000000000000000000000000005F5E10001937A400BF0}
         x{72F9935E4DB3DF961514A7A5F2A39A380B2EBFBE4B35F6C50BB24D1C50A082E134E98794B7BF07D906A0C499C7BD945809BF34AE8D8DCD7FF5DAB41C6C384CA129}
         x{04260E383890EA5359ED866696811_}
          x{441A8C3D09000000000000000000D800000000000000000000000000000000000000000000000000000000000000000000000000000000000000000000000000000000000000000000000000000000}
          x{C987ADA04C1479940000000000020000000000020F67B6E0248B4CCBCE2E9DFEAC6B7AC52553A91A3EF66DC025C1C0034DE82C2C41103C0C_},
        hash: [Function: hash],
        blockchainLogs: '[ 4][t 0][2024-10-30 23:27:18.582000][transaction.cpp:443]\tunpacking account 125886032725094E79C44C1AB9642FE1CBF1BF4D77DB25C345DDBE7A8C80BCD4\n' +
          '[ 4][t 0][2024-10-30 23:27:18.582000][transaction.cpp:274]\tlast_paid=1730330838; cells=15 bits=4281 public_cells=0\n' +
          '[ 4][t 0][2024-10-30 23:27:18.582000][transaction.cpp:504]\tend of Account.unpack() for 0:125886032725094E79C44C1AB9642FE1CBF1BF4D77DB25C345DDBE7A8C80BCD4 (balance = 0ng ; last_trans_lt = 22000000..22000002)\n' +
          '[ 4][t 0][2024-10-30 23:27:18.582000][transaction.cpp:3655]\tblock random seed set to 0000000000000000000000000000000000000000000000000000000000000000\n' +
          '[ 4][t 0][2024-10-30 23:27:18.582000][transaction.cpp:1236]\tgas limits: max=1000000, limit=1000000, credit=0\n' +
          '[ 4][t 0][2024-10-30 23:27:18.582000][transaction.cpp:1575]\tin_msg_state is null\n' +
          '[ 4][t 0][2024-10-30 23:27:18.582000][transaction.cpp:1645]\tcreating VM\n' +
          '[ 4][t 0][2024-10-30 23:27:18.582000][transaction.cpp:1351]\tSmartContractInfo initialized with [ 124711402 0 0 1732922838 35000000 35000000 82439665744655549942718375299244058949366754266342087607225540301749132006686 [ 982832763 (null) ] CS{Cell{0267c00125886032725094e79c44c1ab9642fe1cbf1bf4d77db25c345ddbe7a8c80bcd421e842e43391606b000000000053ec6081340} bits: 1..268; refs: 0..0} C{A7EC01478F770EF8F8B037CC7E42F0ABF0D85A50E1828C2394DAD1411691F2DE} C{BF31B32BE5ACBAACCE8B48CCEB4C84B86023EA1F188E974030A4F420D26CF50F} [ 982832763 (null) ] 0 (null) [ CS{Cell{004dd06600000000000000000000000080000000000000fa00000000000001f4000000000003d09040} bits: 9..305; refs: 0..0} (null) CS{Cell{0094d1000000000000006400000000000f4240de000000002710000000000000000f42400000000002160ec0000000000000271000000000002625a00000000005f5e100000000003b9aca00} bits: 0..592; refs: 0..0} CS{Cell{0094d100000000000000640000000000009c40de000000000190000000000000000f424000000000000f4240000000000000271000000000009896800000000005f5e100000000003b9aca00} bits: 0..592; refs: 0..0} CS{Cell{0042ea000000000098968000000000271000000000000f424000000001800055555555} bits: 0..264; refs: 0..0} CS{Cell{0042ea0000000000061a800000000001900000000000009c4000000001800055555555} bits: 0..264; refs: 0..0} (null) ] 465948 (null) ]\n' +
          '[ 4][t 0][2024-10-30 23:27:18.582000][transaction.cpp:1675]\tstarting VM\n' +
          '[ 4][t 0][2024-10-30 23:27:18.583000][transaction.cpp:1680]\tVM terminated with exit code 0\n' +
          '[ 3][t 0][2024-10-30 23:27:18.583000][transaction.cpp:1702]\tsteps: 216 gas: used=8404, max=1000000, limit=1000000, credit=0\n' +
          '[ 3][t 0][2024-10-30 23:27:18.583000][transaction.cpp:1704]\tout_of_gas=false, accepted=true, success=true, time=0.000214s\n' +
          '[ 4][t 0][2024-10-30 23:27:18.583000][transaction.cpp:1737]\tgas fees: 3361600 = 26214400 * 8404 /2^16 ; price=26214400; flat rate=[40000 for 100]; remaining balance=979471163ng\n' +
          '[ 4][t 0][2024-10-30 23:27:18.583000][transaction.cpp:2448]\tstorage paid for a message: 3 cells, 1216 bits\n' +
          '[ 4][t 0][2024-10-30 23:27:18.583000][transaction.cpp:2452]\tcomputed fwd fees = 1006400 + 0\n',
        vmLogs: 'xecute PUSHINT -1\n' +
          'execute implicit RET\n' +
          'execute THROWIFNOT 130\n' +
          'execute NEWC\n' +
          'execute GETGLOB 3\n' +
          'execute SWAP\n' +
          'execute STREF\n' +
          'execute PUSHINT -1\n' +
          'execute SWAP\n' +
          'execute STI 1\n' +
          'execute SWAP\n' +
          'execute SWAP\n' +
          'execute STU 32\n' +
          'execute ENDC\n' +
          'execute POP c4\n' +
          'execute implicit RET\n',
        debugLogs: '',
        events: [ [Object] ],
        parent: {
          address: 37254810366437813475271750514734067285117962570475561289538093995582013161784n,
          lt: 34000000n,
          prevTransactionHash: 110970083769532688157009937886417015182018269635679629524351402084988200826458n,
          prevTransactionLt: 25000000n,
          now: 1732922838,
          outMessagesCount: 1,
          oldStatus: 'active',
          endStatus: 'active',
          inMessage: [Object],
          outMessages: [Dictionary],
          totalFees: [Object],
          stateUpdate: [Object],
          description: [Object],
          raw: x{7525D79B589F1D73B879432CD1A596C0F9C42CF460467BBB795DA5A20C021C138000000000206CC80F556D7749A3CCF4B09AED1EFF5181B4F20008A687DA9EE5A0BBCCC9779D6365A00000000017D7840674A4DD6000347FF94D8}
           x{E_}
            x{6801D3E5E1B0970E52ABD4EA639AED542E118FE33D2F03FE072737A6B74A8FDC2C690014975E6D627C75CEE1E50CB346965B03E710B3D18119EEEDE57696883008704E10EE6B2800060C0F880000000003EF1482CE949BAC74B137DD0000000000000000000000004_}
             x{03DF94AA22408F0D180000001937A400BF04_}
             x{03DF94AA23405F5E100000001937A400BF04_}
            x{DF_}
             x{6800A4BAF36B13E3AE770F28659A34B2D81F38859E8C08CF776F2BB4B441804382710004962180C9C942539E711306AE590BF872FC6FD35DF6C970D1776F9EA3202F3510EA5359EC060C523200000000040D9902CE949BACC_}
              x{03DF94AA000000000000000022408F0D180000001937A400BF011A02FAF080000000C9BD2005F82_}
               x{}
           x{721E93E2A169C22A39E2F65CD9A45D94D15DC8EE930654D91A23A7BA3A97D769912BA4ABE2E7C8C3BFD134A8F182B7F0A4965C1C391707AD0B20813D5B34F714D8}
           x{04DDDA39490EE6B2801870A9A011_}
            x{4AAA0C3D090000000000000000025500000000000000000000000000000000000000000000000000000000000000000000000000000000000000000000000000000000000000000000000000000000}
            x{C9849ED04C0C521C00000000000400020000000368AAB889EAA7695EBB5E2F5B5DB6D9EF04C4AA972647B36983922FEDFCD2A45640D01FDC_},
          hash: [Function: hash],
          blockchainLogs: '[ 4][t 0][2024-10-30 23:27:18.578000][transaction.cpp:443]\tunpacking account 525D79B589F1D73B879432CD1A596C0F9C42CF460467BBB795DA5A20C021C138\n' +
            '[ 4][t 0][2024-10-30 23:27:18.578000][transaction.cpp:274]\tlast_paid=1730330838; cells=229 bits=83363 public_cells=0\n' +
            '[ 4][t 0][2024-10-30 23:27:18.578000][transaction.cpp:504]\tend of Account.unpack() for 0:525D79B589F1D73B879432CD1A596C0F9C42CF460467BBB795DA5A20C021C138 (balance = 2100000000ng ; last_trans_lt = 25000000..25000006)\n' +
            '[ 4][t 0][2024-10-30 23:27:18.579000][transaction.cpp:3655]\tblock random seed set to 0000000000000000000000000000000000000000000000000000000000000000\n' +
            '[ 4][t 0][2024-10-30 23:27:18.579000][transaction.cpp:1236]\tgas limits: max=1000000, limit=1000000, credit=0\n' +
            '[ 4][t 0][2024-10-30 23:27:18.579000][transaction.cpp:1575]\tin_msg_state is null\n' +
            '[ 4][t 0][2024-10-30 23:27:18.579000][transaction.cpp:1645]\tcreating VM\n' +
            '[ 4][t 0][2024-10-30 23:27:18.579000][transaction.cpp:1351]\tSmartContractInfo initialized with [ 124711402 0 0 1732922838 34000000 34000000 14068792954309835536948273256715513127174070948738620016199408580766834334284 [ 3092174363 (null) ] CS{Cell{0271c00525d79b589f1d73b879432cd1a596c0f9c42cf460467bbb795da5a20c021c1383cac05168c3391606b00000000005f5e1191f4add401340} bits: 1..268; refs: 0..0} C{A7EC01478F770EF8F8B037CC7E42F0ABF0D85A50E1828C2394DAD1411691F2DE} C{42B6F0E46484EFC57B9508F6BA7EF42E7512023D5CB4ED5628DD1C7755D16E9D} [ 1000000000 (null) ] 7825637 (null) [ CS{Cell{004dd06600000000000000000000000080000000000000fa00000000000001f4000000000003d09040} bits: 9..305; refs: 0..0} (null) CS{Cell{0094d1000000000000006400000000000f4240de000000002710000000000000000f42400000000002160ec0000000000000271000000000002625a00000000005f5e100000000003b9aca00} bits: 0..592; refs: 0..0} CS{Cell{0094d100000000000000640000000000009c40de000000000190000000000000000f424000000000000f4240000000000000271000000000009896800000000005f5e100000000003b9aca00} bits: 0..592; refs: 0..0} CS{Cell{0042ea000000000098968000000000271000000000000f424000000001800055555555} bits: 0..264; refs: 0..0} CS{Cell{0042ea0000000000061a800000000001900000000000009c4000000001800055555555} bits: 0..264; refs: 0..0} (null) ] 0 (null) ]\n' +
            '[ 4][t 0][2024-10-30 23:27:18.579000][transaction.cpp:1675]\tstarting VM\n' +
            '[ 4][t 0][2024-10-30 23:27:18.579000][transaction.cpp:1680]\tVM terminated with exit code 0\n' +
            '[ 3][t 0][2024-10-30 23:27:18.579000][transaction.cpp:1702]\tsteps: 597 gas: used=21840, max=1000000, limit=1000000, credit=0\n' +
            '[ 3][t 0][2024-10-30 23:27:18.579000][transaction.cpp:1704]\tout_of_gas=false, accepted=true, success=true, time=0.000683s\n' +
            '[ 4][t 0][2024-10-30 23:27:18.580000][transaction.cpp:1737]\tgas fees: 8736000 = 26214400 * 21840 /2^16 ; price=26214400; flat rate=[40000 for 100]; remaining balance=3083438363ng\n' +
            '[ 3][t 0][2024-10-30 23:27:18.580000][transaction.cpp:2678]\tin try_action_reserve_currency(0)\n' +
            '[ 4][t 0][2024-10-30 23:27:18.580000][transaction.cpp:2684]\taction_reserve_currency: mode=0, reserve=2100000000ng, balance=3083438363ng, original balance=2092174363ng\n' +
            '[ 3][t 0][2024-10-30 23:27:18.580000][transaction.cpp:2729]\tchanged remaining balance to 983438363ng, reserved balance to 2100000000ng\n' +
            '[ 4][t 0][2024-10-30 23:27:18.580000][transaction.cpp:2448]\tstorage paid for a message: 2 cells, 314 bits\n' +
            '[ 4][t 0][2024-10-30 23:27:18.580000][transaction.cpp:2452]\tcomputed fwd fees = 605600 + 0\n',
          vmLogs: 'xecute EQUAL\n' +
            'execute THROWIF 137\n' +
            'execute PUSHPOW2 10\n' +
            'execute EQUAL\n' +
            'execute THROWIFNOT 136\n' +
            'execute STSLICER\n' +
            'execute ENDC\n' +
            'execute ROT\n' +
            'execute STREF\n' +
            'execute ENDC\n' +
            'execute SWAP\n' +
            'execute STREF\n' +
            'execute implicit RET\n' +
            'execute ENDC\n' +
            'execute POP c4\n' +
            'execute implicit RET\n',
          debugLogs: '',
          events: [Array],
          parent: [Object],
          children: [Array],
          externals: []
        },
        children: [ [Object] ],
        externals: []
      },
      {
        address: 37254810366437813475271750514734067285117962570475561289538093995582013161784n,
        lt: 36000000n,
        prevTransactionHash: 92506668869703079839326141459845277973591147461037925574678043380603609102930n,
        prevTransactionLt: 34000000n,
        now: 1732922838,
        outMessagesCount: 1,
        oldStatus: 'active',
        endStatus: 'active',
        inMessage: {
          info: [Object],
          init: null,
          body: x{935FA9D10000000000000000}
           x{00000000000000000000000000000000000000000000000000000000000000220000000000000000000000000000000000000000000000000000000008F0D18001937A400BF0}
           x{00000000000000000000000000000000000000000000000000000000000000230000000000000000000000000000000000000000000000000000000005F5E10001937A400BF0}
        },
        outMessages: Dictionary { _key: [Object], _value: [Object], _map: [Map] },
        totalFees: { coins: 12012664n },
        stateUpdate: {
          oldHash: <Buffer 2b a4 ab e2 e7 c8 c3 bf d1 34 a8 f1 82 b7 f0 a4 96 5c 1c 39 17 07 ad 0b 20 81 3d 5b 34 f7 14 d8>,
          newHash: <Buffer fc 5d a0 2f 85 55 3e a7 79 d0 01 fc bb 54 e0 ec 5f 4e 93 e4 dc c4 f3 8f a2 36 0b 33 c8 86 8a 89>
        },
        description: {
          type: 'generic',
          creditFirst: false,
          storagePhase: [Object],
          creditPhase: [Object],
          computePhase: [Object],
          actionPhase: [Object],
          bouncePhase: undefined,
          aborted: false,
          destroyed: false
        },
        raw: x{7525D79B589F1D73B879432CD1A596C0F9C42CF460467BBB795DA5A20C021C1380000000002255100CC84EB4B82D5A9E798BDE2C77ADF401B658FA850DFE724F460852353DEDB3A52000000000206CC80674A4DD60003476E98F0}
         x{E_}
          x{680024B10C064E4A129CF388983572C85FC397E37E9AEFB64B868BBB7CF5190179A90014975E6D627C75CEE1E50CB346965B03E710B3D18119EEEDE57696883008704E10E948BFEC061479B600000000042C1D82CE949BAC49AFD4E880000000000000004_}
           x{00000000000000000000000000000000000000000000000000000000000000220000000000000000000000000000000000000000000000000000000008F0D18001937A400BF0}
           x{00000000000000000000000000000000000000000000000000000000000000230000000000000000000000000000000000000000000000000000000005F5E10001937A400BF0}
          x{DF_}
           x{6800A4BAF36B13E3AE770F28659A34B2D81F38859E8C08CF776F2BB4B44180438271002E74930F029149EC08380972A5584C717AD4204A4455F097F5E5877CB40E86DA90E65816AC0609BBB000000000044AA202CE949BACC_}
            x{E601F8E50000000000000000}
         x{722BA4ABE2E7C8C3BFD134A8F182B7F0A4965C1C391707AD0B20813D5B34F714D8FC5DA02F85553EA779D001FCBB54E0EC5F4E93E4DCC4F38FA2360B33C8868A89}
         x{04090E948BFED8769BB211_}
          x{4E782C3D090000000000000000031700000000000000000000000000000000000000000000000000000000000000000000000000000000000000000000000000000000000000000000000000000000}
          x{C983A6604C09BBA000000000000400020000000388D0C29501CA01261A550F77F5936E7DB7CACEE37FC601F787453CB248E780324090190C_},
        hash: [Function: hash],
        blockchainLogs: '[ 4][t 0][2024-10-30 23:27:18.585000][transaction.cpp:443]\tunpacking account 525D79B589F1D73B879432CD1A596C0F9C42CF460467BBB795DA5A20C021C138\n' +
          '[ 4][t 0][2024-10-30 23:27:18.585000][transaction.cpp:274]\tlast_paid=1732922838; cells=232 bits=83682 public_cells=0\n' +
          '[ 4][t 0][2024-10-30 23:27:18.585000][transaction.cpp:504]\tend of Account.unpack() for 0:525D79B589F1D73B879432CD1A596C0F9C42CF460467BBB795DA5A20C021C138 (balance = 2100000000ng ; last_trans_lt = 34000000..34000002)\n' +
          '[ 4][t 0][2024-10-30 23:27:18.585000][transaction.cpp:3655]\tblock random seed set to 0000000000000000000000000000000000000000000000000000000000000000\n' +
          '[ 4][t 0][2024-10-30 23:27:18.585000][transaction.cpp:1236]\tgas limits: max=1000000, limit=1000000, credit=0\n' +
          '[ 4][t 0][2024-10-30 23:27:18.585000][transaction.cpp:1575]\tin_msg_state is null\n' +
          '[ 4][t 0][2024-10-30 23:27:18.585000][transaction.cpp:1645]\tcreating VM\n' +
          '[ 4][t 0][2024-10-30 23:27:18.585000][transaction.cpp:1351]\tSmartContractInfo initialized with [ 124711402 0 0 1732922838 36000000 36000000 14068792954309835536948273256715513127174070948738620016199408580766834334284 [ 3078464763 (null) ] CS{Cell{0271c00525d79b589f1d73b879432cd1a596c0f9c42cf460467bbb795da5a20c021c1383d0c051b8833a526eb000000000081b32091f4add401340} bits: 1..268; refs: 0..0} C{A7EC01478F770EF8F8B037CC7E42F0ABF0D85A50E1828C2394DAD1411691F2DE} C{42B6F0E46484EFC57B9508F6BA7EF42E7512023D5CB4ED5628DD1C7755D16E9D} [ 978464763 (null) ] 0 (null) [ CS{Cell{004dd06600000000000000000000000080000000000000fa00000000000001f4000000000003d09040} bits: 9..305; refs: 0..0} (null) CS{Cell{0094d1000000000000006400000000000f4240de000000002710000000000000000f42400000000002160ec0000000000000271000000000002625a00000000005f5e100000000003b9aca00} bits: 0..592; refs: 0..0} CS{Cell{0094d100000000000000640000000000009c40de000000000190000000000000000f424000000000000f4240000000000000271000000000009896800000000005f5e100000000003b9aca00} bits: 0..592; refs: 0..0} CS{Cell{0042ea000000000098968000000000271000000000000f424000000001800055555555} bits: 0..264; refs: 0..0} CS{Cell{0042ea0000000000061a800000000001900000000000009c4000000001800055555555} bits: 0..264; refs: 0..0} (null) ] 0 (null) ]\n' +
          '[ 4][t 0][2024-10-30 23:27:18.585000][transaction.cpp:1675]\tstarting VM\n' +
          '[ 4][t 0][2024-10-30 23:27:18.586000][transaction.cpp:1680]\tVM terminated with exit code 0\n' +
          '[ 3][t 0][2024-10-30 23:27:18.586000][transaction.cpp:1702]\tsteps: 791 gas: used=29633, max=1000000, limit=1000000, credit=0\n' +
          '[ 3][t 0][2024-10-30 23:27:18.586000][transaction.cpp:1704]\tout_of_gas=false, accepted=true, success=true, time=0.000875s\n' +
          '[ 4][t 0][2024-10-30 23:27:18.586000][transaction.cpp:1737]\tgas fees: 11853200 = 26214400 * 29633 /2^16 ; price=26214400; flat rate=[40000 for 100]; remaining balance=3066611563ng\n' +
          '[ 3][t 0][2024-10-30 23:27:18.586000][transaction.cpp:2678]\tin try_action_reserve_currency(0)\n' +
          '[ 4][t 0][2024-10-30 23:27:18.586000][transaction.cpp:2684]\taction_reserve_currency: mode=0, reserve=2100000000ng, balance=3066611563ng, original balance=2100000000ng\n' +
          '[ 3][t 0][2024-10-30 23:27:18.586000][transaction.cpp:2729]\tchanged remaining balance to 966611563ng, reserved balance to 2100000000ng\n' +
          '[ 4][t 0][2024-10-30 23:27:18.586000][transaction.cpp:2448]\tstorage paid for a message: 1 cells, 96 bits\n' +
          '[ 4][t 0][2024-10-30 23:27:18.586000][transaction.cpp:2452]\tcomputed fwd fees = 478400 + 0\n',
        vmLogs: 'xecute EQUAL\n' +
          'execute THROWIF 137\n' +
          'execute PUSHPOW2 10\n' +
          'execute EQUAL\n' +
          'execute THROWIFNOT 136\n' +
          'execute STSLICER\n' +
          'execute ENDC\n' +
          'execute ROT\n' +
          'execute STREF\n' +
          'execute ENDC\n' +
          'execute SWAP\n' +
          'execute STREF\n' +
          'execute implicit RET\n' +
          'execute ENDC\n' +
          'execute POP c4\n' +
          'execute implicit RET\n',
        debugLogs: '',
        events: [ [Object] ],
        parent: {
          address: 8298038735212017995993598744482915721429218553349686891340117237129977838804n,
          lt: 35000000n,
          prevTransactionHash: 26166128169182844235828657779565115780041579338845685112271650463492585897856n,
          prevTransactionLt: 22000000n,
          now: 1732922838,
          outMessagesCount: 1,
          oldStatus: 'active',
          endStatus: 'active',
          inMessage: [Object],
          outMessages: [Dictionary],
          totalFees: [Object],
          stateUpdate: [Object],
          description: [Object],
          raw: x{7125886032725094E79C44C1AB9642FE1CBF1BF4D77DB25C345DDBE7A8C80BCD40000000002160EC039D980F372B5A274E9336AF2C109C8F0510FC643BF82044247C8933154CD3F8000000000014FB180674A4DD600034670D34A}
           x{E_}
            x{6800A4BAF36B13E3AE770F28659A34B2D81F38859E8C08CF776F2BB4B441804382710004962180C9C942539E711306AE590BF872FC6FD35DF6C970D1776F9EA3202F3510EA5359EC060C523200000000040D9902CE949BAC01EFCA550000000000000000112047868C0000000C9BD2005F808D017D784000000064DE9002FC1_}
             x{}
            x{DF_}
             x{680024B10C064E4A129CF388983572C85FC397E37E9AEFB64B868BBB7CF5190179A90014975E6D627C75CEE1E50CB346965B03E710B3D18119EEEDE57696883008704E10E948BFEC061479B600000000042C1D82CE949BACC_}
              x{935FA9D10000000000000000}
               x{00000000000000000000000000000000000000000000000000000000000000220000000000000000000000000000000000000000000000000000000008F0D18001937A400BF0}
               x{00000000000000000000000000000000000000000000000000000000000000230000000000000000000000000000000000000000000000000000000005F5E10001937A400BF0}
           x{72F9935E4DB3DF961514A7A5F2A39A380B2EBFBE4B35F6C50BB24D1C50A082E134E98794B7BF07D906A0C499C7BD945809BF34AE8D8DCD7FF5DAB41C6C384CA129}
           x{04260E383890EA5359ED866696811_}
            x{441A8C3D09000000000000000000D800000000000000000000000000000000000000000000000000000000000000000000000000000000000000000000000000000000000000000000000000000000}
            x{C987ADA04C1479940000000000020000000000020F67B6E0248B4CCBCE2E9DFEAC6B7AC52553A91A3EF66DC025C1C0034DE82C2C41103C0C_},
          hash: [Function: hash],
          blockchainLogs: '[ 4][t 0][2024-10-30 23:27:18.582000][transaction.cpp:443]\tunpacking account 125886032725094E79C44C1AB9642FE1CBF1BF4D77DB25C345DDBE7A8C80BCD4\n' +
            '[ 4][t 0][2024-10-30 23:27:18.582000][transaction.cpp:274]\tlast_paid=1730330838; cells=15 bits=4281 public_cells=0\n' +
            '[ 4][t 0][2024-10-30 23:27:18.582000][transaction.cpp:504]\tend of Account.unpack() for 0:125886032725094E79C44C1AB9642FE1CBF1BF4D77DB25C345DDBE7A8C80BCD4 (balance = 0ng ; last_trans_lt = 22000000..22000002)\n' +
            '[ 4][t 0][2024-10-30 23:27:18.582000][transaction.cpp:3655]\tblock random seed set to 0000000000000000000000000000000000000000000000000000000000000000\n' +
            '[ 4][t 0][2024-10-30 23:27:18.582000][transaction.cpp:1236]\tgas limits: max=1000000, limit=1000000, credit=0\n' +
            '[ 4][t 0][2024-10-30 23:27:18.582000][transaction.cpp:1575]\tin_msg_state is null\n' +
            '[ 4][t 0][2024-10-30 23:27:18.582000][transaction.cpp:1645]\tcreating VM\n' +
            '[ 4][t 0][2024-10-30 23:27:18.582000][transaction.cpp:1351]\tSmartContractInfo initialized with [ 124711402 0 0 1732922838 35000000 35000000 82439665744655549942718375299244058949366754266342087607225540301749132006686 [ 982832763 (null) ] CS{Cell{0267c00125886032725094e79c44c1ab9642fe1cbf1bf4d77db25c345ddbe7a8c80bcd421e842e43391606b000000000053ec6081340} bits: 1..268; refs: 0..0} C{A7EC01478F770EF8F8B037CC7E42F0ABF0D85A50E1828C2394DAD1411691F2DE} C{BF31B32BE5ACBAACCE8B48CCEB4C84B86023EA1F188E974030A4F420D26CF50F} [ 982832763 (null) ] 0 (null) [ CS{Cell{004dd06600000000000000000000000080000000000000fa00000000000001f4000000000003d09040} bits: 9..305; refs: 0..0} (null) CS{Cell{0094d1000000000000006400000000000f4240de000000002710000000000000000f42400000000002160ec0000000000000271000000000002625a00000000005f5e100000000003b9aca00} bits: 0..592; refs: 0..0} CS{Cell{0094d100000000000000640000000000009c40de000000000190000000000000000f424000000000000f4240000000000000271000000000009896800000000005f5e100000000003b9aca00} bits: 0..592; refs: 0..0} CS{Cell{0042ea000000000098968000000000271000000000000f424000000001800055555555} bits: 0..264; refs: 0..0} CS{Cell{0042ea0000000000061a800000000001900000000000009c4000000001800055555555} bits: 0..264; refs: 0..0} (null) ] 465948 (null) ]\n' +
            '[ 4][t 0][2024-10-30 23:27:18.582000][transaction.cpp:1675]\tstarting VM\n' +
            '[ 4][t 0][2024-10-30 23:27:18.583000][transaction.cpp:1680]\tVM terminated with exit code 0\n' +
            '[ 3][t 0][2024-10-30 23:27:18.583000][transaction.cpp:1702]\tsteps: 216 gas: used=8404, max=1000000, limit=1000000, credit=0\n' +
            '[ 3][t 0][2024-10-30 23:27:18.583000][transaction.cpp:1704]\tout_of_gas=false, accepted=true, success=true, time=0.000214s\n' +
            '[ 4][t 0][2024-10-30 23:27:18.583000][transaction.cpp:1737]\tgas fees: 3361600 = 26214400 * 8404 /2^16 ; price=26214400; flat rate=[40000 for 100]; remaining balance=979471163ng\n' +
            '[ 4][t 0][2024-10-30 23:27:18.583000][transaction.cpp:2448]\tstorage paid for a message: 3 cells, 1216 bits\n' +
            '[ 4][t 0][2024-10-30 23:27:18.583000][transaction.cpp:2452]\tcomputed fwd fees = 1006400 + 0\n',
          vmLogs: 'xecute PUSHINT -1\n' +
            'execute implicit RET\n' +
            'execute THROWIFNOT 130\n' +
            'execute NEWC\n' +
            'execute GETGLOB 3\n' +
            'execute SWAP\n' +
            'execute STREF\n' +
            'execute PUSHINT -1\n' +
            'execute SWAP\n' +
            'execute STI 1\n' +
            'execute SWAP\n' +
            'execute SWAP\n' +
            'execute STU 32\n' +
            'execute ENDC\n' +
            'execute POP c4\n' +
            'execute implicit RET\n',
          debugLogs: '',
          events: [Array],
          parent: [Object],
          children: [Array],
          externals: []
        },
        children: [ [Object] ],
        externals: []
      },
      {
        address: 84049441022908470316622795825605090351520748406577698494615284512509455375210n,
        lt: 37000000n,
        prevTransactionHash: 85702263048028144343864452429252137028094627075488363642886587429723249313648n,
        prevTransactionLt: 29000000n,
        now: 1732922838,
        outMessagesCount: 1,
        oldStatus: 'active',
        endStatus: 'active',
        inMessage: { info: [Object], init: null, body: x{E601F8E50000000000000000} },
        outMessages: Dictionary { _key: [Object], _value: [Object], _map: [Map] },
        totalFees: { coins: 4689161n },
        stateUpdate: {
          oldHash: <Buffer da cd 74 c1 5f 2c a1 40 8a 62 c2 a0 14 84 ad d0 ef 38 a4 5b b4 4c 59 2c 6f 4f ae c4 b9 30 b6 e2>,
          newHash: <Buffer 76 1b f7 df 65 1a 9a 98 ce 1e f6 e8 92 c6 ea c0 b5 b1 cc 02 a2 54 02 ad 33 3b 2f 73 76 30 7c 11>
        },
        description: {
          type: 'generic',
          creditFirst: false,
          storagePhase: [Object],
          creditPhase: [Object],
          computePhase: [Object],
          actionPhase: [Object],
          bouncePhase: undefined,
          aborted: false,
          destroyed: false
        },
        raw: x{7B9D24C3C0A4527B020E025CA956131C5EB5081291157C25FD7961DF2D03A1B6A0000000002349340BD79C30C417A58022DD4AE8BC6A0E139964B66E82279312643412C427D2007700000000001BA8140674A4DD60003468F1A12}
         x{E_}
          x{6800A4BAF36B13E3AE770F28659A34B2D81F38859E8C08CF776F2BB4B44180438271002E74930F029149EC08380972A5584C717AD4204A4455F097F5E5877CB40E86DA90E65816AC0609BBB000000000044AA202CE949BAC7300FC7280000000000000004_}
          x{DF_}
           x{680173A49878148A4F6041C04B952AC2638BD6A1025222AF84BFAF2C3BE5A07436D50014975E6D627C75CEE1E50CB346965B03E710B3D18119EEEDE57696883008704E10E51839CC0610D45E0000000004692682CE949BACC_}
            x{B687AB17000000000000000000000000}
             x{02202FAF080202FAF08021DCD65001CC4B4021DCD65003391606B3397F7EB3391606B33A526EB00000000800000004_}
              x{801028CD38D6A9FB165BB1D27554DCBBC8B7A064E07EF4C3832956828113614F545_}
         x{72DACD74C15F2CA1408A62C2A01484ADD0EF38A45BB44C592C6F4FAEC4B930B6E2761BF7DF651A9A98CE1EF6E892C6EAC0B5B1CC02A25402AD333B2F7376307C11}
         x{04C32FDA090E65816AD866D31211_}
          x{445E2C3D09000000000000000000FE00000000000000000000000000000000000000000000000000000000000000000000000000000000000000000000000000000000000000000000000000000000}
          x{C9864FA04C10D4440000000000040002000000029FCBACF5DB5CBFBC30DF629FF6939F4299DA34BD1B755F33708C6F7C7EF4459841102E0C_},
        hash: [Function: hash],
        blockchainLogs: '[ 4][t 0][2024-10-30 23:27:18.589000][transaction.cpp:443]\tunpacking account B9D24C3C0A4527B020E025CA956131C5EB5081291157C25FD7961DF2D03A1B6A\n' +
          '[ 4][t 0][2024-10-30 23:27:18.589000][transaction.cpp:274]\tlast_paid=1730330838; cells=28 bits=7123 public_cells=0\n' +
          '[ 4][t 0][2024-10-30 23:27:18.589000][transaction.cpp:504]\tend of Account.unpack() for 0:B9D24C3C0A4527B020E025CA956131C5EB5081291157C25FD7961DF2D03A1B6A (balance = 10000000ng ; last_trans_lt = 29000000..29000002)\n' +
          '[ 4][t 0][2024-10-30 23:27:18.589000][transaction.cpp:3655]\tblock random seed set to 0000000000000000000000000000000000000000000000000000000000000000\n' +
          '[ 4][t 0][2024-10-30 23:27:18.589000][transaction.cpp:1236]\tgas limits: max=1000000, limit=1000000, credit=0\n' +
          '[ 4][t 0][2024-10-30 23:27:18.589000][transaction.cpp:1575]\tin_msg_state is null\n' +
          '[ 4][t 0][2024-10-30 23:27:18.589000][transaction.cpp:1645]\tcreating VM\n' +
          '[ 4][t 0][2024-10-30 23:27:18.589000][transaction.cpp:1351]\tSmartContractInfo initialized with [ 124711402 0 0 1732922838 37000000 37000000 84630195367514639409622924175749312199831056191303332875639359062248049886761 [ 975297731 (null) ] CS{Cell{026dc00b9d24c3c0a4527b020e025ca956131c5eb5081291157c25fd7961df2d03a1b6a23886f4c3391606b00000000006ea0508e625a01340} bits: 1..268; refs: 0..0} C{A7EC01478F770EF8F8B037CC7E42F0ABF0D85A50E1828C2394DAD1411691F2DE} C{F2179DCD5CFD8A1E113288591FFB7A5E10E107D0D2C36DF69E40398023DAA7B1} [ 966133163 (null) ] 835432 (null) [ CS{Cell{004dd06600000000000000000000000080000000000000fa00000000000001f4000000000003d09040} bits: 9..305; refs: 0..0} (null) CS{Cell{0094d1000000000000006400000000000f4240de000000002710000000000000000f42400000000002160ec0000000000000271000000000002625a00000000005f5e100000000003b9aca00} bits: 0..592; refs: 0..0} CS{Cell{0094d100000000000000640000000000009c40de000000000190000000000000000f424000000000000f4240000000000000271000000000009896800000000005f5e100000000003b9aca00} bits: 0..592; refs: 0..0} CS{Cell{0042ea000000000098968000000000271000000000000f424000000001800055555555} bits: 0..264; refs: 0..0} CS{Cell{0042ea0000000000061a800000000001900000000000009c4000000001800055555555} bits: 0..264; refs: 0..0} (null) ] 0 (null) ]\n' +
          '[ 4][t 0][2024-10-30 23:27:18.589000][transaction.cpp:1675]\tstarting VM\n' +
          '[ 4][t 0][2024-10-30 23:27:18.589000][transaction.cpp:1680]\tVM terminated with exit code 0\n' +
          '[ 3][t 0][2024-10-30 23:27:18.589000][transaction.cpp:1702]\tsteps: 254 gas: used=8945, max=1000000, limit=1000000, credit=0\n' +
          '[ 3][t 0][2024-10-30 23:27:18.589000][transaction.cpp:1704]\tout_of_gas=false, accepted=true, success=true, time=0.000249s\n' +
          '[ 4][t 0][2024-10-30 23:27:18.589000][transaction.cpp:1737]\tgas fees: 3578000 = 26214400 * 8945 /2^16 ; price=26214400; flat rate=[40000 for 100]; remaining balance=971719731ng\n' +
          '[ 3][t 0][2024-10-30 23:27:18.589000][transaction.cpp:2678]\tin try_action_reserve_currency(0)\n' +
          '[ 4][t 0][2024-10-30 23:27:18.589000][transaction.cpp:2684]\taction_reserve_currency: mode=0, reserve=10000000ng, balance=971719731ng, original balance=9164568ng\n' +
          '[ 3][t 0][2024-10-30 23:27:18.589000][transaction.cpp:2729]\tchanged remaining balance to 961719731ng, reserved balance to 10000000ng\n' +
          '[ 4][t 0][2024-10-30 23:27:18.589000][transaction.cpp:2448]\tstorage paid for a message: 3 cells, 768 bits\n' +
          '[ 4][t 0][2024-10-30 23:27:18.589000][transaction.cpp:2452]\tcomputed fwd fees = 827200 + 0\n',
        vmLogs: 'ecute STSLICER\n' +
          'execute OVER\n' +
          'execute ISNULL\n' +
          'execute NOT\n' +
          'execute PUSHCONT x7F01CA00CC\n' +
          'execute PUSHCONT x7032CA00\n' +
          'execute IFELSE\n' +
          'execute PUSHINT -1\n' +
          'execute SWAP\n' +
          'execute STI 1\n' +
          'execute STREF\n' +
          'execute implicit RET\n' +
          'execute ENDC\n' +
          'execute POP c4\n' +
          'execute implicit RET\n',
        debugLogs: '',
        events: [ [Object] ],
        parent: {
          address: 37254810366437813475271750514734067285117962570475561289538093995582013161784n,
          lt: 36000000n,
          prevTransactionHash: 92506668869703079839326141459845277973591147461037925574678043380603609102930n,
          prevTransactionLt: 34000000n,
          now: 1732922838,
          outMessagesCount: 1,
          oldStatus: 'active',
          endStatus: 'active',
          inMessage: [Object],
          outMessages: [Dictionary],
          totalFees: [Object],
          stateUpdate: [Object],
          description: [Object],
          raw: x{7525D79B589F1D73B879432CD1A596C0F9C42CF460467BBB795DA5A20C021C1380000000002255100CC84EB4B82D5A9E798BDE2C77ADF401B658FA850DFE724F460852353DEDB3A52000000000206CC80674A4DD60003476E98F0}
           x{E_}
            x{680024B10C064E4A129CF388983572C85FC397E37E9AEFB64B868BBB7CF5190179A90014975E6D627C75CEE1E50CB346965B03E710B3D18119EEEDE57696883008704E10E948BFEC061479B600000000042C1D82CE949BAC49AFD4E880000000000000004_}
             x{00000000000000000000000000000000000000000000000000000000000000220000000000000000000000000000000000000000000000000000000008F0D18001937A400BF0}
             x{00000000000000000000000000000000000000000000000000000000000000230000000000000000000000000000000000000000000000000000000005F5E10001937A400BF0}
            x{DF_}
             x{6800A4BAF36B13E3AE770F28659A34B2D81F38859E8C08CF776F2BB4B44180438271002E74930F029149EC08380972A5584C717AD4204A4455F097F5E5877CB40E86DA90E65816AC0609BBB000000000044AA202CE949BACC_}
              x{E601F8E50000000000000000}
           x{722BA4ABE2E7C8C3BFD134A8F182B7F0A4965C1C391707AD0B20813D5B34F714D8FC5DA02F85553EA779D001FCBB54E0EC5F4E93E4DCC4F38FA2360B33C8868A89}
           x{04090E948BFED8769BB211_}
            x{4E782C3D090000000000000000031700000000000000000000000000000000000000000000000000000000000000000000000000000000000000000000000000000000000000000000000000000000}
            x{C983A6604C09BBA000000000000400020000000388D0C29501CA01261A550F77F5936E7DB7CACEE37FC601F787453CB248E780324090190C_},
          hash: [Function: hash],
          blockchainLogs: '[ 4][t 0][2024-10-30 23:27:18.585000][transaction.cpp:443]\tunpacking account 525D79B589F1D73B879432CD1A596C0F9C42CF460467BBB795DA5A20C021C138\n' +
            '[ 4][t 0][2024-10-30 23:27:18.585000][transaction.cpp:274]\tlast_paid=1732922838; cells=232 bits=83682 public_cells=0\n' +
            '[ 4][t 0][2024-10-30 23:27:18.585000][transaction.cpp:504]\tend of Account.unpack() for 0:525D79B589F1D73B879432CD1A596C0F9C42CF460467BBB795DA5A20C021C138 (balance = 2100000000ng ; last_trans_lt = 34000000..34000002)\n' +
            '[ 4][t 0][2024-10-30 23:27:18.585000][transaction.cpp:3655]\tblock random seed set to 0000000000000000000000000000000000000000000000000000000000000000\n' +
            '[ 4][t 0][2024-10-30 23:27:18.585000][transaction.cpp:1236]\tgas limits: max=1000000, limit=1000000, credit=0\n' +
            '[ 4][t 0][2024-10-30 23:27:18.585000][transaction.cpp:1575]\tin_msg_state is null\n' +
            '[ 4][t 0][2024-10-30 23:27:18.585000][transaction.cpp:1645]\tcreating VM\n' +
            '[ 4][t 0][2024-10-30 23:27:18.585000][transaction.cpp:1351]\tSmartContractInfo initialized with [ 124711402 0 0 1732922838 36000000 36000000 14068792954309835536948273256715513127174070948738620016199408580766834334284 [ 3078464763 (null) ] CS{Cell{0271c00525d79b589f1d73b879432cd1a596c0f9c42cf460467bbb795da5a20c021c1383d0c051b8833a526eb000000000081b32091f4add401340} bits: 1..268; refs: 0..0} C{A7EC01478F770EF8F8B037CC7E42F0ABF0D85A50E1828C2394DAD1411691F2DE} C{42B6F0E46484EFC57B9508F6BA7EF42E7512023D5CB4ED5628DD1C7755D16E9D} [ 978464763 (null) ] 0 (null) [ CS{Cell{004dd06600000000000000000000000080000000000000fa00000000000001f4000000000003d09040} bits: 9..305; refs: 0..0} (null) CS{Cell{0094d1000000000000006400000000000f4240de000000002710000000000000000f42400000000002160ec0000000000000271000000000002625a00000000005f5e100000000003b9aca00} bits: 0..592; refs: 0..0} CS{Cell{0094d100000000000000640000000000009c40de000000000190000000000000000f424000000000000f4240000000000000271000000000009896800000000005f5e100000000003b9aca00} bits: 0..592; refs: 0..0} CS{Cell{0042ea000000000098968000000000271000000000000f424000000001800055555555} bits: 0..264; refs: 0..0} CS{Cell{0042ea0000000000061a800000000001900000000000009c4000000001800055555555} bits: 0..264; refs: 0..0} (null) ] 0 (null) ]\n' +
            '[ 4][t 0][2024-10-30 23:27:18.585000][transaction.cpp:1675]\tstarting VM\n' +
            '[ 4][t 0][2024-10-30 23:27:18.586000][transaction.cpp:1680]\tVM terminated with exit code 0\n' +
            '[ 3][t 0][2024-10-30 23:27:18.586000][transaction.cpp:1702]\tsteps: 791 gas: used=29633, max=1000000, limit=1000000, credit=0\n' +
            '[ 3][t 0][2024-10-30 23:27:18.586000][transaction.cpp:1704]\tout_of_gas=false, accepted=true, success=true, time=0.000875s\n' +
            '[ 4][t 0][2024-10-30 23:27:18.586000][transaction.cpp:1737]\tgas fees: 11853200 = 26214400 * 29633 /2^16 ; price=26214400; flat rate=[40000 for 100]; remaining balance=3066611563ng\n' +
            '[ 3][t 0][2024-10-30 23:27:18.586000][transaction.cpp:2678]\tin try_action_reserve_currency(0)\n' +
            '[ 4][t 0][2024-10-30 23:27:18.586000][transaction.cpp:2684]\taction_reserve_currency: mode=0, reserve=2100000000ng, balance=3066611563ng, original balance=2100000000ng\n' +
            '[ 3][t 0][2024-10-30 23:27:18.586000][transaction.cpp:2729]\tchanged remaining balance to 966611563ng, reserved balance to 2100000000ng\n' +
            '[ 4][t 0][2024-10-30 23:27:18.586000][transaction.cpp:2448]\tstorage paid for a message: 1 cells, 96 bits\n' +
            '[ 4][t 0][2024-10-30 23:27:18.586000][transaction.cpp:2452]\tcomputed fwd fees = 478400 + 0\n',
          vmLogs: 'xecute EQUAL\n' +
            'execute THROWIF 137\n' +
            'execute PUSHPOW2 10\n' +
            'execute EQUAL\n' +
            'execute THROWIFNOT 136\n' +
            'execute STSLICER\n' +
            'execute ENDC\n' +
            'execute ROT\n' +
            'execute STREF\n' +
            'execute ENDC\n' +
            'execute SWAP\n' +
            'execute STREF\n' +
            'execute implicit RET\n' +
            'execute ENDC\n' +
            'execute POP c4\n' +
            'execute implicit RET\n',
          debugLogs: '',
          events: [Array],
          parent: [Object],
          children: [Array],
          externals: []
        },
        children: [ [Object] ],
        externals: []
      },
      {
        address: 37254810366437813475271750514734067285117962570475561289538093995582013161784n,
        lt: 38000000n,
        prevTransactionHash: 29992760460001401141302406108917334695201254910612896337084780795803414936545n,
        prevTransactionLt: 36000000n,
        now: 1732922838,
        outMessagesCount: 4,
        oldStatus: 'active',
        endStatus: 'active',
        inMessage: {
          info: [Object],
          init: null,
          body: x{B687AB17000000000000000000000000}
           x{02202FAF080202FAF08021DCD65001CC4B4021DCD65003391606B3397F7EB3391606B33A526EB00000000800000004_}
            x{801028CD38D6A9FB165BB1D27554DCBBC8B7A064E07EF4C3832956828113614F545_}
        },
        outMessages: Dictionary { _key: [Object], _value: [Object], _map: [Map] },
        totalFees: { coins: 31153972n },
        stateUpdate: {
          oldHash: <Buffer fc 5d a0 2f 85 55 3e a7 79 d0 01 fc bb 54 e0 ec 5f 4e 93 e4 dc c4 f3 8f a2 36 0b 33 c8 86 8a 89>,
          newHash: <Buffer ff 4c dd 26 e4 b9 20 ed 5d 47 60 71 0c 53 e1 25 68 91 7b 42 b7 c7 07 22 84 67 a6 3b dd 77 39 64>
        },
        description: {
          type: 'generic',
          creditFirst: false,
          storagePhase: [Object],
          creditPhase: [Object],
          computePhase: [Object],
          actionPhase: [Object],
          bouncePhase: undefined,
          aborted: false,
          destroyed: false
        },
        raw: x{7525D79B589F1D73B879432CD1A596C0F9C42CF460467BBB795DA5A20C021C138000000000243D580424F4D03BE4A045E6B1C2D6B98BE5D3E536073CCA6C31A893F75D30C1619BBE10000000002255100674A4DD600094803B6BE68}
         x{E_}
          x{680173A49878148A4F6041C04B952AC2638BD6A1025222AF84BFAF2C3BE5A07436D50014975E6D627C75CEE1E50CB346965B03E710B3D18119EEEDE57696883008704E10E51839CC0610D45E0000000004692682CE949BAC5B43D58B8000000000000000000000004_}
           x{02202FAF080202FAF08021DCD65001CC4B4021DCD65003391606B3397F7EB3391606B33A526EB00000000800000004_}
            x{801028CD38D6A9FB165BB1D27554DCBBC8B7A064E07EF4C3832956828113614F545_}
          x{DB_}
           x{2_}
            x{2_}
             x{6800A4BAF36B13E3AE770F28659A34B2D81F38859E8C08CF776F2BB4B44180438271001F33C9E03834F86C2DA0166D0212C129A321D08D5D171B4080758BCF48863C4D90101931000609BBB0000000000487AB02CE949BACC_}
              x{BC26F4C80000000000000000}
            x{2_}
             x{6800A4BAF36B13E3AE770F28659A34B2D81F38859E8C08CF776F2BB4B4418043827100384BA6D6A6B7DF2422C44C909493A07C03CA0A1FF860A7ED8531810050149DDF10101931000609BBB0000000000487AB04CE949BACC_}
              x{BC26F4C80000000000000001}
           x{2_}
            x{2_}
             x{E00292EBCDAC4F8EB9DC3CA19668D2CB607CE2167A30233DDDBCAED2D106010E09C0000000000487AB06CE949BACC_}
              x{8B6D3812000000000000000000000000801028CD38D6A9FB165BB1D27554DCBBC8B7A064E07EF4C3832956828113614F544877359401_}
            x{2_}
             x{4800A4BAF36B13E3AE770F28659A34B2D81F38859E8C08CF776F2BB4B44180438271002E74930F029149EC08380972A5584C717AD4204A4455F097F5E5877CB40E86DA90BCA3A88C0656E1D8000000000487AB08CE949BADE_}
              x{34_}
               x{FF00F4A413F4BCF2C80B}
                x{62_}
                 x{D001D0D3030171B0A301FA400120D74981010BBAF2E08820D70B0A208104FFBAF2D0898309BAF2E088545053036F04F86102F862DB3C5512DB3CF2E082}
                  x{ED44D0D401F863D200018E2FD31FFA400120D74981010BBAF2E08820D70B0A208104FFBAF2D0898309BAF2E08801D2000191D4926D01E255206C13E0F828D70B0A8309BAF2E089810101D700FA400120D74981010BBAF2E08820D70B0A208104FFBAF2D0898309BAF2E0881202D101DB3C}
                   x{6D}
                  x{0192307FE07021D749C21F953020D70B1FDE208210AFE93535BA8F5130D31F018210AFE93535BAF2E081D33FFA400120D74981010BBAF2E08820D70B0A208104FFBAF2D0898309BAF2E08801D455206C1332820898968070FB024434DB3C30037083067055206D6D6DDB3C597FE0208210B8A3AA14BAE302}
                   x{F8425220C705F2E084}
                   x{C87101CA01500701CA007001CA02500520D74981010BBAF2E08820D70B0A208104FFBAF2D0898309BAF2E088CF165003FA027001CA68236EB3917F93246EB3E2973333017001CA00E30D216EB39C7F01CA0001206EF2D08001CC95317001CA00E2C901FB00}
                    x{7F01CA00C87001CA007001CA00246EB39D7F01CA0004206EF2D0805004CC9634037001CA00E2246EB39D7F01CA0004206EF2D0805004CC9634037001CA00E27001CA00027F01CA0002C958CC}
                   x{30D31F018210B8A3AA14BAF2E081D33FFA400120D74981010BBAF2E08820D70B0A208104FFBAF2D0898309BAF2E088126C12317020FB025520DB3C03708100A07055206D6D6DDB3C587F}
                    x{F8425220C705F2E084}
                    x{C87101CA01500701CA007001CA02500520D74981010BBAF2E08820D70B0A208104FFBAF2D0898309BAF2E088CF165003FA027001CA68236EB3917F93246EB3E2973333017001CA00E30D216EB39C7F01CA0001206EF2D08001CC95317001CA00E2C901FB00}
                     x{7F01CA00C87001CA007001CA00246EB39D7F01CA0004206EF2D0805004CC9634037001CA00E2246EB39D7F01CA0004206EF2D0805004CC9634037001CA00E27001CA00027F01CA0002C958CC}
                   x{8210E601F8E5BA8ECED31F018210E601F8E5BAF2E081D33F0131820898968070FB02F8416F2410235F037083067F25206EF2D080542580C855208210B687AB175004CB1F12CB3FCB1FCCC9103441301443306D6DDB3C7FE03070}
                    x{C87101CA01500701CA007001CA02500520D74981010BBAF2E08820D70B0A208104FFBAF2D0898309BAF2E088CF165003FA027001CA68236EB3917F93246EB3E2973333017001CA00E30D216EB39C7F01CA0001206EF2D08001CC95317001CA00E2C901FB00}
                     x{7F01CA00C87001CA007001CA00246EB39D7F01CA0004206EF2D0805004CC9634037001CA00E2246EB39D7F01CA0004206EF2D0805004CC9634037001CA00E27001CA00027F01CA0002C958CC}
                  x{C8F84301CC7F01CA0055205023CB1F0120D74981010BBAF2E08820D70B0A208104FFBAF2D0898309BAF2E088CF16216EB3957F01CA00CC947032CA00E2C9ED54}
                 x{2_}
                  x{BE28EED9E6D9E3618C_}
                   x{ED44D0D401F863D200018E2FD31FFA400120D74981010BBAF2E08820D70B0A208104FFBAF2D0898309BAF2E08801D2000191D4926D01E255206C13E0F828D70B0A8309BAF2E089810101D700FA400120D74981010BBAF2E08820D70B0A208104FFBAF2D0898309BAF2E0881202D101DB3C}
                    x{6D}
                   x{21}
                  x{2_}
                   x{4}
                    x{B1D8B6CF36CF1B0C6_}
                     x{ED44D0D401F863D200018E2FD31FFA400120D74981010BBAF2E08820D70B0A208104FFBAF2D0898309BAF2E08801D2000191D4926D01E255206C13E0F828D70B0A8309BAF2E089810101D700FA400120D74981010BBAF2E08820D70B0A208104FFBAF2D0898309BAF2E0881202D101DB3C}
                      x{6D}
                     x{20}
                    x{B36436CF36CF1B0C6_}
                     x{ED44D0D401F863D200018E2FD31FFA400120D74981010BBAF2E08820D70B0A208104FFBAF2D0898309BAF2E08801D2000191D4926D01E255206C13E0F828D70B0A8309BAF2E089810101D700FA400120D74981010BBAF2E08820D70B0A208104FFBAF2D0898309BAF2E0881202D101DB3C}
                      x{6D}
                     x{22}
                   x{B82BEED44D0D20001}
               x{0000000000000000000000000000000000000000000000000000000000000000200292EBCDAC4F8EB9DC3CA19668D2CB607CE2167A30233DDDBCAED2D106010E09C4_}
                x{C_}
                 x{A0838F_}
                  x{FF00F4A413F4BCF2C80B}
                   x{62_}
                    x{D001D0D3030171B0A301FA400120D74981010BBAF2E08820D70B0A208104FFBAF2D0898309BAF2E088545053036F04F86102F862DB3C5512DB3CF2E082}
                     x{ED44D0D401F863D200018E2FD31FFA400120D74981010BBAF2E08820D70B0A208104FFBAF2D0898309BAF2E08801D2000191D4926D01E255206C13E0F828D70B0A8309BAF2E089810101D700FA400120D74981010BBAF2E08820D70B0A208104FFBAF2D0898309BAF2E0881202D101DB3C}
                      x{6D}
                     x{0192307FE07021D749C21F953020D70B1FDE208210AFE93535BA8F5130D31F018210AFE93535BAF2E081D33FFA400120D74981010BBAF2E08820D70B0A208104FFBAF2D0898309BAF2E08801D455206C1332820898968070FB024434DB3C30037083067055206D6D6DDB3C597FE0208210B8A3AA14BAE302}
                      x{F8425220C705F2E084}
                      x{C87101CA01500701CA007001CA02500520D74981010BBAF2E08820D70B0A208104FFBAF2D0898309BAF2E088CF165003FA027001CA68236EB3917F93246EB3E2973333017001CA00E30D216EB39C7F01CA0001206EF2D08001CC95317001CA00E2C901FB00}
                       x{7F01CA00C87001CA007001CA00246EB39D7F01CA0004206EF2D0805004CC9634037001CA00E2246EB39D7F01CA0004206EF2D0805004CC9634037001CA00E27001CA00027F01CA0002C958CC}
                      x{30D31F018210B8A3AA14BAF2E081D33FFA400120D74981010BBAF2E08820D70B0A208104FFBAF2D0898309BAF2E088126C12317020FB025520DB3C03708100A07055206D6D6DDB3C587F}
                       x{F8425220C705F2E084}
                       x{C87101CA01500701CA007001CA02500520D74981010BBAF2E08820D70B0A208104FFBAF2D0898309BAF2E088CF165003FA027001CA68236EB3917F93246EB3E2973333017001CA00E30D216EB39C7F01CA0001206EF2D08001CC95317001CA00E2C901FB00}
                        x{7F01CA00C87001CA007001CA00246EB39D7F01CA0004206EF2D0805004CC9634037001CA00E2246EB39D7F01CA0004206EF2D0805004CC9634037001CA00E27001CA00027F01CA0002C958CC}
                      x{8210E601F8E5BA8ECED31F018210E601F8E5BAF2E081D33F0131820898968070FB02F8416F2410235F037083067F25206EF2D080542580C855208210B687AB175004CB1F12CB3FCB1FCCC9103441301443306D6DDB3C7FE03070}
                       x{C87101CA01500701CA007001CA02500520D74981010BBAF2E08820D70B0A208104FFBAF2D0898309BAF2E088CF165003FA027001CA68236EB3917F93246EB3E2973333017001CA00E30D216EB39C7F01CA0001206EF2D08001CC95317001CA00E2C901FB00}
                        x{7F01CA00C87001CA007001CA00246EB39D7F01CA0004206EF2D0805004CC9634037001CA00E2246EB39D7F01CA0004206EF2D0805004CC9634037001CA00E27001CA00027F01CA0002C958CC}
                     x{C8F84301CC7F01CA0055205023CB1F0120D74981010BBAF2E08820D70B0A208104FFBAF2D0898309BAF2E088CF16216EB3957F01CA00CC947032CA00E2C9ED54}
                    x{2_}
                     x{BE28EED9E6D9E3618C_}
                      x{ED44D0D401F863D200018E2FD31FFA400120D74981010BBAF2E08820D70B0A208104FFBAF2D0898309BAF2E08801D2000191D4926D01E255206C13E0F828D70B0A8309BAF2E089810101D700FA400120D74981010BBAF2E08820D70B0A208104FFBAF2D0898309BAF2E0881202D101DB3C}
                       x{6D}
                      x{21}
                     x{2_}
                      x{4}
                       x{B1D8B6CF36CF1B0C6_}
                        x{ED44D0D401F863D200018E2FD31FFA400120D74981010BBAF2E08820D70B0A208104FFBAF2D0898309BAF2E08801D2000191D4926D01E255206C13E0F828D70B0A8309BAF2E089810101D700FA400120D74981010BBAF2E08820D70B0A208104FFBAF2D0898309BAF2E0881202D101DB3C}
                         x{6D}
                        x{20}
                       x{B36436CF36CF1B0C6_}
                        x{ED44D0D401F863D200018E2FD31FFA400120D74981010BBAF2E08820D70B0A208104FFBAF2D0898309BAF2E08801D2000191D4926D01E255206C13E0F828D70B0A8309BAF2E089810101D700FA400120D74981010BBAF2E08820D70B0A208104FFBAF2D0898309BAF2E0881202D101DB3C}
                         x{6D}
                        x{22}
                      x{B82BEED44D0D20001}
              x{B8A3AA140000000000000000801D3E5E1B0970E52ABD4EA639AED542E118FE33D2F03FE072737A6B74A8FDC2C69_}
         x{72FC5DA02F85553EA779D001FCBB54E0EC5F4E93E4DCC4F38FA2360B33C8868A89FF4CDD26E4B920ED5D4760710C53E12568917B42B7C707228467A63BDD773964}
         x{04090E51839CD88036EE1C11_}
          x{602327CC3D09000000000000000007C100000000000000000000000000000000000000000000000000000000000000000000000000000000000000000000000000000000000000000000000000000000}
          x{C9AC8D784C8FB95000000000000A0002000000086C667028F3CC35C5E1D1AEB75B20D68906AE33005305D31C6C00E378213282B048913B24_},
        hash: [Function: hash],
        blockchainLogs: '[ 4][t 0][2024-10-30 23:27:18.592000][transaction.cpp:443]\tunpacking account 525D79B589F1D73B879432CD1A596C0F9C42CF460467BBB795DA5A20C021C138\n' +
          '[ 4][t 0][2024-10-30 23:27:18.592000][transaction.cpp:274]\tlast_paid=1732922838; cells=232 bits=84034 public_cells=0\n' +
          '[ 4][t 0][2024-10-30 23:27:18.592000][transaction.cpp:504]\tend of Account.unpack() for 0:525D79B589F1D73B879432CD1A596C0F9C42CF460467BBB795DA5A20C021C138 (balance = 2100000000ng ; last_trans_lt = 36000000..36000002)\n' +
          '[ 4][t 0][2024-10-30 23:27:18.592000][transaction.cpp:3655]\tblock random seed set to 0000000000000000000000000000000000000000000000000000000000000000\n' +
          '[ 4][t 0][2024-10-30 23:27:18.592000][transaction.cpp:1236]\tgas limits: max=1000000, limit=1000000, credit=0\n' +
          '[ 4][t 0][2024-10-30 23:27:18.592000][transaction.cpp:1575]\tin_msg_state is null\n' +
          '[ 4][t 0][2024-10-30 23:27:18.592000][transaction.cpp:1645]\tcreating VM\n' +
          '[ 4][t 0][2024-10-30 23:27:18.592000][transaction.cpp:1351]\tSmartContractInfo initialized with [ 124711402 0 0 1732922838 38000000 38000000 14068792954309835536948273256715513127174070948738620016199408580766834334284 [ 3060892531 (null) ] CS{Cell{0271c00525d79b589f1d73b879432cd1a596c0f9c42cf460467bbb795da5a20c021c1383d0c05210833a526eb000000000089544091f4add401340} bits: 1..268; refs: 0..0} C{A7EC01478F770EF8F8B037CC7E42F0ABF0D85A50E1828C2394DAD1411691F2DE} C{42B6F0E46484EFC57B9508F6BA7EF42E7512023D5CB4ED5628DD1C7755D16E9D} [ 960892531 (null) ] 0 (null) [ CS{Cell{004dd06600000000000000000000000080000000000000fa00000000000001f4000000000003d09040} bits: 9..305; refs: 0..0} (null) CS{Cell{0094d1000000000000006400000000000f4240de000000002710000000000000000f42400000000002160ec0000000000000271000000000002625a00000000005f5e100000000003b9aca00} bits: 0..592; refs: 0..0} CS{Cell{0094d100000000000000640000000000009c40de000000000190000000000000000f424000000000000f4240000000000000271000000000009896800000000005f5e100000000003b9aca00} bits: 0..592; refs: 0..0} CS{Cell{0042ea000000000098968000000000271000000000000f424000000001800055555555} bits: 0..264; refs: 0..0} CS{Cell{0042ea0000000000061a800000000001900000000000009c4000000001800055555555} bits: 0..264; refs: 0..0} (null) ] 0 (null) ]\n' +
          '[ 4][t 0][2024-10-30 23:27:18.592000][transaction.cpp:1675]\tstarting VM\n' +
          '[ 4][t 0][2024-10-30 23:27:18.594000][transaction.cpp:1680]\tVM terminated with exit code 0\n' +
          '[ 3][t 0][2024-10-30 23:27:18.594000][transaction.cpp:1702]\tsteps: 1985 gas: used=71998, max=1000000, limit=1000000, credit=0\n' +
          '[ 3][t 0][2024-10-30 23:27:18.594000][transaction.cpp:1704]\tout_of_gas=false, accepted=true, success=true, time=0.001615s\n' +
          '[ 4][t 0][2024-10-30 23:27:18.594000][transaction.cpp:1737]\tgas fees: 28799200 = 26214400 * 71998 /2^16 ; price=26214400; flat rate=[40000 for 100]; remaining balance=3032093331ng\n' +
          '[ 3][t 0][2024-10-30 23:27:18.594000][transaction.cpp:2678]\tin try_action_reserve_currency(0)\n' +
          '[ 4][t 0][2024-10-30 23:27:18.594000][transaction.cpp:2684]\taction_reserve_currency: mode=0, reserve=2100000000ng, balance=3032093331ng, original balance=2100000000ng\n' +
          '[ 3][t 0][2024-10-30 23:27:18.594000][transaction.cpp:2729]\tchanged remaining balance to 932093331ng, reserved balance to 2100000000ng\n' +
          '[ 4][t 0][2024-10-30 23:27:18.594000][transaction.cpp:2448]\tstorage paid for a message: 1 cells, 96 bits\n' +
          '[ 4][t 0][2024-10-30 23:27:18.594000][transaction.cpp:2452]\tcomputed fwd fees = 478400 + 0\n' +
          '[ 4][t 0][2024-10-30 23:27:18.594000][transaction.cpp:2448]\tstorage paid for a message: 1 cells, 96 bits\n' +
          '[ 4][t 0][2024-10-30 23:27:18.594000][transaction.cpp:2452]\tcomputed fwd fees = 478400 + 0\n' +
          '[ 4][t 0][2024-10-30 23:27:18.594000][transaction.cpp:2448]\tstorage paid for a message: 1 cells, 431 bits\n' +
          '[ 4][t 0][2024-10-30 23:27:18.594000][transaction.cpp:2452]\tcomputed fwd fees = 612400 + 0\n' +
          '[ 4][t 0][2024-10-30 23:27:18.594000][transaction.cpp:2448]\tstorage paid for a message: 27 cells, 6976 bits\n' +
          '[ 4][t 0][2024-10-30 23:27:18.594000][transaction.cpp:2452]\tcomputed fwd fees = 4270400 + 0\n',
        vmLogs: 'xecute EQUAL\n' +
          'execute THROWIF 137\n' +
          'execute PUSHPOW2 10\n' +
          'execute EQUAL\n' +
          'execute THROWIFNOT 136\n' +
          'execute STSLICER\n' +
          'execute ENDC\n' +
          'execute ROT\n' +
          'execute STREF\n' +
          'execute ENDC\n' +
          'execute SWAP\n' +
          'execute STREF\n' +
          'execute implicit RET\n' +
          'execute ENDC\n' +
          'execute POP c4\n' +
          'execute implicit RET\n',
        debugLogs: '',
        events: [ [Object], [Object], [Object] ],
        parent: {
          address: 84049441022908470316622795825605090351520748406577698494615284512509455375210n,
          lt: 37000000n,
          prevTransactionHash: 85702263048028144343864452429252137028094627075488363642886587429723249313648n,
          prevTransactionLt: 29000000n,
          now: 1732922838,
          outMessagesCount: 1,
          oldStatus: 'active',
          endStatus: 'active',
          inMessage: [Object],
          outMessages: [Dictionary],
          totalFees: [Object],
          stateUpdate: [Object],
          description: [Object],
          raw: x{7B9D24C3C0A4527B020E025CA956131C5EB5081291157C25FD7961DF2D03A1B6A0000000002349340BD79C30C417A58022DD4AE8BC6A0E139964B66E82279312643412C427D2007700000000001BA8140674A4DD60003468F1A12}
           x{E_}
            x{6800A4BAF36B13E3AE770F28659A34B2D81F38859E8C08CF776F2BB4B44180438271002E74930F029149EC08380972A5584C717AD4204A4455F097F5E5877CB40E86DA90E65816AC0609BBB000000000044AA202CE949BAC7300FC7280000000000000004_}
            x{DF_}
             x{680173A49878148A4F6041C04B952AC2638BD6A1025222AF84BFAF2C3BE5A07436D50014975E6D627C75CEE1E50CB346965B03E710B3D18119EEEDE57696883008704E10E51839CC0610D45E0000000004692682CE949BACC_}
              x{B687AB17000000000000000000000000}
               x{02202FAF080202FAF08021DCD65001CC4B4021DCD65003391606B3397F7EB3391606B33A526EB00000000800000004_}
                x{801028CD38D6A9FB165BB1D27554DCBBC8B7A064E07EF4C3832956828113614F545_}
           x{72DACD74C15F2CA1408A62C2A01484ADD0EF38A45BB44C592C6F4FAEC4B930B6E2761BF7DF651A9A98CE1EF6E892C6EAC0B5B1CC02A25402AD333B2F7376307C11}
           x{04C32FDA090E65816AD866D31211_}
            x{445E2C3D09000000000000000000FE00000000000000000000000000000000000000000000000000000000000000000000000000000000000000000000000000000000000000000000000000000000}
            x{C9864FA04C10D4440000000000040002000000029FCBACF5DB5CBFBC30DF629FF6939F4299DA34BD1B755F33708C6F7C7EF4459841102E0C_},
          hash: [Function: hash],
          blockchainLogs: '[ 4][t 0][2024-10-30 23:27:18.589000][transaction.cpp:443]\tunpacking account B9D24C3C0A4527B020E025CA956131C5EB5081291157C25FD7961DF2D03A1B6A\n' +
            '[ 4][t 0][2024-10-30 23:27:18.589000][transaction.cpp:274]\tlast_paid=1730330838; cells=28 bits=7123 public_cells=0\n' +
            '[ 4][t 0][2024-10-30 23:27:18.589000][transaction.cpp:504]\tend of Account.unpack() for 0:B9D24C3C0A4527B020E025CA956131C5EB5081291157C25FD7961DF2D03A1B6A (balance = 10000000ng ; last_trans_lt = 29000000..29000002)\n' +
            '[ 4][t 0][2024-10-30 23:27:18.589000][transaction.cpp:3655]\tblock random seed set to 0000000000000000000000000000000000000000000000000000000000000000\n' +
            '[ 4][t 0][2024-10-30 23:27:18.589000][transaction.cpp:1236]\tgas limits: max=1000000, limit=1000000, credit=0\n' +
            '[ 4][t 0][2024-10-30 23:27:18.589000][transaction.cpp:1575]\tin_msg_state is null\n' +
            '[ 4][t 0][2024-10-30 23:27:18.589000][transaction.cpp:1645]\tcreating VM\n' +
            '[ 4][t 0][2024-10-30 23:27:18.589000][transaction.cpp:1351]\tSmartContractInfo initialized with [ 124711402 0 0 1732922838 37000000 37000000 84630195367514639409622924175749312199831056191303332875639359062248049886761 [ 975297731 (null) ] CS{Cell{026dc00b9d24c3c0a4527b020e025ca956131c5eb5081291157c25fd7961df2d03a1b6a23886f4c3391606b00000000006ea0508e625a01340} bits: 1..268; refs: 0..0} C{A7EC01478F770EF8F8B037CC7E42F0ABF0D85A50E1828C2394DAD1411691F2DE} C{F2179DCD5CFD8A1E113288591FFB7A5E10E107D0D2C36DF69E40398023DAA7B1} [ 966133163 (null) ] 835432 (null) [ CS{Cell{004dd06600000000000000000000000080000000000000fa00000000000001f4000000000003d09040} bits: 9..305; refs: 0..0} (null) CS{Cell{0094d1000000000000006400000000000f4240de000000002710000000000000000f42400000000002160ec0000000000000271000000000002625a00000000005f5e100000000003b9aca00} bits: 0..592; refs: 0..0} CS{Cell{0094d100000000000000640000000000009c40de000000000190000000000000000f424000000000000f4240000000000000271000000000009896800000000005f5e100000000003b9aca00} bits: 0..592; refs: 0..0} CS{Cell{0042ea000000000098968000000000271000000000000f424000000001800055555555} bits: 0..264; refs: 0..0} CS{Cell{0042ea0000000000061a800000000001900000000000009c4000000001800055555555} bits: 0..264; refs: 0..0} (null) ] 0 (null) ]\n' +
            '[ 4][t 0][2024-10-30 23:27:18.589000][transaction.cpp:1675]\tstarting VM\n' +
            '[ 4][t 0][2024-10-30 23:27:18.589000][transaction.cpp:1680]\tVM terminated with exit code 0\n' +
            '[ 3][t 0][2024-10-30 23:27:18.589000][transaction.cpp:1702]\tsteps: 254 gas: used=8945, max=1000000, limit=1000000, credit=0\n' +
            '[ 3][t 0][2024-10-30 23:27:18.589000][transaction.cpp:1704]\tout_of_gas=false, accepted=true, success=true, time=0.000249s\n' +
            '[ 4][t 0][2024-10-30 23:27:18.589000][transaction.cpp:1737]\tgas fees: 3578000 = 26214400 * 8945 /2^16 ; price=26214400; flat rate=[40000 for 100]; remaining balance=971719731ng\n' +
            '[ 3][t 0][2024-10-30 23:27:18.589000][transaction.cpp:2678]\tin try_action_reserve_currency(0)\n' +
            '[ 4][t 0][2024-10-30 23:27:18.589000][transaction.cpp:2684]\taction_reserve_currency: mode=0, reserve=10000000ng, balance=971719731ng, original balance=9164568ng\n' +
            '[ 3][t 0][2024-10-30 23:27:18.589000][transaction.cpp:2729]\tchanged remaining balance to 961719731ng, reserved balance to 10000000ng\n' +
            '[ 4][t 0][2024-10-30 23:27:18.589000][transaction.cpp:2448]\tstorage paid for a message: 3 cells, 768 bits\n' +
            '[ 4][t 0][2024-10-30 23:27:18.589000][transaction.cpp:2452]\tcomputed fwd fees = 827200 + 0\n',
          vmLogs: 'ecute STSLICER\n' +
            'execute OVER\n' +
            'execute ISNULL\n' +
            'execute NOT\n' +
            'execute PUSHCONT x7F01CA00CC\n' +
            'execute PUSHCONT x7032CA00\n' +
            'execute IFELSE\n' +
            'execute PUSHINT -1\n' +
            'execute SWAP\n' +
            'execute STI 1\n' +
            'execute STREF\n' +
            'execute implicit RET\n' +
            'execute ENDC\n' +
            'execute POP c4\n' +
            'execute implicit RET\n',
          debugLogs: '',
          events: [Array],
          parent: [Object],
          children: [Array],
          externals: []
        },
        children: [ [Object], [Object], [Object] ],
        externals: [ [Object] ]
      },
      {
        address: 56452803209391972311245829800318013664241380452486081517026592719308720763190n,
        lt: 39000000n,
        prevTransactionHash: 49162274675413260344990375239876453711669571171807958476384034159839683532815n,
        prevTransactionLt: 28000000n,
        now: 1732922838,
        outMessagesCount: 1,
        oldStatus: 'active',
        endStatus: 'active',
        inMessage: { info: [Object], init: null, body: x{BC26F4C80000000000000000} },
        outMessages: Dictionary { _key: [Object], _value: [Object], _map: [Map] },
        totalFees: { coins: 5334831n },
        stateUpdate: {
          oldHash: <Buffer 53 6d 4c 1c e6 39 31 c1 6b 3a c1 b9 89 f8 62 5d 65 8f 4b de 3d 63 8d 3e b3 18 cc 7b 60 db 78 55>,
          newHash: <Buffer ba 5e 48 0c c7 1b 36 84 60 7c 0f 96 80 b1 8a d7 ff 77 87 7c be 88 0a a1 99 35 df ef 83 d0 38 24>
        },
        description: {
          type: 'generic',
          creditFirst: false,
          storagePhase: [Object],
          creditPhase: [Object],
          computePhase: [Object],
          actionPhase: [Object],
          bouncePhase: undefined,
          aborted: false,
          destroyed: false
        },
        raw: x{77CCF2780E0D3E1B0B68059B4084B04A68C874235745C6D0201D62F3D2218F13600000000025317C06CB0DC841409B60E3DED0E7C3BAB6AFBD113DE555FB9B77488377FED136BD80F0000000001AB3F00674A4DD6000346A2CE5E}
         x{E_}
          x{6800A4BAF36B13E3AE770F28659A34B2D81F38859E8C08CF776F2BB4B44180438271001F33C9E03834F86C2DA0166D0212C129A321D08D5D171B4080758BCF48863C4D90101931000609BBB0000000000487AB02CE949BAC5E137A6400000000000000004_}
          x{DF_}
           x{6800F99E4F01C1A7C3616D00B3681096094D190E846AE8B8DA0403AC5E7A4431E26D0014975E6D627C75CEE1E50CB346965B03E710B3D18119EEEDE57696883008704E101119EF88060DFF5E0000000004A62F82CE949BACC_}
            x{2A004A0500000000000000000000000000000000000000000000000000000000000000000000000000000000C00814669C6B54FD8B2DD8E93AAA6E5DE45BD032703F7A61C194AB414089B0A7AA2}
         x{72536D4C1CE63931C16B3AC1B989F8625D658F4BDE3D638D3EB318CC7B60DB7855BA5E480CC71B3684607C0F9680B18AD7FF77877CBE880AA19935DFEF83D03824}
         x{04C4360789010193101867A1E811_}
          x{44E28C0A4D9000000000000000013D00000000000000000000000000000000000000000000000000000000000000000000000000000000000000000000000000000000000000000000000000000000}
          x{C9853FC04C0DFF44000000000002000000000002E314399E9181B61CA6ACAC445010D6EB366B5E165776588A9812DBEC1225A8904090296C_},
        hash: [Function: hash],
        blockchainLogs: '[ 4][t 0][2024-10-30 23:27:18.599000][transaction.cpp:443]\tunpacking account 7CCF2780E0D3E1B0B68059B4084B04A68C874235745C6D0201D62F3D2218F136\n' +
          '[ 4][t 0][2024-10-30 23:27:18.599000][transaction.cpp:274]\tlast_paid=1730330838; cells=30 bits=12911 public_cells=0\n' +
          '[ 4][t 0][2024-10-30 23:27:18.599000][transaction.cpp:504]\tend of Account.unpack() for 0:7CCF2780E0D3E1B0B68059B4084B04A68C874235745C6D0201D62F3D2218F136 (balance = 10000000ng ; last_trans_lt = 28000000..28000002)\n' +
          '[ 4][t 0][2024-10-30 23:27:18.599000][transaction.cpp:3655]\tblock random seed set to 0000000000000000000000000000000000000000000000000000000000000000\n' +
          '[ 4][t 0][2024-10-30 23:27:18.599000][transaction.cpp:1236]\tgas limits: max=191044, limit=168804, credit=0\n' +
          '[ 4][t 0][2024-10-30 23:27:18.599000][transaction.cpp:1575]\tin_msg_state is null\n' +
          '[ 4][t 0][2024-10-30 23:27:18.599000][transaction.cpp:1645]\tcreating VM\n' +
          '[ 4][t 0][2024-10-30 23:27:18.599000][transaction.cpp:1351]\tSmartContractInfo initialized with [ 124711402 0 0 1732922838 39000000 39000000 17158678860825839941702393232993838109470607978381324670400578166443069604636 [ 76417698 (null) ] CS{Cell{026dc007ccf2780e0d3e1b0b68059b4084b04a68c874235745c6d0201d62f3d2218f13623c8c9bc3391606b00000000006acfc08e625a01340} bits: 1..268; refs: 0..0} C{A7EC01478F770EF8F8B037CC7E42F0ABF0D85A50E1828C2394DAD1411691F2DE} C{33BB148A451AD17F938AA7C476E48F2B79933715F13F1D58F9234A90730321A8} [ 67521600 (null) ] 1103902 (null) [ CS{Cell{004dd06600000000000000000000000080000000000000fa00000000000001f4000000000003d09040} bits: 9..305; refs: 0..0} (null) CS{Cell{0094d1000000000000006400000000000f4240de000000002710000000000000000f42400000000002160ec0000000000000271000000000002625a00000000005f5e100000000003b9aca00} bits: 0..592; refs: 0..0} CS{Cell{0094d100000000000000640000000000009c40de000000000190000000000000000f424000000000000f4240000000000000271000000000009896800000000005f5e100000000003b9aca00} bits: 0..592; refs: 0..0} CS{Cell{0042ea000000000098968000000000271000000000000f424000000001800055555555} bits: 0..264; refs: 0..0} CS{Cell{0042ea0000000000061a800000000001900000000000009c4000000001800055555555} bits: 0..264; refs: 0..0} (null) ] 0 (null) ]\n' +
          '[ 4][t 0][2024-10-30 23:27:18.599000][transaction.cpp:1675]\tstarting VM\n' +
          '[ 4][t 0][2024-10-30 23:27:18.599000][transaction.cpp:1680]\tVM terminated with exit code 0\n' +
          '[ 3][t 0][2024-10-30 23:27:18.599000][transaction.cpp:1702]\tsteps: 317 gas: used=10004, max=191044, limit=168804, credit=0\n' +
          '[ 3][t 0][2024-10-30 23:27:18.599000][transaction.cpp:1704]\tout_of_gas=false, accepted=true, success=true, time=0.000300s\n' +
          '[ 4][t 0][2024-10-30 23:27:18.599000][transaction.cpp:1737]\tgas fees: 4001600 = 26214400 * 10004 /2^16 ; price=26214400; flat rate=[40000 for 100]; remaining balance=72416098ng\n' +
          '[ 4][t 0][2024-10-30 23:27:18.599000][transaction.cpp:2448]\tstorage paid for a message: 1 cells, 620 bits\n' +
          '[ 4][t 0][2024-10-30 23:27:18.599000][transaction.cpp:2452]\tcomputed fwd fees = 688000 + 0\n',
        vmLogs: 'e implicit RET\n' +
          'execute OVER\n' +
          'execute ISNULL\n' +
          'execute NOT\n' +
          'execute PUSHCONT x7F01CA00CC\n' +
          'execute PUSHCONT x7032CA00\n' +
          'execute IFELSE\n' +
          'execute PUSHINT -1\n' +
          'execute SWAP\n' +
          'execute STI 1\n' +
          'execute STREF\n' +
          'execute implicit RET\n' +
          'execute ENDC\n' +
          'execute POP c4\n' +
          'execute implicit RET\n',
        debugLogs: '',
        events: [ [Object] ],
        parent: {
          address: 37254810366437813475271750514734067285117962570475561289538093995582013161784n,
          lt: 38000000n,
          prevTransactionHash: 29992760460001401141302406108917334695201254910612896337084780795803414936545n,
          prevTransactionLt: 36000000n,
          now: 1732922838,
          outMessagesCount: 4,
          oldStatus: 'active',
          endStatus: 'active',
          inMessage: [Object],
          outMessages: [Dictionary],
          totalFees: [Object],
          stateUpdate: [Object],
          description: [Object],
          raw: x{7525D79B589F1D73B879432CD1A596C0F9C42CF460467BBB795DA5A20C021C138000000000243D580424F4D03BE4A045E6B1C2D6B98BE5D3E536073CCA6C31A893F75D30C1619BBE10000000002255100674A4DD600094803B6BE68}
           x{E_}
            x{680173A49878148A4F6041C04B952AC2638BD6A1025222AF84BFAF2C3BE5A07436D50014975E6D627C75CEE1E50CB346965B03E710B3D18119EEEDE57696883008704E10E51839CC0610D45E0000000004692682CE949BAC5B43D58B8000000000000000000000004_}
             x{02202FAF080202FAF08021DCD65001CC4B4021DCD65003391606B3397F7EB3391606B33A526EB00000000800000004_}
              x{801028CD38D6A9FB165BB1D27554DCBBC8B7A064E07EF4C3832956828113614F545_}
            x{DB_}
             x{2_}
              x{2_}
               x{6800A4BAF36B13E3AE770F28659A34B2D81F38859E8C08CF776F2BB4B44180438271001F33C9E03834F86C2DA0166D0212C129A321D08D5D171B4080758BCF48863C4D90101931000609BBB0000000000487AB02CE949BACC_}
                x{BC26F4C80000000000000000}
              x{2_}
               x{6800A4BAF36B13E3AE770F28659A34B2D81F38859E8C08CF776F2BB4B4418043827100384BA6D6A6B7DF2422C44C909493A07C03CA0A1FF860A7ED8531810050149DDF10101931000609BBB0000000000487AB04CE949BACC_}
                x{BC26F4C80000000000000001}
             x{2_}
              x{2_}
               x{E00292EBCDAC4F8EB9DC3CA19668D2CB607CE2167A30233DDDBCAED2D106010E09C0000000000487AB06CE949BACC_}
                x{8B6D3812000000000000000000000000801028CD38D6A9FB165BB1D27554DCBBC8B7A064E07EF4C3832956828113614F544877359401_}
              x{2_}
               x{4800A4BAF36B13E3AE770F28659A34B2D81F38859E8C08CF776F2BB4B44180438271002E74930F029149EC08380972A5584C717AD4204A4455F097F5E5877CB40E86DA90BCA3A88C0656E1D8000000000487AB08CE949BADE_}
                x{34_}
                 x{FF00F4A413F4BCF2C80B}
                  x{62_}
                   x{D001D0D3030171B0A301FA400120D74981010BBAF2E08820D70B0A208104FFBAF2D0898309BAF2E088545053036F04F86102F862DB3C5512DB3CF2E082}
                    x{ED44D0D401F863D200018E2FD31FFA400120D74981010BBAF2E08820D70B0A208104FFBAF2D0898309BAF2E08801D2000191D4926D01E255206C13E0F828D70B0A8309BAF2E089810101D700FA400120D74981010BBAF2E08820D70B0A208104FFBAF2D0898309BAF2E0881202D101DB3C}
                     x{6D}
                    x{0192307FE07021D749C21F953020D70B1FDE208210AFE93535BA8F5130D31F018210AFE93535BAF2E081D33FFA400120D74981010BBAF2E08820D70B0A208104FFBAF2D0898309BAF2E08801D455206C1332820898968070FB024434DB3C30037083067055206D6D6DDB3C597FE0208210B8A3AA14BAE302}
                     x{F8425220C705F2E084}
                     x{C87101CA01500701CA007001CA02500520D74981010BBAF2E08820D70B0A208104FFBAF2D0898309BAF2E088CF165003FA027001CA68236EB3917F93246EB3E2973333017001CA00E30D216EB39C7F01CA0001206EF2D08001CC95317001CA00E2C901FB00}
                      x{7F01CA00C87001CA007001CA00246EB39D7F01CA0004206EF2D0805004CC9634037001CA00E2246EB39D7F01CA0004206EF2D0805004CC9634037001CA00E27001CA00027F01CA0002C958CC}
                     x{30D31F018210B8A3AA14BAF2E081D33FFA400120D74981010BBAF2E08820D70B0A208104FFBAF2D0898309BAF2E088126C12317020FB025520DB3C03708100A07055206D6D6DDB3C587F}
                      x{F8425220C705F2E084}
                      x{C87101CA01500701CA007001CA02500520D74981010BBAF2E08820D70B0A208104FFBAF2D0898309BAF2E088CF165003FA027001CA68236EB3917F93246EB3E2973333017001CA00E30D216EB39C7F01CA0001206EF2D08001CC95317001CA00E2C901FB00}
                       x{7F01CA00C87001CA007001CA00246EB39D7F01CA0004206EF2D0805004CC9634037001CA00E2246EB39D7F01CA0004206EF2D0805004CC9634037001CA00E27001CA00027F01CA0002C958CC}
                     x{8210E601F8E5BA8ECED31F018210E601F8E5BAF2E081D33F0131820898968070FB02F8416F2410235F037083067F25206EF2D080542580C855208210B687AB175004CB1F12CB3FCB1FCCC9103441301443306D6DDB3C7FE03070}
                      x{C87101CA01500701CA007001CA02500520D74981010BBAF2E08820D70B0A208104FFBAF2D0898309BAF2E088CF165003FA027001CA68236EB3917F93246EB3E2973333017001CA00E30D216EB39C7F01CA0001206EF2D08001CC95317001CA00E2C901FB00}
                       x{7F01CA00C87001CA007001CA00246EB39D7F01CA0004206EF2D0805004CC9634037001CA00E2246EB39D7F01CA0004206EF2D0805004CC9634037001CA00E27001CA00027F01CA0002C958CC}
                    x{C8F84301CC7F01CA0055205023CB1F0120D74981010BBAF2E08820D70B0A208104FFBAF2D0898309BAF2E088CF16216EB3957F01CA00CC947032CA00E2C9ED54}
                   x{2_}
                    x{BE28EED9E6D9E3618C_}
                     x{ED44D0D401F863D200018E2FD31FFA400120D74981010BBAF2E08820D70B0A208104FFBAF2D0898309BAF2E08801D2000191D4926D01E255206C13E0F828D70B0A8309BAF2E089810101D700FA400120D74981010BBAF2E08820D70B0A208104FFBAF2D0898309BAF2E0881202D101DB3C}
                      x{6D}
                     x{21}
                    x{2_}
                     x{4}
                      x{B1D8B6CF36CF1B0C6_}
                       x{ED44D0D401F863D200018E2FD31FFA400120D74981010BBAF2E08820D70B0A208104FFBAF2D0898309BAF2E08801D2000191D4926D01E255206C13E0F828D70B0A8309BAF2E089810101D700FA400120D74981010BBAF2E08820D70B0A208104FFBAF2D0898309BAF2E0881202D101DB3C}
                        x{6D}
                       x{20}
                      x{B36436CF36CF1B0C6_}
                       x{ED44D0D401F863D200018E2FD31FFA400120D74981010BBAF2E08820D70B0A208104FFBAF2D0898309BAF2E08801D2000191D4926D01E255206C13E0F828D70B0A8309BAF2E089810101D700FA400120D74981010BBAF2E08820D70B0A208104FFBAF2D0898309BAF2E0881202D101DB3C}
                        x{6D}
                       x{22}
                     x{B82BEED44D0D20001}
                 x{0000000000000000000000000000000000000000000000000000000000000000200292EBCDAC4F8EB9DC3CA19668D2CB607CE2167A30233DDDBCAED2D106010E09C4_}
                  x{C_}
                   x{A0838F_}
                    x{FF00F4A413F4BCF2C80B}
                     x{62_}
                      x{D001D0D3030171B0A301FA400120D74981010BBAF2E08820D70B0A208104FFBAF2D0898309BAF2E088545053036F04F86102F862DB3C5512DB3CF2E082}
                       x{ED44D0D401F863D200018E2FD31FFA400120D74981010BBAF2E08820D70B0A208104FFBAF2D0898309BAF2E08801D2000191D4926D01E255206C13E0F828D70B0A8309BAF2E089810101D700FA400120D74981010BBAF2E08820D70B0A208104FFBAF2D0898309BAF2E0881202D101DB3C}
                        x{6D}
                       x{0192307FE07021D749C21F953020D70B1FDE208210AFE93535BA8F5130D31F018210AFE93535BAF2E081D33FFA400120D74981010BBAF2E08820D70B0A208104FFBAF2D0898309BAF2E08801D455206C1332820898968070FB024434DB3C30037083067055206D6D6DDB3C597FE0208210B8A3AA14BAE302}
                        x{F8425220C705F2E084}
                        x{C87101CA01500701CA007001CA02500520D74981010BBAF2E08820D70B0A208104FFBAF2D0898309BAF2E088CF165003FA027001CA68236EB3917F93246EB3E2973333017001CA00E30D216EB39C7F01CA0001206EF2D08001CC95317001CA00E2C901FB00}
                         x{7F01CA00C87001CA007001CA00246EB39D7F01CA0004206EF2D0805004CC9634037001CA00E2246EB39D7F01CA0004206EF2D0805004CC9634037001CA00E27001CA00027F01CA0002C958CC}
                        x{30D31F018210B8A3AA14BAF2E081D33FFA400120D74981010BBAF2E08820D70B0A208104FFBAF2D0898309BAF2E088126C12317020FB025520DB3C03708100A07055206D6D6DDB3C587F}
                         x{F8425220C705F2E084}
                         x{C87101CA01500701CA007001CA02500520D74981010BBAF2E08820D70B0A208104FFBAF2D0898309BAF2E088CF165003FA027001CA68236EB3917F93246EB3E2973333017001CA00E30D216EB39C7F01CA0001206EF2D08001CC95317001CA00E2C901FB00}
                          x{7F01CA00C87001CA007001CA00246EB39D7F01CA0004206EF2D0805004CC9634037001CA00E2246EB39D7F01CA0004206EF2D0805004CC9634037001CA00E27001CA00027F01CA0002C958CC}
                        x{8210E601F8E5BA8ECED31F018210E601F8E5BAF2E081D33F0131820898968070FB02F8416F2410235F037083067F25206EF2D080542580C855208210B687AB175004CB1F12CB3FCB1FCCC9103441301443306D6DDB3C7FE03070}
                         x{C87101CA01500701CA007001CA02500520D74981010BBAF2E08820D70B0A208104FFBAF2D0898309BAF2E088CF165003FA027001CA68236EB3917F93246EB3E2973333017001CA00E30D216EB39C7F01CA0001206EF2D08001CC95317001CA00E2C901FB00}
                          x{7F01CA00C87001CA007001CA00246EB39D7F01CA0004206EF2D0805004CC9634037001CA00E2246EB39D7F01CA0004206EF2D0805004CC9634037001CA00E27001CA00027F01CA0002C958CC}
                       x{C8F84301CC7F01CA0055205023CB1F0120D74981010BBAF2E08820D70B0A208104FFBAF2D0898309BAF2E088CF16216EB3957F01CA00CC947032CA00E2C9ED54}
                      x{2_}
                       x{BE28EED9E6D9E3618C_}
                        x{ED44D0D401F863D200018E2FD31FFA400120D74981010BBAF2E08820D70B0A208104FFBAF2D0898309BAF2E08801D2000191D4926D01E255206C13E0F828D70B0A8309BAF2E089810101D700FA400120D74981010BBAF2E08820D70B0A208104FFBAF2D0898309BAF2E0881202D101DB3C}
                         x{6D}
                        x{21}
                       x{2_}
                        x{4}
                         x{B1D8B6CF36CF1B0C6_}
                          x{ED44D0D401F863D200018E2FD31FFA400120D74981010BBAF2E08820D70B0A208104FFBAF2D0898309BAF2E08801D2000191D4926D01E255206C13E0F828D70B0A8309BAF2E089810101D700FA400120D74981010BBAF2E08820D70B0A208104FFBAF2D0898309BAF2E0881202D101DB3C}
                           x{6D}
                          x{20}
                         x{B36436CF36CF1B0C6_}
                          x{ED44D0D401F863D200018E2FD31FFA400120D74981010BBAF2E08820D70B0A208104FFBAF2D0898309BAF2E08801D2000191D4926D01E255206C13E0F828D70B0A8309BAF2E089810101D700FA400120D74981010BBAF2E08820D70B0A208104FFBAF2D0898309BAF2E0881202D101DB3C}
                           x{6D}
                          x{22}
                        x{B82BEED44D0D20001}
                x{B8A3AA140000000000000000801D3E5E1B0970E52ABD4EA639AED542E118FE33D2F03FE072737A6B74A8FDC2C69_}
           x{72FC5DA02F85553EA779D001FCBB54E0EC5F4E93E4DCC4F38FA2360B33C8868A89FF4CDD26E4B920ED5D4760710C53E12568917B42B7C707228467A63BDD773964}
           x{04090E51839CD88036EE1C11_}
            x{602327CC3D09000000000000000007C100000000000000000000000000000000000000000000000000000000000000000000000000000000000000000000000000000000000000000000000000000000}
            x{C9AC8D784C8FB95000000000000A0002000000086C667028F3CC35C5E1D1AEB75B20D68906AE33005305D31C6C00E378213282B048913B24_},
          hash: [Function: hash],
          blockchainLogs: '[ 4][t 0][2024-10-30 23:27:18.592000][transaction.cpp:443]\tunpacking account 525D79B589F1D73B879432CD1A596C0F9C42CF460467BBB795DA5A20C021C138\n' +
            '[ 4][t 0][2024-10-30 23:27:18.592000][transaction.cpp:274]\tlast_paid=1732922838; cells=232 bits=84034 public_cells=0\n' +
            '[ 4][t 0][2024-10-30 23:27:18.592000][transaction.cpp:504]\tend of Account.unpack() for 0:525D79B589F1D73B879432CD1A596C0F9C42CF460467BBB795DA5A20C021C138 (balance = 2100000000ng ; last_trans_lt = 36000000..36000002)\n' +
            '[ 4][t 0][2024-10-30 23:27:18.592000][transaction.cpp:3655]\tblock random seed set to 0000000000000000000000000000000000000000000000000000000000000000\n' +
            '[ 4][t 0][2024-10-30 23:27:18.592000][transaction.cpp:1236]\tgas limits: max=1000000, limit=1000000, credit=0\n' +
            '[ 4][t 0][2024-10-30 23:27:18.592000][transaction.cpp:1575]\tin_msg_state is null\n' +
            '[ 4][t 0][2024-10-30 23:27:18.592000][transaction.cpp:1645]\tcreating VM\n' +
            '[ 4][t 0][2024-10-30 23:27:18.592000][transaction.cpp:1351]\tSmartContractInfo initialized with [ 124711402 0 0 1732922838 38000000 38000000 14068792954309835536948273256715513127174070948738620016199408580766834334284 [ 3060892531 (null) ] CS{Cell{0271c00525d79b589f1d73b879432cd1a596c0f9c42cf460467bbb795da5a20c021c1383d0c05210833a526eb000000000089544091f4add401340} bits: 1..268; refs: 0..0} C{A7EC01478F770EF8F8B037CC7E42F0ABF0D85A50E1828C2394DAD1411691F2DE} C{42B6F0E46484EFC57B9508F6BA7EF42E7512023D5CB4ED5628DD1C7755D16E9D} [ 960892531 (null) ] 0 (null) [ CS{Cell{004dd06600000000000000000000000080000000000000fa00000000000001f4000000000003d09040} bits: 9..305; refs: 0..0} (null) CS{Cell{0094d1000000000000006400000000000f4240de000000002710000000000000000f42400000000002160ec0000000000000271000000000002625a00000000005f5e100000000003b9aca00} bits: 0..592; refs: 0..0} CS{Cell{0094d100000000000000640000000000009c40de000000000190000000000000000f424000000000000f4240000000000000271000000000009896800000000005f5e100000000003b9aca00} bits: 0..592; refs: 0..0} CS{Cell{0042ea000000000098968000000000271000000000000f424000000001800055555555} bits: 0..264; refs: 0..0} CS{Cell{0042ea0000000000061a800000000001900000000000009c4000000001800055555555} bits: 0..264; refs: 0..0} (null) ] 0 (null) ]\n' +
            '[ 4][t 0][2024-10-30 23:27:18.592000][transaction.cpp:1675]\tstarting VM\n' +
            '[ 4][t 0][2024-10-30 23:27:18.594000][transaction.cpp:1680]\tVM terminated with exit code 0\n' +
            '[ 3][t 0][2024-10-30 23:27:18.594000][transaction.cpp:1702]\tsteps: 1985 gas: used=71998, max=1000000, limit=1000000, credit=0\n' +
            '[ 3][t 0][2024-10-30 23:27:18.594000][transaction.cpp:1704]\tout_of_gas=false, accepted=true, success=true, time=0.001615s\n' +
            '[ 4][t 0][2024-10-30 23:27:18.594000][transaction.cpp:1737]\tgas fees: 28799200 = 26214400 * 71998 /2^16 ; price=26214400; flat rate=[40000 for 100]; remaining balance=3032093331ng\n' +
            '[ 3][t 0][2024-10-30 23:27:18.594000][transaction.cpp:2678]\tin try_action_reserve_currency(0)\n' +
            '[ 4][t 0][2024-10-30 23:27:18.594000][transaction.cpp:2684]\taction_reserve_currency: mode=0, reserve=2100000000ng, balance=3032093331ng, original balance=2100000000ng\n' +
            '[ 3][t 0][2024-10-30 23:27:18.594000][transaction.cpp:2729]\tchanged remaining balance to 932093331ng, reserved balance to 2100000000ng\n' +
            '[ 4][t 0][2024-10-30 23:27:18.594000][transaction.cpp:2448]\tstorage paid for a message: 1 cells, 96 bits\n' +
            '[ 4][t 0][2024-10-30 23:27:18.594000][transaction.cpp:2452]\tcomputed fwd fees = 478400 + 0\n' +
            '[ 4][t 0][2024-10-30 23:27:18.594000][transaction.cpp:2448]\tstorage paid for a message: 1 cells, 96 bits\n' +
            '[ 4][t 0][2024-10-30 23:27:18.594000][transaction.cpp:2452]\tcomputed fwd fees = 478400 + 0\n' +
            '[ 4][t 0][2024-10-30 23:27:18.594000][transaction.cpp:2448]\tstorage paid for a message: 1 cells, 431 bits\n' +
            '[ 4][t 0][2024-10-30 23:27:18.594000][transaction.cpp:2452]\tcomputed fwd fees = 612400 + 0\n' +
            '[ 4][t 0][2024-10-30 23:27:18.594000][transaction.cpp:2448]\tstorage paid for a message: 27 cells, 6976 bits\n' +
            '[ 4][t 0][2024-10-30 23:27:18.594000][transaction.cpp:2452]\tcomputed fwd fees = 4270400 + 0\n',
          vmLogs: 'xecute EQUAL\n' +
            'execute THROWIF 137\n' +
            'execute PUSHPOW2 10\n' +
            'execute EQUAL\n' +
            'execute THROWIFNOT 136\n' +
            'execute STSLICER\n' +
            'execute ENDC\n' +
            'execute ROT\n' +
            'execute STREF\n' +
            'execute ENDC\n' +
            'execute SWAP\n' +
            'execute STREF\n' +
            'execute implicit RET\n' +
            'execute ENDC\n' +
            'execute POP c4\n' +
            'execute implicit RET\n',
          debugLogs: '',
          events: [Array],
          parent: [Object],
          children: [Array],
          externals: [Array]
        },
        children: [ [Object] ],
        externals: []
      },
      {
        address: 101852738109603725607761920797369865272772728943991090530178890834824226043772n,
        lt: 40000000n,
        prevTransactionHash: 46829751795778449656276215240871077828195579520795875572575748054079222635805n,
        prevTransactionLt: 27000000n,
        now: 1732922838,
        outMessagesCount: 1,
        oldStatus: 'active',
        endStatus: 'active',
        inMessage: { info: [Object], init: null, body: x{BC26F4C80000000000000001} },
        outMessages: Dictionary { _key: [Object], _value: [Object], _map: [Map] },
        totalFees: { coins: 5334831n },
        stateUpdate: {
          oldHash: <Buffer f3 6f 73 35 cb 1c 5b 09 51 25 21 fe f9 2f b7 b7 09 cc 22 2e 21 1c d7 a2 46 d1 b4 13 24 b3 13 29>,
          newHash: <Buffer a6 20 dd 8e ba d9 3c 67 a8 bd 01 f9 e3 58 a9 7a 34 0e c7 a8 24 4c 99 79 bd f7 cb 05 50 8b 1f d5>
        },
        description: {
          type: 'generic',
          creditFirst: false,
          storagePhase: [Object],
          creditPhase: [Object],
          computePhase: [Object],
          actionPhase: [Object],
          bouncePhase: undefined,
          aborted: false,
          destroyed: false
        },
        raw: x{7E12E9B5A9ADF7C908B113242524E81F00F28287FE1829FB614C604014052777C0000000002625A006788B341F5EE4CDF5BB67038D919D8571EB384EE02358EE29162FED4EAF4DD1D00000000019BFCC0674A4DD6000346A2CE5E}
         x{E_}
          x{6800A4BAF36B13E3AE770F28659A34B2D81F38859E8C08CF776F2BB4B4418043827100384BA6D6A6B7DF2422C44C909493A07C03CA0A1FF860A7ED8531810050149DDF10101931000609BBB0000000000487AB04CE949BAC5E137A640000000000000000C_}
          x{DF_}
           x{6801C25D36B535BEF92116226484A49D03E01E5050FFC3053F6C298C080280A4EEF90014975E6D627C75CEE1E50CB346965B03E710B3D18119EEEDE57696883008704E101119EF88060DFF5E0000000004C4B402CE949BACC_}
            x{2A004A0500000000000000010000000000000000000000000000000000000000000000000000000000000000400B75A3E1A6460F415CE3721F308920C4B456F3B977F39EB26CED9155308A976CC}
         x{72F36F7335CB1C5B09512521FEF92FB7B709CC222E211CD7A246D1B41324B31329A620DD8EBAD93C67A8BD01F9E358A97A340EC7A8244C9979BDF7CB05508B1FD5}
         x{04C4360789010193101867A1E811_}
          x{44E28C0A4D9000000000000000013D00000000000000000000000000000000000000000000000000000000000000000000000000000000000000000000000000000000000000000000000000000000}
          x{C9853FC04C0DFF44000000000002000000000003FFB2652E35979066CAC0633284C4E8042DB1FCB29F76FDFE1F06536CEE4DA4744090296C_},
        hash: [Function: hash],
        blockchainLogs: '[ 4][t 0][2024-10-30 23:27:18.601000][transaction.cpp:443]\tunpacking account E12E9B5A9ADF7C908B113242524E81F00F28287FE1829FB614C604014052777C\n' +
          '[ 4][t 0][2024-10-30 23:27:18.601000][transaction.cpp:274]\tlast_paid=1730330838; cells=30 bits=12911 public_cells=0\n' +
          '[ 4][t 0][2024-10-30 23:27:18.601000][transaction.cpp:504]\tend of Account.unpack() for 0:E12E9B5A9ADF7C908B113242524E81F00F28287FE1829FB614C604014052777C (balance = 10000000ng ; last_trans_lt = 27000000..27000002)\n' +
          '[ 4][t 0][2024-10-30 23:27:18.601000][transaction.cpp:3655]\tblock random seed set to 0000000000000000000000000000000000000000000000000000000000000000\n' +
          '[ 4][t 0][2024-10-30 23:27:18.601000][transaction.cpp:1236]\tgas limits: max=191044, limit=168804, credit=0\n' +
          '[ 4][t 0][2024-10-30 23:27:18.601000][transaction.cpp:1575]\tin_msg_state is null\n' +
          '[ 4][t 0][2024-10-30 23:27:18.601000][transaction.cpp:1645]\tcreating VM\n' +
          '[ 4][t 0][2024-10-30 23:27:18.601000][transaction.cpp:1351]\tSmartContractInfo initialized with [ 124711402 0 0 1732922838 40000000 40000000 43870772645377937883531240781324653013999287705787709612543318804107744319189 [ 76417698 (null) ] CS{Cell{026dc00e12e9b5a9adf7c908b113242524e81f00f28287fe1829fb614c604014052777c23c8c9bc3391606b000000000066ff308e625a01340} bits: 1..268; refs: 0..0} C{A7EC01478F770EF8F8B037CC7E42F0ABF0D85A50E1828C2394DAD1411691F2DE} C{33BB148A451AD17F938AA7C476E48F2B79933715F13F1D58F9234A90730321A8} [ 67521600 (null) ] 1103902 (null) [ CS{Cell{004dd06600000000000000000000000080000000000000fa00000000000001f4000000000003d09040} bits: 9..305; refs: 0..0} (null) CS{Cell{0094d1000000000000006400000000000f4240de000000002710000000000000000f42400000000002160ec0000000000000271000000000002625a00000000005f5e100000000003b9aca00} bits: 0..592; refs: 0..0} CS{Cell{0094d100000000000000640000000000009c40de000000000190000000000000000f424000000000000f4240000000000000271000000000009896800000000005f5e100000000003b9aca00} bits: 0..592; refs: 0..0} CS{Cell{0042ea000000000098968000000000271000000000000f424000000001800055555555} bits: 0..264; refs: 0..0} CS{Cell{0042ea0000000000061a800000000001900000000000009c4000000001800055555555} bits: 0..264; refs: 0..0} (null) ] 0 (null) ]\n' +
          '[ 4][t 0][2024-10-30 23:27:18.601000][transaction.cpp:1675]\tstarting VM\n' +
          '[ 4][t 0][2024-10-30 23:27:18.602000][transaction.cpp:1680]\tVM terminated with exit code 0\n' +
          '[ 3][t 0][2024-10-30 23:27:18.602000][transaction.cpp:1702]\tsteps: 317 gas: used=10004, max=191044, limit=168804, credit=0\n' +
          '[ 3][t 0][2024-10-30 23:27:18.602000][transaction.cpp:1704]\tout_of_gas=false, accepted=true, success=true, time=0.000465s\n' +
          '[ 4][t 0][2024-10-30 23:27:18.602000][transaction.cpp:1737]\tgas fees: 4001600 = 26214400 * 10004 /2^16 ; price=26214400; flat rate=[40000 for 100]; remaining balance=72416098ng\n' +
          '[ 4][t 0][2024-10-30 23:27:18.602000][transaction.cpp:2448]\tstorage paid for a message: 1 cells, 620 bits\n' +
          '[ 4][t 0][2024-10-30 23:27:18.602000][transaction.cpp:2452]\tcomputed fwd fees = 688000 + 0\n',
        vmLogs: 'e implicit RET\n' +
          'execute OVER\n' +
          'execute ISNULL\n' +
          'execute NOT\n' +
          'execute PUSHCONT x7F01CA00CC\n' +
          'execute PUSHCONT x7032CA00\n' +
          'execute IFELSE\n' +
          'execute PUSHINT -1\n' +
          'execute SWAP\n' +
          'execute STI 1\n' +
          'execute STREF\n' +
          'execute implicit RET\n' +
          'execute ENDC\n' +
          'execute POP c4\n' +
          'execute implicit RET\n',
        debugLogs: '',
        events: [ [Object] ],
        parent: {
          address: 37254810366437813475271750514734067285117962570475561289538093995582013161784n,
          lt: 38000000n,
          prevTransactionHash: 29992760460001401141302406108917334695201254910612896337084780795803414936545n,
          prevTransactionLt: 36000000n,
          now: 1732922838,
          outMessagesCount: 4,
          oldStatus: 'active',
          endStatus: 'active',
          inMessage: [Object],
          outMessages: [Dictionary],
          totalFees: [Object],
          stateUpdate: [Object],
          description: [Object],
          raw: x{7525D79B589F1D73B879432CD1A596C0F9C42CF460467BBB795DA5A20C021C138000000000243D580424F4D03BE4A045E6B1C2D6B98BE5D3E536073CCA6C31A893F75D30C1619BBE10000000002255100674A4DD600094803B6BE68}
           x{E_}
            x{680173A49878148A4F6041C04B952AC2638BD6A1025222AF84BFAF2C3BE5A07436D50014975E6D627C75CEE1E50CB346965B03E710B3D18119EEEDE57696883008704E10E51839CC0610D45E0000000004692682CE949BAC5B43D58B8000000000000000000000004_}
             x{02202FAF080202FAF08021DCD65001CC4B4021DCD65003391606B3397F7EB3391606B33A526EB00000000800000004_}
              x{801028CD38D6A9FB165BB1D27554DCBBC8B7A064E07EF4C3832956828113614F545_}
            x{DB_}
             x{2_}
              x{2_}
               x{6800A4BAF36B13E3AE770F28659A34B2D81F38859E8C08CF776F2BB4B44180438271001F33C9E03834F86C2DA0166D0212C129A321D08D5D171B4080758BCF48863C4D90101931000609BBB0000000000487AB02CE949BACC_}
                x{BC26F4C80000000000000000}
              x{2_}
               x{6800A4BAF36B13E3AE770F28659A34B2D81F38859E8C08CF776F2BB4B4418043827100384BA6D6A6B7DF2422C44C909493A07C03CA0A1FF860A7ED8531810050149DDF10101931000609BBB0000000000487AB04CE949BACC_}
                x{BC26F4C80000000000000001}
             x{2_}
              x{2_}
               x{E00292EBCDAC4F8EB9DC3CA19668D2CB607CE2167A30233DDDBCAED2D106010E09C0000000000487AB06CE949BACC_}
                x{8B6D3812000000000000000000000000801028CD38D6A9FB165BB1D27554DCBBC8B7A064E07EF4C3832956828113614F544877359401_}
              x{2_}
               x{4800A4BAF36B13E3AE770F28659A34B2D81F38859E8C08CF776F2BB4B44180438271002E74930F029149EC08380972A5584C717AD4204A4455F097F5E5877CB40E86DA90BCA3A88C0656E1D8000000000487AB08CE949BADE_}
                x{34_}
                 x{FF00F4A413F4BCF2C80B}
                  x{62_}
                   x{D001D0D3030171B0A301FA400120D74981010BBAF2E08820D70B0A208104FFBAF2D0898309BAF2E088545053036F04F86102F862DB3C5512DB3CF2E082}
                    x{ED44D0D401F863D200018E2FD31FFA400120D74981010BBAF2E08820D70B0A208104FFBAF2D0898309BAF2E08801D2000191D4926D01E255206C13E0F828D70B0A8309BAF2E089810101D700FA400120D74981010BBAF2E08820D70B0A208104FFBAF2D0898309BAF2E0881202D101DB3C}
                     x{6D}
                    x{0192307FE07021D749C21F953020D70B1FDE208210AFE93535BA8F5130D31F018210AFE93535BAF2E081D33FFA400120D74981010BBAF2E08820D70B0A208104FFBAF2D0898309BAF2E08801D455206C1332820898968070FB024434DB3C30037083067055206D6D6DDB3C597FE0208210B8A3AA14BAE302}
                     x{F8425220C705F2E084}
                     x{C87101CA01500701CA007001CA02500520D74981010BBAF2E08820D70B0A208104FFBAF2D0898309BAF2E088CF165003FA027001CA68236EB3917F93246EB3E2973333017001CA00E30D216EB39C7F01CA0001206EF2D08001CC95317001CA00E2C901FB00}
                      x{7F01CA00C87001CA007001CA00246EB39D7F01CA0004206EF2D0805004CC9634037001CA00E2246EB39D7F01CA0004206EF2D0805004CC9634037001CA00E27001CA00027F01CA0002C958CC}
                     x{30D31F018210B8A3AA14BAF2E081D33FFA400120D74981010BBAF2E08820D70B0A208104FFBAF2D0898309BAF2E088126C12317020FB025520DB3C03708100A07055206D6D6DDB3C587F}
                      x{F8425220C705F2E084}
                      x{C87101CA01500701CA007001CA02500520D74981010BBAF2E08820D70B0A208104FFBAF2D0898309BAF2E088CF165003FA027001CA68236EB3917F93246EB3E2973333017001CA00E30D216EB39C7F01CA0001206EF2D08001CC95317001CA00E2C901FB00}
                       x{7F01CA00C87001CA007001CA00246EB39D7F01CA0004206EF2D0805004CC9634037001CA00E2246EB39D7F01CA0004206EF2D0805004CC9634037001CA00E27001CA00027F01CA0002C958CC}
                     x{8210E601F8E5BA8ECED31F018210E601F8E5BAF2E081D33F0131820898968070FB02F8416F2410235F037083067F25206EF2D080542580C855208210B687AB175004CB1F12CB3FCB1FCCC9103441301443306D6DDB3C7FE03070}
                      x{C87101CA01500701CA007001CA02500520D74981010BBAF2E08820D70B0A208104FFBAF2D0898309BAF2E088CF165003FA027001CA68236EB3917F93246EB3E2973333017001CA00E30D216EB39C7F01CA0001206EF2D08001CC95317001CA00E2C901FB00}
                       x{7F01CA00C87001CA007001CA00246EB39D7F01CA0004206EF2D0805004CC9634037001CA00E2246EB39D7F01CA0004206EF2D0805004CC9634037001CA00E27001CA00027F01CA0002C958CC}
                    x{C8F84301CC7F01CA0055205023CB1F0120D74981010BBAF2E08820D70B0A208104FFBAF2D0898309BAF2E088CF16216EB3957F01CA00CC947032CA00E2C9ED54}
                   x{2_}
                    x{BE28EED9E6D9E3618C_}
                     x{ED44D0D401F863D200018E2FD31FFA400120D74981010BBAF2E08820D70B0A208104FFBAF2D0898309BAF2E08801D2000191D4926D01E255206C13E0F828D70B0A8309BAF2E089810101D700FA400120D74981010BBAF2E08820D70B0A208104FFBAF2D0898309BAF2E0881202D101DB3C}
                      x{6D}
                     x{21}
                    x{2_}
                     x{4}
                      x{B1D8B6CF36CF1B0C6_}
                       x{ED44D0D401F863D200018E2FD31FFA400120D74981010BBAF2E08820D70B0A208104FFBAF2D0898309BAF2E08801D2000191D4926D01E255206C13E0F828D70B0A8309BAF2E089810101D700FA400120D74981010BBAF2E08820D70B0A208104FFBAF2D0898309BAF2E0881202D101DB3C}
                        x{6D}
                       x{20}
                      x{B36436CF36CF1B0C6_}
                       x{ED44D0D401F863D200018E2FD31FFA400120D74981010BBAF2E08820D70B0A208104FFBAF2D0898309BAF2E08801D2000191D4926D01E255206C13E0F828D70B0A8309BAF2E089810101D700FA400120D74981010BBAF2E08820D70B0A208104FFBAF2D0898309BAF2E0881202D101DB3C}
                        x{6D}
                       x{22}
                     x{B82BEED44D0D20001}
                 x{0000000000000000000000000000000000000000000000000000000000000000200292EBCDAC4F8EB9DC3CA19668D2CB607CE2167A30233DDDBCAED2D106010E09C4_}
                  x{C_}
                   x{A0838F_}
                    x{FF00F4A413F4BCF2C80B}
                     x{62_}
                      x{D001D0D3030171B0A301FA400120D74981010BBAF2E08820D70B0A208104FFBAF2D0898309BAF2E088545053036F04F86102F862DB3C5512DB3CF2E082}
                       x{ED44D0D401F863D200018E2FD31FFA400120D74981010BBAF2E08820D70B0A208104FFBAF2D0898309BAF2E08801D2000191D4926D01E255206C13E0F828D70B0A8309BAF2E089810101D700FA400120D74981010BBAF2E08820D70B0A208104FFBAF2D0898309BAF2E0881202D101DB3C}
                        x{6D}
                       x{0192307FE07021D749C21F953020D70B1FDE208210AFE93535BA8F5130D31F018210AFE93535BAF2E081D33FFA400120D74981010BBAF2E08820D70B0A208104FFBAF2D0898309BAF2E08801D455206C1332820898968070FB024434DB3C30037083067055206D6D6DDB3C597FE0208210B8A3AA14BAE302}
                        x{F8425220C705F2E084}
                        x{C87101CA01500701CA007001CA02500520D74981010BBAF2E08820D70B0A208104FFBAF2D0898309BAF2E088CF165003FA027001CA68236EB3917F93246EB3E2973333017001CA00E30D216EB39C7F01CA0001206EF2D08001CC95317001CA00E2C901FB00}
                         x{7F01CA00C87001CA007001CA00246EB39D7F01CA0004206EF2D0805004CC9634037001CA00E2246EB39D7F01CA0004206EF2D0805004CC9634037001CA00E27001CA00027F01CA0002C958CC}
                        x{30D31F018210B8A3AA14BAF2E081D33FFA400120D74981010BBAF2E08820D70B0A208104FFBAF2D0898309BAF2E088126C12317020FB025520DB3C03708100A07055206D6D6DDB3C587F}
                         x{F8425220C705F2E084}
                         x{C87101CA01500701CA007001CA02500520D74981010BBAF2E08820D70B0A208104FFBAF2D0898309BAF2E088CF165003FA027001CA68236EB3917F93246EB3E2973333017001CA00E30D216EB39C7F01CA0001206EF2D08001CC95317001CA00E2C901FB00}
                          x{7F01CA00C87001CA007001CA00246EB39D7F01CA0004206EF2D0805004CC9634037001CA00E2246EB39D7F01CA0004206EF2D0805004CC9634037001CA00E27001CA00027F01CA0002C958CC}
                        x{8210E601F8E5BA8ECED31F018210E601F8E5BAF2E081D33F0131820898968070FB02F8416F2410235F037083067F25206EF2D080542580C855208210B687AB175004CB1F12CB3FCB1FCCC9103441301443306D6DDB3C7FE03070}
                         x{C87101CA01500701CA007001CA02500520D74981010BBAF2E08820D70B0A208104FFBAF2D0898309BAF2E088CF165003FA027001CA68236EB3917F93246EB3E2973333017001CA00E30D216EB39C7F01CA0001206EF2D08001CC95317001CA00E2C901FB00}
                          x{7F01CA00C87001CA007001CA00246EB39D7F01CA0004206EF2D0805004CC9634037001CA00E2246EB39D7F01CA0004206EF2D0805004CC9634037001CA00E27001CA00027F01CA0002C958CC}
                       x{C8F84301CC7F01CA0055205023CB1F0120D74981010BBAF2E08820D70B0A208104FFBAF2D0898309BAF2E088CF16216EB3957F01CA00CC947032CA00E2C9ED54}
                      x{2_}
                       x{BE28EED9E6D9E3618C_}
                        x{ED44D0D401F863D200018E2FD31FFA400120D74981010BBAF2E08820D70B0A208104FFBAF2D0898309BAF2E08801D2000191D4926D01E255206C13E0F828D70B0A8309BAF2E089810101D700FA400120D74981010BBAF2E08820D70B0A208104FFBAF2D0898309BAF2E0881202D101DB3C}
                         x{6D}
                        x{21}
                       x{2_}
                        x{4}
                         x{B1D8B6CF36CF1B0C6_}
                          x{ED44D0D401F863D200018E2FD31FFA400120D74981010BBAF2E08820D70B0A208104FFBAF2D0898309BAF2E08801D2000191D4926D01E255206C13E0F828D70B0A8309BAF2E089810101D700FA400120D74981010BBAF2E08820D70B0A208104FFBAF2D0898309BAF2E0881202D101DB3C}
                           x{6D}
                          x{20}
                         x{B36436CF36CF1B0C6_}
                          x{ED44D0D401F863D200018E2FD31FFA400120D74981010BBAF2E08820D70B0A208104FFBAF2D0898309BAF2E08801D2000191D4926D01E255206C13E0F828D70B0A8309BAF2E089810101D700FA400120D74981010BBAF2E08820D70B0A208104FFBAF2D0898309BAF2E0881202D101DB3C}
                           x{6D}
                          x{22}
                        x{B82BEED44D0D20001}
                x{B8A3AA140000000000000000801D3E5E1B0970E52ABD4EA639AED542E118FE33D2F03FE072737A6B74A8FDC2C69_}
           x{72FC5DA02F85553EA779D001FCBB54E0EC5F4E93E4DCC4F38FA2360B33C8868A89FF4CDD26E4B920ED5D4760710C53E12568917B42B7C707228467A63BDD773964}
           x{04090E51839CD88036EE1C11_}
            x{602327CC3D09000000000000000007C100000000000000000000000000000000000000000000000000000000000000000000000000000000000000000000000000000000000000000000000000000000}
            x{C9AC8D784C8FB95000000000000A0002000000086C667028F3CC35C5E1D1AEB75B20D68906AE33005305D31C6C00E378213282B048913B24_},
          hash: [Function: hash],
          blockchainLogs: '[ 4][t 0][2024-10-30 23:27:18.592000][transaction.cpp:443]\tunpacking account 525D79B589F1D73B879432CD1A596C0F9C42CF460467BBB795DA5A20C021C138\n' +
            '[ 4][t 0][2024-10-30 23:27:18.592000][transaction.cpp:274]\tlast_paid=1732922838; cells=232 bits=84034 public_cells=0\n' +
            '[ 4][t 0][2024-10-30 23:27:18.592000][transaction.cpp:504]\tend of Account.unpack() for 0:525D79B589F1D73B879432CD1A596C0F9C42CF460467BBB795DA5A20C021C138 (balance = 2100000000ng ; last_trans_lt = 36000000..36000002)\n' +
            '[ 4][t 0][2024-10-30 23:27:18.592000][transaction.cpp:3655]\tblock random seed set to 0000000000000000000000000000000000000000000000000000000000000000\n' +
            '[ 4][t 0][2024-10-30 23:27:18.592000][transaction.cpp:1236]\tgas limits: max=1000000, limit=1000000, credit=0\n' +
            '[ 4][t 0][2024-10-30 23:27:18.592000][transaction.cpp:1575]\tin_msg_state is null\n' +
            '[ 4][t 0][2024-10-30 23:27:18.592000][transaction.cpp:1645]\tcreating VM\n' +
            '[ 4][t 0][2024-10-30 23:27:18.592000][transaction.cpp:1351]\tSmartContractInfo initialized with [ 124711402 0 0 1732922838 38000000 38000000 14068792954309835536948273256715513127174070948738620016199408580766834334284 [ 3060892531 (null) ] CS{Cell{0271c00525d79b589f1d73b879432cd1a596c0f9c42cf460467bbb795da5a20c021c1383d0c05210833a526eb000000000089544091f4add401340} bits: 1..268; refs: 0..0} C{A7EC01478F770EF8F8B037CC7E42F0ABF0D85A50E1828C2394DAD1411691F2DE} C{42B6F0E46484EFC57B9508F6BA7EF42E7512023D5CB4ED5628DD1C7755D16E9D} [ 960892531 (null) ] 0 (null) [ CS{Cell{004dd06600000000000000000000000080000000000000fa00000000000001f4000000000003d09040} bits: 9..305; refs: 0..0} (null) CS{Cell{0094d1000000000000006400000000000f4240de000000002710000000000000000f42400000000002160ec0000000000000271000000000002625a00000000005f5e100000000003b9aca00} bits: 0..592; refs: 0..0} CS{Cell{0094d100000000000000640000000000009c40de000000000190000000000000000f424000000000000f4240000000000000271000000000009896800000000005f5e100000000003b9aca00} bits: 0..592; refs: 0..0} CS{Cell{0042ea000000000098968000000000271000000000000f424000000001800055555555} bits: 0..264; refs: 0..0} CS{Cell{0042ea0000000000061a800000000001900000000000009c4000000001800055555555} bits: 0..264; refs: 0..0} (null) ] 0 (null) ]\n' +
            '[ 4][t 0][2024-10-30 23:27:18.592000][transaction.cpp:1675]\tstarting VM\n' +
            '[ 4][t 0][2024-10-30 23:27:18.594000][transaction.cpp:1680]\tVM terminated with exit code 0\n' +
            '[ 3][t 0][2024-10-30 23:27:18.594000][transaction.cpp:1702]\tsteps: 1985 gas: used=71998, max=1000000, limit=1000000, credit=0\n' +
            '[ 3][t 0][2024-10-30 23:27:18.594000][transaction.cpp:1704]\tout_of_gas=false, accepted=true, success=true, time=0.001615s\n' +
            '[ 4][t 0][2024-10-30 23:27:18.594000][transaction.cpp:1737]\tgas fees: 28799200 = 26214400 * 71998 /2^16 ; price=26214400; flat rate=[40000 for 100]; remaining balance=3032093331ng\n' +
            '[ 3][t 0][2024-10-30 23:27:18.594000][transaction.cpp:2678]\tin try_action_reserve_currency(0)\n' +
            '[ 4][t 0][2024-10-30 23:27:18.594000][transaction.cpp:2684]\taction_reserve_currency: mode=0, reserve=2100000000ng, balance=3032093331ng, original balance=2100000000ng\n' +
            '[ 3][t 0][2024-10-30 23:27:18.594000][transaction.cpp:2729]\tchanged remaining balance to 932093331ng, reserved balance to 2100000000ng\n' +
            '[ 4][t 0][2024-10-30 23:27:18.594000][transaction.cpp:2448]\tstorage paid for a message: 1 cells, 96 bits\n' +
            '[ 4][t 0][2024-10-30 23:27:18.594000][transaction.cpp:2452]\tcomputed fwd fees = 478400 + 0\n' +
            '[ 4][t 0][2024-10-30 23:27:18.594000][transaction.cpp:2448]\tstorage paid for a message: 1 cells, 96 bits\n' +
            '[ 4][t 0][2024-10-30 23:27:18.594000][transaction.cpp:2452]\tcomputed fwd fees = 478400 + 0\n' +
            '[ 4][t 0][2024-10-30 23:27:18.594000][transaction.cpp:2448]\tstorage paid for a message: 1 cells, 431 bits\n' +
            '[ 4][t 0][2024-10-30 23:27:18.594000][transaction.cpp:2452]\tcomputed fwd fees = 612400 + 0\n' +
            '[ 4][t 0][2024-10-30 23:27:18.594000][transaction.cpp:2448]\tstorage paid for a message: 27 cells, 6976 bits\n' +
            '[ 4][t 0][2024-10-30 23:27:18.594000][transaction.cpp:2452]\tcomputed fwd fees = 4270400 + 0\n',
          vmLogs: 'xecute EQUAL\n' +
            'execute THROWIF 137\n' +
            'execute PUSHPOW2 10\n' +
            'execute EQUAL\n' +
            'execute THROWIFNOT 136\n' +
            'execute STSLICER\n' +
            'execute ENDC\n' +
            'execute ROT\n' +
            'execute STREF\n' +
            'execute ENDC\n' +
            'execute SWAP\n' +
            'execute STREF\n' +
            'execute implicit RET\n' +
            'execute ENDC\n' +
            'execute POP c4\n' +
            'execute implicit RET\n',
          debugLogs: '',
          events: [Array],
          parent: [Object],
          children: [Array],
          externals: [Array]
        },
        children: [ [Object] ],
        externals: []
      },
      {
        address: 84049441022908470316622795825605090351520748406577698494615284512509455375210n,
        lt: 41000000n,
        prevTransactionHash: 17849643568153913346271439815178300161917836089524975689350636623206639702086n,
        prevTransactionLt: 37000000n,
        now: 1732922838,
        outMessagesCount: 1,
        oldStatus: 'active',
        endStatus: 'non-existing',
        inMessage: {
          info: [Object],
          init: [Object],
          body: x{B8A3AA140000000000000000801D3E5E1B0970E52ABD4EA639AED542E118FE33D2F03FE072737A6B74A8FDC2C69_}
        },
        outMessages: Dictionary { _key: [Object], _value: [Object], _map: [Map] },
        totalFees: { coins: 3532131n },
        stateUpdate: {
          oldHash: <Buffer 76 1b f7 df 65 1a 9a 98 ce 1e f6 e8 92 c6 ea c0 b5 b1 cc 02 a2 54 02 ad 33 3b 2f 73 76 30 7c 11>,
          newHash: <Buffer 90 ae c8 96 5a fa bb 16 eb c3 cb 9b 40 8e ba e7 1b 61 8d 78 78 8b c8 0d 09 84 35 93 ca c9 8d a4>
        },
        description: {
          type: 'generic',
          creditFirst: true,
          storagePhase: [Object],
          creditPhase: [Object],
          computePhase: [Object],
          actionPhase: [Object],
          bouncePhase: undefined,
          aborted: false,
          destroyed: true
        },
        raw: x{7B9D24C3C0A4527B020E025CA956131C5EB5081291157C25FD7961DF2D03A1B6A0000000002719C4027768A4D1B123698F836D755927DA5A7E1F108DB2811796CB7E2D0354DDF90460000000002349340674A4DD60003666BCAC6}
         x{E_}
          x{4800A4BAF36B13E3AE770F28659A34B2D81F38859E8C08CF776F2BB4B44180438271002E74930F029149EC08380972A5584C717AD4204A4455F097F5E5877CB40E86DA90BCA3A88C0656E1D8000000000487AB08CE949BADE_}
           x{34_}
            x{FF00F4A413F4BCF2C80B}
             x{62_}
              x{D001D0D3030171B0A301FA400120D74981010BBAF2E08820D70B0A208104FFBAF2D0898309BAF2E088545053036F04F86102F862DB3C5512DB3CF2E082}
               x{ED44D0D401F863D200018E2FD31FFA400120D74981010BBAF2E08820D70B0A208104FFBAF2D0898309BAF2E08801D2000191D4926D01E255206C13E0F828D70B0A8309BAF2E089810101D700FA400120D74981010BBAF2E08820D70B0A208104FFBAF2D0898309BAF2E0881202D101DB3C}
                x{6D}
               x{0192307FE07021D749C21F953020D70B1FDE208210AFE93535BA8F5130D31F018210AFE93535BAF2E081D33FFA400120D74981010BBAF2E08820D70B0A208104FFBAF2D0898309BAF2E08801D455206C1332820898968070FB024434DB3C30037083067055206D6D6DDB3C597FE0208210B8A3AA14BAE302}
                x{F8425220C705F2E084}
                x{C87101CA01500701CA007001CA02500520D74981010BBAF2E08820D70B0A208104FFBAF2D0898309BAF2E088CF165003FA027001CA68236EB3917F93246EB3E2973333017001CA00E30D216EB39C7F01CA0001206EF2D08001CC95317001CA00E2C901FB00}
                 x{7F01CA00C87001CA007001CA00246EB39D7F01CA0004206EF2D0805004CC9634037001CA00E2246EB39D7F01CA0004206EF2D0805004CC9634037001CA00E27001CA00027F01CA0002C958CC}
                x{30D31F018210B8A3AA14BAF2E081D33FFA400120D74981010BBAF2E08820D70B0A208104FFBAF2D0898309BAF2E088126C12317020FB025520DB3C03708100A07055206D6D6DDB3C587F}
                 x{F8425220C705F2E084}
                 x{C87101CA01500701CA007001CA02500520D74981010BBAF2E08820D70B0A208104FFBAF2D0898309BAF2E088CF165003FA027001CA68236EB3917F93246EB3E2973333017001CA00E30D216EB39C7F01CA0001206EF2D08001CC95317001CA00E2C901FB00}
                  x{7F01CA00C87001CA007001CA00246EB39D7F01CA0004206EF2D0805004CC9634037001CA00E2246EB39D7F01CA0004206EF2D0805004CC9634037001CA00E27001CA00027F01CA0002C958CC}
                x{8210E601F8E5BA8ECED31F018210E601F8E5BAF2E081D33F0131820898968070FB02F8416F2410235F037083067F25206EF2D080542580C855208210B687AB175004CB1F12CB3FCB1FCCC9103441301443306D6DDB3C7FE03070}
                 x{C87101CA01500701CA007001CA02500520D74981010BBAF2E08820D70B0A208104FFBAF2D0898309BAF2E088CF165003FA027001CA68236EB3917F93246EB3E2973333017001CA00E30D216EB39C7F01CA0001206EF2D08001CC95317001CA00E2C901FB00}
                  x{7F01CA00C87001CA007001CA00246EB39D7F01CA0004206EF2D0805004CC9634037001CA00E2246EB39D7F01CA0004206EF2D0805004CC9634037001CA00E27001CA00027F01CA0002C958CC}
               x{C8F84301CC7F01CA0055205023CB1F0120D74981010BBAF2E08820D70B0A208104FFBAF2D0898309BAF2E088CF16216EB3957F01CA00CC947032CA00E2C9ED54}
              x{2_}
               x{BE28EED9E6D9E3618C_}
                x{ED44D0D401F863D200018E2FD31FFA400120D74981010BBAF2E08820D70B0A208104FFBAF2D0898309BAF2E08801D2000191D4926D01E255206C13E0F828D70B0A8309BAF2E089810101D700FA400120D74981010BBAF2E08820D70B0A208104FFBAF2D0898309BAF2E0881202D101DB3C}
                 x{6D}
                x{21}
               x{2_}
                x{4}
                 x{B1D8B6CF36CF1B0C6_}
                  x{ED44D0D401F863D200018E2FD31FFA400120D74981010BBAF2E08820D70B0A208104FFBAF2D0898309BAF2E08801D2000191D4926D01E255206C13E0F828D70B0A8309BAF2E089810101D700FA400120D74981010BBAF2E08820D70B0A208104FFBAF2D0898309BAF2E0881202D101DB3C}
                   x{6D}
                  x{20}
                 x{B36436CF36CF1B0C6_}
                  x{ED44D0D401F863D200018E2FD31FFA400120D74981010BBAF2E08820D70B0A208104FFBAF2D0898309BAF2E08801D2000191D4926D01E255206C13E0F828D70B0A8309BAF2E089810101D700FA400120D74981010BBAF2E08820D70B0A208104FFBAF2D0898309BAF2E0881202D101DB3C}
                   x{6D}
                  x{22}
                x{B82BEED44D0D20001}
            x{0000000000000000000000000000000000000000000000000000000000000000200292EBCDAC4F8EB9DC3CA19668D2CB607CE2167A30233DDDBCAED2D106010E09C4_}
             x{C_}
              x{A0838F_}
               x{FF00F4A413F4BCF2C80B}
                x{62_}
                 x{D001D0D3030171B0A301FA400120D74981010BBAF2E08820D70B0A208104FFBAF2D0898309BAF2E088545053036F04F86102F862DB3C5512DB3CF2E082}
                  x{ED44D0D401F863D200018E2FD31FFA400120D74981010BBAF2E08820D70B0A208104FFBAF2D0898309BAF2E08801D2000191D4926D01E255206C13E0F828D70B0A8309BAF2E089810101D700FA400120D74981010BBAF2E08820D70B0A208104FFBAF2D0898309BAF2E0881202D101DB3C}
                   x{6D}
                  x{0192307FE07021D749C21F953020D70B1FDE208210AFE93535BA8F5130D31F018210AFE93535BAF2E081D33FFA400120D74981010BBAF2E08820D70B0A208104FFBAF2D0898309BAF2E08801D455206C1332820898968070FB024434DB3C30037083067055206D6D6DDB3C597FE0208210B8A3AA14BAE302}
                   x{F8425220C705F2E084}
                   x{C87101CA01500701CA007001CA02500520D74981010BBAF2E08820D70B0A208104FFBAF2D0898309BAF2E088CF165003FA027001CA68236EB3917F93246EB3E2973333017001CA00E30D216EB39C7F01CA0001206EF2D08001CC95317001CA00E2C901FB00}
                    x{7F01CA00C87001CA007001CA00246EB39D7F01CA0004206EF2D0805004CC9634037001CA00E2246EB39D7F01CA0004206EF2D0805004CC9634037001CA00E27001CA00027F01CA0002C958CC}
                   x{30D31F018210B8A3AA14BAF2E081D33FFA400120D74981010BBAF2E08820D70B0A208104FFBAF2D0898309BAF2E088126C12317020FB025520DB3C03708100A07055206D6D6DDB3C587F}
                    x{F8425220C705F2E084}
                    x{C87101CA01500701CA007001CA02500520D74981010BBAF2E08820D70B0A208104FFBAF2D0898309BAF2E088CF165003FA027001CA68236EB3917F93246EB3E2973333017001CA00E30D216EB39C7F01CA0001206EF2D08001CC95317001CA00E2C901FB00}
                     x{7F01CA00C87001CA007001CA00246EB39D7F01CA0004206EF2D0805004CC9634037001CA00E2246EB39D7F01CA0004206EF2D0805004CC9634037001CA00E27001CA00027F01CA0002C958CC}
                   x{8210E601F8E5BA8ECED31F018210E601F8E5BAF2E081D33F0131820898968070FB02F8416F2410235F037083067F25206EF2D080542580C855208210B687AB175004CB1F12CB3FCB1FCCC9103441301443306D6DDB3C7FE03070}
                    x{C87101CA01500701CA007001CA02500520D74981010BBAF2E08820D70B0A208104FFBAF2D0898309BAF2E088CF165003FA027001CA68236EB3917F93246EB3E2973333017001CA00E30D216EB39C7F01CA0001206EF2D08001CC95317001CA00E2C901FB00}
                     x{7F01CA00C87001CA007001CA00246EB39D7F01CA0004206EF2D0805004CC9634037001CA00E2246EB39D7F01CA0004206EF2D0805004CC9634037001CA00E27001CA00027F01CA0002C958CC}
                  x{C8F84301CC7F01CA0055205023CB1F0120D74981010BBAF2E08820D70B0A208104FFBAF2D0898309BAF2E088CF16216EB3957F01CA00CC947032CA00E2C9ED54}
                 x{2_}
                  x{BE28EED9E6D9E3618C_}
                   x{ED44D0D401F863D200018E2FD31FFA400120D74981010BBAF2E08820D70B0A208104FFBAF2D0898309BAF2E08801D2000191D4926D01E255206C13E0F828D70B0A8309BAF2E089810101D700FA400120D74981010BBAF2E08820D70B0A208104FFBAF2D0898309BAF2E0881202D101DB3C}
                    x{6D}
                   x{21}
                  x{2_}
                   x{4}
                    x{B1D8B6CF36CF1B0C6_}
                     x{ED44D0D401F863D200018E2FD31FFA400120D74981010BBAF2E08820D70B0A208104FFBAF2D0898309BAF2E08801D2000191D4926D01E255206C13E0F828D70B0A8309BAF2E089810101D700FA400120D74981010BBAF2E08820D70B0A208104FFBAF2D0898309BAF2E0881202D101DB3C}
                      x{6D}
                     x{20}
                    x{B36436CF36CF1B0C6_}
                     x{ED44D0D401F863D200018E2FD31FFA400120D74981010BBAF2E08820D70B0A208104FFBAF2D0898309BAF2E08801D2000191D4926D01E255206C13E0F828D70B0A8309BAF2E089810101D700FA400120D74981010BBAF2E08820D70B0A208104FFBAF2D0898309BAF2E0881202D101DB3C}
                      x{6D}
                     x{22}
                   x{B82BEED44D0D20001}
           x{B8A3AA140000000000000000801D3E5E1B0970E52ABD4EA639AED542E118FE33D2F03FE072737A6B74A8FDC2C69_}
          x{DF_}
           x{480173A49878148A4F6041C04B952AC2638BD6A1025222AF84BFAF2C3BE5A07436D5003A7CBC3612E1CA557A9D4C735DAA85C231FC67A5E07FC0E4E6F4D6E951FB858D10BE1E264C0608235A0000000004E33882CE949BAC4_}
         x{72761BF7DF651A9A98CE1EF6E892C6EAC0B5B1CC02A25402AD333B2F7376307C1190AEC8965AFABB16EBC3CB9B408EBAE71B618D78788BC80D09843593CAC98DA4}
         x{0C090BCA3A88D8667B9213_}
          x{44262C3D09000000000000000000FA00000000000000000000000000000000000000000000000000000000000000000000000000000000000000000000000000000000000000000000000000000000}
          x{DCC186A0260411A6000000000002000100000001F01808E7C65384854FD0A4F77793F95695733B675EB306C4FAC3CFF546A3D22720280B06_},
        hash: [Function: hash],
        blockchainLogs: '[ 4][t 0][2024-10-30 23:27:18.604000][transaction.cpp:443]\tunpacking account B9D24C3C0A4527B020E025CA956131C5EB5081291157C25FD7961DF2D03A1B6A\n' +
          '[ 4][t 0][2024-10-30 23:27:18.604000][transaction.cpp:274]\tlast_paid=1732922838; cells=28 bits=7123 public_cells=0\n' +
          '[ 4][t 0][2024-10-30 23:27:18.604000][transaction.cpp:504]\tend of Account.unpack() for 0:B9D24C3C0A4527B020E025CA956131C5EB5081291157C25FD7961DF2D03A1B6A (balance = 10000000ng ; last_trans_lt = 37000000..37000002)\n' +
          '[ 4][t 0][2024-10-30 23:27:18.604000][transaction.cpp:3655]\tblock random seed set to 0000000000000000000000000000000000000000000000000000000000000000\n' +
          '[ 4][t 0][2024-10-30 23:27:18.604000][transaction.cpp:1236]\tgas limits: max=1000000, limit=1000000, credit=0\n' +
          '[ 4][t 0][2024-10-30 23:27:18.604000][transaction.cpp:1571]\tHASH(in_msg_state) = B9D24C3C0A4527B020E025CA956131C5EB5081291157C25FD7961DF2D03A1B6A, account_state_hash = 0000000000000000000000000000000000000000000000000000000000000000\n' +
          '[ 4][t 0][2024-10-30 23:27:18.604000][transaction.cpp:1645]\tcreating VM\n' +
          '[ 4][t 0][2024-10-30 23:27:18.604000][transaction.cpp:1351]\tSmartContractInfo initialized with [ 124711402 0 0 1732922838 41000000 41000000 84630195367514639409622924175749312199831056191303332875639359062248049886761 [ 801210531 (null) ] CS{Cell{026dc00b9d24c3c0a4527b020e025ca956131c5eb5081291157c25fd7961df2d03a1b6a23886f4c33a526eb00000000008d24d08e625a01340} bits: 1..268; refs: 0..0} C{A7EC01478F770EF8F8B037CC7E42F0ABF0D85A50E1828C2394DAD1411691F2DE} C{F2179DCD5CFD8A1E113288591FFB7A5E10E107D0D2C36DF69E40398023DAA7B1} [ 791210531 (null) ] 0 (null) [ CS{Cell{004dd06600000000000000000000000080000000000000fa00000000000001f4000000000003d09040} bits: 9..305; refs: 0..0} (null) CS{Cell{0094d1000000000000006400000000000f4240de000000002710000000000000000f42400000000002160ec0000000000000271000000000002625a00000000005f5e100000000003b9aca00} bits: 0..592; refs: 0..0} CS{Cell{0094d100000000000000640000000000009c40de000000000190000000000000000f424000000000000f4240000000000000271000000000009896800000000005f5e100000000003b9aca00} bits: 0..592; refs: 0..0} CS{Cell{0042ea000000000098968000000000271000000000000f424000000001800055555555} bits: 0..264; refs: 0..0} CS{Cell{0042ea0000000000061a800000000001900000000000009c4000000001800055555555} bits: 0..264; refs: 0..0} (null) ] 0 (null) ]\n' +
          '[ 4][t 0][2024-10-30 23:27:18.604000][transaction.cpp:1675]\tstarting VM\n' +
          '[ 4][t 0][2024-10-30 23:27:18.605000][transaction.cpp:1680]\tVM terminated with exit code 0\n' +
          '[ 3][t 0][2024-10-30 23:27:18.605000][transaction.cpp:1702]\tsteps: 250 gas: used=8497, max=1000000, limit=1000000, credit=0\n' +
          '[ 3][t 0][2024-10-30 23:27:18.605000][transaction.cpp:1704]\tout_of_gas=false, accepted=true, success=true, time=0.000389s\n' +
          '[ 4][t 0][2024-10-30 23:27:18.605000][transaction.cpp:1737]\tgas fees: 3398800 = 26214400 * 8497 /2^16 ; price=26214400; flat rate=[40000 for 100]; remaining balance=797811731ng\n' +
          '[ 3][t 0][2024-10-30 23:27:18.605000][transaction.cpp:2678]\tin try_action_reserve_currency(0)\n' +
          '[ 4][t 0][2024-10-30 23:27:18.605000][transaction.cpp:2684]\taction_reserve_currency: mode=0, reserve=0ng, balance=797811731ng, original balance=10000000ng\n' +
          '[ 3][t 0][2024-10-30 23:27:18.605000][transaction.cpp:2729]\tchanged remaining balance to 797811731ng, reserved balance to 0ng\n' +
          '[ 4][t 0][2024-10-30 23:27:18.605000][transaction.cpp:2448]\tstorage paid for a message: 0 cells, 0 bits\n' +
          '[ 4][t 0][2024-10-30 23:27:18.605000][transaction.cpp:2452]\tcomputed fwd fees = 400000 + 0\n',
        vmLogs: 'ecute STSLICER\n' +
          'execute OVER\n' +
          'execute ISNULL\n' +
          'execute NOT\n' +
          'execute PUSHCONT x7F01CA00CC\n' +
          'execute PUSHCONT x7032CA00\n' +
          'execute IFELSE\n' +
          'execute PUSHINT -1\n' +
          'execute SWAP\n' +
          'execute STI 1\n' +
          'execute STREF\n' +
          'execute implicit RET\n' +
          'execute ENDC\n' +
          'execute POP c4\n' +
          'execute implicit RET\n',
        debugLogs: '',
        events: [ [Object], [Object] ],
        parent: {
          address: 37254810366437813475271750514734067285117962570475561289538093995582013161784n,
          lt: 38000000n,
          prevTransactionHash: 29992760460001401141302406108917334695201254910612896337084780795803414936545n,
          prevTransactionLt: 36000000n,
          now: 1732922838,
          outMessagesCount: 4,
          oldStatus: 'active',
          endStatus: 'active',
          inMessage: [Object],
          outMessages: [Dictionary],
          totalFees: [Object],
          stateUpdate: [Object],
          description: [Object],
          raw: x{7525D79B589F1D73B879432CD1A596C0F9C42CF460467BBB795DA5A20C021C138000000000243D580424F4D03BE4A045E6B1C2D6B98BE5D3E536073CCA6C31A893F75D30C1619BBE10000000002255100674A4DD600094803B6BE68}
           x{E_}
            x{680173A49878148A4F6041C04B952AC2638BD6A1025222AF84BFAF2C3BE5A07436D50014975E6D627C75CEE1E50CB346965B03E710B3D18119EEEDE57696883008704E10E51839CC0610D45E0000000004692682CE949BAC5B43D58B8000000000000000000000004_}
             x{02202FAF080202FAF08021DCD65001CC4B4021DCD65003391606B3397F7EB3391606B33A526EB00000000800000004_}
              x{801028CD38D6A9FB165BB1D27554DCBBC8B7A064E07EF4C3832956828113614F545_}
            x{DB_}
             x{2_}
              x{2_}
               x{6800A4BAF36B13E3AE770F28659A34B2D81F38859E8C08CF776F2BB4B44180438271001F33C9E03834F86C2DA0166D0212C129A321D08D5D171B4080758BCF48863C4D90101931000609BBB0000000000487AB02CE949BACC_}
                x{BC26F4C80000000000000000}
              x{2_}
               x{6800A4BAF36B13E3AE770F28659A34B2D81F38859E8C08CF776F2BB4B4418043827100384BA6D6A6B7DF2422C44C909493A07C03CA0A1FF860A7ED8531810050149DDF10101931000609BBB0000000000487AB04CE949BACC_}
                x{BC26F4C80000000000000001}
             x{2_}
              x{2_}
               x{E00292EBCDAC4F8EB9DC3CA19668D2CB607CE2167A30233DDDBCAED2D106010E09C0000000000487AB06CE949BACC_}
                x{8B6D3812000000000000000000000000801028CD38D6A9FB165BB1D27554DCBBC8B7A064E07EF4C3832956828113614F544877359401_}
              x{2_}
               x{4800A4BAF36B13E3AE770F28659A34B2D81F38859E8C08CF776F2BB4B44180438271002E74930F029149EC08380972A5584C717AD4204A4455F097F5E5877CB40E86DA90BCA3A88C0656E1D8000000000487AB08CE949BADE_}
                x{34_}
                 x{FF00F4A413F4BCF2C80B}
                  x{62_}
                   x{D001D0D3030171B0A301FA400120D74981010BBAF2E08820D70B0A208104FFBAF2D0898309BAF2E088545053036F04F86102F862DB3C5512DB3CF2E082}
                    x{ED44D0D401F863D200018E2FD31FFA400120D74981010BBAF2E08820D70B0A208104FFBAF2D0898309BAF2E08801D2000191D4926D01E255206C13E0F828D70B0A8309BAF2E089810101D700FA400120D74981010BBAF2E08820D70B0A208104FFBAF2D0898309BAF2E0881202D101DB3C}
                     x{6D}
                    x{0192307FE07021D749C21F953020D70B1FDE208210AFE93535BA8F5130D31F018210AFE93535BAF2E081D33FFA400120D74981010BBAF2E08820D70B0A208104FFBAF2D0898309BAF2E08801D455206C1332820898968070FB024434DB3C30037083067055206D6D6DDB3C597FE0208210B8A3AA14BAE302}
                     x{F8425220C705F2E084}
                     x{C87101CA01500701CA007001CA02500520D74981010BBAF2E08820D70B0A208104FFBAF2D0898309BAF2E088CF165003FA027001CA68236EB3917F93246EB3E2973333017001CA00E30D216EB39C7F01CA0001206EF2D08001CC95317001CA00E2C901FB00}
                      x{7F01CA00C87001CA007001CA00246EB39D7F01CA0004206EF2D0805004CC9634037001CA00E2246EB39D7F01CA0004206EF2D0805004CC9634037001CA00E27001CA00027F01CA0002C958CC}
                     x{30D31F018210B8A3AA14BAF2E081D33FFA400120D74981010BBAF2E08820D70B0A208104FFBAF2D0898309BAF2E088126C12317020FB025520DB3C03708100A07055206D6D6DDB3C587F}
                      x{F8425220C705F2E084}
                      x{C87101CA01500701CA007001CA02500520D74981010BBAF2E08820D70B0A208104FFBAF2D0898309BAF2E088CF165003FA027001CA68236EB3917F93246EB3E2973333017001CA00E30D216EB39C7F01CA0001206EF2D08001CC95317001CA00E2C901FB00}
                       x{7F01CA00C87001CA007001CA00246EB39D7F01CA0004206EF2D0805004CC9634037001CA00E2246EB39D7F01CA0004206EF2D0805004CC9634037001CA00E27001CA00027F01CA0002C958CC}
                     x{8210E601F8E5BA8ECED31F018210E601F8E5BAF2E081D33F0131820898968070FB02F8416F2410235F037083067F25206EF2D080542580C855208210B687AB175004CB1F12CB3FCB1FCCC9103441301443306D6DDB3C7FE03070}
                      x{C87101CA01500701CA007001CA02500520D74981010BBAF2E08820D70B0A208104FFBAF2D0898309BAF2E088CF165003FA027001CA68236EB3917F93246EB3E2973333017001CA00E30D216EB39C7F01CA0001206EF2D08001CC95317001CA00E2C901FB00}
                       x{7F01CA00C87001CA007001CA00246EB39D7F01CA0004206EF2D0805004CC9634037001CA00E2246EB39D7F01CA0004206EF2D0805004CC9634037001CA00E27001CA00027F01CA0002C958CC}
                    x{C8F84301CC7F01CA0055205023CB1F0120D74981010BBAF2E08820D70B0A208104FFBAF2D0898309BAF2E088CF16216EB3957F01CA00CC947032CA00E2C9ED54}
                   x{2_}
                    x{BE28EED9E6D9E3618C_}
                     x{ED44D0D401F863D200018E2FD31FFA400120D74981010BBAF2E08820D70B0A208104FFBAF2D0898309BAF2E08801D2000191D4926D01E255206C13E0F828D70B0A8309BAF2E089810101D700FA400120D74981010BBAF2E08820D70B0A208104FFBAF2D0898309BAF2E0881202D101DB3C}
                      x{6D}
                     x{21}
                    x{2_}
                     x{4}
                      x{B1D8B6CF36CF1B0C6_}
                       x{ED44D0D401F863D200018E2FD31FFA400120D74981010BBAF2E08820D70B0A208104FFBAF2D0898309BAF2E08801D2000191D4926D01E255206C13E0F828D70B0A8309BAF2E089810101D700FA400120D74981010BBAF2E08820D70B0A208104FFBAF2D0898309BAF2E0881202D101DB3C}
                        x{6D}
                       x{20}
                      x{B36436CF36CF1B0C6_}
                       x{ED44D0D401F863D200018E2FD31FFA400120D74981010BBAF2E08820D70B0A208104FFBAF2D0898309BAF2E08801D2000191D4926D01E255206C13E0F828D70B0A8309BAF2E089810101D700FA400120D74981010BBAF2E08820D70B0A208104FFBAF2D0898309BAF2E0881202D101DB3C}
                        x{6D}
                       x{22}
                     x{B82BEED44D0D20001}
                 x{0000000000000000000000000000000000000000000000000000000000000000200292EBCDAC4F8EB9DC3CA19668D2CB607CE2167A30233DDDBCAED2D106010E09C4_}
                  x{C_}
                   x{A0838F_}
                    x{FF00F4A413F4BCF2C80B}
                     x{62_}
                      x{D001D0D3030171B0A301FA400120D74981010BBAF2E08820D70B0A208104FFBAF2D0898309BAF2E088545053036F04F86102F862DB3C5512DB3CF2E082}
                       x{ED44D0D401F863D200018E2FD31FFA400120D74981010BBAF2E08820D70B0A208104FFBAF2D0898309BAF2E08801D2000191D4926D01E255206C13E0F828D70B0A8309BAF2E089810101D700FA400120D74981010BBAF2E08820D70B0A208104FFBAF2D0898309BAF2E0881202D101DB3C}
                        x{6D}
                       x{0192307FE07021D749C21F953020D70B1FDE208210AFE93535BA8F5130D31F018210AFE93535BAF2E081D33FFA400120D74981010BBAF2E08820D70B0A208104FFBAF2D0898309BAF2E08801D455206C1332820898968070FB024434DB3C30037083067055206D6D6DDB3C597FE0208210B8A3AA14BAE302}
                        x{F8425220C705F2E084}
                        x{C87101CA01500701CA007001CA02500520D74981010BBAF2E08820D70B0A208104FFBAF2D0898309BAF2E088CF165003FA027001CA68236EB3917F93246EB3E2973333017001CA00E30D216EB39C7F01CA0001206EF2D08001CC95317001CA00E2C901FB00}
                         x{7F01CA00C87001CA007001CA00246EB39D7F01CA0004206EF2D0805004CC9634037001CA00E2246EB39D7F01CA0004206EF2D0805004CC9634037001CA00E27001CA00027F01CA0002C958CC}
                        x{30D31F018210B8A3AA14BAF2E081D33FFA400120D74981010BBAF2E08820D70B0A208104FFBAF2D0898309BAF2E088126C12317020FB025520DB3C03708100A07055206D6D6DDB3C587F}
                         x{F8425220C705F2E084}
                         x{C87101CA01500701CA007001CA02500520D74981010BBAF2E08820D70B0A208104FFBAF2D0898309BAF2E088CF165003FA027001CA68236EB3917F93246EB3E2973333017001CA00E30D216EB39C7F01CA0001206EF2D08001CC95317001CA00E2C901FB00}
                          x{7F01CA00C87001CA007001CA00246EB39D7F01CA0004206EF2D0805004CC9634037001CA00E2246EB39D7F01CA0004206EF2D0805004CC9634037001CA00E27001CA00027F01CA0002C958CC}
                        x{8210E601F8E5BA8ECED31F018210E601F8E5BAF2E081D33F0131820898968070FB02F8416F2410235F037083067F25206EF2D080542580C855208210B687AB175004CB1F12CB3FCB1FCCC9103441301443306D6DDB3C7FE03070}
                         x{C87101CA01500701CA007001CA02500520D74981010BBAF2E08820D70B0A208104FFBAF2D0898309BAF2E088CF165003FA027001CA68236EB3917F93246EB3E2973333017001CA00E30D216EB39C7F01CA0001206EF2D08001CC95317001CA00E2C901FB00}
                          x{7F01CA00C87001CA007001CA00246EB39D7F01CA0004206EF2D0805004CC9634037001CA00E2246EB39D7F01CA0004206EF2D0805004CC9634037001CA00E27001CA00027F01CA0002C958CC}
                       x{C8F84301CC7F01CA0055205023CB1F0120D74981010BBAF2E08820D70B0A208104FFBAF2D0898309BAF2E088CF16216EB3957F01CA00CC947032CA00E2C9ED54}
                      x{2_}
                       x{BE28EED9E6D9E3618C_}
                        x{ED44D0D401F863D200018E2FD31FFA400120D74981010BBAF2E08820D70B0A208104FFBAF2D0898309BAF2E08801D2000191D4926D01E255206C13E0F828D70B0A8309BAF2E089810101D700FA400120D74981010BBAF2E08820D70B0A208104FFBAF2D0898309BAF2E0881202D101DB3C}
                         x{6D}
                        x{21}
                       x{2_}
                        x{4}
                         x{B1D8B6CF36CF1B0C6_}
                          x{ED44D0D401F863D200018E2FD31FFA400120D74981010BBAF2E08820D70B0A208104FFBAF2D0898309BAF2E08801D2000191D4926D01E255206C13E0F828D70B0A8309BAF2E089810101D700FA400120D74981010BBAF2E08820D70B0A208104FFBAF2D0898309BAF2E0881202D101DB3C}
                           x{6D}
                          x{20}
                         x{B36436CF36CF1B0C6_}
                          x{ED44D0D401F863D200018E2FD31FFA400120D74981010BBAF2E08820D70B0A208104FFBAF2D0898309BAF2E08801D2000191D4926D01E255206C13E0F828D70B0A8309BAF2E089810101D700FA400120D74981010BBAF2E08820D70B0A208104FFBAF2D0898309BAF2E0881202D101DB3C}
                           x{6D}
                          x{22}
                        x{B82BEED44D0D20001}
                x{B8A3AA140000000000000000801D3E5E1B0970E52ABD4EA639AED542E118FE33D2F03FE072737A6B74A8FDC2C69_}
           x{72FC5DA02F85553EA779D001FCBB54E0EC5F4E93E4DCC4F38FA2360B33C8868A89FF4CDD26E4B920ED5D4760710C53E12568917B42B7C707228467A63BDD773964}
           x{04090E51839CD88036EE1C11_}
            x{602327CC3D09000000000000000007C100000000000000000000000000000000000000000000000000000000000000000000000000000000000000000000000000000000000000000000000000000000}
            x{C9AC8D784C8FB95000000000000A0002000000086C667028F3CC35C5E1D1AEB75B20D68906AE33005305D31C6C00E378213282B048913B24_},
          hash: [Function: hash],
          blockchainLogs: '[ 4][t 0][2024-10-30 23:27:18.592000][transaction.cpp:443]\tunpacking account 525D79B589F1D73B879432CD1A596C0F9C42CF460467BBB795DA5A20C021C138\n' +
            '[ 4][t 0][2024-10-30 23:27:18.592000][transaction.cpp:274]\tlast_paid=1732922838; cells=232 bits=84034 public_cells=0\n' +
            '[ 4][t 0][2024-10-30 23:27:18.592000][transaction.cpp:504]\tend of Account.unpack() for 0:525D79B589F1D73B879432CD1A596C0F9C42CF460467BBB795DA5A20C021C138 (balance = 2100000000ng ; last_trans_lt = 36000000..36000002)\n' +
            '[ 4][t 0][2024-10-30 23:27:18.592000][transaction.cpp:3655]\tblock random seed set to 0000000000000000000000000000000000000000000000000000000000000000\n' +
            '[ 4][t 0][2024-10-30 23:27:18.592000][transaction.cpp:1236]\tgas limits: max=1000000, limit=1000000, credit=0\n' +
            '[ 4][t 0][2024-10-30 23:27:18.592000][transaction.cpp:1575]\tin_msg_state is null\n' +
            '[ 4][t 0][2024-10-30 23:27:18.592000][transaction.cpp:1645]\tcreating VM\n' +
            '[ 4][t 0][2024-10-30 23:27:18.592000][transaction.cpp:1351]\tSmartContractInfo initialized with [ 124711402 0 0 1732922838 38000000 38000000 14068792954309835536948273256715513127174070948738620016199408580766834334284 [ 3060892531 (null) ] CS{Cell{0271c00525d79b589f1d73b879432cd1a596c0f9c42cf460467bbb795da5a20c021c1383d0c05210833a526eb000000000089544091f4add401340} bits: 1..268; refs: 0..0} C{A7EC01478F770EF8F8B037CC7E42F0ABF0D85A50E1828C2394DAD1411691F2DE} C{42B6F0E46484EFC57B9508F6BA7EF42E7512023D5CB4ED5628DD1C7755D16E9D} [ 960892531 (null) ] 0 (null) [ CS{Cell{004dd06600000000000000000000000080000000000000fa00000000000001f4000000000003d09040} bits: 9..305; refs: 0..0} (null) CS{Cell{0094d1000000000000006400000000000f4240de000000002710000000000000000f42400000000002160ec0000000000000271000000000002625a00000000005f5e100000000003b9aca00} bits: 0..592; refs: 0..0} CS{Cell{0094d100000000000000640000000000009c40de000000000190000000000000000f424000000000000f4240000000000000271000000000009896800000000005f5e100000000003b9aca00} bits: 0..592; refs: 0..0} CS{Cell{0042ea000000000098968000000000271000000000000f424000000001800055555555} bits: 0..264; refs: 0..0} CS{Cell{0042ea0000000000061a800000000001900000000000009c4000000001800055555555} bits: 0..264; refs: 0..0} (null) ] 0 (null) ]\n' +
            '[ 4][t 0][2024-10-30 23:27:18.592000][transaction.cpp:1675]\tstarting VM\n' +
            '[ 4][t 0][2024-10-30 23:27:18.594000][transaction.cpp:1680]\tVM terminated with exit code 0\n' +
            '[ 3][t 0][2024-10-30 23:27:18.594000][transaction.cpp:1702]\tsteps: 1985 gas: used=71998, max=1000000, limit=1000000, credit=0\n' +
            '[ 3][t 0][2024-10-30 23:27:18.594000][transaction.cpp:1704]\tout_of_gas=false, accepted=true, success=true, time=0.001615s\n' +
            '[ 4][t 0][2024-10-30 23:27:18.594000][transaction.cpp:1737]\tgas fees: 28799200 = 26214400 * 71998 /2^16 ; price=26214400; flat rate=[40000 for 100]; remaining balance=3032093331ng\n' +
            '[ 3][t 0][2024-10-30 23:27:18.594000][transaction.cpp:2678]\tin try_action_reserve_currency(0)\n' +
            '[ 4][t 0][2024-10-30 23:27:18.594000][transaction.cpp:2684]\taction_reserve_currency: mode=0, reserve=2100000000ng, balance=3032093331ng, original balance=2100000000ng\n' +
            '[ 3][t 0][2024-10-30 23:27:18.594000][transaction.cpp:2729]\tchanged remaining balance to 932093331ng, reserved balance to 2100000000ng\n' +
            '[ 4][t 0][2024-10-30 23:27:18.594000][transaction.cpp:2448]\tstorage paid for a message: 1 cells, 96 bits\n' +
            '[ 4][t 0][2024-10-30 23:27:18.594000][transaction.cpp:2452]\tcomputed fwd fees = 478400 + 0\n' +
            '[ 4][t 0][2024-10-30 23:27:18.594000][transaction.cpp:2448]\tstorage paid for a message: 1 cells, 96 bits\n' +
            '[ 4][t 0][2024-10-30 23:27:18.594000][transaction.cpp:2452]\tcomputed fwd fees = 478400 + 0\n' +
            '[ 4][t 0][2024-10-30 23:27:18.594000][transaction.cpp:2448]\tstorage paid for a message: 1 cells, 431 bits\n' +
            '[ 4][t 0][2024-10-30 23:27:18.594000][transaction.cpp:2452]\tcomputed fwd fees = 612400 + 0\n' +
            '[ 4][t 0][2024-10-30 23:27:18.594000][transaction.cpp:2448]\tstorage paid for a message: 27 cells, 6976 bits\n' +
            '[ 4][t 0][2024-10-30 23:27:18.594000][transaction.cpp:2452]\tcomputed fwd fees = 4270400 + 0\n',
          vmLogs: 'xecute EQUAL\n' +
            'execute THROWIF 137\n' +
            'execute PUSHPOW2 10\n' +
            'execute EQUAL\n' +
            'execute THROWIFNOT 136\n' +
            'execute STSLICER\n' +
            'execute ENDC\n' +
            'execute ROT\n' +
            'execute STREF\n' +
            'execute ENDC\n' +
            'execute SWAP\n' +
            'execute STREF\n' +
            'execute implicit RET\n' +
            'execute ENDC\n' +
            'execute POP c4\n' +
            'execute implicit RET\n',
          debugLogs: '',
          events: [Array],
          parent: [Object],
          children: [Array],
          externals: [Array]
        },
        children: [ [Object] ],
        externals: []
      },
      {
        address: 37254810366437813475271750514734067285117962570475561289538093995582013161784n,
        lt: 42000000n,
        prevTransactionHash: 81131513769239533640427756228201033108418948995752947457662485322992679018078n,
        prevTransactionLt: 38000000n,
        now: 1732922838,
        outMessagesCount: 2,
        oldStatus: 'active',
        endStatus: 'active',
        inMessage: {
          info: [Object],
          init: null,
          body: x{2A004A0500000000000000000000000000000000000000000000000000000000000000000000000000000000C00814669C6B54FD8B2DD8E93AAA6E5DE45BD032703F7A61C194AB414089B0A7AA2}
        },
        outMessages: Dictionary { _key: [Object], _value: [Object], _map: [Map] },
        totalFees: { coins: 11323062n },
        stateUpdate: {
          oldHash: <Buffer ff 4c dd 26 e4 b9 20 ed 5d 47 60 71 0c 53 e1 25 68 91 7b 42 b7 c7 07 22 84 67 a6 3b dd 77 39 64>,
          newHash: <Buffer 6a 23 4b bf c5 81 b0 6e e2 f0 ae aa 50 2c 15 e5 1b 29 e3 4e 3b b9 2f b0 d0 7b f7 86 91 a8 62 e5>
        },
        description: {
          type: 'generic',
          creditFirst: false,
          storagePhase: [Object],
          creditPhase: [Object],
          computePhase: [Object],
          actionPhase: [Object],
          bouncePhase: undefined,
          aborted: false,
          destroyed: false
        },
        raw: x{7525D79B589F1D73B879432CD1A596C0F9C42CF460467BBB795DA5A20C021C138000000000280DE80B35ECF3ADFDBA01426BF663426CE43790E74D8B95E5A6936EB16B810DF2E5E5E000000000243D580674A4DD6000547598D6C}
         x{E_}
          x{6800F99E4F01C1A7C3616D00B3681096094D190E846AE8B8DA0403AC5E7A4431E26D0014975E6D627C75CEE1E50CB346965B03E710B3D18119EEEDE57696883008704E101119EF88060DFF5E0000000004A62F82CE949BACC_}
           x{2A004A0500000000000000000000000000000000000000000000000000000000000000000000000000000000C00814669C6B54FD8B2DD8E93AAA6E5DE45BD032703F7A61C194AB414089B0A7AA2}
          x{DD_}
           x{2_}
            x{6800A4BAF36B13E3AE770F28659A34B2D81F38859E8C08CF776F2BB4B441804382710020519A71AD53F62CB763A4EAA9B977916F40C9C0FDE9870652AD050226C29EA890FA19E1000608235A000000000501BD02CE949BAC4_}
           x{2_}
            x{6800A4BAF36B13E3AE770F28659A34B2D81F38859E8C08CF776F2BB4B44180438271003A7CBC3612E1CA557A9D4C735DAA85C231FC67A5E07FC0E4E6F4D6E951FB858D100E4647480608235A000000000501BD04CE949BAC4_}
         x{72FF4CDD26E4B920ED5D4760710C53E12568917B42B7C707228467A63BDD7739646A234BBFC581B06EE2F0AEAA502C15E51B29E34E3BB92FB0D07BF78691A862E5}
         x{040901119EF8987516A211_}
          x{4D7F2C0AF1E00000000000000002E500000000000000000000000000000000000000000000000000000000000000000000000000000000000000000000000000000000000000000000000000000000}
          x{C9861A804C104698000000000006000200000004520F5BFAE2DB811E659CF17FB03F2335C3023F4A4B88DDB137FBD366D6D178EA40902C14_},
        hash: [Function: hash],
        blockchainLogs: '[ 4][t 0][2024-10-30 23:27:18.608000][transaction.cpp:443]\tunpacking account 525D79B589F1D73B879432CD1A596C0F9C42CF460467BBB795DA5A20C021C138\n' +
          '[ 4][t 0][2024-10-30 23:27:18.608000][transaction.cpp:274]\tlast_paid=1732922838; cells=234 bits=84033 public_cells=0\n' +
          '[ 4][t 0][2024-10-30 23:27:18.608000][transaction.cpp:504]\tend of Account.unpack() for 0:525D79B589F1D73B879432CD1A596C0F9C42CF460467BBB795DA5A20C021C138 (balance = 2100000000ng ; last_trans_lt = 38000000..38000005)\n' +
          '[ 4][t 0][2024-10-30 23:27:18.608000][transaction.cpp:3655]\tblock random seed set to 0000000000000000000000000000000000000000000000000000000000000000\n' +
          '[ 4][t 0][2024-10-30 23:27:18.608000][transaction.cpp:1236]\tgas limits: max=1000000, limit=179320, credit=0\n' +
          '[ 4][t 0][2024-10-30 23:27:18.608000][transaction.cpp:1575]\tin_msg_state is null\n' +
          '[ 4][t 0][2024-10-30 23:27:18.608000][transaction.cpp:1645]\tcreating VM\n' +
          '[ 4][t 0][2024-10-30 23:27:18.608000][transaction.cpp:1351]\tSmartContractInfo initialized with [ 124711402 0 0 1732922838 42000000 42000000 14068792954309835536948273256715513127174070948738620016199408580766834334284 [ 2171728098 (null) ] CS{Cell{0271c00525d79b589f1d73b879432cd1a596c0f9c42cf460467bbb795da5a20c021c1383d4c05210433a526eb000000000090f56151f4add401340} bits: 1..268; refs: 0..0} C{A7EC01478F770EF8F8B037CC7E42F0ABF0D85A50E1828C2394DAD1411691F2DE} C{42B6F0E46484EFC57B9508F6BA7EF42E7512023D5CB4ED5628DD1C7755D16E9D} [ 71728098 (null) ] 0 (null) [ CS{Cell{004dd06600000000000000000000000080000000000000fa00000000000001f4000000000003d09040} bits: 9..305; refs: 0..0} (null) CS{Cell{0094d1000000000000006400000000000f4240de000000002710000000000000000f42400000000002160ec0000000000000271000000000002625a00000000005f5e100000000003b9aca00} bits: 0..592; refs: 0..0} CS{Cell{0094d100000000000000640000000000009c40de000000000190000000000000000f424000000000000f4240000000000000271000000000009896800000000005f5e100000000003b9aca00} bits: 0..592; refs: 0..0} CS{Cell{0042ea000000000098968000000000271000000000000f424000000001800055555555} bits: 0..264; refs: 0..0} CS{Cell{0042ea0000000000061a800000000001900000000000009c4000000001800055555555} bits: 0..264; refs: 0..0} (null) ] 0 (null) ]\n' +
          '[ 4][t 0][2024-10-30 23:27:18.608000][transaction.cpp:1675]\tstarting VM\n' +
          '[ 4][t 0][2024-10-30 23:27:18.609000][transaction.cpp:1680]\tVM terminated with exit code 0\n' +
          '[ 3][t 0][2024-10-30 23:27:18.609000][transaction.cpp:1702]\tsteps: 741 gas: used=27641, max=1000000, limit=179320, credit=0\n' +
          '[ 3][t 0][2024-10-30 23:27:18.609000][transaction.cpp:1704]\tout_of_gas=false, accepted=true, success=true, time=0.000769s\n' +
          '[ 4][t 0][2024-10-30 23:27:18.609000][transaction.cpp:1737]\tgas fees: 11056400 = 26214400 * 27641 /2^16 ; price=26214400; flat rate=[40000 for 100]; remaining balance=2160671698ng\n' +
          '[ 3][t 0][2024-10-30 23:27:18.609000][transaction.cpp:2678]\tin try_action_reserve_currency(0)\n' +
          '[ 4][t 0][2024-10-30 23:27:18.609000][transaction.cpp:2684]\taction_reserve_currency: mode=0, reserve=1051000000ng, balance=2160671698ng, original balance=2100000000ng\n' +
          '[ 3][t 0][2024-10-30 23:27:18.609000][transaction.cpp:2729]\tchanged remaining balance to 1109671698ng, reserved balance to 1051000000ng\n' +
          '[ 4][t 0][2024-10-30 23:27:18.609000][transaction.cpp:2448]\tstorage paid for a message: 0 cells, 0 bits\n' +
          '[ 4][t 0][2024-10-30 23:27:18.609000][transaction.cpp:2452]\tcomputed fwd fees = 400000 + 0\n' +
          '[ 4][t 0][2024-10-30 23:27:18.609000][transaction.cpp:2448]\tstorage paid for a message: 0 cells, 0 bits\n' +
          '[ 4][t 0][2024-10-30 23:27:18.609000][transaction.cpp:2452]\tcomputed fwd fees = 400000 + 0\n',
        vmLogs: 'xecute EQUAL\n' +
          'execute THROWIF 137\n' +
          'execute PUSHPOW2 10\n' +
          'execute EQUAL\n' +
          'execute THROWIFNOT 136\n' +
          'execute STSLICER\n' +
          'execute ENDC\n' +
          'execute ROT\n' +
          'execute STREF\n' +
          'execute ENDC\n' +
          'execute SWAP\n' +
          'execute STREF\n' +
          'execute implicit RET\n' +
          'execute ENDC\n' +
          'execute POP c4\n' +
          'execute implicit RET\n',
        debugLogs: '',
        events: [ [Object], [Object] ],
        parent: {
          address: 56452803209391972311245829800318013664241380452486081517026592719308720763190n,
          lt: 39000000n,
          prevTransactionHash: 49162274675413260344990375239876453711669571171807958476384034159839683532815n,
          prevTransactionLt: 28000000n,
          now: 1732922838,
          outMessagesCount: 1,
          oldStatus: 'active',
          endStatus: 'active',
          inMessage: [Object],
          outMessages: [Dictionary],
          totalFees: [Object],
          stateUpdate: [Object],
          description: [Object],
          raw: x{77CCF2780E0D3E1B0B68059B4084B04A68C874235745C6D0201D62F3D2218F13600000000025317C06CB0DC841409B60E3DED0E7C3BAB6AFBD113DE555FB9B77488377FED136BD80F0000000001AB3F00674A4DD6000346A2CE5E}
           x{E_}
            x{6800A4BAF36B13E3AE770F28659A34B2D81F38859E8C08CF776F2BB4B44180438271001F33C9E03834F86C2DA0166D0212C129A321D08D5D171B4080758BCF48863C4D90101931000609BBB0000000000487AB02CE949BAC5E137A6400000000000000004_}
            x{DF_}
             x{6800F99E4F01C1A7C3616D00B3681096094D190E846AE8B8DA0403AC5E7A4431E26D0014975E6D627C75CEE1E50CB346965B03E710B3D18119EEEDE57696883008704E101119EF88060DFF5E0000000004A62F82CE949BACC_}
              x{2A004A0500000000000000000000000000000000000000000000000000000000000000000000000000000000C00814669C6B54FD8B2DD8E93AAA6E5DE45BD032703F7A61C194AB414089B0A7AA2}
           x{72536D4C1CE63931C16B3AC1B989F8625D658F4BDE3D638D3EB318CC7B60DB7855BA5E480CC71B3684607C0F9680B18AD7FF77877CBE880AA19935DFEF83D03824}
           x{04C4360789010193101867A1E811_}
            x{44E28C0A4D9000000000000000013D00000000000000000000000000000000000000000000000000000000000000000000000000000000000000000000000000000000000000000000000000000000}
            x{C9853FC04C0DFF44000000000002000000000002E314399E9181B61CA6ACAC445010D6EB366B5E165776588A9812DBEC1225A8904090296C_},
          hash: [Function: hash],
          blockchainLogs: '[ 4][t 0][2024-10-30 23:27:18.599000][transaction.cpp:443]\tunpacking account 7CCF2780E0D3E1B0B68059B4084B04A68C874235745C6D0201D62F3D2218F136\n' +
            '[ 4][t 0][2024-10-30 23:27:18.599000][transaction.cpp:274]\tlast_paid=1730330838; cells=30 bits=12911 public_cells=0\n' +
            '[ 4][t 0][2024-10-30 23:27:18.599000][transaction.cpp:504]\tend of Account.unpack() for 0:7CCF2780E0D3E1B0B68059B4084B04A68C874235745C6D0201D62F3D2218F136 (balance = 10000000ng ; last_trans_lt = 28000000..28000002)\n' +
            '[ 4][t 0][2024-10-30 23:27:18.599000][transaction.cpp:3655]\tblock random seed set to 0000000000000000000000000000000000000000000000000000000000000000\n' +
            '[ 4][t 0][2024-10-30 23:27:18.599000][transaction.cpp:1236]\tgas limits: max=191044, limit=168804, credit=0\n' +
            '[ 4][t 0][2024-10-30 23:27:18.599000][transaction.cpp:1575]\tin_msg_state is null\n' +
            '[ 4][t 0][2024-10-30 23:27:18.599000][transaction.cpp:1645]\tcreating VM\n' +
            '[ 4][t 0][2024-10-30 23:27:18.599000][transaction.cpp:1351]\tSmartContractInfo initialized with [ 124711402 0 0 1732922838 39000000 39000000 17158678860825839941702393232993838109470607978381324670400578166443069604636 [ 76417698 (null) ] CS{Cell{026dc007ccf2780e0d3e1b0b68059b4084b04a68c874235745c6d0201d62f3d2218f13623c8c9bc3391606b00000000006acfc08e625a01340} bits: 1..268; refs: 0..0} C{A7EC01478F770EF8F8B037CC7E42F0ABF0D85A50E1828C2394DAD1411691F2DE} C{33BB148A451AD17F938AA7C476E48F2B79933715F13F1D58F9234A90730321A8} [ 67521600 (null) ] 1103902 (null) [ CS{Cell{004dd06600000000000000000000000080000000000000fa00000000000001f4000000000003d09040} bits: 9..305; refs: 0..0} (null) CS{Cell{0094d1000000000000006400000000000f4240de000000002710000000000000000f42400000000002160ec0000000000000271000000000002625a00000000005f5e100000000003b9aca00} bits: 0..592; refs: 0..0} CS{Cell{0094d100000000000000640000000000009c40de000000000190000000000000000f424000000000000f4240000000000000271000000000009896800000000005f5e100000000003b9aca00} bits: 0..592; refs: 0..0} CS{Cell{0042ea000000000098968000000000271000000000000f424000000001800055555555} bits: 0..264; refs: 0..0} CS{Cell{0042ea0000000000061a800000000001900000000000009c4000000001800055555555} bits: 0..264; refs: 0..0} (null) ] 0 (null) ]\n' +
            '[ 4][t 0][2024-10-30 23:27:18.599000][transaction.cpp:1675]\tstarting VM\n' +
            '[ 4][t 0][2024-10-30 23:27:18.599000][transaction.cpp:1680]\tVM terminated with exit code 0\n' +
            '[ 3][t 0][2024-10-30 23:27:18.599000][transaction.cpp:1702]\tsteps: 317 gas: used=10004, max=191044, limit=168804, credit=0\n' +
            '[ 3][t 0][2024-10-30 23:27:18.599000][transaction.cpp:1704]\tout_of_gas=false, accepted=true, success=true, time=0.000300s\n' +
            '[ 4][t 0][2024-10-30 23:27:18.599000][transaction.cpp:1737]\tgas fees: 4001600 = 26214400 * 10004 /2^16 ; price=26214400; flat rate=[40000 for 100]; remaining balance=72416098ng\n' +
            '[ 4][t 0][2024-10-30 23:27:18.599000][transaction.cpp:2448]\tstorage paid for a message: 1 cells, 620 bits\n' +
            '[ 4][t 0][2024-10-30 23:27:18.599000][transaction.cpp:2452]\tcomputed fwd fees = 688000 + 0\n',
          vmLogs: 'e implicit RET\n' +
            'execute OVER\n' +
            'execute ISNULL\n' +
            'execute NOT\n' +
            'execute PUSHCONT x7F01CA00CC\n' +
            'execute PUSHCONT x7032CA00\n' +
            'execute IFELSE\n' +
            'execute PUSHINT -1\n' +
            'execute SWAP\n' +
            'execute STI 1\n' +
            'execute STREF\n' +
            'execute implicit RET\n' +
            'execute ENDC\n' +
            'execute POP c4\n' +
            'execute implicit RET\n',
          debugLogs: '',
          events: [Array],
          parent: [Object],
          children: [Array],
          externals: []
        },
        children: [ [Object], [Object] ],
        externals: []
      },
      {
        address: 37254810366437813475271750514734067285117962570475561289538093995582013161784n,
        lt: 43000000n,
        prevTransactionHash: 31086557057373426509192859266113912323332642271089918412386346651224914184231n,
        prevTransactionLt: 42000000n,
        now: 1732922838,
        outMessagesCount: 2,
        oldStatus: 'active',
        endStatus: 'active',
        inMessage: {
          info: [Object],
          init: null,
          body: x{2A004A0500000000000000010000000000000000000000000000000000000000000000000000000000000000400B75A3E1A6460F415CE3721F308920C4B456F3B977F39EB26CED9155308A976CC}
        },
        outMessages: Dictionary { _key: [Object], _value: [Object], _map: [Map] },
        totalFees: { coins: 11033062n },
        stateUpdate: {
          oldHash: <Buffer 6a 23 4b bf c5 81 b0 6e e2 f0 ae aa 50 2c 15 e5 1b 29 e3 4e 3b b9 2f b0 d0 7b f7 86 91 a8 62 e5>,
          newHash: <Buffer 3b 54 e9 a3 ed ed c7 37 54 75 79 38 fa d5 be f8 97 81 f1 b2 9b 92 c8 55 80 09 f6 0b 0b e9 10 f0>
        },
        description: {
          type: 'generic',
          creditFirst: false,
          storagePhase: [Object],
          creditPhase: [Object],
          computePhase: [Object],
          actionPhase: [Object],
          bouncePhase: undefined,
          aborted: false,
          destroyed: false
        },
        raw: x{7525D79B589F1D73B879432CD1A596C0F9C42CF460467BBB795DA5A20C021C13800000000029020C044BA5E2668B77CF289DDF9DAFF7675F9076FE35D6F402832E6699A623E3EC827000000000280DE80674A4DD600054750B3CC}
         x{E_}
          x{6801C25D36B535BEF92116226484A49D03E01E5050FFC3053F6C298C080280A4EEF90014975E6D627C75CEE1E50CB346965B03E710B3D18119EEEDE57696883008704E101119EF88060DFF5E0000000004C4B402CE949BACC_}
           x{2A004A0500000000000000010000000000000000000000000000000000000000000000000000000000000000400B75A3E1A6460F415CE3721F308920C4B456F3B977F39EB26CED9155308A976CC}
          x{DD_}
           x{2_}
            x{6800A4BAF36B13E3AE770F28659A34B2D81F38859E8C08CF776F2BB4B44180438271002DD68F8699183D05738DC87CC2248312D15BCEE5DFCE7AC9B3B64554C22A5DB310E27F66000608235A0000000005204182CE949BAC4_}
           x{2_}
            x{6800A4BAF36B13E3AE770F28659A34B2D81F38859E8C08CF776F2BB4B44180438271003A7CBC3612E1CA557A9D4C735DAA85C231FC67A5E07FC0E4E6F4D6E951FB858D100E57FA880608235A0000000005204184CE949BAC4_}
         x{726A234BBFC581B06EE2F0AEAA502C15E51B29E34E3BB92FB0D07BF78691A862E53B54E9A3EDEDC73754757938FAD5BEF89781F1B29B92C8558009F60B0BE910F0}
         x{040901119EF89874890811_}
          x{4D248C0AF1E00000000000000002E500000000000000000000000000000000000000000000000000000000000000000000000000000000000000000000000000000000000000000000000000000000}
          x{C9861A804C10469800000000000600020000000450AF9D9EE3726931F26D844A6FCC649C60C9C4AD99D34E111DD9BC6BD3DB3ADC40902C14_},
        hash: [Function: hash],
        blockchainLogs: '[ 4][t 0][2024-10-30 23:27:18.612000][transaction.cpp:443]\tunpacking account 525D79B589F1D73B879432CD1A596C0F9C42CF460467BBB795DA5A20C021C138\n' +
          '[ 4][t 0][2024-10-30 23:27:18.612000][transaction.cpp:274]\tlast_paid=1732922838; cells=231 bits=83982 public_cells=0\n' +
          '[ 4][t 0][2024-10-30 23:27:18.612000][transaction.cpp:504]\tend of Account.unpack() for 0:525D79B589F1D73B879432CD1A596C0F9C42CF460467BBB795DA5A20C021C138 (balance = 1051000000ng ; last_trans_lt = 42000000..42000003)\n' +
          '[ 4][t 0][2024-10-30 23:27:18.612000][transaction.cpp:3655]\tblock random seed set to 0000000000000000000000000000000000000000000000000000000000000000\n' +
          '[ 4][t 0][2024-10-30 23:27:18.612000][transaction.cpp:1236]\tgas limits: max=1000000, limit=179320, credit=0\n' +
          '[ 4][t 0][2024-10-30 23:27:18.612000][transaction.cpp:1575]\tin_msg_state is null\n' +
          '[ 4][t 0][2024-10-30 23:27:18.612000][transaction.cpp:1645]\tcreating VM\n' +
          '[ 4][t 0][2024-10-30 23:27:18.612000][transaction.cpp:1351]\tSmartContractInfo initialized with [ 124711402 0 0 1732922838 43000000 43000000 14068792954309835536948273256715513127174070948738620016199408580766834334284 [ 1122728098 (null) ] CS{Cell{0271c00525d79b589f1d73b879432cd1a596c0f9c42cf460467bbb795da5a20c021c1383cec05203833a526eb0000000000a037a0d0fa93f301340} bits: 1..268; refs: 0..0} C{A7EC01478F770EF8F8B037CC7E42F0ABF0D85A50E1828C2394DAD1411691F2DE} C{42B6F0E46484EFC57B9508F6BA7EF42E7512023D5CB4ED5628DD1C7755D16E9D} [ 71728098 (null) ] 0 (null) [ CS{Cell{004dd06600000000000000000000000080000000000000fa00000000000001f4000000000003d09040} bits: 9..305; refs: 0..0} (null) CS{Cell{0094d1000000000000006400000000000f4240de000000002710000000000000000f42400000000002160ec0000000000000271000000000002625a00000000005f5e100000000003b9aca00} bits: 0..592; refs: 0..0} CS{Cell{0094d100000000000000640000000000009c40de000000000190000000000000000f424000000000000f4240000000000000271000000000009896800000000005f5e100000000003b9aca00} bits: 0..592; refs: 0..0} CS{Cell{0042ea000000000098968000000000271000000000000f424000000001800055555555} bits: 0..264; refs: 0..0} CS{Cell{0042ea0000000000061a800000000001900000000000009c4000000001800055555555} bits: 0..264; refs: 0..0} (null) ] 0 (null) ]\n' +
          '[ 4][t 0][2024-10-30 23:27:18.613000][transaction.cpp:1675]\tstarting VM\n' +
          '[ 4][t 0][2024-10-30 23:27:18.614000][transaction.cpp:1680]\tVM terminated with exit code 0\n' +
          '[ 3][t 0][2024-10-30 23:27:18.614000][transaction.cpp:1702]\tsteps: 741 gas: used=26916, max=1000000, limit=179320, credit=0\n' +
          '[ 3][t 0][2024-10-30 23:27:18.614000][transaction.cpp:1704]\tout_of_gas=false, accepted=true, success=true, time=0.000880s\n' +
          '[ 4][t 0][2024-10-30 23:27:18.614000][transaction.cpp:1737]\tgas fees: 10766400 = 26214400 * 26916 /2^16 ; price=26214400; flat rate=[40000 for 100]; remaining balance=1111961698ng\n' +
          '[ 3][t 0][2024-10-30 23:27:18.614000][transaction.cpp:2678]\tin try_action_reserve_currency(0)\n' +
          '[ 4][t 0][2024-10-30 23:27:18.614000][transaction.cpp:2684]\taction_reserve_currency: mode=0, reserve=101000000ng, balance=1111961698ng, original balance=1051000000ng\n' +
          '[ 3][t 0][2024-10-30 23:27:18.614000][transaction.cpp:2729]\tchanged remaining balance to 1010961698ng, reserved balance to 101000000ng\n' +
          '[ 4][t 0][2024-10-30 23:27:18.614000][transaction.cpp:2448]\tstorage paid for a message: 0 cells, 0 bits\n' +
          '[ 4][t 0][2024-10-30 23:27:18.614000][transaction.cpp:2452]\tcomputed fwd fees = 400000 + 0\n' +
          '[ 4][t 0][2024-10-30 23:27:18.614000][transaction.cpp:2448]\tstorage paid for a message: 0 cells, 0 bits\n' +
          '[ 4][t 0][2024-10-30 23:27:18.614000][transaction.cpp:2452]\tcomputed fwd fees = 400000 + 0\n',
        vmLogs: 'xecute EQUAL\n' +
          'execute THROWIF 137\n' +
          'execute PUSHPOW2 10\n' +
          'execute EQUAL\n' +
          'execute THROWIFNOT 136\n' +
          'execute STSLICER\n' +
          'execute ENDC\n' +
          'execute ROT\n' +
          'execute STREF\n' +
          'execute ENDC\n' +
          'execute SWAP\n' +
          'execute STREF\n' +
          'execute implicit RET\n' +
          'execute ENDC\n' +
          'execute POP c4\n' +
          'execute implicit RET\n',
        debugLogs: '',
        events: [ [Object], [Object] ],
        parent: {
          address: 101852738109603725607761920797369865272772728943991090530178890834824226043772n,
          lt: 40000000n,
          prevTransactionHash: 46829751795778449656276215240871077828195579520795875572575748054079222635805n,
          prevTransactionLt: 27000000n,
          now: 1732922838,
          outMessagesCount: 1,
          oldStatus: 'active',
          endStatus: 'active',
          inMessage: [Object],
          outMessages: [Dictionary],
          totalFees: [Object],
          stateUpdate: [Object],
          description: [Object],
          raw: x{7E12E9B5A9ADF7C908B113242524E81F00F28287FE1829FB614C604014052777C0000000002625A006788B341F5EE4CDF5BB67038D919D8571EB384EE02358EE29162FED4EAF4DD1D00000000019BFCC0674A4DD6000346A2CE5E}
           x{E_}
            x{6800A4BAF36B13E3AE770F28659A34B2D81F38859E8C08CF776F2BB4B4418043827100384BA6D6A6B7DF2422C44C909493A07C03CA0A1FF860A7ED8531810050149DDF10101931000609BBB0000000000487AB04CE949BAC5E137A640000000000000000C_}
            x{DF_}
             x{6801C25D36B535BEF92116226484A49D03E01E5050FFC3053F6C298C080280A4EEF90014975E6D627C75CEE1E50CB346965B03E710B3D18119EEEDE57696883008704E101119EF88060DFF5E0000000004C4B402CE949BACC_}
              x{2A004A0500000000000000010000000000000000000000000000000000000000000000000000000000000000400B75A3E1A6460F415CE3721F308920C4B456F3B977F39EB26CED9155308A976CC}
           x{72F36F7335CB1C5B09512521FEF92FB7B709CC222E211CD7A246D1B41324B31329A620DD8EBAD93C67A8BD01F9E358A97A340EC7A8244C9979BDF7CB05508B1FD5}
           x{04C4360789010193101867A1E811_}
            x{44E28C0A4D9000000000000000013D00000000000000000000000000000000000000000000000000000000000000000000000000000000000000000000000000000000000000000000000000000000}
            x{C9853FC04C0DFF44000000000002000000000003FFB2652E35979066CAC0633284C4E8042DB1FCB29F76FDFE1F06536CEE4DA4744090296C_},
          hash: [Function: hash],
          blockchainLogs: '[ 4][t 0][2024-10-30 23:27:18.601000][transaction.cpp:443]\tunpacking account E12E9B5A9ADF7C908B113242524E81F00F28287FE1829FB614C604014052777C\n' +
            '[ 4][t 0][2024-10-30 23:27:18.601000][transaction.cpp:274]\tlast_paid=1730330838; cells=30 bits=12911 public_cells=0\n' +
            '[ 4][t 0][2024-10-30 23:27:18.601000][transaction.cpp:504]\tend of Account.unpack() for 0:E12E9B5A9ADF7C908B113242524E81F00F28287FE1829FB614C604014052777C (balance = 10000000ng ; last_trans_lt = 27000000..27000002)\n' +
            '[ 4][t 0][2024-10-30 23:27:18.601000][transaction.cpp:3655]\tblock random seed set to 0000000000000000000000000000000000000000000000000000000000000000\n' +
            '[ 4][t 0][2024-10-30 23:27:18.601000][transaction.cpp:1236]\tgas limits: max=191044, limit=168804, credit=0\n' +
            '[ 4][t 0][2024-10-30 23:27:18.601000][transaction.cpp:1575]\tin_msg_state is null\n' +
            '[ 4][t 0][2024-10-30 23:27:18.601000][transaction.cpp:1645]\tcreating VM\n' +
            '[ 4][t 0][2024-10-30 23:27:18.601000][transaction.cpp:1351]\tSmartContractInfo initialized with [ 124711402 0 0 1732922838 40000000 40000000 43870772645377937883531240781324653013999287705787709612543318804107744319189 [ 76417698 (null) ] CS{Cell{026dc00e12e9b5a9adf7c908b113242524e81f00f28287fe1829fb614c604014052777c23c8c9bc3391606b000000000066ff308e625a01340} bits: 1..268; refs: 0..0} C{A7EC01478F770EF8F8B037CC7E42F0ABF0D85A50E1828C2394DAD1411691F2DE} C{33BB148A451AD17F938AA7C476E48F2B79933715F13F1D58F9234A90730321A8} [ 67521600 (null) ] 1103902 (null) [ CS{Cell{004dd06600000000000000000000000080000000000000fa00000000000001f4000000000003d09040} bits: 9..305; refs: 0..0} (null) CS{Cell{0094d1000000000000006400000000000f4240de000000002710000000000000000f42400000000002160ec0000000000000271000000000002625a00000000005f5e100000000003b9aca00} bits: 0..592; refs: 0..0} CS{Cell{0094d100000000000000640000000000009c40de000000000190000000000000000f424000000000000f4240000000000000271000000000009896800000000005f5e100000000003b9aca00} bits: 0..592; refs: 0..0} CS{Cell{0042ea000000000098968000000000271000000000000f424000000001800055555555} bits: 0..264; refs: 0..0} CS{Cell{0042ea0000000000061a800000000001900000000000009c4000000001800055555555} bits: 0..264; refs: 0..0} (null) ] 0 (null) ]\n' +
            '[ 4][t 0][2024-10-30 23:27:18.601000][transaction.cpp:1675]\tstarting VM\n' +
            '[ 4][t 0][2024-10-30 23:27:18.602000][transaction.cpp:1680]\tVM terminated with exit code 0\n' +
            '[ 3][t 0][2024-10-30 23:27:18.602000][transaction.cpp:1702]\tsteps: 317 gas: used=10004, max=191044, limit=168804, credit=0\n' +
            '[ 3][t 0][2024-10-30 23:27:18.602000][transaction.cpp:1704]\tout_of_gas=false, accepted=true, success=true, time=0.000465s\n' +
            '[ 4][t 0][2024-10-30 23:27:18.602000][transaction.cpp:1737]\tgas fees: 4001600 = 26214400 * 10004 /2^16 ; price=26214400; flat rate=[40000 for 100]; remaining balance=72416098ng\n' +
            '[ 4][t 0][2024-10-30 23:27:18.602000][transaction.cpp:2448]\tstorage paid for a message: 1 cells, 620 bits\n' +
            '[ 4][t 0][2024-10-30 23:27:18.602000][transaction.cpp:2452]\tcomputed fwd fees = 688000 + 0\n',
          vmLogs: 'e implicit RET\n' +
            'execute OVER\n' +
            'execute ISNULL\n' +
            'execute NOT\n' +
            'execute PUSHCONT x7F01CA00CC\n' +
            'execute PUSHCONT x7032CA00\n' +
            'execute IFELSE\n' +
            'execute PUSHINT -1\n' +
            'execute SWAP\n' +
            'execute STI 1\n' +
            'execute STREF\n' +
            'execute implicit RET\n' +
            'execute ENDC\n' +
            'execute POP c4\n' +
            'execute implicit RET\n',
          debugLogs: '',
          events: [Array],
          parent: [Object],
          children: [Array],
          externals: []
        },
        children: [ [Object], [Object] ],
        externals: []
      },
      {
        address: 105818132960003171416304597453717637701794574747475969910003481004036112389684n,
        lt: 44000000n,
        prevTransactionHash: 46894812713763500706578981201904176761025671190536777814790562354725491842471n,
        prevTransactionLt: 33000000n,
        now: 1732922838,
        outMessagesCount: 0,
        oldStatus: 'active',
        endStatus: 'active',
        inMessage: { info: [Object], init: null, body: x{} },
        outMessages: Dictionary { _key: [Object], _value: [Object], _map: Map(0) {} },
        totalFees: { coins: 123600n },
        stateUpdate: {
          oldHash: <Buffer ba 3c 08 4e 46 a1 1f 26 73 ba 63 64 ea 0a 86 5d fa 6a 8e 76 d4 df 03 ad 13 39 7f 37 97 7c 26 ec>,
          newHash: <Buffer cf fa 8c fb b0 a1 2e e8 ea 47 bd 02 12 db a0 47 43 6d be 51 a6 bd 75 73 d4 a8 e2 e0 91 a1 5b 44>
        },
        description: {
          type: 'generic',
          creditFirst: true,
          storagePhase: [Object],
          creditPhase: [Object],
          computePhase: [Object],
          actionPhase: [Object],
          bouncePhase: undefined,
          aborted: false,
          destroyed: false
        },
        raw: x{7E9F2F0D84B872955EA7531CD76AA1708C7F19E9781FF03939BD35BA547EE163400000000029F630067AD85FD88425D36BF59B4212CD0FB9ED8CC14ACE0E9362FE69A571A0B0C1DA70000000001F78A40674A4DD600014603C5A0}
         x{A_}
          x{480173A49878148A4F6041C04B952AC2638BD6A1025222AF84BFAF2C3BE5A07436D5003A7CBC3612E1CA557A9D4C735DAA85C231FC67A5E07FC0E4E6F4D6E951FB858D10BE1E264C0608235A0000000004E33882CE949BAC4_}
         x{72BA3C084E46A11F2673BA6364EA0A865DFA6A8E76D4DF03AD13397F37977C26ECCFFA8CFBB0A12EE8EA47BD0212DBA047436DBE51A6BD7573D4A8E2E091A15B44}
         x{0C090BE1E264D8603C5A11_}
          x{4026AC3D090000000000000000000500000000000000000000000000000000000000000000000000000000000000000000000000000000000000000000000000000000000000000000000000000000}
          x{C00000000000000000000000012D452DA449E50B8CF7DD27861F146122AFE1B546BB8B70FC8216F0C614139F8E04_},
        hash: [Function: hash],
        blockchainLogs: '[ 4][t 0][2024-10-30 23:27:18.616000][transaction.cpp:443]\tunpacking account E9F2F0D84B872955EA7531CD76AA1708C7F19E9781FF03939BD35BA547EE1634\n' +
          '[ 4][t 0][2024-10-30 23:27:18.616000][transaction.cpp:274]\tlast_paid=1732922838; cells=6 bits=821 public_cells=0\n' +
          '[ 4][t 0][2024-10-30 23:27:18.616000][transaction.cpp:504]\tend of Account.unpack() for 0:E9F2F0D84B872955EA7531CD76AA1708C7F19E9781FF03939BD35BA547EE1634 (balance = 999998997584476ng ; last_trans_lt = 33000000..33000002)\n' +
          '[ 4][t 0][2024-10-30 23:27:18.616000][transaction.cpp:3655]\tblock random seed set to 0000000000000000000000000000000000000000000000000000000000000000\n' +
          '[ 4][t 0][2024-10-30 23:27:18.616000][transaction.cpp:1236]\tgas limits: max=1000000, limit=1000000, credit=0\n' +
          '[ 4][t 0][2024-10-30 23:27:18.616000][transaction.cpp:1575]\tin_msg_state is null\n' +
          '[ 4][t 0][2024-10-30 23:27:18.616000][transaction.cpp:1645]\tcreating VM\n' +
          '[ 4][t 0][2024-10-30 23:27:18.616000][transaction.cpp:1351]\tSmartContractInfo initialized with [ 124711402 0 0 1732922838 44000000 44000000 60210483465141978598827679003117970236339845468170532052053411751718225576024 [ 999999794996207 (null) ] CS{Cell{0275c00e9f2f0d84b872955ea7531cd76aa1708c7f19e9781ff03939bd35ba547ee163420c80cd433a526eb00000000007de2909c0e35f9a41b6971340} bits: 1..268; refs: 0..0} C{A7EC01478F770EF8F8B037CC7E42F0ABF0D85A50E1828C2394DAD1411691F2DE} C{D992502B94EA96E7B34E5D62FFB0C6FC73D78B3E61F11F0848FB3A1EB1AFC912} [ 797411731 (null) ] 0 (null) [ CS{Cell{004dd06600000000000000000000000080000000000000fa00000000000001f4000000000003d09040} bits: 9..305; refs: 0..0} (null) CS{Cell{0094d1000000000000006400000000000f4240de000000002710000000000000000f42400000000002160ec0000000000000271000000000002625a00000000005f5e100000000003b9aca00} bits: 0..592; refs: 0..0} CS{Cell{0094d100000000000000640000000000009c40de000000000190000000000000000f424000000000000f4240000000000000271000000000009896800000000005f5e100000000003b9aca00} bits: 0..592; refs: 0..0} CS{Cell{0042ea000000000098968000000000271000000000000f424000000001800055555555} bits: 0..264; refs: 0..0} CS{Cell{0042ea0000000000061a800000000001900000000000009c4000000001800055555555} bits: 0..264; refs: 0..0} (null) ] 0 (null) ]\n' +
          '[ 4][t 0][2024-10-30 23:27:18.616000][transaction.cpp:1675]\tstarting VM\n' +
          '[ 4][t 0][2024-10-30 23:27:18.616000][transaction.cpp:1680]\tVM terminated with exit code 0\n' +
          '[ 3][t 0][2024-10-30 23:27:18.616000][transaction.cpp:1702]\tsteps: 5 gas: used=309, max=1000000, limit=1000000, credit=0\n' +
          '[ 3][t 0][2024-10-30 23:27:18.616000][transaction.cpp:1704]\tout_of_gas=false, accepted=true, success=true, time=0.000017s\n' +
          '[ 4][t 0][2024-10-30 23:27:18.617000][transaction.cpp:1737]\tgas fees: 123600 = 26214400 * 309 /2^16 ; price=26214400; flat rate=[40000 for 100]; remaining balance=999999794872607ng\n',
        vmLogs: 'execute SETCP 0\n' +
          'execute DICTPUSHCONST 19 (xC_,1)\n' +
          'execute DICTIGETJMPZ\n' +
          'execute DROP\n' +
          'execute implicit RET\n',
        debugLogs: '',
        events: [],
        parent: {
          address: 84049441022908470316622795825605090351520748406577698494615284512509455375210n,
          lt: 41000000n,
          prevTransactionHash: 17849643568153913346271439815178300161917836089524975689350636623206639702086n,
          prevTransactionLt: 37000000n,
          now: 1732922838,
          outMessagesCount: 1,
          oldStatus: 'active',
          endStatus: 'non-existing',
          inMessage: [Object],
          outMessages: [Dictionary],
          totalFees: [Object],
          stateUpdate: [Object],
          description: [Object],
          raw: x{7B9D24C3C0A4527B020E025CA956131C5EB5081291157C25FD7961DF2D03A1B6A0000000002719C4027768A4D1B123698F836D755927DA5A7E1F108DB2811796CB7E2D0354DDF90460000000002349340674A4DD60003666BCAC6}
           x{E_}
            x{4800A4BAF36B13E3AE770F28659A34B2D81F38859E8C08CF776F2BB4B44180438271002E74930F029149EC08380972A5584C717AD4204A4455F097F5E5877CB40E86DA90BCA3A88C0656E1D8000000000487AB08CE949BADE_}
             x{34_}
              x{FF00F4A413F4BCF2C80B}
               x{62_}
                x{D001D0D3030171B0A301FA400120D74981010BBAF2E08820D70B0A208104FFBAF2D0898309BAF2E088545053036F04F86102F862DB3C5512DB3CF2E082}
                 x{ED44D0D401F863D200018E2FD31FFA400120D74981010BBAF2E08820D70B0A208104FFBAF2D0898309BAF2E08801D2000191D4926D01E255206C13E0F828D70B0A8309BAF2E089810101D700FA400120D74981010BBAF2E08820D70B0A208104FFBAF2D0898309BAF2E0881202D101DB3C}
                  x{6D}
                 x{0192307FE07021D749C21F953020D70B1FDE208210AFE93535BA8F5130D31F018210AFE93535BAF2E081D33FFA400120D74981010BBAF2E08820D70B0A208104FFBAF2D0898309BAF2E08801D455206C1332820898968070FB024434DB3C30037083067055206D6D6DDB3C597FE0208210B8A3AA14BAE302}
                  x{F8425220C705F2E084}
                  x{C87101CA01500701CA007001CA02500520D74981010BBAF2E08820D70B0A208104FFBAF2D0898309BAF2E088CF165003FA027001CA68236EB3917F93246EB3E2973333017001CA00E30D216EB39C7F01CA0001206EF2D08001CC95317001CA00E2C901FB00}
                   x{7F01CA00C87001CA007001CA00246EB39D7F01CA0004206EF2D0805004CC9634037001CA00E2246EB39D7F01CA0004206EF2D0805004CC9634037001CA00E27001CA00027F01CA0002C958CC}
                  x{30D31F018210B8A3AA14BAF2E081D33FFA400120D74981010BBAF2E08820D70B0A208104FFBAF2D0898309BAF2E088126C12317020FB025520DB3C03708100A07055206D6D6DDB3C587F}
                   x{F8425220C705F2E084}
                   x{C87101CA01500701CA007001CA02500520D74981010BBAF2E08820D70B0A208104FFBAF2D0898309BAF2E088CF165003FA027001CA68236EB3917F93246EB3E2973333017001CA00E30D216EB39C7F01CA0001206EF2D08001CC95317001CA00E2C901FB00}
                    x{7F01CA00C87001CA007001CA00246EB39D7F01CA0004206EF2D0805004CC9634037001CA00E2246EB39D7F01CA0004206EF2D0805004CC9634037001CA00E27001CA00027F01CA0002C958CC}
                  x{8210E601F8E5BA8ECED31F018210E601F8E5BAF2E081D33F0131820898968070FB02F8416F2410235F037083067F25206EF2D080542580C855208210B687AB175004CB1F12CB3FCB1FCCC9103441301443306D6DDB3C7FE03070}
                   x{C87101CA01500701CA007001CA02500520D74981010BBAF2E08820D70B0A208104FFBAF2D0898309BAF2E088CF165003FA027001CA68236EB3917F93246EB3E2973333017001CA00E30D216EB39C7F01CA0001206EF2D08001CC95317001CA00E2C901FB00}
                    x{7F01CA00C87001CA007001CA00246EB39D7F01CA0004206EF2D0805004CC9634037001CA00E2246EB39D7F01CA0004206EF2D0805004CC9634037001CA00E27001CA00027F01CA0002C958CC}
                 x{C8F84301CC7F01CA0055205023CB1F0120D74981010BBAF2E08820D70B0A208104FFBAF2D0898309BAF2E088CF16216EB3957F01CA00CC947032CA00E2C9ED54}
                x{2_}
                 x{BE28EED9E6D9E3618C_}
                  x{ED44D0D401F863D200018E2FD31FFA400120D74981010BBAF2E08820D70B0A208104FFBAF2D0898309BAF2E08801D2000191D4926D01E255206C13E0F828D70B0A8309BAF2E089810101D700FA400120D74981010BBAF2E08820D70B0A208104FFBAF2D0898309BAF2E0881202D101DB3C}
                   x{6D}
                  x{21}
                 x{2_}
                  x{4}
                   x{B1D8B6CF36CF1B0C6_}
                    x{ED44D0D401F863D200018E2FD31FFA400120D74981010BBAF2E08820D70B0A208104FFBAF2D0898309BAF2E08801D2000191D4926D01E255206C13E0F828D70B0A8309BAF2E089810101D700FA400120D74981010BBAF2E08820D70B0A208104FFBAF2D0898309BAF2E0881202D101DB3C}
                     x{6D}
                    x{20}
                   x{B36436CF36CF1B0C6_}
                    x{ED44D0D401F863D200018E2FD31FFA400120D74981010BBAF2E08820D70B0A208104FFBAF2D0898309BAF2E08801D2000191D4926D01E255206C13E0F828D70B0A8309BAF2E089810101D700FA400120D74981010BBAF2E08820D70B0A208104FFBAF2D0898309BAF2E0881202D101DB3C}
                     x{6D}
                    x{22}
                  x{B82BEED44D0D20001}
              x{0000000000000000000000000000000000000000000000000000000000000000200292EBCDAC4F8EB9DC3CA19668D2CB607CE2167A30233DDDBCAED2D106010E09C4_}
               x{C_}
                x{A0838F_}
                 x{FF00F4A413F4BCF2C80B}
                  x{62_}
                   x{D001D0D3030171B0A301FA400120D74981010BBAF2E08820D70B0A208104FFBAF2D0898309BAF2E088545053036F04F86102F862DB3C5512DB3CF2E082}
                    x{ED44D0D401F863D200018E2FD31FFA400120D74981010BBAF2E08820D70B0A208104FFBAF2D0898309BAF2E08801D2000191D4926D01E255206C13E0F828D70B0A8309BAF2E089810101D700FA400120D74981010BBAF2E08820D70B0A208104FFBAF2D0898309BAF2E0881202D101DB3C}
                     x{6D}
                    x{0192307FE07021D749C21F953020D70B1FDE208210AFE93535BA8F5130D31F018210AFE93535BAF2E081D33FFA400120D74981010BBAF2E08820D70B0A208104FFBAF2D0898309BAF2E08801D455206C1332820898968070FB024434DB3C30037083067055206D6D6DDB3C597FE0208210B8A3AA14BAE302}
                     x{F8425220C705F2E084}
                     x{C87101CA01500701CA007001CA02500520D74981010BBAF2E08820D70B0A208104FFBAF2D0898309BAF2E088CF165003FA027001CA68236EB3917F93246EB3E2973333017001CA00E30D216EB39C7F01CA0001206EF2D08001CC95317001CA00E2C901FB00}
                      x{7F01CA00C87001CA007001CA00246EB39D7F01CA0004206EF2D0805004CC9634037001CA00E2246EB39D7F01CA0004206EF2D0805004CC9634037001CA00E27001CA00027F01CA0002C958CC}
                     x{30D31F018210B8A3AA14BAF2E081D33FFA400120D74981010BBAF2E08820D70B0A208104FFBAF2D0898309BAF2E088126C12317020FB025520DB3C03708100A07055206D6D6DDB3C587F}
                      x{F8425220C705F2E084}
                      x{C87101CA01500701CA007001CA02500520D74981010BBAF2E08820D70B0A208104FFBAF2D0898309BAF2E088CF165003FA027001CA68236EB3917F93246EB3E2973333017001CA00E30D216EB39C7F01CA0001206EF2D08001CC95317001CA00E2C901FB00}
                       x{7F01CA00C87001CA007001CA00246EB39D7F01CA0004206EF2D0805004CC9634037001CA00E2246EB39D7F01CA0004206EF2D0805004CC9634037001CA00E27001CA00027F01CA0002C958CC}
                     x{8210E601F8E5BA8ECED31F018210E601F8E5BAF2E081D33F0131820898968070FB02F8416F2410235F037083067F25206EF2D080542580C855208210B687AB175004CB1F12CB3FCB1FCCC9103441301443306D6DDB3C7FE03070}
                      x{C87101CA01500701CA007001CA02500520D74981010BBAF2E08820D70B0A208104FFBAF2D0898309BAF2E088CF165003FA027001CA68236EB3917F93246EB3E2973333017001CA00E30D216EB39C7F01CA0001206EF2D08001CC95317001CA00E2C901FB00}
                       x{7F01CA00C87001CA007001CA00246EB39D7F01CA0004206EF2D0805004CC9634037001CA00E2246EB39D7F01CA0004206EF2D0805004CC9634037001CA00E27001CA00027F01CA0002C958CC}
                    x{C8F84301CC7F01CA0055205023CB1F0120D74981010BBAF2E08820D70B0A208104FFBAF2D0898309BAF2E088CF16216EB3957F01CA00CC947032CA00E2C9ED54}
                   x{2_}
                    x{BE28EED9E6D9E3618C_}
                     x{ED44D0D401F863D200018E2FD31FFA400120D74981010BBAF2E08820D70B0A208104FFBAF2D0898309BAF2E08801D2000191D4926D01E255206C13E0F828D70B0A8309BAF2E089810101D700FA400120D74981010BBAF2E08820D70B0A208104FFBAF2D0898309BAF2E0881202D101DB3C}
                      x{6D}
                     x{21}
                    x{2_}
                     x{4}
                      x{B1D8B6CF36CF1B0C6_}
                       x{ED44D0D401F863D200018E2FD31FFA400120D74981010BBAF2E08820D70B0A208104FFBAF2D0898309BAF2E08801D2000191D4926D01E255206C13E0F828D70B0A8309BAF2E089810101D700FA400120D74981010BBAF2E08820D70B0A208104FFBAF2D0898309BAF2E0881202D101DB3C}
                        x{6D}
                       x{20}
                      x{B36436CF36CF1B0C6_}
                       x{ED44D0D401F863D200018E2FD31FFA400120D74981010BBAF2E08820D70B0A208104FFBAF2D0898309BAF2E08801D2000191D4926D01E255206C13E0F828D70B0A8309BAF2E089810101D700FA400120D74981010BBAF2E08820D70B0A208104FFBAF2D0898309BAF2E0881202D101DB3C}
                        x{6D}
                       x{22}
                     x{B82BEED44D0D20001}
             x{B8A3AA140000000000000000801D3E5E1B0970E52ABD4EA639AED542E118FE33D2F03FE072737A6B74A8FDC2C69_}
            x{DF_}
             x{480173A49878148A4F6041C04B952AC2638BD6A1025222AF84BFAF2C3BE5A07436D5003A7CBC3612E1CA557A9D4C735DAA85C231FC67A5E07FC0E4E6F4D6E951FB858D10BE1E264C0608235A0000000004E33882CE949BAC4_}
           x{72761BF7DF651A9A98CE1EF6E892C6EAC0B5B1CC02A25402AD333B2F7376307C1190AEC8965AFABB16EBC3CB9B408EBAE71B618D78788BC80D09843593CAC98DA4}
           x{0C090BCA3A88D8667B9213_}
            x{44262C3D09000000000000000000FA00000000000000000000000000000000000000000000000000000000000000000000000000000000000000000000000000000000000000000000000000000000}
            x{DCC186A0260411A6000000000002000100000001F01808E7C65384854FD0A4F77793F95695733B675EB306C4FAC3CFF546A3D22720280B06_},
          hash: [Function: hash],
          blockchainLogs: '[ 4][t 0][2024-10-30 23:27:18.604000][transaction.cpp:443]\tunpacking account B9D24C3C0A4527B020E025CA956131C5EB5081291157C25FD7961DF2D03A1B6A\n' +
            '[ 4][t 0][2024-10-30 23:27:18.604000][transaction.cpp:274]\tlast_paid=1732922838; cells=28 bits=7123 public_cells=0\n' +
            '[ 4][t 0][2024-10-30 23:27:18.604000][transaction.cpp:504]\tend of Account.unpack() for 0:B9D24C3C0A4527B020E025CA956131C5EB5081291157C25FD7961DF2D03A1B6A (balance = 10000000ng ; last_trans_lt = 37000000..37000002)\n' +
            '[ 4][t 0][2024-10-30 23:27:18.604000][transaction.cpp:3655]\tblock random seed set to 0000000000000000000000000000000000000000000000000000000000000000\n' +
            '[ 4][t 0][2024-10-30 23:27:18.604000][transaction.cpp:1236]\tgas limits: max=1000000, limit=1000000, credit=0\n' +
            '[ 4][t 0][2024-10-30 23:27:18.604000][transaction.cpp:1571]\tHASH(in_msg_state) = B9D24C3C0A4527B020E025CA956131C5EB5081291157C25FD7961DF2D03A1B6A, account_state_hash = 0000000000000000000000000000000000000000000000000000000000000000\n' +
            '[ 4][t 0][2024-10-30 23:27:18.604000][transaction.cpp:1645]\tcreating VM\n' +
            '[ 4][t 0][2024-10-30 23:27:18.604000][transaction.cpp:1351]\tSmartContractInfo initialized with [ 124711402 0 0 1732922838 41000000 41000000 84630195367514639409622924175749312199831056191303332875639359062248049886761 [ 801210531 (null) ] CS{Cell{026dc00b9d24c3c0a4527b020e025ca956131c5eb5081291157c25fd7961df2d03a1b6a23886f4c33a526eb00000000008d24d08e625a01340} bits: 1..268; refs: 0..0} C{A7EC01478F770EF8F8B037CC7E42F0ABF0D85A50E1828C2394DAD1411691F2DE} C{F2179DCD5CFD8A1E113288591FFB7A5E10E107D0D2C36DF69E40398023DAA7B1} [ 791210531 (null) ] 0 (null) [ CS{Cell{004dd06600000000000000000000000080000000000000fa00000000000001f4000000000003d09040} bits: 9..305; refs: 0..0} (null) CS{Cell{0094d1000000000000006400000000000f4240de000000002710000000000000000f42400000000002160ec0000000000000271000000000002625a00000000005f5e100000000003b9aca00} bits: 0..592; refs: 0..0} CS{Cell{0094d100000000000000640000000000009c40de000000000190000000000000000f424000000000000f4240000000000000271000000000009896800000000005f5e100000000003b9aca00} bits: 0..592; refs: 0..0} CS{Cell{0042ea000000000098968000000000271000000000000f424000000001800055555555} bits: 0..264; refs: 0..0} CS{Cell{0042ea0000000000061a800000000001900000000000009c4000000001800055555555} bits: 0..264; refs: 0..0} (null) ] 0 (null) ]\n' +
            '[ 4][t 0][2024-10-30 23:27:18.604000][transaction.cpp:1675]\tstarting VM\n' +
            '[ 4][t 0][2024-10-30 23:27:18.605000][transaction.cpp:1680]\tVM terminated with exit code 0\n' +
            '[ 3][t 0][2024-10-30 23:27:18.605000][transaction.cpp:1702]\tsteps: 250 gas: used=8497, max=1000000, limit=1000000, credit=0\n' +
            '[ 3][t 0][2024-10-30 23:27:18.605000][transaction.cpp:1704]\tout_of_gas=false, accepted=true, success=true, time=0.000389s\n' +
            '[ 4][t 0][2024-10-30 23:27:18.605000][transaction.cpp:1737]\tgas fees: 3398800 = 26214400 * 8497 /2^16 ; price=26214400; flat rate=[40000 for 100]; remaining balance=797811731ng\n' +
            '[ 3][t 0][2024-10-30 23:27:18.605000][transaction.cpp:2678]\tin try_action_reserve_currency(0)\n' +
            '[ 4][t 0][2024-10-30 23:27:18.605000][transaction.cpp:2684]\taction_reserve_currency: mode=0, reserve=0ng, balance=797811731ng, original balance=10000000ng\n' +
            '[ 3][t 0][2024-10-30 23:27:18.605000][transaction.cpp:2729]\tchanged remaining balance to 797811731ng, reserved balance to 0ng\n' +
            '[ 4][t 0][2024-10-30 23:27:18.605000][transaction.cpp:2448]\tstorage paid for a message: 0 cells, 0 bits\n' +
            '[ 4][t 0][2024-10-30 23:27:18.605000][transaction.cpp:2452]\tcomputed fwd fees = 400000 + 0\n',
          vmLogs: 'ecute STSLICER\n' +
            'execute OVER\n' +
            'execute ISNULL\n' +
            'execute NOT\n' +
            'execute PUSHCONT x7F01CA00CC\n' +
            'execute PUSHCONT x7032CA00\n' +
            'execute IFELSE\n' +
            'execute PUSHINT -1\n' +
            'execute SWAP\n' +
            'execute STI 1\n' +
            'execute STREF\n' +
            'execute implicit RET\n' +
            'execute ENDC\n' +
            'execute POP c4\n' +
            'execute implicit RET\n',
          debugLogs: '',
          events: [Array],
          parent: [Object],
          children: [Array],
          externals: []
        },
        children: [],
        externals: []
      },
      {
        address: 58472766802306075836644181314469769209867032629105944563722669090714916911778n,
        lt: 45000000n,
        prevTransactionHash: 105866433536482270896413340647756210445814124734643995692892495417231309669038n,
        prevTransactionLt: 26000000n,
        now: 1732922838,
        outMessagesCount: 0,
        oldStatus: 'active',
        endStatus: 'active',
        inMessage: { info: [Object], init: null, body: x{} },
        outMessages: Dictionary { _key: [Object], _value: [Object], _map: Map(0) {} },
        totalFees: { coins: 274724n },
        stateUpdate: {
          oldHash: <Buffer 7f d4 b4 b9 c7 af 25 43 54 a7 e5 bc f6 51 96 f6 6a 21 d6 13 cf e8 b1 bd e3 7f 1d 9b d3 65 b6 ed>,
          newHash: <Buffer eb 24 64 5d e8 ff 13 c3 85 f9 37 c6 39 cb a5 17 83 1c 0d c3 7c 7c 1a ee 3c d9 79 ad 7c dd 19 fc>
        },
        description: {
          type: 'generic',
          creditFirst: false,
          storagePhase: [Object],
          creditPhase: [Object],
          computePhase: [Object],
          actionPhase: [Object],
          bouncePhase: undefined,
          aborted: false,
          destroyed: false
        },
        raw: x{7814669C6B54FD8B2DD8E93AAA6E5DE45BD032703F7A61C194AB414089B0A7AA20000000002AEA540EA0E47283FA4FEFE4834888C6BA55E843EE2B894143FC85784A8E8A0DBC202AE00000000018CBA80674A4DD6000146086248}
         x{A_}
          x{6800A4BAF36B13E3AE770F28659A34B2D81F38859E8C08CF776F2BB4B441804382710020519A71AD53F62CB763A4EAA9B977916F40C9C0FDE9870652AD050226C29EA890FA19E1000608235A000000000501BD02CE949BAC4_}
         x{727FD4B4B9C7AF254354A7E5BCF65196F66A21D613CFE8B1BDE37F1D9BD365B6EDEB24645DE8FF13C385F937C639CBA517831C0DC37C7C1AEE3CD979AD7CDD19FC}
         x{04C09395090FA19E1018603C5A11_}
          x{4026AC3D090000000000000000000500000000000000000000000000000000000000000000000000000000000000000000000000000000000000000000000000000000000000000000000000000000}
          x{C00000000000000000000000012D452DA449E50B8CF7DD27861F146122AFE1B546BB8B70FC8216F0C614139F8E04_},
        hash: [Function: hash],
        blockchainLogs: '[ 4][t 0][2024-10-30 23:27:18.618000][transaction.cpp:443]\tunpacking account 814669C6B54FD8B2DD8E93AAA6E5DE45BD032703F7A61C194AB414089B0A7AA2\n' +
          '[ 4][t 0][2024-10-30 23:27:18.618000][transaction.cpp:274]\tlast_paid=1730330838; cells=6 bits=821 public_cells=0\n' +
          '[ 4][t 0][2024-10-30 23:27:18.618000][transaction.cpp:504]\tend of Account.unpack() for 0:814669C6B54FD8B2DD8E93AAA6E5DE45BD032703F7A61C194AB414089B0A7AA2 (balance = 999998964250400ng ; last_trans_lt = 26000000..26000001)\n' +
          '[ 4][t 0][2024-10-30 23:27:18.618000][transaction.cpp:3655]\tblock random seed set to 0000000000000000000000000000000000000000000000000000000000000000\n' +
          '[ 4][t 0][2024-10-30 23:27:18.618000][transaction.cpp:1236]\tgas limits: max=1000000, limit=1000000, credit=0\n' +
          '[ 4][t 0][2024-10-30 23:27:18.618000][transaction.cpp:1575]\tin_msg_state is null\n' +
          '[ 4][t 0][2024-10-30 23:27:18.618000][transaction.cpp:1645]\tcreating VM\n' +
          '[ 4][t 0][2024-10-30 23:27:18.618000][transaction.cpp:1351]\tSmartContractInfo initialized with [ 124711402 0 0 1732922838 45000000 45000000 115447700146533501994236152434741364412838807905984067774762833459387322310298 [ 1000000013099276 (null) ] CS{Cell{0275c00814669c6b54fd8b2dd8e93aaa6e5de45bd032703f7a61c194ab414089b0a7aa220c80cd43391606b0000000000632ea05c0e35f99c28dc81340} bits: 1..268; refs: 0..0} C{A7EC01478F770EF8F8B037CC7E42F0ABF0D85A50E1828C2394DAD1411691F2DE} C{D992502B94EA96E7B34E5D62FFB0C6FC73D78B3E61F11F0848FB3A1EB1AFC912} [ 1049000000 (null) ] 151124 (null) [ CS{Cell{004dd06600000000000000000000000080000000000000fa00000000000001f4000000000003d09040} bits: 9..305; refs: 0..0} (null) CS{Cell{0094d1000000000000006400000000000f4240de000000002710000000000000000f42400000000002160ec0000000000000271000000000002625a00000000005f5e100000000003b9aca00} bits: 0..592; refs: 0..0} CS{Cell{0094d100000000000000640000000000009c40de000000000190000000000000000f424000000000000f4240000000000000271000000000009896800000000005f5e100000000003b9aca00} bits: 0..592; refs: 0..0} CS{Cell{0042ea000000000098968000000000271000000000000f424000000001800055555555} bits: 0..264; refs: 0..0} CS{Cell{0042ea0000000000061a800000000001900000000000009c4000000001800055555555} bits: 0..264; refs: 0..0} (null) ] 0 (null) ]\n' +
          '[ 4][t 0][2024-10-30 23:27:18.618000][transaction.cpp:1675]\tstarting VM\n' +
          '[ 4][t 0][2024-10-30 23:27:18.618000][transaction.cpp:1680]\tVM terminated with exit code 0\n' +
          '[ 3][t 0][2024-10-30 23:27:18.618000][transaction.cpp:1702]\tsteps: 5 gas: used=309, max=1000000, limit=1000000, credit=0\n' +
          '[ 3][t 0][2024-10-30 23:27:18.618000][transaction.cpp:1704]\tout_of_gas=false, accepted=true, success=true, time=0.000016s\n' +
          '[ 4][t 0][2024-10-30 23:27:18.618000][transaction.cpp:1737]\tgas fees: 123600 = 26214400 * 309 /2^16 ; price=26214400; flat rate=[40000 for 100]; remaining balance=1000000012975676ng\n',
        vmLogs: 'execute SETCP 0\n' +
          'execute DICTPUSHCONST 19 (xC_,1)\n' +
          'execute DICTIGETJMPZ\n' +
          'execute DROP\n' +
          'execute implicit RET\n',
        debugLogs: '',
        events: [],
        parent: {
          address: 37254810366437813475271750514734067285117962570475561289538093995582013161784n,
          lt: 42000000n,
          prevTransactionHash: 81131513769239533640427756228201033108418948995752947457662485322992679018078n,
          prevTransactionLt: 38000000n,
          now: 1732922838,
          outMessagesCount: 2,
          oldStatus: 'active',
          endStatus: 'active',
          inMessage: [Object],
          outMessages: [Dictionary],
          totalFees: [Object],
          stateUpdate: [Object],
          description: [Object],
          raw: x{7525D79B589F1D73B879432CD1A596C0F9C42CF460467BBB795DA5A20C021C138000000000280DE80B35ECF3ADFDBA01426BF663426CE43790E74D8B95E5A6936EB16B810DF2E5E5E000000000243D580674A4DD6000547598D6C}
           x{E_}
            x{6800F99E4F01C1A7C3616D00B3681096094D190E846AE8B8DA0403AC5E7A4431E26D0014975E6D627C75CEE1E50CB346965B03E710B3D18119EEEDE57696883008704E101119EF88060DFF5E0000000004A62F82CE949BACC_}
             x{2A004A0500000000000000000000000000000000000000000000000000000000000000000000000000000000C00814669C6B54FD8B2DD8E93AAA6E5DE45BD032703F7A61C194AB414089B0A7AA2}
            x{DD_}
             x{2_}
              x{6800A4BAF36B13E3AE770F28659A34B2D81F38859E8C08CF776F2BB4B441804382710020519A71AD53F62CB763A4EAA9B977916F40C9C0FDE9870652AD050226C29EA890FA19E1000608235A000000000501BD02CE949BAC4_}
             x{2_}
              x{6800A4BAF36B13E3AE770F28659A34B2D81F38859E8C08CF776F2BB4B44180438271003A7CBC3612E1CA557A9D4C735DAA85C231FC67A5E07FC0E4E6F4D6E951FB858D100E4647480608235A000000000501BD04CE949BAC4_}
           x{72FF4CDD26E4B920ED5D4760710C53E12568917B42B7C707228467A63BDD7739646A234BBFC581B06EE2F0AEAA502C15E51B29E34E3BB92FB0D07BF78691A862E5}
           x{040901119EF8987516A211_}
            x{4D7F2C0AF1E00000000000000002E500000000000000000000000000000000000000000000000000000000000000000000000000000000000000000000000000000000000000000000000000000000}
            x{C9861A804C104698000000000006000200000004520F5BFAE2DB811E659CF17FB03F2335C3023F4A4B88DDB137FBD366D6D178EA40902C14_},
          hash: [Function: hash],
          blockchainLogs: '[ 4][t 0][2024-10-30 23:27:18.608000][transaction.cpp:443]\tunpacking account 525D79B589F1D73B879432CD1A596C0F9C42CF460467BBB795DA5A20C021C138\n' +
            '[ 4][t 0][2024-10-30 23:27:18.608000][transaction.cpp:274]\tlast_paid=1732922838; cells=234 bits=84033 public_cells=0\n' +
            '[ 4][t 0][2024-10-30 23:27:18.608000][transaction.cpp:504]\tend of Account.unpack() for 0:525D79B589F1D73B879432CD1A596C0F9C42CF460467BBB795DA5A20C021C138 (balance = 2100000000ng ; last_trans_lt = 38000000..38000005)\n' +
            '[ 4][t 0][2024-10-30 23:27:18.608000][transaction.cpp:3655]\tblock random seed set to 0000000000000000000000000000000000000000000000000000000000000000\n' +
            '[ 4][t 0][2024-10-30 23:27:18.608000][transaction.cpp:1236]\tgas limits: max=1000000, limit=179320, credit=0\n' +
            '[ 4][t 0][2024-10-30 23:27:18.608000][transaction.cpp:1575]\tin_msg_state is null\n' +
            '[ 4][t 0][2024-10-30 23:27:18.608000][transaction.cpp:1645]\tcreating VM\n' +
            '[ 4][t 0][2024-10-30 23:27:18.608000][transaction.cpp:1351]\tSmartContractInfo initialized with [ 124711402 0 0 1732922838 42000000 42000000 14068792954309835536948273256715513127174070948738620016199408580766834334284 [ 2171728098 (null) ] CS{Cell{0271c00525d79b589f1d73b879432cd1a596c0f9c42cf460467bbb795da5a20c021c1383d4c05210433a526eb000000000090f56151f4add401340} bits: 1..268; refs: 0..0} C{A7EC01478F770EF8F8B037CC7E42F0ABF0D85A50E1828C2394DAD1411691F2DE} C{42B6F0E46484EFC57B9508F6BA7EF42E7512023D5CB4ED5628DD1C7755D16E9D} [ 71728098 (null) ] 0 (null) [ CS{Cell{004dd06600000000000000000000000080000000000000fa00000000000001f4000000000003d09040} bits: 9..305; refs: 0..0} (null) CS{Cell{0094d1000000000000006400000000000f4240de000000002710000000000000000f42400000000002160ec0000000000000271000000000002625a00000000005f5e100000000003b9aca00} bits: 0..592; refs: 0..0} CS{Cell{0094d100000000000000640000000000009c40de000000000190000000000000000f424000000000000f4240000000000000271000000000009896800000000005f5e100000000003b9aca00} bits: 0..592; refs: 0..0} CS{Cell{0042ea000000000098968000000000271000000000000f424000000001800055555555} bits: 0..264; refs: 0..0} CS{Cell{0042ea0000000000061a800000000001900000000000009c4000000001800055555555} bits: 0..264; refs: 0..0} (null) ] 0 (null) ]\n' +
            '[ 4][t 0][2024-10-30 23:27:18.608000][transaction.cpp:1675]\tstarting VM\n' +
            '[ 4][t 0][2024-10-30 23:27:18.609000][transaction.cpp:1680]\tVM terminated with exit code 0\n' +
            '[ 3][t 0][2024-10-30 23:27:18.609000][transaction.cpp:1702]\tsteps: 741 gas: used=27641, max=1000000, limit=179320, credit=0\n' +
            '[ 3][t 0][2024-10-30 23:27:18.609000][transaction.cpp:1704]\tout_of_gas=false, accepted=true, success=true, time=0.000769s\n' +
            '[ 4][t 0][2024-10-30 23:27:18.609000][transaction.cpp:1737]\tgas fees: 11056400 = 26214400 * 27641 /2^16 ; price=26214400; flat rate=[40000 for 100]; remaining balance=2160671698ng\n' +
            '[ 3][t 0][2024-10-30 23:27:18.609000][transaction.cpp:2678]\tin try_action_reserve_currency(0)\n' +
            '[ 4][t 0][2024-10-30 23:27:18.609000][transaction.cpp:2684]\taction_reserve_currency: mode=0, reserve=1051000000ng, balance=2160671698ng, original balance=2100000000ng\n' +
            '[ 3][t 0][2024-10-30 23:27:18.609000][transaction.cpp:2729]\tchanged remaining balance to 1109671698ng, reserved balance to 1051000000ng\n' +
            '[ 4][t 0][2024-10-30 23:27:18.609000][transaction.cpp:2448]\tstorage paid for a message: 0 cells, 0 bits\n' +
            '[ 4][t 0][2024-10-30 23:27:18.609000][transaction.cpp:2452]\tcomputed fwd fees = 400000 + 0\n' +
            '[ 4][t 0][2024-10-30 23:27:18.609000][transaction.cpp:2448]\tstorage paid for a message: 0 cells, 0 bits\n' +
            '[ 4][t 0][2024-10-30 23:27:18.609000][transaction.cpp:2452]\tcomputed fwd fees = 400000 + 0\n',
          vmLogs: 'xecute EQUAL\n' +
            'execute THROWIF 137\n' +
            'execute PUSHPOW2 10\n' +
            'execute EQUAL\n' +
            'execute THROWIFNOT 136\n' +
            'execute STSLICER\n' +
            'execute ENDC\n' +
            'execute ROT\n' +
            'execute STREF\n' +
            'execute ENDC\n' +
            'execute SWAP\n' +
            'execute STREF\n' +
            'execute implicit RET\n' +
            'execute ENDC\n' +
            'execute POP c4\n' +
            'execute implicit RET\n',
          debugLogs: '',
          events: [Array],
          parent: [Object],
          children: [Array],
          externals: []
        },
        children: [],
        externals: []
      },
      {
        address: 105818132960003171416304597453717637701794574747475969910003481004036112389684n,
        lt: 46000000n,
        prevTransactionHash: 63541853348674665113867234398045888640400668056815780643405156020069752508584n,
        prevTransactionLt: 44000000n,
        now: 1732922838,
        outMessagesCount: 0,
        oldStatus: 'active',
        endStatus: 'active',
        inMessage: { info: [Object], init: null, body: x{} },
        outMessages: Dictionary { _key: [Object], _value: [Object], _map: Map(0) {} },
        totalFees: { coins: 123600n },
        stateUpdate: {
          oldHash: <Buffer cf fa 8c fb b0 a1 2e e8 ea 47 bd 02 12 db a0 47 43 6d be 51 a6 bd 75 73 d4 a8 e2 e0 91 a1 5b 44>,
          newHash: <Buffer bb 98 b6 e6 bc 0d 91 f6 38 c0 7c d5 23 4f 7c 9d 5b 02 78 05 51 42 cd 5a 2b 4c 91 e5 de 79 3e 06>
        },
        description: {
          type: 'generic',
          creditFirst: false,
          storagePhase: [Object],
          creditPhase: [Object],
          computePhase: [Object],
          actionPhase: [Object],
          bouncePhase: undefined,
          aborted: false,
          destroyed: false
        },
        raw: x{7E9F2F0D84B872955EA7531CD76AA1708C7F19E9781FF03939BD35BA547EE16340000000002BDE7808C7B6A1CAB7972E09ECB8B4DE56E67429DFE9DED823229A46F7CD5E6648210A800000000029F6300674A4DD600014603C5A0}
         x{A_}
          x{6800A4BAF36B13E3AE770F28659A34B2D81F38859E8C08CF776F2BB4B44180438271003A7CBC3612E1CA557A9D4C735DAA85C231FC67A5E07FC0E4E6F4D6E951FB858D100E4647480608235A000000000501BD04CE949BAC4_}
         x{72CFFA8CFBB0A12EE8EA47BD0212DBA047436DBE51A6BD7573D4A8E2E091A15B44BB98B6E6BC0D91F638C07CD5234F7C9D5B0278055142CD5A2B4C91E5DE793E06}
         x{040900E4647498603C5A11_}
          x{4026AC0922BC00000000000000000500000000000000000000000000000000000000000000000000000000000000000000000000000000000000000000000000000000000000000000000000000000}
          x{C00000000000000000000000012D452DA449E50B8CF7DD27861F146122AFE1B546BB8B70FC8216F0C614139F8E04_},
        hash: [Function: hash],
        blockchainLogs: '[ 4][t 0][2024-10-30 23:27:18.619000][transaction.cpp:443]\tunpacking account E9F2F0D84B872955EA7531CD76AA1708C7F19E9781FF03939BD35BA547EE1634\n' +
          '[ 4][t 0][2024-10-30 23:27:18.620000][transaction.cpp:274]\tlast_paid=1732922838; cells=6 bits=821 public_cells=0\n' +
          '[ 4][t 0][2024-10-30 23:27:18.620000][transaction.cpp:504]\tend of Account.unpack() for 0:E9F2F0D84B872955EA7531CD76AA1708C7F19E9781FF03939BD35BA547EE1634 (balance = 999999794872607ng ; last_trans_lt = 44000000..44000001)\n' +
          '[ 4][t 0][2024-10-30 23:27:18.620000][transaction.cpp:3655]\tblock random seed set to 0000000000000000000000000000000000000000000000000000000000000000\n' +
          '[ 4][t 0][2024-10-30 23:27:18.620000][transaction.cpp:1236]\tgas limits: max=1000000, limit=149679, credit=0\n' +
          '[ 4][t 0][2024-10-30 23:27:18.620000][transaction.cpp:1575]\tin_msg_state is null\n' +
          '[ 4][t 0][2024-10-30 23:27:18.620000][transaction.cpp:1645]\tcreating VM\n' +
          '[ 4][t 0][2024-10-30 23:27:18.620000][transaction.cpp:1351]\tSmartContractInfo initialized with [ 124711402 0 0 1732922838 46000000 46000000 60210483465141978598827679003117970236339845468170532052053411751718225576024 [ 999999854744305 (null) ] CS{Cell{0275c00e9f2f0d84b872955ea7531cd76aa1708c7f19e9781ff03939bd35ba547ee163420c80cd433a526eb0000000000a7d8c05c0e35fa6232047d340} bits: 1..268; refs: 0..0} C{A7EC01478F770EF8F8B037CC7E42F0ABF0D85A50E1828C2394DAD1411691F2DE} C{D992502B94EA96E7B34E5D62FFB0C6FC73D78B3E61F11F0848FB3A1EB1AFC912} [ 59871698 (null) ] 0 (null) [ CS{Cell{004dd06600000000000000000000000080000000000000fa00000000000001f4000000000003d09040} bits: 9..305; refs: 0..0} (null) CS{Cell{0094d1000000000000006400000000000f4240de000000002710000000000000000f42400000000002160ec0000000000000271000000000002625a00000000005f5e100000000003b9aca00} bits: 0..592; refs: 0..0} CS{Cell{0094d100000000000000640000000000009c40de000000000190000000000000000f424000000000000f4240000000000000271000000000009896800000000005f5e100000000003b9aca00} bits: 0..592; refs: 0..0} CS{Cell{0042ea000000000098968000000000271000000000000f424000000001800055555555} bits: 0..264; refs: 0..0} CS{Cell{0042ea0000000000061a800000000001900000000000009c4000000001800055555555} bits: 0..264; refs: 0..0} (null) ] 0 (null) ]\n' +
          '[ 4][t 0][2024-10-30 23:27:18.620000][transaction.cpp:1675]\tstarting VM\n' +
          '[ 4][t 0][2024-10-30 23:27:18.620000][transaction.cpp:1680]\tVM terminated with exit code 0\n' +
          '[ 3][t 0][2024-10-30 23:27:18.620000][transaction.cpp:1702]\tsteps: 5 gas: used=309, max=1000000, limit=149679, credit=0\n' +
          '[ 3][t 0][2024-10-30 23:27:18.620000][transaction.cpp:1704]\tout_of_gas=false, accepted=true, success=true, time=0.000016s\n' +
          '[ 4][t 0][2024-10-30 23:27:18.620000][transaction.cpp:1737]\tgas fees: 123600 = 26214400 * 309 /2^16 ; price=26214400; flat rate=[40000 for 100]; remaining balance=999999854620705ng\n',
        vmLogs: 'execute SETCP 0\n' +
          'execute DICTPUSHCONST 19 (xC_,1)\n' +
          'execute DICTIGETJMPZ\n' +
          'execute DROP\n' +
          'execute implicit RET\n',
        debugLogs: '',
        events: [],
        parent: {
          address: 37254810366437813475271750514734067285117962570475561289538093995582013161784n,
          lt: 42000000n,
          prevTransactionHash: 81131513769239533640427756228201033108418948995752947457662485322992679018078n,
          prevTransactionLt: 38000000n,
          now: 1732922838,
          outMessagesCount: 2,
          oldStatus: 'active',
          endStatus: 'active',
          inMessage: [Object],
          outMessages: [Dictionary],
          totalFees: [Object],
          stateUpdate: [Object],
          description: [Object],
          raw: x{7525D79B589F1D73B879432CD1A596C0F9C42CF460467BBB795DA5A20C021C138000000000280DE80B35ECF3ADFDBA01426BF663426CE43790E74D8B95E5A6936EB16B810DF2E5E5E000000000243D580674A4DD6000547598D6C}
           x{E_}
            x{6800F99E4F01C1A7C3616D00B3681096094D190E846AE8B8DA0403AC5E7A4431E26D0014975E6D627C75CEE1E50CB346965B03E710B3D18119EEEDE57696883008704E101119EF88060DFF5E0000000004A62F82CE949BACC_}
             x{2A004A0500000000000000000000000000000000000000000000000000000000000000000000000000000000C00814669C6B54FD8B2DD8E93AAA6E5DE45BD032703F7A61C194AB414089B0A7AA2}
            x{DD_}
             x{2_}
              x{6800A4BAF36B13E3AE770F28659A34B2D81F38859E8C08CF776F2BB4B441804382710020519A71AD53F62CB763A4EAA9B977916F40C9C0FDE9870652AD050226C29EA890FA19E1000608235A000000000501BD02CE949BAC4_}
             x{2_}
              x{6800A4BAF36B13E3AE770F28659A34B2D81F38859E8C08CF776F2BB4B44180438271003A7CBC3612E1CA557A9D4C735DAA85C231FC67A5E07FC0E4E6F4D6E951FB858D100E4647480608235A000000000501BD04CE949BAC4_}
           x{72FF4CDD26E4B920ED5D4760710C53E12568917B42B7C707228467A63BDD7739646A234BBFC581B06EE2F0AEAA502C15E51B29E34E3BB92FB0D07BF78691A862E5}
           x{040901119EF8987516A211_}
            x{4D7F2C0AF1E00000000000000002E500000000000000000000000000000000000000000000000000000000000000000000000000000000000000000000000000000000000000000000000000000000}
            x{C9861A804C104698000000000006000200000004520F5BFAE2DB811E659CF17FB03F2335C3023F4A4B88DDB137FBD366D6D178EA40902C14_},
          hash: [Function: hash],
          blockchainLogs: '[ 4][t 0][2024-10-30 23:27:18.608000][transaction.cpp:443]\tunpacking account 525D79B589F1D73B879432CD1A596C0F9C42CF460467BBB795DA5A20C021C138\n' +
            '[ 4][t 0][2024-10-30 23:27:18.608000][transaction.cpp:274]\tlast_paid=1732922838; cells=234 bits=84033 public_cells=0\n' +
            '[ 4][t 0][2024-10-30 23:27:18.608000][transaction.cpp:504]\tend of Account.unpack() for 0:525D79B589F1D73B879432CD1A596C0F9C42CF460467BBB795DA5A20C021C138 (balance = 2100000000ng ; last_trans_lt = 38000000..38000005)\n' +
            '[ 4][t 0][2024-10-30 23:27:18.608000][transaction.cpp:3655]\tblock random seed set to 0000000000000000000000000000000000000000000000000000000000000000\n' +
            '[ 4][t 0][2024-10-30 23:27:18.608000][transaction.cpp:1236]\tgas limits: max=1000000, limit=179320, credit=0\n' +
            '[ 4][t 0][2024-10-30 23:27:18.608000][transaction.cpp:1575]\tin_msg_state is null\n' +
            '[ 4][t 0][2024-10-30 23:27:18.608000][transaction.cpp:1645]\tcreating VM\n' +
            '[ 4][t 0][2024-10-30 23:27:18.608000][transaction.cpp:1351]\tSmartContractInfo initialized with [ 124711402 0 0 1732922838 42000000 42000000 14068792954309835536948273256715513127174070948738620016199408580766834334284 [ 2171728098 (null) ] CS{Cell{0271c00525d79b589f1d73b879432cd1a596c0f9c42cf460467bbb795da5a20c021c1383d4c05210433a526eb000000000090f56151f4add401340} bits: 1..268; refs: 0..0} C{A7EC01478F770EF8F8B037CC7E42F0ABF0D85A50E1828C2394DAD1411691F2DE} C{42B6F0E46484EFC57B9508F6BA7EF42E7512023D5CB4ED5628DD1C7755D16E9D} [ 71728098 (null) ] 0 (null) [ CS{Cell{004dd06600000000000000000000000080000000000000fa00000000000001f4000000000003d09040} bits: 9..305; refs: 0..0} (null) CS{Cell{0094d1000000000000006400000000000f4240de000000002710000000000000000f42400000000002160ec0000000000000271000000000002625a00000000005f5e100000000003b9aca00} bits: 0..592; refs: 0..0} CS{Cell{0094d100000000000000640000000000009c40de000000000190000000000000000f424000000000000f4240000000000000271000000000009896800000000005f5e100000000003b9aca00} bits: 0..592; refs: 0..0} CS{Cell{0042ea000000000098968000000000271000000000000f424000000001800055555555} bits: 0..264; refs: 0..0} CS{Cell{0042ea0000000000061a800000000001900000000000009c4000000001800055555555} bits: 0..264; refs: 0..0} (null) ] 0 (null) ]\n' +
            '[ 4][t 0][2024-10-30 23:27:18.608000][transaction.cpp:1675]\tstarting VM\n' +
            '[ 4][t 0][2024-10-30 23:27:18.609000][transaction.cpp:1680]\tVM terminated with exit code 0\n' +
            '[ 3][t 0][2024-10-30 23:27:18.609000][transaction.cpp:1702]\tsteps: 741 gas: used=27641, max=1000000, limit=179320, credit=0\n' +
            '[ 3][t 0][2024-10-30 23:27:18.609000][transaction.cpp:1704]\tout_of_gas=false, accepted=true, success=true, time=0.000769s\n' +
            '[ 4][t 0][2024-10-30 23:27:18.609000][transaction.cpp:1737]\tgas fees: 11056400 = 26214400 * 27641 /2^16 ; price=26214400; flat rate=[40000 for 100]; remaining balance=2160671698ng\n' +
            '[ 3][t 0][2024-10-30 23:27:18.609000][transaction.cpp:2678]\tin try_action_reserve_currency(0)\n' +
            '[ 4][t 0][2024-10-30 23:27:18.609000][transaction.cpp:2684]\taction_reserve_currency: mode=0, reserve=1051000000ng, balance=2160671698ng, original balance=2100000000ng\n' +
            '[ 3][t 0][2024-10-30 23:27:18.609000][transaction.cpp:2729]\tchanged remaining balance to 1109671698ng, reserved balance to 1051000000ng\n' +
            '[ 4][t 0][2024-10-30 23:27:18.609000][transaction.cpp:2448]\tstorage paid for a message: 0 cells, 0 bits\n' +
            '[ 4][t 0][2024-10-30 23:27:18.609000][transaction.cpp:2452]\tcomputed fwd fees = 400000 + 0\n' +
            '[ 4][t 0][2024-10-30 23:27:18.609000][transaction.cpp:2448]\tstorage paid for a message: 0 cells, 0 bits\n' +
            '[ 4][t 0][2024-10-30 23:27:18.609000][transaction.cpp:2452]\tcomputed fwd fees = 400000 + 0\n',
          vmLogs: 'xecute EQUAL\n' +
            'execute THROWIF 137\n' +
            'execute PUSHPOW2 10\n' +
            'execute EQUAL\n' +
            'execute THROWIFNOT 136\n' +
            'execute STSLICER\n' +
            'execute ENDC\n' +
            'execute ROT\n' +
            'execute STREF\n' +
            'execute ENDC\n' +
            'execute SWAP\n' +
            'execute STREF\n' +
            'execute implicit RET\n' +
            'execute ENDC\n' +
            'execute POP c4\n' +
            'execute implicit RET\n',
          debugLogs: '',
          events: [Array],
          parent: [Object],
          children: [Array],
          externals: []
        },
        children: [],
        externals: []
      },
      {
        address: 82932696146371031528842022915703368160952877310224391173905811460306378520268n,
        lt: 47000000n,
        prevTransactionHash: 61542466084257352292324673129880531088150722211263467125821443921739896689290n,
        prevTransactionLt: 32000000n,
        now: 1732922838,
        outMessagesCount: 0,
        oldStatus: 'active',
        endStatus: 'active',
        inMessage: { info: [Object], init: null, body: x{} },
        outMessages: Dictionary { _key: [Object], _value: [Object], _map: Map(0) {} },
        totalFees: { coins: 274724n },
        stateUpdate: {
          oldHash: <Buffer 6a 87 41 bb 9e ed 1f 94 49 a2 69 62 79 d4 36 3d ea 6a 33 df ba 68 10 81 a6 3d 33 d2 d3 74 da 7f>,
          newHash: <Buffer 89 c3 84 fe b3 20 0d 23 3c 1a 6b b3 1b 7c 48 09 c8 73 9e ab fc 7f ad 05 70 f6 4f 6b 25 0a 85 c6>
        },
        description: {
          type: 'generic',
          creditFirst: false,
          storagePhase: [Object],
          creditPhase: [Object],
          computePhase: [Object],
          actionPhase: [Object],
          bouncePhase: undefined,
          aborted: false,
          destroyed: false
        },
        raw: x{7B75A3E1A6460F415CE3721F308920C4B456F3B977F39EB26CED9155308A976CC0000000002CD29C0880FCD294830C1AE99EA0BFDEFE5EC6428A42FCA9CF68F5B8D3B31F3C171928A0000000001E84800674A4DD6000146086248}
         x{A_}
          x{6800A4BAF36B13E3AE770F28659A34B2D81F38859E8C08CF776F2BB4B44180438271002DD68F8699183D05738DC87CC2248312D15BCEE5DFCE7AC9B3B64554C22A5DB310E27F66000608235A0000000005204182CE949BAC4_}
         x{726A8741BB9EED1F9449A2696279D4363DEA6A33DFBA681081A63D33D2D374DA7F89C384FEB3200D233C1A6BB31B7C4809C8739EABFC7FAD0570F64F6B250A85C6}
         x{04C09395090E27F66018603C5A11_}
          x{4026AC3D090000000000000000000500000000000000000000000000000000000000000000000000000000000000000000000000000000000000000000000000000000000000000000000000000000}
          x{C00000000000000000000000012D452DA449E50B8CF7DD27861F146122AFE1B546BB8B70FC8216F0C614139F8E04_},
        hash: [Function: hash],
        blockchainLogs: '[ 4][t 0][2024-10-30 23:27:18.621000][transaction.cpp:443]\tunpacking account B75A3E1A6460F415CE3721F308920C4B456F3B977F39EB26CED9155308A976CC\n' +
          '[ 4][t 0][2024-10-30 23:27:18.621000][transaction.cpp:274]\tlast_paid=1730330838; cells=6 bits=821 public_cells=0\n' +
          '[ 4][t 0][2024-10-30 23:27:18.621000][transaction.cpp:504]\tend of Account.unpack() for 0:B75A3E1A6460F415CE3721F308920C4B456F3B977F39EB26CED9155308A976CC (balance = 999998880613600ng ; last_trans_lt = 32000000..32000001)\n' +
          '[ 4][t 0][2024-10-30 23:27:18.621000][transaction.cpp:3655]\tblock random seed set to 0000000000000000000000000000000000000000000000000000000000000000\n' +
          '[ 4][t 0][2024-10-30 23:27:18.621000][transaction.cpp:1236]\tgas limits: max=1000000, limit=1000000, credit=0\n' +
          '[ 4][t 0][2024-10-30 23:27:18.621000][transaction.cpp:1575]\tin_msg_state is null\n' +
          '[ 4][t 0][2024-10-30 23:27:18.621000][transaction.cpp:1645]\tcreating VM\n' +
          '[ 4][t 0][2024-10-30 23:27:18.621000][transaction.cpp:1351]\tSmartContractInfo initialized with [ 124711402 0 0 1732922838 47000000 47000000 21122878255675644108446800642276849919927819785129319861439300423341550034363 [ 999999830462476 (null) ] CS{Cell{0275c00b75a3e1a6460f415ce3721f308920c4b456f3b977f39eb26ced9155308a976cc20c80cd43391606b00000000007a12005c0e35f988381381340} bits: 1..268; refs: 0..0} C{A7EC01478F770EF8F8B037CC7E42F0ABF0D85A50E1828C2394DAD1411691F2DE} C{D992502B94EA96E7B34E5D62FFB0C6FC73D78B3E61F11F0848FB3A1EB1AFC912} [ 950000000 (null) ] 151124 (null) [ CS{Cell{004dd06600000000000000000000000080000000000000fa00000000000001f4000000000003d09040} bits: 9..305; refs: 0..0} (null) CS{Cell{0094d1000000000000006400000000000f4240de000000002710000000000000000f42400000000002160ec0000000000000271000000000002625a00000000005f5e100000000003b9aca00} bits: 0..592; refs: 0..0} CS{Cell{0094d100000000000000640000000000009c40de000000000190000000000000000f424000000000000f4240000000000000271000000000009896800000000005f5e100000000003b9aca00} bits: 0..592; refs: 0..0} CS{Cell{0042ea000000000098968000000000271000000000000f424000000001800055555555} bits: 0..264; refs: 0..0} CS{Cell{0042ea0000000000061a800000000001900000000000009c4000000001800055555555} bits: 0..264; refs: 0..0} (null) ] 0 (null) ]\n' +
          '[ 4][t 0][2024-10-30 23:27:18.621000][transaction.cpp:1675]\tstarting VM\n' +
          '[ 4][t 0][2024-10-30 23:27:18.621000][transaction.cpp:1680]\tVM terminated with exit code 0\n' +
          '[ 3][t 0][2024-10-30 23:27:18.621000][transaction.cpp:1702]\tsteps: 5 gas: used=309, max=1000000, limit=1000000, credit=0\n' +
          '[ 3][t 0][2024-10-30 23:27:18.621000][transaction.cpp:1704]\tout_of_gas=false, accepted=true, success=true, time=0.000016s\n' +
          '[ 4][t 0][2024-10-30 23:27:18.622000][transaction.cpp:1737]\tgas fees: 123600 = 26214400 * 309 /2^16 ; price=26214400; flat rate=[40000 for 100]; remaining balance=999999830338876ng\n',
        vmLogs: 'execute SETCP 0\n' +
          'execute DICTPUSHCONST 19 (xC_,1)\n' +
          'execute DICTIGETJMPZ\n' +
          'execute DROP\n' +
          'execute implicit RET\n',
        debugLogs: '',
        events: [],
        parent: {
          address: 37254810366437813475271750514734067285117962570475561289538093995582013161784n,
          lt: 43000000n,
          prevTransactionHash: 31086557057373426509192859266113912323332642271089918412386346651224914184231n,
          prevTransactionLt: 42000000n,
          now: 1732922838,
          outMessagesCount: 2,
          oldStatus: 'active',
          endStatus: 'active',
          inMessage: [Object],
          outMessages: [Dictionary],
          totalFees: [Object],
          stateUpdate: [Object],
          description: [Object],
          raw: x{7525D79B589F1D73B879432CD1A596C0F9C42CF460467BBB795DA5A20C021C13800000000029020C044BA5E2668B77CF289DDF9DAFF7675F9076FE35D6F402832E6699A623E3EC827000000000280DE80674A4DD600054750B3CC}
           x{E_}
            x{6801C25D36B535BEF92116226484A49D03E01E5050FFC3053F6C298C080280A4EEF90014975E6D627C75CEE1E50CB346965B03E710B3D18119EEEDE57696883008704E101119EF88060DFF5E0000000004C4B402CE949BACC_}
             x{2A004A0500000000000000010000000000000000000000000000000000000000000000000000000000000000400B75A3E1A6460F415CE3721F308920C4B456F3B977F39EB26CED9155308A976CC}
            x{DD_}
             x{2_}
              x{6800A4BAF36B13E3AE770F28659A34B2D81F38859E8C08CF776F2BB4B44180438271002DD68F8699183D05738DC87CC2248312D15BCEE5DFCE7AC9B3B64554C22A5DB310E27F66000608235A0000000005204182CE949BAC4_}
             x{2_}
              x{6800A4BAF36B13E3AE770F28659A34B2D81F38859E8C08CF776F2BB4B44180438271003A7CBC3612E1CA557A9D4C735DAA85C231FC67A5E07FC0E4E6F4D6E951FB858D100E57FA880608235A0000000005204184CE949BAC4_}
           x{726A234BBFC581B06EE2F0AEAA502C15E51B29E34E3BB92FB0D07BF78691A862E53B54E9A3EDEDC73754757938FAD5BEF89781F1B29B92C8558009F60B0BE910F0}
           x{040901119EF89874890811_}
            x{4D248C0AF1E00000000000000002E500000000000000000000000000000000000000000000000000000000000000000000000000000000000000000000000000000000000000000000000000000000}
            x{C9861A804C10469800000000000600020000000450AF9D9EE3726931F26D844A6FCC649C60C9C4AD99D34E111DD9BC6BD3DB3ADC40902C14_},
          hash: [Function: hash],
          blockchainLogs: '[ 4][t 0][2024-10-30 23:27:18.612000][transaction.cpp:443]\tunpacking account 525D79B589F1D73B879432CD1A596C0F9C42CF460467BBB795DA5A20C021C138\n' +
            '[ 4][t 0][2024-10-30 23:27:18.612000][transaction.cpp:274]\tlast_paid=1732922838; cells=231 bits=83982 public_cells=0\n' +
            '[ 4][t 0][2024-10-30 23:27:18.612000][transaction.cpp:504]\tend of Account.unpack() for 0:525D79B589F1D73B879432CD1A596C0F9C42CF460467BBB795DA5A20C021C138 (balance = 1051000000ng ; last_trans_lt = 42000000..42000003)\n' +
            '[ 4][t 0][2024-10-30 23:27:18.612000][transaction.cpp:3655]\tblock random seed set to 0000000000000000000000000000000000000000000000000000000000000000\n' +
            '[ 4][t 0][2024-10-30 23:27:18.612000][transaction.cpp:1236]\tgas limits: max=1000000, limit=179320, credit=0\n' +
            '[ 4][t 0][2024-10-30 23:27:18.612000][transaction.cpp:1575]\tin_msg_state is null\n' +
            '[ 4][t 0][2024-10-30 23:27:18.612000][transaction.cpp:1645]\tcreating VM\n' +
            '[ 4][t 0][2024-10-30 23:27:18.612000][transaction.cpp:1351]\tSmartContractInfo initialized with [ 124711402 0 0 1732922838 43000000 43000000 14068792954309835536948273256715513127174070948738620016199408580766834334284 [ 1122728098 (null) ] CS{Cell{0271c00525d79b589f1d73b879432cd1a596c0f9c42cf460467bbb795da5a20c021c1383cec05203833a526eb0000000000a037a0d0fa93f301340} bits: 1..268; refs: 0..0} C{A7EC01478F770EF8F8B037CC7E42F0ABF0D85A50E1828C2394DAD1411691F2DE} C{42B6F0E46484EFC57B9508F6BA7EF42E7512023D5CB4ED5628DD1C7755D16E9D} [ 71728098 (null) ] 0 (null) [ CS{Cell{004dd06600000000000000000000000080000000000000fa00000000000001f4000000000003d09040} bits: 9..305; refs: 0..0} (null) CS{Cell{0094d1000000000000006400000000000f4240de000000002710000000000000000f42400000000002160ec0000000000000271000000000002625a00000000005f5e100000000003b9aca00} bits: 0..592; refs: 0..0} CS{Cell{0094d100000000000000640000000000009c40de000000000190000000000000000f424000000000000f4240000000000000271000000000009896800000000005f5e100000000003b9aca00} bits: 0..592; refs: 0..0} CS{Cell{0042ea000000000098968000000000271000000000000f424000000001800055555555} bits: 0..264; refs: 0..0} CS{Cell{0042ea0000000000061a800000000001900000000000009c4000000001800055555555} bits: 0..264; refs: 0..0} (null) ] 0 (null) ]\n' +
            '[ 4][t 0][2024-10-30 23:27:18.613000][transaction.cpp:1675]\tstarting VM\n' +
            '[ 4][t 0][2024-10-30 23:27:18.614000][transaction.cpp:1680]\tVM terminated with exit code 0\n' +
            '[ 3][t 0][2024-10-30 23:27:18.614000][transaction.cpp:1702]\tsteps: 741 gas: used=26916, max=1000000, limit=179320, credit=0\n' +
            '[ 3][t 0][2024-10-30 23:27:18.614000][transaction.cpp:1704]\tout_of_gas=false, accepted=true, success=true, time=0.000880s\n' +
            '[ 4][t 0][2024-10-30 23:27:18.614000][transaction.cpp:1737]\tgas fees: 10766400 = 26214400 * 26916 /2^16 ; price=26214400; flat rate=[40000 for 100]; remaining balance=1111961698ng\n' +
            '[ 3][t 0][2024-10-30 23:27:18.614000][transaction.cpp:2678]\tin try_action_reserve_currency(0)\n' +
            '[ 4][t 0][2024-10-30 23:27:18.614000][transaction.cpp:2684]\taction_reserve_currency: mode=0, reserve=101000000ng, balance=1111961698ng, original balance=1051000000ng\n' +
            '[ 3][t 0][2024-10-30 23:27:18.614000][transaction.cpp:2729]\tchanged remaining balance to 1010961698ng, reserved balance to 101000000ng\n' +
            '[ 4][t 0][2024-10-30 23:27:18.614000][transaction.cpp:2448]\tstorage paid for a message: 0 cells, 0 bits\n' +
            '[ 4][t 0][2024-10-30 23:27:18.614000][transaction.cpp:2452]\tcomputed fwd fees = 400000 + 0\n' +
            '[ 4][t 0][2024-10-30 23:27:18.614000][transaction.cpp:2448]\tstorage paid for a message: 0 cells, 0 bits\n' +
            '[ 4][t 0][2024-10-30 23:27:18.614000][transaction.cpp:2452]\tcomputed fwd fees = 400000 + 0\n',
          vmLogs: 'xecute EQUAL\n' +
            'execute THROWIF 137\n' +
            'execute PUSHPOW2 10\n' +
            'execute EQUAL\n' +
            'execute THROWIFNOT 136\n' +
            'execute STSLICER\n' +
            'execute ENDC\n' +
            'execute ROT\n' +
            'execute STREF\n' +
            'execute ENDC\n' +
            'execute SWAP\n' +
            'execute STREF\n' +
            'execute implicit RET\n' +
            'execute ENDC\n' +
            'execute POP c4\n' +
            'execute implicit RET\n',
          debugLogs: '',
          events: [Array],
          parent: [Object],
          children: [Array],
          externals: []
        },
        children: [],
        externals: []
      },
      {
        address: 105818132960003171416304597453717637701794574747475969910003481004036112389684n,
        lt: 48000000n,
        prevTransactionHash: 51440049176434049200107998105599478004814207384505774456945483072284302328924n,
        prevTransactionLt: 46000000n,
        now: 1732922838,
        outMessagesCount: 0,
        oldStatus: 'active',
        endStatus: 'active',
        inMessage: { info: [Object], init: null, body: x{} },
        outMessages: Dictionary { _key: [Object], _value: [Object], _map: Map(0) {} },
        totalFees: { coins: 123600n },
        stateUpdate: {
          oldHash: <Buffer bb 98 b6 e6 bc 0d 91 f6 38 c0 7c d5 23 4f 7c 9d 5b 02 78 05 51 42 cd 5a 2b 4c 91 e5 de 79 3e 06>,
          newHash: <Buffer 91 c1 26 cb dc d3 e8 fa 80 0a 68 8f bb 7b 15 48 ed 47 b8 30 27 c2 e0 9a 18 ad 1f ac 62 82 f3 1a>
        },
        description: {
          type: 'generic',
          creditFirst: false,
          storagePhase: [Object],
          creditPhase: [Object],
          computePhase: [Object],
          actionPhase: [Object],
          bouncePhase: undefined,
          aborted: false,
          destroyed: false
        },
        raw: x{7E9F2F0D84B872955EA7531CD76AA1708C7F19E9781FF03939BD35BA547EE16340000000002DC6C0071BA093BF80B88D4F4D8E572FB5330BEA97A0BC8A7811906297C6F40C5D1445C0000000002BDE780674A4DD600014603C5A0}
         x{A_}
          x{6800A4BAF36B13E3AE770F28659A34B2D81F38859E8C08CF776F2BB4B44180438271003A7CBC3612E1CA557A9D4C735DAA85C231FC67A5E07FC0E4E6F4D6E951FB858D100E57FA880608235A0000000005204184CE949BAC4_}
         x{72BB98B6E6BC0D91F638C07CD5234F7C9D5B0278055142CD5A2B4C91E5DE793E0691C126CBDCD3E8FA800A688FBB7B1548ED47B83027C2E09A18AD1FAC6282F31A}
         x{040900E57FA898603C5A11_}
          x{4026AC092E1000000000000000000500000000000000000000000000000000000000000000000000000000000000000000000000000000000000000000000000000000000000000000000000000000}
          x{C00000000000000000000000012D452DA449E50B8CF7DD27861F146122AFE1B546BB8B70FC8216F0C614139F8E04_},
        hash: [Function: hash],
        blockchainLogs: '[ 4][t 0][2024-10-30 23:27:18.623000][transaction.cpp:443]\tunpacking account E9F2F0D84B872955EA7531CD76AA1708C7F19E9781FF03939BD35BA547EE1634\n' +
          '[ 4][t 0][2024-10-30 23:27:18.623000][transaction.cpp:274]\tlast_paid=1732922838; cells=6 bits=821 public_cells=0\n' +
          '[ 4][t 0][2024-10-30 23:27:18.623000][transaction.cpp:504]\tend of Account.unpack() for 0:E9F2F0D84B872955EA7531CD76AA1708C7F19E9781FF03939BD35BA547EE1634 (balance = 999999854620705ng ; last_trans_lt = 46000000..46000001)\n' +
          '[ 4][t 0][2024-10-30 23:27:18.623000][transaction.cpp:3655]\tblock random seed set to 0000000000000000000000000000000000000000000000000000000000000000\n' +
          '[ 4][t 0][2024-10-30 23:27:18.623000][transaction.cpp:1236]\tgas limits: max=1000000, limit=150404, credit=0\n' +
          '[ 4][t 0][2024-10-30 23:27:18.623000][transaction.cpp:1575]\tin_msg_state is null\n' +
          '[ 4][t 0][2024-10-30 23:27:18.623000][transaction.cpp:1645]\tcreating VM\n' +
          '[ 4][t 0][2024-10-30 23:27:18.623000][transaction.cpp:1351]\tSmartContractInfo initialized with [ 124711402 0 0 1732922838 48000000 48000000 60210483465141978598827679003117970236339845468170532052053411751718225576024 [ 999999914782403 (null) ] CS{Cell{0275c00e9f2f0d84b872955ea7531cd76aa1708c7f19e9781ff03939bd35ba547ee163420c80cd433a526eb0000000000af79e05c0e35fa7070c085340} bits: 1..268; refs: 0..0} C{A7EC01478F770EF8F8B037CC7E42F0ABF0D85A50E1828C2394DAD1411691F2DE} C{D992502B94EA96E7B34E5D62FFB0C6FC73D78B3E61F11F0848FB3A1EB1AFC912} [ 60161698 (null) ] 0 (null) [ CS{Cell{004dd06600000000000000000000000080000000000000fa00000000000001f4000000000003d09040} bits: 9..305; refs: 0..0} (null) CS{Cell{0094d1000000000000006400000000000f4240de000000002710000000000000000f42400000000002160ec0000000000000271000000000002625a00000000005f5e100000000003b9aca00} bits: 0..592; refs: 0..0} CS{Cell{0094d100000000000000640000000000009c40de000000000190000000000000000f424000000000000f4240000000000000271000000000009896800000000005f5e100000000003b9aca00} bits: 0..592; refs: 0..0} CS{Cell{0042ea000000000098968000000000271000000000000f424000000001800055555555} bits: 0..264; refs: 0..0} CS{Cell{0042ea0000000000061a800000000001900000000000009c4000000001800055555555} bits: 0..264; refs: 0..0} (null) ] 0 (null) ]\n' +
          '[ 4][t 0][2024-10-30 23:27:18.623000][transaction.cpp:1675]\tstarting VM\n' +
          '[ 4][t 0][2024-10-30 23:27:18.623000][transaction.cpp:1680]\tVM terminated with exit code 0\n' +
          '[ 3][t 0][2024-10-30 23:27:18.623000][transaction.cpp:1702]\tsteps: 5 gas: used=309, max=1000000, limit=150404, credit=0\n' +
          '[ 3][t 0][2024-10-30 23:27:18.623000][transaction.cpp:1704]\tout_of_gas=false, accepted=true, success=true, time=0.000016s\n' +
          '[ 4][t 0][2024-10-30 23:27:18.623000][transaction.cpp:1737]\tgas fees: 123600 = 26214400 * 309 /2^16 ; price=26214400; flat rate=[40000 for 100]; remaining balance=999999914658803ng\n',
        vmLogs: 'execute SETCP 0\n' +
          'execute DICTPUSHCONST 19 (xC_,1)\n' +
          'execute DICTIGETJMPZ\n' +
          'execute DROP\n' +
          'execute implicit RET\n',
        debugLogs: '',
        events: [],
        parent: {
          address: 37254810366437813475271750514734067285117962570475561289538093995582013161784n,
          lt: 43000000n,
          prevTransactionHash: 31086557057373426509192859266113912323332642271089918412386346651224914184231n,
          prevTransactionLt: 42000000n,
          now: 1732922838,
          outMessagesCount: 2,
          oldStatus: 'active',
          endStatus: 'active',
          inMessage: [Object],
          outMessages: [Dictionary],
          totalFees: [Object],
          stateUpdate: [Object],
          description: [Object],
          raw: x{7525D79B589F1D73B879432CD1A596C0F9C42CF460467BBB795DA5A20C021C13800000000029020C044BA5E2668B77CF289DDF9DAFF7675F9076FE35D6F402832E6699A623E3EC827000000000280DE80674A4DD600054750B3CC}
           x{E_}
            x{6801C25D36B535BEF92116226484A49D03E01E5050FFC3053F6C298C080280A4EEF90014975E6D627C75CEE1E50CB346965B03E710B3D18119EEEDE57696883008704E101119EF88060DFF5E0000000004C4B402CE949BACC_}
             x{2A004A0500000000000000010000000000000000000000000000000000000000000000000000000000000000400B75A3E1A6460F415CE3721F308920C4B456F3B977F39EB26CED9155308A976CC}
            x{DD_}
             x{2_}
              x{6800A4BAF36B13E3AE770F28659A34B2D81F38859E8C08CF776F2BB4B44180438271002DD68F8699183D05738DC87CC2248312D15BCEE5DFCE7AC9B3B64554C22A5DB310E27F66000608235A0000000005204182CE949BAC4_}
             x{2_}
              x{6800A4BAF36B13E3AE770F28659A34B2D81F38859E8C08CF776F2BB4B44180438271003A7CBC3612E1CA557A9D4C735DAA85C231FC67A5E07FC0E4E6F4D6E951FB858D100E57FA880608235A0000000005204184CE949BAC4_}
           x{726A234BBFC581B06EE2F0AEAA502C15E51B29E34E3BB92FB0D07BF78691A862E53B54E9A3EDEDC73754757938FAD5BEF89781F1B29B92C8558009F60B0BE910F0}
           x{040901119EF89874890811_}
            x{4D248C0AF1E00000000000000002E500000000000000000000000000000000000000000000000000000000000000000000000000000000000000000000000000000000000000000000000000000000}
            x{C9861A804C10469800000000000600020000000450AF9D9EE3726931F26D844A6FCC649C60C9C4AD99D34E111DD9BC6BD3DB3ADC40902C14_},
          hash: [Function: hash],
          blockchainLogs: '[ 4][t 0][2024-10-30 23:27:18.612000][transaction.cpp:443]\tunpacking account 525D79B589F1D73B879432CD1A596C0F9C42CF460467BBB795DA5A20C021C138\n' +
            '[ 4][t 0][2024-10-30 23:27:18.612000][transaction.cpp:274]\tlast_paid=1732922838; cells=231 bits=83982 public_cells=0\n' +
            '[ 4][t 0][2024-10-30 23:27:18.612000][transaction.cpp:504]\tend of Account.unpack() for 0:525D79B589F1D73B879432CD1A596C0F9C42CF460467BBB795DA5A20C021C138 (balance = 1051000000ng ; last_trans_lt = 42000000..42000003)\n' +
            '[ 4][t 0][2024-10-30 23:27:18.612000][transaction.cpp:3655]\tblock random seed set to 0000000000000000000000000000000000000000000000000000000000000000\n' +
            '[ 4][t 0][2024-10-30 23:27:18.612000][transaction.cpp:1236]\tgas limits: max=1000000, limit=179320, credit=0\n' +
            '[ 4][t 0][2024-10-30 23:27:18.612000][transaction.cpp:1575]\tin_msg_state is null\n' +
            '[ 4][t 0][2024-10-30 23:27:18.612000][transaction.cpp:1645]\tcreating VM\n' +
            '[ 4][t 0][2024-10-30 23:27:18.612000][transaction.cpp:1351]\tSmartContractInfo initialized with [ 124711402 0 0 1732922838 43000000 43000000 14068792954309835536948273256715513127174070948738620016199408580766834334284 [ 1122728098 (null) ] CS{Cell{0271c00525d79b589f1d73b879432cd1a596c0f9c42cf460467bbb795da5a20c021c1383cec05203833a526eb0000000000a037a0d0fa93f301340} bits: 1..268; refs: 0..0} C{A7EC01478F770EF8F8B037CC7E42F0ABF0D85A50E1828C2394DAD1411691F2DE} C{42B6F0E46484EFC57B9508F6BA7EF42E7512023D5CB4ED5628DD1C7755D16E9D} [ 71728098 (null) ] 0 (null) [ CS{Cell{004dd06600000000000000000000000080000000000000fa00000000000001f4000000000003d09040} bits: 9..305; refs: 0..0} (null) CS{Cell{0094d1000000000000006400000000000f4240de000000002710000000000000000f42400000000002160ec0000000000000271000000000002625a00000000005f5e100000000003b9aca00} bits: 0..592; refs: 0..0} CS{Cell{0094d100000000000000640000000000009c40de000000000190000000000000000f424000000000000f4240000000000000271000000000009896800000000005f5e100000000003b9aca00} bits: 0..592; refs: 0..0} CS{Cell{0042ea000000000098968000000000271000000000000f424000000001800055555555} bits: 0..264; refs: 0..0} CS{Cell{0042ea0000000000061a800000000001900000000000009c4000000001800055555555} bits: 0..264; refs: 0..0} (null) ] 0 (null) ]\n' +
            '[ 4][t 0][2024-10-30 23:27:18.613000][transaction.cpp:1675]\tstarting VM\n' +
            '[ 4][t 0][2024-10-30 23:27:18.614000][transaction.cpp:1680]\tVM terminated with exit code 0\n' +
            '[ 3][t 0][2024-10-30 23:27:18.614000][transaction.cpp:1702]\tsteps: 741 gas: used=26916, max=1000000, limit=179320, credit=0\n' +
            '[ 3][t 0][2024-10-30 23:27:18.614000][transaction.cpp:1704]\tout_of_gas=false, accepted=true, success=true, time=0.000880s\n' +
            '[ 4][t 0][2024-10-30 23:27:18.614000][transaction.cpp:1737]\tgas fees: 10766400 = 26214400 * 26916 /2^16 ; price=26214400; flat rate=[40000 for 100]; remaining balance=1111961698ng\n' +
            '[ 3][t 0][2024-10-30 23:27:18.614000][transaction.cpp:2678]\tin try_action_reserve_currency(0)\n' +
            '[ 4][t 0][2024-10-30 23:27:18.614000][transaction.cpp:2684]\taction_reserve_currency: mode=0, reserve=101000000ng, balance=1111961698ng, original balance=1051000000ng\n' +
            '[ 3][t 0][2024-10-30 23:27:18.614000][transaction.cpp:2729]\tchanged remaining balance to 1010961698ng, reserved balance to 101000000ng\n' +
            '[ 4][t 0][2024-10-30 23:27:18.614000][transaction.cpp:2448]\tstorage paid for a message: 0 cells, 0 bits\n' +
            '[ 4][t 0][2024-10-30 23:27:18.614000][transaction.cpp:2452]\tcomputed fwd fees = 400000 + 0\n' +
            '[ 4][t 0][2024-10-30 23:27:18.614000][transaction.cpp:2448]\tstorage paid for a message: 0 cells, 0 bits\n' +
            '[ 4][t 0][2024-10-30 23:27:18.614000][transaction.cpp:2452]\tcomputed fwd fees = 400000 + 0\n',
          vmLogs: 'xecute EQUAL\n' +
            'execute THROWIF 137\n' +
            'execute PUSHPOW2 10\n' +
            'execute EQUAL\n' +
            'execute THROWIFNOT 136\n' +
            'execute STSLICER\n' +
            'execute ENDC\n' +
            'execute ROT\n' +
            'execute STREF\n' +
            'execute ENDC\n' +
            'execute SWAP\n' +
            'execute STREF\n' +
            'execute implicit RET\n' +
            'execute ENDC\n' +
            'execute POP c4\n' +
            'execute implicit RET\n',
          debugLogs: '',
          events: [Array],
          parent: [Object],
          children: [Array],
          externals: []
        },
        children: [],
        externals: []
      }
    ]

      at proceedDeal (tests/MarketTon.spec.ts:2082:17)

  console.log
    [
      {
        type: 'message_sent',
        from: EQDp8vDYS4cpVep1Mc12qhcIx_Gel4H_A5Ob01ulR-4WNMml,
        to: EQBSXXm1ifHXO4eUMs0aWWwPnELPRgRnu7eV2logwCHBOBBt,
        value: 1000000000n,
        body: x{E9626FBA000000000000000000000000}
         x{03DF94AA22408F0D180000001937A400BF04_}
         x{03DF94AA23405F5E100000001937A400BF04_},
        bounced: false
      },
      {
        type: 'message_sent',
        from: EQBSXXm1ifHXO4eUMs0aWWwPnELPRgRnu7eV2logwCHBOBBt,
        to: EQASWIYDJyUJTnnETBq5ZC_hy_G_TXfbJcNF3b56jIC81Pj2,
        value: 982832763n,
        body: x{03DF94AA000000000000000022408F0D180000001937A400BF011A02FAF080000000C9BD2005F82_}
         x{},
        bounced: false
      },
      {
        type: 'message_sent',
        from: EQASWIYDJyUJTnnETBq5ZC_hy_G_TXfbJcNF3b56jIC81Pj2,
        to: EQBSXXm1ifHXO4eUMs0aWWwPnELPRgRnu7eV2logwCHBOBBt,
        value: 978464763n,
        body: x{935FA9D10000000000000000}
         x{00000000000000000000000000000000000000000000000000000000000000220000000000000000000000000000000000000000000000000000000008F0D18001937A400BF0}
         x{00000000000000000000000000000000000000000000000000000000000000230000000000000000000000000000000000000000000000000000000005F5E10001937A400BF0},
        bounced: false
      },
      {
        type: 'message_sent',
        from: EQBSXXm1ifHXO4eUMs0aWWwPnELPRgRnu7eV2logwCHBOBBt,
        to: EQC50kw8CkUnsCDgJcqVYTHF61CBKRFXwl_Xlh3y0DobarlX,
        value: 966133163n,
        body: x{E601F8E50000000000000000},
        bounced: false
      },
      {
        type: 'message_sent',
        from: EQC50kw8CkUnsCDgJcqVYTHF61CBKRFXwl_Xlh3y0DobarlX,
        to: EQBSXXm1ifHXO4eUMs0aWWwPnELPRgRnu7eV2logwCHBOBBt,
        value: 960892531n,
        body: x{B687AB17000000000000000000000000}
         x{02202FAF080202FAF08021DCD65001CC4B4021DCD65003391606B3397F7EB3391606B33A526EB00000000800000004_}
          x{801028CD38D6A9FB165BB1D27554DCBBC8B7A064E07EF4C3832956828113614F545_},
        bounced: false
      },
      {
        type: 'message_sent',
        from: EQBSXXm1ifHXO4eUMs0aWWwPnELPRgRnu7eV2logwCHBOBBt,
        to: EQB8zyeA4NPhsLaAWbQISwSmjIdCNXRcbQIB1i89IhjxNhei,
        value: 67521600n,
        body: x{BC26F4C80000000000000000},
        bounced: false
      },
      {
        type: 'message_sent',
        from: EQBSXXm1ifHXO4eUMs0aWWwPnELPRgRnu7eV2logwCHBOBBt,
        to: EQDhLptamt98kIsRMkJSToHwDygof-GCn7YUxgQBQFJ3fLZb,
        value: 67521600n,
        body: x{BC26F4C80000000000000001},
        bounced: false
      },
      {
        type: 'message_sent',
        from: EQBSXXm1ifHXO4eUMs0aWWwPnELPRgRnu7eV2logwCHBOBBt,
        to: EQC50kw8CkUnsCDgJcqVYTHF61CBKRFXwl_Xlh3y0DobarlX,
        value: 791210531n,
        body: x{B8A3AA140000000000000000801D3E5E1B0970E52ABD4EA639AED542E118FE33D2F03FE072737A6B74A8FDC2C69_},
        bounced: false
      },
      {
        type: 'message_sent',
        from: EQB8zyeA4NPhsLaAWbQISwSmjIdCNXRcbQIB1i89IhjxNhei,
        to: EQBSXXm1ifHXO4eUMs0aWWwPnELPRgRnu7eV2logwCHBOBBt,
        value: 71728098n,
        body: x{2A004A0500000000000000000000000000000000000000000000000000000000000000000000000000000000C00814669C6B54FD8B2DD8E93AAA6E5DE45BD032703F7A61C194AB414089B0A7AA2},
        bounced: false
      },
      {
        type: 'message_sent',
        from: EQDhLptamt98kIsRMkJSToHwDygof-GCn7YUxgQBQFJ3fLZb,
        to: EQBSXXm1ifHXO4eUMs0aWWwPnELPRgRnu7eV2logwCHBOBBt,
        value: 71728098n,
        body: x{2A004A0500000000000000010000000000000000000000000000000000000000000000000000000000000000400B75A3E1A6460F415CE3721F308920C4B456F3B977F39EB26CED9155308A976CC},
        bounced: false
      },
      {
        type: 'message_sent',
        from: EQC50kw8CkUnsCDgJcqVYTHF61CBKRFXwl_Xlh3y0DobarlX,
        to: EQDp8vDYS4cpVep1Mc12qhcIx_Gel4H_A5Ob01ulR-4WNMml,
        value: 797411731n,
        body: x{},
        bounced: false
      },
      {
        type: 'account_destroyed',
        account: EQC50kw8CkUnsCDgJcqVYTHF61CBKRFXwl_Xlh3y0DobarlX
      },
      {
        type: 'message_sent',
        from: EQBSXXm1ifHXO4eUMs0aWWwPnELPRgRnu7eV2logwCHBOBBt,
        to: EQCBRmnGtU_Yst2Ok6qm5d5FvQMnA_emHBlKtBQImwp6oicf,
        value: 1049000000n,
        body: x{},
        bounced: false
      },
      {
        type: 'message_sent',
        from: EQBSXXm1ifHXO4eUMs0aWWwPnELPRgRnu7eV2logwCHBOBBt,
        to: EQDp8vDYS4cpVep1Mc12qhcIx_Gel4H_A5Ob01ulR-4WNMml,
        value: 59871698n,
        body: x{},
        bounced: false
      },
      {
        type: 'message_sent',
        from: EQBSXXm1ifHXO4eUMs0aWWwPnELPRgRnu7eV2logwCHBOBBt,
        to: EQC3Wj4aZGD0Fc43IfMIkgxLRW87l3856ybO2RVTCKl2zDIR,
        value: 950000000n,
        body: x{},
        bounced: false
      },
      {
        type: 'message_sent',
        from: EQBSXXm1ifHXO4eUMs0aWWwPnELPRgRnu7eV2logwCHBOBBt,
        to: EQDp8vDYS4cpVep1Mc12qhcIx_Gel4H_A5Ob01ulR-4WNMml,
        value: 60161698n,
        body: x{},
        bounced: false
      }
    ]

      at proceedDeal (tests/MarketTon.spec.ts:2083:17)

  console.log
    User fee :-0.085341197

      at proceedDeal (tests/MarketTon.spec.ts:2086:17)

  console.log
    User fee :-0.035626

      at createDeal (tests/MarketTon.spec.ts:1954:17)

  console.log
    User fee :-0.1193864

      at takeDeal (tests/MarketTon.spec.ts:2019:17)

  console.log
    [
      {
        address: 105818132960003171416304597453717637701794574747475969910003481004036112389684n,
        lt: 33000000n,
        prevTransactionHash: 94045534156665869008506292488354610570630254247776108620979654007599008584930n,
        prevTransactionLt: 9000000n,
        now: 1732922838,
        outMessagesCount: 1,
        oldStatus: 'active',
        endStatus: 'active',
        inMessage: {
          info: [Object],
          init: null,
          body: x{579378ED124D4474AEAC829C138B5598B5168CF79FD305630FA5D54299276449C_}
           x{D001}
            x{6200292EBCDAC4F8EB9DC3CA19668D2CB607CE2167A30233DDDBCAED2D106010E09C21DCD6500000000000000000000000000000E9626FBA000000000000000000000000}
             x{03DF94AA22408F0D180000001937A400BF04_}
             x{03DF94AA23405F5E100000001937A400BF04_}
        },
        outMessages: Dictionary { _key: [Object], _value: [Object], _map: [Map] },
        totalFees: { coins: 2020320n },
        stateUpdate: {
          oldHash: <Buffer 28 37 b4 b7 b0 36 13 04 5f ea 56 8f c2 8d c7 ea c7 4a 00 49 74 f7 c7 68 b3 94 77 d9 a0 fa 51 2e>,
          newHash: <Buffer ba 3c 08 4e 46 a1 1f 26 73 ba 63 64 ea 0a 86 5d fa 6a 8e 76 d4 df 03 ad 13 39 7f 37 97 7c 26 ec>
        },
        description: {
          type: 'generic',
          creditFirst: true,
          storagePhase: [Object],
          creditPhase: undefined,
          computePhase: [Object],
          actionPhase: [Object],
          bouncePhase: undefined,
          aborted: false,
          destroyed: false
        },
        raw: x{7E9F2F0D84B872955EA7531CD76AA1708C7F19E9781FF03939BD35BA547EE16340000000001F78A40CFEBE2D162C9B29B11874A7F386D1E62607C34DB98612AAA0FA2ACE1763C14E20000000000895440674A4DD60003463DA7C0}
         x{E_}
          x{8801D3E5E1B0970E52ABD4EA639AED542E118FE33D2F03FE072737A6B74A8FDC2C6802BC9BC768926A23A5756414E09C5AACC5A8B467BCFE982B187D2EAA14C93B224E_}
           x{D001}
            x{6200292EBCDAC4F8EB9DC3CA19668D2CB607CE2167A30233DDDBCAED2D106010E09C21DCD6500000000000000000000000000000E9626FBA000000000000000000000000}
             x{03DF94AA22408F0D180000001937A400BF04_}
             x{03DF94AA23405F5E100000001937A400BF04_}
          x{DF_}
           x{6801D3E5E1B0970E52ABD4EA639AED542E118FE33D2F03FE072737A6B74A8FDC2C690014975E6D627C75CEE1E50CB346965B03E710B3D18119EEEDE57696883008704E10EE6B2800060C0F880000000003EF1482CE949BAC74B137DD0000000000000000000000004_}
            x{03DF94AA22408F0D180000001937A400BF04_}
            x{03DF94AA23405F5E100000001937A400BF04_}
         x{722837B4B7B03613045FEA568FC28DC7EAC74A004974F7C768B39477D9A0FA512EBA3C084E46A11F2673BA6364EA0A865DFA6A8E76D4DF03AD13397F37977C26EC}
         x{0CC0939506185E94844_}
          x{40F223138800000000000000000C800000000000000000000000000000000000000000000000000000000000000000000000000000000000000000000000000000000000000000000000000000002_}
          x{C98485D04C0C0F700000000000020000000000024019C9799873C47FC363D268E900801C2B451FDC4461668E28A8F50CDADE98A640D022DC_},
        hash: [Function: hash],
        blockchainLogs: '[ 4][t 0][2024-10-30 23:27:19.321000][transaction.cpp:443]\tunpacking account E9F2F0D84B872955EA7531CD76AA1708C7F19E9781FF03939BD35BA547EE1634\n' +
          '[ 4][t 0][2024-10-30 23:27:19.321000][transaction.cpp:274]\tlast_paid=1730330838; cells=6 bits=821 public_cells=0\n' +
          '[ 4][t 0][2024-10-30 23:27:19.321000][transaction.cpp:504]\tend of Account.unpack() for 0:E9F2F0D84B872955EA7531CD76AA1708C7F19E9781FF03939BD35BA547EE1634 (balance = 1000000000000000ng ; last_trans_lt = 9000000..9000001)\n' +
          '[ 4][t 0][2024-10-30 23:27:19.321000][transaction.cpp:3655]\tblock random seed set to 0000000000000000000000000000000000000000000000000000000000000000\n' +
          '[ 4][t 0][2024-10-30 23:27:19.321000][transaction.cpp:788]\tstorage paid for a message: 4 cells, 842 bits\n' +
          '[ 4][t 0][2024-10-30 23:27:19.321000][transaction.cpp:802]\tcomputed fwd fees = 896800 + 0\n' +
          '[ 4][t 0][2024-10-30 23:27:19.321000][transaction.cpp:1236]\tgas limits: max=1000000, limit=0, credit=10000\n' +
          '[ 4][t 0][2024-10-30 23:27:19.321000][transaction.cpp:1575]\tin_msg_state is null\n' +
          '[ 4][t 0][2024-10-30 23:27:19.321000][transaction.cpp:1645]\tcreating VM\n' +
          '[ 4][t 0][2024-10-30 23:27:19.321000][transaction.cpp:1351]\tSmartContractInfo initialized with [ 124711402 0 0 1732922838 33000000 33000000 60210483465141978598827679003117970236339845468170532052053411751718225576024 [ 999999998952076 (null) ] CS{Cell{0275c00e9f2f0d84b872955ea7531cd76aa1708c7f19e9781ff03939bd35ba547ee163420c80cd43391606b00000000002255105c0e35fa931a0001340} bits: 1..268; refs: 0..0} C{A7EC01478F770EF8F8B037CC7E42F0ABF0D85A50E1828C2394DAD1411691F2DE} C{D992502B94EA96E7B34E5D62FFB0C6FC73D78B3E61F11F0848FB3A1EB1AFC912} [ 0 (null) ] 151124 (null) [ CS{Cell{004dd06600000000000000000000000080000000000000fa00000000000001f4000000000003d09040} bits: 9..305; refs: 0..0} (null) CS{Cell{0094d1000000000000006400000000000f4240de000000002710000000000000000f42400000000002160ec0000000000000271000000000002625a00000000005f5e100000000003b9aca00} bits: 0..592; refs: 0..0} CS{Cell{0094d100000000000000640000000000009c40de000000000190000000000000000f424000000000000f4240000000000000271000000000009896800000000005f5e100000000003b9aca00} bits: 0..592; refs: 0..0} CS{Cell{0042ea000000000098968000000000271000000000000f424000000001800055555555} bits: 0..264; refs: 0..0} CS{Cell{0042ea0000000000061a800000000001900000000000009c4000000001800055555555} bits: 0..264; refs: 0..0} (null) ] 0 (null) ]\n' +
          '[ 4][t 0][2024-10-30 23:27:19.322000][transaction.cpp:1675]\tstarting VM\n' +
          '[ 4][t 0][2024-10-30 23:27:19.322000][transaction.cpp:1680]\tVM terminated with exit code 0\n' +
          '[ 3][t 0][2024-10-30 23:27:19.322000][transaction.cpp:1702]\tsteps: 50 gas: used=1937, max=1000000, limit=1000000, credit=0\n' +
          '[ 3][t 0][2024-10-30 23:27:19.322000][transaction.cpp:1704]\tout_of_gas=false, accepted=true, success=true, time=0.000093s\n' +
          '[ 4][t 0][2024-10-30 23:27:19.322000][transaction.cpp:1737]\tgas fees: 774800 = 26214400 * 1937 /2^16 ; price=26214400; flat rate=[40000 for 100]; remaining balance=999999998177276ng\n' +
          '[ 4][t 0][2024-10-30 23:27:19.322000][transaction.cpp:2448]\tstorage paid for a message: 2 cells, 282 bits\n' +
          '[ 4][t 0][2024-10-30 23:27:19.322000][transaction.cpp:2452]\tcomputed fwd fees = 592800 + 0\n',
        vmLogs: 'ULLSWAPIFNOT2\n' +
          'execute DUP\n' +
          'execute PUSHCONT x02D307D43001FB00\n' +
          'execute PUSHCONT x32\n' +
          'execute IFELSE\n' +
          'execute POP s2\n' +
          'execute implicit RET\n' +
          'execute SWAP\n' +
          'execute NOT\n' +
          'execute implicit RET\n' +
          'until loop body end\n' +
          'until loop terminated\n' +
          'execute 2DROP\n' +
          'execute implicit RET\n',
        debugLogs: '',
        events: [ [Object] ],
        parent: undefined,
        children: [ [Object] ],
        externals: []
      },
      {
        address: 37254810366437813475271750514734067285117962570475561289538093995582013161784n,
        lt: 34000000n,
        prevTransactionHash: 110970083769532688157009937886417015182018269635679629524351402084988200826458n,
        prevTransactionLt: 25000000n,
        now: 1732922838,
        outMessagesCount: 1,
        oldStatus: 'active',
        endStatus: 'active',
        inMessage: {
          info: [Object],
          init: null,
          body: x{E9626FBA000000000000000000000000}
           x{03DF94AA22408F0D180000001937A400BF04_}
           x{03DF94AA23405F5E100000001937A400BF04_}
        },
        outMessages: Dictionary { _key: [Object], _value: [Object], _map: [Map] },
        totalFees: { coins: 16763500n },
        stateUpdate: {
          oldHash: <Buffer 1e 93 e2 a1 69 c2 2a 39 e2 f6 5c d9 a4 5d 94 d1 5d c8 ee 93 06 54 d9 1a 23 a7 ba 3a 97 d7 69 91>,
          newHash: <Buffer 2b a4 ab e2 e7 c8 c3 bf d1 34 a8 f1 82 b7 f0 a4 96 5c 1c 39 17 07 ad 0b 20 81 3d 5b 34 f7 14 d8>
        },
        description: {
          type: 'generic',
          creditFirst: false,
          storagePhase: [Object],
          creditPhase: [Object],
          computePhase: [Object],
          actionPhase: [Object],
          bouncePhase: undefined,
          aborted: false,
          destroyed: false
        },
        raw: x{7525D79B589F1D73B879432CD1A596C0F9C42CF460467BBB795DA5A20C021C138000000000206CC80F556D7749A3CCF4B09AED1EFF5181B4F20008A687DA9EE5A0BBCCC9779D6365A00000000017D7840674A4DD6000347FF94D8}
         x{E_}
          x{6801D3E5E1B0970E52ABD4EA639AED542E118FE33D2F03FE072737A6B74A8FDC2C690014975E6D627C75CEE1E50CB346965B03E710B3D18119EEEDE57696883008704E10EE6B2800060C0F880000000003EF1482CE949BAC74B137DD0000000000000000000000004_}
           x{03DF94AA22408F0D180000001937A400BF04_}
           x{03DF94AA23405F5E100000001937A400BF04_}
          x{DF_}
           x{6800A4BAF36B13E3AE770F28659A34B2D81F38859E8C08CF776F2BB4B441804382710004962180C9C942539E711306AE590BF872FC6FD35DF6C970D1776F9EA3202F3510EA5359EC060C523200000000040D9902CE949BACC_}
            x{03DF94AA000000000000000022408F0D180000001937A400BF011A02FAF080000000C9BD2005F82_}
             x{}
         x{721E93E2A169C22A39E2F65CD9A45D94D15DC8EE930654D91A23A7BA3A97D769912BA4ABE2E7C8C3BFD134A8F182B7F0A4965C1C391707AD0B20813D5B34F714D8}
         x{04DDDA39490EE6B2801870A9A011_}
          x{4AAA0C3D090000000000000000025500000000000000000000000000000000000000000000000000000000000000000000000000000000000000000000000000000000000000000000000000000000}
          x{C9849ED04C0C521C00000000000400020000000368AAB889EAA7695EBB5E2F5B5DB6D9EF04C4AA972647B36983922FEDFCD2A45640D01FDC_},
        hash: [Function: hash],
        blockchainLogs: '[ 4][t 0][2024-10-30 23:27:19.324000][transaction.cpp:443]\tunpacking account 525D79B589F1D73B879432CD1A596C0F9C42CF460467BBB795DA5A20C021C138\n' +
          '[ 4][t 0][2024-10-30 23:27:19.324000][transaction.cpp:274]\tlast_paid=1730330838; cells=229 bits=83363 public_cells=0\n' +
          '[ 4][t 0][2024-10-30 23:27:19.324000][transaction.cpp:504]\tend of Account.unpack() for 0:525D79B589F1D73B879432CD1A596C0F9C42CF460467BBB795DA5A20C021C138 (balance = 2100000000ng ; last_trans_lt = 25000000..25000006)\n' +
          '[ 4][t 0][2024-10-30 23:27:19.324000][transaction.cpp:3655]\tblock random seed set to 0000000000000000000000000000000000000000000000000000000000000000\n' +
          '[ 4][t 0][2024-10-30 23:27:19.324000][transaction.cpp:1236]\tgas limits: max=1000000, limit=1000000, credit=0\n' +
          '[ 4][t 0][2024-10-30 23:27:19.324000][transaction.cpp:1575]\tin_msg_state is null\n' +
          '[ 4][t 0][2024-10-30 23:27:19.324000][transaction.cpp:1645]\tcreating VM\n' +
          '[ 4][t 0][2024-10-30 23:27:19.324000][transaction.cpp:1351]\tSmartContractInfo initialized with [ 124711402 0 0 1732922838 34000000 34000000 14068792954309835536948273256715513127174070948738620016199408580766834334284 [ 3092174363 (null) ] CS{Cell{0271c00525d79b589f1d73b879432cd1a596c0f9c42cf460467bbb795da5a20c021c1383cac05168c3391606b00000000005f5e1191f4add401340} bits: 1..268; refs: 0..0} C{A7EC01478F770EF8F8B037CC7E42F0ABF0D85A50E1828C2394DAD1411691F2DE} C{42B6F0E46484EFC57B9508F6BA7EF42E7512023D5CB4ED5628DD1C7755D16E9D} [ 1000000000 (null) ] 7825637 (null) [ CS{Cell{004dd06600000000000000000000000080000000000000fa00000000000001f4000000000003d09040} bits: 9..305; refs: 0..0} (null) CS{Cell{0094d1000000000000006400000000000f4240de000000002710000000000000000f42400000000002160ec0000000000000271000000000002625a00000000005f5e100000000003b9aca00} bits: 0..592; refs: 0..0} CS{Cell{0094d100000000000000640000000000009c40de000000000190000000000000000f424000000000000f4240000000000000271000000000009896800000000005f5e100000000003b9aca00} bits: 0..592; refs: 0..0} CS{Cell{0042ea000000000098968000000000271000000000000f424000000001800055555555} bits: 0..264; refs: 0..0} CS{Cell{0042ea0000000000061a800000000001900000000000009c4000000001800055555555} bits: 0..264; refs: 0..0} (null) ] 0 (null) ]\n' +
          '[ 4][t 0][2024-10-30 23:27:19.324000][transaction.cpp:1675]\tstarting VM\n' +
          '[ 4][t 0][2024-10-30 23:27:19.325000][transaction.cpp:1680]\tVM terminated with exit code 0\n' +
          '[ 3][t 0][2024-10-30 23:27:19.325000][transaction.cpp:1702]\tsteps: 597 gas: used=21840, max=1000000, limit=1000000, credit=0\n' +
          '[ 3][t 0][2024-10-30 23:27:19.325000][transaction.cpp:1704]\tout_of_gas=false, accepted=true, success=true, time=0.000696s\n' +
          '[ 4][t 0][2024-10-30 23:27:19.325000][transaction.cpp:1737]\tgas fees: 8736000 = 26214400 * 21840 /2^16 ; price=26214400; flat rate=[40000 for 100]; remaining balance=3083438363ng\n' +
          '[ 3][t 0][2024-10-30 23:27:19.325000][transaction.cpp:2678]\tin try_action_reserve_currency(0)\n' +
          '[ 4][t 0][2024-10-30 23:27:19.325000][transaction.cpp:2684]\taction_reserve_currency: mode=0, reserve=2100000000ng, balance=3083438363ng, original balance=2092174363ng\n' +
          '[ 3][t 0][2024-10-30 23:27:19.325000][transaction.cpp:2729]\tchanged remaining balance to 983438363ng, reserved balance to 2100000000ng\n' +
          '[ 4][t 0][2024-10-30 23:27:19.325000][transaction.cpp:2448]\tstorage paid for a message: 2 cells, 314 bits\n' +
          '[ 4][t 0][2024-10-30 23:27:19.325000][transaction.cpp:2452]\tcomputed fwd fees = 605600 + 0\n',
        vmLogs: 'xecute EQUAL\n' +
          'execute THROWIF 137\n' +
          'execute PUSHPOW2 10\n' +
          'execute EQUAL\n' +
          'execute THROWIFNOT 136\n' +
          'execute STSLICER\n' +
          'execute ENDC\n' +
          'execute ROT\n' +
          'execute STREF\n' +
          'execute ENDC\n' +
          'execute SWAP\n' +
          'execute STREF\n' +
          'execute implicit RET\n' +
          'execute ENDC\n' +
          'execute POP c4\n' +
          'execute implicit RET\n',
        debugLogs: '',
        events: [ [Object] ],
        parent: {
          address: 105818132960003171416304597453717637701794574747475969910003481004036112389684n,
          lt: 33000000n,
          prevTransactionHash: 94045534156665869008506292488354610570630254247776108620979654007599008584930n,
          prevTransactionLt: 9000000n,
          now: 1732922838,
          outMessagesCount: 1,
          oldStatus: 'active',
          endStatus: 'active',
          inMessage: [Object],
          outMessages: [Dictionary],
          totalFees: [Object],
          stateUpdate: [Object],
          description: [Object],
          raw: x{7E9F2F0D84B872955EA7531CD76AA1708C7F19E9781FF03939BD35BA547EE16340000000001F78A40CFEBE2D162C9B29B11874A7F386D1E62607C34DB98612AAA0FA2ACE1763C14E20000000000895440674A4DD60003463DA7C0}
           x{E_}
            x{8801D3E5E1B0970E52ABD4EA639AED542E118FE33D2F03FE072737A6B74A8FDC2C6802BC9BC768926A23A5756414E09C5AACC5A8B467BCFE982B187D2EAA14C93B224E_}
             x{D001}
              x{6200292EBCDAC4F8EB9DC3CA19668D2CB607CE2167A30233DDDBCAED2D106010E09C21DCD6500000000000000000000000000000E9626FBA000000000000000000000000}
               x{03DF94AA22408F0D180000001937A400BF04_}
               x{03DF94AA23405F5E100000001937A400BF04_}
            x{DF_}
             x{6801D3E5E1B0970E52ABD4EA639AED542E118FE33D2F03FE072737A6B74A8FDC2C690014975E6D627C75CEE1E50CB346965B03E710B3D18119EEEDE57696883008704E10EE6B2800060C0F880000000003EF1482CE949BAC74B137DD0000000000000000000000004_}
              x{03DF94AA22408F0D180000001937A400BF04_}
              x{03DF94AA23405F5E100000001937A400BF04_}
           x{722837B4B7B03613045FEA568FC28DC7EAC74A004974F7C768B39477D9A0FA512EBA3C084E46A11F2673BA6364EA0A865DFA6A8E76D4DF03AD13397F37977C26EC}
           x{0CC0939506185E94844_}
            x{40F223138800000000000000000C800000000000000000000000000000000000000000000000000000000000000000000000000000000000000000000000000000000000000000000000000000002_}
            x{C98485D04C0C0F700000000000020000000000024019C9799873C47FC363D268E900801C2B451FDC4461668E28A8F50CDADE98A640D022DC_},
          hash: [Function: hash],
          blockchainLogs: '[ 4][t 0][2024-10-30 23:27:19.321000][transaction.cpp:443]\tunpacking account E9F2F0D84B872955EA7531CD76AA1708C7F19E9781FF03939BD35BA547EE1634\n' +
            '[ 4][t 0][2024-10-30 23:27:19.321000][transaction.cpp:274]\tlast_paid=1730330838; cells=6 bits=821 public_cells=0\n' +
            '[ 4][t 0][2024-10-30 23:27:19.321000][transaction.cpp:504]\tend of Account.unpack() for 0:E9F2F0D84B872955EA7531CD76AA1708C7F19E9781FF03939BD35BA547EE1634 (balance = 1000000000000000ng ; last_trans_lt = 9000000..9000001)\n' +
            '[ 4][t 0][2024-10-30 23:27:19.321000][transaction.cpp:3655]\tblock random seed set to 0000000000000000000000000000000000000000000000000000000000000000\n' +
            '[ 4][t 0][2024-10-30 23:27:19.321000][transaction.cpp:788]\tstorage paid for a message: 4 cells, 842 bits\n' +
            '[ 4][t 0][2024-10-30 23:27:19.321000][transaction.cpp:802]\tcomputed fwd fees = 896800 + 0\n' +
            '[ 4][t 0][2024-10-30 23:27:19.321000][transaction.cpp:1236]\tgas limits: max=1000000, limit=0, credit=10000\n' +
            '[ 4][t 0][2024-10-30 23:27:19.321000][transaction.cpp:1575]\tin_msg_state is null\n' +
            '[ 4][t 0][2024-10-30 23:27:19.321000][transaction.cpp:1645]\tcreating VM\n' +
            '[ 4][t 0][2024-10-30 23:27:19.321000][transaction.cpp:1351]\tSmartContractInfo initialized with [ 124711402 0 0 1732922838 33000000 33000000 60210483465141978598827679003117970236339845468170532052053411751718225576024 [ 999999998952076 (null) ] CS{Cell{0275c00e9f2f0d84b872955ea7531cd76aa1708c7f19e9781ff03939bd35ba547ee163420c80cd43391606b00000000002255105c0e35fa931a0001340} bits: 1..268; refs: 0..0} C{A7EC01478F770EF8F8B037CC7E42F0ABF0D85A50E1828C2394DAD1411691F2DE} C{D992502B94EA96E7B34E5D62FFB0C6FC73D78B3E61F11F0848FB3A1EB1AFC912} [ 0 (null) ] 151124 (null) [ CS{Cell{004dd06600000000000000000000000080000000000000fa00000000000001f4000000000003d09040} bits: 9..305; refs: 0..0} (null) CS{Cell{0094d1000000000000006400000000000f4240de000000002710000000000000000f42400000000002160ec0000000000000271000000000002625a00000000005f5e100000000003b9aca00} bits: 0..592; refs: 0..0} CS{Cell{0094d100000000000000640000000000009c40de000000000190000000000000000f424000000000000f4240000000000000271000000000009896800000000005f5e100000000003b9aca00} bits: 0..592; refs: 0..0} CS{Cell{0042ea000000000098968000000000271000000000000f424000000001800055555555} bits: 0..264; refs: 0..0} CS{Cell{0042ea0000000000061a800000000001900000000000009c4000000001800055555555} bits: 0..264; refs: 0..0} (null) ] 0 (null) ]\n' +
            '[ 4][t 0][2024-10-30 23:27:19.322000][transaction.cpp:1675]\tstarting VM\n' +
            '[ 4][t 0][2024-10-30 23:27:19.322000][transaction.cpp:1680]\tVM terminated with exit code 0\n' +
            '[ 3][t 0][2024-10-30 23:27:19.322000][transaction.cpp:1702]\tsteps: 50 gas: used=1937, max=1000000, limit=1000000, credit=0\n' +
            '[ 3][t 0][2024-10-30 23:27:19.322000][transaction.cpp:1704]\tout_of_gas=false, accepted=true, success=true, time=0.000093s\n' +
            '[ 4][t 0][2024-10-30 23:27:19.322000][transaction.cpp:1737]\tgas fees: 774800 = 26214400 * 1937 /2^16 ; price=26214400; flat rate=[40000 for 100]; remaining balance=999999998177276ng\n' +
            '[ 4][t 0][2024-10-30 23:27:19.322000][transaction.cpp:2448]\tstorage paid for a message: 2 cells, 282 bits\n' +
            '[ 4][t 0][2024-10-30 23:27:19.322000][transaction.cpp:2452]\tcomputed fwd fees = 592800 + 0\n',
          vmLogs: 'ULLSWAPIFNOT2\n' +
            'execute DUP\n' +
            'execute PUSHCONT x02D307D43001FB00\n' +
            'execute PUSHCONT x32\n' +
            'execute IFELSE\n' +
            'execute POP s2\n' +
            'execute implicit RET\n' +
            'execute SWAP\n' +
            'execute NOT\n' +
            'execute implicit RET\n' +
            'until loop body end\n' +
            'until loop terminated\n' +
            'execute 2DROP\n' +
            'execute implicit RET\n',
          debugLogs: '',
          events: [Array],
          parent: undefined,
          children: [Array],
          externals: []
        },
        children: [ [Object] ],
        externals: []
      },
      {
        address: 8298038735212017995993598744482915721429218553349686891340117237129977838804n,
        lt: 35000000n,
        prevTransactionHash: 26166128169182844235828657779565115780041579338845685112271650463492585897856n,
        prevTransactionLt: 22000000n,
        now: 1732922838,
        outMessagesCount: 1,
        oldStatus: 'active',
        endStatus: 'active',
        inMessage: {
          info: [Object],
          init: null,
          body: x{03DF94AA000000000000000022408F0D180000001937A400BF011A02FAF080000000C9BD2005F82_}
           x{}
        },
        outMessages: Dictionary { _key: [Object], _value: [Object], _map: [Map] },
        totalFees: { coins: 3697061n },
        stateUpdate: {
          oldHash: <Buffer f9 93 5e 4d b3 df 96 15 14 a7 a5 f2 a3 9a 38 0b 2e bf be 4b 35 f6 c5 0b b2 4d 1c 50 a0 82 e1 34>,
          newHash: <Buffer e9 87 94 b7 bf 07 d9 06 a0 c4 99 c7 bd 94 58 09 bf 34 ae 8d 8d cd 7f f5 da b4 1c 6c 38 4c a1 29>
        },
        description: {
          type: 'generic',
          creditFirst: false,
          storagePhase: [Object],
          creditPhase: [Object],
          computePhase: [Object],
          actionPhase: [Object],
          bouncePhase: undefined,
          aborted: false,
          destroyed: false
        },
        raw: x{7125886032725094E79C44C1AB9642FE1CBF1BF4D77DB25C345DDBE7A8C80BCD40000000002160EC039D980F372B5A274E9336AF2C109C8F0510FC643BF82044247C8933154CD3F8000000000014FB180674A4DD600034670D34A}
         x{E_}
          x{6800A4BAF36B13E3AE770F28659A34B2D81F38859E8C08CF776F2BB4B441804382710004962180C9C942539E711306AE590BF872FC6FD35DF6C970D1776F9EA3202F3510EA5359EC060C523200000000040D9902CE949BAC01EFCA550000000000000000112047868C0000000C9BD2005F808D017D784000000064DE9002FC1_}
           x{}
          x{DF_}
           x{680024B10C064E4A129CF388983572C85FC397E37E9AEFB64B868BBB7CF5190179A90014975E6D627C75CEE1E50CB346965B03E710B3D18119EEEDE57696883008704E10E948BFEC061479B600000000042C1D82CE949BACC_}
            x{935FA9D10000000000000000}
             x{00000000000000000000000000000000000000000000000000000000000000220000000000000000000000000000000000000000000000000000000008F0D18001937A400BF0}
             x{00000000000000000000000000000000000000000000000000000000000000230000000000000000000000000000000000000000000000000000000005F5E10001937A400BF0}
         x{72F9935E4DB3DF961514A7A5F2A39A380B2EBFBE4B35F6C50BB24D1C50A082E134E98794B7BF07D906A0C499C7BD945809BF34AE8D8DCD7FF5DAB41C6C384CA129}
         x{04260E383890EA5359ED866696811_}
          x{441A8C3D09000000000000000000D800000000000000000000000000000000000000000000000000000000000000000000000000000000000000000000000000000000000000000000000000000000}
          x{C987ADA04C1479940000000000020000000000020F67B6E0248B4CCBCE2E9DFEAC6B7AC52553A91A3EF66DC025C1C0034DE82C2C41103C0C_},
        hash: [Function: hash],
        blockchainLogs: '[ 4][t 0][2024-10-30 23:27:19.328000][transaction.cpp:443]\tunpacking account 125886032725094E79C44C1AB9642FE1CBF1BF4D77DB25C345DDBE7A8C80BCD4\n' +
          '[ 4][t 0][2024-10-30 23:27:19.328000][transaction.cpp:274]\tlast_paid=1730330838; cells=15 bits=4281 public_cells=0\n' +
          '[ 4][t 0][2024-10-30 23:27:19.328000][transaction.cpp:504]\tend of Account.unpack() for 0:125886032725094E79C44C1AB9642FE1CBF1BF4D77DB25C345DDBE7A8C80BCD4 (balance = 0ng ; last_trans_lt = 22000000..22000002)\n' +
          '[ 4][t 0][2024-10-30 23:27:19.328000][transaction.cpp:3655]\tblock random seed set to 0000000000000000000000000000000000000000000000000000000000000000\n' +
          '[ 4][t 0][2024-10-30 23:27:19.328000][transaction.cpp:1236]\tgas limits: max=1000000, limit=1000000, credit=0\n' +
          '[ 4][t 0][2024-10-30 23:27:19.328000][transaction.cpp:1575]\tin_msg_state is null\n' +
          '[ 4][t 0][2024-10-30 23:27:19.328000][transaction.cpp:1645]\tcreating VM\n' +
          '[ 4][t 0][2024-10-30 23:27:19.328000][transaction.cpp:1351]\tSmartContractInfo initialized with [ 124711402 0 0 1732922838 35000000 35000000 82439665744655549942718375299244058949366754266342087607225540301749132006686 [ 982832763 (null) ] CS{Cell{0267c00125886032725094e79c44c1ab9642fe1cbf1bf4d77db25c345ddbe7a8c80bcd421e842e43391606b000000000053ec6081340} bits: 1..268; refs: 0..0} C{A7EC01478F770EF8F8B037CC7E42F0ABF0D85A50E1828C2394DAD1411691F2DE} C{BF31B32BE5ACBAACCE8B48CCEB4C84B86023EA1F188E974030A4F420D26CF50F} [ 982832763 (null) ] 0 (null) [ CS{Cell{004dd06600000000000000000000000080000000000000fa00000000000001f4000000000003d09040} bits: 9..305; refs: 0..0} (null) CS{Cell{0094d1000000000000006400000000000f4240de000000002710000000000000000f42400000000002160ec0000000000000271000000000002625a00000000005f5e100000000003b9aca00} bits: 0..592; refs: 0..0} CS{Cell{0094d100000000000000640000000000009c40de000000000190000000000000000f424000000000000f4240000000000000271000000000009896800000000005f5e100000000003b9aca00} bits: 0..592; refs: 0..0} CS{Cell{0042ea000000000098968000000000271000000000000f424000000001800055555555} bits: 0..264; refs: 0..0} CS{Cell{0042ea0000000000061a800000000001900000000000009c4000000001800055555555} bits: 0..264; refs: 0..0} (null) ] 465948 (null) ]\n' +
          '[ 4][t 0][2024-10-30 23:27:19.328000][transaction.cpp:1675]\tstarting VM\n' +
          '[ 4][t 0][2024-10-30 23:27:19.328000][transaction.cpp:1680]\tVM terminated with exit code 0\n' +
          '[ 3][t 0][2024-10-30 23:27:19.328000][transaction.cpp:1702]\tsteps: 216 gas: used=8404, max=1000000, limit=1000000, credit=0\n' +
          '[ 3][t 0][2024-10-30 23:27:19.328000][transaction.cpp:1704]\tout_of_gas=false, accepted=true, success=true, time=0.000208s\n' +
          '[ 4][t 0][2024-10-30 23:27:19.328000][transaction.cpp:1737]\tgas fees: 3361600 = 26214400 * 8404 /2^16 ; price=26214400; flat rate=[40000 for 100]; remaining balance=979471163ng\n' +
          '[ 4][t 0][2024-10-30 23:27:19.328000][transaction.cpp:2448]\tstorage paid for a message: 3 cells, 1216 bits\n' +
          '[ 4][t 0][2024-10-30 23:27:19.328000][transaction.cpp:2452]\tcomputed fwd fees = 1006400 + 0\n',
        vmLogs: 'xecute PUSHINT -1\n' +
          'execute implicit RET\n' +
          'execute THROWIFNOT 130\n' +
          'execute NEWC\n' +
          'execute GETGLOB 3\n' +
          'execute SWAP\n' +
          'execute STREF\n' +
          'execute PUSHINT -1\n' +
          'execute SWAP\n' +
          'execute STI 1\n' +
          'execute SWAP\n' +
          'execute SWAP\n' +
          'execute STU 32\n' +
          'execute ENDC\n' +
          'execute POP c4\n' +
          'execute implicit RET\n',
        debugLogs: '',
        events: [ [Object] ],
        parent: {
          address: 37254810366437813475271750514734067285117962570475561289538093995582013161784n,
          lt: 34000000n,
          prevTransactionHash: 110970083769532688157009937886417015182018269635679629524351402084988200826458n,
          prevTransactionLt: 25000000n,
          now: 1732922838,
          outMessagesCount: 1,
          oldStatus: 'active',
          endStatus: 'active',
          inMessage: [Object],
          outMessages: [Dictionary],
          totalFees: [Object],
          stateUpdate: [Object],
          description: [Object],
          raw: x{7525D79B589F1D73B879432CD1A596C0F9C42CF460467BBB795DA5A20C021C138000000000206CC80F556D7749A3CCF4B09AED1EFF5181B4F20008A687DA9EE5A0BBCCC9779D6365A00000000017D7840674A4DD6000347FF94D8}
           x{E_}
            x{6801D3E5E1B0970E52ABD4EA639AED542E118FE33D2F03FE072737A6B74A8FDC2C690014975E6D627C75CEE1E50CB346965B03E710B3D18119EEEDE57696883008704E10EE6B2800060C0F880000000003EF1482CE949BAC74B137DD0000000000000000000000004_}
             x{03DF94AA22408F0D180000001937A400BF04_}
             x{03DF94AA23405F5E100000001937A400BF04_}
            x{DF_}
             x{6800A4BAF36B13E3AE770F28659A34B2D81F38859E8C08CF776F2BB4B441804382710004962180C9C942539E711306AE590BF872FC6FD35DF6C970D1776F9EA3202F3510EA5359EC060C523200000000040D9902CE949BACC_}
              x{03DF94AA000000000000000022408F0D180000001937A400BF011A02FAF080000000C9BD2005F82_}
               x{}
           x{721E93E2A169C22A39E2F65CD9A45D94D15DC8EE930654D91A23A7BA3A97D769912BA4ABE2E7C8C3BFD134A8F182B7F0A4965C1C391707AD0B20813D5B34F714D8}
           x{04DDDA39490EE6B2801870A9A011_}
            x{4AAA0C3D090000000000000000025500000000000000000000000000000000000000000000000000000000000000000000000000000000000000000000000000000000000000000000000000000000}
            x{C9849ED04C0C521C00000000000400020000000368AAB889EAA7695EBB5E2F5B5DB6D9EF04C4AA972647B36983922FEDFCD2A45640D01FDC_},
          hash: [Function: hash],
          blockchainLogs: '[ 4][t 0][2024-10-30 23:27:19.324000][transaction.cpp:443]\tunpacking account 525D79B589F1D73B879432CD1A596C0F9C42CF460467BBB795DA5A20C021C138\n' +
            '[ 4][t 0][2024-10-30 23:27:19.324000][transaction.cpp:274]\tlast_paid=1730330838; cells=229 bits=83363 public_cells=0\n' +
            '[ 4][t 0][2024-10-30 23:27:19.324000][transaction.cpp:504]\tend of Account.unpack() for 0:525D79B589F1D73B879432CD1A596C0F9C42CF460467BBB795DA5A20C021C138 (balance = 2100000000ng ; last_trans_lt = 25000000..25000006)\n' +
            '[ 4][t 0][2024-10-30 23:27:19.324000][transaction.cpp:3655]\tblock random seed set to 0000000000000000000000000000000000000000000000000000000000000000\n' +
            '[ 4][t 0][2024-10-30 23:27:19.324000][transaction.cpp:1236]\tgas limits: max=1000000, limit=1000000, credit=0\n' +
            '[ 4][t 0][2024-10-30 23:27:19.324000][transaction.cpp:1575]\tin_msg_state is null\n' +
            '[ 4][t 0][2024-10-30 23:27:19.324000][transaction.cpp:1645]\tcreating VM\n' +
            '[ 4][t 0][2024-10-30 23:27:19.324000][transaction.cpp:1351]\tSmartContractInfo initialized with [ 124711402 0 0 1732922838 34000000 34000000 14068792954309835536948273256715513127174070948738620016199408580766834334284 [ 3092174363 (null) ] CS{Cell{0271c00525d79b589f1d73b879432cd1a596c0f9c42cf460467bbb795da5a20c021c1383cac05168c3391606b00000000005f5e1191f4add401340} bits: 1..268; refs: 0..0} C{A7EC01478F770EF8F8B037CC7E42F0ABF0D85A50E1828C2394DAD1411691F2DE} C{42B6F0E46484EFC57B9508F6BA7EF42E7512023D5CB4ED5628DD1C7755D16E9D} [ 1000000000 (null) ] 7825637 (null) [ CS{Cell{004dd06600000000000000000000000080000000000000fa00000000000001f4000000000003d09040} bits: 9..305; refs: 0..0} (null) CS{Cell{0094d1000000000000006400000000000f4240de000000002710000000000000000f42400000000002160ec0000000000000271000000000002625a00000000005f5e100000000003b9aca00} bits: 0..592; refs: 0..0} CS{Cell{0094d100000000000000640000000000009c40de000000000190000000000000000f424000000000000f4240000000000000271000000000009896800000000005f5e100000000003b9aca00} bits: 0..592; refs: 0..0} CS{Cell{0042ea000000000098968000000000271000000000000f424000000001800055555555} bits: 0..264; refs: 0..0} CS{Cell{0042ea0000000000061a800000000001900000000000009c4000000001800055555555} bits: 0..264; refs: 0..0} (null) ] 0 (null) ]\n' +
            '[ 4][t 0][2024-10-30 23:27:19.324000][transaction.cpp:1675]\tstarting VM\n' +
            '[ 4][t 0][2024-10-30 23:27:19.325000][transaction.cpp:1680]\tVM terminated with exit code 0\n' +
            '[ 3][t 0][2024-10-30 23:27:19.325000][transaction.cpp:1702]\tsteps: 597 gas: used=21840, max=1000000, limit=1000000, credit=0\n' +
            '[ 3][t 0][2024-10-30 23:27:19.325000][transaction.cpp:1704]\tout_of_gas=false, accepted=true, success=true, time=0.000696s\n' +
            '[ 4][t 0][2024-10-30 23:27:19.325000][transaction.cpp:1737]\tgas fees: 8736000 = 26214400 * 21840 /2^16 ; price=26214400; flat rate=[40000 for 100]; remaining balance=3083438363ng\n' +
            '[ 3][t 0][2024-10-30 23:27:19.325000][transaction.cpp:2678]\tin try_action_reserve_currency(0)\n' +
            '[ 4][t 0][2024-10-30 23:27:19.325000][transaction.cpp:2684]\taction_reserve_currency: mode=0, reserve=2100000000ng, balance=3083438363ng, original balance=2092174363ng\n' +
            '[ 3][t 0][2024-10-30 23:27:19.325000][transaction.cpp:2729]\tchanged remaining balance to 983438363ng, reserved balance to 2100000000ng\n' +
            '[ 4][t 0][2024-10-30 23:27:19.325000][transaction.cpp:2448]\tstorage paid for a message: 2 cells, 314 bits\n' +
            '[ 4][t 0][2024-10-30 23:27:19.325000][transaction.cpp:2452]\tcomputed fwd fees = 605600 + 0\n',
          vmLogs: 'xecute EQUAL\n' +
            'execute THROWIF 137\n' +
            'execute PUSHPOW2 10\n' +
            'execute EQUAL\n' +
            'execute THROWIFNOT 136\n' +
            'execute STSLICER\n' +
            'execute ENDC\n' +
            'execute ROT\n' +
            'execute STREF\n' +
            'execute ENDC\n' +
            'execute SWAP\n' +
            'execute STREF\n' +
            'execute implicit RET\n' +
            'execute ENDC\n' +
            'execute POP c4\n' +
            'execute implicit RET\n',
          debugLogs: '',
          events: [Array],
          parent: [Object],
          children: [Array],
          externals: []
        },
        children: [ [Object] ],
        externals: []
      },
      {
        address: 37254810366437813475271750514734067285117962570475561289538093995582013161784n,
        lt: 36000000n,
        prevTransactionHash: 92506668869703079839326141459845277973591147461037925574678043380603609102930n,
        prevTransactionLt: 34000000n,
        now: 1732922838,
        outMessagesCount: 1,
        oldStatus: 'active',
        endStatus: 'active',
        inMessage: {
          info: [Object],
          init: null,
          body: x{935FA9D10000000000000000}
           x{00000000000000000000000000000000000000000000000000000000000000220000000000000000000000000000000000000000000000000000000008F0D18001937A400BF0}
           x{00000000000000000000000000000000000000000000000000000000000000230000000000000000000000000000000000000000000000000000000005F5E10001937A400BF0}
        },
        outMessages: Dictionary { _key: [Object], _value: [Object], _map: [Map] },
        totalFees: { coins: 12012664n },
        stateUpdate: {
          oldHash: <Buffer 2b a4 ab e2 e7 c8 c3 bf d1 34 a8 f1 82 b7 f0 a4 96 5c 1c 39 17 07 ad 0b 20 81 3d 5b 34 f7 14 d8>,
          newHash: <Buffer fc 5d a0 2f 85 55 3e a7 79 d0 01 fc bb 54 e0 ec 5f 4e 93 e4 dc c4 f3 8f a2 36 0b 33 c8 86 8a 89>
        },
        description: {
          type: 'generic',
          creditFirst: false,
          storagePhase: [Object],
          creditPhase: [Object],
          computePhase: [Object],
          actionPhase: [Object],
          bouncePhase: undefined,
          aborted: false,
          destroyed: false
        },
        raw: x{7525D79B589F1D73B879432CD1A596C0F9C42CF460467BBB795DA5A20C021C1380000000002255100CC84EB4B82D5A9E798BDE2C77ADF401B658FA850DFE724F460852353DEDB3A52000000000206CC80674A4DD60003476E98F0}
         x{E_}
          x{680024B10C064E4A129CF388983572C85FC397E37E9AEFB64B868BBB7CF5190179A90014975E6D627C75CEE1E50CB346965B03E710B3D18119EEEDE57696883008704E10E948BFEC061479B600000000042C1D82CE949BAC49AFD4E880000000000000004_}
           x{00000000000000000000000000000000000000000000000000000000000000220000000000000000000000000000000000000000000000000000000008F0D18001937A400BF0}
           x{00000000000000000000000000000000000000000000000000000000000000230000000000000000000000000000000000000000000000000000000005F5E10001937A400BF0}
          x{DF_}
           x{6800A4BAF36B13E3AE770F28659A34B2D81F38859E8C08CF776F2BB4B44180438271002E74930F029149EC08380972A5584C717AD4204A4455F097F5E5877CB40E86DA90E65816AC0609BBB000000000044AA202CE949BACC_}
            x{E601F8E50000000000000000}
         x{722BA4ABE2E7C8C3BFD134A8F182B7F0A4965C1C391707AD0B20813D5B34F714D8FC5DA02F85553EA779D001FCBB54E0EC5F4E93E4DCC4F38FA2360B33C8868A89}
         x{04090E948BFED8769BB211_}
          x{4E782C3D090000000000000000031700000000000000000000000000000000000000000000000000000000000000000000000000000000000000000000000000000000000000000000000000000000}
          x{C983A6604C09BBA000000000000400020000000388D0C29501CA01261A550F77F5936E7DB7CACEE37FC601F787453CB248E780324090190C_},
        hash: [Function: hash],
        blockchainLogs: '[ 4][t 0][2024-10-30 23:27:19.331000][transaction.cpp:443]\tunpacking account 525D79B589F1D73B879432CD1A596C0F9C42CF460467BBB795DA5A20C021C138\n' +
          '[ 4][t 0][2024-10-30 23:27:19.331000][transaction.cpp:274]\tlast_paid=1732922838; cells=232 bits=83682 public_cells=0\n' +
          '[ 4][t 0][2024-10-30 23:27:19.331000][transaction.cpp:504]\tend of Account.unpack() for 0:525D79B589F1D73B879432CD1A596C0F9C42CF460467BBB795DA5A20C021C138 (balance = 2100000000ng ; last_trans_lt = 34000000..34000002)\n' +
          '[ 4][t 0][2024-10-30 23:27:19.331000][transaction.cpp:3655]\tblock random seed set to 0000000000000000000000000000000000000000000000000000000000000000\n' +
          '[ 4][t 0][2024-10-30 23:27:19.331000][transaction.cpp:1236]\tgas limits: max=1000000, limit=1000000, credit=0\n' +
          '[ 4][t 0][2024-10-30 23:27:19.331000][transaction.cpp:1575]\tin_msg_state is null\n' +
          '[ 4][t 0][2024-10-30 23:27:19.331000][transaction.cpp:1645]\tcreating VM\n' +
          '[ 4][t 0][2024-10-30 23:27:19.331000][transaction.cpp:1351]\tSmartContractInfo initialized with [ 124711402 0 0 1732922838 36000000 36000000 14068792954309835536948273256715513127174070948738620016199408580766834334284 [ 3078464763 (null) ] CS{Cell{0271c00525d79b589f1d73b879432cd1a596c0f9c42cf460467bbb795da5a20c021c1383d0c051b8833a526eb000000000081b32091f4add401340} bits: 1..268; refs: 0..0} C{A7EC01478F770EF8F8B037CC7E42F0ABF0D85A50E1828C2394DAD1411691F2DE} C{42B6F0E46484EFC57B9508F6BA7EF42E7512023D5CB4ED5628DD1C7755D16E9D} [ 978464763 (null) ] 0 (null) [ CS{Cell{004dd06600000000000000000000000080000000000000fa00000000000001f4000000000003d09040} bits: 9..305; refs: 0..0} (null) CS{Cell{0094d1000000000000006400000000000f4240de000000002710000000000000000f42400000000002160ec0000000000000271000000000002625a00000000005f5e100000000003b9aca00} bits: 0..592; refs: 0..0} CS{Cell{0094d100000000000000640000000000009c40de000000000190000000000000000f424000000000000f4240000000000000271000000000009896800000000005f5e100000000003b9aca00} bits: 0..592; refs: 0..0} CS{Cell{0042ea000000000098968000000000271000000000000f424000000001800055555555} bits: 0..264; refs: 0..0} CS{Cell{0042ea0000000000061a800000000001900000000000009c4000000001800055555555} bits: 0..264; refs: 0..0} (null) ] 0 (null) ]\n' +
          '[ 4][t 0][2024-10-30 23:27:19.331000][transaction.cpp:1675]\tstarting VM\n' +
          '[ 4][t 0][2024-10-30 23:27:19.332000][transaction.cpp:1680]\tVM terminated with exit code 0\n' +
          '[ 3][t 0][2024-10-30 23:27:19.332000][transaction.cpp:1702]\tsteps: 791 gas: used=29633, max=1000000, limit=1000000, credit=0\n' +
          '[ 3][t 0][2024-10-30 23:27:19.332000][transaction.cpp:1704]\tout_of_gas=false, accepted=true, success=true, time=0.000891s\n' +
          '[ 4][t 0][2024-10-30 23:27:19.332000][transaction.cpp:1737]\tgas fees: 11853200 = 26214400 * 29633 /2^16 ; price=26214400; flat rate=[40000 for 100]; remaining balance=3066611563ng\n' +
          '[ 3][t 0][2024-10-30 23:27:19.332000][transaction.cpp:2678]\tin try_action_reserve_currency(0)\n' +
          '[ 4][t 0][2024-10-30 23:27:19.332000][transaction.cpp:2684]\taction_reserve_currency: mode=0, reserve=2100000000ng, balance=3066611563ng, original balance=2100000000ng\n' +
          '[ 3][t 0][2024-10-30 23:27:19.332000][transaction.cpp:2729]\tchanged remaining balance to 966611563ng, reserved balance to 2100000000ng\n' +
          '[ 4][t 0][2024-10-30 23:27:19.332000][transaction.cpp:2448]\tstorage paid for a message: 1 cells, 96 bits\n' +
          '[ 4][t 0][2024-10-30 23:27:19.332000][transaction.cpp:2452]\tcomputed fwd fees = 478400 + 0\n',
        vmLogs: 'xecute EQUAL\n' +
          'execute THROWIF 137\n' +
          'execute PUSHPOW2 10\n' +
          'execute EQUAL\n' +
          'execute THROWIFNOT 136\n' +
          'execute STSLICER\n' +
          'execute ENDC\n' +
          'execute ROT\n' +
          'execute STREF\n' +
          'execute ENDC\n' +
          'execute SWAP\n' +
          'execute STREF\n' +
          'execute implicit RET\n' +
          'execute ENDC\n' +
          'execute POP c4\n' +
          'execute implicit RET\n',
        debugLogs: '',
        events: [ [Object] ],
        parent: {
          address: 8298038735212017995993598744482915721429218553349686891340117237129977838804n,
          lt: 35000000n,
          prevTransactionHash: 26166128169182844235828657779565115780041579338845685112271650463492585897856n,
          prevTransactionLt: 22000000n,
          now: 1732922838,
          outMessagesCount: 1,
          oldStatus: 'active',
          endStatus: 'active',
          inMessage: [Object],
          outMessages: [Dictionary],
          totalFees: [Object],
          stateUpdate: [Object],
          description: [Object],
          raw: x{7125886032725094E79C44C1AB9642FE1CBF1BF4D77DB25C345DDBE7A8C80BCD40000000002160EC039D980F372B5A274E9336AF2C109C8F0510FC643BF82044247C8933154CD3F8000000000014FB180674A4DD600034670D34A}
           x{E_}
            x{6800A4BAF36B13E3AE770F28659A34B2D81F38859E8C08CF776F2BB4B441804382710004962180C9C942539E711306AE590BF872FC6FD35DF6C970D1776F9EA3202F3510EA5359EC060C523200000000040D9902CE949BAC01EFCA550000000000000000112047868C0000000C9BD2005F808D017D784000000064DE9002FC1_}
             x{}
            x{DF_}
             x{680024B10C064E4A129CF388983572C85FC397E37E9AEFB64B868BBB7CF5190179A90014975E6D627C75CEE1E50CB346965B03E710B3D18119EEEDE57696883008704E10E948BFEC061479B600000000042C1D82CE949BACC_}
              x{935FA9D10000000000000000}
               x{00000000000000000000000000000000000000000000000000000000000000220000000000000000000000000000000000000000000000000000000008F0D18001937A400BF0}
               x{00000000000000000000000000000000000000000000000000000000000000230000000000000000000000000000000000000000000000000000000005F5E10001937A400BF0}
           x{72F9935E4DB3DF961514A7A5F2A39A380B2EBFBE4B35F6C50BB24D1C50A082E134E98794B7BF07D906A0C499C7BD945809BF34AE8D8DCD7FF5DAB41C6C384CA129}
           x{04260E383890EA5359ED866696811_}
            x{441A8C3D09000000000000000000D800000000000000000000000000000000000000000000000000000000000000000000000000000000000000000000000000000000000000000000000000000000}
            x{C987ADA04C1479940000000000020000000000020F67B6E0248B4CCBCE2E9DFEAC6B7AC52553A91A3EF66DC025C1C0034DE82C2C41103C0C_},
          hash: [Function: hash],
          blockchainLogs: '[ 4][t 0][2024-10-30 23:27:19.328000][transaction.cpp:443]\tunpacking account 125886032725094E79C44C1AB9642FE1CBF1BF4D77DB25C345DDBE7A8C80BCD4\n' +
            '[ 4][t 0][2024-10-30 23:27:19.328000][transaction.cpp:274]\tlast_paid=1730330838; cells=15 bits=4281 public_cells=0\n' +
            '[ 4][t 0][2024-10-30 23:27:19.328000][transaction.cpp:504]\tend of Account.unpack() for 0:125886032725094E79C44C1AB9642FE1CBF1BF4D77DB25C345DDBE7A8C80BCD4 (balance = 0ng ; last_trans_lt = 22000000..22000002)\n' +
            '[ 4][t 0][2024-10-30 23:27:19.328000][transaction.cpp:3655]\tblock random seed set to 0000000000000000000000000000000000000000000000000000000000000000\n' +
            '[ 4][t 0][2024-10-30 23:27:19.328000][transaction.cpp:1236]\tgas limits: max=1000000, limit=1000000, credit=0\n' +
            '[ 4][t 0][2024-10-30 23:27:19.328000][transaction.cpp:1575]\tin_msg_state is null\n' +
            '[ 4][t 0][2024-10-30 23:27:19.328000][transaction.cpp:1645]\tcreating VM\n' +
            '[ 4][t 0][2024-10-30 23:27:19.328000][transaction.cpp:1351]\tSmartContractInfo initialized with [ 124711402 0 0 1732922838 35000000 35000000 82439665744655549942718375299244058949366754266342087607225540301749132006686 [ 982832763 (null) ] CS{Cell{0267c00125886032725094e79c44c1ab9642fe1cbf1bf4d77db25c345ddbe7a8c80bcd421e842e43391606b000000000053ec6081340} bits: 1..268; refs: 0..0} C{A7EC01478F770EF8F8B037CC7E42F0ABF0D85A50E1828C2394DAD1411691F2DE} C{BF31B32BE5ACBAACCE8B48CCEB4C84B86023EA1F188E974030A4F420D26CF50F} [ 982832763 (null) ] 0 (null) [ CS{Cell{004dd06600000000000000000000000080000000000000fa00000000000001f4000000000003d09040} bits: 9..305; refs: 0..0} (null) CS{Cell{0094d1000000000000006400000000000f4240de000000002710000000000000000f42400000000002160ec0000000000000271000000000002625a00000000005f5e100000000003b9aca00} bits: 0..592; refs: 0..0} CS{Cell{0094d100000000000000640000000000009c40de000000000190000000000000000f424000000000000f4240000000000000271000000000009896800000000005f5e100000000003b9aca00} bits: 0..592; refs: 0..0} CS{Cell{0042ea000000000098968000000000271000000000000f424000000001800055555555} bits: 0..264; refs: 0..0} CS{Cell{0042ea0000000000061a800000000001900000000000009c4000000001800055555555} bits: 0..264; refs: 0..0} (null) ] 465948 (null) ]\n' +
            '[ 4][t 0][2024-10-30 23:27:19.328000][transaction.cpp:1675]\tstarting VM\n' +
            '[ 4][t 0][2024-10-30 23:27:19.328000][transaction.cpp:1680]\tVM terminated with exit code 0\n' +
            '[ 3][t 0][2024-10-30 23:27:19.328000][transaction.cpp:1702]\tsteps: 216 gas: used=8404, max=1000000, limit=1000000, credit=0\n' +
            '[ 3][t 0][2024-10-30 23:27:19.328000][transaction.cpp:1704]\tout_of_gas=false, accepted=true, success=true, time=0.000208s\n' +
            '[ 4][t 0][2024-10-30 23:27:19.328000][transaction.cpp:1737]\tgas fees: 3361600 = 26214400 * 8404 /2^16 ; price=26214400; flat rate=[40000 for 100]; remaining balance=979471163ng\n' +
            '[ 4][t 0][2024-10-30 23:27:19.328000][transaction.cpp:2448]\tstorage paid for a message: 3 cells, 1216 bits\n' +
            '[ 4][t 0][2024-10-30 23:27:19.328000][transaction.cpp:2452]\tcomputed fwd fees = 1006400 + 0\n',
          vmLogs: 'xecute PUSHINT -1\n' +
            'execute implicit RET\n' +
            'execute THROWIFNOT 130\n' +
            'execute NEWC\n' +
            'execute GETGLOB 3\n' +
            'execute SWAP\n' +
            'execute STREF\n' +
            'execute PUSHINT -1\n' +
            'execute SWAP\n' +
            'execute STI 1\n' +
            'execute SWAP\n' +
            'execute SWAP\n' +
            'execute STU 32\n' +
            'execute ENDC\n' +
            'execute POP c4\n' +
            'execute implicit RET\n',
          debugLogs: '',
          events: [Array],
          parent: [Object],
          children: [Array],
          externals: []
        },
        children: [ [Object] ],
        externals: []
      },
      {
        address: 84049441022908470316622795825605090351520748406577698494615284512509455375210n,
        lt: 37000000n,
        prevTransactionHash: 85702263048028144343864452429252137028094627075488363642886587429723249313648n,
        prevTransactionLt: 29000000n,
        now: 1732922838,
        outMessagesCount: 1,
        oldStatus: 'active',
        endStatus: 'active',
        inMessage: { info: [Object], init: null, body: x{E601F8E50000000000000000} },
        outMessages: Dictionary { _key: [Object], _value: [Object], _map: [Map] },
        totalFees: { coins: 4689161n },
        stateUpdate: {
          oldHash: <Buffer da cd 74 c1 5f 2c a1 40 8a 62 c2 a0 14 84 ad d0 ef 38 a4 5b b4 4c 59 2c 6f 4f ae c4 b9 30 b6 e2>,
          newHash: <Buffer 76 1b f7 df 65 1a 9a 98 ce 1e f6 e8 92 c6 ea c0 b5 b1 cc 02 a2 54 02 ad 33 3b 2f 73 76 30 7c 11>
        },
        description: {
          type: 'generic',
          creditFirst: false,
          storagePhase: [Object],
          creditPhase: [Object],
          computePhase: [Object],
          actionPhase: [Object],
          bouncePhase: undefined,
          aborted: false,
          destroyed: false
        },
        raw: x{7B9D24C3C0A4527B020E025CA956131C5EB5081291157C25FD7961DF2D03A1B6A0000000002349340BD79C30C417A58022DD4AE8BC6A0E139964B66E82279312643412C427D2007700000000001BA8140674A4DD60003468F1A12}
         x{E_}
          x{6800A4BAF36B13E3AE770F28659A34B2D81F38859E8C08CF776F2BB4B44180438271002E74930F029149EC08380972A5584C717AD4204A4455F097F5E5877CB40E86DA90E65816AC0609BBB000000000044AA202CE949BAC7300FC7280000000000000004_}
          x{DF_}
           x{680173A49878148A4F6041C04B952AC2638BD6A1025222AF84BFAF2C3BE5A07436D50014975E6D627C75CEE1E50CB346965B03E710B3D18119EEEDE57696883008704E10E51839CC0610D45E0000000004692682CE949BACC_}
            x{B687AB17000000000000000000000000}
             x{02202FAF080202FAF08021DCD65001CC4B4021DCD65003391606B3397F7EB3391606B33A526EB00000000800000004_}
              x{801028CD38D6A9FB165BB1D27554DCBBC8B7A064E07EF4C3832956828113614F545_}
         x{72DACD74C15F2CA1408A62C2A01484ADD0EF38A45BB44C592C6F4FAEC4B930B6E2761BF7DF651A9A98CE1EF6E892C6EAC0B5B1CC02A25402AD333B2F7376307C11}
         x{04C32FDA090E65816AD866D31211_}
          x{445E2C3D09000000000000000000FE00000000000000000000000000000000000000000000000000000000000000000000000000000000000000000000000000000000000000000000000000000000}
          x{C9864FA04C10D4440000000000040002000000029FCBACF5DB5CBFBC30DF629FF6939F4299DA34BD1B755F33708C6F7C7EF4459841102E0C_},
        hash: [Function: hash],
        blockchainLogs: '[ 4][t 0][2024-10-30 23:27:19.334000][transaction.cpp:443]\tunpacking account B9D24C3C0A4527B020E025CA956131C5EB5081291157C25FD7961DF2D03A1B6A\n' +
          '[ 4][t 0][2024-10-30 23:27:19.334000][transaction.cpp:274]\tlast_paid=1730330838; cells=28 bits=7123 public_cells=0\n' +
          '[ 4][t 0][2024-10-30 23:27:19.334000][transaction.cpp:504]\tend of Account.unpack() for 0:B9D24C3C0A4527B020E025CA956131C5EB5081291157C25FD7961DF2D03A1B6A (balance = 10000000ng ; last_trans_lt = 29000000..29000002)\n' +
          '[ 4][t 0][2024-10-30 23:27:19.334000][transaction.cpp:3655]\tblock random seed set to 0000000000000000000000000000000000000000000000000000000000000000\n' +
          '[ 4][t 0][2024-10-30 23:27:19.334000][transaction.cpp:1236]\tgas limits: max=1000000, limit=1000000, credit=0\n' +
          '[ 4][t 0][2024-10-30 23:27:19.335000][transaction.cpp:1575]\tin_msg_state is null\n' +
          '[ 4][t 0][2024-10-30 23:27:19.335000][transaction.cpp:1645]\tcreating VM\n' +
          '[ 4][t 0][2024-10-30 23:27:19.335000][transaction.cpp:1351]\tSmartContractInfo initialized with [ 124711402 0 0 1732922838 37000000 37000000 84630195367514639409622924175749312199831056191303332875639359062248049886761 [ 975297731 (null) ] CS{Cell{026dc00b9d24c3c0a4527b020e025ca956131c5eb5081291157c25fd7961df2d03a1b6a23886f4c3391606b00000000006ea0508e625a01340} bits: 1..268; refs: 0..0} C{A7EC01478F770EF8F8B037CC7E42F0ABF0D85A50E1828C2394DAD1411691F2DE} C{F2179DCD5CFD8A1E113288591FFB7A5E10E107D0D2C36DF69E40398023DAA7B1} [ 966133163 (null) ] 835432 (null) [ CS{Cell{004dd06600000000000000000000000080000000000000fa00000000000001f4000000000003d09040} bits: 9..305; refs: 0..0} (null) CS{Cell{0094d1000000000000006400000000000f4240de000000002710000000000000000f42400000000002160ec0000000000000271000000000002625a00000000005f5e100000000003b9aca00} bits: 0..592; refs: 0..0} CS{Cell{0094d100000000000000640000000000009c40de000000000190000000000000000f424000000000000f4240000000000000271000000000009896800000000005f5e100000000003b9aca00} bits: 0..592; refs: 0..0} CS{Cell{0042ea000000000098968000000000271000000000000f424000000001800055555555} bits: 0..264; refs: 0..0} CS{Cell{0042ea0000000000061a800000000001900000000000009c4000000001800055555555} bits: 0..264; refs: 0..0} (null) ] 0 (null) ]\n' +
          '[ 4][t 0][2024-10-30 23:27:19.335000][transaction.cpp:1675]\tstarting VM\n' +
          '[ 4][t 0][2024-10-30 23:27:19.335000][transaction.cpp:1680]\tVM terminated with exit code 0\n' +
          '[ 3][t 0][2024-10-30 23:27:19.335000][transaction.cpp:1702]\tsteps: 254 gas: used=8945, max=1000000, limit=1000000, credit=0\n' +
          '[ 3][t 0][2024-10-30 23:27:19.335000][transaction.cpp:1704]\tout_of_gas=false, accepted=true, success=true, time=0.000252s\n' +
          '[ 4][t 0][2024-10-30 23:27:19.335000][transaction.cpp:1737]\tgas fees: 3578000 = 26214400 * 8945 /2^16 ; price=26214400; flat rate=[40000 for 100]; remaining balance=971719731ng\n' +
          '[ 3][t 0][2024-10-30 23:27:19.335000][transaction.cpp:2678]\tin try_action_reserve_currency(0)\n' +
          '[ 4][t 0][2024-10-30 23:27:19.335000][transaction.cpp:2684]\taction_reserve_currency: mode=0, reserve=10000000ng, balance=971719731ng, original balance=9164568ng\n' +
          '[ 3][t 0][2024-10-30 23:27:19.335000][transaction.cpp:2729]\tchanged remaining balance to 961719731ng, reserved balance to 10000000ng\n' +
          '[ 4][t 0][2024-10-30 23:27:19.335000][transaction.cpp:2448]\tstorage paid for a message: 3 cells, 768 bits\n' +
          '[ 4][t 0][2024-10-30 23:27:19.335000][transaction.cpp:2452]\tcomputed fwd fees = 827200 + 0\n',
        vmLogs: 'ecute STSLICER\n' +
          'execute OVER\n' +
          'execute ISNULL\n' +
          'execute NOT\n' +
          'execute PUSHCONT x7F01CA00CC\n' +
          'execute PUSHCONT x7032CA00\n' +
          'execute IFELSE\n' +
          'execute PUSHINT -1\n' +
          'execute SWAP\n' +
          'execute STI 1\n' +
          'execute STREF\n' +
          'execute implicit RET\n' +
          'execute ENDC\n' +
          'execute POP c4\n' +
          'execute implicit RET\n',
        debugLogs: '',
        events: [ [Object] ],
        parent: {
          address: 37254810366437813475271750514734067285117962570475561289538093995582013161784n,
          lt: 36000000n,
          prevTransactionHash: 92506668869703079839326141459845277973591147461037925574678043380603609102930n,
          prevTransactionLt: 34000000n,
          now: 1732922838,
          outMessagesCount: 1,
          oldStatus: 'active',
          endStatus: 'active',
          inMessage: [Object],
          outMessages: [Dictionary],
          totalFees: [Object],
          stateUpdate: [Object],
          description: [Object],
          raw: x{7525D79B589F1D73B879432CD1A596C0F9C42CF460467BBB795DA5A20C021C1380000000002255100CC84EB4B82D5A9E798BDE2C77ADF401B658FA850DFE724F460852353DEDB3A52000000000206CC80674A4DD60003476E98F0}
           x{E_}
            x{680024B10C064E4A129CF388983572C85FC397E37E9AEFB64B868BBB7CF5190179A90014975E6D627C75CEE1E50CB346965B03E710B3D18119EEEDE57696883008704E10E948BFEC061479B600000000042C1D82CE949BAC49AFD4E880000000000000004_}
             x{00000000000000000000000000000000000000000000000000000000000000220000000000000000000000000000000000000000000000000000000008F0D18001937A400BF0}
             x{00000000000000000000000000000000000000000000000000000000000000230000000000000000000000000000000000000000000000000000000005F5E10001937A400BF0}
            x{DF_}
             x{6800A4BAF36B13E3AE770F28659A34B2D81F38859E8C08CF776F2BB4B44180438271002E74930F029149EC08380972A5584C717AD4204A4455F097F5E5877CB40E86DA90E65816AC0609BBB000000000044AA202CE949BACC_}
              x{E601F8E50000000000000000}
           x{722BA4ABE2E7C8C3BFD134A8F182B7F0A4965C1C391707AD0B20813D5B34F714D8FC5DA02F85553EA779D001FCBB54E0EC5F4E93E4DCC4F38FA2360B33C8868A89}
           x{04090E948BFED8769BB211_}
            x{4E782C3D090000000000000000031700000000000000000000000000000000000000000000000000000000000000000000000000000000000000000000000000000000000000000000000000000000}
            x{C983A6604C09BBA000000000000400020000000388D0C29501CA01261A550F77F5936E7DB7CACEE37FC601F787453CB248E780324090190C_},
          hash: [Function: hash],
          blockchainLogs: '[ 4][t 0][2024-10-30 23:27:19.331000][transaction.cpp:443]\tunpacking account 525D79B589F1D73B879432CD1A596C0F9C42CF460467BBB795DA5A20C021C138\n' +
            '[ 4][t 0][2024-10-30 23:27:19.331000][transaction.cpp:274]\tlast_paid=1732922838; cells=232 bits=83682 public_cells=0\n' +
            '[ 4][t 0][2024-10-30 23:27:19.331000][transaction.cpp:504]\tend of Account.unpack() for 0:525D79B589F1D73B879432CD1A596C0F9C42CF460467BBB795DA5A20C021C138 (balance = 2100000000ng ; last_trans_lt = 34000000..34000002)\n' +
            '[ 4][t 0][2024-10-30 23:27:19.331000][transaction.cpp:3655]\tblock random seed set to 0000000000000000000000000000000000000000000000000000000000000000\n' +
            '[ 4][t 0][2024-10-30 23:27:19.331000][transaction.cpp:1236]\tgas limits: max=1000000, limit=1000000, credit=0\n' +
            '[ 4][t 0][2024-10-30 23:27:19.331000][transaction.cpp:1575]\tin_msg_state is null\n' +
            '[ 4][t 0][2024-10-30 23:27:19.331000][transaction.cpp:1645]\tcreating VM\n' +
            '[ 4][t 0][2024-10-30 23:27:19.331000][transaction.cpp:1351]\tSmartContractInfo initialized with [ 124711402 0 0 1732922838 36000000 36000000 14068792954309835536948273256715513127174070948738620016199408580766834334284 [ 3078464763 (null) ] CS{Cell{0271c00525d79b589f1d73b879432cd1a596c0f9c42cf460467bbb795da5a20c021c1383d0c051b8833a526eb000000000081b32091f4add401340} bits: 1..268; refs: 0..0} C{A7EC01478F770EF8F8B037CC7E42F0ABF0D85A50E1828C2394DAD1411691F2DE} C{42B6F0E46484EFC57B9508F6BA7EF42E7512023D5CB4ED5628DD1C7755D16E9D} [ 978464763 (null) ] 0 (null) [ CS{Cell{004dd06600000000000000000000000080000000000000fa00000000000001f4000000000003d09040} bits: 9..305; refs: 0..0} (null) CS{Cell{0094d1000000000000006400000000000f4240de000000002710000000000000000f42400000000002160ec0000000000000271000000000002625a00000000005f5e100000000003b9aca00} bits: 0..592; refs: 0..0} CS{Cell{0094d100000000000000640000000000009c40de000000000190000000000000000f424000000000000f4240000000000000271000000000009896800000000005f5e100000000003b9aca00} bits: 0..592; refs: 0..0} CS{Cell{0042ea000000000098968000000000271000000000000f424000000001800055555555} bits: 0..264; refs: 0..0} CS{Cell{0042ea0000000000061a800000000001900000000000009c4000000001800055555555} bits: 0..264; refs: 0..0} (null) ] 0 (null) ]\n' +
            '[ 4][t 0][2024-10-30 23:27:19.331000][transaction.cpp:1675]\tstarting VM\n' +
            '[ 4][t 0][2024-10-30 23:27:19.332000][transaction.cpp:1680]\tVM terminated with exit code 0\n' +
            '[ 3][t 0][2024-10-30 23:27:19.332000][transaction.cpp:1702]\tsteps: 791 gas: used=29633, max=1000000, limit=1000000, credit=0\n' +
            '[ 3][t 0][2024-10-30 23:27:19.332000][transaction.cpp:1704]\tout_of_gas=false, accepted=true, success=true, time=0.000891s\n' +
            '[ 4][t 0][2024-10-30 23:27:19.332000][transaction.cpp:1737]\tgas fees: 11853200 = 26214400 * 29633 /2^16 ; price=26214400; flat rate=[40000 for 100]; remaining balance=3066611563ng\n' +
            '[ 3][t 0][2024-10-30 23:27:19.332000][transaction.cpp:2678]\tin try_action_reserve_currency(0)\n' +
            '[ 4][t 0][2024-10-30 23:27:19.332000][transaction.cpp:2684]\taction_reserve_currency: mode=0, reserve=2100000000ng, balance=3066611563ng, original balance=2100000000ng\n' +
            '[ 3][t 0][2024-10-30 23:27:19.332000][transaction.cpp:2729]\tchanged remaining balance to 966611563ng, reserved balance to 2100000000ng\n' +
            '[ 4][t 0][2024-10-30 23:27:19.332000][transaction.cpp:2448]\tstorage paid for a message: 1 cells, 96 bits\n' +
            '[ 4][t 0][2024-10-30 23:27:19.332000][transaction.cpp:2452]\tcomputed fwd fees = 478400 + 0\n',
          vmLogs: 'xecute EQUAL\n' +
            'execute THROWIF 137\n' +
            'execute PUSHPOW2 10\n' +
            'execute EQUAL\n' +
            'execute THROWIFNOT 136\n' +
            'execute STSLICER\n' +
            'execute ENDC\n' +
            'execute ROT\n' +
            'execute STREF\n' +
            'execute ENDC\n' +
            'execute SWAP\n' +
            'execute STREF\n' +
            'execute implicit RET\n' +
            'execute ENDC\n' +
            'execute POP c4\n' +
            'execute implicit RET\n',
          debugLogs: '',
          events: [Array],
          parent: [Object],
          children: [Array],
          externals: []
        },
        children: [ [Object] ],
        externals: []
      },
      {
        address: 37254810366437813475271750514734067285117962570475561289538093995582013161784n,
        lt: 38000000n,
        prevTransactionHash: 29992760460001401141302406108917334695201254910612896337084780795803414936545n,
        prevTransactionLt: 36000000n,
        now: 1732922838,
        outMessagesCount: 4,
        oldStatus: 'active',
        endStatus: 'active',
        inMessage: {
          info: [Object],
          init: null,
          body: x{B687AB17000000000000000000000000}
           x{02202FAF080202FAF08021DCD65001CC4B4021DCD65003391606B3397F7EB3391606B33A526EB00000000800000004_}
            x{801028CD38D6A9FB165BB1D27554DCBBC8B7A064E07EF4C3832956828113614F545_}
        },
        outMessages: Dictionary { _key: [Object], _value: [Object], _map: [Map] },
        totalFees: { coins: 31153972n },
        stateUpdate: {
          oldHash: <Buffer fc 5d a0 2f 85 55 3e a7 79 d0 01 fc bb 54 e0 ec 5f 4e 93 e4 dc c4 f3 8f a2 36 0b 33 c8 86 8a 89>,
          newHash: <Buffer ff 4c dd 26 e4 b9 20 ed 5d 47 60 71 0c 53 e1 25 68 91 7b 42 b7 c7 07 22 84 67 a6 3b dd 77 39 64>
        },
        description: {
          type: 'generic',
          creditFirst: false,
          storagePhase: [Object],
          creditPhase: [Object],
          computePhase: [Object],
          actionPhase: [Object],
          bouncePhase: undefined,
          aborted: false,
          destroyed: false
        },
        raw: x{7525D79B589F1D73B879432CD1A596C0F9C42CF460467BBB795DA5A20C021C138000000000243D580424F4D03BE4A045E6B1C2D6B98BE5D3E536073CCA6C31A893F75D30C1619BBE10000000002255100674A4DD600094803B6BE68}
         x{E_}
          x{680173A49878148A4F6041C04B952AC2638BD6A1025222AF84BFAF2C3BE5A07436D50014975E6D627C75CEE1E50CB346965B03E710B3D18119EEEDE57696883008704E10E51839CC0610D45E0000000004692682CE949BAC5B43D58B8000000000000000000000004_}
           x{02202FAF080202FAF08021DCD65001CC4B4021DCD65003391606B3397F7EB3391606B33A526EB00000000800000004_}
            x{801028CD38D6A9FB165BB1D27554DCBBC8B7A064E07EF4C3832956828113614F545_}
          x{DB_}
           x{2_}
            x{2_}
             x{6800A4BAF36B13E3AE770F28659A34B2D81F38859E8C08CF776F2BB4B44180438271001F33C9E03834F86C2DA0166D0212C129A321D08D5D171B4080758BCF48863C4D90101931000609BBB0000000000487AB02CE949BACC_}
              x{BC26F4C80000000000000000}
            x{2_}
             x{6800A4BAF36B13E3AE770F28659A34B2D81F38859E8C08CF776F2BB4B4418043827100384BA6D6A6B7DF2422C44C909493A07C03CA0A1FF860A7ED8531810050149DDF10101931000609BBB0000000000487AB04CE949BACC_}
              x{BC26F4C80000000000000001}
           x{2_}
            x{2_}
             x{E00292EBCDAC4F8EB9DC3CA19668D2CB607CE2167A30233DDDBCAED2D106010E09C0000000000487AB06CE949BACC_}
              x{8B6D3812000000000000000000000000801028CD38D6A9FB165BB1D27554DCBBC8B7A064E07EF4C3832956828113614F544877359401_}
            x{2_}
             x{4800A4BAF36B13E3AE770F28659A34B2D81F38859E8C08CF776F2BB4B44180438271002E74930F029149EC08380972A5584C717AD4204A4455F097F5E5877CB40E86DA90BCA3A88C0656E1D8000000000487AB08CE949BADE_}
              x{34_}
               x{FF00F4A413F4BCF2C80B}
                x{62_}
                 x{D001D0D3030171B0A301FA400120D74981010BBAF2E08820D70B0A208104FFBAF2D0898309BAF2E088545053036F04F86102F862DB3C5512DB3CF2E082}
                  x{ED44D0D401F863D200018E2FD31FFA400120D74981010BBAF2E08820D70B0A208104FFBAF2D0898309BAF2E08801D2000191D4926D01E255206C13E0F828D70B0A8309BAF2E089810101D700FA400120D74981010BBAF2E08820D70B0A208104FFBAF2D0898309BAF2E0881202D101DB3C}
                   x{6D}
                  x{0192307FE07021D749C21F953020D70B1FDE208210AFE93535BA8F5130D31F018210AFE93535BAF2E081D33FFA400120D74981010BBAF2E08820D70B0A208104FFBAF2D0898309BAF2E08801D455206C1332820898968070FB024434DB3C30037083067055206D6D6DDB3C597FE0208210B8A3AA14BAE302}
                   x{F8425220C705F2E084}
                   x{C87101CA01500701CA007001CA02500520D74981010BBAF2E08820D70B0A208104FFBAF2D0898309BAF2E088CF165003FA027001CA68236EB3917F93246EB3E2973333017001CA00E30D216EB39C7F01CA0001206EF2D08001CC95317001CA00E2C901FB00}
                    x{7F01CA00C87001CA007001CA00246EB39D7F01CA0004206EF2D0805004CC9634037001CA00E2246EB39D7F01CA0004206EF2D0805004CC9634037001CA00E27001CA00027F01CA0002C958CC}
                   x{30D31F018210B8A3AA14BAF2E081D33FFA400120D74981010BBAF2E08820D70B0A208104FFBAF2D0898309BAF2E088126C12317020FB025520DB3C03708100A07055206D6D6DDB3C587F}
                    x{F8425220C705F2E084}
                    x{C87101CA01500701CA007001CA02500520D74981010BBAF2E08820D70B0A208104FFBAF2D0898309BAF2E088CF165003FA027001CA68236EB3917F93246EB3E2973333017001CA00E30D216EB39C7F01CA0001206EF2D08001CC95317001CA00E2C901FB00}
                     x{7F01CA00C87001CA007001CA00246EB39D7F01CA0004206EF2D0805004CC9634037001CA00E2246EB39D7F01CA0004206EF2D0805004CC9634037001CA00E27001CA00027F01CA0002C958CC}
                   x{8210E601F8E5BA8ECED31F018210E601F8E5BAF2E081D33F0131820898968070FB02F8416F2410235F037083067F25206EF2D080542580C855208210B687AB175004CB1F12CB3FCB1FCCC9103441301443306D6DDB3C7FE03070}
                    x{C87101CA01500701CA007001CA02500520D74981010BBAF2E08820D70B0A208104FFBAF2D0898309BAF2E088CF165003FA027001CA68236EB3917F93246EB3E2973333017001CA00E30D216EB39C7F01CA0001206EF2D08001CC95317001CA00E2C901FB00}
                     x{7F01CA00C87001CA007001CA00246EB39D7F01CA0004206EF2D0805004CC9634037001CA00E2246EB39D7F01CA0004206EF2D0805004CC9634037001CA00E27001CA00027F01CA0002C958CC}
                  x{C8F84301CC7F01CA0055205023CB1F0120D74981010BBAF2E08820D70B0A208104FFBAF2D0898309BAF2E088CF16216EB3957F01CA00CC947032CA00E2C9ED54}
                 x{2_}
                  x{BE28EED9E6D9E3618C_}
                   x{ED44D0D401F863D200018E2FD31FFA400120D74981010BBAF2E08820D70B0A208104FFBAF2D0898309BAF2E08801D2000191D4926D01E255206C13E0F828D70B0A8309BAF2E089810101D700FA400120D74981010BBAF2E08820D70B0A208104FFBAF2D0898309BAF2E0881202D101DB3C}
                    x{6D}
                   x{21}
                  x{2_}
                   x{4}
                    x{B1D8B6CF36CF1B0C6_}
                     x{ED44D0D401F863D200018E2FD31FFA400120D74981010BBAF2E08820D70B0A208104FFBAF2D0898309BAF2E08801D2000191D4926D01E255206C13E0F828D70B0A8309BAF2E089810101D700FA400120D74981010BBAF2E08820D70B0A208104FFBAF2D0898309BAF2E0881202D101DB3C}
                      x{6D}
                     x{20}
                    x{B36436CF36CF1B0C6_}
                     x{ED44D0D401F863D200018E2FD31FFA400120D74981010BBAF2E08820D70B0A208104FFBAF2D0898309BAF2E08801D2000191D4926D01E255206C13E0F828D70B0A8309BAF2E089810101D700FA400120D74981010BBAF2E08820D70B0A208104FFBAF2D0898309BAF2E0881202D101DB3C}
                      x{6D}
                     x{22}
                   x{B82BEED44D0D20001}
               x{0000000000000000000000000000000000000000000000000000000000000000200292EBCDAC4F8EB9DC3CA19668D2CB607CE2167A30233DDDBCAED2D106010E09C4_}
                x{C_}
                 x{A0838F_}
                  x{FF00F4A413F4BCF2C80B}
                   x{62_}
                    x{D001D0D3030171B0A301FA400120D74981010BBAF2E08820D70B0A208104FFBAF2D0898309BAF2E088545053036F04F86102F862DB3C5512DB3CF2E082}
                     x{ED44D0D401F863D200018E2FD31FFA400120D74981010BBAF2E08820D70B0A208104FFBAF2D0898309BAF2E08801D2000191D4926D01E255206C13E0F828D70B0A8309BAF2E089810101D700FA400120D74981010BBAF2E08820D70B0A208104FFBAF2D0898309BAF2E0881202D101DB3C}
                      x{6D}
                     x{0192307FE07021D749C21F953020D70B1FDE208210AFE93535BA8F5130D31F018210AFE93535BAF2E081D33FFA400120D74981010BBAF2E08820D70B0A208104FFBAF2D0898309BAF2E08801D455206C1332820898968070FB024434DB3C30037083067055206D6D6DDB3C597FE0208210B8A3AA14BAE302}
                      x{F8425220C705F2E084}
                      x{C87101CA01500701CA007001CA02500520D74981010BBAF2E08820D70B0A208104FFBAF2D0898309BAF2E088CF165003FA027001CA68236EB3917F93246EB3E2973333017001CA00E30D216EB39C7F01CA0001206EF2D08001CC95317001CA00E2C901FB00}
                       x{7F01CA00C87001CA007001CA00246EB39D7F01CA0004206EF2D0805004CC9634037001CA00E2246EB39D7F01CA0004206EF2D0805004CC9634037001CA00E27001CA00027F01CA0002C958CC}
                      x{30D31F018210B8A3AA14BAF2E081D33FFA400120D74981010BBAF2E08820D70B0A208104FFBAF2D0898309BAF2E088126C12317020FB025520DB3C03708100A07055206D6D6DDB3C587F}
                       x{F8425220C705F2E084}
                       x{C87101CA01500701CA007001CA02500520D74981010BBAF2E08820D70B0A208104FFBAF2D0898309BAF2E088CF165003FA027001CA68236EB3917F93246EB3E2973333017001CA00E30D216EB39C7F01CA0001206EF2D08001CC95317001CA00E2C901FB00}
                        x{7F01CA00C87001CA007001CA00246EB39D7F01CA0004206EF2D0805004CC9634037001CA00E2246EB39D7F01CA0004206EF2D0805004CC9634037001CA00E27001CA00027F01CA0002C958CC}
                      x{8210E601F8E5BA8ECED31F018210E601F8E5BAF2E081D33F0131820898968070FB02F8416F2410235F037083067F25206EF2D080542580C855208210B687AB175004CB1F12CB3FCB1FCCC9103441301443306D6DDB3C7FE03070}
                       x{C87101CA01500701CA007001CA02500520D74981010BBAF2E08820D70B0A208104FFBAF2D0898309BAF2E088CF165003FA027001CA68236EB3917F93246EB3E2973333017001CA00E30D216EB39C7F01CA0001206EF2D08001CC95317001CA00E2C901FB00}
                        x{7F01CA00C87001CA007001CA00246EB39D7F01CA0004206EF2D0805004CC9634037001CA00E2246EB39D7F01CA0004206EF2D0805004CC9634037001CA00E27001CA00027F01CA0002C958CC}
                     x{C8F84301CC7F01CA0055205023CB1F0120D74981010BBAF2E08820D70B0A208104FFBAF2D0898309BAF2E088CF16216EB3957F01CA00CC947032CA00E2C9ED54}
                    x{2_}
                     x{BE28EED9E6D9E3618C_}
                      x{ED44D0D401F863D200018E2FD31FFA400120D74981010BBAF2E08820D70B0A208104FFBAF2D0898309BAF2E08801D2000191D4926D01E255206C13E0F828D70B0A8309BAF2E089810101D700FA400120D74981010BBAF2E08820D70B0A208104FFBAF2D0898309BAF2E0881202D101DB3C}
                       x{6D}
                      x{21}
                     x{2_}
                      x{4}
                       x{B1D8B6CF36CF1B0C6_}
                        x{ED44D0D401F863D200018E2FD31FFA400120D74981010BBAF2E08820D70B0A208104FFBAF2D0898309BAF2E08801D2000191D4926D01E255206C13E0F828D70B0A8309BAF2E089810101D700FA400120D74981010BBAF2E08820D70B0A208104FFBAF2D0898309BAF2E0881202D101DB3C}
                         x{6D}
                        x{20}
                       x{B36436CF36CF1B0C6_}
                        x{ED44D0D401F863D200018E2FD31FFA400120D74981010BBAF2E08820D70B0A208104FFBAF2D0898309BAF2E08801D2000191D4926D01E255206C13E0F828D70B0A8309BAF2E089810101D700FA400120D74981010BBAF2E08820D70B0A208104FFBAF2D0898309BAF2E0881202D101DB3C}
                         x{6D}
                        x{22}
                      x{B82BEED44D0D20001}
              x{B8A3AA140000000000000000801D3E5E1B0970E52ABD4EA639AED542E118FE33D2F03FE072737A6B74A8FDC2C69_}
         x{72FC5DA02F85553EA779D001FCBB54E0EC5F4E93E4DCC4F38FA2360B33C8868A89FF4CDD26E4B920ED5D4760710C53E12568917B42B7C707228467A63BDD773964}
         x{04090E51839CD88036EE1C11_}
          x{602327CC3D09000000000000000007C100000000000000000000000000000000000000000000000000000000000000000000000000000000000000000000000000000000000000000000000000000000}
          x{C9AC8D784C8FB95000000000000A0002000000086C667028F3CC35C5E1D1AEB75B20D68906AE33005305D31C6C00E378213282B048913B24_},
        hash: [Function: hash],
        blockchainLogs: '[ 4][t 0][2024-10-30 23:27:19.337000][transaction.cpp:443]\tunpacking account 525D79B589F1D73B879432CD1A596C0F9C42CF460467BBB795DA5A20C021C138\n' +
          '[ 4][t 0][2024-10-30 23:27:19.337000][transaction.cpp:274]\tlast_paid=1732922838; cells=232 bits=84034 public_cells=0\n' +
          '[ 4][t 0][2024-10-30 23:27:19.337000][transaction.cpp:504]\tend of Account.unpack() for 0:525D79B589F1D73B879432CD1A596C0F9C42CF460467BBB795DA5A20C021C138 (balance = 2100000000ng ; last_trans_lt = 36000000..36000002)\n' +
          '[ 4][t 0][2024-10-30 23:27:19.337000][transaction.cpp:3655]\tblock random seed set to 0000000000000000000000000000000000000000000000000000000000000000\n' +
          '[ 4][t 0][2024-10-30 23:27:19.337000][transaction.cpp:1236]\tgas limits: max=1000000, limit=1000000, credit=0\n' +
          '[ 4][t 0][2024-10-30 23:27:19.337000][transaction.cpp:1575]\tin_msg_state is null\n' +
          '[ 4][t 0][2024-10-30 23:27:19.337000][transaction.cpp:1645]\tcreating VM\n' +
          '[ 4][t 0][2024-10-30 23:27:19.337000][transaction.cpp:1351]\tSmartContractInfo initialized with [ 124711402 0 0 1732922838 38000000 38000000 14068792954309835536948273256715513127174070948738620016199408580766834334284 [ 3060892531 (null) ] CS{Cell{0271c00525d79b589f1d73b879432cd1a596c0f9c42cf460467bbb795da5a20c021c1383d0c05210833a526eb000000000089544091f4add401340} bits: 1..268; refs: 0..0} C{A7EC01478F770EF8F8B037CC7E42F0ABF0D85A50E1828C2394DAD1411691F2DE} C{42B6F0E46484EFC57B9508F6BA7EF42E7512023D5CB4ED5628DD1C7755D16E9D} [ 960892531 (null) ] 0 (null) [ CS{Cell{004dd06600000000000000000000000080000000000000fa00000000000001f4000000000003d09040} bits: 9..305; refs: 0..0} (null) CS{Cell{0094d1000000000000006400000000000f4240de000000002710000000000000000f42400000000002160ec0000000000000271000000000002625a00000000005f5e100000000003b9aca00} bits: 0..592; refs: 0..0} CS{Cell{0094d100000000000000640000000000009c40de000000000190000000000000000f424000000000000f4240000000000000271000000000009896800000000005f5e100000000003b9aca00} bits: 0..592; refs: 0..0} CS{Cell{0042ea000000000098968000000000271000000000000f424000000001800055555555} bits: 0..264; refs: 0..0} CS{Cell{0042ea0000000000061a800000000001900000000000009c4000000001800055555555} bits: 0..264; refs: 0..0} (null) ] 0 (null) ]\n' +
          '[ 4][t 0][2024-10-30 23:27:19.338000][transaction.cpp:1675]\tstarting VM\n' +
          '[ 4][t 0][2024-10-30 23:27:19.339000][transaction.cpp:1680]\tVM terminated with exit code 0\n' +
          '[ 3][t 0][2024-10-30 23:27:19.339000][transaction.cpp:1702]\tsteps: 1985 gas: used=71998, max=1000000, limit=1000000, credit=0\n' +
          '[ 3][t 0][2024-10-30 23:27:19.339000][transaction.cpp:1704]\tout_of_gas=false, accepted=true, success=true, time=0.001643s\n' +
          '[ 4][t 0][2024-10-30 23:27:19.339000][transaction.cpp:1737]\tgas fees: 28799200 = 26214400 * 71998 /2^16 ; price=26214400; flat rate=[40000 for 100]; remaining balance=3032093331ng\n' +
          '[ 3][t 0][2024-10-30 23:27:19.339000][transaction.cpp:2678]\tin try_action_reserve_currency(0)\n' +
          '[ 4][t 0][2024-10-30 23:27:19.339000][transaction.cpp:2684]\taction_reserve_currency: mode=0, reserve=2100000000ng, balance=3032093331ng, original balance=2100000000ng\n' +
          '[ 3][t 0][2024-10-30 23:27:19.339000][transaction.cpp:2729]\tchanged remaining balance to 932093331ng, reserved balance to 2100000000ng\n' +
          '[ 4][t 0][2024-10-30 23:27:19.339000][transaction.cpp:2448]\tstorage paid for a message: 1 cells, 96 bits\n' +
          '[ 4][t 0][2024-10-30 23:27:19.339000][transaction.cpp:2452]\tcomputed fwd fees = 478400 + 0\n' +
          '[ 4][t 0][2024-10-30 23:27:19.339000][transaction.cpp:2448]\tstorage paid for a message: 1 cells, 96 bits\n' +
          '[ 4][t 0][2024-10-30 23:27:19.339000][transaction.cpp:2452]\tcomputed fwd fees = 478400 + 0\n' +
          '[ 4][t 0][2024-10-30 23:27:19.339000][transaction.cpp:2448]\tstorage paid for a message: 1 cells, 431 bits\n' +
          '[ 4][t 0][2024-10-30 23:27:19.339000][transaction.cpp:2452]\tcomputed fwd fees = 612400 + 0\n' +
          '[ 4][t 0][2024-10-30 23:27:19.340000][transaction.cpp:2448]\tstorage paid for a message: 27 cells, 6976 bits\n' +
          '[ 4][t 0][2024-10-30 23:27:19.340000][transaction.cpp:2452]\tcomputed fwd fees = 4270400 + 0\n',
        vmLogs: 'xecute EQUAL\n' +
          'execute THROWIF 137\n' +
          'execute PUSHPOW2 10\n' +
          'execute EQUAL\n' +
          'execute THROWIFNOT 136\n' +
          'execute STSLICER\n' +
          'execute ENDC\n' +
          'execute ROT\n' +
          'execute STREF\n' +
          'execute ENDC\n' +
          'execute SWAP\n' +
          'execute STREF\n' +
          'execute implicit RET\n' +
          'execute ENDC\n' +
          'execute POP c4\n' +
          'execute implicit RET\n',
        debugLogs: '',
        events: [ [Object], [Object], [Object] ],
        parent: {
          address: 84049441022908470316622795825605090351520748406577698494615284512509455375210n,
          lt: 37000000n,
          prevTransactionHash: 85702263048028144343864452429252137028094627075488363642886587429723249313648n,
          prevTransactionLt: 29000000n,
          now: 1732922838,
          outMessagesCount: 1,
          oldStatus: 'active',
          endStatus: 'active',
          inMessage: [Object],
          outMessages: [Dictionary],
          totalFees: [Object],
          stateUpdate: [Object],
          description: [Object],
          raw: x{7B9D24C3C0A4527B020E025CA956131C5EB5081291157C25FD7961DF2D03A1B6A0000000002349340BD79C30C417A58022DD4AE8BC6A0E139964B66E82279312643412C427D2007700000000001BA8140674A4DD60003468F1A12}
           x{E_}
            x{6800A4BAF36B13E3AE770F28659A34B2D81F38859E8C08CF776F2BB4B44180438271002E74930F029149EC08380972A5584C717AD4204A4455F097F5E5877CB40E86DA90E65816AC0609BBB000000000044AA202CE949BAC7300FC7280000000000000004_}
            x{DF_}
             x{680173A49878148A4F6041C04B952AC2638BD6A1025222AF84BFAF2C3BE5A07436D50014975E6D627C75CEE1E50CB346965B03E710B3D18119EEEDE57696883008704E10E51839CC0610D45E0000000004692682CE949BACC_}
              x{B687AB17000000000000000000000000}
               x{02202FAF080202FAF08021DCD65001CC4B4021DCD65003391606B3397F7EB3391606B33A526EB00000000800000004_}
                x{801028CD38D6A9FB165BB1D27554DCBBC8B7A064E07EF4C3832956828113614F545_}
           x{72DACD74C15F2CA1408A62C2A01484ADD0EF38A45BB44C592C6F4FAEC4B930B6E2761BF7DF651A9A98CE1EF6E892C6EAC0B5B1CC02A25402AD333B2F7376307C11}
           x{04C32FDA090E65816AD866D31211_}
            x{445E2C3D09000000000000000000FE00000000000000000000000000000000000000000000000000000000000000000000000000000000000000000000000000000000000000000000000000000000}
            x{C9864FA04C10D4440000000000040002000000029FCBACF5DB5CBFBC30DF629FF6939F4299DA34BD1B755F33708C6F7C7EF4459841102E0C_},
          hash: [Function: hash],
          blockchainLogs: '[ 4][t 0][2024-10-30 23:27:19.334000][transaction.cpp:443]\tunpacking account B9D24C3C0A4527B020E025CA956131C5EB5081291157C25FD7961DF2D03A1B6A\n' +
            '[ 4][t 0][2024-10-30 23:27:19.334000][transaction.cpp:274]\tlast_paid=1730330838; cells=28 bits=7123 public_cells=0\n' +
            '[ 4][t 0][2024-10-30 23:27:19.334000][transaction.cpp:504]\tend of Account.unpack() for 0:B9D24C3C0A4527B020E025CA956131C5EB5081291157C25FD7961DF2D03A1B6A (balance = 10000000ng ; last_trans_lt = 29000000..29000002)\n' +
            '[ 4][t 0][2024-10-30 23:27:19.334000][transaction.cpp:3655]\tblock random seed set to 0000000000000000000000000000000000000000000000000000000000000000\n' +
            '[ 4][t 0][2024-10-30 23:27:19.334000][transaction.cpp:1236]\tgas limits: max=1000000, limit=1000000, credit=0\n' +
            '[ 4][t 0][2024-10-30 23:27:19.335000][transaction.cpp:1575]\tin_msg_state is null\n' +
            '[ 4][t 0][2024-10-30 23:27:19.335000][transaction.cpp:1645]\tcreating VM\n' +
            '[ 4][t 0][2024-10-30 23:27:19.335000][transaction.cpp:1351]\tSmartContractInfo initialized with [ 124711402 0 0 1732922838 37000000 37000000 84630195367514639409622924175749312199831056191303332875639359062248049886761 [ 975297731 (null) ] CS{Cell{026dc00b9d24c3c0a4527b020e025ca956131c5eb5081291157c25fd7961df2d03a1b6a23886f4c3391606b00000000006ea0508e625a01340} bits: 1..268; refs: 0..0} C{A7EC01478F770EF8F8B037CC7E42F0ABF0D85A50E1828C2394DAD1411691F2DE} C{F2179DCD5CFD8A1E113288591FFB7A5E10E107D0D2C36DF69E40398023DAA7B1} [ 966133163 (null) ] 835432 (null) [ CS{Cell{004dd06600000000000000000000000080000000000000fa00000000000001f4000000000003d09040} bits: 9..305; refs: 0..0} (null) CS{Cell{0094d1000000000000006400000000000f4240de000000002710000000000000000f42400000000002160ec0000000000000271000000000002625a00000000005f5e100000000003b9aca00} bits: 0..592; refs: 0..0} CS{Cell{0094d100000000000000640000000000009c40de000000000190000000000000000f424000000000000f4240000000000000271000000000009896800000000005f5e100000000003b9aca00} bits: 0..592; refs: 0..0} CS{Cell{0042ea000000000098968000000000271000000000000f424000000001800055555555} bits: 0..264; refs: 0..0} CS{Cell{0042ea0000000000061a800000000001900000000000009c4000000001800055555555} bits: 0..264; refs: 0..0} (null) ] 0 (null) ]\n' +
            '[ 4][t 0][2024-10-30 23:27:19.335000][transaction.cpp:1675]\tstarting VM\n' +
            '[ 4][t 0][2024-10-30 23:27:19.335000][transaction.cpp:1680]\tVM terminated with exit code 0\n' +
            '[ 3][t 0][2024-10-30 23:27:19.335000][transaction.cpp:1702]\tsteps: 254 gas: used=8945, max=1000000, limit=1000000, credit=0\n' +
            '[ 3][t 0][2024-10-30 23:27:19.335000][transaction.cpp:1704]\tout_of_gas=false, accepted=true, success=true, time=0.000252s\n' +
            '[ 4][t 0][2024-10-30 23:27:19.335000][transaction.cpp:1737]\tgas fees: 3578000 = 26214400 * 8945 /2^16 ; price=26214400; flat rate=[40000 for 100]; remaining balance=971719731ng\n' +
            '[ 3][t 0][2024-10-30 23:27:19.335000][transaction.cpp:2678]\tin try_action_reserve_currency(0)\n' +
            '[ 4][t 0][2024-10-30 23:27:19.335000][transaction.cpp:2684]\taction_reserve_currency: mode=0, reserve=10000000ng, balance=971719731ng, original balance=9164568ng\n' +
            '[ 3][t 0][2024-10-30 23:27:19.335000][transaction.cpp:2729]\tchanged remaining balance to 961719731ng, reserved balance to 10000000ng\n' +
            '[ 4][t 0][2024-10-30 23:27:19.335000][transaction.cpp:2448]\tstorage paid for a message: 3 cells, 768 bits\n' +
            '[ 4][t 0][2024-10-30 23:27:19.335000][transaction.cpp:2452]\tcomputed fwd fees = 827200 + 0\n',
          vmLogs: 'ecute STSLICER\n' +
            'execute OVER\n' +
            'execute ISNULL\n' +
            'execute NOT\n' +
            'execute PUSHCONT x7F01CA00CC\n' +
            'execute PUSHCONT x7032CA00\n' +
            'execute IFELSE\n' +
            'execute PUSHINT -1\n' +
            'execute SWAP\n' +
            'execute STI 1\n' +
            'execute STREF\n' +
            'execute implicit RET\n' +
            'execute ENDC\n' +
            'execute POP c4\n' +
            'execute implicit RET\n',
          debugLogs: '',
          events: [Array],
          parent: [Object],
          children: [Array],
          externals: []
        },
        children: [ [Object], [Object], [Object] ],
        externals: [ [Object] ]
      },
      {
        address: 56452803209391972311245829800318013664241380452486081517026592719308720763190n,
        lt: 39000000n,
        prevTransactionHash: 49162274675413260344990375239876453711669571171807958476384034159839683532815n,
        prevTransactionLt: 28000000n,
        now: 1732922838,
        outMessagesCount: 1,
        oldStatus: 'active',
        endStatus: 'active',
        inMessage: { info: [Object], init: null, body: x{BC26F4C80000000000000000} },
        outMessages: Dictionary { _key: [Object], _value: [Object], _map: [Map] },
        totalFees: { coins: 5334831n },
        stateUpdate: {
          oldHash: <Buffer 53 6d 4c 1c e6 39 31 c1 6b 3a c1 b9 89 f8 62 5d 65 8f 4b de 3d 63 8d 3e b3 18 cc 7b 60 db 78 55>,
          newHash: <Buffer ba 5e 48 0c c7 1b 36 84 60 7c 0f 96 80 b1 8a d7 ff 77 87 7c be 88 0a a1 99 35 df ef 83 d0 38 24>
        },
        description: {
          type: 'generic',
          creditFirst: false,
          storagePhase: [Object],
          creditPhase: [Object],
          computePhase: [Object],
          actionPhase: [Object],
          bouncePhase: undefined,
          aborted: false,
          destroyed: false
        },
        raw: x{77CCF2780E0D3E1B0B68059B4084B04A68C874235745C6D0201D62F3D2218F13600000000025317C06CB0DC841409B60E3DED0E7C3BAB6AFBD113DE555FB9B77488377FED136BD80F0000000001AB3F00674A4DD6000346A2CE5E}
         x{E_}
          x{6800A4BAF36B13E3AE770F28659A34B2D81F38859E8C08CF776F2BB4B44180438271001F33C9E03834F86C2DA0166D0212C129A321D08D5D171B4080758BCF48863C4D90101931000609BBB0000000000487AB02CE949BAC5E137A6400000000000000004_}
          x{DF_}
           x{6800F99E4F01C1A7C3616D00B3681096094D190E846AE8B8DA0403AC5E7A4431E26D0014975E6D627C75CEE1E50CB346965B03E710B3D18119EEEDE57696883008704E101119EF88060DFF5E0000000004A62F82CE949BACC_}
            x{2A004A0500000000000000000000000000000000000000000000000000000000000000000000000000000000C00814669C6B54FD8B2DD8E93AAA6E5DE45BD032703F7A61C194AB414089B0A7AA2}
         x{72536D4C1CE63931C16B3AC1B989F8625D658F4BDE3D638D3EB318CC7B60DB7855BA5E480CC71B3684607C0F9680B18AD7FF77877CBE880AA19935DFEF83D03824}
         x{04C4360789010193101867A1E811_}
          x{44E28C0A4D9000000000000000013D00000000000000000000000000000000000000000000000000000000000000000000000000000000000000000000000000000000000000000000000000000000}
          x{C9853FC04C0DFF44000000000002000000000002E314399E9181B61CA6ACAC445010D6EB366B5E165776588A9812DBEC1225A8904090296C_},
        hash: [Function: hash],
        blockchainLogs: '[ 4][t 0][2024-10-30 23:27:19.344000][transaction.cpp:443]\tunpacking account 7CCF2780E0D3E1B0B68059B4084B04A68C874235745C6D0201D62F3D2218F136\n' +
          '[ 4][t 0][2024-10-30 23:27:19.344000][transaction.cpp:274]\tlast_paid=1730330838; cells=30 bits=12911 public_cells=0\n' +
          '[ 4][t 0][2024-10-30 23:27:19.344000][transaction.cpp:504]\tend of Account.unpack() for 0:7CCF2780E0D3E1B0B68059B4084B04A68C874235745C6D0201D62F3D2218F136 (balance = 10000000ng ; last_trans_lt = 28000000..28000002)\n' +
          '[ 4][t 0][2024-10-30 23:27:19.344000][transaction.cpp:3655]\tblock random seed set to 0000000000000000000000000000000000000000000000000000000000000000\n' +
          '[ 4][t 0][2024-10-30 23:27:19.344000][transaction.cpp:1236]\tgas limits: max=191044, limit=168804, credit=0\n' +
          '[ 4][t 0][2024-10-30 23:27:19.344000][transaction.cpp:1575]\tin_msg_state is null\n' +
          '[ 4][t 0][2024-10-30 23:27:19.344000][transaction.cpp:1645]\tcreating VM\n' +
          '[ 4][t 0][2024-10-30 23:27:19.344000][transaction.cpp:1351]\tSmartContractInfo initialized with [ 124711402 0 0 1732922838 39000000 39000000 17158678860825839941702393232993838109470607978381324670400578166443069604636 [ 76417698 (null) ] CS{Cell{026dc007ccf2780e0d3e1b0b68059b4084b04a68c874235745c6d0201d62f3d2218f13623c8c9bc3391606b00000000006acfc08e625a01340} bits: 1..268; refs: 0..0} C{A7EC01478F770EF8F8B037CC7E42F0ABF0D85A50E1828C2394DAD1411691F2DE} C{33BB148A451AD17F938AA7C476E48F2B79933715F13F1D58F9234A90730321A8} [ 67521600 (null) ] 1103902 (null) [ CS{Cell{004dd06600000000000000000000000080000000000000fa00000000000001f4000000000003d09040} bits: 9..305; refs: 0..0} (null) CS{Cell{0094d1000000000000006400000000000f4240de000000002710000000000000000f42400000000002160ec0000000000000271000000000002625a00000000005f5e100000000003b9aca00} bits: 0..592; refs: 0..0} CS{Cell{0094d100000000000000640000000000009c40de000000000190000000000000000f424000000000000f4240000000000000271000000000009896800000000005f5e100000000003b9aca00} bits: 0..592; refs: 0..0} CS{Cell{0042ea000000000098968000000000271000000000000f424000000001800055555555} bits: 0..264; refs: 0..0} CS{Cell{0042ea0000000000061a800000000001900000000000009c4000000001800055555555} bits: 0..264; refs: 0..0} (null) ] 0 (null) ]\n' +
          '[ 4][t 0][2024-10-30 23:27:19.345000][transaction.cpp:1675]\tstarting VM\n' +
          '[ 4][t 0][2024-10-30 23:27:19.345000][transaction.cpp:1680]\tVM terminated with exit code 0\n' +
          '[ 3][t 0][2024-10-30 23:27:19.345000][transaction.cpp:1702]\tsteps: 317 gas: used=10004, max=191044, limit=168804, credit=0\n' +
          '[ 3][t 0][2024-10-30 23:27:19.345000][transaction.cpp:1704]\tout_of_gas=false, accepted=true, success=true, time=0.000291s\n' +
          '[ 4][t 0][2024-10-30 23:27:19.345000][transaction.cpp:1737]\tgas fees: 4001600 = 26214400 * 10004 /2^16 ; price=26214400; flat rate=[40000 for 100]; remaining balance=72416098ng\n' +
          '[ 4][t 0][2024-10-30 23:27:19.345000][transaction.cpp:2448]\tstorage paid for a message: 1 cells, 620 bits\n' +
          '[ 4][t 0][2024-10-30 23:27:19.345000][transaction.cpp:2452]\tcomputed fwd fees = 688000 + 0\n',
        vmLogs: 'e implicit RET\n' +
          'execute OVER\n' +
          'execute ISNULL\n' +
          'execute NOT\n' +
          'execute PUSHCONT x7F01CA00CC\n' +
          'execute PUSHCONT x7032CA00\n' +
          'execute IFELSE\n' +
          'execute PUSHINT -1\n' +
          'execute SWAP\n' +
          'execute STI 1\n' +
          'execute STREF\n' +
          'execute implicit RET\n' +
          'execute ENDC\n' +
          'execute POP c4\n' +
          'execute implicit RET\n',
        debugLogs: '',
        events: [ [Object] ],
        parent: {
          address: 37254810366437813475271750514734067285117962570475561289538093995582013161784n,
          lt: 38000000n,
          prevTransactionHash: 29992760460001401141302406108917334695201254910612896337084780795803414936545n,
          prevTransactionLt: 36000000n,
          now: 1732922838,
          outMessagesCount: 4,
          oldStatus: 'active',
          endStatus: 'active',
          inMessage: [Object],
          outMessages: [Dictionary],
          totalFees: [Object],
          stateUpdate: [Object],
          description: [Object],
          raw: x{7525D79B589F1D73B879432CD1A596C0F9C42CF460467BBB795DA5A20C021C138000000000243D580424F4D03BE4A045E6B1C2D6B98BE5D3E536073CCA6C31A893F75D30C1619BBE10000000002255100674A4DD600094803B6BE68}
           x{E_}
            x{680173A49878148A4F6041C04B952AC2638BD6A1025222AF84BFAF2C3BE5A07436D50014975E6D627C75CEE1E50CB346965B03E710B3D18119EEEDE57696883008704E10E51839CC0610D45E0000000004692682CE949BAC5B43D58B8000000000000000000000004_}
             x{02202FAF080202FAF08021DCD65001CC4B4021DCD65003391606B3397F7EB3391606B33A526EB00000000800000004_}
              x{801028CD38D6A9FB165BB1D27554DCBBC8B7A064E07EF4C3832956828113614F545_}
            x{DB_}
             x{2_}
              x{2_}
               x{6800A4BAF36B13E3AE770F28659A34B2D81F38859E8C08CF776F2BB4B44180438271001F33C9E03834F86C2DA0166D0212C129A321D08D5D171B4080758BCF48863C4D90101931000609BBB0000000000487AB02CE949BACC_}
                x{BC26F4C80000000000000000}
              x{2_}
               x{6800A4BAF36B13E3AE770F28659A34B2D81F38859E8C08CF776F2BB4B4418043827100384BA6D6A6B7DF2422C44C909493A07C03CA0A1FF860A7ED8531810050149DDF10101931000609BBB0000000000487AB04CE949BACC_}
                x{BC26F4C80000000000000001}
             x{2_}
              x{2_}
               x{E00292EBCDAC4F8EB9DC3CA19668D2CB607CE2167A30233DDDBCAED2D106010E09C0000000000487AB06CE949BACC_}
                x{8B6D3812000000000000000000000000801028CD38D6A9FB165BB1D27554DCBBC8B7A064E07EF4C3832956828113614F544877359401_}
              x{2_}
               x{4800A4BAF36B13E3AE770F28659A34B2D81F38859E8C08CF776F2BB4B44180438271002E74930F029149EC08380972A5584C717AD4204A4455F097F5E5877CB40E86DA90BCA3A88C0656E1D8000000000487AB08CE949BADE_}
                x{34_}
                 x{FF00F4A413F4BCF2C80B}
                  x{62_}
                   x{D001D0D3030171B0A301FA400120D74981010BBAF2E08820D70B0A208104FFBAF2D0898309BAF2E088545053036F04F86102F862DB3C5512DB3CF2E082}
                    x{ED44D0D401F863D200018E2FD31FFA400120D74981010BBAF2E08820D70B0A208104FFBAF2D0898309BAF2E08801D2000191D4926D01E255206C13E0F828D70B0A8309BAF2E089810101D700FA400120D74981010BBAF2E08820D70B0A208104FFBAF2D0898309BAF2E0881202D101DB3C}
                     x{6D}
                    x{0192307FE07021D749C21F953020D70B1FDE208210AFE93535BA8F5130D31F018210AFE93535BAF2E081D33FFA400120D74981010BBAF2E08820D70B0A208104FFBAF2D0898309BAF2E08801D455206C1332820898968070FB024434DB3C30037083067055206D6D6DDB3C597FE0208210B8A3AA14BAE302}
                     x{F8425220C705F2E084}
                     x{C87101CA01500701CA007001CA02500520D74981010BBAF2E08820D70B0A208104FFBAF2D0898309BAF2E088CF165003FA027001CA68236EB3917F93246EB3E2973333017001CA00E30D216EB39C7F01CA0001206EF2D08001CC95317001CA00E2C901FB00}
                      x{7F01CA00C87001CA007001CA00246EB39D7F01CA0004206EF2D0805004CC9634037001CA00E2246EB39D7F01CA0004206EF2D0805004CC9634037001CA00E27001CA00027F01CA0002C958CC}
                     x{30D31F018210B8A3AA14BAF2E081D33FFA400120D74981010BBAF2E08820D70B0A208104FFBAF2D0898309BAF2E088126C12317020FB025520DB3C03708100A07055206D6D6DDB3C587F}
                      x{F8425220C705F2E084}
                      x{C87101CA01500701CA007001CA02500520D74981010BBAF2E08820D70B0A208104FFBAF2D0898309BAF2E088CF165003FA027001CA68236EB3917F93246EB3E2973333017001CA00E30D216EB39C7F01CA0001206EF2D08001CC95317001CA00E2C901FB00}
                       x{7F01CA00C87001CA007001CA00246EB39D7F01CA0004206EF2D0805004CC9634037001CA00E2246EB39D7F01CA0004206EF2D0805004CC9634037001CA00E27001CA00027F01CA0002C958CC}
                     x{8210E601F8E5BA8ECED31F018210E601F8E5BAF2E081D33F0131820898968070FB02F8416F2410235F037083067F25206EF2D080542580C855208210B687AB175004CB1F12CB3FCB1FCCC9103441301443306D6DDB3C7FE03070}
                      x{C87101CA01500701CA007001CA02500520D74981010BBAF2E08820D70B0A208104FFBAF2D0898309BAF2E088CF165003FA027001CA68236EB3917F93246EB3E2973333017001CA00E30D216EB39C7F01CA0001206EF2D08001CC95317001CA00E2C901FB00}
                       x{7F01CA00C87001CA007001CA00246EB39D7F01CA0004206EF2D0805004CC9634037001CA00E2246EB39D7F01CA0004206EF2D0805004CC9634037001CA00E27001CA00027F01CA0002C958CC}
                    x{C8F84301CC7F01CA0055205023CB1F0120D74981010BBAF2E08820D70B0A208104FFBAF2D0898309BAF2E088CF16216EB3957F01CA00CC947032CA00E2C9ED54}
                   x{2_}
                    x{BE28EED9E6D9E3618C_}
                     x{ED44D0D401F863D200018E2FD31FFA400120D74981010BBAF2E08820D70B0A208104FFBAF2D0898309BAF2E08801D2000191D4926D01E255206C13E0F828D70B0A8309BAF2E089810101D700FA400120D74981010BBAF2E08820D70B0A208104FFBAF2D0898309BAF2E0881202D101DB3C}
                      x{6D}
                     x{21}
                    x{2_}
                     x{4}
                      x{B1D8B6CF36CF1B0C6_}
                       x{ED44D0D401F863D200018E2FD31FFA400120D74981010BBAF2E08820D70B0A208104FFBAF2D0898309BAF2E08801D2000191D4926D01E255206C13E0F828D70B0A8309BAF2E089810101D700FA400120D74981010BBAF2E08820D70B0A208104FFBAF2D0898309BAF2E0881202D101DB3C}
                        x{6D}
                       x{20}
                      x{B36436CF36CF1B0C6_}
                       x{ED44D0D401F863D200018E2FD31FFA400120D74981010BBAF2E08820D70B0A208104FFBAF2D0898309BAF2E08801D2000191D4926D01E255206C13E0F828D70B0A8309BAF2E089810101D700FA400120D74981010BBAF2E08820D70B0A208104FFBAF2D0898309BAF2E0881202D101DB3C}
                        x{6D}
                       x{22}
                     x{B82BEED44D0D20001}
                 x{0000000000000000000000000000000000000000000000000000000000000000200292EBCDAC4F8EB9DC3CA19668D2CB607CE2167A30233DDDBCAED2D106010E09C4_}
                  x{C_}
                   x{A0838F_}
                    x{FF00F4A413F4BCF2C80B}
                     x{62_}
                      x{D001D0D3030171B0A301FA400120D74981010BBAF2E08820D70B0A208104FFBAF2D0898309BAF2E088545053036F04F86102F862DB3C5512DB3CF2E082}
                       x{ED44D0D401F863D200018E2FD31FFA400120D74981010BBAF2E08820D70B0A208104FFBAF2D0898309BAF2E08801D2000191D4926D01E255206C13E0F828D70B0A8309BAF2E089810101D700FA400120D74981010BBAF2E08820D70B0A208104FFBAF2D0898309BAF2E0881202D101DB3C}
                        x{6D}
                       x{0192307FE07021D749C21F953020D70B1FDE208210AFE93535BA8F5130D31F018210AFE93535BAF2E081D33FFA400120D74981010BBAF2E08820D70B0A208104FFBAF2D0898309BAF2E08801D455206C1332820898968070FB024434DB3C30037083067055206D6D6DDB3C597FE0208210B8A3AA14BAE302}
                        x{F8425220C705F2E084}
                        x{C87101CA01500701CA007001CA02500520D74981010BBAF2E08820D70B0A208104FFBAF2D0898309BAF2E088CF165003FA027001CA68236EB3917F93246EB3E2973333017001CA00E30D216EB39C7F01CA0001206EF2D08001CC95317001CA00E2C901FB00}
                         x{7F01CA00C87001CA007001CA00246EB39D7F01CA0004206EF2D0805004CC9634037001CA00E2246EB39D7F01CA0004206EF2D0805004CC9634037001CA00E27001CA00027F01CA0002C958CC}
                        x{30D31F018210B8A3AA14BAF2E081D33FFA400120D74981010BBAF2E08820D70B0A208104FFBAF2D0898309BAF2E088126C12317020FB025520DB3C03708100A07055206D6D6DDB3C587F}
                         x{F8425220C705F2E084}
                         x{C87101CA01500701CA007001CA02500520D74981010BBAF2E08820D70B0A208104FFBAF2D0898309BAF2E088CF165003FA027001CA68236EB3917F93246EB3E2973333017001CA00E30D216EB39C7F01CA0001206EF2D08001CC95317001CA00E2C901FB00}
                          x{7F01CA00C87001CA007001CA00246EB39D7F01CA0004206EF2D0805004CC9634037001CA00E2246EB39D7F01CA0004206EF2D0805004CC9634037001CA00E27001CA00027F01CA0002C958CC}
                        x{8210E601F8E5BA8ECED31F018210E601F8E5BAF2E081D33F0131820898968070FB02F8416F2410235F037083067F25206EF2D080542580C855208210B687AB175004CB1F12CB3FCB1FCCC9103441301443306D6DDB3C7FE03070}
                         x{C87101CA01500701CA007001CA02500520D74981010BBAF2E08820D70B0A208104FFBAF2D0898309BAF2E088CF165003FA027001CA68236EB3917F93246EB3E2973333017001CA00E30D216EB39C7F01CA0001206EF2D08001CC95317001CA00E2C901FB00}
                          x{7F01CA00C87001CA007001CA00246EB39D7F01CA0004206EF2D0805004CC9634037001CA00E2246EB39D7F01CA0004206EF2D0805004CC9634037001CA00E27001CA00027F01CA0002C958CC}
                       x{C8F84301CC7F01CA0055205023CB1F0120D74981010BBAF2E08820D70B0A208104FFBAF2D0898309BAF2E088CF16216EB3957F01CA00CC947032CA00E2C9ED54}
                      x{2_}
                       x{BE28EED9E6D9E3618C_}
                        x{ED44D0D401F863D200018E2FD31FFA400120D74981010BBAF2E08820D70B0A208104FFBAF2D0898309BAF2E08801D2000191D4926D01E255206C13E0F828D70B0A8309BAF2E089810101D700FA400120D74981010BBAF2E08820D70B0A208104FFBAF2D0898309BAF2E0881202D101DB3C}
                         x{6D}
                        x{21}
                       x{2_}
                        x{4}
                         x{B1D8B6CF36CF1B0C6_}
                          x{ED44D0D401F863D200018E2FD31FFA400120D74981010BBAF2E08820D70B0A208104FFBAF2D0898309BAF2E08801D2000191D4926D01E255206C13E0F828D70B0A8309BAF2E089810101D700FA400120D74981010BBAF2E08820D70B0A208104FFBAF2D0898309BAF2E0881202D101DB3C}
                           x{6D}
                          x{20}
                         x{B36436CF36CF1B0C6_}
                          x{ED44D0D401F863D200018E2FD31FFA400120D74981010BBAF2E08820D70B0A208104FFBAF2D0898309BAF2E08801D2000191D4926D01E255206C13E0F828D70B0A8309BAF2E089810101D700FA400120D74981010BBAF2E08820D70B0A208104FFBAF2D0898309BAF2E0881202D101DB3C}
                           x{6D}
                          x{22}
                        x{B82BEED44D0D20001}
                x{B8A3AA140000000000000000801D3E5E1B0970E52ABD4EA639AED542E118FE33D2F03FE072737A6B74A8FDC2C69_}
           x{72FC5DA02F85553EA779D001FCBB54E0EC5F4E93E4DCC4F38FA2360B33C8868A89FF4CDD26E4B920ED5D4760710C53E12568917B42B7C707228467A63BDD773964}
           x{04090E51839CD88036EE1C11_}
            x{602327CC3D09000000000000000007C100000000000000000000000000000000000000000000000000000000000000000000000000000000000000000000000000000000000000000000000000000000}
            x{C9AC8D784C8FB95000000000000A0002000000086C667028F3CC35C5E1D1AEB75B20D68906AE33005305D31C6C00E378213282B048913B24_},
          hash: [Function: hash],
          blockchainLogs: '[ 4][t 0][2024-10-30 23:27:19.337000][transaction.cpp:443]\tunpacking account 525D79B589F1D73B879432CD1A596C0F9C42CF460467BBB795DA5A20C021C138\n' +
            '[ 4][t 0][2024-10-30 23:27:19.337000][transaction.cpp:274]\tlast_paid=1732922838; cells=232 bits=84034 public_cells=0\n' +
            '[ 4][t 0][2024-10-30 23:27:19.337000][transaction.cpp:504]\tend of Account.unpack() for 0:525D79B589F1D73B879432CD1A596C0F9C42CF460467BBB795DA5A20C021C138 (balance = 2100000000ng ; last_trans_lt = 36000000..36000002)\n' +
            '[ 4][t 0][2024-10-30 23:27:19.337000][transaction.cpp:3655]\tblock random seed set to 0000000000000000000000000000000000000000000000000000000000000000\n' +
            '[ 4][t 0][2024-10-30 23:27:19.337000][transaction.cpp:1236]\tgas limits: max=1000000, limit=1000000, credit=0\n' +
            '[ 4][t 0][2024-10-30 23:27:19.337000][transaction.cpp:1575]\tin_msg_state is null\n' +
            '[ 4][t 0][2024-10-30 23:27:19.337000][transaction.cpp:1645]\tcreating VM\n' +
            '[ 4][t 0][2024-10-30 23:27:19.337000][transaction.cpp:1351]\tSmartContractInfo initialized with [ 124711402 0 0 1732922838 38000000 38000000 14068792954309835536948273256715513127174070948738620016199408580766834334284 [ 3060892531 (null) ] CS{Cell{0271c00525d79b589f1d73b879432cd1a596c0f9c42cf460467bbb795da5a20c021c1383d0c05210833a526eb000000000089544091f4add401340} bits: 1..268; refs: 0..0} C{A7EC01478F770EF8F8B037CC7E42F0ABF0D85A50E1828C2394DAD1411691F2DE} C{42B6F0E46484EFC57B9508F6BA7EF42E7512023D5CB4ED5628DD1C7755D16E9D} [ 960892531 (null) ] 0 (null) [ CS{Cell{004dd06600000000000000000000000080000000000000fa00000000000001f4000000000003d09040} bits: 9..305; refs: 0..0} (null) CS{Cell{0094d1000000000000006400000000000f4240de000000002710000000000000000f42400000000002160ec0000000000000271000000000002625a00000000005f5e100000000003b9aca00} bits: 0..592; refs: 0..0} CS{Cell{0094d100000000000000640000000000009c40de000000000190000000000000000f424000000000000f4240000000000000271000000000009896800000000005f5e100000000003b9aca00} bits: 0..592; refs: 0..0} CS{Cell{0042ea000000000098968000000000271000000000000f424000000001800055555555} bits: 0..264; refs: 0..0} CS{Cell{0042ea0000000000061a800000000001900000000000009c4000000001800055555555} bits: 0..264; refs: 0..0} (null) ] 0 (null) ]\n' +
            '[ 4][t 0][2024-10-30 23:27:19.338000][transaction.cpp:1675]\tstarting VM\n' +
            '[ 4][t 0][2024-10-30 23:27:19.339000][transaction.cpp:1680]\tVM terminated with exit code 0\n' +
            '[ 3][t 0][2024-10-30 23:27:19.339000][transaction.cpp:1702]\tsteps: 1985 gas: used=71998, max=1000000, limit=1000000, credit=0\n' +
            '[ 3][t 0][2024-10-30 23:27:19.339000][transaction.cpp:1704]\tout_of_gas=false, accepted=true, success=true, time=0.001643s\n' +
            '[ 4][t 0][2024-10-30 23:27:19.339000][transaction.cpp:1737]\tgas fees: 28799200 = 26214400 * 71998 /2^16 ; price=26214400; flat rate=[40000 for 100]; remaining balance=3032093331ng\n' +
            '[ 3][t 0][2024-10-30 23:27:19.339000][transaction.cpp:2678]\tin try_action_reserve_currency(0)\n' +
            '[ 4][t 0][2024-10-30 23:27:19.339000][transaction.cpp:2684]\taction_reserve_currency: mode=0, reserve=2100000000ng, balance=3032093331ng, original balance=2100000000ng\n' +
            '[ 3][t 0][2024-10-30 23:27:19.339000][transaction.cpp:2729]\tchanged remaining balance to 932093331ng, reserved balance to 2100000000ng\n' +
            '[ 4][t 0][2024-10-30 23:27:19.339000][transaction.cpp:2448]\tstorage paid for a message: 1 cells, 96 bits\n' +
            '[ 4][t 0][2024-10-30 23:27:19.339000][transaction.cpp:2452]\tcomputed fwd fees = 478400 + 0\n' +
            '[ 4][t 0][2024-10-30 23:27:19.339000][transaction.cpp:2448]\tstorage paid for a message: 1 cells, 96 bits\n' +
            '[ 4][t 0][2024-10-30 23:27:19.339000][transaction.cpp:2452]\tcomputed fwd fees = 478400 + 0\n' +
            '[ 4][t 0][2024-10-30 23:27:19.339000][transaction.cpp:2448]\tstorage paid for a message: 1 cells, 431 bits\n' +
            '[ 4][t 0][2024-10-30 23:27:19.339000][transaction.cpp:2452]\tcomputed fwd fees = 612400 + 0\n' +
            '[ 4][t 0][2024-10-30 23:27:19.340000][transaction.cpp:2448]\tstorage paid for a message: 27 cells, 6976 bits\n' +
            '[ 4][t 0][2024-10-30 23:27:19.340000][transaction.cpp:2452]\tcomputed fwd fees = 4270400 + 0\n',
          vmLogs: 'xecute EQUAL\n' +
            'execute THROWIF 137\n' +
            'execute PUSHPOW2 10\n' +
            'execute EQUAL\n' +
            'execute THROWIFNOT 136\n' +
            'execute STSLICER\n' +
            'execute ENDC\n' +
            'execute ROT\n' +
            'execute STREF\n' +
            'execute ENDC\n' +
            'execute SWAP\n' +
            'execute STREF\n' +
            'execute implicit RET\n' +
            'execute ENDC\n' +
            'execute POP c4\n' +
            'execute implicit RET\n',
          debugLogs: '',
          events: [Array],
          parent: [Object],
          children: [Array],
          externals: [Array]
        },
        children: [ [Object] ],
        externals: []
      },
      {
        address: 101852738109603725607761920797369865272772728943991090530178890834824226043772n,
        lt: 40000000n,
        prevTransactionHash: 46829751795778449656276215240871077828195579520795875572575748054079222635805n,
        prevTransactionLt: 27000000n,
        now: 1732922838,
        outMessagesCount: 1,
        oldStatus: 'active',
        endStatus: 'active',
        inMessage: { info: [Object], init: null, body: x{BC26F4C80000000000000001} },
        outMessages: Dictionary { _key: [Object], _value: [Object], _map: [Map] },
        totalFees: { coins: 5334831n },
        stateUpdate: {
          oldHash: <Buffer f3 6f 73 35 cb 1c 5b 09 51 25 21 fe f9 2f b7 b7 09 cc 22 2e 21 1c d7 a2 46 d1 b4 13 24 b3 13 29>,
          newHash: <Buffer a6 20 dd 8e ba d9 3c 67 a8 bd 01 f9 e3 58 a9 7a 34 0e c7 a8 24 4c 99 79 bd f7 cb 05 50 8b 1f d5>
        },
        description: {
          type: 'generic',
          creditFirst: false,
          storagePhase: [Object],
          creditPhase: [Object],
          computePhase: [Object],
          actionPhase: [Object],
          bouncePhase: undefined,
          aborted: false,
          destroyed: false
        },
        raw: x{7E12E9B5A9ADF7C908B113242524E81F00F28287FE1829FB614C604014052777C0000000002625A006788B341F5EE4CDF5BB67038D919D8571EB384EE02358EE29162FED4EAF4DD1D00000000019BFCC0674A4DD6000346A2CE5E}
         x{E_}
          x{6800A4BAF36B13E3AE770F28659A34B2D81F38859E8C08CF776F2BB4B4418043827100384BA6D6A6B7DF2422C44C909493A07C03CA0A1FF860A7ED8531810050149DDF10101931000609BBB0000000000487AB04CE949BAC5E137A640000000000000000C_}
          x{DF_}
           x{6801C25D36B535BEF92116226484A49D03E01E5050FFC3053F6C298C080280A4EEF90014975E6D627C75CEE1E50CB346965B03E710B3D18119EEEDE57696883008704E101119EF88060DFF5E0000000004C4B402CE949BACC_}
            x{2A004A0500000000000000010000000000000000000000000000000000000000000000000000000000000000400B75A3E1A6460F415CE3721F308920C4B456F3B977F39EB26CED9155308A976CC}
         x{72F36F7335CB1C5B09512521FEF92FB7B709CC222E211CD7A246D1B41324B31329A620DD8EBAD93C67A8BD01F9E358A97A340EC7A8244C9979BDF7CB05508B1FD5}
         x{04C4360789010193101867A1E811_}
          x{44E28C0A4D9000000000000000013D00000000000000000000000000000000000000000000000000000000000000000000000000000000000000000000000000000000000000000000000000000000}
          x{C9853FC04C0DFF44000000000002000000000003FFB2652E35979066CAC0633284C4E8042DB1FCB29F76FDFE1F06536CEE4DA4744090296C_},
        hash: [Function: hash],
        blockchainLogs: '[ 4][t 0][2024-10-30 23:27:19.347000][transaction.cpp:443]\tunpacking account E12E9B5A9ADF7C908B113242524E81F00F28287FE1829FB614C604014052777C\n' +
          '[ 4][t 0][2024-10-30 23:27:19.347000][transaction.cpp:274]\tlast_paid=1730330838; cells=30 bits=12911 public_cells=0\n' +
          '[ 4][t 0][2024-10-30 23:27:19.347000][transaction.cpp:504]\tend of Account.unpack() for 0:E12E9B5A9ADF7C908B113242524E81F00F28287FE1829FB614C604014052777C (balance = 10000000ng ; last_trans_lt = 27000000..27000002)\n' +
          '[ 4][t 0][2024-10-30 23:27:19.347000][transaction.cpp:3655]\tblock random seed set to 0000000000000000000000000000000000000000000000000000000000000000\n' +
          '[ 4][t 0][2024-10-30 23:27:19.347000][transaction.cpp:1236]\tgas limits: max=191044, limit=168804, credit=0\n' +
          '[ 4][t 0][2024-10-30 23:27:19.347000][transaction.cpp:1575]\tin_msg_state is null\n' +
          '[ 4][t 0][2024-10-30 23:27:19.347000][transaction.cpp:1645]\tcreating VM\n' +
          '[ 4][t 0][2024-10-30 23:27:19.347000][transaction.cpp:1351]\tSmartContractInfo initialized with [ 124711402 0 0 1732922838 40000000 40000000 43870772645377937883531240781324653013999287705787709612543318804107744319189 [ 76417698 (null) ] CS{Cell{026dc00e12e9b5a9adf7c908b113242524e81f00f28287fe1829fb614c604014052777c23c8c9bc3391606b000000000066ff308e625a01340} bits: 1..268; refs: 0..0} C{A7EC01478F770EF8F8B037CC7E42F0ABF0D85A50E1828C2394DAD1411691F2DE} C{33BB148A451AD17F938AA7C476E48F2B79933715F13F1D58F9234A90730321A8} [ 67521600 (null) ] 1103902 (null) [ CS{Cell{004dd06600000000000000000000000080000000000000fa00000000000001f4000000000003d09040} bits: 9..305; refs: 0..0} (null) CS{Cell{0094d1000000000000006400000000000f4240de000000002710000000000000000f42400000000002160ec0000000000000271000000000002625a00000000005f5e100000000003b9aca00} bits: 0..592; refs: 0..0} CS{Cell{0094d100000000000000640000000000009c40de000000000190000000000000000f424000000000000f4240000000000000271000000000009896800000000005f5e100000000003b9aca00} bits: 0..592; refs: 0..0} CS{Cell{0042ea000000000098968000000000271000000000000f424000000001800055555555} bits: 0..264; refs: 0..0} CS{Cell{0042ea0000000000061a800000000001900000000000009c4000000001800055555555} bits: 0..264; refs: 0..0} (null) ] 0 (null) ]\n' +
          '[ 4][t 0][2024-10-30 23:27:19.347000][transaction.cpp:1675]\tstarting VM\n' +
          '[ 4][t 0][2024-10-30 23:27:19.347000][transaction.cpp:1680]\tVM terminated with exit code 0\n' +
          '[ 3][t 0][2024-10-30 23:27:19.347000][transaction.cpp:1702]\tsteps: 317 gas: used=10004, max=191044, limit=168804, credit=0\n' +
          '[ 3][t 0][2024-10-30 23:27:19.348000][transaction.cpp:1704]\tout_of_gas=false, accepted=true, success=true, time=0.000478s\n' +
          '[ 4][t 0][2024-10-30 23:27:19.348000][transaction.cpp:1737]\tgas fees: 4001600 = 26214400 * 10004 /2^16 ; price=26214400; flat rate=[40000 for 100]; remaining balance=72416098ng\n' +
          '[ 4][t 0][2024-10-30 23:27:19.348000][transaction.cpp:2448]\tstorage paid for a message: 1 cells, 620 bits\n' +
          '[ 4][t 0][2024-10-30 23:27:19.348000][transaction.cpp:2452]\tcomputed fwd fees = 688000 + 0\n',
        vmLogs: 'e implicit RET\n' +
          'execute OVER\n' +
          'execute ISNULL\n' +
          'execute NOT\n' +
          'execute PUSHCONT x7F01CA00CC\n' +
          'execute PUSHCONT x7032CA00\n' +
          'execute IFELSE\n' +
          'execute PUSHINT -1\n' +
          'execute SWAP\n' +
          'execute STI 1\n' +
          'execute STREF\n' +
          'execute implicit RET\n' +
          'execute ENDC\n' +
          'execute POP c4\n' +
          'execute implicit RET\n',
        debugLogs: '',
        events: [ [Object] ],
        parent: {
          address: 37254810366437813475271750514734067285117962570475561289538093995582013161784n,
          lt: 38000000n,
          prevTransactionHash: 29992760460001401141302406108917334695201254910612896337084780795803414936545n,
          prevTransactionLt: 36000000n,
          now: 1732922838,
          outMessagesCount: 4,
          oldStatus: 'active',
          endStatus: 'active',
          inMessage: [Object],
          outMessages: [Dictionary],
          totalFees: [Object],
          stateUpdate: [Object],
          description: [Object],
          raw: x{7525D79B589F1D73B879432CD1A596C0F9C42CF460467BBB795DA5A20C021C138000000000243D580424F4D03BE4A045E6B1C2D6B98BE5D3E536073CCA6C31A893F75D30C1619BBE10000000002255100674A4DD600094803B6BE68}
           x{E_}
            x{680173A49878148A4F6041C04B952AC2638BD6A1025222AF84BFAF2C3BE5A07436D50014975E6D627C75CEE1E50CB346965B03E710B3D18119EEEDE57696883008704E10E51839CC0610D45E0000000004692682CE949BAC5B43D58B8000000000000000000000004_}
             x{02202FAF080202FAF08021DCD65001CC4B4021DCD65003391606B3397F7EB3391606B33A526EB00000000800000004_}
              x{801028CD38D6A9FB165BB1D27554DCBBC8B7A064E07EF4C3832956828113614F545_}
            x{DB_}
             x{2_}
              x{2_}
               x{6800A4BAF36B13E3AE770F28659A34B2D81F38859E8C08CF776F2BB4B44180438271001F33C9E03834F86C2DA0166D0212C129A321D08D5D171B4080758BCF48863C4D90101931000609BBB0000000000487AB02CE949BACC_}
                x{BC26F4C80000000000000000}
              x{2_}
               x{6800A4BAF36B13E3AE770F28659A34B2D81F38859E8C08CF776F2BB4B4418043827100384BA6D6A6B7DF2422C44C909493A07C03CA0A1FF860A7ED8531810050149DDF10101931000609BBB0000000000487AB04CE949BACC_}
                x{BC26F4C80000000000000001}
             x{2_}
              x{2_}
               x{E00292EBCDAC4F8EB9DC3CA19668D2CB607CE2167A30233DDDBCAED2D106010E09C0000000000487AB06CE949BACC_}
                x{8B6D3812000000000000000000000000801028CD38D6A9FB165BB1D27554DCBBC8B7A064E07EF4C3832956828113614F544877359401_}
              x{2_}
               x{4800A4BAF36B13E3AE770F28659A34B2D81F38859E8C08CF776F2BB4B44180438271002E74930F029149EC08380972A5584C717AD4204A4455F097F5E5877CB40E86DA90BCA3A88C0656E1D8000000000487AB08CE949BADE_}
                x{34_}
                 x{FF00F4A413F4BCF2C80B}
                  x{62_}
                   x{D001D0D3030171B0A301FA400120D74981010BBAF2E08820D70B0A208104FFBAF2D0898309BAF2E088545053036F04F86102F862DB3C5512DB3CF2E082}
                    x{ED44D0D401F863D200018E2FD31FFA400120D74981010BBAF2E08820D70B0A208104FFBAF2D0898309BAF2E08801D2000191D4926D01E255206C13E0F828D70B0A8309BAF2E089810101D700FA400120D74981010BBAF2E08820D70B0A208104FFBAF2D0898309BAF2E0881202D101DB3C}
                     x{6D}
                    x{0192307FE07021D749C21F953020D70B1FDE208210AFE93535BA8F5130D31F018210AFE93535BAF2E081D33FFA400120D74981010BBAF2E08820D70B0A208104FFBAF2D0898309BAF2E08801D455206C1332820898968070FB024434DB3C30037083067055206D6D6DDB3C597FE0208210B8A3AA14BAE302}
                     x{F8425220C705F2E084}
                     x{C87101CA01500701CA007001CA02500520D74981010BBAF2E08820D70B0A208104FFBAF2D0898309BAF2E088CF165003FA027001CA68236EB3917F93246EB3E2973333017001CA00E30D216EB39C7F01CA0001206EF2D08001CC95317001CA00E2C901FB00}
                      x{7F01CA00C87001CA007001CA00246EB39D7F01CA0004206EF2D0805004CC9634037001CA00E2246EB39D7F01CA0004206EF2D0805004CC9634037001CA00E27001CA00027F01CA0002C958CC}
                     x{30D31F018210B8A3AA14BAF2E081D33FFA400120D74981010BBAF2E08820D70B0A208104FFBAF2D0898309BAF2E088126C12317020FB025520DB3C03708100A07055206D6D6DDB3C587F}
                      x{F8425220C705F2E084}
                      x{C87101CA01500701CA007001CA02500520D74981010BBAF2E08820D70B0A208104FFBAF2D0898309BAF2E088CF165003FA027001CA68236EB3917F93246EB3E2973333017001CA00E30D216EB39C7F01CA0001206EF2D08001CC95317001CA00E2C901FB00}
                       x{7F01CA00C87001CA007001CA00246EB39D7F01CA0004206EF2D0805004CC9634037001CA00E2246EB39D7F01CA0004206EF2D0805004CC9634037001CA00E27001CA00027F01CA0002C958CC}
                     x{8210E601F8E5BA8ECED31F018210E601F8E5BAF2E081D33F0131820898968070FB02F8416F2410235F037083067F25206EF2D080542580C855208210B687AB175004CB1F12CB3FCB1FCCC9103441301443306D6DDB3C7FE03070}
                      x{C87101CA01500701CA007001CA02500520D74981010BBAF2E08820D70B0A208104FFBAF2D0898309BAF2E088CF165003FA027001CA68236EB3917F93246EB3E2973333017001CA00E30D216EB39C7F01CA0001206EF2D08001CC95317001CA00E2C901FB00}
                       x{7F01CA00C87001CA007001CA00246EB39D7F01CA0004206EF2D0805004CC9634037001CA00E2246EB39D7F01CA0004206EF2D0805004CC9634037001CA00E27001CA00027F01CA0002C958CC}
                    x{C8F84301CC7F01CA0055205023CB1F0120D74981010BBAF2E08820D70B0A208104FFBAF2D0898309BAF2E088CF16216EB3957F01CA00CC947032CA00E2C9ED54}
                   x{2_}
                    x{BE28EED9E6D9E3618C_}
                     x{ED44D0D401F863D200018E2FD31FFA400120D74981010BBAF2E08820D70B0A208104FFBAF2D0898309BAF2E08801D2000191D4926D01E255206C13E0F828D70B0A8309BAF2E089810101D700FA400120D74981010BBAF2E08820D70B0A208104FFBAF2D0898309BAF2E0881202D101DB3C}
                      x{6D}
                     x{21}
                    x{2_}
                     x{4}
                      x{B1D8B6CF36CF1B0C6_}
                       x{ED44D0D401F863D200018E2FD31FFA400120D74981010BBAF2E08820D70B0A208104FFBAF2D0898309BAF2E08801D2000191D4926D01E255206C13E0F828D70B0A8309BAF2E089810101D700FA400120D74981010BBAF2E08820D70B0A208104FFBAF2D0898309BAF2E0881202D101DB3C}
                        x{6D}
                       x{20}
                      x{B36436CF36CF1B0C6_}
                       x{ED44D0D401F863D200018E2FD31FFA400120D74981010BBAF2E08820D70B0A208104FFBAF2D0898309BAF2E08801D2000191D4926D01E255206C13E0F828D70B0A8309BAF2E089810101D700FA400120D74981010BBAF2E08820D70B0A208104FFBAF2D0898309BAF2E0881202D101DB3C}
                        x{6D}
                       x{22}
                     x{B82BEED44D0D20001}
                 x{0000000000000000000000000000000000000000000000000000000000000000200292EBCDAC4F8EB9DC3CA19668D2CB607CE2167A30233DDDBCAED2D106010E09C4_}
                  x{C_}
                   x{A0838F_}
                    x{FF00F4A413F4BCF2C80B}
                     x{62_}
                      x{D001D0D3030171B0A301FA400120D74981010BBAF2E08820D70B0A208104FFBAF2D0898309BAF2E088545053036F04F86102F862DB3C5512DB3CF2E082}
                       x{ED44D0D401F863D200018E2FD31FFA400120D74981010BBAF2E08820D70B0A208104FFBAF2D0898309BAF2E08801D2000191D4926D01E255206C13E0F828D70B0A8309BAF2E089810101D700FA400120D74981010BBAF2E08820D70B0A208104FFBAF2D0898309BAF2E0881202D101DB3C}
                        x{6D}
                       x{0192307FE07021D749C21F953020D70B1FDE208210AFE93535BA8F5130D31F018210AFE93535BAF2E081D33FFA400120D74981010BBAF2E08820D70B0A208104FFBAF2D0898309BAF2E08801D455206C1332820898968070FB024434DB3C30037083067055206D6D6DDB3C597FE0208210B8A3AA14BAE302}
                        x{F8425220C705F2E084}
                        x{C87101CA01500701CA007001CA02500520D74981010BBAF2E08820D70B0A208104FFBAF2D0898309BAF2E088CF165003FA027001CA68236EB3917F93246EB3E2973333017001CA00E30D216EB39C7F01CA0001206EF2D08001CC95317001CA00E2C901FB00}
                         x{7F01CA00C87001CA007001CA00246EB39D7F01CA0004206EF2D0805004CC9634037001CA00E2246EB39D7F01CA0004206EF2D0805004CC9634037001CA00E27001CA00027F01CA0002C958CC}
                        x{30D31F018210B8A3AA14BAF2E081D33FFA400120D74981010BBAF2E08820D70B0A208104FFBAF2D0898309BAF2E088126C12317020FB025520DB3C03708100A07055206D6D6DDB3C587F}
                         x{F8425220C705F2E084}
                         x{C87101CA01500701CA007001CA02500520D74981010BBAF2E08820D70B0A208104FFBAF2D0898309BAF2E088CF165003FA027001CA68236EB3917F93246EB3E2973333017001CA00E30D216EB39C7F01CA0001206EF2D08001CC95317001CA00E2C901FB00}
                          x{7F01CA00C87001CA007001CA00246EB39D7F01CA0004206EF2D0805004CC9634037001CA00E2246EB39D7F01CA0004206EF2D0805004CC9634037001CA00E27001CA00027F01CA0002C958CC}
                        x{8210E601F8E5BA8ECED31F018210E601F8E5BAF2E081D33F0131820898968070FB02F8416F2410235F037083067F25206EF2D080542580C855208210B687AB175004CB1F12CB3FCB1FCCC9103441301443306D6DDB3C7FE03070}
                         x{C87101CA01500701CA007001CA02500520D74981010BBAF2E08820D70B0A208104FFBAF2D0898309BAF2E088CF165003FA027001CA68236EB3917F93246EB3E2973333017001CA00E30D216EB39C7F01CA0001206EF2D08001CC95317001CA00E2C901FB00}
                          x{7F01CA00C87001CA007001CA00246EB39D7F01CA0004206EF2D0805004CC9634037001CA00E2246EB39D7F01CA0004206EF2D0805004CC9634037001CA00E27001CA00027F01CA0002C958CC}
                       x{C8F84301CC7F01CA0055205023CB1F0120D74981010BBAF2E08820D70B0A208104FFBAF2D0898309BAF2E088CF16216EB3957F01CA00CC947032CA00E2C9ED54}
                      x{2_}
                       x{BE28EED9E6D9E3618C_}
                        x{ED44D0D401F863D200018E2FD31FFA400120D74981010BBAF2E08820D70B0A208104FFBAF2D0898309BAF2E08801D2000191D4926D01E255206C13E0F828D70B0A8309BAF2E089810101D700FA400120D74981010BBAF2E08820D70B0A208104FFBAF2D0898309BAF2E0881202D101DB3C}
                         x{6D}
                        x{21}
                       x{2_}
                        x{4}
                         x{B1D8B6CF36CF1B0C6_}
                          x{ED44D0D401F863D200018E2FD31FFA400120D74981010BBAF2E08820D70B0A208104FFBAF2D0898309BAF2E08801D2000191D4926D01E255206C13E0F828D70B0A8309BAF2E089810101D700FA400120D74981010BBAF2E08820D70B0A208104FFBAF2D0898309BAF2E0881202D101DB3C}
                           x{6D}
                          x{20}
                         x{B36436CF36CF1B0C6_}
                          x{ED44D0D401F863D200018E2FD31FFA400120D74981010BBAF2E08820D70B0A208104FFBAF2D0898309BAF2E08801D2000191D4926D01E255206C13E0F828D70B0A8309BAF2E089810101D700FA400120D74981010BBAF2E08820D70B0A208104FFBAF2D0898309BAF2E0881202D101DB3C}
                           x{6D}
                          x{22}
                        x{B82BEED44D0D20001}
                x{B8A3AA140000000000000000801D3E5E1B0970E52ABD4EA639AED542E118FE33D2F03FE072737A6B74A8FDC2C69_}
           x{72FC5DA02F85553EA779D001FCBB54E0EC5F4E93E4DCC4F38FA2360B33C8868A89FF4CDD26E4B920ED5D4760710C53E12568917B42B7C707228467A63BDD773964}
           x{04090E51839CD88036EE1C11_}
            x{602327CC3D09000000000000000007C100000000000000000000000000000000000000000000000000000000000000000000000000000000000000000000000000000000000000000000000000000000}
            x{C9AC8D784C8FB95000000000000A0002000000086C667028F3CC35C5E1D1AEB75B20D68906AE33005305D31C6C00E378213282B048913B24_},
          hash: [Function: hash],
          blockchainLogs: '[ 4][t 0][2024-10-30 23:27:19.337000][transaction.cpp:443]\tunpacking account 525D79B589F1D73B879432CD1A596C0F9C42CF460467BBB795DA5A20C021C138\n' +
            '[ 4][t 0][2024-10-30 23:27:19.337000][transaction.cpp:274]\tlast_paid=1732922838; cells=232 bits=84034 public_cells=0\n' +
            '[ 4][t 0][2024-10-30 23:27:19.337000][transaction.cpp:504]\tend of Account.unpack() for 0:525D79B589F1D73B879432CD1A596C0F9C42CF460467BBB795DA5A20C021C138 (balance = 2100000000ng ; last_trans_lt = 36000000..36000002)\n' +
            '[ 4][t 0][2024-10-30 23:27:19.337000][transaction.cpp:3655]\tblock random seed set to 0000000000000000000000000000000000000000000000000000000000000000\n' +
            '[ 4][t 0][2024-10-30 23:27:19.337000][transaction.cpp:1236]\tgas limits: max=1000000, limit=1000000, credit=0\n' +
            '[ 4][t 0][2024-10-30 23:27:19.337000][transaction.cpp:1575]\tin_msg_state is null\n' +
            '[ 4][t 0][2024-10-30 23:27:19.337000][transaction.cpp:1645]\tcreating VM\n' +
            '[ 4][t 0][2024-10-30 23:27:19.337000][transaction.cpp:1351]\tSmartContractInfo initialized with [ 124711402 0 0 1732922838 38000000 38000000 14068792954309835536948273256715513127174070948738620016199408580766834334284 [ 3060892531 (null) ] CS{Cell{0271c00525d79b589f1d73b879432cd1a596c0f9c42cf460467bbb795da5a20c021c1383d0c05210833a526eb000000000089544091f4add401340} bits: 1..268; refs: 0..0} C{A7EC01478F770EF8F8B037CC7E42F0ABF0D85A50E1828C2394DAD1411691F2DE} C{42B6F0E46484EFC57B9508F6BA7EF42E7512023D5CB4ED5628DD1C7755D16E9D} [ 960892531 (null) ] 0 (null) [ CS{Cell{004dd06600000000000000000000000080000000000000fa00000000000001f4000000000003d09040} bits: 9..305; refs: 0..0} (null) CS{Cell{0094d1000000000000006400000000000f4240de000000002710000000000000000f42400000000002160ec0000000000000271000000000002625a00000000005f5e100000000003b9aca00} bits: 0..592; refs: 0..0} CS{Cell{0094d100000000000000640000000000009c40de000000000190000000000000000f424000000000000f4240000000000000271000000000009896800000000005f5e100000000003b9aca00} bits: 0..592; refs: 0..0} CS{Cell{0042ea000000000098968000000000271000000000000f424000000001800055555555} bits: 0..264; refs: 0..0} CS{Cell{0042ea0000000000061a800000000001900000000000009c4000000001800055555555} bits: 0..264; refs: 0..0} (null) ] 0 (null) ]\n' +
            '[ 4][t 0][2024-10-30 23:27:19.338000][transaction.cpp:1675]\tstarting VM\n' +
            '[ 4][t 0][2024-10-30 23:27:19.339000][transaction.cpp:1680]\tVM terminated with exit code 0\n' +
            '[ 3][t 0][2024-10-30 23:27:19.339000][transaction.cpp:1702]\tsteps: 1985 gas: used=71998, max=1000000, limit=1000000, credit=0\n' +
            '[ 3][t 0][2024-10-30 23:27:19.339000][transaction.cpp:1704]\tout_of_gas=false, accepted=true, success=true, time=0.001643s\n' +
            '[ 4][t 0][2024-10-30 23:27:19.339000][transaction.cpp:1737]\tgas fees: 28799200 = 26214400 * 71998 /2^16 ; price=26214400; flat rate=[40000 for 100]; remaining balance=3032093331ng\n' +
            '[ 3][t 0][2024-10-30 23:27:19.339000][transaction.cpp:2678]\tin try_action_reserve_currency(0)\n' +
            '[ 4][t 0][2024-10-30 23:27:19.339000][transaction.cpp:2684]\taction_reserve_currency: mode=0, reserve=2100000000ng, balance=3032093331ng, original balance=2100000000ng\n' +
            '[ 3][t 0][2024-10-30 23:27:19.339000][transaction.cpp:2729]\tchanged remaining balance to 932093331ng, reserved balance to 2100000000ng\n' +
            '[ 4][t 0][2024-10-30 23:27:19.339000][transaction.cpp:2448]\tstorage paid for a message: 1 cells, 96 bits\n' +
            '[ 4][t 0][2024-10-30 23:27:19.339000][transaction.cpp:2452]\tcomputed fwd fees = 478400 + 0\n' +
            '[ 4][t 0][2024-10-30 23:27:19.339000][transaction.cpp:2448]\tstorage paid for a message: 1 cells, 96 bits\n' +
            '[ 4][t 0][2024-10-30 23:27:19.339000][transaction.cpp:2452]\tcomputed fwd fees = 478400 + 0\n' +
            '[ 4][t 0][2024-10-30 23:27:19.339000][transaction.cpp:2448]\tstorage paid for a message: 1 cells, 431 bits\n' +
            '[ 4][t 0][2024-10-30 23:27:19.339000][transaction.cpp:2452]\tcomputed fwd fees = 612400 + 0\n' +
            '[ 4][t 0][2024-10-30 23:27:19.340000][transaction.cpp:2448]\tstorage paid for a message: 27 cells, 6976 bits\n' +
            '[ 4][t 0][2024-10-30 23:27:19.340000][transaction.cpp:2452]\tcomputed fwd fees = 4270400 + 0\n',
          vmLogs: 'xecute EQUAL\n' +
            'execute THROWIF 137\n' +
            'execute PUSHPOW2 10\n' +
            'execute EQUAL\n' +
            'execute THROWIFNOT 136\n' +
            'execute STSLICER\n' +
            'execute ENDC\n' +
            'execute ROT\n' +
            'execute STREF\n' +
            'execute ENDC\n' +
            'execute SWAP\n' +
            'execute STREF\n' +
            'execute implicit RET\n' +
            'execute ENDC\n' +
            'execute POP c4\n' +
            'execute implicit RET\n',
          debugLogs: '',
          events: [Array],
          parent: [Object],
          children: [Array],
          externals: [Array]
        },
        children: [ [Object] ],
        externals: []
      },
      {
        address: 84049441022908470316622795825605090351520748406577698494615284512509455375210n,
        lt: 41000000n,
        prevTransactionHash: 17849643568153913346271439815178300161917836089524975689350636623206639702086n,
        prevTransactionLt: 37000000n,
        now: 1732922838,
        outMessagesCount: 1,
        oldStatus: 'active',
        endStatus: 'non-existing',
        inMessage: {
          info: [Object],
          init: [Object],
          body: x{B8A3AA140000000000000000801D3E5E1B0970E52ABD4EA639AED542E118FE33D2F03FE072737A6B74A8FDC2C69_}
        },
        outMessages: Dictionary { _key: [Object], _value: [Object], _map: [Map] },
        totalFees: { coins: 3532131n },
        stateUpdate: {
          oldHash: <Buffer 76 1b f7 df 65 1a 9a 98 ce 1e f6 e8 92 c6 ea c0 b5 b1 cc 02 a2 54 02 ad 33 3b 2f 73 76 30 7c 11>,
          newHash: <Buffer 90 ae c8 96 5a fa bb 16 eb c3 cb 9b 40 8e ba e7 1b 61 8d 78 78 8b c8 0d 09 84 35 93 ca c9 8d a4>
        },
        description: {
          type: 'generic',
          creditFirst: true,
          storagePhase: [Object],
          creditPhase: [Object],
          computePhase: [Object],
          actionPhase: [Object],
          bouncePhase: undefined,
          aborted: false,
          destroyed: true
        },
        raw: x{7B9D24C3C0A4527B020E025CA956131C5EB5081291157C25FD7961DF2D03A1B6A0000000002719C4027768A4D1B123698F836D755927DA5A7E1F108DB2811796CB7E2D0354DDF90460000000002349340674A4DD60003666BCAC6}
         x{E_}
          x{4800A4BAF36B13E3AE770F28659A34B2D81F38859E8C08CF776F2BB4B44180438271002E74930F029149EC08380972A5584C717AD4204A4455F097F5E5877CB40E86DA90BCA3A88C0656E1D8000000000487AB08CE949BADE_}
           x{34_}
            x{FF00F4A413F4BCF2C80B}
             x{62_}
              x{D001D0D3030171B0A301FA400120D74981010BBAF2E08820D70B0A208104FFBAF2D0898309BAF2E088545053036F04F86102F862DB3C5512DB3CF2E082}
               x{ED44D0D401F863D200018E2FD31FFA400120D74981010BBAF2E08820D70B0A208104FFBAF2D0898309BAF2E08801D2000191D4926D01E255206C13E0F828D70B0A8309BAF2E089810101D700FA400120D74981010BBAF2E08820D70B0A208104FFBAF2D0898309BAF2E0881202D101DB3C}
                x{6D}
               x{0192307FE07021D749C21F953020D70B1FDE208210AFE93535BA8F5130D31F018210AFE93535BAF2E081D33FFA400120D74981010BBAF2E08820D70B0A208104FFBAF2D0898309BAF2E08801D455206C1332820898968070FB024434DB3C30037083067055206D6D6DDB3C597FE0208210B8A3AA14BAE302}
                x{F8425220C705F2E084}
                x{C87101CA01500701CA007001CA02500520D74981010BBAF2E08820D70B0A208104FFBAF2D0898309BAF2E088CF165003FA027001CA68236EB3917F93246EB3E2973333017001CA00E30D216EB39C7F01CA0001206EF2D08001CC95317001CA00E2C901FB00}
                 x{7F01CA00C87001CA007001CA00246EB39D7F01CA0004206EF2D0805004CC9634037001CA00E2246EB39D7F01CA0004206EF2D0805004CC9634037001CA00E27001CA00027F01CA0002C958CC}
                x{30D31F018210B8A3AA14BAF2E081D33FFA400120D74981010BBAF2E08820D70B0A208104FFBAF2D0898309BAF2E088126C12317020FB025520DB3C03708100A07055206D6D6DDB3C587F}
                 x{F8425220C705F2E084}
                 x{C87101CA01500701CA007001CA02500520D74981010BBAF2E08820D70B0A208104FFBAF2D0898309BAF2E088CF165003FA027001CA68236EB3917F93246EB3E2973333017001CA00E30D216EB39C7F01CA0001206EF2D08001CC95317001CA00E2C901FB00}
                  x{7F01CA00C87001CA007001CA00246EB39D7F01CA0004206EF2D0805004CC9634037001CA00E2246EB39D7F01CA0004206EF2D0805004CC9634037001CA00E27001CA00027F01CA0002C958CC}
                x{8210E601F8E5BA8ECED31F018210E601F8E5BAF2E081D33F0131820898968070FB02F8416F2410235F037083067F25206EF2D080542580C855208210B687AB175004CB1F12CB3FCB1FCCC9103441301443306D6DDB3C7FE03070}
                 x{C87101CA01500701CA007001CA02500520D74981010BBAF2E08820D70B0A208104FFBAF2D0898309BAF2E088CF165003FA027001CA68236EB3917F93246EB3E2973333017001CA00E30D216EB39C7F01CA0001206EF2D08001CC95317001CA00E2C901FB00}
                  x{7F01CA00C87001CA007001CA00246EB39D7F01CA0004206EF2D0805004CC9634037001CA00E2246EB39D7F01CA0004206EF2D0805004CC9634037001CA00E27001CA00027F01CA0002C958CC}
               x{C8F84301CC7F01CA0055205023CB1F0120D74981010BBAF2E08820D70B0A208104FFBAF2D0898309BAF2E088CF16216EB3957F01CA00CC947032CA00E2C9ED54}
              x{2_}
               x{BE28EED9E6D9E3618C_}
                x{ED44D0D401F863D200018E2FD31FFA400120D74981010BBAF2E08820D70B0A208104FFBAF2D0898309BAF2E08801D2000191D4926D01E255206C13E0F828D70B0A8309BAF2E089810101D700FA400120D74981010BBAF2E08820D70B0A208104FFBAF2D0898309BAF2E0881202D101DB3C}
                 x{6D}
                x{21}
               x{2_}
                x{4}
                 x{B1D8B6CF36CF1B0C6_}
                  x{ED44D0D401F863D200018E2FD31FFA400120D74981010BBAF2E08820D70B0A208104FFBAF2D0898309BAF2E08801D2000191D4926D01E255206C13E0F828D70B0A8309BAF2E089810101D700FA400120D74981010BBAF2E08820D70B0A208104FFBAF2D0898309BAF2E0881202D101DB3C}
                   x{6D}
                  x{20}
                 x{B36436CF36CF1B0C6_}
                  x{ED44D0D401F863D200018E2FD31FFA400120D74981010BBAF2E08820D70B0A208104FFBAF2D0898309BAF2E08801D2000191D4926D01E255206C13E0F828D70B0A8309BAF2E089810101D700FA400120D74981010BBAF2E08820D70B0A208104FFBAF2D0898309BAF2E0881202D101DB3C}
                   x{6D}
                  x{22}
                x{B82BEED44D0D20001}
            x{0000000000000000000000000000000000000000000000000000000000000000200292EBCDAC4F8EB9DC3CA19668D2CB607CE2167A30233DDDBCAED2D106010E09C4_}
             x{C_}
              x{A0838F_}
               x{FF00F4A413F4BCF2C80B}
                x{62_}
                 x{D001D0D3030171B0A301FA400120D74981010BBAF2E08820D70B0A208104FFBAF2D0898309BAF2E088545053036F04F86102F862DB3C5512DB3CF2E082}
                  x{ED44D0D401F863D200018E2FD31FFA400120D74981010BBAF2E08820D70B0A208104FFBAF2D0898309BAF2E08801D2000191D4926D01E255206C13E0F828D70B0A8309BAF2E089810101D700FA400120D74981010BBAF2E08820D70B0A208104FFBAF2D0898309BAF2E0881202D101DB3C}
                   x{6D}
                  x{0192307FE07021D749C21F953020D70B1FDE208210AFE93535BA8F5130D31F018210AFE93535BAF2E081D33FFA400120D74981010BBAF2E08820D70B0A208104FFBAF2D0898309BAF2E08801D455206C1332820898968070FB024434DB3C30037083067055206D6D6DDB3C597FE0208210B8A3AA14BAE302}
                   x{F8425220C705F2E084}
                   x{C87101CA01500701CA007001CA02500520D74981010BBAF2E08820D70B0A208104FFBAF2D0898309BAF2E088CF165003FA027001CA68236EB3917F93246EB3E2973333017001CA00E30D216EB39C7F01CA0001206EF2D08001CC95317001CA00E2C901FB00}
                    x{7F01CA00C87001CA007001CA00246EB39D7F01CA0004206EF2D0805004CC9634037001CA00E2246EB39D7F01CA0004206EF2D0805004CC9634037001CA00E27001CA00027F01CA0002C958CC}
                   x{30D31F018210B8A3AA14BAF2E081D33FFA400120D74981010BBAF2E08820D70B0A208104FFBAF2D0898309BAF2E088126C12317020FB025520DB3C03708100A07055206D6D6DDB3C587F}
                    x{F8425220C705F2E084}
                    x{C87101CA01500701CA007001CA02500520D74981010BBAF2E08820D70B0A208104FFBAF2D0898309BAF2E088CF165003FA027001CA68236EB3917F93246EB3E2973333017001CA00E30D216EB39C7F01CA0001206EF2D08001CC95317001CA00E2C901FB00}
                     x{7F01CA00C87001CA007001CA00246EB39D7F01CA0004206EF2D0805004CC9634037001CA00E2246EB39D7F01CA0004206EF2D0805004CC9634037001CA00E27001CA00027F01CA0002C958CC}
                   x{8210E601F8E5BA8ECED31F018210E601F8E5BAF2E081D33F0131820898968070FB02F8416F2410235F037083067F25206EF2D080542580C855208210B687AB175004CB1F12CB3FCB1FCCC9103441301443306D6DDB3C7FE03070}
                    x{C87101CA01500701CA007001CA02500520D74981010BBAF2E08820D70B0A208104FFBAF2D0898309BAF2E088CF165003FA027001CA68236EB3917F93246EB3E2973333017001CA00E30D216EB39C7F01CA0001206EF2D08001CC95317001CA00E2C901FB00}
                     x{7F01CA00C87001CA007001CA00246EB39D7F01CA0004206EF2D0805004CC9634037001CA00E2246EB39D7F01CA0004206EF2D0805004CC9634037001CA00E27001CA00027F01CA0002C958CC}
                  x{C8F84301CC7F01CA0055205023CB1F0120D74981010BBAF2E08820D70B0A208104FFBAF2D0898309BAF2E088CF16216EB3957F01CA00CC947032CA00E2C9ED54}
                 x{2_}
                  x{BE28EED9E6D9E3618C_}
                   x{ED44D0D401F863D200018E2FD31FFA400120D74981010BBAF2E08820D70B0A208104FFBAF2D0898309BAF2E08801D2000191D4926D01E255206C13E0F828D70B0A8309BAF2E089810101D700FA400120D74981010BBAF2E08820D70B0A208104FFBAF2D0898309BAF2E0881202D101DB3C}
                    x{6D}
                   x{21}
                  x{2_}
                   x{4}
                    x{B1D8B6CF36CF1B0C6_}
                     x{ED44D0D401F863D200018E2FD31FFA400120D74981010BBAF2E08820D70B0A208104FFBAF2D0898309BAF2E08801D2000191D4926D01E255206C13E0F828D70B0A8309BAF2E089810101D700FA400120D74981010BBAF2E08820D70B0A208104FFBAF2D0898309BAF2E0881202D101DB3C}
                      x{6D}
                     x{20}
                    x{B36436CF36CF1B0C6_}
                     x{ED44D0D401F863D200018E2FD31FFA400120D74981010BBAF2E08820D70B0A208104FFBAF2D0898309BAF2E08801D2000191D4926D01E255206C13E0F828D70B0A8309BAF2E089810101D700FA400120D74981010BBAF2E08820D70B0A208104FFBAF2D0898309BAF2E0881202D101DB3C}
                      x{6D}
                     x{22}
                   x{B82BEED44D0D20001}
           x{B8A3AA140000000000000000801D3E5E1B0970E52ABD4EA639AED542E118FE33D2F03FE072737A6B74A8FDC2C69_}
          x{DF_}
           x{480173A49878148A4F6041C04B952AC2638BD6A1025222AF84BFAF2C3BE5A07436D5003A7CBC3612E1CA557A9D4C735DAA85C231FC67A5E07FC0E4E6F4D6E951FB858D10BE1E264C0608235A0000000004E33882CE949BAC4_}
         x{72761BF7DF651A9A98CE1EF6E892C6EAC0B5B1CC02A25402AD333B2F7376307C1190AEC8965AFABB16EBC3CB9B408EBAE71B618D78788BC80D09843593CAC98DA4}
         x{0C090BCA3A88D8667B9213_}
          x{44262C3D09000000000000000000FA00000000000000000000000000000000000000000000000000000000000000000000000000000000000000000000000000000000000000000000000000000000}
          x{DCC186A0260411A6000000000002000100000001F01808E7C65384854FD0A4F77793F95695733B675EB306C4FAC3CFF546A3D22720280B06_},
        hash: [Function: hash],
        blockchainLogs: '[ 4][t 0][2024-10-30 23:27:19.350000][transaction.cpp:443]\tunpacking account B9D24C3C0A4527B020E025CA956131C5EB5081291157C25FD7961DF2D03A1B6A\n' +
          '[ 4][t 0][2024-10-30 23:27:19.350000][transaction.cpp:274]\tlast_paid=1732922838; cells=28 bits=7123 public_cells=0\n' +
          '[ 4][t 0][2024-10-30 23:27:19.350000][transaction.cpp:504]\tend of Account.unpack() for 0:B9D24C3C0A4527B020E025CA956131C5EB5081291157C25FD7961DF2D03A1B6A (balance = 10000000ng ; last_trans_lt = 37000000..37000002)\n' +
          '[ 4][t 0][2024-10-30 23:27:19.350000][transaction.cpp:3655]\tblock random seed set to 0000000000000000000000000000000000000000000000000000000000000000\n' +
          '[ 4][t 0][2024-10-30 23:27:19.350000][transaction.cpp:1236]\tgas limits: max=1000000, limit=1000000, credit=0\n' +
          '[ 4][t 0][2024-10-30 23:27:19.350000][transaction.cpp:1571]\tHASH(in_msg_state) = B9D24C3C0A4527B020E025CA956131C5EB5081291157C25FD7961DF2D03A1B6A, account_state_hash = 0000000000000000000000000000000000000000000000000000000000000000\n' +
          '[ 4][t 0][2024-10-30 23:27:19.350000][transaction.cpp:1645]\tcreating VM\n' +
          '[ 4][t 0][2024-10-30 23:27:19.350000][transaction.cpp:1351]\tSmartContractInfo initialized with [ 124711402 0 0 1732922838 41000000 41000000 84630195367514639409622924175749312199831056191303332875639359062248049886761 [ 801210531 (null) ] CS{Cell{026dc00b9d24c3c0a4527b020e025ca956131c5eb5081291157c25fd7961df2d03a1b6a23886f4c33a526eb00000000008d24d08e625a01340} bits: 1..268; refs: 0..0} C{A7EC01478F770EF8F8B037CC7E42F0ABF0D85A50E1828C2394DAD1411691F2DE} C{F2179DCD5CFD8A1E113288591FFB7A5E10E107D0D2C36DF69E40398023DAA7B1} [ 791210531 (null) ] 0 (null) [ CS{Cell{004dd06600000000000000000000000080000000000000fa00000000000001f4000000000003d09040} bits: 9..305; refs: 0..0} (null) CS{Cell{0094d1000000000000006400000000000f4240de000000002710000000000000000f42400000000002160ec0000000000000271000000000002625a00000000005f5e100000000003b9aca00} bits: 0..592; refs: 0..0} CS{Cell{0094d100000000000000640000000000009c40de000000000190000000000000000f424000000000000f4240000000000000271000000000009896800000000005f5e100000000003b9aca00} bits: 0..592; refs: 0..0} CS{Cell{0042ea000000000098968000000000271000000000000f424000000001800055555555} bits: 0..264; refs: 0..0} CS{Cell{0042ea0000000000061a800000000001900000000000009c4000000001800055555555} bits: 0..264; refs: 0..0} (null) ] 0 (null) ]\n' +
          '[ 4][t 0][2024-10-30 23:27:19.350000][transaction.cpp:1675]\tstarting VM\n' +
          '[ 4][t 0][2024-10-30 23:27:19.350000][transaction.cpp:1680]\tVM terminated with exit code 0\n' +
          '[ 3][t 0][2024-10-30 23:27:19.350000][transaction.cpp:1702]\tsteps: 250 gas: used=8497, max=1000000, limit=1000000, credit=0\n' +
          '[ 3][t 0][2024-10-30 23:27:19.350000][transaction.cpp:1704]\tout_of_gas=false, accepted=true, success=true, time=0.000389s\n' +
          '[ 4][t 0][2024-10-30 23:27:19.350000][transaction.cpp:1737]\tgas fees: 3398800 = 26214400 * 8497 /2^16 ; price=26214400; flat rate=[40000 for 100]; remaining balance=797811731ng\n' +
          '[ 3][t 0][2024-10-30 23:27:19.351000][transaction.cpp:2678]\tin try_action_reserve_currency(0)\n' +
          '[ 4][t 0][2024-10-30 23:27:19.351000][transaction.cpp:2684]\taction_reserve_currency: mode=0, reserve=0ng, balance=797811731ng, original balance=10000000ng\n' +
          '[ 3][t 0][2024-10-30 23:27:19.351000][transaction.cpp:2729]\tchanged remaining balance to 797811731ng, reserved balance to 0ng\n' +
          '[ 4][t 0][2024-10-30 23:27:19.351000][transaction.cpp:2448]\tstorage paid for a message: 0 cells, 0 bits\n' +
          '[ 4][t 0][2024-10-30 23:27:19.351000][transaction.cpp:2452]\tcomputed fwd fees = 400000 + 0\n',
        vmLogs: 'ecute STSLICER\n' +
          'execute OVER\n' +
          'execute ISNULL\n' +
          'execute NOT\n' +
          'execute PUSHCONT x7F01CA00CC\n' +
          'execute PUSHCONT x7032CA00\n' +
          'execute IFELSE\n' +
          'execute PUSHINT -1\n' +
          'execute SWAP\n' +
          'execute STI 1\n' +
          'execute STREF\n' +
          'execute implicit RET\n' +
          'execute ENDC\n' +
          'execute POP c4\n' +
          'execute implicit RET\n',
        debugLogs: '',
        events: [ [Object], [Object] ],
        parent: {
          address: 37254810366437813475271750514734067285117962570475561289538093995582013161784n,
          lt: 38000000n,
          prevTransactionHash: 29992760460001401141302406108917334695201254910612896337084780795803414936545n,
          prevTransactionLt: 36000000n,
          now: 1732922838,
          outMessagesCount: 4,
          oldStatus: 'active',
          endStatus: 'active',
          inMessage: [Object],
          outMessages: [Dictionary],
          totalFees: [Object],
          stateUpdate: [Object],
          description: [Object],
          raw: x{7525D79B589F1D73B879432CD1A596C0F9C42CF460467BBB795DA5A20C021C138000000000243D580424F4D03BE4A045E6B1C2D6B98BE5D3E536073CCA6C31A893F75D30C1619BBE10000000002255100674A4DD600094803B6BE68}
           x{E_}
            x{680173A49878148A4F6041C04B952AC2638BD6A1025222AF84BFAF2C3BE5A07436D50014975E6D627C75CEE1E50CB346965B03E710B3D18119EEEDE57696883008704E10E51839CC0610D45E0000000004692682CE949BAC5B43D58B8000000000000000000000004_}
             x{02202FAF080202FAF08021DCD65001CC4B4021DCD65003391606B3397F7EB3391606B33A526EB00000000800000004_}
              x{801028CD38D6A9FB165BB1D27554DCBBC8B7A064E07EF4C3832956828113614F545_}
            x{DB_}
             x{2_}
              x{2_}
               x{6800A4BAF36B13E3AE770F28659A34B2D81F38859E8C08CF776F2BB4B44180438271001F33C9E03834F86C2DA0166D0212C129A321D08D5D171B4080758BCF48863C4D90101931000609BBB0000000000487AB02CE949BACC_}
                x{BC26F4C80000000000000000}
              x{2_}
               x{6800A4BAF36B13E3AE770F28659A34B2D81F38859E8C08CF776F2BB4B4418043827100384BA6D6A6B7DF2422C44C909493A07C03CA0A1FF860A7ED8531810050149DDF10101931000609BBB0000000000487AB04CE949BACC_}
                x{BC26F4C80000000000000001}
             x{2_}
              x{2_}
               x{E00292EBCDAC4F8EB9DC3CA19668D2CB607CE2167A30233DDDBCAED2D106010E09C0000000000487AB06CE949BACC_}
                x{8B6D3812000000000000000000000000801028CD38D6A9FB165BB1D27554DCBBC8B7A064E07EF4C3832956828113614F544877359401_}
              x{2_}
               x{4800A4BAF36B13E3AE770F28659A34B2D81F38859E8C08CF776F2BB4B44180438271002E74930F029149EC08380972A5584C717AD4204A4455F097F5E5877CB40E86DA90BCA3A88C0656E1D8000000000487AB08CE949BADE_}
                x{34_}
                 x{FF00F4A413F4BCF2C80B}
                  x{62_}
                   x{D001D0D3030171B0A301FA400120D74981010BBAF2E08820D70B0A208104FFBAF2D0898309BAF2E088545053036F04F86102F862DB3C5512DB3CF2E082}
                    x{ED44D0D401F863D200018E2FD31FFA400120D74981010BBAF2E08820D70B0A208104FFBAF2D0898309BAF2E08801D2000191D4926D01E255206C13E0F828D70B0A8309BAF2E089810101D700FA400120D74981010BBAF2E08820D70B0A208104FFBAF2D0898309BAF2E0881202D101DB3C}
                     x{6D}
                    x{0192307FE07021D749C21F953020D70B1FDE208210AFE93535BA8F5130D31F018210AFE93535BAF2E081D33FFA400120D74981010BBAF2E08820D70B0A208104FFBAF2D0898309BAF2E08801D455206C1332820898968070FB024434DB3C30037083067055206D6D6DDB3C597FE0208210B8A3AA14BAE302}
                     x{F8425220C705F2E084}
                     x{C87101CA01500701CA007001CA02500520D74981010BBAF2E08820D70B0A208104FFBAF2D0898309BAF2E088CF165003FA027001CA68236EB3917F93246EB3E2973333017001CA00E30D216EB39C7F01CA0001206EF2D08001CC95317001CA00E2C901FB00}
                      x{7F01CA00C87001CA007001CA00246EB39D7F01CA0004206EF2D0805004CC9634037001CA00E2246EB39D7F01CA0004206EF2D0805004CC9634037001CA00E27001CA00027F01CA0002C958CC}
                     x{30D31F018210B8A3AA14BAF2E081D33FFA400120D74981010BBAF2E08820D70B0A208104FFBAF2D0898309BAF2E088126C12317020FB025520DB3C03708100A07055206D6D6DDB3C587F}
                      x{F8425220C705F2E084}
                      x{C87101CA01500701CA007001CA02500520D74981010BBAF2E08820D70B0A208104FFBAF2D0898309BAF2E088CF165003FA027001CA68236EB3917F93246EB3E2973333017001CA00E30D216EB39C7F01CA0001206EF2D08001CC95317001CA00E2C901FB00}
                       x{7F01CA00C87001CA007001CA00246EB39D7F01CA0004206EF2D0805004CC9634037001CA00E2246EB39D7F01CA0004206EF2D0805004CC9634037001CA00E27001CA00027F01CA0002C958CC}
                     x{8210E601F8E5BA8ECED31F018210E601F8E5BAF2E081D33F0131820898968070FB02F8416F2410235F037083067F25206EF2D080542580C855208210B687AB175004CB1F12CB3FCB1FCCC9103441301443306D6DDB3C7FE03070}
                      x{C87101CA01500701CA007001CA02500520D74981010BBAF2E08820D70B0A208104FFBAF2D0898309BAF2E088CF165003FA027001CA68236EB3917F93246EB3E2973333017001CA00E30D216EB39C7F01CA0001206EF2D08001CC95317001CA00E2C901FB00}
                       x{7F01CA00C87001CA007001CA00246EB39D7F01CA0004206EF2D0805004CC9634037001CA00E2246EB39D7F01CA0004206EF2D0805004CC9634037001CA00E27001CA00027F01CA0002C958CC}
                    x{C8F84301CC7F01CA0055205023CB1F0120D74981010BBAF2E08820D70B0A208104FFBAF2D0898309BAF2E088CF16216EB3957F01CA00CC947032CA00E2C9ED54}
                   x{2_}
                    x{BE28EED9E6D9E3618C_}
                     x{ED44D0D401F863D200018E2FD31FFA400120D74981010BBAF2E08820D70B0A208104FFBAF2D0898309BAF2E08801D2000191D4926D01E255206C13E0F828D70B0A8309BAF2E089810101D700FA400120D74981010BBAF2E08820D70B0A208104FFBAF2D0898309BAF2E0881202D101DB3C}
                      x{6D}
                     x{21}
                    x{2_}
                     x{4}
                      x{B1D8B6CF36CF1B0C6_}
                       x{ED44D0D401F863D200018E2FD31FFA400120D74981010BBAF2E08820D70B0A208104FFBAF2D0898309BAF2E08801D2000191D4926D01E255206C13E0F828D70B0A8309BAF2E089810101D700FA400120D74981010BBAF2E08820D70B0A208104FFBAF2D0898309BAF2E0881202D101DB3C}
                        x{6D}
                       x{20}
                      x{B36436CF36CF1B0C6_}
                       x{ED44D0D401F863D200018E2FD31FFA400120D74981010BBAF2E08820D70B0A208104FFBAF2D0898309BAF2E08801D2000191D4926D01E255206C13E0F828D70B0A8309BAF2E089810101D700FA400120D74981010BBAF2E08820D70B0A208104FFBAF2D0898309BAF2E0881202D101DB3C}
                        x{6D}
                       x{22}
                     x{B82BEED44D0D20001}
                 x{0000000000000000000000000000000000000000000000000000000000000000200292EBCDAC4F8EB9DC3CA19668D2CB607CE2167A30233DDDBCAED2D106010E09C4_}
                  x{C_}
                   x{A0838F_}
                    x{FF00F4A413F4BCF2C80B}
                     x{62_}
                      x{D001D0D3030171B0A301FA400120D74981010BBAF2E08820D70B0A208104FFBAF2D0898309BAF2E088545053036F04F86102F862DB3C5512DB3CF2E082}
                       x{ED44D0D401F863D200018E2FD31FFA400120D74981010BBAF2E08820D70B0A208104FFBAF2D0898309BAF2E08801D2000191D4926D01E255206C13E0F828D70B0A8309BAF2E089810101D700FA400120D74981010BBAF2E08820D70B0A208104FFBAF2D0898309BAF2E0881202D101DB3C}
                        x{6D}
                       x{0192307FE07021D749C21F953020D70B1FDE208210AFE93535BA8F5130D31F018210AFE93535BAF2E081D33FFA400120D74981010BBAF2E08820D70B0A208104FFBAF2D0898309BAF2E08801D455206C1332820898968070FB024434DB3C30037083067055206D6D6DDB3C597FE0208210B8A3AA14BAE302}
                        x{F8425220C705F2E084}
                        x{C87101CA01500701CA007001CA02500520D74981010BBAF2E08820D70B0A208104FFBAF2D0898309BAF2E088CF165003FA027001CA68236EB3917F93246EB3E2973333017001CA00E30D216EB39C7F01CA0001206EF2D08001CC95317001CA00E2C901FB00}
                         x{7F01CA00C87001CA007001CA00246EB39D7F01CA0004206EF2D0805004CC9634037001CA00E2246EB39D7F01CA0004206EF2D0805004CC9634037001CA00E27001CA00027F01CA0002C958CC}
                        x{30D31F018210B8A3AA14BAF2E081D33FFA400120D74981010BBAF2E08820D70B0A208104FFBAF2D0898309BAF2E088126C12317020FB025520DB3C03708100A07055206D6D6DDB3C587F}
                         x{F8425220C705F2E084}
                         x{C87101CA01500701CA007001CA02500520D74981010BBAF2E08820D70B0A208104FFBAF2D0898309BAF2E088CF165003FA027001CA68236EB3917F93246EB3E2973333017001CA00E30D216EB39C7F01CA0001206EF2D08001CC95317001CA00E2C901FB00}
                          x{7F01CA00C87001CA007001CA00246EB39D7F01CA0004206EF2D0805004CC9634037001CA00E2246EB39D7F01CA0004206EF2D0805004CC9634037001CA00E27001CA00027F01CA0002C958CC}
                        x{8210E601F8E5BA8ECED31F018210E601F8E5BAF2E081D33F0131820898968070FB02F8416F2410235F037083067F25206EF2D080542580C855208210B687AB175004CB1F12CB3FCB1FCCC9103441301443306D6DDB3C7FE03070}
                         x{C87101CA01500701CA007001CA02500520D74981010BBAF2E08820D70B0A208104FFBAF2D0898309BAF2E088CF165003FA027001CA68236EB3917F93246EB3E2973333017001CA00E30D216EB39C7F01CA0001206EF2D08001CC95317001CA00E2C901FB00}
                          x{7F01CA00C87001CA007001CA00246EB39D7F01CA0004206EF2D0805004CC9634037001CA00E2246EB39D7F01CA0004206EF2D0805004CC9634037001CA00E27001CA00027F01CA0002C958CC}
                       x{C8F84301CC7F01CA0055205023CB1F0120D74981010BBAF2E08820D70B0A208104FFBAF2D0898309BAF2E088CF16216EB3957F01CA00CC947032CA00E2C9ED54}
                      x{2_}
                       x{BE28EED9E6D9E3618C_}
                        x{ED44D0D401F863D200018E2FD31FFA400120D74981010BBAF2E08820D70B0A208104FFBAF2D0898309BAF2E08801D2000191D4926D01E255206C13E0F828D70B0A8309BAF2E089810101D700FA400120D74981010BBAF2E08820D70B0A208104FFBAF2D0898309BAF2E0881202D101DB3C}
                         x{6D}
                        x{21}
                       x{2_}
                        x{4}
                         x{B1D8B6CF36CF1B0C6_}
                          x{ED44D0D401F863D200018E2FD31FFA400120D74981010BBAF2E08820D70B0A208104FFBAF2D0898309BAF2E08801D2000191D4926D01E255206C13E0F828D70B0A8309BAF2E089810101D700FA400120D74981010BBAF2E08820D70B0A208104FFBAF2D0898309BAF2E0881202D101DB3C}
                           x{6D}
                          x{20}
                         x{B36436CF36CF1B0C6_}
                          x{ED44D0D401F863D200018E2FD31FFA400120D74981010BBAF2E08820D70B0A208104FFBAF2D0898309BAF2E08801D2000191D4926D01E255206C13E0F828D70B0A8309BAF2E089810101D700FA400120D74981010BBAF2E08820D70B0A208104FFBAF2D0898309BAF2E0881202D101DB3C}
                           x{6D}
                          x{22}
                        x{B82BEED44D0D20001}
                x{B8A3AA140000000000000000801D3E5E1B0970E52ABD4EA639AED542E118FE33D2F03FE072737A6B74A8FDC2C69_}
           x{72FC5DA02F85553EA779D001FCBB54E0EC5F4E93E4DCC4F38FA2360B33C8868A89FF4CDD26E4B920ED5D4760710C53E12568917B42B7C707228467A63BDD773964}
           x{04090E51839CD88036EE1C11_}
            x{602327CC3D09000000000000000007C100000000000000000000000000000000000000000000000000000000000000000000000000000000000000000000000000000000000000000000000000000000}
            x{C9AC8D784C8FB95000000000000A0002000000086C667028F3CC35C5E1D1AEB75B20D68906AE33005305D31C6C00E378213282B048913B24_},
          hash: [Function: hash],
          blockchainLogs: '[ 4][t 0][2024-10-30 23:27:19.337000][transaction.cpp:443]\tunpacking account 525D79B589F1D73B879432CD1A596C0F9C42CF460467BBB795DA5A20C021C138\n' +
            '[ 4][t 0][2024-10-30 23:27:19.337000][transaction.cpp:274]\tlast_paid=1732922838; cells=232 bits=84034 public_cells=0\n' +
            '[ 4][t 0][2024-10-30 23:27:19.337000][transaction.cpp:504]\tend of Account.unpack() for 0:525D79B589F1D73B879432CD1A596C0F9C42CF460467BBB795DA5A20C021C138 (balance = 2100000000ng ; last_trans_lt = 36000000..36000002)\n' +
            '[ 4][t 0][2024-10-30 23:27:19.337000][transaction.cpp:3655]\tblock random seed set to 0000000000000000000000000000000000000000000000000000000000000000\n' +
            '[ 4][t 0][2024-10-30 23:27:19.337000][transaction.cpp:1236]\tgas limits: max=1000000, limit=1000000, credit=0\n' +
            '[ 4][t 0][2024-10-30 23:27:19.337000][transaction.cpp:1575]\tin_msg_state is null\n' +
            '[ 4][t 0][2024-10-30 23:27:19.337000][transaction.cpp:1645]\tcreating VM\n' +
            '[ 4][t 0][2024-10-30 23:27:19.337000][transaction.cpp:1351]\tSmartContractInfo initialized with [ 124711402 0 0 1732922838 38000000 38000000 14068792954309835536948273256715513127174070948738620016199408580766834334284 [ 3060892531 (null) ] CS{Cell{0271c00525d79b589f1d73b879432cd1a596c0f9c42cf460467bbb795da5a20c021c1383d0c05210833a526eb000000000089544091f4add401340} bits: 1..268; refs: 0..0} C{A7EC01478F770EF8F8B037CC7E42F0ABF0D85A50E1828C2394DAD1411691F2DE} C{42B6F0E46484EFC57B9508F6BA7EF42E7512023D5CB4ED5628DD1C7755D16E9D} [ 960892531 (null) ] 0 (null) [ CS{Cell{004dd06600000000000000000000000080000000000000fa00000000000001f4000000000003d09040} bits: 9..305; refs: 0..0} (null) CS{Cell{0094d1000000000000006400000000000f4240de000000002710000000000000000f42400000000002160ec0000000000000271000000000002625a00000000005f5e100000000003b9aca00} bits: 0..592; refs: 0..0} CS{Cell{0094d100000000000000640000000000009c40de000000000190000000000000000f424000000000000f4240000000000000271000000000009896800000000005f5e100000000003b9aca00} bits: 0..592; refs: 0..0} CS{Cell{0042ea000000000098968000000000271000000000000f424000000001800055555555} bits: 0..264; refs: 0..0} CS{Cell{0042ea0000000000061a800000000001900000000000009c4000000001800055555555} bits: 0..264; refs: 0..0} (null) ] 0 (null) ]\n' +
            '[ 4][t 0][2024-10-30 23:27:19.338000][transaction.cpp:1675]\tstarting VM\n' +
            '[ 4][t 0][2024-10-30 23:27:19.339000][transaction.cpp:1680]\tVM terminated with exit code 0\n' +
            '[ 3][t 0][2024-10-30 23:27:19.339000][transaction.cpp:1702]\tsteps: 1985 gas: used=71998, max=1000000, limit=1000000, credit=0\n' +
            '[ 3][t 0][2024-10-30 23:27:19.339000][transaction.cpp:1704]\tout_of_gas=false, accepted=true, success=true, time=0.001643s\n' +
            '[ 4][t 0][2024-10-30 23:27:19.339000][transaction.cpp:1737]\tgas fees: 28799200 = 26214400 * 71998 /2^16 ; price=26214400; flat rate=[40000 for 100]; remaining balance=3032093331ng\n' +
            '[ 3][t 0][2024-10-30 23:27:19.339000][transaction.cpp:2678]\tin try_action_reserve_currency(0)\n' +
            '[ 4][t 0][2024-10-30 23:27:19.339000][transaction.cpp:2684]\taction_reserve_currency: mode=0, reserve=2100000000ng, balance=3032093331ng, original balance=2100000000ng\n' +
            '[ 3][t 0][2024-10-30 23:27:19.339000][transaction.cpp:2729]\tchanged remaining balance to 932093331ng, reserved balance to 2100000000ng\n' +
            '[ 4][t 0][2024-10-30 23:27:19.339000][transaction.cpp:2448]\tstorage paid for a message: 1 cells, 96 bits\n' +
            '[ 4][t 0][2024-10-30 23:27:19.339000][transaction.cpp:2452]\tcomputed fwd fees = 478400 + 0\n' +
            '[ 4][t 0][2024-10-30 23:27:19.339000][transaction.cpp:2448]\tstorage paid for a message: 1 cells, 96 bits\n' +
            '[ 4][t 0][2024-10-30 23:27:19.339000][transaction.cpp:2452]\tcomputed fwd fees = 478400 + 0\n' +
            '[ 4][t 0][2024-10-30 23:27:19.339000][transaction.cpp:2448]\tstorage paid for a message: 1 cells, 431 bits\n' +
            '[ 4][t 0][2024-10-30 23:27:19.339000][transaction.cpp:2452]\tcomputed fwd fees = 612400 + 0\n' +
            '[ 4][t 0][2024-10-30 23:27:19.340000][transaction.cpp:2448]\tstorage paid for a message: 27 cells, 6976 bits\n' +
            '[ 4][t 0][2024-10-30 23:27:19.340000][transaction.cpp:2452]\tcomputed fwd fees = 4270400 + 0\n',
          vmLogs: 'xecute EQUAL\n' +
            'execute THROWIF 137\n' +
            'execute PUSHPOW2 10\n' +
            'execute EQUAL\n' +
            'execute THROWIFNOT 136\n' +
            'execute STSLICER\n' +
            'execute ENDC\n' +
            'execute ROT\n' +
            'execute STREF\n' +
            'execute ENDC\n' +
            'execute SWAP\n' +
            'execute STREF\n' +
            'execute implicit RET\n' +
            'execute ENDC\n' +
            'execute POP c4\n' +
            'execute implicit RET\n',
          debugLogs: '',
          events: [Array],
          parent: [Object],
          children: [Array],
          externals: [Array]
        },
        children: [ [Object] ],
        externals: []
      },
      {
        address: 37254810366437813475271750514734067285117962570475561289538093995582013161784n,
        lt: 42000000n,
        prevTransactionHash: 81131513769239533640427756228201033108418948995752947457662485322992679018078n,
        prevTransactionLt: 38000000n,
        now: 1732922838,
        outMessagesCount: 2,
        oldStatus: 'active',
        endStatus: 'active',
        inMessage: {
          info: [Object],
          init: null,
          body: x{2A004A0500000000000000000000000000000000000000000000000000000000000000000000000000000000C00814669C6B54FD8B2DD8E93AAA6E5DE45BD032703F7A61C194AB414089B0A7AA2}
        },
        outMessages: Dictionary { _key: [Object], _value: [Object], _map: [Map] },
        totalFees: { coins: 11323062n },
        stateUpdate: {
          oldHash: <Buffer ff 4c dd 26 e4 b9 20 ed 5d 47 60 71 0c 53 e1 25 68 91 7b 42 b7 c7 07 22 84 67 a6 3b dd 77 39 64>,
          newHash: <Buffer 6a 23 4b bf c5 81 b0 6e e2 f0 ae aa 50 2c 15 e5 1b 29 e3 4e 3b b9 2f b0 d0 7b f7 86 91 a8 62 e5>
        },
        description: {
          type: 'generic',
          creditFirst: false,
          storagePhase: [Object],
          creditPhase: [Object],
          computePhase: [Object],
          actionPhase: [Object],
          bouncePhase: undefined,
          aborted: false,
          destroyed: false
        },
        raw: x{7525D79B589F1D73B879432CD1A596C0F9C42CF460467BBB795DA5A20C021C138000000000280DE80B35ECF3ADFDBA01426BF663426CE43790E74D8B95E5A6936EB16B810DF2E5E5E000000000243D580674A4DD6000547598D6C}
         x{E_}
          x{6800F99E4F01C1A7C3616D00B3681096094D190E846AE8B8DA0403AC5E7A4431E26D0014975E6D627C75CEE1E50CB346965B03E710B3D18119EEEDE57696883008704E101119EF88060DFF5E0000000004A62F82CE949BACC_}
           x{2A004A0500000000000000000000000000000000000000000000000000000000000000000000000000000000C00814669C6B54FD8B2DD8E93AAA6E5DE45BD032703F7A61C194AB414089B0A7AA2}
          x{DD_}
           x{2_}
            x{6800A4BAF36B13E3AE770F28659A34B2D81F38859E8C08CF776F2BB4B441804382710020519A71AD53F62CB763A4EAA9B977916F40C9C0FDE9870652AD050226C29EA890FA19E1000608235A000000000501BD02CE949BAC4_}
           x{2_}
            x{6800A4BAF36B13E3AE770F28659A34B2D81F38859E8C08CF776F2BB4B44180438271003A7CBC3612E1CA557A9D4C735DAA85C231FC67A5E07FC0E4E6F4D6E951FB858D100E4647480608235A000000000501BD04CE949BAC4_}
         x{72FF4CDD26E4B920ED5D4760710C53E12568917B42B7C707228467A63BDD7739646A234BBFC581B06EE2F0AEAA502C15E51B29E34E3BB92FB0D07BF78691A862E5}
         x{040901119EF8987516A211_}
          x{4D7F2C0AF1E00000000000000002E500000000000000000000000000000000000000000000000000000000000000000000000000000000000000000000000000000000000000000000000000000000}
          x{C9861A804C104698000000000006000200000004520F5BFAE2DB811E659CF17FB03F2335C3023F4A4B88DDB137FBD366D6D178EA40902C14_},
        hash: [Function: hash],
        blockchainLogs: '[ 4][t 0][2024-10-30 23:27:19.354000][transaction.cpp:443]\tunpacking account 525D79B589F1D73B879432CD1A596C0F9C42CF460467BBB795DA5A20C021C138\n' +
          '[ 4][t 0][2024-10-30 23:27:19.354000][transaction.cpp:274]\tlast_paid=1732922838; cells=234 bits=84033 public_cells=0\n' +
          '[ 4][t 0][2024-10-30 23:27:19.354000][transaction.cpp:504]\tend of Account.unpack() for 0:525D79B589F1D73B879432CD1A596C0F9C42CF460467BBB795DA5A20C021C138 (balance = 2100000000ng ; last_trans_lt = 38000000..38000005)\n' +
          '[ 4][t 0][2024-10-30 23:27:19.354000][transaction.cpp:3655]\tblock random seed set to 0000000000000000000000000000000000000000000000000000000000000000\n' +
          '[ 4][t 0][2024-10-30 23:27:19.354000][transaction.cpp:1236]\tgas limits: max=1000000, limit=179320, credit=0\n' +
          '[ 4][t 0][2024-10-30 23:27:19.354000][transaction.cpp:1575]\tin_msg_state is null\n' +
          '[ 4][t 0][2024-10-30 23:27:19.354000][transaction.cpp:1645]\tcreating VM\n' +
          '[ 4][t 0][2024-10-30 23:27:19.354000][transaction.cpp:1351]\tSmartContractInfo initialized with [ 124711402 0 0 1732922838 42000000 42000000 14068792954309835536948273256715513127174070948738620016199408580766834334284 [ 2171728098 (null) ] CS{Cell{0271c00525d79b589f1d73b879432cd1a596c0f9c42cf460467bbb795da5a20c021c1383d4c05210433a526eb000000000090f56151f4add401340} bits: 1..268; refs: 0..0} C{A7EC01478F770EF8F8B037CC7E42F0ABF0D85A50E1828C2394DAD1411691F2DE} C{42B6F0E46484EFC57B9508F6BA7EF42E7512023D5CB4ED5628DD1C7755D16E9D} [ 71728098 (null) ] 0 (null) [ CS{Cell{004dd06600000000000000000000000080000000000000fa00000000000001f4000000000003d09040} bits: 9..305; refs: 0..0} (null) CS{Cell{0094d1000000000000006400000000000f4240de000000002710000000000000000f42400000000002160ec0000000000000271000000000002625a00000000005f5e100000000003b9aca00} bits: 0..592; refs: 0..0} CS{Cell{0094d100000000000000640000000000009c40de000000000190000000000000000f424000000000000f4240000000000000271000000000009896800000000005f5e100000000003b9aca00} bits: 0..592; refs: 0..0} CS{Cell{0042ea000000000098968000000000271000000000000f424000000001800055555555} bits: 0..264; refs: 0..0} CS{Cell{0042ea0000000000061a800000000001900000000000009c4000000001800055555555} bits: 0..264; refs: 0..0} (null) ] 0 (null) ]\n' +
          '[ 4][t 0][2024-10-30 23:27:19.354000][transaction.cpp:1675]\tstarting VM\n' +
          '[ 4][t 0][2024-10-30 23:27:19.355000][transaction.cpp:1680]\tVM terminated with exit code 0\n' +
          '[ 3][t 0][2024-10-30 23:27:19.355000][transaction.cpp:1702]\tsteps: 741 gas: used=27641, max=1000000, limit=179320, credit=0\n' +
          '[ 3][t 0][2024-10-30 23:27:19.355000][transaction.cpp:1704]\tout_of_gas=false, accepted=true, success=true, time=0.000770s\n' +
          '[ 4][t 0][2024-10-30 23:27:19.355000][transaction.cpp:1737]\tgas fees: 11056400 = 26214400 * 27641 /2^16 ; price=26214400; flat rate=[40000 for 100]; remaining balance=2160671698ng\n' +
          '[ 3][t 0][2024-10-30 23:27:19.355000][transaction.cpp:2678]\tin try_action_reserve_currency(0)\n' +
          '[ 4][t 0][2024-10-30 23:27:19.355000][transaction.cpp:2684]\taction_reserve_currency: mode=0, reserve=1051000000ng, balance=2160671698ng, original balance=2100000000ng\n' +
          '[ 3][t 0][2024-10-30 23:27:19.355000][transaction.cpp:2729]\tchanged remaining balance to 1109671698ng, reserved balance to 1051000000ng\n' +
          '[ 4][t 0][2024-10-30 23:27:19.355000][transaction.cpp:2448]\tstorage paid for a message: 0 cells, 0 bits\n' +
          '[ 4][t 0][2024-10-30 23:27:19.355000][transaction.cpp:2452]\tcomputed fwd fees = 400000 + 0\n' +
          '[ 4][t 0][2024-10-30 23:27:19.355000][transaction.cpp:2448]\tstorage paid for a message: 0 cells, 0 bits\n' +
          '[ 4][t 0][2024-10-30 23:27:19.355000][transaction.cpp:2452]\tcomputed fwd fees = 400000 + 0\n',
        vmLogs: 'xecute EQUAL\n' +
          'execute THROWIF 137\n' +
          'execute PUSHPOW2 10\n' +
          'execute EQUAL\n' +
          'execute THROWIFNOT 136\n' +
          'execute STSLICER\n' +
          'execute ENDC\n' +
          'execute ROT\n' +
          'execute STREF\n' +
          'execute ENDC\n' +
          'execute SWAP\n' +
          'execute STREF\n' +
          'execute implicit RET\n' +
          'execute ENDC\n' +
          'execute POP c4\n' +
          'execute implicit RET\n',
        debugLogs: '',
        events: [ [Object], [Object] ],
        parent: {
          address: 56452803209391972311245829800318013664241380452486081517026592719308720763190n,
          lt: 39000000n,
          prevTransactionHash: 49162274675413260344990375239876453711669571171807958476384034159839683532815n,
          prevTransactionLt: 28000000n,
          now: 1732922838,
          outMessagesCount: 1,
          oldStatus: 'active',
          endStatus: 'active',
          inMessage: [Object],
          outMessages: [Dictionary],
          totalFees: [Object],
          stateUpdate: [Object],
          description: [Object],
          raw: x{77CCF2780E0D3E1B0B68059B4084B04A68C874235745C6D0201D62F3D2218F13600000000025317C06CB0DC841409B60E3DED0E7C3BAB6AFBD113DE555FB9B77488377FED136BD80F0000000001AB3F00674A4DD6000346A2CE5E}
           x{E_}
            x{6800A4BAF36B13E3AE770F28659A34B2D81F38859E8C08CF776F2BB4B44180438271001F33C9E03834F86C2DA0166D0212C129A321D08D5D171B4080758BCF48863C4D90101931000609BBB0000000000487AB02CE949BAC5E137A6400000000000000004_}
            x{DF_}
             x{6800F99E4F01C1A7C3616D00B3681096094D190E846AE8B8DA0403AC5E7A4431E26D0014975E6D627C75CEE1E50CB346965B03E710B3D18119EEEDE57696883008704E101119EF88060DFF5E0000000004A62F82CE949BACC_}
              x{2A004A0500000000000000000000000000000000000000000000000000000000000000000000000000000000C00814669C6B54FD8B2DD8E93AAA6E5DE45BD032703F7A61C194AB414089B0A7AA2}
           x{72536D4C1CE63931C16B3AC1B989F8625D658F4BDE3D638D3EB318CC7B60DB7855BA5E480CC71B3684607C0F9680B18AD7FF77877CBE880AA19935DFEF83D03824}
           x{04C4360789010193101867A1E811_}
            x{44E28C0A4D9000000000000000013D00000000000000000000000000000000000000000000000000000000000000000000000000000000000000000000000000000000000000000000000000000000}
            x{C9853FC04C0DFF44000000000002000000000002E314399E9181B61CA6ACAC445010D6EB366B5E165776588A9812DBEC1225A8904090296C_},
          hash: [Function: hash],
          blockchainLogs: '[ 4][t 0][2024-10-30 23:27:19.344000][transaction.cpp:443]\tunpacking account 7CCF2780E0D3E1B0B68059B4084B04A68C874235745C6D0201D62F3D2218F136\n' +
            '[ 4][t 0][2024-10-30 23:27:19.344000][transaction.cpp:274]\tlast_paid=1730330838; cells=30 bits=12911 public_cells=0\n' +
            '[ 4][t 0][2024-10-30 23:27:19.344000][transaction.cpp:504]\tend of Account.unpack() for 0:7CCF2780E0D3E1B0B68059B4084B04A68C874235745C6D0201D62F3D2218F136 (balance = 10000000ng ; last_trans_lt = 28000000..28000002)\n' +
            '[ 4][t 0][2024-10-30 23:27:19.344000][transaction.cpp:3655]\tblock random seed set to 0000000000000000000000000000000000000000000000000000000000000000\n' +
            '[ 4][t 0][2024-10-30 23:27:19.344000][transaction.cpp:1236]\tgas limits: max=191044, limit=168804, credit=0\n' +
            '[ 4][t 0][2024-10-30 23:27:19.344000][transaction.cpp:1575]\tin_msg_state is null\n' +
            '[ 4][t 0][2024-10-30 23:27:19.344000][transaction.cpp:1645]\tcreating VM\n' +
            '[ 4][t 0][2024-10-30 23:27:19.344000][transaction.cpp:1351]\tSmartContractInfo initialized with [ 124711402 0 0 1732922838 39000000 39000000 17158678860825839941702393232993838109470607978381324670400578166443069604636 [ 76417698 (null) ] CS{Cell{026dc007ccf2780e0d3e1b0b68059b4084b04a68c874235745c6d0201d62f3d2218f13623c8c9bc3391606b00000000006acfc08e625a01340} bits: 1..268; refs: 0..0} C{A7EC01478F770EF8F8B037CC7E42F0ABF0D85A50E1828C2394DAD1411691F2DE} C{33BB148A451AD17F938AA7C476E48F2B79933715F13F1D58F9234A90730321A8} [ 67521600 (null) ] 1103902 (null) [ CS{Cell{004dd06600000000000000000000000080000000000000fa00000000000001f4000000000003d09040} bits: 9..305; refs: 0..0} (null) CS{Cell{0094d1000000000000006400000000000f4240de000000002710000000000000000f42400000000002160ec0000000000000271000000000002625a00000000005f5e100000000003b9aca00} bits: 0..592; refs: 0..0} CS{Cell{0094d100000000000000640000000000009c40de000000000190000000000000000f424000000000000f4240000000000000271000000000009896800000000005f5e100000000003b9aca00} bits: 0..592; refs: 0..0} CS{Cell{0042ea000000000098968000000000271000000000000f424000000001800055555555} bits: 0..264; refs: 0..0} CS{Cell{0042ea0000000000061a800000000001900000000000009c4000000001800055555555} bits: 0..264; refs: 0..0} (null) ] 0 (null) ]\n' +
            '[ 4][t 0][2024-10-30 23:27:19.345000][transaction.cpp:1675]\tstarting VM\n' +
            '[ 4][t 0][2024-10-30 23:27:19.345000][transaction.cpp:1680]\tVM terminated with exit code 0\n' +
            '[ 3][t 0][2024-10-30 23:27:19.345000][transaction.cpp:1702]\tsteps: 317 gas: used=10004, max=191044, limit=168804, credit=0\n' +
            '[ 3][t 0][2024-10-30 23:27:19.345000][transaction.cpp:1704]\tout_of_gas=false, accepted=true, success=true, time=0.000291s\n' +
            '[ 4][t 0][2024-10-30 23:27:19.345000][transaction.cpp:1737]\tgas fees: 4001600 = 26214400 * 10004 /2^16 ; price=26214400; flat rate=[40000 for 100]; remaining balance=72416098ng\n' +
            '[ 4][t 0][2024-10-30 23:27:19.345000][transaction.cpp:2448]\tstorage paid for a message: 1 cells, 620 bits\n' +
            '[ 4][t 0][2024-10-30 23:27:19.345000][transaction.cpp:2452]\tcomputed fwd fees = 688000 + 0\n',
          vmLogs: 'e implicit RET\n' +
            'execute OVER\n' +
            'execute ISNULL\n' +
            'execute NOT\n' +
            'execute PUSHCONT x7F01CA00CC\n' +
            'execute PUSHCONT x7032CA00\n' +
            'execute IFELSE\n' +
            'execute PUSHINT -1\n' +
            'execute SWAP\n' +
            'execute STI 1\n' +
            'execute STREF\n' +
            'execute implicit RET\n' +
            'execute ENDC\n' +
            'execute POP c4\n' +
            'execute implicit RET\n',
          debugLogs: '',
          events: [Array],
          parent: [Object],
          children: [Array],
          externals: []
        },
        children: [ [Object], [Object] ],
        externals: []
      },
      {
        address: 37254810366437813475271750514734067285117962570475561289538093995582013161784n,
        lt: 43000000n,
        prevTransactionHash: 31086557057373426509192859266113912323332642271089918412386346651224914184231n,
        prevTransactionLt: 42000000n,
        now: 1732922838,
        outMessagesCount: 2,
        oldStatus: 'active',
        endStatus: 'active',
        inMessage: {
          info: [Object],
          init: null,
          body: x{2A004A0500000000000000010000000000000000000000000000000000000000000000000000000000000000400B75A3E1A6460F415CE3721F308920C4B456F3B977F39EB26CED9155308A976CC}
        },
        outMessages: Dictionary { _key: [Object], _value: [Object], _map: [Map] },
        totalFees: { coins: 11033062n },
        stateUpdate: {
          oldHash: <Buffer 6a 23 4b bf c5 81 b0 6e e2 f0 ae aa 50 2c 15 e5 1b 29 e3 4e 3b b9 2f b0 d0 7b f7 86 91 a8 62 e5>,
          newHash: <Buffer 3b 54 e9 a3 ed ed c7 37 54 75 79 38 fa d5 be f8 97 81 f1 b2 9b 92 c8 55 80 09 f6 0b 0b e9 10 f0>
        },
        description: {
          type: 'generic',
          creditFirst: false,
          storagePhase: [Object],
          creditPhase: [Object],
          computePhase: [Object],
          actionPhase: [Object],
          bouncePhase: undefined,
          aborted: false,
          destroyed: false
        },
        raw: x{7525D79B589F1D73B879432CD1A596C0F9C42CF460467BBB795DA5A20C021C13800000000029020C044BA5E2668B77CF289DDF9DAFF7675F9076FE35D6F402832E6699A623E3EC827000000000280DE80674A4DD600054750B3CC}
         x{E_}
          x{6801C25D36B535BEF92116226484A49D03E01E5050FFC3053F6C298C080280A4EEF90014975E6D627C75CEE1E50CB346965B03E710B3D18119EEEDE57696883008704E101119EF88060DFF5E0000000004C4B402CE949BACC_}
           x{2A004A0500000000000000010000000000000000000000000000000000000000000000000000000000000000400B75A3E1A6460F415CE3721F308920C4B456F3B977F39EB26CED9155308A976CC}
          x{DD_}
           x{2_}
            x{6800A4BAF36B13E3AE770F28659A34B2D81F38859E8C08CF776F2BB4B44180438271002DD68F8699183D05738DC87CC2248312D15BCEE5DFCE7AC9B3B64554C22A5DB310E27F66000608235A0000000005204182CE949BAC4_}
           x{2_}
            x{6800A4BAF36B13E3AE770F28659A34B2D81F38859E8C08CF776F2BB4B44180438271003A7CBC3612E1CA557A9D4C735DAA85C231FC67A5E07FC0E4E6F4D6E951FB858D100E57FA880608235A0000000005204184CE949BAC4_}
         x{726A234BBFC581B06EE2F0AEAA502C15E51B29E34E3BB92FB0D07BF78691A862E53B54E9A3EDEDC73754757938FAD5BEF89781F1B29B92C8558009F60B0BE910F0}
         x{040901119EF89874890811_}
          x{4D248C0AF1E00000000000000002E500000000000000000000000000000000000000000000000000000000000000000000000000000000000000000000000000000000000000000000000000000000}
          x{C9861A804C10469800000000000600020000000450AF9D9EE3726931F26D844A6FCC649C60C9C4AD99D34E111DD9BC6BD3DB3ADC40902C14_},
        hash: [Function: hash],
        blockchainLogs: '[ 4][t 0][2024-10-30 23:27:19.358000][transaction.cpp:443]\tunpacking account 525D79B589F1D73B879432CD1A596C0F9C42CF460467BBB795DA5A20C021C138\n' +
          '[ 4][t 0][2024-10-30 23:27:19.358000][transaction.cpp:274]\tlast_paid=1732922838; cells=231 bits=83982 public_cells=0\n' +
          '[ 4][t 0][2024-10-30 23:27:19.358000][transaction.cpp:504]\tend of Account.unpack() for 0:525D79B589F1D73B879432CD1A596C0F9C42CF460467BBB795DA5A20C021C138 (balance = 1051000000ng ; last_trans_lt = 42000000..42000003)\n' +
          '[ 4][t 0][2024-10-30 23:27:19.358000][transaction.cpp:3655]\tblock random seed set to 0000000000000000000000000000000000000000000000000000000000000000\n' +
          '[ 4][t 0][2024-10-30 23:27:19.358000][transaction.cpp:1236]\tgas limits: max=1000000, limit=179320, credit=0\n' +
          '[ 4][t 0][2024-10-30 23:27:19.358000][transaction.cpp:1575]\tin_msg_state is null\n' +
          '[ 4][t 0][2024-10-30 23:27:19.358000][transaction.cpp:1645]\tcreating VM\n' +
          '[ 4][t 0][2024-10-30 23:27:19.358000][transaction.cpp:1351]\tSmartContractInfo initialized with [ 124711402 0 0 1732922838 43000000 43000000 14068792954309835536948273256715513127174070948738620016199408580766834334284 [ 1122728098 (null) ] CS{Cell{0271c00525d79b589f1d73b879432cd1a596c0f9c42cf460467bbb795da5a20c021c1383cec05203833a526eb0000000000a037a0d0fa93f301340} bits: 1..268; refs: 0..0} C{A7EC01478F770EF8F8B037CC7E42F0ABF0D85A50E1828C2394DAD1411691F2DE} C{42B6F0E46484EFC57B9508F6BA7EF42E7512023D5CB4ED5628DD1C7755D16E9D} [ 71728098 (null) ] 0 (null) [ CS{Cell{004dd06600000000000000000000000080000000000000fa00000000000001f4000000000003d09040} bits: 9..305; refs: 0..0} (null) CS{Cell{0094d1000000000000006400000000000f4240de000000002710000000000000000f42400000000002160ec0000000000000271000000000002625a00000000005f5e100000000003b9aca00} bits: 0..592; refs: 0..0} CS{Cell{0094d100000000000000640000000000009c40de000000000190000000000000000f424000000000000f4240000000000000271000000000009896800000000005f5e100000000003b9aca00} bits: 0..592; refs: 0..0} CS{Cell{0042ea000000000098968000000000271000000000000f424000000001800055555555} bits: 0..264; refs: 0..0} CS{Cell{0042ea0000000000061a800000000001900000000000009c4000000001800055555555} bits: 0..264; refs: 0..0} (null) ] 0 (null) ]\n' +
          '[ 4][t 0][2024-10-30 23:27:19.358000][transaction.cpp:1675]\tstarting VM\n' +
          '[ 4][t 0][2024-10-30 23:27:19.359000][transaction.cpp:1680]\tVM terminated with exit code 0\n' +
          '[ 3][t 0][2024-10-30 23:27:19.359000][transaction.cpp:1702]\tsteps: 741 gas: used=26916, max=1000000, limit=179320, credit=0\n' +
          '[ 3][t 0][2024-10-30 23:27:19.359000][transaction.cpp:1704]\tout_of_gas=false, accepted=true, success=true, time=0.000903s\n' +
          '[ 4][t 0][2024-10-30 23:27:19.359000][transaction.cpp:1737]\tgas fees: 10766400 = 26214400 * 26916 /2^16 ; price=26214400; flat rate=[40000 for 100]; remaining balance=1111961698ng\n' +
          '[ 3][t 0][2024-10-30 23:27:19.359000][transaction.cpp:2678]\tin try_action_reserve_currency(0)\n' +
          '[ 4][t 0][2024-10-30 23:27:19.359000][transaction.cpp:2684]\taction_reserve_currency: mode=0, reserve=101000000ng, balance=1111961698ng, original balance=1051000000ng\n' +
          '[ 3][t 0][2024-10-30 23:27:19.359000][transaction.cpp:2729]\tchanged remaining balance to 1010961698ng, reserved balance to 101000000ng\n' +
          '[ 4][t 0][2024-10-30 23:27:19.359000][transaction.cpp:2448]\tstorage paid for a message: 0 cells, 0 bits\n' +
          '[ 4][t 0][2024-10-30 23:27:19.359000][transaction.cpp:2452]\tcomputed fwd fees = 400000 + 0\n' +
          '[ 4][t 0][2024-10-30 23:27:19.359000][transaction.cpp:2448]\tstorage paid for a message: 0 cells, 0 bits\n' +
          '[ 4][t 0][2024-10-30 23:27:19.359000][transaction.cpp:2452]\tcomputed fwd fees = 400000 + 0\n',
        vmLogs: 'xecute EQUAL\n' +
          'execute THROWIF 137\n' +
          'execute PUSHPOW2 10\n' +
          'execute EQUAL\n' +
          'execute THROWIFNOT 136\n' +
          'execute STSLICER\n' +
          'execute ENDC\n' +
          'execute ROT\n' +
          'execute STREF\n' +
          'execute ENDC\n' +
          'execute SWAP\n' +
          'execute STREF\n' +
          'execute implicit RET\n' +
          'execute ENDC\n' +
          'execute POP c4\n' +
          'execute implicit RET\n',
        debugLogs: '',
        events: [ [Object], [Object] ],
        parent: {
          address: 101852738109603725607761920797369865272772728943991090530178890834824226043772n,
          lt: 40000000n,
          prevTransactionHash: 46829751795778449656276215240871077828195579520795875572575748054079222635805n,
          prevTransactionLt: 27000000n,
          now: 1732922838,
          outMessagesCount: 1,
          oldStatus: 'active',
          endStatus: 'active',
          inMessage: [Object],
          outMessages: [Dictionary],
          totalFees: [Object],
          stateUpdate: [Object],
          description: [Object],
          raw: x{7E12E9B5A9ADF7C908B113242524E81F00F28287FE1829FB614C604014052777C0000000002625A006788B341F5EE4CDF5BB67038D919D8571EB384EE02358EE29162FED4EAF4DD1D00000000019BFCC0674A4DD6000346A2CE5E}
           x{E_}
            x{6800A4BAF36B13E3AE770F28659A34B2D81F38859E8C08CF776F2BB4B4418043827100384BA6D6A6B7DF2422C44C909493A07C03CA0A1FF860A7ED8531810050149DDF10101931000609BBB0000000000487AB04CE949BAC5E137A640000000000000000C_}
            x{DF_}
             x{6801C25D36B535BEF92116226484A49D03E01E5050FFC3053F6C298C080280A4EEF90014975E6D627C75CEE1E50CB346965B03E710B3D18119EEEDE57696883008704E101119EF88060DFF5E0000000004C4B402CE949BACC_}
              x{2A004A0500000000000000010000000000000000000000000000000000000000000000000000000000000000400B75A3E1A6460F415CE3721F308920C4B456F3B977F39EB26CED9155308A976CC}
           x{72F36F7335CB1C5B09512521FEF92FB7B709CC222E211CD7A246D1B41324B31329A620DD8EBAD93C67A8BD01F9E358A97A340EC7A8244C9979BDF7CB05508B1FD5}
           x{04C4360789010193101867A1E811_}
            x{44E28C0A4D9000000000000000013D00000000000000000000000000000000000000000000000000000000000000000000000000000000000000000000000000000000000000000000000000000000}
            x{C9853FC04C0DFF44000000000002000000000003FFB2652E35979066CAC0633284C4E8042DB1FCB29F76FDFE1F06536CEE4DA4744090296C_},
          hash: [Function: hash],
          blockchainLogs: '[ 4][t 0][2024-10-30 23:27:19.347000][transaction.cpp:443]\tunpacking account E12E9B5A9ADF7C908B113242524E81F00F28287FE1829FB614C604014052777C\n' +
            '[ 4][t 0][2024-10-30 23:27:19.347000][transaction.cpp:274]\tlast_paid=1730330838; cells=30 bits=12911 public_cells=0\n' +
            '[ 4][t 0][2024-10-30 23:27:19.347000][transaction.cpp:504]\tend of Account.unpack() for 0:E12E9B5A9ADF7C908B113242524E81F00F28287FE1829FB614C604014052777C (balance = 10000000ng ; last_trans_lt = 27000000..27000002)\n' +
            '[ 4][t 0][2024-10-30 23:27:19.347000][transaction.cpp:3655]\tblock random seed set to 0000000000000000000000000000000000000000000000000000000000000000\n' +
            '[ 4][t 0][2024-10-30 23:27:19.347000][transaction.cpp:1236]\tgas limits: max=191044, limit=168804, credit=0\n' +
            '[ 4][t 0][2024-10-30 23:27:19.347000][transaction.cpp:1575]\tin_msg_state is null\n' +
            '[ 4][t 0][2024-10-30 23:27:19.347000][transaction.cpp:1645]\tcreating VM\n' +
            '[ 4][t 0][2024-10-30 23:27:19.347000][transaction.cpp:1351]\tSmartContractInfo initialized with [ 124711402 0 0 1732922838 40000000 40000000 43870772645377937883531240781324653013999287705787709612543318804107744319189 [ 76417698 (null) ] CS{Cell{026dc00e12e9b5a9adf7c908b113242524e81f00f28287fe1829fb614c604014052777c23c8c9bc3391606b000000000066ff308e625a01340} bits: 1..268; refs: 0..0} C{A7EC01478F770EF8F8B037CC7E42F0ABF0D85A50E1828C2394DAD1411691F2DE} C{33BB148A451AD17F938AA7C476E48F2B79933715F13F1D58F9234A90730321A8} [ 67521600 (null) ] 1103902 (null) [ CS{Cell{004dd06600000000000000000000000080000000000000fa00000000000001f4000000000003d09040} bits: 9..305; refs: 0..0} (null) CS{Cell{0094d1000000000000006400000000000f4240de000000002710000000000000000f42400000000002160ec0000000000000271000000000002625a00000000005f5e100000000003b9aca00} bits: 0..592; refs: 0..0} CS{Cell{0094d100000000000000640000000000009c40de000000000190000000000000000f424000000000000f4240000000000000271000000000009896800000000005f5e100000000003b9aca00} bits: 0..592; refs: 0..0} CS{Cell{0042ea000000000098968000000000271000000000000f424000000001800055555555} bits: 0..264; refs: 0..0} CS{Cell{0042ea0000000000061a800000000001900000000000009c4000000001800055555555} bits: 0..264; refs: 0..0} (null) ] 0 (null) ]\n' +
            '[ 4][t 0][2024-10-30 23:27:19.347000][transaction.cpp:1675]\tstarting VM\n' +
            '[ 4][t 0][2024-10-30 23:27:19.347000][transaction.cpp:1680]\tVM terminated with exit code 0\n' +
            '[ 3][t 0][2024-10-30 23:27:19.347000][transaction.cpp:1702]\tsteps: 317 gas: used=10004, max=191044, limit=168804, credit=0\n' +
            '[ 3][t 0][2024-10-30 23:27:19.348000][transaction.cpp:1704]\tout_of_gas=false, accepted=true, success=true, time=0.000478s\n' +
            '[ 4][t 0][2024-10-30 23:27:19.348000][transaction.cpp:1737]\tgas fees: 4001600 = 26214400 * 10004 /2^16 ; price=26214400; flat rate=[40000 for 100]; remaining balance=72416098ng\n' +
            '[ 4][t 0][2024-10-30 23:27:19.348000][transaction.cpp:2448]\tstorage paid for a message: 1 cells, 620 bits\n' +
            '[ 4][t 0][2024-10-30 23:27:19.348000][transaction.cpp:2452]\tcomputed fwd fees = 688000 + 0\n',
          vmLogs: 'e implicit RET\n' +
            'execute OVER\n' +
            'execute ISNULL\n' +
            'execute NOT\n' +
            'execute PUSHCONT x7F01CA00CC\n' +
            'execute PUSHCONT x7032CA00\n' +
            'execute IFELSE\n' +
            'execute PUSHINT -1\n' +
            'execute SWAP\n' +
            'execute STI 1\n' +
            'execute STREF\n' +
            'execute implicit RET\n' +
            'execute ENDC\n' +
            'execute POP c4\n' +
            'execute implicit RET\n',
          debugLogs: '',
          events: [Array],
          parent: [Object],
          children: [Array],
          externals: []
        },
        children: [ [Object], [Object] ],
        externals: []
      },
      {
        address: 105818132960003171416304597453717637701794574747475969910003481004036112389684n,
        lt: 44000000n,
        prevTransactionHash: 46894812713763500706578981201904176761025671190536777814790562354725491842471n,
        prevTransactionLt: 33000000n,
        now: 1732922838,
        outMessagesCount: 0,
        oldStatus: 'active',
        endStatus: 'active',
        inMessage: { info: [Object], init: null, body: x{} },
        outMessages: Dictionary { _key: [Object], _value: [Object], _map: Map(0) {} },
        totalFees: { coins: 123600n },
        stateUpdate: {
          oldHash: <Buffer ba 3c 08 4e 46 a1 1f 26 73 ba 63 64 ea 0a 86 5d fa 6a 8e 76 d4 df 03 ad 13 39 7f 37 97 7c 26 ec>,
          newHash: <Buffer cf fa 8c fb b0 a1 2e e8 ea 47 bd 02 12 db a0 47 43 6d be 51 a6 bd 75 73 d4 a8 e2 e0 91 a1 5b 44>
        },
        description: {
          type: 'generic',
          creditFirst: true,
          storagePhase: [Object],
          creditPhase: [Object],
          computePhase: [Object],
          actionPhase: [Object],
          bouncePhase: undefined,
          aborted: false,
          destroyed: false
        },
        raw: x{7E9F2F0D84B872955EA7531CD76AA1708C7F19E9781FF03939BD35BA547EE163400000000029F630067AD85FD88425D36BF59B4212CD0FB9ED8CC14ACE0E9362FE69A571A0B0C1DA70000000001F78A40674A4DD600014603C5A0}
         x{A_}
          x{480173A49878148A4F6041C04B952AC2638BD6A1025222AF84BFAF2C3BE5A07436D5003A7CBC3612E1CA557A9D4C735DAA85C231FC67A5E07FC0E4E6F4D6E951FB858D10BE1E264C0608235A0000000004E33882CE949BAC4_}
         x{72BA3C084E46A11F2673BA6364EA0A865DFA6A8E76D4DF03AD13397F37977C26ECCFFA8CFBB0A12EE8EA47BD0212DBA047436DBE51A6BD7573D4A8E2E091A15B44}
         x{0C090BE1E264D8603C5A11_}
          x{4026AC3D090000000000000000000500000000000000000000000000000000000000000000000000000000000000000000000000000000000000000000000000000000000000000000000000000000}
          x{C00000000000000000000000012D452DA449E50B8CF7DD27861F146122AFE1B546BB8B70FC8216F0C614139F8E04_},
        hash: [Function: hash],
        blockchainLogs: '[ 4][t 0][2024-10-30 23:27:19.362000][transaction.cpp:443]\tunpacking account E9F2F0D84B872955EA7531CD76AA1708C7F19E9781FF03939BD35BA547EE1634\n' +
          '[ 4][t 0][2024-10-30 23:27:19.362000][transaction.cpp:274]\tlast_paid=1732922838; cells=6 bits=821 public_cells=0\n' +
          '[ 4][t 0][2024-10-30 23:27:19.362000][transaction.cpp:504]\tend of Account.unpack() for 0:E9F2F0D84B872955EA7531CD76AA1708C7F19E9781FF03939BD35BA547EE1634 (balance = 999998997584476ng ; last_trans_lt = 33000000..33000002)\n' +
          '[ 4][t 0][2024-10-30 23:27:19.362000][transaction.cpp:3655]\tblock random seed set to 0000000000000000000000000000000000000000000000000000000000000000\n' +
          '[ 4][t 0][2024-10-30 23:27:19.362000][transaction.cpp:1236]\tgas limits: max=1000000, limit=1000000, credit=0\n' +
          '[ 4][t 0][2024-10-30 23:27:19.362000][transaction.cpp:1575]\tin_msg_state is null\n' +
          '[ 4][t 0][2024-10-30 23:27:19.362000][transaction.cpp:1645]\tcreating VM\n' +
          '[ 4][t 0][2024-10-30 23:27:19.362000][transaction.cpp:1351]\tSmartContractInfo initialized with [ 124711402 0 0 1732922838 44000000 44000000 60210483465141978598827679003117970236339845468170532052053411751718225576024 [ 999999794996207 (null) ] CS{Cell{0275c00e9f2f0d84b872955ea7531cd76aa1708c7f19e9781ff03939bd35ba547ee163420c80cd433a526eb00000000007de2909c0e35f9a41b6971340} bits: 1..268; refs: 0..0} C{A7EC01478F770EF8F8B037CC7E42F0ABF0D85A50E1828C2394DAD1411691F2DE} C{D992502B94EA96E7B34E5D62FFB0C6FC73D78B3E61F11F0848FB3A1EB1AFC912} [ 797411731 (null) ] 0 (null) [ CS{Cell{004dd06600000000000000000000000080000000000000fa00000000000001f4000000000003d09040} bits: 9..305; refs: 0..0} (null) CS{Cell{0094d1000000000000006400000000000f4240de000000002710000000000000000f42400000000002160ec0000000000000271000000000002625a00000000005f5e100000000003b9aca00} bits: 0..592; refs: 0..0} CS{Cell{0094d100000000000000640000000000009c40de000000000190000000000000000f424000000000000f4240000000000000271000000000009896800000000005f5e100000000003b9aca00} bits: 0..592; refs: 0..0} CS{Cell{0042ea000000000098968000000000271000000000000f424000000001800055555555} bits: 0..264; refs: 0..0} CS{Cell{0042ea0000000000061a800000000001900000000000009c4000000001800055555555} bits: 0..264; refs: 0..0} (null) ] 0 (null) ]\n' +
          '[ 4][t 0][2024-10-30 23:27:19.362000][transaction.cpp:1675]\tstarting VM\n' +
          '[ 4][t 0][2024-10-30 23:27:19.362000][transaction.cpp:1680]\tVM terminated with exit code 0\n' +
          '[ 3][t 0][2024-10-30 23:27:19.362000][transaction.cpp:1702]\tsteps: 5 gas: used=309, max=1000000, limit=1000000, credit=0\n' +
          '[ 3][t 0][2024-10-30 23:27:19.362000][transaction.cpp:1704]\tout_of_gas=false, accepted=true, success=true, time=0.000031s\n' +
          '[ 4][t 0][2024-10-30 23:27:19.362000][transaction.cpp:1737]\tgas fees: 123600 = 26214400 * 309 /2^16 ; price=26214400; flat rate=[40000 for 100]; remaining balance=999999794872607ng\n',
        vmLogs: 'execute SETCP 0\n' +
          'execute DICTPUSHCONST 19 (xC_,1)\n' +
          'execute DICTIGETJMPZ\n' +
          'execute DROP\n' +
          'execute implicit RET\n',
        debugLogs: '',
        events: [],
        parent: {
          address: 84049441022908470316622795825605090351520748406577698494615284512509455375210n,
          lt: 41000000n,
          prevTransactionHash: 17849643568153913346271439815178300161917836089524975689350636623206639702086n,
          prevTransactionLt: 37000000n,
          now: 1732922838,
          outMessagesCount: 1,
          oldStatus: 'active',
          endStatus: 'non-existing',
          inMessage: [Object],
          outMessages: [Dictionary],
          totalFees: [Object],
          stateUpdate: [Object],
          description: [Object],
          raw: x{7B9D24C3C0A4527B020E025CA956131C5EB5081291157C25FD7961DF2D03A1B6A0000000002719C4027768A4D1B123698F836D755927DA5A7E1F108DB2811796CB7E2D0354DDF90460000000002349340674A4DD60003666BCAC6}
           x{E_}
            x{4800A4BAF36B13E3AE770F28659A34B2D81F38859E8C08CF776F2BB4B44180438271002E74930F029149EC08380972A5584C717AD4204A4455F097F5E5877CB40E86DA90BCA3A88C0656E1D8000000000487AB08CE949BADE_}
             x{34_}
              x{FF00F4A413F4BCF2C80B}
               x{62_}
                x{D001D0D3030171B0A301FA400120D74981010BBAF2E08820D70B0A208104FFBAF2D0898309BAF2E088545053036F04F86102F862DB3C5512DB3CF2E082}
                 x{ED44D0D401F863D200018E2FD31FFA400120D74981010BBAF2E08820D70B0A208104FFBAF2D0898309BAF2E08801D2000191D4926D01E255206C13E0F828D70B0A8309BAF2E089810101D700FA400120D74981010BBAF2E08820D70B0A208104FFBAF2D0898309BAF2E0881202D101DB3C}
                  x{6D}
                 x{0192307FE07021D749C21F953020D70B1FDE208210AFE93535BA8F5130D31F018210AFE93535BAF2E081D33FFA400120D74981010BBAF2E08820D70B0A208104FFBAF2D0898309BAF2E08801D455206C1332820898968070FB024434DB3C30037083067055206D6D6DDB3C597FE0208210B8A3AA14BAE302}
                  x{F8425220C705F2E084}
                  x{C87101CA01500701CA007001CA02500520D74981010BBAF2E08820D70B0A208104FFBAF2D0898309BAF2E088CF165003FA027001CA68236EB3917F93246EB3E2973333017001CA00E30D216EB39C7F01CA0001206EF2D08001CC95317001CA00E2C901FB00}
                   x{7F01CA00C87001CA007001CA00246EB39D7F01CA0004206EF2D0805004CC9634037001CA00E2246EB39D7F01CA0004206EF2D0805004CC9634037001CA00E27001CA00027F01CA0002C958CC}
                  x{30D31F018210B8A3AA14BAF2E081D33FFA400120D74981010BBAF2E08820D70B0A208104FFBAF2D0898309BAF2E088126C12317020FB025520DB3C03708100A07055206D6D6DDB3C587F}
                   x{F8425220C705F2E084}
                   x{C87101CA01500701CA007001CA02500520D74981010BBAF2E08820D70B0A208104FFBAF2D0898309BAF2E088CF165003FA027001CA68236EB3917F93246EB3E2973333017001CA00E30D216EB39C7F01CA0001206EF2D08001CC95317001CA00E2C901FB00}
                    x{7F01CA00C87001CA007001CA00246EB39D7F01CA0004206EF2D0805004CC9634037001CA00E2246EB39D7F01CA0004206EF2D0805004CC9634037001CA00E27001CA00027F01CA0002C958CC}
                  x{8210E601F8E5BA8ECED31F018210E601F8E5BAF2E081D33F0131820898968070FB02F8416F2410235F037083067F25206EF2D080542580C855208210B687AB175004CB1F12CB3FCB1FCCC9103441301443306D6DDB3C7FE03070}
                   x{C87101CA01500701CA007001CA02500520D74981010BBAF2E08820D70B0A208104FFBAF2D0898309BAF2E088CF165003FA027001CA68236EB3917F93246EB3E2973333017001CA00E30D216EB39C7F01CA0001206EF2D08001CC95317001CA00E2C901FB00}
                    x{7F01CA00C87001CA007001CA00246EB39D7F01CA0004206EF2D0805004CC9634037001CA00E2246EB39D7F01CA0004206EF2D0805004CC9634037001CA00E27001CA00027F01CA0002C958CC}
                 x{C8F84301CC7F01CA0055205023CB1F0120D74981010BBAF2E08820D70B0A208104FFBAF2D0898309BAF2E088CF16216EB3957F01CA00CC947032CA00E2C9ED54}
                x{2_}
                 x{BE28EED9E6D9E3618C_}
                  x{ED44D0D401F863D200018E2FD31FFA400120D74981010BBAF2E08820D70B0A208104FFBAF2D0898309BAF2E08801D2000191D4926D01E255206C13E0F828D70B0A8309BAF2E089810101D700FA400120D74981010BBAF2E08820D70B0A208104FFBAF2D0898309BAF2E0881202D101DB3C}
                   x{6D}
                  x{21}
                 x{2_}
                  x{4}
                   x{B1D8B6CF36CF1B0C6_}
                    x{ED44D0D401F863D200018E2FD31FFA400120D74981010BBAF2E08820D70B0A208104FFBAF2D0898309BAF2E08801D2000191D4926D01E255206C13E0F828D70B0A8309BAF2E089810101D700FA400120D74981010BBAF2E08820D70B0A208104FFBAF2D0898309BAF2E0881202D101DB3C}
                     x{6D}
                    x{20}
                   x{B36436CF36CF1B0C6_}
                    x{ED44D0D401F863D200018E2FD31FFA400120D74981010BBAF2E08820D70B0A208104FFBAF2D0898309BAF2E08801D2000191D4926D01E255206C13E0F828D70B0A8309BAF2E089810101D700FA400120D74981010BBAF2E08820D70B0A208104FFBAF2D0898309BAF2E0881202D101DB3C}
                     x{6D}
                    x{22}
                  x{B82BEED44D0D20001}
              x{0000000000000000000000000000000000000000000000000000000000000000200292EBCDAC4F8EB9DC3CA19668D2CB607CE2167A30233DDDBCAED2D106010E09C4_}
               x{C_}
                x{A0838F_}
                 x{FF00F4A413F4BCF2C80B}
                  x{62_}
                   x{D001D0D3030171B0A301FA400120D74981010BBAF2E08820D70B0A208104FFBAF2D0898309BAF2E088545053036F04F86102F862DB3C5512DB3CF2E082}
                    x{ED44D0D401F863D200018E2FD31FFA400120D74981010BBAF2E08820D70B0A208104FFBAF2D0898309BAF2E08801D2000191D4926D01E255206C13E0F828D70B0A8309BAF2E089810101D700FA400120D74981010BBAF2E08820D70B0A208104FFBAF2D0898309BAF2E0881202D101DB3C}
                     x{6D}
                    x{0192307FE07021D749C21F953020D70B1FDE208210AFE93535BA8F5130D31F018210AFE93535BAF2E081D33FFA400120D74981010BBAF2E08820D70B0A208104FFBAF2D0898309BAF2E08801D455206C1332820898968070FB024434DB3C30037083067055206D6D6DDB3C597FE0208210B8A3AA14BAE302}
                     x{F8425220C705F2E084}
                     x{C87101CA01500701CA007001CA02500520D74981010BBAF2E08820D70B0A208104FFBAF2D0898309BAF2E088CF165003FA027001CA68236EB3917F93246EB3E2973333017001CA00E30D216EB39C7F01CA0001206EF2D08001CC95317001CA00E2C901FB00}
                      x{7F01CA00C87001CA007001CA00246EB39D7F01CA0004206EF2D0805004CC9634037001CA00E2246EB39D7F01CA0004206EF2D0805004CC9634037001CA00E27001CA00027F01CA0002C958CC}
                     x{30D31F018210B8A3AA14BAF2E081D33FFA400120D74981010BBAF2E08820D70B0A208104FFBAF2D0898309BAF2E088126C12317020FB025520DB3C03708100A07055206D6D6DDB3C587F}
                      x{F8425220C705F2E084}
                      x{C87101CA01500701CA007001CA02500520D74981010BBAF2E08820D70B0A208104FFBAF2D0898309BAF2E088CF165003FA027001CA68236EB3917F93246EB3E2973333017001CA00E30D216EB39C7F01CA0001206EF2D08001CC95317001CA00E2C901FB00}
                       x{7F01CA00C87001CA007001CA00246EB39D7F01CA0004206EF2D0805004CC9634037001CA00E2246EB39D7F01CA0004206EF2D0805004CC9634037001CA00E27001CA00027F01CA0002C958CC}
                     x{8210E601F8E5BA8ECED31F018210E601F8E5BAF2E081D33F0131820898968070FB02F8416F2410235F037083067F25206EF2D080542580C855208210B687AB175004CB1F12CB3FCB1FCCC9103441301443306D6DDB3C7FE03070}
                      x{C87101CA01500701CA007001CA02500520D74981010BBAF2E08820D70B0A208104FFBAF2D0898309BAF2E088CF165003FA027001CA68236EB3917F93246EB3E2973333017001CA00E30D216EB39C7F01CA0001206EF2D08001CC95317001CA00E2C901FB00}
                       x{7F01CA00C87001CA007001CA00246EB39D7F01CA0004206EF2D0805004CC9634037001CA00E2246EB39D7F01CA0004206EF2D0805004CC9634037001CA00E27001CA00027F01CA0002C958CC}
                    x{C8F84301CC7F01CA0055205023CB1F0120D74981010BBAF2E08820D70B0A208104FFBAF2D0898309BAF2E088CF16216EB3957F01CA00CC947032CA00E2C9ED54}
                   x{2_}
                    x{BE28EED9E6D9E3618C_}
                     x{ED44D0D401F863D200018E2FD31FFA400120D74981010BBAF2E08820D70B0A208104FFBAF2D0898309BAF2E08801D2000191D4926D01E255206C13E0F828D70B0A8309BAF2E089810101D700FA400120D74981010BBAF2E08820D70B0A208104FFBAF2D0898309BAF2E0881202D101DB3C}
                      x{6D}
                     x{21}
                    x{2_}
                     x{4}
                      x{B1D8B6CF36CF1B0C6_}
                       x{ED44D0D401F863D200018E2FD31FFA400120D74981010BBAF2E08820D70B0A208104FFBAF2D0898309BAF2E08801D2000191D4926D01E255206C13E0F828D70B0A8309BAF2E089810101D700FA400120D74981010BBAF2E08820D70B0A208104FFBAF2D0898309BAF2E0881202D101DB3C}
                        x{6D}
                       x{20}
                      x{B36436CF36CF1B0C6_}
                       x{ED44D0D401F863D200018E2FD31FFA400120D74981010BBAF2E08820D70B0A208104FFBAF2D0898309BAF2E08801D2000191D4926D01E255206C13E0F828D70B0A8309BAF2E089810101D700FA400120D74981010BBAF2E08820D70B0A208104FFBAF2D0898309BAF2E0881202D101DB3C}
                        x{6D}
                       x{22}
                     x{B82BEED44D0D20001}
             x{B8A3AA140000000000000000801D3E5E1B0970E52ABD4EA639AED542E118FE33D2F03FE072737A6B74A8FDC2C69_}
            x{DF_}
             x{480173A49878148A4F6041C04B952AC2638BD6A1025222AF84BFAF2C3BE5A07436D5003A7CBC3612E1CA557A9D4C735DAA85C231FC67A5E07FC0E4E6F4D6E951FB858D10BE1E264C0608235A0000000004E33882CE949BAC4_}
           x{72761BF7DF651A9A98CE1EF6E892C6EAC0B5B1CC02A25402AD333B2F7376307C1190AEC8965AFABB16EBC3CB9B408EBAE71B618D78788BC80D09843593CAC98DA4}
           x{0C090BCA3A88D8667B9213_}
            x{44262C3D09000000000000000000FA00000000000000000000000000000000000000000000000000000000000000000000000000000000000000000000000000000000000000000000000000000000}
            x{DCC186A0260411A6000000000002000100000001F01808E7C65384854FD0A4F77793F95695733B675EB306C4FAC3CFF546A3D22720280B06_},
          hash: [Function: hash],
          blockchainLogs: '[ 4][t 0][2024-10-30 23:27:19.350000][transaction.cpp:443]\tunpacking account B9D24C3C0A4527B020E025CA956131C5EB5081291157C25FD7961DF2D03A1B6A\n' +
            '[ 4][t 0][2024-10-30 23:27:19.350000][transaction.cpp:274]\tlast_paid=1732922838; cells=28 bits=7123 public_cells=0\n' +
            '[ 4][t 0][2024-10-30 23:27:19.350000][transaction.cpp:504]\tend of Account.unpack() for 0:B9D24C3C0A4527B020E025CA956131C5EB5081291157C25FD7961DF2D03A1B6A (balance = 10000000ng ; last_trans_lt = 37000000..37000002)\n' +
            '[ 4][t 0][2024-10-30 23:27:19.350000][transaction.cpp:3655]\tblock random seed set to 0000000000000000000000000000000000000000000000000000000000000000\n' +
            '[ 4][t 0][2024-10-30 23:27:19.350000][transaction.cpp:1236]\tgas limits: max=1000000, limit=1000000, credit=0\n' +
            '[ 4][t 0][2024-10-30 23:27:19.350000][transaction.cpp:1571]\tHASH(in_msg_state) = B9D24C3C0A4527B020E025CA956131C5EB5081291157C25FD7961DF2D03A1B6A, account_state_hash = 0000000000000000000000000000000000000000000000000000000000000000\n' +
            '[ 4][t 0][2024-10-30 23:27:19.350000][transaction.cpp:1645]\tcreating VM\n' +
            '[ 4][t 0][2024-10-30 23:27:19.350000][transaction.cpp:1351]\tSmartContractInfo initialized with [ 124711402 0 0 1732922838 41000000 41000000 84630195367514639409622924175749312199831056191303332875639359062248049886761 [ 801210531 (null) ] CS{Cell{026dc00b9d24c3c0a4527b020e025ca956131c5eb5081291157c25fd7961df2d03a1b6a23886f4c33a526eb00000000008d24d08e625a01340} bits: 1..268; refs: 0..0} C{A7EC01478F770EF8F8B037CC7E42F0ABF0D85A50E1828C2394DAD1411691F2DE} C{F2179DCD5CFD8A1E113288591FFB7A5E10E107D0D2C36DF69E40398023DAA7B1} [ 791210531 (null) ] 0 (null) [ CS{Cell{004dd06600000000000000000000000080000000000000fa00000000000001f4000000000003d09040} bits: 9..305; refs: 0..0} (null) CS{Cell{0094d1000000000000006400000000000f4240de000000002710000000000000000f42400000000002160ec0000000000000271000000000002625a00000000005f5e100000000003b9aca00} bits: 0..592; refs: 0..0} CS{Cell{0094d100000000000000640000000000009c40de000000000190000000000000000f424000000000000f4240000000000000271000000000009896800000000005f5e100000000003b9aca00} bits: 0..592; refs: 0..0} CS{Cell{0042ea000000000098968000000000271000000000000f424000000001800055555555} bits: 0..264; refs: 0..0} CS{Cell{0042ea0000000000061a800000000001900000000000009c4000000001800055555555} bits: 0..264; refs: 0..0} (null) ] 0 (null) ]\n' +
            '[ 4][t 0][2024-10-30 23:27:19.350000][transaction.cpp:1675]\tstarting VM\n' +
            '[ 4][t 0][2024-10-30 23:27:19.350000][transaction.cpp:1680]\tVM terminated with exit code 0\n' +
            '[ 3][t 0][2024-10-30 23:27:19.350000][transaction.cpp:1702]\tsteps: 250 gas: used=8497, max=1000000, limit=1000000, credit=0\n' +
            '[ 3][t 0][2024-10-30 23:27:19.350000][transaction.cpp:1704]\tout_of_gas=false, accepted=true, success=true, time=0.000389s\n' +
            '[ 4][t 0][2024-10-30 23:27:19.350000][transaction.cpp:1737]\tgas fees: 3398800 = 26214400 * 8497 /2^16 ; price=26214400; flat rate=[40000 for 100]; remaining balance=797811731ng\n' +
            '[ 3][t 0][2024-10-30 23:27:19.351000][transaction.cpp:2678]\tin try_action_reserve_currency(0)\n' +
            '[ 4][t 0][2024-10-30 23:27:19.351000][transaction.cpp:2684]\taction_reserve_currency: mode=0, reserve=0ng, balance=797811731ng, original balance=10000000ng\n' +
            '[ 3][t 0][2024-10-30 23:27:19.351000][transaction.cpp:2729]\tchanged remaining balance to 797811731ng, reserved balance to 0ng\n' +
            '[ 4][t 0][2024-10-30 23:27:19.351000][transaction.cpp:2448]\tstorage paid for a message: 0 cells, 0 bits\n' +
            '[ 4][t 0][2024-10-30 23:27:19.351000][transaction.cpp:2452]\tcomputed fwd fees = 400000 + 0\n',
          vmLogs: 'ecute STSLICER\n' +
            'execute OVER\n' +
            'execute ISNULL\n' +
            'execute NOT\n' +
            'execute PUSHCONT x7F01CA00CC\n' +
            'execute PUSHCONT x7032CA00\n' +
            'execute IFELSE\n' +
            'execute PUSHINT -1\n' +
            'execute SWAP\n' +
            'execute STI 1\n' +
            'execute STREF\n' +
            'execute implicit RET\n' +
            'execute ENDC\n' +
            'execute POP c4\n' +
            'execute implicit RET\n',
          debugLogs: '',
          events: [Array],
          parent: [Object],
          children: [Array],
          externals: []
        },
        children: [],
        externals: []
      },
      {
        address: 58472766802306075836644181314469769209867032629105944563722669090714916911778n,
        lt: 45000000n,
        prevTransactionHash: 105866433536482270896413340647756210445814124734643995692892495417231309669038n,
        prevTransactionLt: 26000000n,
        now: 1732922838,
        outMessagesCount: 0,
        oldStatus: 'active',
        endStatus: 'active',
        inMessage: { info: [Object], init: null, body: x{} },
        outMessages: Dictionary { _key: [Object], _value: [Object], _map: Map(0) {} },
        totalFees: { coins: 274724n },
        stateUpdate: {
          oldHash: <Buffer 7f d4 b4 b9 c7 af 25 43 54 a7 e5 bc f6 51 96 f6 6a 21 d6 13 cf e8 b1 bd e3 7f 1d 9b d3 65 b6 ed>,
          newHash: <Buffer eb 24 64 5d e8 ff 13 c3 85 f9 37 c6 39 cb a5 17 83 1c 0d c3 7c 7c 1a ee 3c d9 79 ad 7c dd 19 fc>
        },
        description: {
          type: 'generic',
          creditFirst: false,
          storagePhase: [Object],
          creditPhase: [Object],
          computePhase: [Object],
          actionPhase: [Object],
          bouncePhase: undefined,
          aborted: false,
          destroyed: false
        },
        raw: x{7814669C6B54FD8B2DD8E93AAA6E5DE45BD032703F7A61C194AB414089B0A7AA20000000002AEA540EA0E47283FA4FEFE4834888C6BA55E843EE2B894143FC85784A8E8A0DBC202AE00000000018CBA80674A4DD6000146086248}
         x{A_}
          x{6800A4BAF36B13E3AE770F28659A34B2D81F38859E8C08CF776F2BB4B441804382710020519A71AD53F62CB763A4EAA9B977916F40C9C0FDE9870652AD050226C29EA890FA19E1000608235A000000000501BD02CE949BAC4_}
         x{727FD4B4B9C7AF254354A7E5BCF65196F66A21D613CFE8B1BDE37F1D9BD365B6EDEB24645DE8FF13C385F937C639CBA517831C0DC37C7C1AEE3CD979AD7CDD19FC}
         x{04C09395090FA19E1018603C5A11_}
          x{4026AC3D090000000000000000000500000000000000000000000000000000000000000000000000000000000000000000000000000000000000000000000000000000000000000000000000000000}
          x{C00000000000000000000000012D452DA449E50B8CF7DD27861F146122AFE1B546BB8B70FC8216F0C614139F8E04_},
        hash: [Function: hash],
        blockchainLogs: '[ 4][t 0][2024-10-30 23:27:19.363000][transaction.cpp:443]\tunpacking account 814669C6B54FD8B2DD8E93AAA6E5DE45BD032703F7A61C194AB414089B0A7AA2\n' +
          '[ 4][t 0][2024-10-30 23:27:19.364000][transaction.cpp:274]\tlast_paid=1730330838; cells=6 bits=821 public_cells=0\n' +
          '[ 4][t 0][2024-10-30 23:27:19.364000][transaction.cpp:504]\tend of Account.unpack() for 0:814669C6B54FD8B2DD8E93AAA6E5DE45BD032703F7A61C194AB414089B0A7AA2 (balance = 999998964250400ng ; last_trans_lt = 26000000..26000001)\n' +
          '[ 4][t 0][2024-10-30 23:27:19.364000][transaction.cpp:3655]\tblock random seed set to 0000000000000000000000000000000000000000000000000000000000000000\n' +
          '[ 4][t 0][2024-10-30 23:27:19.364000][transaction.cpp:1236]\tgas limits: max=1000000, limit=1000000, credit=0\n' +
          '[ 4][t 0][2024-10-30 23:27:19.364000][transaction.cpp:1575]\tin_msg_state is null\n' +
          '[ 4][t 0][2024-10-30 23:27:19.364000][transaction.cpp:1645]\tcreating VM\n' +
          '[ 4][t 0][2024-10-30 23:27:19.364000][transaction.cpp:1351]\tSmartContractInfo initialized with [ 124711402 0 0 1732922838 45000000 45000000 115447700146533501994236152434741364412838807905984067774762833459387322310298 [ 1000000013099276 (null) ] CS{Cell{0275c00814669c6b54fd8b2dd8e93aaa6e5de45bd032703f7a61c194ab414089b0a7aa220c80cd43391606b0000000000632ea05c0e35f99c28dc81340} bits: 1..268; refs: 0..0} C{A7EC01478F770EF8F8B037CC7E42F0ABF0D85A50E1828C2394DAD1411691F2DE} C{D992502B94EA96E7B34E5D62FFB0C6FC73D78B3E61F11F0848FB3A1EB1AFC912} [ 1049000000 (null) ] 151124 (null) [ CS{Cell{004dd06600000000000000000000000080000000000000fa00000000000001f4000000000003d09040} bits: 9..305; refs: 0..0} (null) CS{Cell{0094d1000000000000006400000000000f4240de000000002710000000000000000f42400000000002160ec0000000000000271000000000002625a00000000005f5e100000000003b9aca00} bits: 0..592; refs: 0..0} CS{Cell{0094d100000000000000640000000000009c40de000000000190000000000000000f424000000000000f4240000000000000271000000000009896800000000005f5e100000000003b9aca00} bits: 0..592; refs: 0..0} CS{Cell{0042ea000000000098968000000000271000000000000f424000000001800055555555} bits: 0..264; refs: 0..0} CS{Cell{0042ea0000000000061a800000000001900000000000009c4000000001800055555555} bits: 0..264; refs: 0..0} (null) ] 0 (null) ]\n' +
          '[ 4][t 0][2024-10-30 23:27:19.364000][transaction.cpp:1675]\tstarting VM\n' +
          '[ 4][t 0][2024-10-30 23:27:19.364000][transaction.cpp:1680]\tVM terminated with exit code 0\n' +
          '[ 3][t 0][2024-10-30 23:27:19.364000][transaction.cpp:1702]\tsteps: 5 gas: used=309, max=1000000, limit=1000000, credit=0\n' +
          '[ 3][t 0][2024-10-30 23:27:19.364000][transaction.cpp:1704]\tout_of_gas=false, accepted=true, success=true, time=0.000018s\n' +
          '[ 4][t 0][2024-10-30 23:27:19.364000][transaction.cpp:1737]\tgas fees: 123600 = 26214400 * 309 /2^16 ; price=26214400; flat rate=[40000 for 100]; remaining balance=1000000012975676ng\n',
        vmLogs: 'execute SETCP 0\n' +
          'execute DICTPUSHCONST 19 (xC_,1)\n' +
          'execute DICTIGETJMPZ\n' +
          'execute DROP\n' +
          'execute implicit RET\n',
        debugLogs: '',
        events: [],
        parent: {
          address: 37254810366437813475271750514734067285117962570475561289538093995582013161784n,
          lt: 42000000n,
          prevTransactionHash: 81131513769239533640427756228201033108418948995752947457662485322992679018078n,
          prevTransactionLt: 38000000n,
          now: 1732922838,
          outMessagesCount: 2,
          oldStatus: 'active',
          endStatus: 'active',
          inMessage: [Object],
          outMessages: [Dictionary],
          totalFees: [Object],
          stateUpdate: [Object],
          description: [Object],
          raw: x{7525D79B589F1D73B879432CD1A596C0F9C42CF460467BBB795DA5A20C021C138000000000280DE80B35ECF3ADFDBA01426BF663426CE43790E74D8B95E5A6936EB16B810DF2E5E5E000000000243D580674A4DD6000547598D6C}
           x{E_}
            x{6800F99E4F01C1A7C3616D00B3681096094D190E846AE8B8DA0403AC5E7A4431E26D0014975E6D627C75CEE1E50CB346965B03E710B3D18119EEEDE57696883008704E101119EF88060DFF5E0000000004A62F82CE949BACC_}
             x{2A004A0500000000000000000000000000000000000000000000000000000000000000000000000000000000C00814669C6B54FD8B2DD8E93AAA6E5DE45BD032703F7A61C194AB414089B0A7AA2}
            x{DD_}
             x{2_}
              x{6800A4BAF36B13E3AE770F28659A34B2D81F38859E8C08CF776F2BB4B441804382710020519A71AD53F62CB763A4EAA9B977916F40C9C0FDE9870652AD050226C29EA890FA19E1000608235A000000000501BD02CE949BAC4_}
             x{2_}
              x{6800A4BAF36B13E3AE770F28659A34B2D81F38859E8C08CF776F2BB4B44180438271003A7CBC3612E1CA557A9D4C735DAA85C231FC67A5E07FC0E4E6F4D6E951FB858D100E4647480608235A000000000501BD04CE949BAC4_}
           x{72FF4CDD26E4B920ED5D4760710C53E12568917B42B7C707228467A63BDD7739646A234BBFC581B06EE2F0AEAA502C15E51B29E34E3BB92FB0D07BF78691A862E5}
           x{040901119EF8987516A211_}
            x{4D7F2C0AF1E00000000000000002E500000000000000000000000000000000000000000000000000000000000000000000000000000000000000000000000000000000000000000000000000000000}
            x{C9861A804C104698000000000006000200000004520F5BFAE2DB811E659CF17FB03F2335C3023F4A4B88DDB137FBD366D6D178EA40902C14_},
          hash: [Function: hash],
          blockchainLogs: '[ 4][t 0][2024-10-30 23:27:19.354000][transaction.cpp:443]\tunpacking account 525D79B589F1D73B879432CD1A596C0F9C42CF460467BBB795DA5A20C021C138\n' +
            '[ 4][t 0][2024-10-30 23:27:19.354000][transaction.cpp:274]\tlast_paid=1732922838; cells=234 bits=84033 public_cells=0\n' +
            '[ 4][t 0][2024-10-30 23:27:19.354000][transaction.cpp:504]\tend of Account.unpack() for 0:525D79B589F1D73B879432CD1A596C0F9C42CF460467BBB795DA5A20C021C138 (balance = 2100000000ng ; last_trans_lt = 38000000..38000005)\n' +
            '[ 4][t 0][2024-10-30 23:27:19.354000][transaction.cpp:3655]\tblock random seed set to 0000000000000000000000000000000000000000000000000000000000000000\n' +
            '[ 4][t 0][2024-10-30 23:27:19.354000][transaction.cpp:1236]\tgas limits: max=1000000, limit=179320, credit=0\n' +
            '[ 4][t 0][2024-10-30 23:27:19.354000][transaction.cpp:1575]\tin_msg_state is null\n' +
            '[ 4][t 0][2024-10-30 23:27:19.354000][transaction.cpp:1645]\tcreating VM\n' +
            '[ 4][t 0][2024-10-30 23:27:19.354000][transaction.cpp:1351]\tSmartContractInfo initialized with [ 124711402 0 0 1732922838 42000000 42000000 14068792954309835536948273256715513127174070948738620016199408580766834334284 [ 2171728098 (null) ] CS{Cell{0271c00525d79b589f1d73b879432cd1a596c0f9c42cf460467bbb795da5a20c021c1383d4c05210433a526eb000000000090f56151f4add401340} bits: 1..268; refs: 0..0} C{A7EC01478F770EF8F8B037CC7E42F0ABF0D85A50E1828C2394DAD1411691F2DE} C{42B6F0E46484EFC57B9508F6BA7EF42E7512023D5CB4ED5628DD1C7755D16E9D} [ 71728098 (null) ] 0 (null) [ CS{Cell{004dd06600000000000000000000000080000000000000fa00000000000001f4000000000003d09040} bits: 9..305; refs: 0..0} (null) CS{Cell{0094d1000000000000006400000000000f4240de000000002710000000000000000f42400000000002160ec0000000000000271000000000002625a00000000005f5e100000000003b9aca00} bits: 0..592; refs: 0..0} CS{Cell{0094d100000000000000640000000000009c40de000000000190000000000000000f424000000000000f4240000000000000271000000000009896800000000005f5e100000000003b9aca00} bits: 0..592; refs: 0..0} CS{Cell{0042ea000000000098968000000000271000000000000f424000000001800055555555} bits: 0..264; refs: 0..0} CS{Cell{0042ea0000000000061a800000000001900000000000009c4000000001800055555555} bits: 0..264; refs: 0..0} (null) ] 0 (null) ]\n' +
            '[ 4][t 0][2024-10-30 23:27:19.354000][transaction.cpp:1675]\tstarting VM\n' +
            '[ 4][t 0][2024-10-30 23:27:19.355000][transaction.cpp:1680]\tVM terminated with exit code 0\n' +
            '[ 3][t 0][2024-10-30 23:27:19.355000][transaction.cpp:1702]\tsteps: 741 gas: used=27641, max=1000000, limit=179320, credit=0\n' +
            '[ 3][t 0][2024-10-30 23:27:19.355000][transaction.cpp:1704]\tout_of_gas=false, accepted=true, success=true, time=0.000770s\n' +
            '[ 4][t 0][2024-10-30 23:27:19.355000][transaction.cpp:1737]\tgas fees: 11056400 = 26214400 * 27641 /2^16 ; price=26214400; flat rate=[40000 for 100]; remaining balance=2160671698ng\n' +
            '[ 3][t 0][2024-10-30 23:27:19.355000][transaction.cpp:2678]\tin try_action_reserve_currency(0)\n' +
            '[ 4][t 0][2024-10-30 23:27:19.355000][transaction.cpp:2684]\taction_reserve_currency: mode=0, reserve=1051000000ng, balance=2160671698ng, original balance=2100000000ng\n' +
            '[ 3][t 0][2024-10-30 23:27:19.355000][transaction.cpp:2729]\tchanged remaining balance to 1109671698ng, reserved balance to 1051000000ng\n' +
            '[ 4][t 0][2024-10-30 23:27:19.355000][transaction.cpp:2448]\tstorage paid for a message: 0 cells, 0 bits\n' +
            '[ 4][t 0][2024-10-30 23:27:19.355000][transaction.cpp:2452]\tcomputed fwd fees = 400000 + 0\n' +
            '[ 4][t 0][2024-10-30 23:27:19.355000][transaction.cpp:2448]\tstorage paid for a message: 0 cells, 0 bits\n' +
            '[ 4][t 0][2024-10-30 23:27:19.355000][transaction.cpp:2452]\tcomputed fwd fees = 400000 + 0\n',
          vmLogs: 'xecute EQUAL\n' +
            'execute THROWIF 137\n' +
            'execute PUSHPOW2 10\n' +
            'execute EQUAL\n' +
            'execute THROWIFNOT 136\n' +
            'execute STSLICER\n' +
            'execute ENDC\n' +
            'execute ROT\n' +
            'execute STREF\n' +
            'execute ENDC\n' +
            'execute SWAP\n' +
            'execute STREF\n' +
            'execute implicit RET\n' +
            'execute ENDC\n' +
            'execute POP c4\n' +
            'execute implicit RET\n',
          debugLogs: '',
          events: [Array],
          parent: [Object],
          children: [Array],
          externals: []
        },
        children: [],
        externals: []
      },
      {
        address: 105818132960003171416304597453717637701794574747475969910003481004036112389684n,
        lt: 46000000n,
        prevTransactionHash: 63541853348674665113867234398045888640400668056815780643405156020069752508584n,
        prevTransactionLt: 44000000n,
        now: 1732922838,
        outMessagesCount: 0,
        oldStatus: 'active',
        endStatus: 'active',
        inMessage: { info: [Object], init: null, body: x{} },
        outMessages: Dictionary { _key: [Object], _value: [Object], _map: Map(0) {} },
        totalFees: { coins: 123600n },
        stateUpdate: {
          oldHash: <Buffer cf fa 8c fb b0 a1 2e e8 ea 47 bd 02 12 db a0 47 43 6d be 51 a6 bd 75 73 d4 a8 e2 e0 91 a1 5b 44>,
          newHash: <Buffer bb 98 b6 e6 bc 0d 91 f6 38 c0 7c d5 23 4f 7c 9d 5b 02 78 05 51 42 cd 5a 2b 4c 91 e5 de 79 3e 06>
        },
        description: {
          type: 'generic',
          creditFirst: false,
          storagePhase: [Object],
          creditPhase: [Object],
          computePhase: [Object],
          actionPhase: [Object],
          bouncePhase: undefined,
          aborted: false,
          destroyed: false
        },
        raw: x{7E9F2F0D84B872955EA7531CD76AA1708C7F19E9781FF03939BD35BA547EE16340000000002BDE7808C7B6A1CAB7972E09ECB8B4DE56E67429DFE9DED823229A46F7CD5E6648210A800000000029F6300674A4DD600014603C5A0}
         x{A_}
          x{6800A4BAF36B13E3AE770F28659A34B2D81F38859E8C08CF776F2BB4B44180438271003A7CBC3612E1CA557A9D4C735DAA85C231FC67A5E07FC0E4E6F4D6E951FB858D100E4647480608235A000000000501BD04CE949BAC4_}
         x{72CFFA8CFBB0A12EE8EA47BD0212DBA047436DBE51A6BD7573D4A8E2E091A15B44BB98B6E6BC0D91F638C07CD5234F7C9D5B0278055142CD5A2B4C91E5DE793E06}
         x{040900E4647498603C5A11_}
          x{4026AC0922BC00000000000000000500000000000000000000000000000000000000000000000000000000000000000000000000000000000000000000000000000000000000000000000000000000}
          x{C00000000000000000000000012D452DA449E50B8CF7DD27861F146122AFE1B546BB8B70FC8216F0C614139F8E04_},
        hash: [Function: hash],
        blockchainLogs: '[ 4][t 0][2024-10-30 23:27:19.365000][transaction.cpp:443]\tunpacking account E9F2F0D84B872955EA7531CD76AA1708C7F19E9781FF03939BD35BA547EE1634\n' +
          '[ 4][t 0][2024-10-30 23:27:19.365000][transaction.cpp:274]\tlast_paid=1732922838; cells=6 bits=821 public_cells=0\n' +
          '[ 4][t 0][2024-10-30 23:27:19.365000][transaction.cpp:504]\tend of Account.unpack() for 0:E9F2F0D84B872955EA7531CD76AA1708C7F19E9781FF03939BD35BA547EE1634 (balance = 999999794872607ng ; last_trans_lt = 44000000..44000001)\n' +
          '[ 4][t 0][2024-10-30 23:27:19.365000][transaction.cpp:3655]\tblock random seed set to 0000000000000000000000000000000000000000000000000000000000000000\n' +
          '[ 4][t 0][2024-10-30 23:27:19.365000][transaction.cpp:1236]\tgas limits: max=1000000, limit=149679, credit=0\n' +
          '[ 4][t 0][2024-10-30 23:27:19.365000][transaction.cpp:1575]\tin_msg_state is null\n' +
          '[ 4][t 0][2024-10-30 23:27:19.365000][transaction.cpp:1645]\tcreating VM\n' +
          '[ 4][t 0][2024-10-30 23:27:19.365000][transaction.cpp:1351]\tSmartContractInfo initialized with [ 124711402 0 0 1732922838 46000000 46000000 60210483465141978598827679003117970236339845468170532052053411751718225576024 [ 999999854744305 (null) ] CS{Cell{0275c00e9f2f0d84b872955ea7531cd76aa1708c7f19e9781ff03939bd35ba547ee163420c80cd433a526eb0000000000a7d8c05c0e35fa6232047d340} bits: 1..268; refs: 0..0} C{A7EC01478F770EF8F8B037CC7E42F0ABF0D85A50E1828C2394DAD1411691F2DE} C{D992502B94EA96E7B34E5D62FFB0C6FC73D78B3E61F11F0848FB3A1EB1AFC912} [ 59871698 (null) ] 0 (null) [ CS{Cell{004dd06600000000000000000000000080000000000000fa00000000000001f4000000000003d09040} bits: 9..305; refs: 0..0} (null) CS{Cell{0094d1000000000000006400000000000f4240de000000002710000000000000000f42400000000002160ec0000000000000271000000000002625a00000000005f5e100000000003b9aca00} bits: 0..592; refs: 0..0} CS{Cell{0094d100000000000000640000000000009c40de000000000190000000000000000f424000000000000f4240000000000000271000000000009896800000000005f5e100000000003b9aca00} bits: 0..592; refs: 0..0} CS{Cell{0042ea000000000098968000000000271000000000000f424000000001800055555555} bits: 0..264; refs: 0..0} CS{Cell{0042ea0000000000061a800000000001900000000000009c4000000001800055555555} bits: 0..264; refs: 0..0} (null) ] 0 (null) ]\n' +
          '[ 4][t 0][2024-10-30 23:27:19.366000][transaction.cpp:1675]\tstarting VM\n' +
          '[ 4][t 0][2024-10-30 23:27:19.366000][transaction.cpp:1680]\tVM terminated with exit code 0\n' +
          '[ 3][t 0][2024-10-30 23:27:19.366000][transaction.cpp:1702]\tsteps: 5 gas: used=309, max=1000000, limit=149679, credit=0\n' +
          '[ 3][t 0][2024-10-30 23:27:19.366000][transaction.cpp:1704]\tout_of_gas=false, accepted=true, success=true, time=0.000016s\n' +
          '[ 4][t 0][2024-10-30 23:27:19.366000][transaction.cpp:1737]\tgas fees: 123600 = 26214400 * 309 /2^16 ; price=26214400; flat rate=[40000 for 100]; remaining balance=999999854620705ng\n',
        vmLogs: 'execute SETCP 0\n' +
          'execute DICTPUSHCONST 19 (xC_,1)\n' +
          'execute DICTIGETJMPZ\n' +
          'execute DROP\n' +
          'execute implicit RET\n',
        debugLogs: '',
        events: [],
        parent: {
          address: 37254810366437813475271750514734067285117962570475561289538093995582013161784n,
          lt: 42000000n,
          prevTransactionHash: 81131513769239533640427756228201033108418948995752947457662485322992679018078n,
          prevTransactionLt: 38000000n,
          now: 1732922838,
          outMessagesCount: 2,
          oldStatus: 'active',
          endStatus: 'active',
          inMessage: [Object],
          outMessages: [Dictionary],
          totalFees: [Object],
          stateUpdate: [Object],
          description: [Object],
          raw: x{7525D79B589F1D73B879432CD1A596C0F9C42CF460467BBB795DA5A20C021C138000000000280DE80B35ECF3ADFDBA01426BF663426CE43790E74D8B95E5A6936EB16B810DF2E5E5E000000000243D580674A4DD6000547598D6C}
           x{E_}
            x{6800F99E4F01C1A7C3616D00B3681096094D190E846AE8B8DA0403AC5E7A4431E26D0014975E6D627C75CEE1E50CB346965B03E710B3D18119EEEDE57696883008704E101119EF88060DFF5E0000000004A62F82CE949BACC_}
             x{2A004A0500000000000000000000000000000000000000000000000000000000000000000000000000000000C00814669C6B54FD8B2DD8E93AAA6E5DE45BD032703F7A61C194AB414089B0A7AA2}
            x{DD_}
             x{2_}
              x{6800A4BAF36B13E3AE770F28659A34B2D81F38859E8C08CF776F2BB4B441804382710020519A71AD53F62CB763A4EAA9B977916F40C9C0FDE9870652AD050226C29EA890FA19E1000608235A000000000501BD02CE949BAC4_}
             x{2_}
              x{6800A4BAF36B13E3AE770F28659A34B2D81F38859E8C08CF776F2BB4B44180438271003A7CBC3612E1CA557A9D4C735DAA85C231FC67A5E07FC0E4E6F4D6E951FB858D100E4647480608235A000000000501BD04CE949BAC4_}
           x{72FF4CDD26E4B920ED5D4760710C53E12568917B42B7C707228467A63BDD7739646A234BBFC581B06EE2F0AEAA502C15E51B29E34E3BB92FB0D07BF78691A862E5}
           x{040901119EF8987516A211_}
            x{4D7F2C0AF1E00000000000000002E500000000000000000000000000000000000000000000000000000000000000000000000000000000000000000000000000000000000000000000000000000000}
            x{C9861A804C104698000000000006000200000004520F5BFAE2DB811E659CF17FB03F2335C3023F4A4B88DDB137FBD366D6D178EA40902C14_},
          hash: [Function: hash],
          blockchainLogs: '[ 4][t 0][2024-10-30 23:27:19.354000][transaction.cpp:443]\tunpacking account 525D79B589F1D73B879432CD1A596C0F9C42CF460467BBB795DA5A20C021C138\n' +
            '[ 4][t 0][2024-10-30 23:27:19.354000][transaction.cpp:274]\tlast_paid=1732922838; cells=234 bits=84033 public_cells=0\n' +
            '[ 4][t 0][2024-10-30 23:27:19.354000][transaction.cpp:504]\tend of Account.unpack() for 0:525D79B589F1D73B879432CD1A596C0F9C42CF460467BBB795DA5A20C021C138 (balance = 2100000000ng ; last_trans_lt = 38000000..38000005)\n' +
            '[ 4][t 0][2024-10-30 23:27:19.354000][transaction.cpp:3655]\tblock random seed set to 0000000000000000000000000000000000000000000000000000000000000000\n' +
            '[ 4][t 0][2024-10-30 23:27:19.354000][transaction.cpp:1236]\tgas limits: max=1000000, limit=179320, credit=0\n' +
            '[ 4][t 0][2024-10-30 23:27:19.354000][transaction.cpp:1575]\tin_msg_state is null\n' +
            '[ 4][t 0][2024-10-30 23:27:19.354000][transaction.cpp:1645]\tcreating VM\n' +
            '[ 4][t 0][2024-10-30 23:27:19.354000][transaction.cpp:1351]\tSmartContractInfo initialized with [ 124711402 0 0 1732922838 42000000 42000000 14068792954309835536948273256715513127174070948738620016199408580766834334284 [ 2171728098 (null) ] CS{Cell{0271c00525d79b589f1d73b879432cd1a596c0f9c42cf460467bbb795da5a20c021c1383d4c05210433a526eb000000000090f56151f4add401340} bits: 1..268; refs: 0..0} C{A7EC01478F770EF8F8B037CC7E42F0ABF0D85A50E1828C2394DAD1411691F2DE} C{42B6F0E46484EFC57B9508F6BA7EF42E7512023D5CB4ED5628DD1C7755D16E9D} [ 71728098 (null) ] 0 (null) [ CS{Cell{004dd06600000000000000000000000080000000000000fa00000000000001f4000000000003d09040} bits: 9..305; refs: 0..0} (null) CS{Cell{0094d1000000000000006400000000000f4240de000000002710000000000000000f42400000000002160ec0000000000000271000000000002625a00000000005f5e100000000003b9aca00} bits: 0..592; refs: 0..0} CS{Cell{0094d100000000000000640000000000009c40de000000000190000000000000000f424000000000000f4240000000000000271000000000009896800000000005f5e100000000003b9aca00} bits: 0..592; refs: 0..0} CS{Cell{0042ea000000000098968000000000271000000000000f424000000001800055555555} bits: 0..264; refs: 0..0} CS{Cell{0042ea0000000000061a800000000001900000000000009c4000000001800055555555} bits: 0..264; refs: 0..0} (null) ] 0 (null) ]\n' +
            '[ 4][t 0][2024-10-30 23:27:19.354000][transaction.cpp:1675]\tstarting VM\n' +
            '[ 4][t 0][2024-10-30 23:27:19.355000][transaction.cpp:1680]\tVM terminated with exit code 0\n' +
            '[ 3][t 0][2024-10-30 23:27:19.355000][transaction.cpp:1702]\tsteps: 741 gas: used=27641, max=1000000, limit=179320, credit=0\n' +
            '[ 3][t 0][2024-10-30 23:27:19.355000][transaction.cpp:1704]\tout_of_gas=false, accepted=true, success=true, time=0.000770s\n' +
            '[ 4][t 0][2024-10-30 23:27:19.355000][transaction.cpp:1737]\tgas fees: 11056400 = 26214400 * 27641 /2^16 ; price=26214400; flat rate=[40000 for 100]; remaining balance=2160671698ng\n' +
            '[ 3][t 0][2024-10-30 23:27:19.355000][transaction.cpp:2678]\tin try_action_reserve_currency(0)\n' +
            '[ 4][t 0][2024-10-30 23:27:19.355000][transaction.cpp:2684]\taction_reserve_currency: mode=0, reserve=1051000000ng, balance=2160671698ng, original balance=2100000000ng\n' +
            '[ 3][t 0][2024-10-30 23:27:19.355000][transaction.cpp:2729]\tchanged remaining balance to 1109671698ng, reserved balance to 1051000000ng\n' +
            '[ 4][t 0][2024-10-30 23:27:19.355000][transaction.cpp:2448]\tstorage paid for a message: 0 cells, 0 bits\n' +
            '[ 4][t 0][2024-10-30 23:27:19.355000][transaction.cpp:2452]\tcomputed fwd fees = 400000 + 0\n' +
            '[ 4][t 0][2024-10-30 23:27:19.355000][transaction.cpp:2448]\tstorage paid for a message: 0 cells, 0 bits\n' +
            '[ 4][t 0][2024-10-30 23:27:19.355000][transaction.cpp:2452]\tcomputed fwd fees = 400000 + 0\n',
          vmLogs: 'xecute EQUAL\n' +
            'execute THROWIF 137\n' +
            'execute PUSHPOW2 10\n' +
            'execute EQUAL\n' +
            'execute THROWIFNOT 136\n' +
            'execute STSLICER\n' +
            'execute ENDC\n' +
            'execute ROT\n' +
            'execute STREF\n' +
            'execute ENDC\n' +
            'execute SWAP\n' +
            'execute STREF\n' +
            'execute implicit RET\n' +
            'execute ENDC\n' +
            'execute POP c4\n' +
            'execute implicit RET\n',
          debugLogs: '',
          events: [Array],
          parent: [Object],
          children: [Array],
          externals: []
        },
        children: [],
        externals: []
      },
      {
        address: 82932696146371031528842022915703368160952877310224391173905811460306378520268n,
        lt: 47000000n,
        prevTransactionHash: 61542466084257352292324673129880531088150722211263467125821443921739896689290n,
        prevTransactionLt: 32000000n,
        now: 1732922838,
        outMessagesCount: 0,
        oldStatus: 'active',
        endStatus: 'active',
        inMessage: { info: [Object], init: null, body: x{} },
        outMessages: Dictionary { _key: [Object], _value: [Object], _map: Map(0) {} },
        totalFees: { coins: 274724n },
        stateUpdate: {
          oldHash: <Buffer 6a 87 41 bb 9e ed 1f 94 49 a2 69 62 79 d4 36 3d ea 6a 33 df ba 68 10 81 a6 3d 33 d2 d3 74 da 7f>,
          newHash: <Buffer 89 c3 84 fe b3 20 0d 23 3c 1a 6b b3 1b 7c 48 09 c8 73 9e ab fc 7f ad 05 70 f6 4f 6b 25 0a 85 c6>
        },
        description: {
          type: 'generic',
          creditFirst: false,
          storagePhase: [Object],
          creditPhase: [Object],
          computePhase: [Object],
          actionPhase: [Object],
          bouncePhase: undefined,
          aborted: false,
          destroyed: false
        },
        raw: x{7B75A3E1A6460F415CE3721F308920C4B456F3B977F39EB26CED9155308A976CC0000000002CD29C0880FCD294830C1AE99EA0BFDEFE5EC6428A42FCA9CF68F5B8D3B31F3C171928A0000000001E84800674A4DD6000146086248}
         x{A_}
          x{6800A4BAF36B13E3AE770F28659A34B2D81F38859E8C08CF776F2BB4B44180438271002DD68F8699183D05738DC87CC2248312D15BCEE5DFCE7AC9B3B64554C22A5DB310E27F66000608235A0000000005204182CE949BAC4_}
         x{726A8741BB9EED1F9449A2696279D4363DEA6A33DFBA681081A63D33D2D374DA7F89C384FEB3200D233C1A6BB31B7C4809C8739EABFC7FAD0570F64F6B250A85C6}
         x{04C09395090E27F66018603C5A11_}
          x{4026AC3D090000000000000000000500000000000000000000000000000000000000000000000000000000000000000000000000000000000000000000000000000000000000000000000000000000}
          x{C00000000000000000000000012D452DA449E50B8CF7DD27861F146122AFE1B546BB8B70FC8216F0C614139F8E04_},
        hash: [Function: hash],
        blockchainLogs: '[ 4][t 0][2024-10-30 23:27:19.367000][transaction.cpp:443]\tunpacking account B75A3E1A6460F415CE3721F308920C4B456F3B977F39EB26CED9155308A976CC\n' +
          '[ 4][t 0][2024-10-30 23:27:19.367000][transaction.cpp:274]\tlast_paid=1730330838; cells=6 bits=821 public_cells=0\n' +
          '[ 4][t 0][2024-10-30 23:27:19.367000][transaction.cpp:504]\tend of Account.unpack() for 0:B75A3E1A6460F415CE3721F308920C4B456F3B977F39EB26CED9155308A976CC (balance = 999998880613600ng ; last_trans_lt = 32000000..32000001)\n' +
          '[ 4][t 0][2024-10-30 23:27:19.367000][transaction.cpp:3655]\tblock random seed set to 0000000000000000000000000000000000000000000000000000000000000000\n' +
          '[ 4][t 0][2024-10-30 23:27:19.367000][transaction.cpp:1236]\tgas limits: max=1000000, limit=1000000, credit=0\n' +
          '[ 4][t 0][2024-10-30 23:27:19.367000][transaction.cpp:1575]\tin_msg_state is null\n' +
          '[ 4][t 0][2024-10-30 23:27:19.367000][transaction.cpp:1645]\tcreating VM\n' +
          '[ 4][t 0][2024-10-30 23:27:19.367000][transaction.cpp:1351]\tSmartContractInfo initialized with [ 124711402 0 0 1732922838 47000000 47000000 21122878255675644108446800642276849919927819785129319861439300423341550034363 [ 999999830462476 (null) ] CS{Cell{0275c00b75a3e1a6460f415ce3721f308920c4b456f3b977f39eb26ced9155308a976cc20c80cd43391606b00000000007a12005c0e35f988381381340} bits: 1..268; refs: 0..0} C{A7EC01478F770EF8F8B037CC7E42F0ABF0D85A50E1828C2394DAD1411691F2DE} C{D992502B94EA96E7B34E5D62FFB0C6FC73D78B3E61F11F0848FB3A1EB1AFC912} [ 950000000 (null) ] 151124 (null) [ CS{Cell{004dd06600000000000000000000000080000000000000fa00000000000001f4000000000003d09040} bits: 9..305; refs: 0..0} (null) CS{Cell{0094d1000000000000006400000000000f4240de000000002710000000000000000f42400000000002160ec0000000000000271000000000002625a00000000005f5e100000000003b9aca00} bits: 0..592; refs: 0..0} CS{Cell{0094d100000000000000640000000000009c40de000000000190000000000000000f424000000000000f4240000000000000271000000000009896800000000005f5e100000000003b9aca00} bits: 0..592; refs: 0..0} CS{Cell{0042ea000000000098968000000000271000000000000f424000000001800055555555} bits: 0..264; refs: 0..0} CS{Cell{0042ea0000000000061a800000000001900000000000009c4000000001800055555555} bits: 0..264; refs: 0..0} (null) ] 0 (null) ]\n' +
          '[ 4][t 0][2024-10-30 23:27:19.367000][transaction.cpp:1675]\tstarting VM\n' +
          '[ 4][t 0][2024-10-30 23:27:19.367000][transaction.cpp:1680]\tVM terminated with exit code 0\n' +
          '[ 3][t 0][2024-10-30 23:27:19.367000][transaction.cpp:1702]\tsteps: 5 gas: used=309, max=1000000, limit=1000000, credit=0\n' +
          '[ 3][t 0][2024-10-30 23:27:19.367000][transaction.cpp:1704]\tout_of_gas=false, accepted=true, success=true, time=0.000016s\n' +
          '[ 4][t 0][2024-10-30 23:27:19.367000][transaction.cpp:1737]\tgas fees: 123600 = 26214400 * 309 /2^16 ; price=26214400; flat rate=[40000 for 100]; remaining balance=999999830338876ng\n',
        vmLogs: 'execute SETCP 0\n' +
          'execute DICTPUSHCONST 19 (xC_,1)\n' +
          'execute DICTIGETJMPZ\n' +
          'execute DROP\n' +
          'execute implicit RET\n',
        debugLogs: '',
        events: [],
        parent: {
          address: 37254810366437813475271750514734067285117962570475561289538093995582013161784n,
          lt: 43000000n,
          prevTransactionHash: 31086557057373426509192859266113912323332642271089918412386346651224914184231n,
          prevTransactionLt: 42000000n,
          now: 1732922838,
          outMessagesCount: 2,
          oldStatus: 'active',
          endStatus: 'active',
          inMessage: [Object],
          outMessages: [Dictionary],
          totalFees: [Object],
          stateUpdate: [Object],
          description: [Object],
          raw: x{7525D79B589F1D73B879432CD1A596C0F9C42CF460467BBB795DA5A20C021C13800000000029020C044BA5E2668B77CF289DDF9DAFF7675F9076FE35D6F402832E6699A623E3EC827000000000280DE80674A4DD600054750B3CC}
           x{E_}
            x{6801C25D36B535BEF92116226484A49D03E01E5050FFC3053F6C298C080280A4EEF90014975E6D627C75CEE1E50CB346965B03E710B3D18119EEEDE57696883008704E101119EF88060DFF5E0000000004C4B402CE949BACC_}
             x{2A004A0500000000000000010000000000000000000000000000000000000000000000000000000000000000400B75A3E1A6460F415CE3721F308920C4B456F3B977F39EB26CED9155308A976CC}
            x{DD_}
             x{2_}
              x{6800A4BAF36B13E3AE770F28659A34B2D81F38859E8C08CF776F2BB4B44180438271002DD68F8699183D05738DC87CC2248312D15BCEE5DFCE7AC9B3B64554C22A5DB310E27F66000608235A0000000005204182CE949BAC4_}
             x{2_}
              x{6800A4BAF36B13E3AE770F28659A34B2D81F38859E8C08CF776F2BB4B44180438271003A7CBC3612E1CA557A9D4C735DAA85C231FC67A5E07FC0E4E6F4D6E951FB858D100E57FA880608235A0000000005204184CE949BAC4_}
           x{726A234BBFC581B06EE2F0AEAA502C15E51B29E34E3BB92FB0D07BF78691A862E53B54E9A3EDEDC73754757938FAD5BEF89781F1B29B92C8558009F60B0BE910F0}
           x{040901119EF89874890811_}
            x{4D248C0AF1E00000000000000002E500000000000000000000000000000000000000000000000000000000000000000000000000000000000000000000000000000000000000000000000000000000}
            x{C9861A804C10469800000000000600020000000450AF9D9EE3726931F26D844A6FCC649C60C9C4AD99D34E111DD9BC6BD3DB3ADC40902C14_},
          hash: [Function: hash],
          blockchainLogs: '[ 4][t 0][2024-10-30 23:27:19.358000][transaction.cpp:443]\tunpacking account 525D79B589F1D73B879432CD1A596C0F9C42CF460467BBB795DA5A20C021C138\n' +
            '[ 4][t 0][2024-10-30 23:27:19.358000][transaction.cpp:274]\tlast_paid=1732922838; cells=231 bits=83982 public_cells=0\n' +
            '[ 4][t 0][2024-10-30 23:27:19.358000][transaction.cpp:504]\tend of Account.unpack() for 0:525D79B589F1D73B879432CD1A596C0F9C42CF460467BBB795DA5A20C021C138 (balance = 1051000000ng ; last_trans_lt = 42000000..42000003)\n' +
            '[ 4][t 0][2024-10-30 23:27:19.358000][transaction.cpp:3655]\tblock random seed set to 0000000000000000000000000000000000000000000000000000000000000000\n' +
            '[ 4][t 0][2024-10-30 23:27:19.358000][transaction.cpp:1236]\tgas limits: max=1000000, limit=179320, credit=0\n' +
            '[ 4][t 0][2024-10-30 23:27:19.358000][transaction.cpp:1575]\tin_msg_state is null\n' +
            '[ 4][t 0][2024-10-30 23:27:19.358000][transaction.cpp:1645]\tcreating VM\n' +
            '[ 4][t 0][2024-10-30 23:27:19.358000][transaction.cpp:1351]\tSmartContractInfo initialized with [ 124711402 0 0 1732922838 43000000 43000000 14068792954309835536948273256715513127174070948738620016199408580766834334284 [ 1122728098 (null) ] CS{Cell{0271c00525d79b589f1d73b879432cd1a596c0f9c42cf460467bbb795da5a20c021c1383cec05203833a526eb0000000000a037a0d0fa93f301340} bits: 1..268; refs: 0..0} C{A7EC01478F770EF8F8B037CC7E42F0ABF0D85A50E1828C2394DAD1411691F2DE} C{42B6F0E46484EFC57B9508F6BA7EF42E7512023D5CB4ED5628DD1C7755D16E9D} [ 71728098 (null) ] 0 (null) [ CS{Cell{004dd06600000000000000000000000080000000000000fa00000000000001f4000000000003d09040} bits: 9..305; refs: 0..0} (null) CS{Cell{0094d1000000000000006400000000000f4240de000000002710000000000000000f42400000000002160ec0000000000000271000000000002625a00000000005f5e100000000003b9aca00} bits: 0..592; refs: 0..0} CS{Cell{0094d100000000000000640000000000009c40de000000000190000000000000000f424000000000000f4240000000000000271000000000009896800000000005f5e100000000003b9aca00} bits: 0..592; refs: 0..0} CS{Cell{0042ea000000000098968000000000271000000000000f424000000001800055555555} bits: 0..264; refs: 0..0} CS{Cell{0042ea0000000000061a800000000001900000000000009c4000000001800055555555} bits: 0..264; refs: 0..0} (null) ] 0 (null) ]\n' +
            '[ 4][t 0][2024-10-30 23:27:19.358000][transaction.cpp:1675]\tstarting VM\n' +
            '[ 4][t 0][2024-10-30 23:27:19.359000][transaction.cpp:1680]\tVM terminated with exit code 0\n' +
            '[ 3][t 0][2024-10-30 23:27:19.359000][transaction.cpp:1702]\tsteps: 741 gas: used=26916, max=1000000, limit=179320, credit=0\n' +
            '[ 3][t 0][2024-10-30 23:27:19.359000][transaction.cpp:1704]\tout_of_gas=false, accepted=true, success=true, time=0.000903s\n' +
            '[ 4][t 0][2024-10-30 23:27:19.359000][transaction.cpp:1737]\tgas fees: 10766400 = 26214400 * 26916 /2^16 ; price=26214400; flat rate=[40000 for 100]; remaining balance=1111961698ng\n' +
            '[ 3][t 0][2024-10-30 23:27:19.359000][transaction.cpp:2678]\tin try_action_reserve_currency(0)\n' +
            '[ 4][t 0][2024-10-30 23:27:19.359000][transaction.cpp:2684]\taction_reserve_currency: mode=0, reserve=101000000ng, balance=1111961698ng, original balance=1051000000ng\n' +
            '[ 3][t 0][2024-10-30 23:27:19.359000][transaction.cpp:2729]\tchanged remaining balance to 1010961698ng, reserved balance to 101000000ng\n' +
            '[ 4][t 0][2024-10-30 23:27:19.359000][transaction.cpp:2448]\tstorage paid for a message: 0 cells, 0 bits\n' +
            '[ 4][t 0][2024-10-30 23:27:19.359000][transaction.cpp:2452]\tcomputed fwd fees = 400000 + 0\n' +
            '[ 4][t 0][2024-10-30 23:27:19.359000][transaction.cpp:2448]\tstorage paid for a message: 0 cells, 0 bits\n' +
            '[ 4][t 0][2024-10-30 23:27:19.359000][transaction.cpp:2452]\tcomputed fwd fees = 400000 + 0\n',
          vmLogs: 'xecute EQUAL\n' +
            'execute THROWIF 137\n' +
            'execute PUSHPOW2 10\n' +
            'execute EQUAL\n' +
            'execute THROWIFNOT 136\n' +
            'execute STSLICER\n' +
            'execute ENDC\n' +
            'execute ROT\n' +
            'execute STREF\n' +
            'execute ENDC\n' +
            'execute SWAP\n' +
            'execute STREF\n' +
            'execute implicit RET\n' +
            'execute ENDC\n' +
            'execute POP c4\n' +
            'execute implicit RET\n',
          debugLogs: '',
          events: [Array],
          parent: [Object],
          children: [Array],
          externals: []
        },
        children: [],
        externals: []
      },
      {
        address: 105818132960003171416304597453717637701794574747475969910003481004036112389684n,
        lt: 48000000n,
        prevTransactionHash: 51440049176434049200107998105599478004814207384505774456945483072284302328924n,
        prevTransactionLt: 46000000n,
        now: 1732922838,
        outMessagesCount: 0,
        oldStatus: 'active',
        endStatus: 'active',
        inMessage: { info: [Object], init: null, body: x{} },
        outMessages: Dictionary { _key: [Object], _value: [Object], _map: Map(0) {} },
        totalFees: { coins: 123600n },
        stateUpdate: {
          oldHash: <Buffer bb 98 b6 e6 bc 0d 91 f6 38 c0 7c d5 23 4f 7c 9d 5b 02 78 05 51 42 cd 5a 2b 4c 91 e5 de 79 3e 06>,
          newHash: <Buffer 91 c1 26 cb dc d3 e8 fa 80 0a 68 8f bb 7b 15 48 ed 47 b8 30 27 c2 e0 9a 18 ad 1f ac 62 82 f3 1a>
        },
        description: {
          type: 'generic',
          creditFirst: false,
          storagePhase: [Object],
          creditPhase: [Object],
          computePhase: [Object],
          actionPhase: [Object],
          bouncePhase: undefined,
          aborted: false,
          destroyed: false
        },
        raw: x{7E9F2F0D84B872955EA7531CD76AA1708C7F19E9781FF03939BD35BA547EE16340000000002DC6C0071BA093BF80B88D4F4D8E572FB5330BEA97A0BC8A7811906297C6F40C5D1445C0000000002BDE780674A4DD600014603C5A0}
         x{A_}
          x{6800A4BAF36B13E3AE770F28659A34B2D81F38859E8C08CF776F2BB4B44180438271003A7CBC3612E1CA557A9D4C735DAA85C231FC67A5E07FC0E4E6F4D6E951FB858D100E57FA880608235A0000000005204184CE949BAC4_}
         x{72BB98B6E6BC0D91F638C07CD5234F7C9D5B0278055142CD5A2B4C91E5DE793E0691C126CBDCD3E8FA800A688FBB7B1548ED47B83027C2E09A18AD1FAC6282F31A}
         x{040900E57FA898603C5A11_}
          x{4026AC092E1000000000000000000500000000000000000000000000000000000000000000000000000000000000000000000000000000000000000000000000000000000000000000000000000000}
          x{C00000000000000000000000012D452DA449E50B8CF7DD27861F146122AFE1B546BB8B70FC8216F0C614139F8E04_},
        hash: [Function: hash],
        blockchainLogs: '[ 4][t 0][2024-10-30 23:27:19.369000][transaction.cpp:443]\tunpacking account E9F2F0D84B872955EA7531CD76AA1708C7F19E9781FF03939BD35BA547EE1634\n' +
          '[ 4][t 0][2024-10-30 23:27:19.369000][transaction.cpp:274]\tlast_paid=1732922838; cells=6 bits=821 public_cells=0\n' +
          '[ 4][t 0][2024-10-30 23:27:19.369000][transaction.cpp:504]\tend of Account.unpack() for 0:E9F2F0D84B872955EA7531CD76AA1708C7F19E9781FF03939BD35BA547EE1634 (balance = 999999854620705ng ; last_trans_lt = 46000000..46000001)\n' +
          '[ 4][t 0][2024-10-30 23:27:19.369000][transaction.cpp:3655]\tblock random seed set to 0000000000000000000000000000000000000000000000000000000000000000\n' +
          '[ 4][t 0][2024-10-30 23:27:19.369000][transaction.cpp:1236]\tgas limits: max=1000000, limit=150404, credit=0\n' +
          '[ 4][t 0][2024-10-30 23:27:19.369000][transaction.cpp:1575]\tin_msg_state is null\n' +
          '[ 4][t 0][2024-10-30 23:27:19.369000][transaction.cpp:1645]\tcreating VM\n' +
          '[ 4][t 0][2024-10-30 23:27:19.369000][transaction.cpp:1351]\tSmartContractInfo initialized with [ 124711402 0 0 1732922838 48000000 48000000 60210483465141978598827679003117970236339845468170532052053411751718225576024 [ 999999914782403 (null) ] CS{Cell{0275c00e9f2f0d84b872955ea7531cd76aa1708c7f19e9781ff03939bd35ba547ee163420c80cd433a526eb0000000000af79e05c0e35fa7070c085340} bits: 1..268; refs: 0..0} C{A7EC01478F770EF8F8B037CC7E42F0ABF0D85A50E1828C2394DAD1411691F2DE} C{D992502B94EA96E7B34E5D62FFB0C6FC73D78B3E61F11F0848FB3A1EB1AFC912} [ 60161698 (null) ] 0 (null) [ CS{Cell{004dd06600000000000000000000000080000000000000fa00000000000001f4000000000003d09040} bits: 9..305; refs: 0..0} (null) CS{Cell{0094d1000000000000006400000000000f4240de000000002710000000000000000f42400000000002160ec0000000000000271000000000002625a00000000005f5e100000000003b9aca00} bits: 0..592; refs: 0..0} CS{Cell{0094d100000000000000640000000000009c40de000000000190000000000000000f424000000000000f4240000000000000271000000000009896800000000005f5e100000000003b9aca00} bits: 0..592; refs: 0..0} CS{Cell{0042ea000000000098968000000000271000000000000f424000000001800055555555} bits: 0..264; refs: 0..0} CS{Cell{0042ea0000000000061a800000000001900000000000009c4000000001800055555555} bits: 0..264; refs: 0..0} (null) ] 0 (null) ]\n' +
          '[ 4][t 0][2024-10-30 23:27:19.369000][transaction.cpp:1675]\tstarting VM\n' +
          '[ 4][t 0][2024-10-30 23:27:19.369000][transaction.cpp:1680]\tVM terminated with exit code 0\n' +
          '[ 3][t 0][2024-10-30 23:27:19.369000][transaction.cpp:1702]\tsteps: 5 gas: used=309, max=1000000, limit=150404, credit=0\n' +
          '[ 3][t 0][2024-10-30 23:27:19.369000][transaction.cpp:1704]\tout_of_gas=false, accepted=true, success=true, time=0.000016s\n' +
          '[ 4][t 0][2024-10-30 23:27:19.369000][transaction.cpp:1737]\tgas fees: 123600 = 26214400 * 309 /2^16 ; price=26214400; flat rate=[40000 for 100]; remaining balance=999999914658803ng\n',
        vmLogs: 'execute SETCP 0\n' +
          'execute DICTPUSHCONST 19 (xC_,1)\n' +
          'execute DICTIGETJMPZ\n' +
          'execute DROP\n' +
          'execute implicit RET\n',
        debugLogs: '',
        events: [],
        parent: {
          address: 37254810366437813475271750514734067285117962570475561289538093995582013161784n,
          lt: 43000000n,
          prevTransactionHash: 31086557057373426509192859266113912323332642271089918412386346651224914184231n,
          prevTransactionLt: 42000000n,
          now: 1732922838,
          outMessagesCount: 2,
          oldStatus: 'active',
          endStatus: 'active',
          inMessage: [Object],
          outMessages: [Dictionary],
          totalFees: [Object],
          stateUpdate: [Object],
          description: [Object],
          raw: x{7525D79B589F1D73B879432CD1A596C0F9C42CF460467BBB795DA5A20C021C13800000000029020C044BA5E2668B77CF289DDF9DAFF7675F9076FE35D6F402832E6699A623E3EC827000000000280DE80674A4DD600054750B3CC}
           x{E_}
            x{6801C25D36B535BEF92116226484A49D03E01E5050FFC3053F6C298C080280A4EEF90014975E6D627C75CEE1E50CB346965B03E710B3D18119EEEDE57696883008704E101119EF88060DFF5E0000000004C4B402CE949BACC_}
             x{2A004A0500000000000000010000000000000000000000000000000000000000000000000000000000000000400B75A3E1A6460F415CE3721F308920C4B456F3B977F39EB26CED9155308A976CC}
            x{DD_}
             x{2_}
              x{6800A4BAF36B13E3AE770F28659A34B2D81F38859E8C08CF776F2BB4B44180438271002DD68F8699183D05738DC87CC2248312D15BCEE5DFCE7AC9B3B64554C22A5DB310E27F66000608235A0000000005204182CE949BAC4_}
             x{2_}
              x{6800A4BAF36B13E3AE770F28659A34B2D81F38859E8C08CF776F2BB4B44180438271003A7CBC3612E1CA557A9D4C735DAA85C231FC67A5E07FC0E4E6F4D6E951FB858D100E57FA880608235A0000000005204184CE949BAC4_}
           x{726A234BBFC581B06EE2F0AEAA502C15E51B29E34E3BB92FB0D07BF78691A862E53B54E9A3EDEDC73754757938FAD5BEF89781F1B29B92C8558009F60B0BE910F0}
           x{040901119EF89874890811_}
            x{4D248C0AF1E00000000000000002E500000000000000000000000000000000000000000000000000000000000000000000000000000000000000000000000000000000000000000000000000000000}
            x{C9861A804C10469800000000000600020000000450AF9D9EE3726931F26D844A6FCC649C60C9C4AD99D34E111DD9BC6BD3DB3ADC40902C14_},
          hash: [Function: hash],
          blockchainLogs: '[ 4][t 0][2024-10-30 23:27:19.358000][transaction.cpp:443]\tunpacking account 525D79B589F1D73B879432CD1A596C0F9C42CF460467BBB795DA5A20C021C138\n' +
            '[ 4][t 0][2024-10-30 23:27:19.358000][transaction.cpp:274]\tlast_paid=1732922838; cells=231 bits=83982 public_cells=0\n' +
            '[ 4][t 0][2024-10-30 23:27:19.358000][transaction.cpp:504]\tend of Account.unpack() for 0:525D79B589F1D73B879432CD1A596C0F9C42CF460467BBB795DA5A20C021C138 (balance = 1051000000ng ; last_trans_lt = 42000000..42000003)\n' +
            '[ 4][t 0][2024-10-30 23:27:19.358000][transaction.cpp:3655]\tblock random seed set to 0000000000000000000000000000000000000000000000000000000000000000\n' +
            '[ 4][t 0][2024-10-30 23:27:19.358000][transaction.cpp:1236]\tgas limits: max=1000000, limit=179320, credit=0\n' +
            '[ 4][t 0][2024-10-30 23:27:19.358000][transaction.cpp:1575]\tin_msg_state is null\n' +
            '[ 4][t 0][2024-10-30 23:27:19.358000][transaction.cpp:1645]\tcreating VM\n' +
            '[ 4][t 0][2024-10-30 23:27:19.358000][transaction.cpp:1351]\tSmartContractInfo initialized with [ 124711402 0 0 1732922838 43000000 43000000 14068792954309835536948273256715513127174070948738620016199408580766834334284 [ 1122728098 (null) ] CS{Cell{0271c00525d79b589f1d73b879432cd1a596c0f9c42cf460467bbb795da5a20c021c1383cec05203833a526eb0000000000a037a0d0fa93f301340} bits: 1..268; refs: 0..0} C{A7EC01478F770EF8F8B037CC7E42F0ABF0D85A50E1828C2394DAD1411691F2DE} C{42B6F0E46484EFC57B9508F6BA7EF42E7512023D5CB4ED5628DD1C7755D16E9D} [ 71728098 (null) ] 0 (null) [ CS{Cell{004dd06600000000000000000000000080000000000000fa00000000000001f4000000000003d09040} bits: 9..305; refs: 0..0} (null) CS{Cell{0094d1000000000000006400000000000f4240de000000002710000000000000000f42400000000002160ec0000000000000271000000000002625a00000000005f5e100000000003b9aca00} bits: 0..592; refs: 0..0} CS{Cell{0094d100000000000000640000000000009c40de000000000190000000000000000f424000000000000f4240000000000000271000000000009896800000000005f5e100000000003b9aca00} bits: 0..592; refs: 0..0} CS{Cell{0042ea000000000098968000000000271000000000000f424000000001800055555555} bits: 0..264; refs: 0..0} CS{Cell{0042ea0000000000061a800000000001900000000000009c4000000001800055555555} bits: 0..264; refs: 0..0} (null) ] 0 (null) ]\n' +
            '[ 4][t 0][2024-10-30 23:27:19.358000][transaction.cpp:1675]\tstarting VM\n' +
            '[ 4][t 0][2024-10-30 23:27:19.359000][transaction.cpp:1680]\tVM terminated with exit code 0\n' +
            '[ 3][t 0][2024-10-30 23:27:19.359000][transaction.cpp:1702]\tsteps: 741 gas: used=26916, max=1000000, limit=179320, credit=0\n' +
            '[ 3][t 0][2024-10-30 23:27:19.359000][transaction.cpp:1704]\tout_of_gas=false, accepted=true, success=true, time=0.000903s\n' +
            '[ 4][t 0][2024-10-30 23:27:19.359000][transaction.cpp:1737]\tgas fees: 10766400 = 26214400 * 26916 /2^16 ; price=26214400; flat rate=[40000 for 100]; remaining balance=1111961698ng\n' +
            '[ 3][t 0][2024-10-30 23:27:19.359000][transaction.cpp:2678]\tin try_action_reserve_currency(0)\n' +
            '[ 4][t 0][2024-10-30 23:27:19.359000][transaction.cpp:2684]\taction_reserve_currency: mode=0, reserve=101000000ng, balance=1111961698ng, original balance=1051000000ng\n' +
            '[ 3][t 0][2024-10-30 23:27:19.359000][transaction.cpp:2729]\tchanged remaining balance to 1010961698ng, reserved balance to 101000000ng\n' +
            '[ 4][t 0][2024-10-30 23:27:19.359000][transaction.cpp:2448]\tstorage paid for a message: 0 cells, 0 bits\n' +
            '[ 4][t 0][2024-10-30 23:27:19.359000][transaction.cpp:2452]\tcomputed fwd fees = 400000 + 0\n' +
            '[ 4][t 0][2024-10-30 23:27:19.359000][transaction.cpp:2448]\tstorage paid for a message: 0 cells, 0 bits\n' +
            '[ 4][t 0][2024-10-30 23:27:19.359000][transaction.cpp:2452]\tcomputed fwd fees = 400000 + 0\n',
          vmLogs: 'xecute EQUAL\n' +
            'execute THROWIF 137\n' +
            'execute PUSHPOW2 10\n' +
            'execute EQUAL\n' +
            'execute THROWIFNOT 136\n' +
            'execute STSLICER\n' +
            'execute ENDC\n' +
            'execute ROT\n' +
            'execute STREF\n' +
            'execute ENDC\n' +
            'execute SWAP\n' +
            'execute STREF\n' +
            'execute implicit RET\n' +
            'execute ENDC\n' +
            'execute POP c4\n' +
            'execute implicit RET\n',
          debugLogs: '',
          events: [Array],
          parent: [Object],
          children: [Array],
          externals: []
        },
        children: [],
        externals: []
      }
    ]

      at proceedDeal (tests/MarketTon.spec.ts:2082:17)

  console.log
    [
      {
        type: 'message_sent',
        from: EQDp8vDYS4cpVep1Mc12qhcIx_Gel4H_A5Ob01ulR-4WNMml,
        to: EQBSXXm1ifHXO4eUMs0aWWwPnELPRgRnu7eV2logwCHBOBBt,
        value: 1000000000n,
        body: x{E9626FBA000000000000000000000000}
         x{03DF94AA22408F0D180000001937A400BF04_}
         x{03DF94AA23405F5E100000001937A400BF04_},
        bounced: false
      },
      {
        type: 'message_sent',
        from: EQBSXXm1ifHXO4eUMs0aWWwPnELPRgRnu7eV2logwCHBOBBt,
        to: EQASWIYDJyUJTnnETBq5ZC_hy_G_TXfbJcNF3b56jIC81Pj2,
        value: 982832763n,
        body: x{03DF94AA000000000000000022408F0D180000001937A400BF011A02FAF080000000C9BD2005F82_}
         x{},
        bounced: false
      },
      {
        type: 'message_sent',
        from: EQASWIYDJyUJTnnETBq5ZC_hy_G_TXfbJcNF3b56jIC81Pj2,
        to: EQBSXXm1ifHXO4eUMs0aWWwPnELPRgRnu7eV2logwCHBOBBt,
        value: 978464763n,
        body: x{935FA9D10000000000000000}
         x{00000000000000000000000000000000000000000000000000000000000000220000000000000000000000000000000000000000000000000000000008F0D18001937A400BF0}
         x{00000000000000000000000000000000000000000000000000000000000000230000000000000000000000000000000000000000000000000000000005F5E10001937A400BF0},
        bounced: false
      },
      {
        type: 'message_sent',
        from: EQBSXXm1ifHXO4eUMs0aWWwPnELPRgRnu7eV2logwCHBOBBt,
        to: EQC50kw8CkUnsCDgJcqVYTHF61CBKRFXwl_Xlh3y0DobarlX,
        value: 966133163n,
        body: x{E601F8E50000000000000000},
        bounced: false
      },
      {
        type: 'message_sent',
        from: EQC50kw8CkUnsCDgJcqVYTHF61CBKRFXwl_Xlh3y0DobarlX,
        to: EQBSXXm1ifHXO4eUMs0aWWwPnELPRgRnu7eV2logwCHBOBBt,
        value: 960892531n,
        body: x{B687AB17000000000000000000000000}
         x{02202FAF080202FAF08021DCD65001CC4B4021DCD65003391606B3397F7EB3391606B33A526EB00000000800000004_}
          x{801028CD38D6A9FB165BB1D27554DCBBC8B7A064E07EF4C3832956828113614F545_},
        bounced: false
      },
      {
        type: 'message_sent',
        from: EQBSXXm1ifHXO4eUMs0aWWwPnELPRgRnu7eV2logwCHBOBBt,
        to: EQB8zyeA4NPhsLaAWbQISwSmjIdCNXRcbQIB1i89IhjxNhei,
        value: 67521600n,
        body: x{BC26F4C80000000000000000},
        bounced: false
      },
      {
        type: 'message_sent',
        from: EQBSXXm1ifHXO4eUMs0aWWwPnELPRgRnu7eV2logwCHBOBBt,
        to: EQDhLptamt98kIsRMkJSToHwDygof-GCn7YUxgQBQFJ3fLZb,
        value: 67521600n,
        body: x{BC26F4C80000000000000001},
        bounced: false
      },
      {
        type: 'message_sent',
        from: EQBSXXm1ifHXO4eUMs0aWWwPnELPRgRnu7eV2logwCHBOBBt,
        to: EQC50kw8CkUnsCDgJcqVYTHF61CBKRFXwl_Xlh3y0DobarlX,
        value: 791210531n,
        body: x{B8A3AA140000000000000000801D3E5E1B0970E52ABD4EA639AED542E118FE33D2F03FE072737A6B74A8FDC2C69_},
        bounced: false
      },
      {
        type: 'message_sent',
        from: EQB8zyeA4NPhsLaAWbQISwSmjIdCNXRcbQIB1i89IhjxNhei,
        to: EQBSXXm1ifHXO4eUMs0aWWwPnELPRgRnu7eV2logwCHBOBBt,
        value: 71728098n,
        body: x{2A004A0500000000000000000000000000000000000000000000000000000000000000000000000000000000C00814669C6B54FD8B2DD8E93AAA6E5DE45BD032703F7A61C194AB414089B0A7AA2},
        bounced: false
      },
      {
        type: 'message_sent',
        from: EQDhLptamt98kIsRMkJSToHwDygof-GCn7YUxgQBQFJ3fLZb,
        to: EQBSXXm1ifHXO4eUMs0aWWwPnELPRgRnu7eV2logwCHBOBBt,
        value: 71728098n,
        body: x{2A004A0500000000000000010000000000000000000000000000000000000000000000000000000000000000400B75A3E1A6460F415CE3721F308920C4B456F3B977F39EB26CED9155308A976CC},
        bounced: false
      },
      {
        type: 'message_sent',
        from: EQC50kw8CkUnsCDgJcqVYTHF61CBKRFXwl_Xlh3y0DobarlX,
        to: EQDp8vDYS4cpVep1Mc12qhcIx_Gel4H_A5Ob01ulR-4WNMml,
        value: 797411731n,
        body: x{},
        bounced: false
      },
      {
        type: 'account_destroyed',
        account: EQC50kw8CkUnsCDgJcqVYTHF61CBKRFXwl_Xlh3y0DobarlX
      },
      {
        type: 'message_sent',
        from: EQBSXXm1ifHXO4eUMs0aWWwPnELPRgRnu7eV2logwCHBOBBt,
        to: EQCBRmnGtU_Yst2Ok6qm5d5FvQMnA_emHBlKtBQImwp6oicf,
        value: 1049000000n,
        body: x{},
        bounced: false
      },
      {
        type: 'message_sent',
        from: EQBSXXm1ifHXO4eUMs0aWWwPnELPRgRnu7eV2logwCHBOBBt,
        to: EQDp8vDYS4cpVep1Mc12qhcIx_Gel4H_A5Ob01ulR-4WNMml,
        value: 59871698n,
        body: x{},
        bounced: false
      },
      {
        type: 'message_sent',
        from: EQBSXXm1ifHXO4eUMs0aWWwPnELPRgRnu7eV2logwCHBOBBt,
        to: EQC3Wj4aZGD0Fc43IfMIkgxLRW87l3856ybO2RVTCKl2zDIR,
        value: 950000000n,
        body: x{},
        bounced: false
      },
      {
        type: 'message_sent',
        from: EQBSXXm1ifHXO4eUMs0aWWwPnELPRgRnu7eV2logwCHBOBBt,
        to: EQDp8vDYS4cpVep1Mc12qhcIx_Gel4H_A5Ob01ulR-4WNMml,
        value: 60161698n,
        body: x{},
        bounced: false
      }
    ]

      at proceedDeal (tests/MarketTon.spec.ts:2083:17)

  console.log
    User fee :-0.085341197

      at proceedDeal (tests/MarketTon.spec.ts:2086:17)

  console.log
    User fee :-0.035626

      at createDeal (tests/MarketTon.spec.ts:1954:17)

  console.log
    User fee :-0.1193864

      at takeDeal (tests/MarketTon.spec.ts:2019:17)

  console.log
    [
      {
        address: 105818132960003171416304597453717637701794574747475969910003481004036112389684n,
        lt: 33000000n,
        prevTransactionHash: 13149425414401452108520259955890779244740741589990794370967315377681735273099n,
        prevTransactionLt: 9000000n,
        now: 1732922839,
        outMessagesCount: 1,
        oldStatus: 'active',
        endStatus: 'active',
        inMessage: {
          info: [Object],
          init: null,
          body: x{579378ED124D4474AEAC829C138B5598B5168CF79FD305630FA5D54299276449C_}
           x{D001}
            x{6200292EBCDAC4F8EB9DC3CA19668D2CB607CE2167A30233DDDBCAED2D106010E09C21DCD6500000000000000000000000000000E9626FBA000000000000000000000000}
             x{03DF94AA22408F0D180000001937A400FD84_}
             x{03DF94AA23405F5E100000001937A400FD84_}
        },
        outMessages: Dictionary { _key: [Object], _value: [Object], _map: [Map] },
        totalFees: { coins: 2020320n },
        stateUpdate: {
          oldHash: <Buffer 2a 9c 72 e0 16 11 bb d6 09 72 40 21 08 d3 97 3f 87 05 c1 7f da b6 ab a2 b0 99 05 c8 b2 5c 17 8c>,
          newHash: <Buffer 5c 77 11 f5 07 60 a5 9e 26 2d d1 6c 0c 91 cf b7 2a 0d 32 02 05 98 5e 34 20 85 d1 eb 53 67 91 c6>
        },
        description: {
          type: 'generic',
          creditFirst: true,
          storagePhase: [Object],
          creditPhase: undefined,
          computePhase: [Object],
          actionPhase: [Object],
          bouncePhase: undefined,
          aborted: false,
          destroyed: false
        },
        raw: x{7E9F2F0D84B872955EA7531CD76AA1708C7F19E9781FF03939BD35BA547EE16340000000001F78A401D124FA04043BD17D9822680E086E6D459C5EDAB523609AA44E56FA379E6CA8B0000000000895440674A4DD70003463DA7C0}
         x{E_}
          x{8801D3E5E1B0970E52ABD4EA639AED542E118FE33D2F03FE072737A6B74A8FDC2C6802BC9BC768926A23A5756414E09C5AACC5A8B467BCFE982B187D2EAA14C93B224E_}
           x{D001}
            x{6200292EBCDAC4F8EB9DC3CA19668D2CB607CE2167A30233DDDBCAED2D106010E09C21DCD6500000000000000000000000000000E9626FBA000000000000000000000000}
             x{03DF94AA22408F0D180000001937A400FD84_}
             x{03DF94AA23405F5E100000001937A400FD84_}
          x{DF_}
           x{6801D3E5E1B0970E52ABD4EA639AED542E118FE33D2F03FE072737A6B74A8FDC2C690014975E6D627C75CEE1E50CB346965B03E710B3D18119EEEDE57696883008704E10EE6B2800060C0F880000000003EF1482CE949BAE74B137DD0000000000000000000000004_}
            x{03DF94AA22408F0D180000001937A400FD84_}
            x{03DF94AA23405F5E100000001937A400FD84_}
         x{722A9C72E01611BBD60972402108D3973F8705C17FDAB6ABA2B09905C8B25C178C5C7711F50760A59E262DD16C0C91CFB72A0D320205985E342085D1EB536791C6}
         x{0CC0939506185E94844_}
          x{40F223138800000000000000000C800000000000000000000000000000000000000000000000000000000000000000000000000000000000000000000000000000000000000000000000000000002_}
          x{C98485D04C0C0F700000000000020000000000027BC7B4747972DB358853FAE2E63826CB2856CAE931A699983F3BBB0ABBBEC77A40D022DC_},
        hash: [Function: hash],
        blockchainLogs: '[ 4][t 0][2024-10-30 23:27:19.961000][transaction.cpp:443]\tunpacking account E9F2F0D84B872955EA7531CD76AA1708C7F19E9781FF03939BD35BA547EE1634\n' +
          '[ 4][t 0][2024-10-30 23:27:19.961000][transaction.cpp:274]\tlast_paid=1730330839; cells=6 bits=821 public_cells=0\n' +
          '[ 4][t 0][2024-10-30 23:27:19.961000][transaction.cpp:504]\tend of Account.unpack() for 0:E9F2F0D84B872955EA7531CD76AA1708C7F19E9781FF03939BD35BA547EE1634 (balance = 1000000000000000ng ; last_trans_lt = 9000000..9000001)\n' +
          '[ 4][t 0][2024-10-30 23:27:19.961000][transaction.cpp:3655]\tblock random seed set to 0000000000000000000000000000000000000000000000000000000000000000\n' +
          '[ 4][t 0][2024-10-30 23:27:19.961000][transaction.cpp:788]\tstorage paid for a message: 4 cells, 842 bits\n' +
          '[ 4][t 0][2024-10-30 23:27:19.961000][transaction.cpp:802]\tcomputed fwd fees = 896800 + 0\n' +
          '[ 4][t 0][2024-10-30 23:27:19.961000][transaction.cpp:1236]\tgas limits: max=1000000, limit=0, credit=10000\n' +
          '[ 4][t 0][2024-10-30 23:27:19.961000][transaction.cpp:1575]\tin_msg_state is null\n' +
          '[ 4][t 0][2024-10-30 23:27:19.961000][transaction.cpp:1645]\tcreating VM\n' +
          '[ 4][t 0][2024-10-30 23:27:19.961000][transaction.cpp:1351]\tSmartContractInfo initialized with [ 124711402 0 0 1732922839 33000000 33000000 60210483465141978598827679003117970236339845468170532052053411751718225576024 [ 999999998952076 (null) ] CS{Cell{0275c00e9f2f0d84b872955ea7531cd76aa1708c7f19e9781ff03939bd35ba547ee163420c80cd43391606b80000000002255105c0e35fa931a0001340} bits: 1..268; refs: 0..0} C{A7EC01478F770EF8F8B037CC7E42F0ABF0D85A50E1828C2394DAD1411691F2DE} C{D992502B94EA96E7B34E5D62FFB0C6FC73D78B3E61F11F0848FB3A1EB1AFC912} [ 0 (null) ] 151124 (null) [ CS{Cell{004dd06600000000000000000000000080000000000000fa00000000000001f4000000000003d09040} bits: 9..305; refs: 0..0} (null) CS{Cell{0094d1000000000000006400000000000f4240de000000002710000000000000000f42400000000002160ec0000000000000271000000000002625a00000000005f5e100000000003b9aca00} bits: 0..592; refs: 0..0} CS{Cell{0094d100000000000000640000000000009c40de000000000190000000000000000f424000000000000f4240000000000000271000000000009896800000000005f5e100000000003b9aca00} bits: 0..592; refs: 0..0} CS{Cell{0042ea000000000098968000000000271000000000000f424000000001800055555555} bits: 0..264; refs: 0..0} CS{Cell{0042ea0000000000061a800000000001900000000000009c4000000001800055555555} bits: 0..264; refs: 0..0} (null) ] 0 (null) ]\n' +
          '[ 4][t 0][2024-10-30 23:27:19.961000][transaction.cpp:1675]\tstarting VM\n' +
          '[ 4][t 0][2024-10-30 23:27:19.961000][transaction.cpp:1680]\tVM terminated with exit code 0\n' +
          '[ 3][t 0][2024-10-30 23:27:19.961000][transaction.cpp:1702]\tsteps: 50 gas: used=1937, max=1000000, limit=1000000, credit=0\n' +
          '[ 3][t 0][2024-10-30 23:27:19.961000][transaction.cpp:1704]\tout_of_gas=false, accepted=true, success=true, time=0.000081s\n' +
          '[ 4][t 0][2024-10-30 23:27:19.961000][transaction.cpp:1737]\tgas fees: 774800 = 26214400 * 1937 /2^16 ; price=26214400; flat rate=[40000 for 100]; remaining balance=999999998177276ng\n' +
          '[ 4][t 0][2024-10-30 23:27:19.961000][transaction.cpp:2448]\tstorage paid for a message: 2 cells, 282 bits\n' +
          '[ 4][t 0][2024-10-30 23:27:19.961000][transaction.cpp:2452]\tcomputed fwd fees = 592800 + 0\n',
        vmLogs: 'ULLSWAPIFNOT2\n' +
          'execute DUP\n' +
          'execute PUSHCONT x02D307D43001FB00\n' +
          'execute PUSHCONT x32\n' +
          'execute IFELSE\n' +
          'execute POP s2\n' +
          'execute implicit RET\n' +
          'execute SWAP\n' +
          'execute NOT\n' +
          'execute implicit RET\n' +
          'until loop body end\n' +
          'until loop terminated\n' +
          'execute 2DROP\n' +
          'execute implicit RET\n',
        debugLogs: '',
        events: [ [Object] ],
        parent: undefined,
        children: [ [Object] ],
        externals: []
      },
      {
        address: 37254810366437813475271750514734067285117962570475561289538093995582013161784n,
        lt: 34000000n,
        prevTransactionHash: 50980730868465034125424452450328688672639356046228321025150335203282978100347n,
        prevTransactionLt: 25000000n,
        now: 1732922839,
        outMessagesCount: 1,
        oldStatus: 'active',
        endStatus: 'active',
        inMessage: {
          info: [Object],
          init: null,
          body: x{E9626FBA000000000000000000000000}
           x{03DF94AA22408F0D180000001937A400FD84_}
           x{03DF94AA23405F5E100000001937A400FD84_}
        },
        outMessages: Dictionary { _key: [Object], _value: [Object], _map: [Map] },
        totalFees: { coins: 16763500n },
        stateUpdate: {
          oldHash: <Buffer 3e ce db 86 44 f7 8e 57 18 18 ea 76 f0 69 63 52 98 55 a8 0b 1b 70 d9 92 7a 92 50 50 fe 6c a0 37>,
          newHash: <Buffer 61 4f 06 57 17 8a 06 5a a5 31 55 be ab e2 eb 52 34 99 b2 f0 33 54 6d 29 61 e5 2c 51 4c fb 4e 0c>
        },
        description: {
          type: 'generic',
          creditFirst: false,
          storagePhase: [Object],
          creditPhase: [Object],
          computePhase: [Object],
          actionPhase: [Object],
          bouncePhase: undefined,
          aborted: false,
          destroyed: false
        },
        raw: x{7525D79B589F1D73B879432CD1A596C0F9C42CF460467BBB795DA5A20C021C138000000000206CC8070B6123509DB85D9F7BDACF06072974D0D5AD7D3FDF7F8F21C834657F4AC547B00000000017D7840674A4DD7000347FF94D8}
         x{E_}
          x{6801D3E5E1B0970E52ABD4EA639AED542E118FE33D2F03FE072737A6B74A8FDC2C690014975E6D627C75CEE1E50CB346965B03E710B3D18119EEEDE57696883008704E10EE6B2800060C0F880000000003EF1482CE949BAE74B137DD0000000000000000000000004_}
           x{03DF94AA22408F0D180000001937A400FD84_}
           x{03DF94AA23405F5E100000001937A400FD84_}
          x{DF_}
           x{6800A4BAF36B13E3AE770F28659A34B2D81F38859E8C08CF776F2BB4B441804382710004962180C9C942539E711306AE590BF872FC6FD35DF6C970D1776F9EA3202F3510EA5359EC060C523200000000040D9902CE949BAEC_}
            x{03DF94AA000000000000000022408F0D180000001937A400FD811A02FAF080000000C9BD2007EC2_}
             x{}
         x{723ECEDB8644F78E571818EA76F06963529855A80B1B70D9927A925050FE6CA037614F0657178A065AA53155BEABE2EB523499B2F033546D2961E52C514CFB4E0C}
         x{04DDDA39490EE6B2801870A9A011_}
          x{4AAA0C3D090000000000000000025500000000000000000000000000000000000000000000000000000000000000000000000000000000000000000000000000000000000000000000000000000000}
          x{C9849ED04C0C521C000000000004000200000003E140674122D80F5C8B3BD22D34103B3EAAD7102C507EE9A6A53B829D55B0FD7A40D01FDC_},
        hash: [Function: hash],
        blockchainLogs: '[ 4][t 0][2024-10-30 23:27:19.964000][transaction.cpp:443]\tunpacking account 525D79B589F1D73B879432CD1A596C0F9C42CF460467BBB795DA5A20C021C138\n' +
          '[ 4][t 0][2024-10-30 23:27:19.964000][transaction.cpp:274]\tlast_paid=1730330839; cells=229 bits=83363 public_cells=0\n' +
          '[ 4][t 0][2024-10-30 23:27:19.964000][transaction.cpp:504]\tend of Account.unpack() for 0:525D79B589F1D73B879432CD1A596C0F9C42CF460467BBB795DA5A20C021C138 (balance = 2100000000ng ; last_trans_lt = 25000000..25000006)\n' +
          '[ 4][t 0][2024-10-30 23:27:19.964000][transaction.cpp:3655]\tblock random seed set to 0000000000000000000000000000000000000000000000000000000000000000\n' +
          '[ 4][t 0][2024-10-30 23:27:19.964000][transaction.cpp:1236]\tgas limits: max=1000000, limit=1000000, credit=0\n' +
          '[ 4][t 0][2024-10-30 23:27:19.964000][transaction.cpp:1575]\tin_msg_state is null\n' +
          '[ 4][t 0][2024-10-30 23:27:19.964000][transaction.cpp:1645]\tcreating VM\n' +
          '[ 4][t 0][2024-10-30 23:27:19.964000][transaction.cpp:1351]\tSmartContractInfo initialized with [ 124711402 0 0 1732922839 34000000 34000000 14068792954309835536948273256715513127174070948738620016199408580766834334284 [ 3092174363 (null) ] CS{Cell{0271c00525d79b589f1d73b879432cd1a596c0f9c42cf460467bbb795da5a20c021c1383cac05168c3391606b80000000005f5e1191f4add401340} bits: 1..268; refs: 0..0} C{A7EC01478F770EF8F8B037CC7E42F0ABF0D85A50E1828C2394DAD1411691F2DE} C{42B6F0E46484EFC57B9508F6BA7EF42E7512023D5CB4ED5628DD1C7755D16E9D} [ 1000000000 (null) ] 7825637 (null) [ CS{Cell{004dd06600000000000000000000000080000000000000fa00000000000001f4000000000003d09040} bits: 9..305; refs: 0..0} (null) CS{Cell{0094d1000000000000006400000000000f4240de000000002710000000000000000f42400000000002160ec0000000000000271000000000002625a00000000005f5e100000000003b9aca00} bits: 0..592; refs: 0..0} CS{Cell{0094d100000000000000640000000000009c40de000000000190000000000000000f424000000000000f4240000000000000271000000000009896800000000005f5e100000000003b9aca00} bits: 0..592; refs: 0..0} CS{Cell{0042ea000000000098968000000000271000000000000f424000000001800055555555} bits: 0..264; refs: 0..0} CS{Cell{0042ea0000000000061a800000000001900000000000009c4000000001800055555555} bits: 0..264; refs: 0..0} (null) ] 0 (null) ]\n' +
          '[ 4][t 0][2024-10-30 23:27:19.964000][transaction.cpp:1675]\tstarting VM\n' +
          '[ 4][t 0][2024-10-30 23:27:19.965000][transaction.cpp:1680]\tVM terminated with exit code 0\n' +
          '[ 3][t 0][2024-10-30 23:27:19.965000][transaction.cpp:1702]\tsteps: 597 gas: used=21840, max=1000000, limit=1000000, credit=0\n' +
          '[ 3][t 0][2024-10-30 23:27:19.965000][transaction.cpp:1704]\tout_of_gas=false, accepted=true, success=true, time=0.000695s\n' +
          '[ 4][t 0][2024-10-30 23:27:19.965000][transaction.cpp:1737]\tgas fees: 8736000 = 26214400 * 21840 /2^16 ; price=26214400; flat rate=[40000 for 100]; remaining balance=3083438363ng\n' +
          '[ 3][t 0][2024-10-30 23:27:19.965000][transaction.cpp:2678]\tin try_action_reserve_currency(0)\n' +
          '[ 4][t 0][2024-10-30 23:27:19.965000][transaction.cpp:2684]\taction_reserve_currency: mode=0, reserve=2100000000ng, balance=3083438363ng, original balance=2092174363ng\n' +
          '[ 3][t 0][2024-10-30 23:27:19.965000][transaction.cpp:2729]\tchanged remaining balance to 983438363ng, reserved balance to 2100000000ng\n' +
          '[ 4][t 0][2024-10-30 23:27:19.965000][transaction.cpp:2448]\tstorage paid for a message: 2 cells, 314 bits\n' +
          '[ 4][t 0][2024-10-30 23:27:19.965000][transaction.cpp:2452]\tcomputed fwd fees = 605600 + 0\n',
        vmLogs: 'xecute EQUAL\n' +
          'execute THROWIF 137\n' +
          'execute PUSHPOW2 10\n' +
          'execute EQUAL\n' +
          'execute THROWIFNOT 136\n' +
          'execute STSLICER\n' +
          'execute ENDC\n' +
          'execute ROT\n' +
          'execute STREF\n' +
          'execute ENDC\n' +
          'execute SWAP\n' +
          'execute STREF\n' +
          'execute implicit RET\n' +
          'execute ENDC\n' +
          'execute POP c4\n' +
          'execute implicit RET\n',
        debugLogs: '',
        events: [ [Object] ],
        parent: {
          address: 105818132960003171416304597453717637701794574747475969910003481004036112389684n,
          lt: 33000000n,
          prevTransactionHash: 13149425414401452108520259955890779244740741589990794370967315377681735273099n,
          prevTransactionLt: 9000000n,
          now: 1732922839,
          outMessagesCount: 1,
          oldStatus: 'active',
          endStatus: 'active',
          inMessage: [Object],
          outMessages: [Dictionary],
          totalFees: [Object],
          stateUpdate: [Object],
          description: [Object],
          raw: x{7E9F2F0D84B872955EA7531CD76AA1708C7F19E9781FF03939BD35BA547EE16340000000001F78A401D124FA04043BD17D9822680E086E6D459C5EDAB523609AA44E56FA379E6CA8B0000000000895440674A4DD70003463DA7C0}
           x{E_}
            x{8801D3E5E1B0970E52ABD4EA639AED542E118FE33D2F03FE072737A6B74A8FDC2C6802BC9BC768926A23A5756414E09C5AACC5A8B467BCFE982B187D2EAA14C93B224E_}
             x{D001}
              x{6200292EBCDAC4F8EB9DC3CA19668D2CB607CE2167A30233DDDBCAED2D106010E09C21DCD6500000000000000000000000000000E9626FBA000000000000000000000000}
               x{03DF94AA22408F0D180000001937A400FD84_}
               x{03DF94AA23405F5E100000001937A400FD84_}
            x{DF_}
             x{6801D3E5E1B0970E52ABD4EA639AED542E118FE33D2F03FE072737A6B74A8FDC2C690014975E6D627C75CEE1E50CB346965B03E710B3D18119EEEDE57696883008704E10EE6B2800060C0F880000000003EF1482CE949BAE74B137DD0000000000000000000000004_}
              x{03DF94AA22408F0D180000001937A400FD84_}
              x{03DF94AA23405F5E100000001937A400FD84_}
           x{722A9C72E01611BBD60972402108D3973F8705C17FDAB6ABA2B09905C8B25C178C5C7711F50760A59E262DD16C0C91CFB72A0D320205985E342085D1EB536791C6}
           x{0CC0939506185E94844_}
            x{40F223138800000000000000000C800000000000000000000000000000000000000000000000000000000000000000000000000000000000000000000000000000000000000000000000000000002_}
            x{C98485D04C0C0F700000000000020000000000027BC7B4747972DB358853FAE2E63826CB2856CAE931A699983F3BBB0ABBBEC77A40D022DC_},
          hash: [Function: hash],
          blockchainLogs: '[ 4][t 0][2024-10-30 23:27:19.961000][transaction.cpp:443]\tunpacking account E9F2F0D84B872955EA7531CD76AA1708C7F19E9781FF03939BD35BA547EE1634\n' +
            '[ 4][t 0][2024-10-30 23:27:19.961000][transaction.cpp:274]\tlast_paid=1730330839; cells=6 bits=821 public_cells=0\n' +
            '[ 4][t 0][2024-10-30 23:27:19.961000][transaction.cpp:504]\tend of Account.unpack() for 0:E9F2F0D84B872955EA7531CD76AA1708C7F19E9781FF03939BD35BA547EE1634 (balance = 1000000000000000ng ; last_trans_lt = 9000000..9000001)\n' +
            '[ 4][t 0][2024-10-30 23:27:19.961000][transaction.cpp:3655]\tblock random seed set to 0000000000000000000000000000000000000000000000000000000000000000\n' +
            '[ 4][t 0][2024-10-30 23:27:19.961000][transaction.cpp:788]\tstorage paid for a message: 4 cells, 842 bits\n' +
            '[ 4][t 0][2024-10-30 23:27:19.961000][transaction.cpp:802]\tcomputed fwd fees = 896800 + 0\n' +
            '[ 4][t 0][2024-10-30 23:27:19.961000][transaction.cpp:1236]\tgas limits: max=1000000, limit=0, credit=10000\n' +
            '[ 4][t 0][2024-10-30 23:27:19.961000][transaction.cpp:1575]\tin_msg_state is null\n' +
            '[ 4][t 0][2024-10-30 23:27:19.961000][transaction.cpp:1645]\tcreating VM\n' +
            '[ 4][t 0][2024-10-30 23:27:19.961000][transaction.cpp:1351]\tSmartContractInfo initialized with [ 124711402 0 0 1732922839 33000000 33000000 60210483465141978598827679003117970236339845468170532052053411751718225576024 [ 999999998952076 (null) ] CS{Cell{0275c00e9f2f0d84b872955ea7531cd76aa1708c7f19e9781ff03939bd35ba547ee163420c80cd43391606b80000000002255105c0e35fa931a0001340} bits: 1..268; refs: 0..0} C{A7EC01478F770EF8F8B037CC7E42F0ABF0D85A50E1828C2394DAD1411691F2DE} C{D992502B94EA96E7B34E5D62FFB0C6FC73D78B3E61F11F0848FB3A1EB1AFC912} [ 0 (null) ] 151124 (null) [ CS{Cell{004dd06600000000000000000000000080000000000000fa00000000000001f4000000000003d09040} bits: 9..305; refs: 0..0} (null) CS{Cell{0094d1000000000000006400000000000f4240de000000002710000000000000000f42400000000002160ec0000000000000271000000000002625a00000000005f5e100000000003b9aca00} bits: 0..592; refs: 0..0} CS{Cell{0094d100000000000000640000000000009c40de000000000190000000000000000f424000000000000f4240000000000000271000000000009896800000000005f5e100000000003b9aca00} bits: 0..592; refs: 0..0} CS{Cell{0042ea000000000098968000000000271000000000000f424000000001800055555555} bits: 0..264; refs: 0..0} CS{Cell{0042ea0000000000061a800000000001900000000000009c4000000001800055555555} bits: 0..264; refs: 0..0} (null) ] 0 (null) ]\n' +
            '[ 4][t 0][2024-10-30 23:27:19.961000][transaction.cpp:1675]\tstarting VM\n' +
            '[ 4][t 0][2024-10-30 23:27:19.961000][transaction.cpp:1680]\tVM terminated with exit code 0\n' +
            '[ 3][t 0][2024-10-30 23:27:19.961000][transaction.cpp:1702]\tsteps: 50 gas: used=1937, max=1000000, limit=1000000, credit=0\n' +
            '[ 3][t 0][2024-10-30 23:27:19.961000][transaction.cpp:1704]\tout_of_gas=false, accepted=true, success=true, time=0.000081s\n' +
            '[ 4][t 0][2024-10-30 23:27:19.961000][transaction.cpp:1737]\tgas fees: 774800 = 26214400 * 1937 /2^16 ; price=26214400; flat rate=[40000 for 100]; remaining balance=999999998177276ng\n' +
            '[ 4][t 0][2024-10-30 23:27:19.961000][transaction.cpp:2448]\tstorage paid for a message: 2 cells, 282 bits\n' +
            '[ 4][t 0][2024-10-30 23:27:19.961000][transaction.cpp:2452]\tcomputed fwd fees = 592800 + 0\n',
          vmLogs: 'ULLSWAPIFNOT2\n' +
            'execute DUP\n' +
            'execute PUSHCONT x02D307D43001FB00\n' +
            'execute PUSHCONT x32\n' +
            'execute IFELSE\n' +
            'execute POP s2\n' +
            'execute implicit RET\n' +
            'execute SWAP\n' +
            'execute NOT\n' +
            'execute implicit RET\n' +
            'until loop body end\n' +
            'until loop terminated\n' +
            'execute 2DROP\n' +
            'execute implicit RET\n',
          debugLogs: '',
          events: [Array],
          parent: undefined,
          children: [Array],
          externals: []
        },
        children: [ [Object] ],
        externals: []
      },
      {
        address: 8298038735212017995993598744482915721429218553349686891340117237129977838804n,
        lt: 35000000n,
        prevTransactionHash: 77910840415764828131054266935160893038047795797095318507059774201310496053736n,
        prevTransactionLt: 22000000n,
        now: 1732922839,
        outMessagesCount: 1,
        oldStatus: 'active',
        endStatus: 'active',
        inMessage: {
          info: [Object],
          init: null,
          body: x{03DF94AA000000000000000022408F0D180000001937A400FD811A02FAF080000000C9BD2007EC2_}
           x{}
        },
        outMessages: Dictionary { _key: [Object], _value: [Object], _map: [Map] },
        totalFees: { coins: 3697061n },
        stateUpdate: {
          oldHash: <Buffer 9b 86 0d 6b 6c c8 9d de b8 2c 84 76 57 e3 84 59 aa ab 44 11 5c 12 da 17 2b ec bd 66 8c e9 07 32>,
          newHash: <Buffer f7 da bf 92 a9 90 cf 5f 4d 42 dd cd 4a 8f 7c e4 c9 1d 73 74 9c f5 09 ea 36 79 84 07 c6 a5 cd 11>
        },
        description: {
          type: 'generic',
          creditFirst: false,
          storagePhase: [Object],
          creditPhase: [Object],
          computePhase: [Object],
          actionPhase: [Object],
          bouncePhase: undefined,
          aborted: false,
          destroyed: false
        },
        raw: x{7125886032725094E79C44C1AB9642FE1CBF1BF4D77DB25C345DDBE7A8C80BCD40000000002160EC0AC3FF914C0F9B71F380D98F00B6576D8C44EB26809E3C98ED14CB55441AE59E800000000014FB180674A4DD700034670D34A}
         x{E_}
          x{6800A4BAF36B13E3AE770F28659A34B2D81F38859E8C08CF776F2BB4B441804382710004962180C9C942539E711306AE590BF872FC6FD35DF6C970D1776F9EA3202F3510EA5359EC060C523200000000040D9902CE949BAE01EFCA550000000000000000112047868C0000000C9BD2007EC08D017D784000000064DE9003F61_}
           x{}
          x{DF_}
           x{680024B10C064E4A129CF388983572C85FC397E37E9AEFB64B868BBB7CF5190179A90014975E6D627C75CEE1E50CB346965B03E710B3D18119EEEDE57696883008704E10E948BFEC061479B600000000042C1D82CE949BAEC_}
            x{935FA9D10000000000000000}
             x{00000000000000000000000000000000000000000000000000000000000000220000000000000000000000000000000000000000000000000000000008F0D18001937A400FD8}
             x{00000000000000000000000000000000000000000000000000000000000000230000000000000000000000000000000000000000000000000000000005F5E10001937A400FD8}
         x{729B860D6B6CC89DDEB82C847657E38459AAAB44115C12DA172BECBD668CE90732F7DABF92A990CF5F4D42DDCD4A8F7CE4C91D73749CF509EA36798407C6A5CD11}
         x{04260E383890EA5359ED866696811_}
          x{441A8C3D09000000000000000000D800000000000000000000000000000000000000000000000000000000000000000000000000000000000000000000000000000000000000000000000000000000}
          x{C987ADA04C147994000000000002000000000002BCD58DADE005E5AD61EA140DEB7E1290939B4E7652EDFD36456342838F2CF43A41103C0C_},
        hash: [Function: hash],
        blockchainLogs: '[ 4][t 0][2024-10-30 23:27:19.967000][transaction.cpp:443]\tunpacking account 125886032725094E79C44C1AB9642FE1CBF1BF4D77DB25C345DDBE7A8C80BCD4\n' +
          '[ 4][t 0][2024-10-30 23:27:19.967000][transaction.cpp:274]\tlast_paid=1730330839; cells=15 bits=4281 public_cells=0\n' +
          '[ 4][t 0][2024-10-30 23:27:19.967000][transaction.cpp:504]\tend of Account.unpack() for 0:125886032725094E79C44C1AB9642FE1CBF1BF4D77DB25C345DDBE7A8C80BCD4 (balance = 0ng ; last_trans_lt = 22000000..22000002)\n' +
          '[ 4][t 0][2024-10-30 23:27:19.967000][transaction.cpp:3655]\tblock random seed set to 0000000000000000000000000000000000000000000000000000000000000000\n' +
          '[ 4][t 0][2024-10-30 23:27:19.967000][transaction.cpp:1236]\tgas limits: max=1000000, limit=1000000, credit=0\n' +
          '[ 4][t 0][2024-10-30 23:27:19.967000][transaction.cpp:1575]\tin_msg_state is null\n' +
          '[ 4][t 0][2024-10-30 23:27:19.967000][transaction.cpp:1645]\tcreating VM\n' +
          '[ 4][t 0][2024-10-30 23:27:19.967000][transaction.cpp:1351]\tSmartContractInfo initialized with [ 124711402 0 0 1732922839 35000000 35000000 82439665744655549942718375299244058949366754266342087607225540301749132006686 [ 982832763 (null) ] CS{Cell{0267c00125886032725094e79c44c1ab9642fe1cbf1bf4d77db25c345ddbe7a8c80bcd421e842e43391606b800000000053ec6081340} bits: 1..268; refs: 0..0} C{A7EC01478F770EF8F8B037CC7E42F0ABF0D85A50E1828C2394DAD1411691F2DE} C{BF31B32BE5ACBAACCE8B48CCEB4C84B86023EA1F188E974030A4F420D26CF50F} [ 982832763 (null) ] 0 (null) [ CS{Cell{004dd06600000000000000000000000080000000000000fa00000000000001f4000000000003d09040} bits: 9..305; refs: 0..0} (null) CS{Cell{0094d1000000000000006400000000000f4240de000000002710000000000000000f42400000000002160ec0000000000000271000000000002625a00000000005f5e100000000003b9aca00} bits: 0..592; refs: 0..0} CS{Cell{0094d100000000000000640000000000009c40de000000000190000000000000000f424000000000000f4240000000000000271000000000009896800000000005f5e100000000003b9aca00} bits: 0..592; refs: 0..0} CS{Cell{0042ea000000000098968000000000271000000000000f424000000001800055555555} bits: 0..264; refs: 0..0} CS{Cell{0042ea0000000000061a800000000001900000000000009c4000000001800055555555} bits: 0..264; refs: 0..0} (null) ] 465948 (null) ]\n' +
          '[ 4][t 0][2024-10-30 23:27:19.967000][transaction.cpp:1675]\tstarting VM\n' +
          '[ 4][t 0][2024-10-30 23:27:19.968000][transaction.cpp:1680]\tVM terminated with exit code 0\n' +
          '[ 3][t 0][2024-10-30 23:27:19.968000][transaction.cpp:1702]\tsteps: 216 gas: used=8404, max=1000000, limit=1000000, credit=0\n' +
          '[ 3][t 0][2024-10-30 23:27:19.968000][transaction.cpp:1704]\tout_of_gas=false, accepted=true, success=true, time=0.000211s\n' +
          '[ 4][t 0][2024-10-30 23:27:19.968000][transaction.cpp:1737]\tgas fees: 3361600 = 26214400 * 8404 /2^16 ; price=26214400; flat rate=[40000 for 100]; remaining balance=979471163ng\n' +
          '[ 4][t 0][2024-10-30 23:27:19.968000][transaction.cpp:2448]\tstorage paid for a message: 3 cells, 1216 bits\n' +
          '[ 4][t 0][2024-10-30 23:27:19.968000][transaction.cpp:2452]\tcomputed fwd fees = 1006400 + 0\n',
        vmLogs: 'xecute PUSHINT -1\n' +
          'execute implicit RET\n' +
          'execute THROWIFNOT 130\n' +
          'execute NEWC\n' +
          'execute GETGLOB 3\n' +
          'execute SWAP\n' +
          'execute STREF\n' +
          'execute PUSHINT -1\n' +
          'execute SWAP\n' +
          'execute STI 1\n' +
          'execute SWAP\n' +
          'execute SWAP\n' +
          'execute STU 32\n' +
          'execute ENDC\n' +
          'execute POP c4\n' +
          'execute implicit RET\n',
        debugLogs: '',
        events: [ [Object] ],
        parent: {
          address: 37254810366437813475271750514734067285117962570475561289538093995582013161784n,
          lt: 34000000n,
          prevTransactionHash: 50980730868465034125424452450328688672639356046228321025150335203282978100347n,
          prevTransactionLt: 25000000n,
          now: 1732922839,
          outMessagesCount: 1,
          oldStatus: 'active',
          endStatus: 'active',
          inMessage: [Object],
          outMessages: [Dictionary],
          totalFees: [Object],
          stateUpdate: [Object],
          description: [Object],
          raw: x{7525D79B589F1D73B879432CD1A596C0F9C42CF460467BBB795DA5A20C021C138000000000206CC8070B6123509DB85D9F7BDACF06072974D0D5AD7D3FDF7F8F21C834657F4AC547B00000000017D7840674A4DD7000347FF94D8}
           x{E_}
            x{6801D3E5E1B0970E52ABD4EA639AED542E118FE33D2F03FE072737A6B74A8FDC2C690014975E6D627C75CEE1E50CB346965B03E710B3D18119EEEDE57696883008704E10EE6B2800060C0F880000000003EF1482CE949BAE74B137DD0000000000000000000000004_}
             x{03DF94AA22408F0D180000001937A400FD84_}
             x{03DF94AA23405F5E100000001937A400FD84_}
            x{DF_}
             x{6800A4BAF36B13E3AE770F28659A34B2D81F38859E8C08CF776F2BB4B441804382710004962180C9C942539E711306AE590BF872FC6FD35DF6C970D1776F9EA3202F3510EA5359EC060C523200000000040D9902CE949BAEC_}
              x{03DF94AA000000000000000022408F0D180000001937A400FD811A02FAF080000000C9BD2007EC2_}
               x{}
           x{723ECEDB8644F78E571818EA76F06963529855A80B1B70D9927A925050FE6CA037614F0657178A065AA53155BEABE2EB523499B2F033546D2961E52C514CFB4E0C}
           x{04DDDA39490EE6B2801870A9A011_}
            x{4AAA0C3D090000000000000000025500000000000000000000000000000000000000000000000000000000000000000000000000000000000000000000000000000000000000000000000000000000}
            x{C9849ED04C0C521C000000000004000200000003E140674122D80F5C8B3BD22D34103B3EAAD7102C507EE9A6A53B829D55B0FD7A40D01FDC_},
          hash: [Function: hash],
          blockchainLogs: '[ 4][t 0][2024-10-30 23:27:19.964000][transaction.cpp:443]\tunpacking account 525D79B589F1D73B879432CD1A596C0F9C42CF460467BBB795DA5A20C021C138\n' +
            '[ 4][t 0][2024-10-30 23:27:19.964000][transaction.cpp:274]\tlast_paid=1730330839; cells=229 bits=83363 public_cells=0\n' +
            '[ 4][t 0][2024-10-30 23:27:19.964000][transaction.cpp:504]\tend of Account.unpack() for 0:525D79B589F1D73B879432CD1A596C0F9C42CF460467BBB795DA5A20C021C138 (balance = 2100000000ng ; last_trans_lt = 25000000..25000006)\n' +
            '[ 4][t 0][2024-10-30 23:27:19.964000][transaction.cpp:3655]\tblock random seed set to 0000000000000000000000000000000000000000000000000000000000000000\n' +
            '[ 4][t 0][2024-10-30 23:27:19.964000][transaction.cpp:1236]\tgas limits: max=1000000, limit=1000000, credit=0\n' +
            '[ 4][t 0][2024-10-30 23:27:19.964000][transaction.cpp:1575]\tin_msg_state is null\n' +
            '[ 4][t 0][2024-10-30 23:27:19.964000][transaction.cpp:1645]\tcreating VM\n' +
            '[ 4][t 0][2024-10-30 23:27:19.964000][transaction.cpp:1351]\tSmartContractInfo initialized with [ 124711402 0 0 1732922839 34000000 34000000 14068792954309835536948273256715513127174070948738620016199408580766834334284 [ 3092174363 (null) ] CS{Cell{0271c00525d79b589f1d73b879432cd1a596c0f9c42cf460467bbb795da5a20c021c1383cac05168c3391606b80000000005f5e1191f4add401340} bits: 1..268; refs: 0..0} C{A7EC01478F770EF8F8B037CC7E42F0ABF0D85A50E1828C2394DAD1411691F2DE} C{42B6F0E46484EFC57B9508F6BA7EF42E7512023D5CB4ED5628DD1C7755D16E9D} [ 1000000000 (null) ] 7825637 (null) [ CS{Cell{004dd06600000000000000000000000080000000000000fa00000000000001f4000000000003d09040} bits: 9..305; refs: 0..0} (null) CS{Cell{0094d1000000000000006400000000000f4240de000000002710000000000000000f42400000000002160ec0000000000000271000000000002625a00000000005f5e100000000003b9aca00} bits: 0..592; refs: 0..0} CS{Cell{0094d100000000000000640000000000009c40de000000000190000000000000000f424000000000000f4240000000000000271000000000009896800000000005f5e100000000003b9aca00} bits: 0..592; refs: 0..0} CS{Cell{0042ea000000000098968000000000271000000000000f424000000001800055555555} bits: 0..264; refs: 0..0} CS{Cell{0042ea0000000000061a800000000001900000000000009c4000000001800055555555} bits: 0..264; refs: 0..0} (null) ] 0 (null) ]\n' +
            '[ 4][t 0][2024-10-30 23:27:19.964000][transaction.cpp:1675]\tstarting VM\n' +
            '[ 4][t 0][2024-10-30 23:27:19.965000][transaction.cpp:1680]\tVM terminated with exit code 0\n' +
            '[ 3][t 0][2024-10-30 23:27:19.965000][transaction.cpp:1702]\tsteps: 597 gas: used=21840, max=1000000, limit=1000000, credit=0\n' +
            '[ 3][t 0][2024-10-30 23:27:19.965000][transaction.cpp:1704]\tout_of_gas=false, accepted=true, success=true, time=0.000695s\n' +
            '[ 4][t 0][2024-10-30 23:27:19.965000][transaction.cpp:1737]\tgas fees: 8736000 = 26214400 * 21840 /2^16 ; price=26214400; flat rate=[40000 for 100]; remaining balance=3083438363ng\n' +
            '[ 3][t 0][2024-10-30 23:27:19.965000][transaction.cpp:2678]\tin try_action_reserve_currency(0)\n' +
            '[ 4][t 0][2024-10-30 23:27:19.965000][transaction.cpp:2684]\taction_reserve_currency: mode=0, reserve=2100000000ng, balance=3083438363ng, original balance=2092174363ng\n' +
            '[ 3][t 0][2024-10-30 23:27:19.965000][transaction.cpp:2729]\tchanged remaining balance to 983438363ng, reserved balance to 2100000000ng\n' +
            '[ 4][t 0][2024-10-30 23:27:19.965000][transaction.cpp:2448]\tstorage paid for a message: 2 cells, 314 bits\n' +
            '[ 4][t 0][2024-10-30 23:27:19.965000][transaction.cpp:2452]\tcomputed fwd fees = 605600 + 0\n',
          vmLogs: 'xecute EQUAL\n' +
            'execute THROWIF 137\n' +
            'execute PUSHPOW2 10\n' +
            'execute EQUAL\n' +
            'execute THROWIFNOT 136\n' +
            'execute STSLICER\n' +
            'execute ENDC\n' +
            'execute ROT\n' +
            'execute STREF\n' +
            'execute ENDC\n' +
            'execute SWAP\n' +
            'execute STREF\n' +
            'execute implicit RET\n' +
            'execute ENDC\n' +
            'execute POP c4\n' +
            'execute implicit RET\n',
          debugLogs: '',
          events: [Array],
          parent: [Object],
          children: [Array],
          externals: []
        },
        children: [ [Object] ],
        externals: []
      },
      {
        address: 37254810366437813475271750514734067285117962570475561289538093995582013161784n,
        lt: 36000000n,
        prevTransactionHash: 38592468044610498410777044261223387114150526241108790246453192993485700279431n,
        prevTransactionLt: 34000000n,
        now: 1732922839,
        outMessagesCount: 1,
        oldStatus: 'active',
        endStatus: 'active',
        inMessage: {
          info: [Object],
          init: null,
          body: x{935FA9D10000000000000000}
           x{00000000000000000000000000000000000000000000000000000000000000220000000000000000000000000000000000000000000000000000000008F0D18001937A400FD8}
           x{00000000000000000000000000000000000000000000000000000000000000230000000000000000000000000000000000000000000000000000000005F5E10001937A400FD8}
        },
        outMessages: Dictionary { _key: [Object], _value: [Object], _map: [Map] },
        totalFees: { coins: 12012664n },
        stateUpdate: {
          oldHash: <Buffer 61 4f 06 57 17 8a 06 5a a5 31 55 be ab e2 eb 52 34 99 b2 f0 33 54 6d 29 61 e5 2c 51 4c fb 4e 0c>,
          newHash: <Buffer d2 e0 5c ec 71 d2 f1 e4 92 46 14 d9 e5 65 f7 3c eb b4 a7 c2 a1 4a 4b f5 38 31 7d 2e c7 17 36 96>
        },
        description: {
          type: 'generic',
          creditFirst: false,
          storagePhase: [Object],
          creditPhase: [Object],
          computePhase: [Object],
          actionPhase: [Object],
          bouncePhase: undefined,
          aborted: false,
          destroyed: false
        },
        raw: x{7525D79B589F1D73B879432CD1A596C0F9C42CF460467BBB795DA5A20C021C13800000000022551005552901669AB4F4B418AB66AA0C205A844381D97ACF15F1966FF3A0B96D52C87000000000206CC80674A4DD70003476E98F0}
         x{E_}
          x{680024B10C064E4A129CF388983572C85FC397E37E9AEFB64B868BBB7CF5190179A90014975E6D627C75CEE1E50CB346965B03E710B3D18119EEEDE57696883008704E10E948BFEC061479B600000000042C1D82CE949BAE49AFD4E880000000000000004_}
           x{00000000000000000000000000000000000000000000000000000000000000220000000000000000000000000000000000000000000000000000000008F0D18001937A400FD8}
           x{00000000000000000000000000000000000000000000000000000000000000230000000000000000000000000000000000000000000000000000000005F5E10001937A400FD8}
          x{DF_}
           x{6800A4BAF36B13E3AE770F28659A34B2D81F38859E8C08CF776F2BB4B44180438271002E74930F029149EC08380972A5584C717AD4204A4455F097F5E5877CB40E86DA90E65816AC0609BBB000000000044AA202CE949BAEC_}
            x{E601F8E50000000000000000}
         x{72614F0657178A065AA53155BEABE2EB523499B2F033546D2961E52C514CFB4E0CD2E05CEC71D2F1E4924614D9E565F73CEBB4A7C2A14A4BF538317D2EC7173696}
         x{04090E948BFED8769BB211_}
          x{4E782C3D090000000000000000031700000000000000000000000000000000000000000000000000000000000000000000000000000000000000000000000000000000000000000000000000000000}
          x{C983A6604C09BBA000000000000400020000000388D0C29501CA01261A550F77F5936E7DB7CACEE37FC601F787453CB248E780324090190C_},
        hash: [Function: hash],
        blockchainLogs: '[ 4][t 0][2024-10-30 23:27:19.970000][transaction.cpp:443]\tunpacking account 525D79B589F1D73B879432CD1A596C0F9C42CF460467BBB795DA5A20C021C138\n' +
          '[ 4][t 0][2024-10-30 23:27:19.970000][transaction.cpp:274]\tlast_paid=1732922839; cells=232 bits=83682 public_cells=0\n' +
          '[ 4][t 0][2024-10-30 23:27:19.970000][transaction.cpp:504]\tend of Account.unpack() for 0:525D79B589F1D73B879432CD1A596C0F9C42CF460467BBB795DA5A20C021C138 (balance = 2100000000ng ; last_trans_lt = 34000000..34000002)\n' +
          '[ 4][t 0][2024-10-30 23:27:19.970000][transaction.cpp:3655]\tblock random seed set to 0000000000000000000000000000000000000000000000000000000000000000\n' +
          '[ 4][t 0][2024-10-30 23:27:19.970000][transaction.cpp:1236]\tgas limits: max=1000000, limit=1000000, credit=0\n' +
          '[ 4][t 0][2024-10-30 23:27:19.970000][transaction.cpp:1575]\tin_msg_state is null\n' +
          '[ 4][t 0][2024-10-30 23:27:19.970000][transaction.cpp:1645]\tcreating VM\n' +
          '[ 4][t 0][2024-10-30 23:27:19.970000][transaction.cpp:1351]\tSmartContractInfo initialized with [ 124711402 0 0 1732922839 36000000 36000000 14068792954309835536948273256715513127174070948738620016199408580766834334284 [ 3078464763 (null) ] CS{Cell{0271c00525d79b589f1d73b879432cd1a596c0f9c42cf460467bbb795da5a20c021c1383d0c051b8833a526eb800000000081b32091f4add401340} bits: 1..268; refs: 0..0} C{A7EC01478F770EF8F8B037CC7E42F0ABF0D85A50E1828C2394DAD1411691F2DE} C{42B6F0E46484EFC57B9508F6BA7EF42E7512023D5CB4ED5628DD1C7755D16E9D} [ 978464763 (null) ] 0 (null) [ CS{Cell{004dd06600000000000000000000000080000000000000fa00000000000001f4000000000003d09040} bits: 9..305; refs: 0..0} (null) CS{Cell{0094d1000000000000006400000000000f4240de000000002710000000000000000f42400000000002160ec0000000000000271000000000002625a00000000005f5e100000000003b9aca00} bits: 0..592; refs: 0..0} CS{Cell{0094d100000000000000640000000000009c40de000000000190000000000000000f424000000000000f4240000000000000271000000000009896800000000005f5e100000000003b9aca00} bits: 0..592; refs: 0..0} CS{Cell{0042ea000000000098968000000000271000000000000f424000000001800055555555} bits: 0..264; refs: 0..0} CS{Cell{0042ea0000000000061a800000000001900000000000009c4000000001800055555555} bits: 0..264; refs: 0..0} (null) ] 0 (null) ]\n' +
          '[ 4][t 0][2024-10-30 23:27:19.970000][transaction.cpp:1675]\tstarting VM\n' +
          '[ 4][t 0][2024-10-30 23:27:19.971000][transaction.cpp:1680]\tVM terminated with exit code 0\n' +
          '[ 3][t 0][2024-10-30 23:27:19.971000][transaction.cpp:1702]\tsteps: 791 gas: used=29633, max=1000000, limit=1000000, credit=0\n' +
          '[ 3][t 0][2024-10-30 23:27:19.971000][transaction.cpp:1704]\tout_of_gas=false, accepted=true, success=true, time=0.000887s\n' +
          '[ 4][t 0][2024-10-30 23:27:19.971000][transaction.cpp:1737]\tgas fees: 11853200 = 26214400 * 29633 /2^16 ; price=26214400; flat rate=[40000 for 100]; remaining balance=3066611563ng\n' +
          '[ 3][t 0][2024-10-30 23:27:19.971000][transaction.cpp:2678]\tin try_action_reserve_currency(0)\n' +
          '[ 4][t 0][2024-10-30 23:27:19.971000][transaction.cpp:2684]\taction_reserve_currency: mode=0, reserve=2100000000ng, balance=3066611563ng, original balance=2100000000ng\n' +
          '[ 3][t 0][2024-10-30 23:27:19.971000][transaction.cpp:2729]\tchanged remaining balance to 966611563ng, reserved balance to 2100000000ng\n' +
          '[ 4][t 0][2024-10-30 23:27:19.971000][transaction.cpp:2448]\tstorage paid for a message: 1 cells, 96 bits\n' +
          '[ 4][t 0][2024-10-30 23:27:19.971000][transaction.cpp:2452]\tcomputed fwd fees = 478400 + 0\n',
        vmLogs: 'xecute EQUAL\n' +
          'execute THROWIF 137\n' +
          'execute PUSHPOW2 10\n' +
          'execute EQUAL\n' +
          'execute THROWIFNOT 136\n' +
          'execute STSLICER\n' +
          'execute ENDC\n' +
          'execute ROT\n' +
          'execute STREF\n' +
          'execute ENDC\n' +
          'execute SWAP\n' +
          'execute STREF\n' +
          'execute implicit RET\n' +
          'execute ENDC\n' +
          'execute POP c4\n' +
          'execute implicit RET\n',
        debugLogs: '',
        events: [ [Object] ],
        parent: {
          address: 8298038735212017995993598744482915721429218553349686891340117237129977838804n,
          lt: 35000000n,
          prevTransactionHash: 77910840415764828131054266935160893038047795797095318507059774201310496053736n,
          prevTransactionLt: 22000000n,
          now: 1732922839,
          outMessagesCount: 1,
          oldStatus: 'active',
          endStatus: 'active',
          inMessage: [Object],
          outMessages: [Dictionary],
          totalFees: [Object],
          stateUpdate: [Object],
          description: [Object],
          raw: x{7125886032725094E79C44C1AB9642FE1CBF1BF4D77DB25C345DDBE7A8C80BCD40000000002160EC0AC3FF914C0F9B71F380D98F00B6576D8C44EB26809E3C98ED14CB55441AE59E800000000014FB180674A4DD700034670D34A}
           x{E_}
            x{6800A4BAF36B13E3AE770F28659A34B2D81F38859E8C08CF776F2BB4B441804382710004962180C9C942539E711306AE590BF872FC6FD35DF6C970D1776F9EA3202F3510EA5359EC060C523200000000040D9902CE949BAE01EFCA550000000000000000112047868C0000000C9BD2007EC08D017D784000000064DE9003F61_}
             x{}
            x{DF_}
             x{680024B10C064E4A129CF388983572C85FC397E37E9AEFB64B868BBB7CF5190179A90014975E6D627C75CEE1E50CB346965B03E710B3D18119EEEDE57696883008704E10E948BFEC061479B600000000042C1D82CE949BAEC_}
              x{935FA9D10000000000000000}
               x{00000000000000000000000000000000000000000000000000000000000000220000000000000000000000000000000000000000000000000000000008F0D18001937A400FD8}
               x{00000000000000000000000000000000000000000000000000000000000000230000000000000000000000000000000000000000000000000000000005F5E10001937A400FD8}
           x{729B860D6B6CC89DDEB82C847657E38459AAAB44115C12DA172BECBD668CE90732F7DABF92A990CF5F4D42DDCD4A8F7CE4C91D73749CF509EA36798407C6A5CD11}
           x{04260E383890EA5359ED866696811_}
            x{441A8C3D09000000000000000000D800000000000000000000000000000000000000000000000000000000000000000000000000000000000000000000000000000000000000000000000000000000}
            x{C987ADA04C147994000000000002000000000002BCD58DADE005E5AD61EA140DEB7E1290939B4E7652EDFD36456342838F2CF43A41103C0C_},
          hash: [Function: hash],
          blockchainLogs: '[ 4][t 0][2024-10-30 23:27:19.967000][transaction.cpp:443]\tunpacking account 125886032725094E79C44C1AB9642FE1CBF1BF4D77DB25C345DDBE7A8C80BCD4\n' +
            '[ 4][t 0][2024-10-30 23:27:19.967000][transaction.cpp:274]\tlast_paid=1730330839; cells=15 bits=4281 public_cells=0\n' +
            '[ 4][t 0][2024-10-30 23:27:19.967000][transaction.cpp:504]\tend of Account.unpack() for 0:125886032725094E79C44C1AB9642FE1CBF1BF4D77DB25C345DDBE7A8C80BCD4 (balance = 0ng ; last_trans_lt = 22000000..22000002)\n' +
            '[ 4][t 0][2024-10-30 23:27:19.967000][transaction.cpp:3655]\tblock random seed set to 0000000000000000000000000000000000000000000000000000000000000000\n' +
            '[ 4][t 0][2024-10-30 23:27:19.967000][transaction.cpp:1236]\tgas limits: max=1000000, limit=1000000, credit=0\n' +
            '[ 4][t 0][2024-10-30 23:27:19.967000][transaction.cpp:1575]\tin_msg_state is null\n' +
            '[ 4][t 0][2024-10-30 23:27:19.967000][transaction.cpp:1645]\tcreating VM\n' +
            '[ 4][t 0][2024-10-30 23:27:19.967000][transaction.cpp:1351]\tSmartContractInfo initialized with [ 124711402 0 0 1732922839 35000000 35000000 82439665744655549942718375299244058949366754266342087607225540301749132006686 [ 982832763 (null) ] CS{Cell{0267c00125886032725094e79c44c1ab9642fe1cbf1bf4d77db25c345ddbe7a8c80bcd421e842e43391606b800000000053ec6081340} bits: 1..268; refs: 0..0} C{A7EC01478F770EF8F8B037CC7E42F0ABF0D85A50E1828C2394DAD1411691F2DE} C{BF31B32BE5ACBAACCE8B48CCEB4C84B86023EA1F188E974030A4F420D26CF50F} [ 982832763 (null) ] 0 (null) [ CS{Cell{004dd06600000000000000000000000080000000000000fa00000000000001f4000000000003d09040} bits: 9..305; refs: 0..0} (null) CS{Cell{0094d1000000000000006400000000000f4240de000000002710000000000000000f42400000000002160ec0000000000000271000000000002625a00000000005f5e100000000003b9aca00} bits: 0..592; refs: 0..0} CS{Cell{0094d100000000000000640000000000009c40de000000000190000000000000000f424000000000000f4240000000000000271000000000009896800000000005f5e100000000003b9aca00} bits: 0..592; refs: 0..0} CS{Cell{0042ea000000000098968000000000271000000000000f424000000001800055555555} bits: 0..264; refs: 0..0} CS{Cell{0042ea0000000000061a800000000001900000000000009c4000000001800055555555} bits: 0..264; refs: 0..0} (null) ] 465948 (null) ]\n' +
            '[ 4][t 0][2024-10-30 23:27:19.967000][transaction.cpp:1675]\tstarting VM\n' +
            '[ 4][t 0][2024-10-30 23:27:19.968000][transaction.cpp:1680]\tVM terminated with exit code 0\n' +
            '[ 3][t 0][2024-10-30 23:27:19.968000][transaction.cpp:1702]\tsteps: 216 gas: used=8404, max=1000000, limit=1000000, credit=0\n' +
            '[ 3][t 0][2024-10-30 23:27:19.968000][transaction.cpp:1704]\tout_of_gas=false, accepted=true, success=true, time=0.000211s\n' +
            '[ 4][t 0][2024-10-30 23:27:19.968000][transaction.cpp:1737]\tgas fees: 3361600 = 26214400 * 8404 /2^16 ; price=26214400; flat rate=[40000 for 100]; remaining balance=979471163ng\n' +
            '[ 4][t 0][2024-10-30 23:27:19.968000][transaction.cpp:2448]\tstorage paid for a message: 3 cells, 1216 bits\n' +
            '[ 4][t 0][2024-10-30 23:27:19.968000][transaction.cpp:2452]\tcomputed fwd fees = 1006400 + 0\n',
          vmLogs: 'xecute PUSHINT -1\n' +
            'execute implicit RET\n' +
            'execute THROWIFNOT 130\n' +
            'execute NEWC\n' +
            'execute GETGLOB 3\n' +
            'execute SWAP\n' +
            'execute STREF\n' +
            'execute PUSHINT -1\n' +
            'execute SWAP\n' +
            'execute STI 1\n' +
            'execute SWAP\n' +
            'execute SWAP\n' +
            'execute STU 32\n' +
            'execute ENDC\n' +
            'execute POP c4\n' +
            'execute implicit RET\n',
          debugLogs: '',
          events: [Array],
          parent: [Object],
          children: [Array],
          externals: []
        },
        children: [ [Object] ],
        externals: []
      },
      {
        address: 84049441022908470316622795825605090351520748406577698494615284512509455375210n,
        lt: 37000000n,
        prevTransactionHash: 62264933524458381851761242344911094329792295049005546187452098367602283900740n,
        prevTransactionLt: 29000000n,
        now: 1732922839,
        outMessagesCount: 1,
        oldStatus: 'active',
        endStatus: 'active',
        inMessage: { info: [Object], init: null, body: x{E601F8E50000000000000000} },
        outMessages: Dictionary { _key: [Object], _value: [Object], _map: [Map] },
        totalFees: { coins: 4689161n },
        stateUpdate: {
          oldHash: <Buffer 61 d3 f8 b9 d5 89 50 87 5c 25 de d3 01 45 c3 15 ae f5 e3 29 15 1e 4d 32 29 57 42 a7 65 e3 69 d8>,
          newHash: <Buffer fc 50 2e 36 e9 b4 1d 00 34 aa 56 13 be 78 b1 e8 6a 5c c3 66 c1 04 00 6c 08 a5 7e 26 f8 3e fb 1d>
        },
        description: {
          type: 'generic',
          creditFirst: false,
          storagePhase: [Object],
          creditPhase: [Object],
          computePhase: [Object],
          actionPhase: [Object],
          bouncePhase: undefined,
          aborted: false,
          destroyed: false
        },
        raw: x{7B9D24C3C0A4527B020E025CA956131C5EB5081291157C25FD7961DF2D03A1B6A000000000234934089A8B41802B99974DB0B5AFC310695D3F5B1903A0D1787BF76185FEB7CF9EF440000000001BA8140674A4DD70003468F1A12}
         x{E_}
          x{6800A4BAF36B13E3AE770F28659A34B2D81F38859E8C08CF776F2BB4B44180438271002E74930F029149EC08380972A5584C717AD4204A4455F097F5E5877CB40E86DA90E65816AC0609BBB000000000044AA202CE949BAE7300FC7280000000000000004_}
          x{DF_}
           x{680173A49878148A4F6041C04B952AC2638BD6A1025222AF84BFAF2C3BE5A07436D50014975E6D627C75CEE1E50CB346965B03E710B3D18119EEEDE57696883008704E10E51839CC0610D45E0000000004692682CE949BAEC_}
            x{B687AB17000000000000000000000000}
             x{02202FAF080202FAF08021DCD65001CC4B4021DCD65003391606BB397F7EBB391606BB3A526EB80000000800000004_}
              x{801028CD38D6A9FB165BB1D27554DCBBC8B7A064E07EF4C3832956828113614F545_}
         x{7261D3F8B9D58950875C25DED30145C315AEF5E329151E4D32295742A765E369D8FC502E36E9B41D0034AA5613BE78B1E86A5CC366C104006C08A57E26F83EFB1D}
         x{04C32FDA090E65816AD866D31211_}
          x{445E2C3D09000000000000000000FE00000000000000000000000000000000000000000000000000000000000000000000000000000000000000000000000000000000000000000000000000000000}
          x{C9864FA04C10D444000000000004000200000002E10894148A5210AFB1D7A2B2E4E6A2EDF0C3570043303B4C51866A8EBC08520A41102E0C_},
        hash: [Function: hash],
        blockchainLogs: '[ 4][t 0][2024-10-30 23:27:19.974000][transaction.cpp:443]\tunpacking account B9D24C3C0A4527B020E025CA956131C5EB5081291157C25FD7961DF2D03A1B6A\n' +
          '[ 4][t 0][2024-10-30 23:27:19.974000][transaction.cpp:274]\tlast_paid=1730330839; cells=28 bits=7123 public_cells=0\n' +
          '[ 4][t 0][2024-10-30 23:27:19.974000][transaction.cpp:504]\tend of Account.unpack() for 0:B9D24C3C0A4527B020E025CA956131C5EB5081291157C25FD7961DF2D03A1B6A (balance = 10000000ng ; last_trans_lt = 29000000..29000002)\n' +
          '[ 4][t 0][2024-10-30 23:27:19.974000][transaction.cpp:3655]\tblock random seed set to 0000000000000000000000000000000000000000000000000000000000000000\n' +
          '[ 4][t 0][2024-10-30 23:27:19.974000][transaction.cpp:1236]\tgas limits: max=1000000, limit=1000000, credit=0\n' +
          '[ 4][t 0][2024-10-30 23:27:19.974000][transaction.cpp:1575]\tin_msg_state is null\n' +
          '[ 4][t 0][2024-10-30 23:27:19.974000][transaction.cpp:1645]\tcreating VM\n' +
          '[ 4][t 0][2024-10-30 23:27:19.974000][transaction.cpp:1351]\tSmartContractInfo initialized with [ 124711402 0 0 1732922839 37000000 37000000 84630195367514639409622924175749312199831056191303332875639359062248049886761 [ 975297731 (null) ] CS{Cell{026dc00b9d24c3c0a4527b020e025ca956131c5eb5081291157c25fd7961df2d03a1b6a23886f4c3391606b80000000006ea0508e625a01340} bits: 1..268; refs: 0..0} C{A7EC01478F770EF8F8B037CC7E42F0ABF0D85A50E1828C2394DAD1411691F2DE} C{F2179DCD5CFD8A1E113288591FFB7A5E10E107D0D2C36DF69E40398023DAA7B1} [ 966133163 (null) ] 835432 (null) [ CS{Cell{004dd06600000000000000000000000080000000000000fa00000000000001f4000000000003d09040} bits: 9..305; refs: 0..0} (null) CS{Cell{0094d1000000000000006400000000000f4240de000000002710000000000000000f42400000000002160ec0000000000000271000000000002625a00000000005f5e100000000003b9aca00} bits: 0..592; refs: 0..0} CS{Cell{0094d100000000000000640000000000009c40de000000000190000000000000000f424000000000000f4240000000000000271000000000009896800000000005f5e100000000003b9aca00} bits: 0..592; refs: 0..0} CS{Cell{0042ea000000000098968000000000271000000000000f424000000001800055555555} bits: 0..264; refs: 0..0} CS{Cell{0042ea0000000000061a800000000001900000000000009c4000000001800055555555} bits: 0..264; refs: 0..0} (null) ] 0 (null) ]\n' +
          '[ 4][t 0][2024-10-30 23:27:19.974000][transaction.cpp:1675]\tstarting VM\n' +
          '[ 4][t 0][2024-10-30 23:27:19.974000][transaction.cpp:1680]\tVM terminated with exit code 0\n' +
          '[ 3][t 0][2024-10-30 23:27:19.974000][transaction.cpp:1702]\tsteps: 254 gas: used=8945, max=1000000, limit=1000000, credit=0\n' +
          '[ 3][t 0][2024-10-30 23:27:19.974000][transaction.cpp:1704]\tout_of_gas=false, accepted=true, success=true, time=0.000253s\n' +
          '[ 4][t 0][2024-10-30 23:27:19.974000][transaction.cpp:1737]\tgas fees: 3578000 = 26214400 * 8945 /2^16 ; price=26214400; flat rate=[40000 for 100]; remaining balance=971719731ng\n' +
          '[ 3][t 0][2024-10-30 23:27:19.974000][transaction.cpp:2678]\tin try_action_reserve_currency(0)\n' +
          '[ 4][t 0][2024-10-30 23:27:19.974000][transaction.cpp:2684]\taction_reserve_currency: mode=0, reserve=10000000ng, balance=971719731ng, original balance=9164568ng\n' +
          '[ 3][t 0][2024-10-30 23:27:19.974000][transaction.cpp:2729]\tchanged remaining balance to 961719731ng, reserved balance to 10000000ng\n' +
          '[ 4][t 0][2024-10-30 23:27:19.974000][transaction.cpp:2448]\tstorage paid for a message: 3 cells, 768 bits\n' +
          '[ 4][t 0][2024-10-30 23:27:19.974000][transaction.cpp:2452]\tcomputed fwd fees = 827200 + 0\n',
        vmLogs: 'ecute STSLICER\n' +
          'execute OVER\n' +
          'execute ISNULL\n' +
          'execute NOT\n' +
          'execute PUSHCONT x7F01CA00CC\n' +
          'execute PUSHCONT x7032CA00\n' +
          'execute IFELSE\n' +
          'execute PUSHINT -1\n' +
          'execute SWAP\n' +
          'execute STI 1\n' +
          'execute STREF\n' +
          'execute implicit RET\n' +
          'execute ENDC\n' +
          'execute POP c4\n' +
          'execute implicit RET\n',
        debugLogs: '',
        events: [ [Object] ],
        parent: {
          address: 37254810366437813475271750514734067285117962570475561289538093995582013161784n,
          lt: 36000000n,
          prevTransactionHash: 38592468044610498410777044261223387114150526241108790246453192993485700279431n,
          prevTransactionLt: 34000000n,
          now: 1732922839,
          outMessagesCount: 1,
          oldStatus: 'active',
          endStatus: 'active',
          inMessage: [Object],
          outMessages: [Dictionary],
          totalFees: [Object],
          stateUpdate: [Object],
          description: [Object],
          raw: x{7525D79B589F1D73B879432CD1A596C0F9C42CF460467BBB795DA5A20C021C13800000000022551005552901669AB4F4B418AB66AA0C205A844381D97ACF15F1966FF3A0B96D52C87000000000206CC80674A4DD70003476E98F0}
           x{E_}
            x{680024B10C064E4A129CF388983572C85FC397E37E9AEFB64B868BBB7CF5190179A90014975E6D627C75CEE1E50CB346965B03E710B3D18119EEEDE57696883008704E10E948BFEC061479B600000000042C1D82CE949BAE49AFD4E880000000000000004_}
             x{00000000000000000000000000000000000000000000000000000000000000220000000000000000000000000000000000000000000000000000000008F0D18001937A400FD8}
             x{00000000000000000000000000000000000000000000000000000000000000230000000000000000000000000000000000000000000000000000000005F5E10001937A400FD8}
            x{DF_}
             x{6800A4BAF36B13E3AE770F28659A34B2D81F38859E8C08CF776F2BB4B44180438271002E74930F029149EC08380972A5584C717AD4204A4455F097F5E5877CB40E86DA90E65816AC0609BBB000000000044AA202CE949BAEC_}
              x{E601F8E50000000000000000}
           x{72614F0657178A065AA53155BEABE2EB523499B2F033546D2961E52C514CFB4E0CD2E05CEC71D2F1E4924614D9E565F73CEBB4A7C2A14A4BF538317D2EC7173696}
           x{04090E948BFED8769BB211_}
            x{4E782C3D090000000000000000031700000000000000000000000000000000000000000000000000000000000000000000000000000000000000000000000000000000000000000000000000000000}
            x{C983A6604C09BBA000000000000400020000000388D0C29501CA01261A550F77F5936E7DB7CACEE37FC601F787453CB248E780324090190C_},
          hash: [Function: hash],
          blockchainLogs: '[ 4][t 0][2024-10-30 23:27:19.970000][transaction.cpp:443]\tunpacking account 525D79B589F1D73B879432CD1A596C0F9C42CF460467BBB795DA5A20C021C138\n' +
            '[ 4][t 0][2024-10-30 23:27:19.970000][transaction.cpp:274]\tlast_paid=1732922839; cells=232 bits=83682 public_cells=0\n' +
            '[ 4][t 0][2024-10-30 23:27:19.970000][transaction.cpp:504]\tend of Account.unpack() for 0:525D79B589F1D73B879432CD1A596C0F9C42CF460467BBB795DA5A20C021C138 (balance = 2100000000ng ; last_trans_lt = 34000000..34000002)\n' +
            '[ 4][t 0][2024-10-30 23:27:19.970000][transaction.cpp:3655]\tblock random seed set to 0000000000000000000000000000000000000000000000000000000000000000\n' +
            '[ 4][t 0][2024-10-30 23:27:19.970000][transaction.cpp:1236]\tgas limits: max=1000000, limit=1000000, credit=0\n' +
            '[ 4][t 0][2024-10-30 23:27:19.970000][transaction.cpp:1575]\tin_msg_state is null\n' +
            '[ 4][t 0][2024-10-30 23:27:19.970000][transaction.cpp:1645]\tcreating VM\n' +
            '[ 4][t 0][2024-10-30 23:27:19.970000][transaction.cpp:1351]\tSmartContractInfo initialized with [ 124711402 0 0 1732922839 36000000 36000000 14068792954309835536948273256715513127174070948738620016199408580766834334284 [ 3078464763 (null) ] CS{Cell{0271c00525d79b589f1d73b879432cd1a596c0f9c42cf460467bbb795da5a20c021c1383d0c051b8833a526eb800000000081b32091f4add401340} bits: 1..268; refs: 0..0} C{A7EC01478F770EF8F8B037CC7E42F0ABF0D85A50E1828C2394DAD1411691F2DE} C{42B6F0E46484EFC57B9508F6BA7EF42E7512023D5CB4ED5628DD1C7755D16E9D} [ 978464763 (null) ] 0 (null) [ CS{Cell{004dd06600000000000000000000000080000000000000fa00000000000001f4000000000003d09040} bits: 9..305; refs: 0..0} (null) CS{Cell{0094d1000000000000006400000000000f4240de000000002710000000000000000f42400000000002160ec0000000000000271000000000002625a00000000005f5e100000000003b9aca00} bits: 0..592; refs: 0..0} CS{Cell{0094d100000000000000640000000000009c40de000000000190000000000000000f424000000000000f4240000000000000271000000000009896800000000005f5e100000000003b9aca00} bits: 0..592; refs: 0..0} CS{Cell{0042ea000000000098968000000000271000000000000f424000000001800055555555} bits: 0..264; refs: 0..0} CS{Cell{0042ea0000000000061a800000000001900000000000009c4000000001800055555555} bits: 0..264; refs: 0..0} (null) ] 0 (null) ]\n' +
            '[ 4][t 0][2024-10-30 23:27:19.970000][transaction.cpp:1675]\tstarting VM\n' +
            '[ 4][t 0][2024-10-30 23:27:19.971000][transaction.cpp:1680]\tVM terminated with exit code 0\n' +
            '[ 3][t 0][2024-10-30 23:27:19.971000][transaction.cpp:1702]\tsteps: 791 gas: used=29633, max=1000000, limit=1000000, credit=0\n' +
            '[ 3][t 0][2024-10-30 23:27:19.971000][transaction.cpp:1704]\tout_of_gas=false, accepted=true, success=true, time=0.000887s\n' +
            '[ 4][t 0][2024-10-30 23:27:19.971000][transaction.cpp:1737]\tgas fees: 11853200 = 26214400 * 29633 /2^16 ; price=26214400; flat rate=[40000 for 100]; remaining balance=3066611563ng\n' +
            '[ 3][t 0][2024-10-30 23:27:19.971000][transaction.cpp:2678]\tin try_action_reserve_currency(0)\n' +
            '[ 4][t 0][2024-10-30 23:27:19.971000][transaction.cpp:2684]\taction_reserve_currency: mode=0, reserve=2100000000ng, balance=3066611563ng, original balance=2100000000ng\n' +
            '[ 3][t 0][2024-10-30 23:27:19.971000][transaction.cpp:2729]\tchanged remaining balance to 966611563ng, reserved balance to 2100000000ng\n' +
            '[ 4][t 0][2024-10-30 23:27:19.971000][transaction.cpp:2448]\tstorage paid for a message: 1 cells, 96 bits\n' +
            '[ 4][t 0][2024-10-30 23:27:19.971000][transaction.cpp:2452]\tcomputed fwd fees = 478400 + 0\n',
          vmLogs: 'xecute EQUAL\n' +
            'execute THROWIF 137\n' +
            'execute PUSHPOW2 10\n' +
            'execute EQUAL\n' +
            'execute THROWIFNOT 136\n' +
            'execute STSLICER\n' +
            'execute ENDC\n' +
            'execute ROT\n' +
            'execute STREF\n' +
            'execute ENDC\n' +
            'execute SWAP\n' +
            'execute STREF\n' +
            'execute implicit RET\n' +
            'execute ENDC\n' +
            'execute POP c4\n' +
            'execute implicit RET\n',
          debugLogs: '',
          events: [Array],
          parent: [Object],
          children: [Array],
          externals: []
        },
        children: [ [Object] ],
        externals: []
      },
      {
        address: 37254810366437813475271750514734067285117962570475561289538093995582013161784n,
        lt: 38000000n,
        prevTransactionHash: 74236104092443860021490477366064972596632322504643340678727217460716001093195n,
        prevTransactionLt: 36000000n,
        now: 1732922839,
        outMessagesCount: 4,
        oldStatus: 'active',
        endStatus: 'active',
        inMessage: {
          info: [Object],
          init: null,
          body: x{B687AB17000000000000000000000000}
           x{02202FAF080202FAF08021DCD65001CC4B4021DCD65003391606BB397F7EBB391606BB3A526EB80000000800000004_}
            x{801028CD38D6A9FB165BB1D27554DCBBC8B7A064E07EF4C3832956828113614F545_}
        },
        outMessages: Dictionary { _key: [Object], _value: [Object], _map: [Map] },
        totalFees: { coins: 31153972n },
        stateUpdate: {
          oldHash: <Buffer d2 e0 5c ec 71 d2 f1 e4 92 46 14 d9 e5 65 f7 3c eb b4 a7 c2 a1 4a 4b f5 38 31 7d 2e c7 17 36 96>,
          newHash: <Buffer b1 47 bf 15 10 98 20 ef d8 16 8b e4 ee dd d9 fd 05 91 51 bb 2f 4a aa 25 84 da 79 34 43 42 4b a5>
        },
        description: {
          type: 'generic',
          creditFirst: false,
          storagePhase: [Object],
          creditPhase: [Object],
          computePhase: [Object],
          actionPhase: [Object],
          bouncePhase: undefined,
          aborted: false,
          destroyed: false
        },
        raw: x{7525D79B589F1D73B879432CD1A596C0F9C42CF460467BBB795DA5A20C021C138000000000243D580A420255B0713B0A8AA3D0EB3E609485C80CC0415AC76C0C3F45A9370FE94E64B0000000002255100674A4DD700094803B6BE68}
         x{E_}
          x{680173A49878148A4F6041C04B952AC2638BD6A1025222AF84BFAF2C3BE5A07436D50014975E6D627C75CEE1E50CB346965B03E710B3D18119EEEDE57696883008704E10E51839CC0610D45E0000000004692682CE949BAE5B43D58B8000000000000000000000004_}
           x{02202FAF080202FAF08021DCD65001CC4B4021DCD65003391606BB397F7EBB391606BB3A526EB80000000800000004_}
            x{801028CD38D6A9FB165BB1D27554DCBBC8B7A064E07EF4C3832956828113614F545_}
          x{DB_}
           x{2_}
            x{2_}
             x{6800A4BAF36B13E3AE770F28659A34B2D81F38859E8C08CF776F2BB4B44180438271001F33C9E03834F86C2DA0166D0212C129A321D08D5D171B4080758BCF48863C4D90101931000609BBB0000000000487AB02CE949BAEC_}
              x{BC26F4C80000000000000000}
            x{2_}
             x{6800A4BAF36B13E3AE770F28659A34B2D81F38859E8C08CF776F2BB4B4418043827100384BA6D6A6B7DF2422C44C909493A07C03CA0A1FF860A7ED8531810050149DDF10101931000609BBB0000000000487AB04CE949BAEC_}
              x{BC26F4C80000000000000001}
           x{2_}
            x{2_}
             x{E00292EBCDAC4F8EB9DC3CA19668D2CB607CE2167A30233DDDBCAED2D106010E09C0000000000487AB06CE949BAEC_}
              x{8B6D3812000000000000000000000000801028CD38D6A9FB165BB1D27554DCBBC8B7A064E07EF4C3832956828113614F544877359401_}
            x{2_}
             x{4800A4BAF36B13E3AE770F28659A34B2D81F38859E8C08CF776F2BB4B44180438271002E74930F029149EC08380972A5584C717AD4204A4455F097F5E5877CB40E86DA90BCA3A88C0656E1D8000000000487AB08CE949BAFE_}
              x{34_}
               x{FF00F4A413F4BCF2C80B}
                x{62_}
                 x{D001D0D3030171B0A301FA400120D74981010BBAF2E08820D70B0A208104FFBAF2D0898309BAF2E088545053036F04F86102F862DB3C5512DB3CF2E082}
                  x{ED44D0D401F863D200018E2FD31FFA400120D74981010BBAF2E08820D70B0A208104FFBAF2D0898309BAF2E08801D2000191D4926D01E255206C13E0F828D70B0A8309BAF2E089810101D700FA400120D74981010BBAF2E08820D70B0A208104FFBAF2D0898309BAF2E0881202D101DB3C}
                   x{6D}
                  x{0192307FE07021D749C21F953020D70B1FDE208210AFE93535BA8F5130D31F018210AFE93535BAF2E081D33FFA400120D74981010BBAF2E08820D70B0A208104FFBAF2D0898309BAF2E08801D455206C1332820898968070FB024434DB3C30037083067055206D6D6DDB3C597FE0208210B8A3AA14BAE302}
                   x{F8425220C705F2E084}
                   x{C87101CA01500701CA007001CA02500520D74981010BBAF2E08820D70B0A208104FFBAF2D0898309BAF2E088CF165003FA027001CA68236EB3917F93246EB3E2973333017001CA00E30D216EB39C7F01CA0001206EF2D08001CC95317001CA00E2C901FB00}
                    x{7F01CA00C87001CA007001CA00246EB39D7F01CA0004206EF2D0805004CC9634037001CA00E2246EB39D7F01CA0004206EF2D0805004CC9634037001CA00E27001CA00027F01CA0002C958CC}
                   x{30D31F018210B8A3AA14BAF2E081D33FFA400120D74981010BBAF2E08820D70B0A208104FFBAF2D0898309BAF2E088126C12317020FB025520DB3C03708100A07055206D6D6DDB3C587F}
                    x{F8425220C705F2E084}
                    x{C87101CA01500701CA007001CA02500520D74981010BBAF2E08820D70B0A208104FFBAF2D0898309BAF2E088CF165003FA027001CA68236EB3917F93246EB3E2973333017001CA00E30D216EB39C7F01CA0001206EF2D08001CC95317001CA00E2C901FB00}
                     x{7F01CA00C87001CA007001CA00246EB39D7F01CA0004206EF2D0805004CC9634037001CA00E2246EB39D7F01CA0004206EF2D0805004CC9634037001CA00E27001CA00027F01CA0002C958CC}
                   x{8210E601F8E5BA8ECED31F018210E601F8E5BAF2E081D33F0131820898968070FB02F8416F2410235F037083067F25206EF2D080542580C855208210B687AB175004CB1F12CB3FCB1FCCC9103441301443306D6DDB3C7FE03070}
                    x{C87101CA01500701CA007001CA02500520D74981010BBAF2E08820D70B0A208104FFBAF2D0898309BAF2E088CF165003FA027001CA68236EB3917F93246EB3E2973333017001CA00E30D216EB39C7F01CA0001206EF2D08001CC95317001CA00E2C901FB00}
                     x{7F01CA00C87001CA007001CA00246EB39D7F01CA0004206EF2D0805004CC9634037001CA00E2246EB39D7F01CA0004206EF2D0805004CC9634037001CA00E27001CA00027F01CA0002C958CC}
                  x{C8F84301CC7F01CA0055205023CB1F0120D74981010BBAF2E08820D70B0A208104FFBAF2D0898309BAF2E088CF16216EB3957F01CA00CC947032CA00E2C9ED54}
                 x{2_}
                  x{BE28EED9E6D9E3618C_}
                   x{ED44D0D401F863D200018E2FD31FFA400120D74981010BBAF2E08820D70B0A208104FFBAF2D0898309BAF2E08801D2000191D4926D01E255206C13E0F828D70B0A8309BAF2E089810101D700FA400120D74981010BBAF2E08820D70B0A208104FFBAF2D0898309BAF2E0881202D101DB3C}
                    x{6D}
                   x{21}
                  x{2_}
                   x{4}
                    x{B1D8B6CF36CF1B0C6_}
                     x{ED44D0D401F863D200018E2FD31FFA400120D74981010BBAF2E08820D70B0A208104FFBAF2D0898309BAF2E08801D2000191D4926D01E255206C13E0F828D70B0A8309BAF2E089810101D700FA400120D74981010BBAF2E08820D70B0A208104FFBAF2D0898309BAF2E0881202D101DB3C}
                      x{6D}
                     x{20}
                    x{B36436CF36CF1B0C6_}
                     x{ED44D0D401F863D200018E2FD31FFA400120D74981010BBAF2E08820D70B0A208104FFBAF2D0898309BAF2E08801D2000191D4926D01E255206C13E0F828D70B0A8309BAF2E089810101D700FA400120D74981010BBAF2E08820D70B0A208104FFBAF2D0898309BAF2E0881202D101DB3C}
                      x{6D}
                     x{22}
                   x{B82BEED44D0D20001}
               x{0000000000000000000000000000000000000000000000000000000000000000200292EBCDAC4F8EB9DC3CA19668D2CB607CE2167A30233DDDBCAED2D106010E09C4_}
                x{C_}
                 x{A0838F_}
                  x{FF00F4A413F4BCF2C80B}
                   x{62_}
                    x{D001D0D3030171B0A301FA400120D74981010BBAF2E08820D70B0A208104FFBAF2D0898309BAF2E088545053036F04F86102F862DB3C5512DB3CF2E082}
                     x{ED44D0D401F863D200018E2FD31FFA400120D74981010BBAF2E08820D70B0A208104FFBAF2D0898309BAF2E08801D2000191D4926D01E255206C13E0F828D70B0A8309BAF2E089810101D700FA400120D74981010BBAF2E08820D70B0A208104FFBAF2D0898309BAF2E0881202D101DB3C}
                      x{6D}
                     x{0192307FE07021D749C21F953020D70B1FDE208210AFE93535BA8F5130D31F018210AFE93535BAF2E081D33FFA400120D74981010BBAF2E08820D70B0A208104FFBAF2D0898309BAF2E08801D455206C1332820898968070FB024434DB3C30037083067055206D6D6DDB3C597FE0208210B8A3AA14BAE302}
                      x{F8425220C705F2E084}
                      x{C87101CA01500701CA007001CA02500520D74981010BBAF2E08820D70B0A208104FFBAF2D0898309BAF2E088CF165003FA027001CA68236EB3917F93246EB3E2973333017001CA00E30D216EB39C7F01CA0001206EF2D08001CC95317001CA00E2C901FB00}
                       x{7F01CA00C87001CA007001CA00246EB39D7F01CA0004206EF2D0805004CC9634037001CA00E2246EB39D7F01CA0004206EF2D0805004CC9634037001CA00E27001CA00027F01CA0002C958CC}
                      x{30D31F018210B8A3AA14BAF2E081D33FFA400120D74981010BBAF2E08820D70B0A208104FFBAF2D0898309BAF2E088126C12317020FB025520DB3C03708100A07055206D6D6DDB3C587F}
                       x{F8425220C705F2E084}
                       x{C87101CA01500701CA007001CA02500520D74981010BBAF2E08820D70B0A208104FFBAF2D0898309BAF2E088CF165003FA027001CA68236EB3917F93246EB3E2973333017001CA00E30D216EB39C7F01CA0001206EF2D08001CC95317001CA00E2C901FB00}
                        x{7F01CA00C87001CA007001CA00246EB39D7F01CA0004206EF2D0805004CC9634037001CA00E2246EB39D7F01CA0004206EF2D0805004CC9634037001CA00E27001CA00027F01CA0002C958CC}
                      x{8210E601F8E5BA8ECED31F018210E601F8E5BAF2E081D33F0131820898968070FB02F8416F2410235F037083067F25206EF2D080542580C855208210B687AB175004CB1F12CB3FCB1FCCC9103441301443306D6DDB3C7FE03070}
                       x{C87101CA01500701CA007001CA02500520D74981010BBAF2E08820D70B0A208104FFBAF2D0898309BAF2E088CF165003FA027001CA68236EB3917F93246EB3E2973333017001CA00E30D216EB39C7F01CA0001206EF2D08001CC95317001CA00E2C901FB00}
                        x{7F01CA00C87001CA007001CA00246EB39D7F01CA0004206EF2D0805004CC9634037001CA00E2246EB39D7F01CA0004206EF2D0805004CC9634037001CA00E27001CA00027F01CA0002C958CC}
                     x{C8F84301CC7F01CA0055205023CB1F0120D74981010BBAF2E08820D70B0A208104FFBAF2D0898309BAF2E088CF16216EB3957F01CA00CC947032CA00E2C9ED54}
                    x{2_}
                     x{BE28EED9E6D9E3618C_}
                      x{ED44D0D401F863D200018E2FD31FFA400120D74981010BBAF2E08820D70B0A208104FFBAF2D0898309BAF2E08801D2000191D4926D01E255206C13E0F828D70B0A8309BAF2E089810101D700FA400120D74981010BBAF2E08820D70B0A208104FFBAF2D0898309BAF2E0881202D101DB3C}
                       x{6D}
                      x{21}
                     x{2_}
                      x{4}
                       x{B1D8B6CF36CF1B0C6_}
                        x{ED44D0D401F863D200018E2FD31FFA400120D74981010BBAF2E08820D70B0A208104FFBAF2D0898309BAF2E08801D2000191D4926D01E255206C13E0F828D70B0A8309BAF2E089810101D700FA400120D74981010BBAF2E08820D70B0A208104FFBAF2D0898309BAF2E0881202D101DB3C}
                         x{6D}
                        x{20}
                       x{B36436CF36CF1B0C6_}
                        x{ED44D0D401F863D200018E2FD31FFA400120D74981010BBAF2E08820D70B0A208104FFBAF2D0898309BAF2E08801D2000191D4926D01E255206C13E0F828D70B0A8309BAF2E089810101D700FA400120D74981010BBAF2E08820D70B0A208104FFBAF2D0898309BAF2E0881202D101DB3C}
                         x{6D}
                        x{22}
                      x{B82BEED44D0D20001}
              x{B8A3AA140000000000000000801D3E5E1B0970E52ABD4EA639AED542E118FE33D2F03FE072737A6B74A8FDC2C69_}
         x{72D2E05CEC71D2F1E4924614D9E565F73CEBB4A7C2A14A4BF538317D2EC7173696B147BF15109820EFD8168BE4EEDDD9FD059151BB2F4AAA2584DA793443424BA5}
         x{04090E51839CD88036EE1C11_}
          x{602327CC3D09000000000000000007C100000000000000000000000000000000000000000000000000000000000000000000000000000000000000000000000000000000000000000000000000000000}
          x{C9AC8D784C8FB95000000000000A0002000000086C667028F3CC35C5E1D1AEB75B20D68906AE33005305D31C6C00E378213282B048913B24_},
        hash: [Function: hash],
        blockchainLogs: '[ 4][t 0][2024-10-30 23:27:19.977000][transaction.cpp:443]\tunpacking account 525D79B589F1D73B879432CD1A596C0F9C42CF460467BBB795DA5A20C021C138\n' +
          '[ 4][t 0][2024-10-30 23:27:19.977000][transaction.cpp:274]\tlast_paid=1732922839; cells=232 bits=84034 public_cells=0\n' +
          '[ 4][t 0][2024-10-30 23:27:19.977000][transaction.cpp:504]\tend of Account.unpack() for 0:525D79B589F1D73B879432CD1A596C0F9C42CF460467BBB795DA5A20C021C138 (balance = 2100000000ng ; last_trans_lt = 36000000..36000002)\n' +
          '[ 4][t 0][2024-10-30 23:27:19.977000][transaction.cpp:3655]\tblock random seed set to 0000000000000000000000000000000000000000000000000000000000000000\n' +
          '[ 4][t 0][2024-10-30 23:27:19.977000][transaction.cpp:1236]\tgas limits: max=1000000, limit=1000000, credit=0\n' +
          '[ 4][t 0][2024-10-30 23:27:19.977000][transaction.cpp:1575]\tin_msg_state is null\n' +
          '[ 4][t 0][2024-10-30 23:27:19.977000][transaction.cpp:1645]\tcreating VM\n' +
          '[ 4][t 0][2024-10-30 23:27:19.977000][transaction.cpp:1351]\tSmartContractInfo initialized with [ 124711402 0 0 1732922839 38000000 38000000 14068792954309835536948273256715513127174070948738620016199408580766834334284 [ 3060892531 (null) ] CS{Cell{0271c00525d79b589f1d73b879432cd1a596c0f9c42cf460467bbb795da5a20c021c1383d0c05210833a526eb800000000089544091f4add401340} bits: 1..268; refs: 0..0} C{A7EC01478F770EF8F8B037CC7E42F0ABF0D85A50E1828C2394DAD1411691F2DE} C{42B6F0E46484EFC57B9508F6BA7EF42E7512023D5CB4ED5628DD1C7755D16E9D} [ 960892531 (null) ] 0 (null) [ CS{Cell{004dd06600000000000000000000000080000000000000fa00000000000001f4000000000003d09040} bits: 9..305; refs: 0..0} (null) CS{Cell{0094d1000000000000006400000000000f4240de000000002710000000000000000f42400000000002160ec0000000000000271000000000002625a00000000005f5e100000000003b9aca00} bits: 0..592; refs: 0..0} CS{Cell{0094d100000000000000640000000000009c40de000000000190000000000000000f424000000000000f4240000000000000271000000000009896800000000005f5e100000000003b9aca00} bits: 0..592; refs: 0..0} CS{Cell{0042ea000000000098968000000000271000000000000f424000000001800055555555} bits: 0..264; refs: 0..0} CS{Cell{0042ea0000000000061a800000000001900000000000009c4000000001800055555555} bits: 0..264; refs: 0..0} (null) ] 0 (null) ]\n' +
          '[ 4][t 0][2024-10-30 23:27:19.977000][transaction.cpp:1675]\tstarting VM\n' +
          '[ 4][t 0][2024-10-30 23:27:19.978000][transaction.cpp:1680]\tVM terminated with exit code 0\n' +
          '[ 3][t 0][2024-10-30 23:27:19.979000][transaction.cpp:1702]\tsteps: 1985 gas: used=71998, max=1000000, limit=1000000, credit=0\n' +
          '[ 3][t 0][2024-10-30 23:27:19.979000][transaction.cpp:1704]\tout_of_gas=false, accepted=true, success=true, time=0.001643s\n' +
          '[ 4][t 0][2024-10-30 23:27:19.979000][transaction.cpp:1737]\tgas fees: 28799200 = 26214400 * 71998 /2^16 ; price=26214400; flat rate=[40000 for 100]; remaining balance=3032093331ng\n' +
          '[ 3][t 0][2024-10-30 23:27:19.979000][transaction.cpp:2678]\tin try_action_reserve_currency(0)\n' +
          '[ 4][t 0][2024-10-30 23:27:19.979000][transaction.cpp:2684]\taction_reserve_currency: mode=0, reserve=2100000000ng, balance=3032093331ng, original balance=2100000000ng\n' +
          '[ 3][t 0][2024-10-30 23:27:19.979000][transaction.cpp:2729]\tchanged remaining balance to 932093331ng, reserved balance to 2100000000ng\n' +
          '[ 4][t 0][2024-10-30 23:27:19.979000][transaction.cpp:2448]\tstorage paid for a message: 1 cells, 96 bits\n' +
          '[ 4][t 0][2024-10-30 23:27:19.979000][transaction.cpp:2452]\tcomputed fwd fees = 478400 + 0\n' +
          '[ 4][t 0][2024-10-30 23:27:19.979000][transaction.cpp:2448]\tstorage paid for a message: 1 cells, 96 bits\n' +
          '[ 4][t 0][2024-10-30 23:27:19.979000][transaction.cpp:2452]\tcomputed fwd fees = 478400 + 0\n' +
          '[ 4][t 0][2024-10-30 23:27:19.979000][transaction.cpp:2448]\tstorage paid for a message: 1 cells, 431 bits\n' +
          '[ 4][t 0][2024-10-30 23:27:19.979000][transaction.cpp:2452]\tcomputed fwd fees = 612400 + 0\n' +
          '[ 4][t 0][2024-10-30 23:27:19.979000][transaction.cpp:2448]\tstorage paid for a message: 27 cells, 6976 bits\n' +
          '[ 4][t 0][2024-10-30 23:27:19.979000][transaction.cpp:2452]\tcomputed fwd fees = 4270400 + 0\n',
        vmLogs: 'xecute EQUAL\n' +
          'execute THROWIF 137\n' +
          'execute PUSHPOW2 10\n' +
          'execute EQUAL\n' +
          'execute THROWIFNOT 136\n' +
          'execute STSLICER\n' +
          'execute ENDC\n' +
          'execute ROT\n' +
          'execute STREF\n' +
          'execute ENDC\n' +
          'execute SWAP\n' +
          'execute STREF\n' +
          'execute implicit RET\n' +
          'execute ENDC\n' +
          'execute POP c4\n' +
          'execute implicit RET\n',
        debugLogs: '',
        events: [ [Object], [Object], [Object] ],
        parent: {
          address: 84049441022908470316622795825605090351520748406577698494615284512509455375210n,
          lt: 37000000n,
          prevTransactionHash: 62264933524458381851761242344911094329792295049005546187452098367602283900740n,
          prevTransactionLt: 29000000n,
          now: 1732922839,
          outMessagesCount: 1,
          oldStatus: 'active',
          endStatus: 'active',
          inMessage: [Object],
          outMessages: [Dictionary],
          totalFees: [Object],
          stateUpdate: [Object],
          description: [Object],
          raw: x{7B9D24C3C0A4527B020E025CA956131C5EB5081291157C25FD7961DF2D03A1B6A000000000234934089A8B41802B99974DB0B5AFC310695D3F5B1903A0D1787BF76185FEB7CF9EF440000000001BA8140674A4DD70003468F1A12}
           x{E_}
            x{6800A4BAF36B13E3AE770F28659A34B2D81F38859E8C08CF776F2BB4B44180438271002E74930F029149EC08380972A5584C717AD4204A4455F097F5E5877CB40E86DA90E65816AC0609BBB000000000044AA202CE949BAE7300FC7280000000000000004_}
            x{DF_}
             x{680173A49878148A4F6041C04B952AC2638BD6A1025222AF84BFAF2C3BE5A07436D50014975E6D627C75CEE1E50CB346965B03E710B3D18119EEEDE57696883008704E10E51839CC0610D45E0000000004692682CE949BAEC_}
              x{B687AB17000000000000000000000000}
               x{02202FAF080202FAF08021DCD65001CC4B4021DCD65003391606BB397F7EBB391606BB3A526EB80000000800000004_}
                x{801028CD38D6A9FB165BB1D27554DCBBC8B7A064E07EF4C3832956828113614F545_}
           x{7261D3F8B9D58950875C25DED30145C315AEF5E329151E4D32295742A765E369D8FC502E36E9B41D0034AA5613BE78B1E86A5CC366C104006C08A57E26F83EFB1D}
           x{04C32FDA090E65816AD866D31211_}
            x{445E2C3D09000000000000000000FE00000000000000000000000000000000000000000000000000000000000000000000000000000000000000000000000000000000000000000000000000000000}
            x{C9864FA04C10D444000000000004000200000002E10894148A5210AFB1D7A2B2E4E6A2EDF0C3570043303B4C51866A8EBC08520A41102E0C_},
          hash: [Function: hash],
          blockchainLogs: '[ 4][t 0][2024-10-30 23:27:19.974000][transaction.cpp:443]\tunpacking account B9D24C3C0A4527B020E025CA956131C5EB5081291157C25FD7961DF2D03A1B6A\n' +
            '[ 4][t 0][2024-10-30 23:27:19.974000][transaction.cpp:274]\tlast_paid=1730330839; cells=28 bits=7123 public_cells=0\n' +
            '[ 4][t 0][2024-10-30 23:27:19.974000][transaction.cpp:504]\tend of Account.unpack() for 0:B9D24C3C0A4527B020E025CA956131C5EB5081291157C25FD7961DF2D03A1B6A (balance = 10000000ng ; last_trans_lt = 29000000..29000002)\n' +
            '[ 4][t 0][2024-10-30 23:27:19.974000][transaction.cpp:3655]\tblock random seed set to 0000000000000000000000000000000000000000000000000000000000000000\n' +
            '[ 4][t 0][2024-10-30 23:27:19.974000][transaction.cpp:1236]\tgas limits: max=1000000, limit=1000000, credit=0\n' +
            '[ 4][t 0][2024-10-30 23:27:19.974000][transaction.cpp:1575]\tin_msg_state is null\n' +
            '[ 4][t 0][2024-10-30 23:27:19.974000][transaction.cpp:1645]\tcreating VM\n' +
            '[ 4][t 0][2024-10-30 23:27:19.974000][transaction.cpp:1351]\tSmartContractInfo initialized with [ 124711402 0 0 1732922839 37000000 37000000 84630195367514639409622924175749312199831056191303332875639359062248049886761 [ 975297731 (null) ] CS{Cell{026dc00b9d24c3c0a4527b020e025ca956131c5eb5081291157c25fd7961df2d03a1b6a23886f4c3391606b80000000006ea0508e625a01340} bits: 1..268; refs: 0..0} C{A7EC01478F770EF8F8B037CC7E42F0ABF0D85A50E1828C2394DAD1411691F2DE} C{F2179DCD5CFD8A1E113288591FFB7A5E10E107D0D2C36DF69E40398023DAA7B1} [ 966133163 (null) ] 835432 (null) [ CS{Cell{004dd06600000000000000000000000080000000000000fa00000000000001f4000000000003d09040} bits: 9..305; refs: 0..0} (null) CS{Cell{0094d1000000000000006400000000000f4240de000000002710000000000000000f42400000000002160ec0000000000000271000000000002625a00000000005f5e100000000003b9aca00} bits: 0..592; refs: 0..0} CS{Cell{0094d100000000000000640000000000009c40de000000000190000000000000000f424000000000000f4240000000000000271000000000009896800000000005f5e100000000003b9aca00} bits: 0..592; refs: 0..0} CS{Cell{0042ea000000000098968000000000271000000000000f424000000001800055555555} bits: 0..264; refs: 0..0} CS{Cell{0042ea0000000000061a800000000001900000000000009c4000000001800055555555} bits: 0..264; refs: 0..0} (null) ] 0 (null) ]\n' +
            '[ 4][t 0][2024-10-30 23:27:19.974000][transaction.cpp:1675]\tstarting VM\n' +
            '[ 4][t 0][2024-10-30 23:27:19.974000][transaction.cpp:1680]\tVM terminated with exit code 0\n' +
            '[ 3][t 0][2024-10-30 23:27:19.974000][transaction.cpp:1702]\tsteps: 254 gas: used=8945, max=1000000, limit=1000000, credit=0\n' +
            '[ 3][t 0][2024-10-30 23:27:19.974000][transaction.cpp:1704]\tout_of_gas=false, accepted=true, success=true, time=0.000253s\n' +
            '[ 4][t 0][2024-10-30 23:27:19.974000][transaction.cpp:1737]\tgas fees: 3578000 = 26214400 * 8945 /2^16 ; price=26214400; flat rate=[40000 for 100]; remaining balance=971719731ng\n' +
            '[ 3][t 0][2024-10-30 23:27:19.974000][transaction.cpp:2678]\tin try_action_reserve_currency(0)\n' +
            '[ 4][t 0][2024-10-30 23:27:19.974000][transaction.cpp:2684]\taction_reserve_currency: mode=0, reserve=10000000ng, balance=971719731ng, original balance=9164568ng\n' +
            '[ 3][t 0][2024-10-30 23:27:19.974000][transaction.cpp:2729]\tchanged remaining balance to 961719731ng, reserved balance to 10000000ng\n' +
            '[ 4][t 0][2024-10-30 23:27:19.974000][transaction.cpp:2448]\tstorage paid for a message: 3 cells, 768 bits\n' +
            '[ 4][t 0][2024-10-30 23:27:19.974000][transaction.cpp:2452]\tcomputed fwd fees = 827200 + 0\n',
          vmLogs: 'ecute STSLICER\n' +
            'execute OVER\n' +
            'execute ISNULL\n' +
            'execute NOT\n' +
            'execute PUSHCONT x7F01CA00CC\n' +
            'execute PUSHCONT x7032CA00\n' +
            'execute IFELSE\n' +
            'execute PUSHINT -1\n' +
            'execute SWAP\n' +
            'execute STI 1\n' +
            'execute STREF\n' +
            'execute implicit RET\n' +
            'execute ENDC\n' +
            'execute POP c4\n' +
            'execute implicit RET\n',
          debugLogs: '',
          events: [Array],
          parent: [Object],
          children: [Array],
          externals: []
        },
        children: [ [Object], [Object], [Object] ],
        externals: [ [Object] ]
      },
      {
        address: 56452803209391972311245829800318013664241380452486081517026592719308720763190n,
        lt: 39000000n,
        prevTransactionHash: 58649609734194081309816892069634441628960077379076020613743014565563767019056n,
        prevTransactionLt: 28000000n,
        now: 1732922839,
        outMessagesCount: 1,
        oldStatus: 'active',
        endStatus: 'active',
        inMessage: { info: [Object], init: null, body: x{BC26F4C80000000000000000} },
        outMessages: Dictionary { _key: [Object], _value: [Object], _map: [Map] },
        totalFees: { coins: 5334831n },
        stateUpdate: {
          oldHash: <Buffer 0a a4 86 b5 20 63 23 8d 09 45 d4 03 dc 7e 29 aa 08 00 c7 46 0f 4d 96 b1 e3 b7 a0 98 da a2 71 57>,
          newHash: <Buffer 7b 3b 6a 53 4c 0f 3b f1 58 70 46 5c 0f 66 54 18 44 44 30 22 fc 12 07 fa c2 fc e5 e7 32 cd 07 a4>
        },
        description: {
          type: 'generic',
          creditFirst: false,
          storagePhase: [Object],
          creditPhase: [Object],
          computePhase: [Object],
          actionPhase: [Object],
          bouncePhase: undefined,
          aborted: false,
          destroyed: false
        },
        raw: x{77CCF2780E0D3E1B0B68059B4084B04A68C874235745C6D0201D62F3D2218F13600000000025317C081AA80B39D69CA3B7D4E5E40D10A22BA8CA427EB77DE4C1477D17FFAB2A556300000000001AB3F00674A4DD7000346A2CE5E}
         x{E_}
          x{6800A4BAF36B13E3AE770F28659A34B2D81F38859E8C08CF776F2BB4B44180438271001F33C9E03834F86C2DA0166D0212C129A321D08D5D171B4080758BCF48863C4D90101931000609BBB0000000000487AB02CE949BAE5E137A6400000000000000004_}
          x{DF_}
           x{6800F99E4F01C1A7C3616D00B3681096094D190E846AE8B8DA0403AC5E7A4431E26D0014975E6D627C75CEE1E50CB346965B03E710B3D18119EEEDE57696883008704E101119EF88060DFF5E0000000004A62F82CE949BAEC_}
            x{2A004A0500000000000000000000000000000000000000000000000000000000000000000000000000000000C00814669C6B54FD8B2DD8E93AAA6E5DE45BD032703F7A61C194AB414089B0A7AA2}
         x{720AA486B52063238D0945D403DC7E29AA0800C7460F4D96B1E3B7A098DAA271577B3B6A534C0F3BF15870465C0F66541844443022FC1207FAC2FCE5E732CD07A4}
         x{04C4360789010193101867A1E811_}
          x{44E28C0A4D9000000000000000013D00000000000000000000000000000000000000000000000000000000000000000000000000000000000000000000000000000000000000000000000000000000}
          x{C9853FC04C0DFF44000000000002000000000002E314399E9181B61CA6ACAC445010D6EB366B5E165776588A9812DBEC1225A8904090296C_},
        hash: [Function: hash],
        blockchainLogs: '[ 4][t 0][2024-10-30 23:27:19.984000][transaction.cpp:443]\tunpacking account 7CCF2780E0D3E1B0B68059B4084B04A68C874235745C6D0201D62F3D2218F136\n' +
          '[ 4][t 0][2024-10-30 23:27:19.984000][transaction.cpp:274]\tlast_paid=1730330839; cells=30 bits=12911 public_cells=0\n' +
          '[ 4][t 0][2024-10-30 23:27:19.984000][transaction.cpp:504]\tend of Account.unpack() for 0:7CCF2780E0D3E1B0B68059B4084B04A68C874235745C6D0201D62F3D2218F136 (balance = 10000000ng ; last_trans_lt = 28000000..28000002)\n' +
          '[ 4][t 0][2024-10-30 23:27:19.984000][transaction.cpp:3655]\tblock random seed set to 0000000000000000000000000000000000000000000000000000000000000000\n' +
          '[ 4][t 0][2024-10-30 23:27:19.984000][transaction.cpp:1236]\tgas limits: max=191044, limit=168804, credit=0\n' +
          '[ 4][t 0][2024-10-30 23:27:19.984000][transaction.cpp:1575]\tin_msg_state is null\n' +
          '[ 4][t 0][2024-10-30 23:27:19.984000][transaction.cpp:1645]\tcreating VM\n' +
          '[ 4][t 0][2024-10-30 23:27:19.984000][transaction.cpp:1351]\tSmartContractInfo initialized with [ 124711402 0 0 1732922839 39000000 39000000 17158678860825839941702393232993838109470607978381324670400578166443069604636 [ 76417698 (null) ] CS{Cell{026dc007ccf2780e0d3e1b0b68059b4084b04a68c874235745c6d0201d62f3d2218f13623c8c9bc3391606b80000000006acfc08e625a01340} bits: 1..268; refs: 0..0} C{A7EC01478F770EF8F8B037CC7E42F0ABF0D85A50E1828C2394DAD1411691F2DE} C{33BB148A451AD17F938AA7C476E48F2B79933715F13F1D58F9234A90730321A8} [ 67521600 (null) ] 1103902 (null) [ CS{Cell{004dd06600000000000000000000000080000000000000fa00000000000001f4000000000003d09040} bits: 9..305; refs: 0..0} (null) CS{Cell{0094d1000000000000006400000000000f4240de000000002710000000000000000f42400000000002160ec0000000000000271000000000002625a00000000005f5e100000000003b9aca00} bits: 0..592; refs: 0..0} CS{Cell{0094d100000000000000640000000000009c40de000000000190000000000000000f424000000000000f4240000000000000271000000000009896800000000005f5e100000000003b9aca00} bits: 0..592; refs: 0..0} CS{Cell{0042ea000000000098968000000000271000000000000f424000000001800055555555} bits: 0..264; refs: 0..0} CS{Cell{0042ea0000000000061a800000000001900000000000009c4000000001800055555555} bits: 0..264; refs: 0..0} (null) ] 0 (null) ]\n' +
          '[ 4][t 0][2024-10-30 23:27:19.984000][transaction.cpp:1675]\tstarting VM\n' +
          '[ 4][t 0][2024-10-30 23:27:19.984000][transaction.cpp:1680]\tVM terminated with exit code 0\n' +
          '[ 3][t 0][2024-10-30 23:27:19.984000][transaction.cpp:1702]\tsteps: 317 gas: used=10004, max=191044, limit=168804, credit=0\n' +
          '[ 3][t 0][2024-10-30 23:27:19.984000][transaction.cpp:1704]\tout_of_gas=false, accepted=true, success=true, time=0.000293s\n' +
          '[ 4][t 0][2024-10-30 23:27:19.984000][transaction.cpp:1737]\tgas fees: 4001600 = 26214400 * 10004 /2^16 ; price=26214400; flat rate=[40000 for 100]; remaining balance=72416098ng\n' +
          '[ 4][t 0][2024-10-30 23:27:19.984000][transaction.cpp:2448]\tstorage paid for a message: 1 cells, 620 bits\n' +
          '[ 4][t 0][2024-10-30 23:27:19.984000][transaction.cpp:2452]\tcomputed fwd fees = 688000 + 0\n',
        vmLogs: 'e implicit RET\n' +
          'execute OVER\n' +
          'execute ISNULL\n' +
          'execute NOT\n' +
          'execute PUSHCONT x7F01CA00CC\n' +
          'execute PUSHCONT x7032CA00\n' +
          'execute IFELSE\n' +
          'execute PUSHINT -1\n' +
          'execute SWAP\n' +
          'execute STI 1\n' +
          'execute STREF\n' +
          'execute implicit RET\n' +
          'execute ENDC\n' +
          'execute POP c4\n' +
          'execute implicit RET\n',
        debugLogs: '',
        events: [ [Object] ],
        parent: {
          address: 37254810366437813475271750514734067285117962570475561289538093995582013161784n,
          lt: 38000000n,
          prevTransactionHash: 74236104092443860021490477366064972596632322504643340678727217460716001093195n,
          prevTransactionLt: 36000000n,
          now: 1732922839,
          outMessagesCount: 4,
          oldStatus: 'active',
          endStatus: 'active',
          inMessage: [Object],
          outMessages: [Dictionary],
          totalFees: [Object],
          stateUpdate: [Object],
          description: [Object],
          raw: x{7525D79B589F1D73B879432CD1A596C0F9C42CF460467BBB795DA5A20C021C138000000000243D580A420255B0713B0A8AA3D0EB3E609485C80CC0415AC76C0C3F45A9370FE94E64B0000000002255100674A4DD700094803B6BE68}
           x{E_}
            x{680173A49878148A4F6041C04B952AC2638BD6A1025222AF84BFAF2C3BE5A07436D50014975E6D627C75CEE1E50CB346965B03E710B3D18119EEEDE57696883008704E10E51839CC0610D45E0000000004692682CE949BAE5B43D58B8000000000000000000000004_}
             x{02202FAF080202FAF08021DCD65001CC4B4021DCD65003391606BB397F7EBB391606BB3A526EB80000000800000004_}
              x{801028CD38D6A9FB165BB1D27554DCBBC8B7A064E07EF4C3832956828113614F545_}
            x{DB_}
             x{2_}
              x{2_}
               x{6800A4BAF36B13E3AE770F28659A34B2D81F38859E8C08CF776F2BB4B44180438271001F33C9E03834F86C2DA0166D0212C129A321D08D5D171B4080758BCF48863C4D90101931000609BBB0000000000487AB02CE949BAEC_}
                x{BC26F4C80000000000000000}
              x{2_}
               x{6800A4BAF36B13E3AE770F28659A34B2D81F38859E8C08CF776F2BB4B4418043827100384BA6D6A6B7DF2422C44C909493A07C03CA0A1FF860A7ED8531810050149DDF10101931000609BBB0000000000487AB04CE949BAEC_}
                x{BC26F4C80000000000000001}
             x{2_}
              x{2_}
               x{E00292EBCDAC4F8EB9DC3CA19668D2CB607CE2167A30233DDDBCAED2D106010E09C0000000000487AB06CE949BAEC_}
                x{8B6D3812000000000000000000000000801028CD38D6A9FB165BB1D27554DCBBC8B7A064E07EF4C3832956828113614F544877359401_}
              x{2_}
               x{4800A4BAF36B13E3AE770F28659A34B2D81F38859E8C08CF776F2BB4B44180438271002E74930F029149EC08380972A5584C717AD4204A4455F097F5E5877CB40E86DA90BCA3A88C0656E1D8000000000487AB08CE949BAFE_}
                x{34_}
                 x{FF00F4A413F4BCF2C80B}
                  x{62_}
                   x{D001D0D3030171B0A301FA400120D74981010BBAF2E08820D70B0A208104FFBAF2D0898309BAF2E088545053036F04F86102F862DB3C5512DB3CF2E082}
                    x{ED44D0D401F863D200018E2FD31FFA400120D74981010BBAF2E08820D70B0A208104FFBAF2D0898309BAF2E08801D2000191D4926D01E255206C13E0F828D70B0A8309BAF2E089810101D700FA400120D74981010BBAF2E08820D70B0A208104FFBAF2D0898309BAF2E0881202D101DB3C}
                     x{6D}
                    x{0192307FE07021D749C21F953020D70B1FDE208210AFE93535BA8F5130D31F018210AFE93535BAF2E081D33FFA400120D74981010BBAF2E08820D70B0A208104FFBAF2D0898309BAF2E08801D455206C1332820898968070FB024434DB3C30037083067055206D6D6DDB3C597FE0208210B8A3AA14BAE302}
                     x{F8425220C705F2E084}
                     x{C87101CA01500701CA007001CA02500520D74981010BBAF2E08820D70B0A208104FFBAF2D0898309BAF2E088CF165003FA027001CA68236EB3917F93246EB3E2973333017001CA00E30D216EB39C7F01CA0001206EF2D08001CC95317001CA00E2C901FB00}
                      x{7F01CA00C87001CA007001CA00246EB39D7F01CA0004206EF2D0805004CC9634037001CA00E2246EB39D7F01CA0004206EF2D0805004CC9634037001CA00E27001CA00027F01CA0002C958CC}
                     x{30D31F018210B8A3AA14BAF2E081D33FFA400120D74981010BBAF2E08820D70B0A208104FFBAF2D0898309BAF2E088126C12317020FB025520DB3C03708100A07055206D6D6DDB3C587F}
                      x{F8425220C705F2E084}
                      x{C87101CA01500701CA007001CA02500520D74981010BBAF2E08820D70B0A208104FFBAF2D0898309BAF2E088CF165003FA027001CA68236EB3917F93246EB3E2973333017001CA00E30D216EB39C7F01CA0001206EF2D08001CC95317001CA00E2C901FB00}
                       x{7F01CA00C87001CA007001CA00246EB39D7F01CA0004206EF2D0805004CC9634037001CA00E2246EB39D7F01CA0004206EF2D0805004CC9634037001CA00E27001CA00027F01CA0002C958CC}
                     x{8210E601F8E5BA8ECED31F018210E601F8E5BAF2E081D33F0131820898968070FB02F8416F2410235F037083067F25206EF2D080542580C855208210B687AB175004CB1F12CB3FCB1FCCC9103441301443306D6DDB3C7FE03070}
                      x{C87101CA01500701CA007001CA02500520D74981010BBAF2E08820D70B0A208104FFBAF2D0898309BAF2E088CF165003FA027001CA68236EB3917F93246EB3E2973333017001CA00E30D216EB39C7F01CA0001206EF2D08001CC95317001CA00E2C901FB00}
                       x{7F01CA00C87001CA007001CA00246EB39D7F01CA0004206EF2D0805004CC9634037001CA00E2246EB39D7F01CA0004206EF2D0805004CC9634037001CA00E27001CA00027F01CA0002C958CC}
                    x{C8F84301CC7F01CA0055205023CB1F0120D74981010BBAF2E08820D70B0A208104FFBAF2D0898309BAF2E088CF16216EB3957F01CA00CC947032CA00E2C9ED54}
                   x{2_}
                    x{BE28EED9E6D9E3618C_}
                     x{ED44D0D401F863D200018E2FD31FFA400120D74981010BBAF2E08820D70B0A208104FFBAF2D0898309BAF2E08801D2000191D4926D01E255206C13E0F828D70B0A8309BAF2E089810101D700FA400120D74981010BBAF2E08820D70B0A208104FFBAF2D0898309BAF2E0881202D101DB3C}
                      x{6D}
                     x{21}
                    x{2_}
                     x{4}
                      x{B1D8B6CF36CF1B0C6_}
                       x{ED44D0D401F863D200018E2FD31FFA400120D74981010BBAF2E08820D70B0A208104FFBAF2D0898309BAF2E08801D2000191D4926D01E255206C13E0F828D70B0A8309BAF2E089810101D700FA400120D74981010BBAF2E08820D70B0A208104FFBAF2D0898309BAF2E0881202D101DB3C}
                        x{6D}
                       x{20}
                      x{B36436CF36CF1B0C6_}
                       x{ED44D0D401F863D200018E2FD31FFA400120D74981010BBAF2E08820D70B0A208104FFBAF2D0898309BAF2E08801D2000191D4926D01E255206C13E0F828D70B0A8309BAF2E089810101D700FA400120D74981010BBAF2E08820D70B0A208104FFBAF2D0898309BAF2E0881202D101DB3C}
                        x{6D}
                       x{22}
                     x{B82BEED44D0D20001}
                 x{0000000000000000000000000000000000000000000000000000000000000000200292EBCDAC4F8EB9DC3CA19668D2CB607CE2167A30233DDDBCAED2D106010E09C4_}
                  x{C_}
                   x{A0838F_}
                    x{FF00F4A413F4BCF2C80B}
                     x{62_}
                      x{D001D0D3030171B0A301FA400120D74981010BBAF2E08820D70B0A208104FFBAF2D0898309BAF2E088545053036F04F86102F862DB3C5512DB3CF2E082}
                       x{ED44D0D401F863D200018E2FD31FFA400120D74981010BBAF2E08820D70B0A208104FFBAF2D0898309BAF2E08801D2000191D4926D01E255206C13E0F828D70B0A8309BAF2E089810101D700FA400120D74981010BBAF2E08820D70B0A208104FFBAF2D0898309BAF2E0881202D101DB3C}
                        x{6D}
                       x{0192307FE07021D749C21F953020D70B1FDE208210AFE93535BA8F5130D31F018210AFE93535BAF2E081D33FFA400120D74981010BBAF2E08820D70B0A208104FFBAF2D0898309BAF2E08801D455206C1332820898968070FB024434DB3C30037083067055206D6D6DDB3C597FE0208210B8A3AA14BAE302}
                        x{F8425220C705F2E084}
                        x{C87101CA01500701CA007001CA02500520D74981010BBAF2E08820D70B0A208104FFBAF2D0898309BAF2E088CF165003FA027001CA68236EB3917F93246EB3E2973333017001CA00E30D216EB39C7F01CA0001206EF2D08001CC95317001CA00E2C901FB00}
                         x{7F01CA00C87001CA007001CA00246EB39D7F01CA0004206EF2D0805004CC9634037001CA00E2246EB39D7F01CA0004206EF2D0805004CC9634037001CA00E27001CA00027F01CA0002C958CC}
                        x{30D31F018210B8A3AA14BAF2E081D33FFA400120D74981010BBAF2E08820D70B0A208104FFBAF2D0898309BAF2E088126C12317020FB025520DB3C03708100A07055206D6D6DDB3C587F}
                         x{F8425220C705F2E084}
                         x{C87101CA01500701CA007001CA02500520D74981010BBAF2E08820D70B0A208104FFBAF2D0898309BAF2E088CF165003FA027001CA68236EB3917F93246EB3E2973333017001CA00E30D216EB39C7F01CA0001206EF2D08001CC95317001CA00E2C901FB00}
                          x{7F01CA00C87001CA007001CA00246EB39D7F01CA0004206EF2D0805004CC9634037001CA00E2246EB39D7F01CA0004206EF2D0805004CC9634037001CA00E27001CA00027F01CA0002C958CC}
                        x{8210E601F8E5BA8ECED31F018210E601F8E5BAF2E081D33F0131820898968070FB02F8416F2410235F037083067F25206EF2D080542580C855208210B687AB175004CB1F12CB3FCB1FCCC9103441301443306D6DDB3C7FE03070}
                         x{C87101CA01500701CA007001CA02500520D74981010BBAF2E08820D70B0A208104FFBAF2D0898309BAF2E088CF165003FA027001CA68236EB3917F93246EB3E2973333017001CA00E30D216EB39C7F01CA0001206EF2D08001CC95317001CA00E2C901FB00}
                          x{7F01CA00C87001CA007001CA00246EB39D7F01CA0004206EF2D0805004CC9634037001CA00E2246EB39D7F01CA0004206EF2D0805004CC9634037001CA00E27001CA00027F01CA0002C958CC}
                       x{C8F84301CC7F01CA0055205023CB1F0120D74981010BBAF2E08820D70B0A208104FFBAF2D0898309BAF2E088CF16216EB3957F01CA00CC947032CA00E2C9ED54}
                      x{2_}
                       x{BE28EED9E6D9E3618C_}
                        x{ED44D0D401F863D200018E2FD31FFA400120D74981010BBAF2E08820D70B0A208104FFBAF2D0898309BAF2E08801D2000191D4926D01E255206C13E0F828D70B0A8309BAF2E089810101D700FA400120D74981010BBAF2E08820D70B0A208104FFBAF2D0898309BAF2E0881202D101DB3C}
                         x{6D}
                        x{21}
                       x{2_}
                        x{4}
                         x{B1D8B6CF36CF1B0C6_}
                          x{ED44D0D401F863D200018E2FD31FFA400120D74981010BBAF2E08820D70B0A208104FFBAF2D0898309BAF2E08801D2000191D4926D01E255206C13E0F828D70B0A8309BAF2E089810101D700FA400120D74981010BBAF2E08820D70B0A208104FFBAF2D0898309BAF2E0881202D101DB3C}
                           x{6D}
                          x{20}
                         x{B36436CF36CF1B0C6_}
                          x{ED44D0D401F863D200018E2FD31FFA400120D74981010BBAF2E08820D70B0A208104FFBAF2D0898309BAF2E08801D2000191D4926D01E255206C13E0F828D70B0A8309BAF2E089810101D700FA400120D74981010BBAF2E08820D70B0A208104FFBAF2D0898309BAF2E0881202D101DB3C}
                           x{6D}
                          x{22}
                        x{B82BEED44D0D20001}
                x{B8A3AA140000000000000000801D3E5E1B0970E52ABD4EA639AED542E118FE33D2F03FE072737A6B74A8FDC2C69_}
           x{72D2E05CEC71D2F1E4924614D9E565F73CEBB4A7C2A14A4BF538317D2EC7173696B147BF15109820EFD8168BE4EEDDD9FD059151BB2F4AAA2584DA793443424BA5}
           x{04090E51839CD88036EE1C11_}
            x{602327CC3D09000000000000000007C100000000000000000000000000000000000000000000000000000000000000000000000000000000000000000000000000000000000000000000000000000000}
            x{C9AC8D784C8FB95000000000000A0002000000086C667028F3CC35C5E1D1AEB75B20D68906AE33005305D31C6C00E378213282B048913B24_},
          hash: [Function: hash],
          blockchainLogs: '[ 4][t 0][2024-10-30 23:27:19.977000][transaction.cpp:443]\tunpacking account 525D79B589F1D73B879432CD1A596C0F9C42CF460467BBB795DA5A20C021C138\n' +
            '[ 4][t 0][2024-10-30 23:27:19.977000][transaction.cpp:274]\tlast_paid=1732922839; cells=232 bits=84034 public_cells=0\n' +
            '[ 4][t 0][2024-10-30 23:27:19.977000][transaction.cpp:504]\tend of Account.unpack() for 0:525D79B589F1D73B879432CD1A596C0F9C42CF460467BBB795DA5A20C021C138 (balance = 2100000000ng ; last_trans_lt = 36000000..36000002)\n' +
            '[ 4][t 0][2024-10-30 23:27:19.977000][transaction.cpp:3655]\tblock random seed set to 0000000000000000000000000000000000000000000000000000000000000000\n' +
            '[ 4][t 0][2024-10-30 23:27:19.977000][transaction.cpp:1236]\tgas limits: max=1000000, limit=1000000, credit=0\n' +
            '[ 4][t 0][2024-10-30 23:27:19.977000][transaction.cpp:1575]\tin_msg_state is null\n' +
            '[ 4][t 0][2024-10-30 23:27:19.977000][transaction.cpp:1645]\tcreating VM\n' +
            '[ 4][t 0][2024-10-30 23:27:19.977000][transaction.cpp:1351]\tSmartContractInfo initialized with [ 124711402 0 0 1732922839 38000000 38000000 14068792954309835536948273256715513127174070948738620016199408580766834334284 [ 3060892531 (null) ] CS{Cell{0271c00525d79b589f1d73b879432cd1a596c0f9c42cf460467bbb795da5a20c021c1383d0c05210833a526eb800000000089544091f4add401340} bits: 1..268; refs: 0..0} C{A7EC01478F770EF8F8B037CC7E42F0ABF0D85A50E1828C2394DAD1411691F2DE} C{42B6F0E46484EFC57B9508F6BA7EF42E7512023D5CB4ED5628DD1C7755D16E9D} [ 960892531 (null) ] 0 (null) [ CS{Cell{004dd06600000000000000000000000080000000000000fa00000000000001f4000000000003d09040} bits: 9..305; refs: 0..0} (null) CS{Cell{0094d1000000000000006400000000000f4240de000000002710000000000000000f42400000000002160ec0000000000000271000000000002625a00000000005f5e100000000003b9aca00} bits: 0..592; refs: 0..0} CS{Cell{0094d100000000000000640000000000009c40de000000000190000000000000000f424000000000000f4240000000000000271000000000009896800000000005f5e100000000003b9aca00} bits: 0..592; refs: 0..0} CS{Cell{0042ea000000000098968000000000271000000000000f424000000001800055555555} bits: 0..264; refs: 0..0} CS{Cell{0042ea0000000000061a800000000001900000000000009c4000000001800055555555} bits: 0..264; refs: 0..0} (null) ] 0 (null) ]\n' +
            '[ 4][t 0][2024-10-30 23:27:19.977000][transaction.cpp:1675]\tstarting VM\n' +
            '[ 4][t 0][2024-10-30 23:27:19.978000][transaction.cpp:1680]\tVM terminated with exit code 0\n' +
            '[ 3][t 0][2024-10-30 23:27:19.979000][transaction.cpp:1702]\tsteps: 1985 gas: used=71998, max=1000000, limit=1000000, credit=0\n' +
            '[ 3][t 0][2024-10-30 23:27:19.979000][transaction.cpp:1704]\tout_of_gas=false, accepted=true, success=true, time=0.001643s\n' +
            '[ 4][t 0][2024-10-30 23:27:19.979000][transaction.cpp:1737]\tgas fees: 28799200 = 26214400 * 71998 /2^16 ; price=26214400; flat rate=[40000 for 100]; remaining balance=3032093331ng\n' +
            '[ 3][t 0][2024-10-30 23:27:19.979000][transaction.cpp:2678]\tin try_action_reserve_currency(0)\n' +
            '[ 4][t 0][2024-10-30 23:27:19.979000][transaction.cpp:2684]\taction_reserve_currency: mode=0, reserve=2100000000ng, balance=3032093331ng, original balance=2100000000ng\n' +
            '[ 3][t 0][2024-10-30 23:27:19.979000][transaction.cpp:2729]\tchanged remaining balance to 932093331ng, reserved balance to 2100000000ng\n' +
            '[ 4][t 0][2024-10-30 23:27:19.979000][transaction.cpp:2448]\tstorage paid for a message: 1 cells, 96 bits\n' +
            '[ 4][t 0][2024-10-30 23:27:19.979000][transaction.cpp:2452]\tcomputed fwd fees = 478400 + 0\n' +
            '[ 4][t 0][2024-10-30 23:27:19.979000][transaction.cpp:2448]\tstorage paid for a message: 1 cells, 96 bits\n' +
            '[ 4][t 0][2024-10-30 23:27:19.979000][transaction.cpp:2452]\tcomputed fwd fees = 478400 + 0\n' +
            '[ 4][t 0][2024-10-30 23:27:19.979000][transaction.cpp:2448]\tstorage paid for a message: 1 cells, 431 bits\n' +
            '[ 4][t 0][2024-10-30 23:27:19.979000][transaction.cpp:2452]\tcomputed fwd fees = 612400 + 0\n' +
            '[ 4][t 0][2024-10-30 23:27:19.979000][transaction.cpp:2448]\tstorage paid for a message: 27 cells, 6976 bits\n' +
            '[ 4][t 0][2024-10-30 23:27:19.979000][transaction.cpp:2452]\tcomputed fwd fees = 4270400 + 0\n',
          vmLogs: 'xecute EQUAL\n' +
            'execute THROWIF 137\n' +
            'execute PUSHPOW2 10\n' +
            'execute EQUAL\n' +
            'execute THROWIFNOT 136\n' +
            'execute STSLICER\n' +
            'execute ENDC\n' +
            'execute ROT\n' +
            'execute STREF\n' +
            'execute ENDC\n' +
            'execute SWAP\n' +
            'execute STREF\n' +
            'execute implicit RET\n' +
            'execute ENDC\n' +
            'execute POP c4\n' +
            'execute implicit RET\n',
          debugLogs: '',
          events: [Array],
          parent: [Object],
          children: [Array],
          externals: [Array]
        },
        children: [ [Object] ],
        externals: []
      },
      {
        address: 101852738109603725607761920797369865272772728943991090530178890834824226043772n,
        lt: 40000000n,
        prevTransactionHash: 4682091288296202738053170890718539877427384883363927100988792108788933860175n,
        prevTransactionLt: 27000000n,
        now: 1732922839,
        outMessagesCount: 1,
        oldStatus: 'active',
        endStatus: 'active',
        inMessage: { info: [Object], init: null, body: x{BC26F4C80000000000000001} },
        outMessages: Dictionary { _key: [Object], _value: [Object], _map: [Map] },
        totalFees: { coins: 5334831n },
        stateUpdate: {
          oldHash: <Buffer 95 29 6a 75 ba e8 81 93 3b 01 08 6e d3 0e df 76 0b d8 a3 52 89 79 06 17 af a4 82 6c 6a be 16 bc>,
          newHash: <Buffer 6b be aa c0 d2 16 5a 74 17 58 71 b0 9f ad a2 41 c5 48 dd 32 bd ca 47 64 e5 2b 71 ab 4f 53 47 8d>
        },
        description: {
          type: 'generic',
          creditFirst: false,
          storagePhase: [Object],
          creditPhase: [Object],
          computePhase: [Object],
          actionPhase: [Object],
          bouncePhase: undefined,
          aborted: false,
          destroyed: false
        },
        raw: x{7E12E9B5A9ADF7C908B113242524E81F00F28287FE1829FB614C604014052777C0000000002625A000A59F8420BD92E80A3DA267AC92043131179E8D0BD64EF5B5653A665DF4E1B4F00000000019BFCC0674A4DD7000346A2CE5E}
         x{E_}
          x{6800A4BAF36B13E3AE770F28659A34B2D81F38859E8C08CF776F2BB4B4418043827100384BA6D6A6B7DF2422C44C909493A07C03CA0A1FF860A7ED8531810050149DDF10101931000609BBB0000000000487AB04CE949BAE5E137A640000000000000000C_}
          x{DF_}
           x{6801C25D36B535BEF92116226484A49D03E01E5050FFC3053F6C298C080280A4EEF90014975E6D627C75CEE1E50CB346965B03E710B3D18119EEEDE57696883008704E101119EF88060DFF5E0000000004C4B402CE949BAEC_}
            x{2A004A0500000000000000010000000000000000000000000000000000000000000000000000000000000000400B75A3E1A6460F415CE3721F308920C4B456F3B977F39EB26CED9155308A976CC}
         x{7295296A75BAE881933B01086ED30EDF760BD8A35289790617AFA4826C6ABE16BC6BBEAAC0D2165A74175871B09FADA241C548DD32BDCA4764E52B71AB4F53478D}
         x{04C4360789010193101867A1E811_}
          x{44E28C0A4D9000000000000000013D00000000000000000000000000000000000000000000000000000000000000000000000000000000000000000000000000000000000000000000000000000000}
          x{C9853FC04C0DFF44000000000002000000000003FFB2652E35979066CAC0633284C4E8042DB1FCB29F76FDFE1F06536CEE4DA4744090296C_},
        hash: [Function: hash],
        blockchainLogs: '[ 4][t 0][2024-10-30 23:27:19.986000][transaction.cpp:443]\tunpacking account E12E9B5A9ADF7C908B113242524E81F00F28287FE1829FB614C604014052777C\n' +
          '[ 4][t 0][2024-10-30 23:27:19.986000][transaction.cpp:274]\tlast_paid=1730330839; cells=30 bits=12911 public_cells=0\n' +
          '[ 4][t 0][2024-10-30 23:27:19.986000][transaction.cpp:504]\tend of Account.unpack() for 0:E12E9B5A9ADF7C908B113242524E81F00F28287FE1829FB614C604014052777C (balance = 10000000ng ; last_trans_lt = 27000000..27000002)\n' +
          '[ 4][t 0][2024-10-30 23:27:19.986000][transaction.cpp:3655]\tblock random seed set to 0000000000000000000000000000000000000000000000000000000000000000\n' +
          '[ 4][t 0][2024-10-30 23:27:19.986000][transaction.cpp:1236]\tgas limits: max=191044, limit=168804, credit=0\n' +
          '[ 4][t 0][2024-10-30 23:27:19.986000][transaction.cpp:1575]\tin_msg_state is null\n' +
          '[ 4][t 0][2024-10-30 23:27:19.986000][transaction.cpp:1645]\tcreating VM\n' +
          '[ 4][t 0][2024-10-30 23:27:19.986000][transaction.cpp:1351]\tSmartContractInfo initialized with [ 124711402 0 0 1732922839 40000000 40000000 43870772645377937883531240781324653013999287705787709612543318804107744319189 [ 76417698 (null) ] CS{Cell{026dc00e12e9b5a9adf7c908b113242524e81f00f28287fe1829fb614c604014052777c23c8c9bc3391606b800000000066ff308e625a01340} bits: 1..268; refs: 0..0} C{A7EC01478F770EF8F8B037CC7E42F0ABF0D85A50E1828C2394DAD1411691F2DE} C{33BB148A451AD17F938AA7C476E48F2B79933715F13F1D58F9234A90730321A8} [ 67521600 (null) ] 1103902 (null) [ CS{Cell{004dd06600000000000000000000000080000000000000fa00000000000001f4000000000003d09040} bits: 9..305; refs: 0..0} (null) CS{Cell{0094d1000000000000006400000000000f4240de000000002710000000000000000f42400000000002160ec0000000000000271000000000002625a00000000005f5e100000000003b9aca00} bits: 0..592; refs: 0..0} CS{Cell{0094d100000000000000640000000000009c40de000000000190000000000000000f424000000000000f4240000000000000271000000000009896800000000005f5e100000000003b9aca00} bits: 0..592; refs: 0..0} CS{Cell{0042ea000000000098968000000000271000000000000f424000000001800055555555} bits: 0..264; refs: 0..0} CS{Cell{0042ea0000000000061a800000000001900000000000009c4000000001800055555555} bits: 0..264; refs: 0..0} (null) ] 0 (null) ]\n' +
          '[ 4][t 0][2024-10-30 23:27:19.986000][transaction.cpp:1675]\tstarting VM\n' +
          '[ 4][t 0][2024-10-30 23:27:19.987000][transaction.cpp:1680]\tVM terminated with exit code 0\n' +
          '[ 3][t 0][2024-10-30 23:27:19.987000][transaction.cpp:1702]\tsteps: 317 gas: used=10004, max=191044, limit=168804, credit=0\n' +
          '[ 3][t 0][2024-10-30 23:27:19.987000][transaction.cpp:1704]\tout_of_gas=false, accepted=true, success=true, time=0.000468s\n' +
          '[ 4][t 0][2024-10-30 23:27:19.987000][transaction.cpp:1737]\tgas fees: 4001600 = 26214400 * 10004 /2^16 ; price=26214400; flat rate=[40000 for 100]; remaining balance=72416098ng\n' +
          '[ 4][t 0][2024-10-30 23:27:19.987000][transaction.cpp:2448]\tstorage paid for a message: 1 cells, 620 bits\n' +
          '[ 4][t 0][2024-10-30 23:27:19.987000][transaction.cpp:2452]\tcomputed fwd fees = 688000 + 0\n',
        vmLogs: 'e implicit RET\n' +
          'execute OVER\n' +
          'execute ISNULL\n' +
          'execute NOT\n' +
          'execute PUSHCONT x7F01CA00CC\n' +
          'execute PUSHCONT x7032CA00\n' +
          'execute IFELSE\n' +
          'execute PUSHINT -1\n' +
          'execute SWAP\n' +
          'execute STI 1\n' +
          'execute STREF\n' +
          'execute implicit RET\n' +
          'execute ENDC\n' +
          'execute POP c4\n' +
          'execute implicit RET\n',
        debugLogs: '',
        events: [ [Object] ],
        parent: {
          address: 37254810366437813475271750514734067285117962570475561289538093995582013161784n,
          lt: 38000000n,
          prevTransactionHash: 74236104092443860021490477366064972596632322504643340678727217460716001093195n,
          prevTransactionLt: 36000000n,
          now: 1732922839,
          outMessagesCount: 4,
          oldStatus: 'active',
          endStatus: 'active',
          inMessage: [Object],
          outMessages: [Dictionary],
          totalFees: [Object],
          stateUpdate: [Object],
          description: [Object],
          raw: x{7525D79B589F1D73B879432CD1A596C0F9C42CF460467BBB795DA5A20C021C138000000000243D580A420255B0713B0A8AA3D0EB3E609485C80CC0415AC76C0C3F45A9370FE94E64B0000000002255100674A4DD700094803B6BE68}
           x{E_}
            x{680173A49878148A4F6041C04B952AC2638BD6A1025222AF84BFAF2C3BE5A07436D50014975E6D627C75CEE1E50CB346965B03E710B3D18119EEEDE57696883008704E10E51839CC0610D45E0000000004692682CE949BAE5B43D58B8000000000000000000000004_}
             x{02202FAF080202FAF08021DCD65001CC4B4021DCD65003391606BB397F7EBB391606BB3A526EB80000000800000004_}
              x{801028CD38D6A9FB165BB1D27554DCBBC8B7A064E07EF4C3832956828113614F545_}
            x{DB_}
             x{2_}
              x{2_}
               x{6800A4BAF36B13E3AE770F28659A34B2D81F38859E8C08CF776F2BB4B44180438271001F33C9E03834F86C2DA0166D0212C129A321D08D5D171B4080758BCF48863C4D90101931000609BBB0000000000487AB02CE949BAEC_}
                x{BC26F4C80000000000000000}
              x{2_}
               x{6800A4BAF36B13E3AE770F28659A34B2D81F38859E8C08CF776F2BB4B4418043827100384BA6D6A6B7DF2422C44C909493A07C03CA0A1FF860A7ED8531810050149DDF10101931000609BBB0000000000487AB04CE949BAEC_}
                x{BC26F4C80000000000000001}
             x{2_}
              x{2_}
               x{E00292EBCDAC4F8EB9DC3CA19668D2CB607CE2167A30233DDDBCAED2D106010E09C0000000000487AB06CE949BAEC_}
                x{8B6D3812000000000000000000000000801028CD38D6A9FB165BB1D27554DCBBC8B7A064E07EF4C3832956828113614F544877359401_}
              x{2_}
               x{4800A4BAF36B13E3AE770F28659A34B2D81F38859E8C08CF776F2BB4B44180438271002E74930F029149EC08380972A5584C717AD4204A4455F097F5E5877CB40E86DA90BCA3A88C0656E1D8000000000487AB08CE949BAFE_}
                x{34_}
                 x{FF00F4A413F4BCF2C80B}
                  x{62_}
                   x{D001D0D3030171B0A301FA400120D74981010BBAF2E08820D70B0A208104FFBAF2D0898309BAF2E088545053036F04F86102F862DB3C5512DB3CF2E082}
                    x{ED44D0D401F863D200018E2FD31FFA400120D74981010BBAF2E08820D70B0A208104FFBAF2D0898309BAF2E08801D2000191D4926D01E255206C13E0F828D70B0A8309BAF2E089810101D700FA400120D74981010BBAF2E08820D70B0A208104FFBAF2D0898309BAF2E0881202D101DB3C}
                     x{6D}
                    x{0192307FE07021D749C21F953020D70B1FDE208210AFE93535BA8F5130D31F018210AFE93535BAF2E081D33FFA400120D74981010BBAF2E08820D70B0A208104FFBAF2D0898309BAF2E08801D455206C1332820898968070FB024434DB3C30037083067055206D6D6DDB3C597FE0208210B8A3AA14BAE302}
                     x{F8425220C705F2E084}
                     x{C87101CA01500701CA007001CA02500520D74981010BBAF2E08820D70B0A208104FFBAF2D0898309BAF2E088CF165003FA027001CA68236EB3917F93246EB3E2973333017001CA00E30D216EB39C7F01CA0001206EF2D08001CC95317001CA00E2C901FB00}
                      x{7F01CA00C87001CA007001CA00246EB39D7F01CA0004206EF2D0805004CC9634037001CA00E2246EB39D7F01CA0004206EF2D0805004CC9634037001CA00E27001CA00027F01CA0002C958CC}
                     x{30D31F018210B8A3AA14BAF2E081D33FFA400120D74981010BBAF2E08820D70B0A208104FFBAF2D0898309BAF2E088126C12317020FB025520DB3C03708100A07055206D6D6DDB3C587F}
                      x{F8425220C705F2E084}
                      x{C87101CA01500701CA007001CA02500520D74981010BBAF2E08820D70B0A208104FFBAF2D0898309BAF2E088CF165003FA027001CA68236EB3917F93246EB3E2973333017001CA00E30D216EB39C7F01CA0001206EF2D08001CC95317001CA00E2C901FB00}
                       x{7F01CA00C87001CA007001CA00246EB39D7F01CA0004206EF2D0805004CC9634037001CA00E2246EB39D7F01CA0004206EF2D0805004CC9634037001CA00E27001CA00027F01CA0002C958CC}
                     x{8210E601F8E5BA8ECED31F018210E601F8E5BAF2E081D33F0131820898968070FB02F8416F2410235F037083067F25206EF2D080542580C855208210B687AB175004CB1F12CB3FCB1FCCC9103441301443306D6DDB3C7FE03070}
                      x{C87101CA01500701CA007001CA02500520D74981010BBAF2E08820D70B0A208104FFBAF2D0898309BAF2E088CF165003FA027001CA68236EB3917F93246EB3E2973333017001CA00E30D216EB39C7F01CA0001206EF2D08001CC95317001CA00E2C901FB00}
                       x{7F01CA00C87001CA007001CA00246EB39D7F01CA0004206EF2D0805004CC9634037001CA00E2246EB39D7F01CA0004206EF2D0805004CC9634037001CA00E27001CA00027F01CA0002C958CC}
                    x{C8F84301CC7F01CA0055205023CB1F0120D74981010BBAF2E08820D70B0A208104FFBAF2D0898309BAF2E088CF16216EB3957F01CA00CC947032CA00E2C9ED54}
                   x{2_}
                    x{BE28EED9E6D9E3618C_}
                     x{ED44D0D401F863D200018E2FD31FFA400120D74981010BBAF2E08820D70B0A208104FFBAF2D0898309BAF2E08801D2000191D4926D01E255206C13E0F828D70B0A8309BAF2E089810101D700FA400120D74981010BBAF2E08820D70B0A208104FFBAF2D0898309BAF2E0881202D101DB3C}
                      x{6D}
                     x{21}
                    x{2_}
                     x{4}
                      x{B1D8B6CF36CF1B0C6_}
                       x{ED44D0D401F863D200018E2FD31FFA400120D74981010BBAF2E08820D70B0A208104FFBAF2D0898309BAF2E08801D2000191D4926D01E255206C13E0F828D70B0A8309BAF2E089810101D700FA400120D74981010BBAF2E08820D70B0A208104FFBAF2D0898309BAF2E0881202D101DB3C}
                        x{6D}
                       x{20}
                      x{B36436CF36CF1B0C6_}
                       x{ED44D0D401F863D200018E2FD31FFA400120D74981010BBAF2E08820D70B0A208104FFBAF2D0898309BAF2E08801D2000191D4926D01E255206C13E0F828D70B0A8309BAF2E089810101D700FA400120D74981010BBAF2E08820D70B0A208104FFBAF2D0898309BAF2E0881202D101DB3C}
                        x{6D}
                       x{22}
                     x{B82BEED44D0D20001}
                 x{0000000000000000000000000000000000000000000000000000000000000000200292EBCDAC4F8EB9DC3CA19668D2CB607CE2167A30233DDDBCAED2D106010E09C4_}
                  x{C_}
                   x{A0838F_}
                    x{FF00F4A413F4BCF2C80B}
                     x{62_}
                      x{D001D0D3030171B0A301FA400120D74981010BBAF2E08820D70B0A208104FFBAF2D0898309BAF2E088545053036F04F86102F862DB3C5512DB3CF2E082}
                       x{ED44D0D401F863D200018E2FD31FFA400120D74981010BBAF2E08820D70B0A208104FFBAF2D0898309BAF2E08801D2000191D4926D01E255206C13E0F828D70B0A8309BAF2E089810101D700FA400120D74981010BBAF2E08820D70B0A208104FFBAF2D0898309BAF2E0881202D101DB3C}
                        x{6D}
                       x{0192307FE07021D749C21F953020D70B1FDE208210AFE93535BA8F5130D31F018210AFE93535BAF2E081D33FFA400120D74981010BBAF2E08820D70B0A208104FFBAF2D0898309BAF2E08801D455206C1332820898968070FB024434DB3C30037083067055206D6D6DDB3C597FE0208210B8A3AA14BAE302}
                        x{F8425220C705F2E084}
                        x{C87101CA01500701CA007001CA02500520D74981010BBAF2E08820D70B0A208104FFBAF2D0898309BAF2E088CF165003FA027001CA68236EB3917F93246EB3E2973333017001CA00E30D216EB39C7F01CA0001206EF2D08001CC95317001CA00E2C901FB00}
                         x{7F01CA00C87001CA007001CA00246EB39D7F01CA0004206EF2D0805004CC9634037001CA00E2246EB39D7F01CA0004206EF2D0805004CC9634037001CA00E27001CA00027F01CA0002C958CC}
                        x{30D31F018210B8A3AA14BAF2E081D33FFA400120D74981010BBAF2E08820D70B0A208104FFBAF2D0898309BAF2E088126C12317020FB025520DB3C03708100A07055206D6D6DDB3C587F}
                         x{F8425220C705F2E084}
                         x{C87101CA01500701CA007001CA02500520D74981010BBAF2E08820D70B0A208104FFBAF2D0898309BAF2E088CF165003FA027001CA68236EB3917F93246EB3E2973333017001CA00E30D216EB39C7F01CA0001206EF2D08001CC95317001CA00E2C901FB00}
                          x{7F01CA00C87001CA007001CA00246EB39D7F01CA0004206EF2D0805004CC9634037001CA00E2246EB39D7F01CA0004206EF2D0805004CC9634037001CA00E27001CA00027F01CA0002C958CC}
                        x{8210E601F8E5BA8ECED31F018210E601F8E5BAF2E081D33F0131820898968070FB02F8416F2410235F037083067F25206EF2D080542580C855208210B687AB175004CB1F12CB3FCB1FCCC9103441301443306D6DDB3C7FE03070}
                         x{C87101CA01500701CA007001CA02500520D74981010BBAF2E08820D70B0A208104FFBAF2D0898309BAF2E088CF165003FA027001CA68236EB3917F93246EB3E2973333017001CA00E30D216EB39C7F01CA0001206EF2D08001CC95317001CA00E2C901FB00}
                          x{7F01CA00C87001CA007001CA00246EB39D7F01CA0004206EF2D0805004CC9634037001CA00E2246EB39D7F01CA0004206EF2D0805004CC9634037001CA00E27001CA00027F01CA0002C958CC}
                       x{C8F84301CC7F01CA0055205023CB1F0120D74981010BBAF2E08820D70B0A208104FFBAF2D0898309BAF2E088CF16216EB3957F01CA00CC947032CA00E2C9ED54}
                      x{2_}
                       x{BE28EED9E6D9E3618C_}
                        x{ED44D0D401F863D200018E2FD31FFA400120D74981010BBAF2E08820D70B0A208104FFBAF2D0898309BAF2E08801D2000191D4926D01E255206C13E0F828D70B0A8309BAF2E089810101D700FA400120D74981010BBAF2E08820D70B0A208104FFBAF2D0898309BAF2E0881202D101DB3C}
                         x{6D}
                        x{21}
                       x{2_}
                        x{4}
                         x{B1D8B6CF36CF1B0C6_}
                          x{ED44D0D401F863D200018E2FD31FFA400120D74981010BBAF2E08820D70B0A208104FFBAF2D0898309BAF2E08801D2000191D4926D01E255206C13E0F828D70B0A8309BAF2E089810101D700FA400120D74981010BBAF2E08820D70B0A208104FFBAF2D0898309BAF2E0881202D101DB3C}
                           x{6D}
                          x{20}
                         x{B36436CF36CF1B0C6_}
                          x{ED44D0D401F863D200018E2FD31FFA400120D74981010BBAF2E08820D70B0A208104FFBAF2D0898309BAF2E08801D2000191D4926D01E255206C13E0F828D70B0A8309BAF2E089810101D700FA400120D74981010BBAF2E08820D70B0A208104FFBAF2D0898309BAF2E0881202D101DB3C}
                           x{6D}
                          x{22}
                        x{B82BEED44D0D20001}
                x{B8A3AA140000000000000000801D3E5E1B0970E52ABD4EA639AED542E118FE33D2F03FE072737A6B74A8FDC2C69_}
           x{72D2E05CEC71D2F1E4924614D9E565F73CEBB4A7C2A14A4BF538317D2EC7173696B147BF15109820EFD8168BE4EEDDD9FD059151BB2F4AAA2584DA793443424BA5}
           x{04090E51839CD88036EE1C11_}
            x{602327CC3D09000000000000000007C100000000000000000000000000000000000000000000000000000000000000000000000000000000000000000000000000000000000000000000000000000000}
            x{C9AC8D784C8FB95000000000000A0002000000086C667028F3CC35C5E1D1AEB75B20D68906AE33005305D31C6C00E378213282B048913B24_},
          hash: [Function: hash],
          blockchainLogs: '[ 4][t 0][2024-10-30 23:27:19.977000][transaction.cpp:443]\tunpacking account 525D79B589F1D73B879432CD1A596C0F9C42CF460467BBB795DA5A20C021C138\n' +
            '[ 4][t 0][2024-10-30 23:27:19.977000][transaction.cpp:274]\tlast_paid=1732922839; cells=232 bits=84034 public_cells=0\n' +
            '[ 4][t 0][2024-10-30 23:27:19.977000][transaction.cpp:504]\tend of Account.unpack() for 0:525D79B589F1D73B879432CD1A596C0F9C42CF460467BBB795DA5A20C021C138 (balance = 2100000000ng ; last_trans_lt = 36000000..36000002)\n' +
            '[ 4][t 0][2024-10-30 23:27:19.977000][transaction.cpp:3655]\tblock random seed set to 0000000000000000000000000000000000000000000000000000000000000000\n' +
            '[ 4][t 0][2024-10-30 23:27:19.977000][transaction.cpp:1236]\tgas limits: max=1000000, limit=1000000, credit=0\n' +
            '[ 4][t 0][2024-10-30 23:27:19.977000][transaction.cpp:1575]\tin_msg_state is null\n' +
            '[ 4][t 0][2024-10-30 23:27:19.977000][transaction.cpp:1645]\tcreating VM\n' +
            '[ 4][t 0][2024-10-30 23:27:19.977000][transaction.cpp:1351]\tSmartContractInfo initialized with [ 124711402 0 0 1732922839 38000000 38000000 14068792954309835536948273256715513127174070948738620016199408580766834334284 [ 3060892531 (null) ] CS{Cell{0271c00525d79b589f1d73b879432cd1a596c0f9c42cf460467bbb795da5a20c021c1383d0c05210833a526eb800000000089544091f4add401340} bits: 1..268; refs: 0..0} C{A7EC01478F770EF8F8B037CC7E42F0ABF0D85A50E1828C2394DAD1411691F2DE} C{42B6F0E46484EFC57B9508F6BA7EF42E7512023D5CB4ED5628DD1C7755D16E9D} [ 960892531 (null) ] 0 (null) [ CS{Cell{004dd06600000000000000000000000080000000000000fa00000000000001f4000000000003d09040} bits: 9..305; refs: 0..0} (null) CS{Cell{0094d1000000000000006400000000000f4240de000000002710000000000000000f42400000000002160ec0000000000000271000000000002625a00000000005f5e100000000003b9aca00} bits: 0..592; refs: 0..0} CS{Cell{0094d100000000000000640000000000009c40de000000000190000000000000000f424000000000000f4240000000000000271000000000009896800000000005f5e100000000003b9aca00} bits: 0..592; refs: 0..0} CS{Cell{0042ea000000000098968000000000271000000000000f424000000001800055555555} bits: 0..264; refs: 0..0} CS{Cell{0042ea0000000000061a800000000001900000000000009c4000000001800055555555} bits: 0..264; refs: 0..0} (null) ] 0 (null) ]\n' +
            '[ 4][t 0][2024-10-30 23:27:19.977000][transaction.cpp:1675]\tstarting VM\n' +
            '[ 4][t 0][2024-10-30 23:27:19.978000][transaction.cpp:1680]\tVM terminated with exit code 0\n' +
            '[ 3][t 0][2024-10-30 23:27:19.979000][transaction.cpp:1702]\tsteps: 1985 gas: used=71998, max=1000000, limit=1000000, credit=0\n' +
            '[ 3][t 0][2024-10-30 23:27:19.979000][transaction.cpp:1704]\tout_of_gas=false, accepted=true, success=true, time=0.001643s\n' +
            '[ 4][t 0][2024-10-30 23:27:19.979000][transaction.cpp:1737]\tgas fees: 28799200 = 26214400 * 71998 /2^16 ; price=26214400; flat rate=[40000 for 100]; remaining balance=3032093331ng\n' +
            '[ 3][t 0][2024-10-30 23:27:19.979000][transaction.cpp:2678]\tin try_action_reserve_currency(0)\n' +
            '[ 4][t 0][2024-10-30 23:27:19.979000][transaction.cpp:2684]\taction_reserve_currency: mode=0, reserve=2100000000ng, balance=3032093331ng, original balance=2100000000ng\n' +
            '[ 3][t 0][2024-10-30 23:27:19.979000][transaction.cpp:2729]\tchanged remaining balance to 932093331ng, reserved balance to 2100000000ng\n' +
            '[ 4][t 0][2024-10-30 23:27:19.979000][transaction.cpp:2448]\tstorage paid for a message: 1 cells, 96 bits\n' +
            '[ 4][t 0][2024-10-30 23:27:19.979000][transaction.cpp:2452]\tcomputed fwd fees = 478400 + 0\n' +
            '[ 4][t 0][2024-10-30 23:27:19.979000][transaction.cpp:2448]\tstorage paid for a message: 1 cells, 96 bits\n' +
            '[ 4][t 0][2024-10-30 23:27:19.979000][transaction.cpp:2452]\tcomputed fwd fees = 478400 + 0\n' +
            '[ 4][t 0][2024-10-30 23:27:19.979000][transaction.cpp:2448]\tstorage paid for a message: 1 cells, 431 bits\n' +
            '[ 4][t 0][2024-10-30 23:27:19.979000][transaction.cpp:2452]\tcomputed fwd fees = 612400 + 0\n' +
            '[ 4][t 0][2024-10-30 23:27:19.979000][transaction.cpp:2448]\tstorage paid for a message: 27 cells, 6976 bits\n' +
            '[ 4][t 0][2024-10-30 23:27:19.979000][transaction.cpp:2452]\tcomputed fwd fees = 4270400 + 0\n',
          vmLogs: 'xecute EQUAL\n' +
            'execute THROWIF 137\n' +
            'execute PUSHPOW2 10\n' +
            'execute EQUAL\n' +
            'execute THROWIFNOT 136\n' +
            'execute STSLICER\n' +
            'execute ENDC\n' +
            'execute ROT\n' +
            'execute STREF\n' +
            'execute ENDC\n' +
            'execute SWAP\n' +
            'execute STREF\n' +
            'execute implicit RET\n' +
            'execute ENDC\n' +
            'execute POP c4\n' +
            'execute implicit RET\n',
          debugLogs: '',
          events: [Array],
          parent: [Object],
          children: [Array],
          externals: [Array]
        },
        children: [ [Object] ],
        externals: []
      },
      {
        address: 84049441022908470316622795825605090351520748406577698494615284512509455375210n,
        lt: 41000000n,
        prevTransactionHash: 50003257720310831509104384366310614157247818439259972292818793714220457436569n,
        prevTransactionLt: 37000000n,
        now: 1732922839,
        outMessagesCount: 1,
        oldStatus: 'active',
        endStatus: 'non-existing',
        inMessage: {
          info: [Object],
          init: [Object],
          body: x{B8A3AA140000000000000000801D3E5E1B0970E52ABD4EA639AED542E118FE33D2F03FE072737A6B74A8FDC2C69_}
        },
        outMessages: Dictionary { _key: [Object], _value: [Object], _map: [Map] },
        totalFees: { coins: 3532131n },
        stateUpdate: {
          oldHash: <Buffer fc 50 2e 36 e9 b4 1d 00 34 aa 56 13 be 78 b1 e8 6a 5c c3 66 c1 04 00 6c 08 a5 7e 26 f8 3e fb 1d>,
          newHash: <Buffer 90 ae c8 96 5a fa bb 16 eb c3 cb 9b 40 8e ba e7 1b 61 8d 78 78 8b c8 0d 09 84 35 93 ca c9 8d a4>
        },
        description: {
          type: 'generic',
          creditFirst: true,
          storagePhase: [Object],
          creditPhase: [Object],
          computePhase: [Object],
          actionPhase: [Object],
          bouncePhase: undefined,
          aborted: false,
          destroyed: true
        },
        raw: x{7B9D24C3C0A4527B020E025CA956131C5EB5081291157C25FD7961DF2D03A1B6A0000000002719C406E8CD746E7E5EED6ACEF13DBC094B811D36784F36C24E4126D23AA156392A5990000000002349340674A4DD70003666BCAC6}
         x{E_}
          x{4800A4BAF36B13E3AE770F28659A34B2D81F38859E8C08CF776F2BB4B44180438271002E74930F029149EC08380972A5584C717AD4204A4455F097F5E5877CB40E86DA90BCA3A88C0656E1D8000000000487AB08CE949BAFE_}
           x{34_}
            x{FF00F4A413F4BCF2C80B}
             x{62_}
              x{D001D0D3030171B0A301FA400120D74981010BBAF2E08820D70B0A208104FFBAF2D0898309BAF2E088545053036F04F86102F862DB3C5512DB3CF2E082}
               x{ED44D0D401F863D200018E2FD31FFA400120D74981010BBAF2E08820D70B0A208104FFBAF2D0898309BAF2E08801D2000191D4926D01E255206C13E0F828D70B0A8309BAF2E089810101D700FA400120D74981010BBAF2E08820D70B0A208104FFBAF2D0898309BAF2E0881202D101DB3C}
                x{6D}
               x{0192307FE07021D749C21F953020D70B1FDE208210AFE93535BA8F5130D31F018210AFE93535BAF2E081D33FFA400120D74981010BBAF2E08820D70B0A208104FFBAF2D0898309BAF2E08801D455206C1332820898968070FB024434DB3C30037083067055206D6D6DDB3C597FE0208210B8A3AA14BAE302}
                x{F8425220C705F2E084}
                x{C87101CA01500701CA007001CA02500520D74981010BBAF2E08820D70B0A208104FFBAF2D0898309BAF2E088CF165003FA027001CA68236EB3917F93246EB3E2973333017001CA00E30D216EB39C7F01CA0001206EF2D08001CC95317001CA00E2C901FB00}
                 x{7F01CA00C87001CA007001CA00246EB39D7F01CA0004206EF2D0805004CC9634037001CA00E2246EB39D7F01CA0004206EF2D0805004CC9634037001CA00E27001CA00027F01CA0002C958CC}
                x{30D31F018210B8A3AA14BAF2E081D33FFA400120D74981010BBAF2E08820D70B0A208104FFBAF2D0898309BAF2E088126C12317020FB025520DB3C03708100A07055206D6D6DDB3C587F}
                 x{F8425220C705F2E084}
                 x{C87101CA01500701CA007001CA02500520D74981010BBAF2E08820D70B0A208104FFBAF2D0898309BAF2E088CF165003FA027001CA68236EB3917F93246EB3E2973333017001CA00E30D216EB39C7F01CA0001206EF2D08001CC95317001CA00E2C901FB00}
                  x{7F01CA00C87001CA007001CA00246EB39D7F01CA0004206EF2D0805004CC9634037001CA00E2246EB39D7F01CA0004206EF2D0805004CC9634037001CA00E27001CA00027F01CA0002C958CC}
                x{8210E601F8E5BA8ECED31F018210E601F8E5BAF2E081D33F0131820898968070FB02F8416F2410235F037083067F25206EF2D080542580C855208210B687AB175004CB1F12CB3FCB1FCCC9103441301443306D6DDB3C7FE03070}
                 x{C87101CA01500701CA007001CA02500520D74981010BBAF2E08820D70B0A208104FFBAF2D0898309BAF2E088CF165003FA027001CA68236EB3917F93246EB3E2973333017001CA00E30D216EB39C7F01CA0001206EF2D08001CC95317001CA00E2C901FB00}
                  x{7F01CA00C87001CA007001CA00246EB39D7F01CA0004206EF2D0805004CC9634037001CA00E2246EB39D7F01CA0004206EF2D0805004CC9634037001CA00E27001CA00027F01CA0002C958CC}
               x{C8F84301CC7F01CA0055205023CB1F0120D74981010BBAF2E08820D70B0A208104FFBAF2D0898309BAF2E088CF16216EB3957F01CA00CC947032CA00E2C9ED54}
              x{2_}
               x{BE28EED9E6D9E3618C_}
                x{ED44D0D401F863D200018E2FD31FFA400120D74981010BBAF2E08820D70B0A208104FFBAF2D0898309BAF2E08801D2000191D4926D01E255206C13E0F828D70B0A8309BAF2E089810101D700FA400120D74981010BBAF2E08820D70B0A208104FFBAF2D0898309BAF2E0881202D101DB3C}
                 x{6D}
                x{21}
               x{2_}
                x{4}
                 x{B1D8B6CF36CF1B0C6_}
                  x{ED44D0D401F863D200018E2FD31FFA400120D74981010BBAF2E08820D70B0A208104FFBAF2D0898309BAF2E08801D2000191D4926D01E255206C13E0F828D70B0A8309BAF2E089810101D700FA400120D74981010BBAF2E08820D70B0A208104FFBAF2D0898309BAF2E0881202D101DB3C}
                   x{6D}
                  x{20}
                 x{B36436CF36CF1B0C6_}
                  x{ED44D0D401F863D200018E2FD31FFA400120D74981010BBAF2E08820D70B0A208104FFBAF2D0898309BAF2E08801D2000191D4926D01E255206C13E0F828D70B0A8309BAF2E089810101D700FA400120D74981010BBAF2E08820D70B0A208104FFBAF2D0898309BAF2E0881202D101DB3C}
                   x{6D}
                  x{22}
                x{B82BEED44D0D20001}
            x{0000000000000000000000000000000000000000000000000000000000000000200292EBCDAC4F8EB9DC3CA19668D2CB607CE2167A30233DDDBCAED2D106010E09C4_}
             x{C_}
              x{A0838F_}
               x{FF00F4A413F4BCF2C80B}
                x{62_}
                 x{D001D0D3030171B0A301FA400120D74981010BBAF2E08820D70B0A208104FFBAF2D0898309BAF2E088545053036F04F86102F862DB3C5512DB3CF2E082}
                  x{ED44D0D401F863D200018E2FD31FFA400120D74981010BBAF2E08820D70B0A208104FFBAF2D0898309BAF2E08801D2000191D4926D01E255206C13E0F828D70B0A8309BAF2E089810101D700FA400120D74981010BBAF2E08820D70B0A208104FFBAF2D0898309BAF2E0881202D101DB3C}
                   x{6D}
                  x{0192307FE07021D749C21F953020D70B1FDE208210AFE93535BA8F5130D31F018210AFE93535BAF2E081D33FFA400120D74981010BBAF2E08820D70B0A208104FFBAF2D0898309BAF2E08801D455206C1332820898968070FB024434DB3C30037083067055206D6D6DDB3C597FE0208210B8A3AA14BAE302}
                   x{F8425220C705F2E084}
                   x{C87101CA01500701CA007001CA02500520D74981010BBAF2E08820D70B0A208104FFBAF2D0898309BAF2E088CF165003FA027001CA68236EB3917F93246EB3E2973333017001CA00E30D216EB39C7F01CA0001206EF2D08001CC95317001CA00E2C901FB00}
                    x{7F01CA00C87001CA007001CA00246EB39D7F01CA0004206EF2D0805004CC9634037001CA00E2246EB39D7F01CA0004206EF2D0805004CC9634037001CA00E27001CA00027F01CA0002C958CC}
                   x{30D31F018210B8A3AA14BAF2E081D33FFA400120D74981010BBAF2E08820D70B0A208104FFBAF2D0898309BAF2E088126C12317020FB025520DB3C03708100A07055206D6D6DDB3C587F}
                    x{F8425220C705F2E084}
                    x{C87101CA01500701CA007001CA02500520D74981010BBAF2E08820D70B0A208104FFBAF2D0898309BAF2E088CF165003FA027001CA68236EB3917F93246EB3E2973333017001CA00E30D216EB39C7F01CA0001206EF2D08001CC95317001CA00E2C901FB00}
                     x{7F01CA00C87001CA007001CA00246EB39D7F01CA0004206EF2D0805004CC9634037001CA00E2246EB39D7F01CA0004206EF2D0805004CC9634037001CA00E27001CA00027F01CA0002C958CC}
                   x{8210E601F8E5BA8ECED31F018210E601F8E5BAF2E081D33F0131820898968070FB02F8416F2410235F037083067F25206EF2D080542580C855208210B687AB175004CB1F12CB3FCB1FCCC9103441301443306D6DDB3C7FE03070}
                    x{C87101CA01500701CA007001CA02500520D74981010BBAF2E08820D70B0A208104FFBAF2D0898309BAF2E088CF165003FA027001CA68236EB3917F93246EB3E2973333017001CA00E30D216EB39C7F01CA0001206EF2D08001CC95317001CA00E2C901FB00}
                     x{7F01CA00C87001CA007001CA00246EB39D7F01CA0004206EF2D0805004CC9634037001CA00E2246EB39D7F01CA0004206EF2D0805004CC9634037001CA00E27001CA00027F01CA0002C958CC}
                  x{C8F84301CC7F01CA0055205023CB1F0120D74981010BBAF2E08820D70B0A208104FFBAF2D0898309BAF2E088CF16216EB3957F01CA00CC947032CA00E2C9ED54}
                 x{2_}
                  x{BE28EED9E6D9E3618C_}
                   x{ED44D0D401F863D200018E2FD31FFA400120D74981010BBAF2E08820D70B0A208104FFBAF2D0898309BAF2E08801D2000191D4926D01E255206C13E0F828D70B0A8309BAF2E089810101D700FA400120D74981010BBAF2E08820D70B0A208104FFBAF2D0898309BAF2E0881202D101DB3C}
                    x{6D}
                   x{21}
                  x{2_}
                   x{4}
                    x{B1D8B6CF36CF1B0C6_}
                     x{ED44D0D401F863D200018E2FD31FFA400120D74981010BBAF2E08820D70B0A208104FFBAF2D0898309BAF2E08801D2000191D4926D01E255206C13E0F828D70B0A8309BAF2E089810101D700FA400120D74981010BBAF2E08820D70B0A208104FFBAF2D0898309BAF2E0881202D101DB3C}
                      x{6D}
                     x{20}
                    x{B36436CF36CF1B0C6_}
                     x{ED44D0D401F863D200018E2FD31FFA400120D74981010BBAF2E08820D70B0A208104FFBAF2D0898309BAF2E08801D2000191D4926D01E255206C13E0F828D70B0A8309BAF2E089810101D700FA400120D74981010BBAF2E08820D70B0A208104FFBAF2D0898309BAF2E0881202D101DB3C}
                      x{6D}
                     x{22}
                   x{B82BEED44D0D20001}
           x{B8A3AA140000000000000000801D3E5E1B0970E52ABD4EA639AED542E118FE33D2F03FE072737A6B74A8FDC2C69_}
          x{DF_}
           x{480173A49878148A4F6041C04B952AC2638BD6A1025222AF84BFAF2C3BE5A07436D5003A7CBC3612E1CA557A9D4C735DAA85C231FC67A5E07FC0E4E6F4D6E951FB858D10BE1E264C0608235A0000000004E33882CE949BAE4_}
         x{72FC502E36E9B41D0034AA5613BE78B1E86A5CC366C104006C08A57E26F83EFB1D90AEC8965AFABB16EBC3CB9B408EBAE71B618D78788BC80D09843593CAC98DA4}
         x{0C090BCA3A88D8667B9213_}
          x{44262C3D09000000000000000000FA00000000000000000000000000000000000000000000000000000000000000000000000000000000000000000000000000000000000000000000000000000000}
          x{DCC186A0260411A6000000000002000100000001F01808E7C65384854FD0A4F77793F95695733B675EB306C4FAC3CFF546A3D22720280B06_},
        hash: [Function: hash],
        blockchainLogs: '[ 4][t 0][2024-10-30 23:27:19.989000][transaction.cpp:443]\tunpacking account B9D24C3C0A4527B020E025CA956131C5EB5081291157C25FD7961DF2D03A1B6A\n' +
          '[ 4][t 0][2024-10-30 23:27:19.989000][transaction.cpp:274]\tlast_paid=1732922839; cells=28 bits=7123 public_cells=0\n' +
          '[ 4][t 0][2024-10-30 23:27:19.989000][transaction.cpp:504]\tend of Account.unpack() for 0:B9D24C3C0A4527B020E025CA956131C5EB5081291157C25FD7961DF2D03A1B6A (balance = 10000000ng ; last_trans_lt = 37000000..37000002)\n' +
          '[ 4][t 0][2024-10-30 23:27:19.989000][transaction.cpp:3655]\tblock random seed set to 0000000000000000000000000000000000000000000000000000000000000000\n' +
          '[ 4][t 0][2024-10-30 23:27:19.989000][transaction.cpp:1236]\tgas limits: max=1000000, limit=1000000, credit=0\n' +
          '[ 4][t 0][2024-10-30 23:27:19.989000][transaction.cpp:1571]\tHASH(in_msg_state) = B9D24C3C0A4527B020E025CA956131C5EB5081291157C25FD7961DF2D03A1B6A, account_state_hash = 0000000000000000000000000000000000000000000000000000000000000000\n' +
          '[ 4][t 0][2024-10-30 23:27:19.989000][transaction.cpp:1645]\tcreating VM\n' +
          '[ 4][t 0][2024-10-30 23:27:19.989000][transaction.cpp:1351]\tSmartContractInfo initialized with [ 124711402 0 0 1732922839 41000000 41000000 84630195367514639409622924175749312199831056191303332875639359062248049886761 [ 801210531 (null) ] CS{Cell{026dc00b9d24c3c0a4527b020e025ca956131c5eb5081291157c25fd7961df2d03a1b6a23886f4c33a526eb80000000008d24d08e625a01340} bits: 1..268; refs: 0..0} C{A7EC01478F770EF8F8B037CC7E42F0ABF0D85A50E1828C2394DAD1411691F2DE} C{F2179DCD5CFD8A1E113288591FFB7A5E10E107D0D2C36DF69E40398023DAA7B1} [ 791210531 (null) ] 0 (null) [ CS{Cell{004dd06600000000000000000000000080000000000000fa00000000000001f4000000000003d09040} bits: 9..305; refs: 0..0} (null) CS{Cell{0094d1000000000000006400000000000f4240de000000002710000000000000000f42400000000002160ec0000000000000271000000000002625a00000000005f5e100000000003b9aca00} bits: 0..592; refs: 0..0} CS{Cell{0094d100000000000000640000000000009c40de000000000190000000000000000f424000000000000f4240000000000000271000000000009896800000000005f5e100000000003b9aca00} bits: 0..592; refs: 0..0} CS{Cell{0042ea000000000098968000000000271000000000000f424000000001800055555555} bits: 0..264; refs: 0..0} CS{Cell{0042ea0000000000061a800000000001900000000000009c4000000001800055555555} bits: 0..264; refs: 0..0} (null) ] 0 (null) ]\n' +
          '[ 4][t 0][2024-10-30 23:27:19.989000][transaction.cpp:1675]\tstarting VM\n' +
          '[ 4][t 0][2024-10-30 23:27:19.990000][transaction.cpp:1680]\tVM terminated with exit code 0\n' +
          '[ 3][t 0][2024-10-30 23:27:19.990000][transaction.cpp:1702]\tsteps: 250 gas: used=8497, max=1000000, limit=1000000, credit=0\n' +
          '[ 3][t 0][2024-10-30 23:27:19.990000][transaction.cpp:1704]\tout_of_gas=false, accepted=true, success=true, time=0.000405s\n' +
          '[ 4][t 0][2024-10-30 23:27:19.990000][transaction.cpp:1737]\tgas fees: 3398800 = 26214400 * 8497 /2^16 ; price=26214400; flat rate=[40000 for 100]; remaining balance=797811731ng\n' +
          '[ 3][t 0][2024-10-30 23:27:19.990000][transaction.cpp:2678]\tin try_action_reserve_currency(0)\n' +
          '[ 4][t 0][2024-10-30 23:27:19.990000][transaction.cpp:2684]\taction_reserve_currency: mode=0, reserve=0ng, balance=797811731ng, original balance=10000000ng\n' +
          '[ 3][t 0][2024-10-30 23:27:19.990000][transaction.cpp:2729]\tchanged remaining balance to 797811731ng, reserved balance to 0ng\n' +
          '[ 4][t 0][2024-10-30 23:27:19.990000][transaction.cpp:2448]\tstorage paid for a message: 0 cells, 0 bits\n' +
          '[ 4][t 0][2024-10-30 23:27:19.990000][transaction.cpp:2452]\tcomputed fwd fees = 400000 + 0\n',
        vmLogs: 'ecute STSLICER\n' +
          'execute OVER\n' +
          'execute ISNULL\n' +
          'execute NOT\n' +
          'execute PUSHCONT x7F01CA00CC\n' +
          'execute PUSHCONT x7032CA00\n' +
          'execute IFELSE\n' +
          'execute PUSHINT -1\n' +
          'execute SWAP\n' +
          'execute STI 1\n' +
          'execute STREF\n' +
          'execute implicit RET\n' +
          'execute ENDC\n' +
          'execute POP c4\n' +
          'execute implicit RET\n',
        debugLogs: '',
        events: [ [Object], [Object] ],
        parent: {
          address: 37254810366437813475271750514734067285117962570475561289538093995582013161784n,
          lt: 38000000n,
          prevTransactionHash: 74236104092443860021490477366064972596632322504643340678727217460716001093195n,
          prevTransactionLt: 36000000n,
          now: 1732922839,
          outMessagesCount: 4,
          oldStatus: 'active',
          endStatus: 'active',
          inMessage: [Object],
          outMessages: [Dictionary],
          totalFees: [Object],
          stateUpdate: [Object],
          description: [Object],
          raw: x{7525D79B589F1D73B879432CD1A596C0F9C42CF460467BBB795DA5A20C021C138000000000243D580A420255B0713B0A8AA3D0EB3E609485C80CC0415AC76C0C3F45A9370FE94E64B0000000002255100674A4DD700094803B6BE68}
           x{E_}
            x{680173A49878148A4F6041C04B952AC2638BD6A1025222AF84BFAF2C3BE5A07436D50014975E6D627C75CEE1E50CB346965B03E710B3D18119EEEDE57696883008704E10E51839CC0610D45E0000000004692682CE949BAE5B43D58B8000000000000000000000004_}
             x{02202FAF080202FAF08021DCD65001CC4B4021DCD65003391606BB397F7EBB391606BB3A526EB80000000800000004_}
              x{801028CD38D6A9FB165BB1D27554DCBBC8B7A064E07EF4C3832956828113614F545_}
            x{DB_}
             x{2_}
              x{2_}
               x{6800A4BAF36B13E3AE770F28659A34B2D81F38859E8C08CF776F2BB4B44180438271001F33C9E03834F86C2DA0166D0212C129A321D08D5D171B4080758BCF48863C4D90101931000609BBB0000000000487AB02CE949BAEC_}
                x{BC26F4C80000000000000000}
              x{2_}
               x{6800A4BAF36B13E3AE770F28659A34B2D81F38859E8C08CF776F2BB4B4418043827100384BA6D6A6B7DF2422C44C909493A07C03CA0A1FF860A7ED8531810050149DDF10101931000609BBB0000000000487AB04CE949BAEC_}
                x{BC26F4C80000000000000001}
             x{2_}
              x{2_}
               x{E00292EBCDAC4F8EB9DC3CA19668D2CB607CE2167A30233DDDBCAED2D106010E09C0000000000487AB06CE949BAEC_}
                x{8B6D3812000000000000000000000000801028CD38D6A9FB165BB1D27554DCBBC8B7A064E07EF4C3832956828113614F544877359401_}
              x{2_}
               x{4800A4BAF36B13E3AE770F28659A34B2D81F38859E8C08CF776F2BB4B44180438271002E74930F029149EC08380972A5584C717AD4204A4455F097F5E5877CB40E86DA90BCA3A88C0656E1D8000000000487AB08CE949BAFE_}
                x{34_}
                 x{FF00F4A413F4BCF2C80B}
                  x{62_}
                   x{D001D0D3030171B0A301FA400120D74981010BBAF2E08820D70B0A208104FFBAF2D0898309BAF2E088545053036F04F86102F862DB3C5512DB3CF2E082}
                    x{ED44D0D401F863D200018E2FD31FFA400120D74981010BBAF2E08820D70B0A208104FFBAF2D0898309BAF2E08801D2000191D4926D01E255206C13E0F828D70B0A8309BAF2E089810101D700FA400120D74981010BBAF2E08820D70B0A208104FFBAF2D0898309BAF2E0881202D101DB3C}
                     x{6D}
                    x{0192307FE07021D749C21F953020D70B1FDE208210AFE93535BA8F5130D31F018210AFE93535BAF2E081D33FFA400120D74981010BBAF2E08820D70B0A208104FFBAF2D0898309BAF2E08801D455206C1332820898968070FB024434DB3C30037083067055206D6D6DDB3C597FE0208210B8A3AA14BAE302}
                     x{F8425220C705F2E084}
                     x{C87101CA01500701CA007001CA02500520D74981010BBAF2E08820D70B0A208104FFBAF2D0898309BAF2E088CF165003FA027001CA68236EB3917F93246EB3E2973333017001CA00E30D216EB39C7F01CA0001206EF2D08001CC95317001CA00E2C901FB00}
                      x{7F01CA00C87001CA007001CA00246EB39D7F01CA0004206EF2D0805004CC9634037001CA00E2246EB39D7F01CA0004206EF2D0805004CC9634037001CA00E27001CA00027F01CA0002C958CC}
                     x{30D31F018210B8A3AA14BAF2E081D33FFA400120D74981010BBAF2E08820D70B0A208104FFBAF2D0898309BAF2E088126C12317020FB025520DB3C03708100A07055206D6D6DDB3C587F}
                      x{F8425220C705F2E084}
                      x{C87101CA01500701CA007001CA02500520D74981010BBAF2E08820D70B0A208104FFBAF2D0898309BAF2E088CF165003FA027001CA68236EB3917F93246EB3E2973333017001CA00E30D216EB39C7F01CA0001206EF2D08001CC95317001CA00E2C901FB00}
                       x{7F01CA00C87001CA007001CA00246EB39D7F01CA0004206EF2D0805004CC9634037001CA00E2246EB39D7F01CA0004206EF2D0805004CC9634037001CA00E27001CA00027F01CA0002C958CC}
                     x{8210E601F8E5BA8ECED31F018210E601F8E5BAF2E081D33F0131820898968070FB02F8416F2410235F037083067F25206EF2D080542580C855208210B687AB175004CB1F12CB3FCB1FCCC9103441301443306D6DDB3C7FE03070}
                      x{C87101CA01500701CA007001CA02500520D74981010BBAF2E08820D70B0A208104FFBAF2D0898309BAF2E088CF165003FA027001CA68236EB3917F93246EB3E2973333017001CA00E30D216EB39C7F01CA0001206EF2D08001CC95317001CA00E2C901FB00}
                       x{7F01CA00C87001CA007001CA00246EB39D7F01CA0004206EF2D0805004CC9634037001CA00E2246EB39D7F01CA0004206EF2D0805004CC9634037001CA00E27001CA00027F01CA0002C958CC}
                    x{C8F84301CC7F01CA0055205023CB1F0120D74981010BBAF2E08820D70B0A208104FFBAF2D0898309BAF2E088CF16216EB3957F01CA00CC947032CA00E2C9ED54}
                   x{2_}
                    x{BE28EED9E6D9E3618C_}
                     x{ED44D0D401F863D200018E2FD31FFA400120D74981010BBAF2E08820D70B0A208104FFBAF2D0898309BAF2E08801D2000191D4926D01E255206C13E0F828D70B0A8309BAF2E089810101D700FA400120D74981010BBAF2E08820D70B0A208104FFBAF2D0898309BAF2E0881202D101DB3C}
                      x{6D}
                     x{21}
                    x{2_}
                     x{4}
                      x{B1D8B6CF36CF1B0C6_}
                       x{ED44D0D401F863D200018E2FD31FFA400120D74981010BBAF2E08820D70B0A208104FFBAF2D0898309BAF2E08801D2000191D4926D01E255206C13E0F828D70B0A8309BAF2E089810101D700FA400120D74981010BBAF2E08820D70B0A208104FFBAF2D0898309BAF2E0881202D101DB3C}
                        x{6D}
                       x{20}
                      x{B36436CF36CF1B0C6_}
                       x{ED44D0D401F863D200018E2FD31FFA400120D74981010BBAF2E08820D70B0A208104FFBAF2D0898309BAF2E08801D2000191D4926D01E255206C13E0F828D70B0A8309BAF2E089810101D700FA400120D74981010BBAF2E08820D70B0A208104FFBAF2D0898309BAF2E0881202D101DB3C}
                        x{6D}
                       x{22}
                     x{B82BEED44D0D20001}
                 x{0000000000000000000000000000000000000000000000000000000000000000200292EBCDAC4F8EB9DC3CA19668D2CB607CE2167A30233DDDBCAED2D106010E09C4_}
                  x{C_}
                   x{A0838F_}
                    x{FF00F4A413F4BCF2C80B}
                     x{62_}
                      x{D001D0D3030171B0A301FA400120D74981010BBAF2E08820D70B0A208104FFBAF2D0898309BAF2E088545053036F04F86102F862DB3C5512DB3CF2E082}
                       x{ED44D0D401F863D200018E2FD31FFA400120D74981010BBAF2E08820D70B0A208104FFBAF2D0898309BAF2E08801D2000191D4926D01E255206C13E0F828D70B0A8309BAF2E089810101D700FA400120D74981010BBAF2E08820D70B0A208104FFBAF2D0898309BAF2E0881202D101DB3C}
                        x{6D}
                       x{0192307FE07021D749C21F953020D70B1FDE208210AFE93535BA8F5130D31F018210AFE93535BAF2E081D33FFA400120D74981010BBAF2E08820D70B0A208104FFBAF2D0898309BAF2E08801D455206C1332820898968070FB024434DB3C30037083067055206D6D6DDB3C597FE0208210B8A3AA14BAE302}
                        x{F8425220C705F2E084}
                        x{C87101CA01500701CA007001CA02500520D74981010BBAF2E08820D70B0A208104FFBAF2D0898309BAF2E088CF165003FA027001CA68236EB3917F93246EB3E2973333017001CA00E30D216EB39C7F01CA0001206EF2D08001CC95317001CA00E2C901FB00}
                         x{7F01CA00C87001CA007001CA00246EB39D7F01CA0004206EF2D0805004CC9634037001CA00E2246EB39D7F01CA0004206EF2D0805004CC9634037001CA00E27001CA00027F01CA0002C958CC}
                        x{30D31F018210B8A3AA14BAF2E081D33FFA400120D74981010BBAF2E08820D70B0A208104FFBAF2D0898309BAF2E088126C12317020FB025520DB3C03708100A07055206D6D6DDB3C587F}
                         x{F8425220C705F2E084}
                         x{C87101CA01500701CA007001CA02500520D74981010BBAF2E08820D70B0A208104FFBAF2D0898309BAF2E088CF165003FA027001CA68236EB3917F93246EB3E2973333017001CA00E30D216EB39C7F01CA0001206EF2D08001CC95317001CA00E2C901FB00}
                          x{7F01CA00C87001CA007001CA00246EB39D7F01CA0004206EF2D0805004CC9634037001CA00E2246EB39D7F01CA0004206EF2D0805004CC9634037001CA00E27001CA00027F01CA0002C958CC}
                        x{8210E601F8E5BA8ECED31F018210E601F8E5BAF2E081D33F0131820898968070FB02F8416F2410235F037083067F25206EF2D080542580C855208210B687AB175004CB1F12CB3FCB1FCCC9103441301443306D6DDB3C7FE03070}
                         x{C87101CA01500701CA007001CA02500520D74981010BBAF2E08820D70B0A208104FFBAF2D0898309BAF2E088CF165003FA027001CA68236EB3917F93246EB3E2973333017001CA00E30D216EB39C7F01CA0001206EF2D08001CC95317001CA00E2C901FB00}
                          x{7F01CA00C87001CA007001CA00246EB39D7F01CA0004206EF2D0805004CC9634037001CA00E2246EB39D7F01CA0004206EF2D0805004CC9634037001CA00E27001CA00027F01CA0002C958CC}
                       x{C8F84301CC7F01CA0055205023CB1F0120D74981010BBAF2E08820D70B0A208104FFBAF2D0898309BAF2E088CF16216EB3957F01CA00CC947032CA00E2C9ED54}
                      x{2_}
                       x{BE28EED9E6D9E3618C_}
                        x{ED44D0D401F863D200018E2FD31FFA400120D74981010BBAF2E08820D70B0A208104FFBAF2D0898309BAF2E08801D2000191D4926D01E255206C13E0F828D70B0A8309BAF2E089810101D700FA400120D74981010BBAF2E08820D70B0A208104FFBAF2D0898309BAF2E0881202D101DB3C}
                         x{6D}
                        x{21}
                       x{2_}
                        x{4}
                         x{B1D8B6CF36CF1B0C6_}
                          x{ED44D0D401F863D200018E2FD31FFA400120D74981010BBAF2E08820D70B0A208104FFBAF2D0898309BAF2E08801D2000191D4926D01E255206C13E0F828D70B0A8309BAF2E089810101D700FA400120D74981010BBAF2E08820D70B0A208104FFBAF2D0898309BAF2E0881202D101DB3C}
                           x{6D}
                          x{20}
                         x{B36436CF36CF1B0C6_}
                          x{ED44D0D401F863D200018E2FD31FFA400120D74981010BBAF2E08820D70B0A208104FFBAF2D0898309BAF2E08801D2000191D4926D01E255206C13E0F828D70B0A8309BAF2E089810101D700FA400120D74981010BBAF2E08820D70B0A208104FFBAF2D0898309BAF2E0881202D101DB3C}
                           x{6D}
                          x{22}
                        x{B82BEED44D0D20001}
                x{B8A3AA140000000000000000801D3E5E1B0970E52ABD4EA639AED542E118FE33D2F03FE072737A6B74A8FDC2C69_}
           x{72D2E05CEC71D2F1E4924614D9E565F73CEBB4A7C2A14A4BF538317D2EC7173696B147BF15109820EFD8168BE4EEDDD9FD059151BB2F4AAA2584DA793443424BA5}
           x{04090E51839CD88036EE1C11_}
            x{602327CC3D09000000000000000007C100000000000000000000000000000000000000000000000000000000000000000000000000000000000000000000000000000000000000000000000000000000}
            x{C9AC8D784C8FB95000000000000A0002000000086C667028F3CC35C5E1D1AEB75B20D68906AE33005305D31C6C00E378213282B048913B24_},
          hash: [Function: hash],
          blockchainLogs: '[ 4][t 0][2024-10-30 23:27:19.977000][transaction.cpp:443]\tunpacking account 525D79B589F1D73B879432CD1A596C0F9C42CF460467BBB795DA5A20C021C138\n' +
            '[ 4][t 0][2024-10-30 23:27:19.977000][transaction.cpp:274]\tlast_paid=1732922839; cells=232 bits=84034 public_cells=0\n' +
            '[ 4][t 0][2024-10-30 23:27:19.977000][transaction.cpp:504]\tend of Account.unpack() for 0:525D79B589F1D73B879432CD1A596C0F9C42CF460467BBB795DA5A20C021C138 (balance = 2100000000ng ; last_trans_lt = 36000000..36000002)\n' +
            '[ 4][t 0][2024-10-30 23:27:19.977000][transaction.cpp:3655]\tblock random seed set to 0000000000000000000000000000000000000000000000000000000000000000\n' +
            '[ 4][t 0][2024-10-30 23:27:19.977000][transaction.cpp:1236]\tgas limits: max=1000000, limit=1000000, credit=0\n' +
            '[ 4][t 0][2024-10-30 23:27:19.977000][transaction.cpp:1575]\tin_msg_state is null\n' +
            '[ 4][t 0][2024-10-30 23:27:19.977000][transaction.cpp:1645]\tcreating VM\n' +
            '[ 4][t 0][2024-10-30 23:27:19.977000][transaction.cpp:1351]\tSmartContractInfo initialized with [ 124711402 0 0 1732922839 38000000 38000000 14068792954309835536948273256715513127174070948738620016199408580766834334284 [ 3060892531 (null) ] CS{Cell{0271c00525d79b589f1d73b879432cd1a596c0f9c42cf460467bbb795da5a20c021c1383d0c05210833a526eb800000000089544091f4add401340} bits: 1..268; refs: 0..0} C{A7EC01478F770EF8F8B037CC7E42F0ABF0D85A50E1828C2394DAD1411691F2DE} C{42B6F0E46484EFC57B9508F6BA7EF42E7512023D5CB4ED5628DD1C7755D16E9D} [ 960892531 (null) ] 0 (null) [ CS{Cell{004dd06600000000000000000000000080000000000000fa00000000000001f4000000000003d09040} bits: 9..305; refs: 0..0} (null) CS{Cell{0094d1000000000000006400000000000f4240de000000002710000000000000000f42400000000002160ec0000000000000271000000000002625a00000000005f5e100000000003b9aca00} bits: 0..592; refs: 0..0} CS{Cell{0094d100000000000000640000000000009c40de000000000190000000000000000f424000000000000f4240000000000000271000000000009896800000000005f5e100000000003b9aca00} bits: 0..592; refs: 0..0} CS{Cell{0042ea000000000098968000000000271000000000000f424000000001800055555555} bits: 0..264; refs: 0..0} CS{Cell{0042ea0000000000061a800000000001900000000000009c4000000001800055555555} bits: 0..264; refs: 0..0} (null) ] 0 (null) ]\n' +
            '[ 4][t 0][2024-10-30 23:27:19.977000][transaction.cpp:1675]\tstarting VM\n' +
            '[ 4][t 0][2024-10-30 23:27:19.978000][transaction.cpp:1680]\tVM terminated with exit code 0\n' +
            '[ 3][t 0][2024-10-30 23:27:19.979000][transaction.cpp:1702]\tsteps: 1985 gas: used=71998, max=1000000, limit=1000000, credit=0\n' +
            '[ 3][t 0][2024-10-30 23:27:19.979000][transaction.cpp:1704]\tout_of_gas=false, accepted=true, success=true, time=0.001643s\n' +
            '[ 4][t 0][2024-10-30 23:27:19.979000][transaction.cpp:1737]\tgas fees: 28799200 = 26214400 * 71998 /2^16 ; price=26214400; flat rate=[40000 for 100]; remaining balance=3032093331ng\n' +
            '[ 3][t 0][2024-10-30 23:27:19.979000][transaction.cpp:2678]\tin try_action_reserve_currency(0)\n' +
            '[ 4][t 0][2024-10-30 23:27:19.979000][transaction.cpp:2684]\taction_reserve_currency: mode=0, reserve=2100000000ng, balance=3032093331ng, original balance=2100000000ng\n' +
            '[ 3][t 0][2024-10-30 23:27:19.979000][transaction.cpp:2729]\tchanged remaining balance to 932093331ng, reserved balance to 2100000000ng\n' +
            '[ 4][t 0][2024-10-30 23:27:19.979000][transaction.cpp:2448]\tstorage paid for a message: 1 cells, 96 bits\n' +
            '[ 4][t 0][2024-10-30 23:27:19.979000][transaction.cpp:2452]\tcomputed fwd fees = 478400 + 0\n' +
            '[ 4][t 0][2024-10-30 23:27:19.979000][transaction.cpp:2448]\tstorage paid for a message: 1 cells, 96 bits\n' +
            '[ 4][t 0][2024-10-30 23:27:19.979000][transaction.cpp:2452]\tcomputed fwd fees = 478400 + 0\n' +
            '[ 4][t 0][2024-10-30 23:27:19.979000][transaction.cpp:2448]\tstorage paid for a message: 1 cells, 431 bits\n' +
            '[ 4][t 0][2024-10-30 23:27:19.979000][transaction.cpp:2452]\tcomputed fwd fees = 612400 + 0\n' +
            '[ 4][t 0][2024-10-30 23:27:19.979000][transaction.cpp:2448]\tstorage paid for a message: 27 cells, 6976 bits\n' +
            '[ 4][t 0][2024-10-30 23:27:19.979000][transaction.cpp:2452]\tcomputed fwd fees = 4270400 + 0\n',
          vmLogs: 'xecute EQUAL\n' +
            'execute THROWIF 137\n' +
            'execute PUSHPOW2 10\n' +
            'execute EQUAL\n' +
            'execute THROWIFNOT 136\n' +
            'execute STSLICER\n' +
            'execute ENDC\n' +
            'execute ROT\n' +
            'execute STREF\n' +
            'execute ENDC\n' +
            'execute SWAP\n' +
            'execute STREF\n' +
            'execute implicit RET\n' +
            'execute ENDC\n' +
            'execute POP c4\n' +
            'execute implicit RET\n',
          debugLogs: '',
          events: [Array],
          parent: [Object],
          children: [Array],
          externals: [Array]
        },
        children: [ [Object] ],
        externals: []
      },
      {
        address: 37254810366437813475271750514734067285117962570475561289538093995582013161784n,
        lt: 42000000n,
        prevTransactionHash: 31226657111623281711241440935143333495409562856915633096406453425287813545208n,
        prevTransactionLt: 38000000n,
        now: 1732922839,
        outMessagesCount: 2,
        oldStatus: 'active',
        endStatus: 'active',
        inMessage: {
          info: [Object],
          init: null,
          body: x{2A004A0500000000000000000000000000000000000000000000000000000000000000000000000000000000C00814669C6B54FD8B2DD8E93AAA6E5DE45BD032703F7A61C194AB414089B0A7AA2}
        },
        outMessages: Dictionary { _key: [Object], _value: [Object], _map: [Map] },
        totalFees: { coins: 11323062n },
        stateUpdate: {
          oldHash: <Buffer b1 47 bf 15 10 98 20 ef d8 16 8b e4 ee dd d9 fd 05 91 51 bb 2f 4a aa 25 84 da 79 34 43 42 4b a5>,
          newHash: <Buffer 09 34 93 11 8d f1 d6 5b 5f 97 84 44 7b b4 8b b6 2c 15 9b 07 47 e4 ee 6c 56 03 33 5e c4 03 d7 29>
        },
        description: {
          type: 'generic',
          creditFirst: false,
          storagePhase: [Object],
          creditPhase: [Object],
          computePhase: [Object],
          actionPhase: [Object],
          bouncePhase: undefined,
          aborted: false,
          destroyed: false
        },
        raw: x{7525D79B589F1D73B879432CD1A596C0F9C42CF460467BBB795DA5A20C021C138000000000280DE804509A95E3D07E75130525442283F4A816F2944178B1FBFD251459992E1E63CF8000000000243D580674A4DD7000547598D6C}
         x{E_}
          x{6800F99E4F01C1A7C3616D00B3681096094D190E846AE8B8DA0403AC5E7A4431E26D0014975E6D627C75CEE1E50CB346965B03E710B3D18119EEEDE57696883008704E101119EF88060DFF5E0000000004A62F82CE949BAEC_}
           x{2A004A0500000000000000000000000000000000000000000000000000000000000000000000000000000000C00814669C6B54FD8B2DD8E93AAA6E5DE45BD032703F7A61C194AB414089B0A7AA2}
          x{DD_}
           x{2_}
            x{6800A4BAF36B13E3AE770F28659A34B2D81F38859E8C08CF776F2BB4B441804382710020519A71AD53F62CB763A4EAA9B977916F40C9C0FDE9870652AD050226C29EA890FA19E1000608235A000000000501BD02CE949BAE4_}
           x{2_}
            x{6800A4BAF36B13E3AE770F28659A34B2D81F38859E8C08CF776F2BB4B44180438271003A7CBC3612E1CA557A9D4C735DAA85C231FC67A5E07FC0E4E6F4D6E951FB858D100E4647480608235A000000000501BD04CE949BAE4_}
         x{72B147BF15109820EFD8168BE4EEDDD9FD059151BB2F4AAA2584DA793443424BA5093493118DF1D65B5F9784447BB48BB62C159B0747E4EE6C5603335EC403D729}
         x{040901119EF8987516A211_}
          x{4D7F2C0AF1E00000000000000002E500000000000000000000000000000000000000000000000000000000000000000000000000000000000000000000000000000000000000000000000000000000}
          x{C9861A804C104698000000000006000200000004520F5BFAE2DB811E659CF17FB03F2335C3023F4A4B88DDB137FBD366D6D178EA40902C14_},
        hash: [Function: hash],
        blockchainLogs: '[ 4][t 0][2024-10-30 23:27:19.993000][transaction.cpp:443]\tunpacking account 525D79B589F1D73B879432CD1A596C0F9C42CF460467BBB795DA5A20C021C138\n' +
          '[ 4][t 0][2024-10-30 23:27:19.993000][transaction.cpp:274]\tlast_paid=1732922839; cells=234 bits=84033 public_cells=0\n' +
          '[ 4][t 0][2024-10-30 23:27:19.993000][transaction.cpp:504]\tend of Account.unpack() for 0:525D79B589F1D73B879432CD1A596C0F9C42CF460467BBB795DA5A20C021C138 (balance = 2100000000ng ; last_trans_lt = 38000000..38000005)\n' +
          '[ 4][t 0][2024-10-30 23:27:19.993000][transaction.cpp:3655]\tblock random seed set to 0000000000000000000000000000000000000000000000000000000000000000\n' +
          '[ 4][t 0][2024-10-30 23:27:19.993000][transaction.cpp:1236]\tgas limits: max=1000000, limit=179320, credit=0\n' +
          '[ 4][t 0][2024-10-30 23:27:19.993000][transaction.cpp:1575]\tin_msg_state is null\n' +
          '[ 4][t 0][2024-10-30 23:27:19.993000][transaction.cpp:1645]\tcreating VM\n' +
          '[ 4][t 0][2024-10-30 23:27:19.993000][transaction.cpp:1351]\tSmartContractInfo initialized with [ 124711402 0 0 1732922839 42000000 42000000 14068792954309835536948273256715513127174070948738620016199408580766834334284 [ 2171728098 (null) ] CS{Cell{0271c00525d79b589f1d73b879432cd1a596c0f9c42cf460467bbb795da5a20c021c1383d4c05210433a526eb800000000090f56151f4add401340} bits: 1..268; refs: 0..0} C{A7EC01478F770EF8F8B037CC7E42F0ABF0D85A50E1828C2394DAD1411691F2DE} C{42B6F0E46484EFC57B9508F6BA7EF42E7512023D5CB4ED5628DD1C7755D16E9D} [ 71728098 (null) ] 0 (null) [ CS{Cell{004dd06600000000000000000000000080000000000000fa00000000000001f4000000000003d09040} bits: 9..305; refs: 0..0} (null) CS{Cell{0094d1000000000000006400000000000f4240de000000002710000000000000000f42400000000002160ec0000000000000271000000000002625a00000000005f5e100000000003b9aca00} bits: 0..592; refs: 0..0} CS{Cell{0094d100000000000000640000000000009c40de000000000190000000000000000f424000000000000f4240000000000000271000000000009896800000000005f5e100000000003b9aca00} bits: 0..592; refs: 0..0} CS{Cell{0042ea000000000098968000000000271000000000000f424000000001800055555555} bits: 0..264; refs: 0..0} CS{Cell{0042ea0000000000061a800000000001900000000000009c4000000001800055555555} bits: 0..264; refs: 0..0} (null) ] 0 (null) ]\n' +
          '[ 4][t 0][2024-10-30 23:27:19.993000][transaction.cpp:1675]\tstarting VM\n' +
          '[ 4][t 0][2024-10-30 23:27:19.994000][transaction.cpp:1680]\tVM terminated with exit code 0\n' +
          '[ 3][t 0][2024-10-30 23:27:19.994000][transaction.cpp:1702]\tsteps: 741 gas: used=27641, max=1000000, limit=179320, credit=0\n' +
          '[ 3][t 0][2024-10-30 23:27:19.994000][transaction.cpp:1704]\tout_of_gas=false, accepted=true, success=true, time=0.000775s\n' +
          '[ 4][t 0][2024-10-30 23:27:19.994000][transaction.cpp:1737]\tgas fees: 11056400 = 26214400 * 27641 /2^16 ; price=26214400; flat rate=[40000 for 100]; remaining balance=2160671698ng\n' +
          '[ 3][t 0][2024-10-30 23:27:19.994000][transaction.cpp:2678]\tin try_action_reserve_currency(0)\n' +
          '[ 4][t 0][2024-10-30 23:27:19.994000][transaction.cpp:2684]\taction_reserve_currency: mode=0, reserve=1051000000ng, balance=2160671698ng, original balance=2100000000ng\n' +
          '[ 3][t 0][2024-10-30 23:27:19.994000][transaction.cpp:2729]\tchanged remaining balance to 1109671698ng, reserved balance to 1051000000ng\n' +
          '[ 4][t 0][2024-10-30 23:27:19.994000][transaction.cpp:2448]\tstorage paid for a message: 0 cells, 0 bits\n' +
          '[ 4][t 0][2024-10-30 23:27:19.994000][transaction.cpp:2452]\tcomputed fwd fees = 400000 + 0\n' +
          '[ 4][t 0][2024-10-30 23:27:19.994000][transaction.cpp:2448]\tstorage paid for a message: 0 cells, 0 bits\n' +
          '[ 4][t 0][2024-10-30 23:27:19.994000][transaction.cpp:2452]\tcomputed fwd fees = 400000 + 0\n',
        vmLogs: 'xecute EQUAL\n' +
          'execute THROWIF 137\n' +
          'execute PUSHPOW2 10\n' +
          'execute EQUAL\n' +
          'execute THROWIFNOT 136\n' +
          'execute STSLICER\n' +
          'execute ENDC\n' +
          'execute ROT\n' +
          'execute STREF\n' +
          'execute ENDC\n' +
          'execute SWAP\n' +
          'execute STREF\n' +
          'execute implicit RET\n' +
          'execute ENDC\n' +
          'execute POP c4\n' +
          'execute implicit RET\n',
        debugLogs: '',
        events: [ [Object], [Object] ],
        parent: {
          address: 56452803209391972311245829800318013664241380452486081517026592719308720763190n,
          lt: 39000000n,
          prevTransactionHash: 58649609734194081309816892069634441628960077379076020613743014565563767019056n,
          prevTransactionLt: 28000000n,
          now: 1732922839,
          outMessagesCount: 1,
          oldStatus: 'active',
          endStatus: 'active',
          inMessage: [Object],
          outMessages: [Dictionary],
          totalFees: [Object],
          stateUpdate: [Object],
          description: [Object],
          raw: x{77CCF2780E0D3E1B0B68059B4084B04A68C874235745C6D0201D62F3D2218F13600000000025317C081AA80B39D69CA3B7D4E5E40D10A22BA8CA427EB77DE4C1477D17FFAB2A556300000000001AB3F00674A4DD7000346A2CE5E}
           x{E_}
            x{6800A4BAF36B13E3AE770F28659A34B2D81F38859E8C08CF776F2BB4B44180438271001F33C9E03834F86C2DA0166D0212C129A321D08D5D171B4080758BCF48863C4D90101931000609BBB0000000000487AB02CE949BAE5E137A6400000000000000004_}
            x{DF_}
             x{6800F99E4F01C1A7C3616D00B3681096094D190E846AE8B8DA0403AC5E7A4431E26D0014975E6D627C75CEE1E50CB346965B03E710B3D18119EEEDE57696883008704E101119EF88060DFF5E0000000004A62F82CE949BAEC_}
              x{2A004A0500000000000000000000000000000000000000000000000000000000000000000000000000000000C00814669C6B54FD8B2DD8E93AAA6E5DE45BD032703F7A61C194AB414089B0A7AA2}
           x{720AA486B52063238D0945D403DC7E29AA0800C7460F4D96B1E3B7A098DAA271577B3B6A534C0F3BF15870465C0F66541844443022FC1207FAC2FCE5E732CD07A4}
           x{04C4360789010193101867A1E811_}
            x{44E28C0A4D9000000000000000013D00000000000000000000000000000000000000000000000000000000000000000000000000000000000000000000000000000000000000000000000000000000}
            x{C9853FC04C0DFF44000000000002000000000002E314399E9181B61CA6ACAC445010D6EB366B5E165776588A9812DBEC1225A8904090296C_},
          hash: [Function: hash],
          blockchainLogs: '[ 4][t 0][2024-10-30 23:27:19.984000][transaction.cpp:443]\tunpacking account 7CCF2780E0D3E1B0B68059B4084B04A68C874235745C6D0201D62F3D2218F136\n' +
            '[ 4][t 0][2024-10-30 23:27:19.984000][transaction.cpp:274]\tlast_paid=1730330839; cells=30 bits=12911 public_cells=0\n' +
            '[ 4][t 0][2024-10-30 23:27:19.984000][transaction.cpp:504]\tend of Account.unpack() for 0:7CCF2780E0D3E1B0B68059B4084B04A68C874235745C6D0201D62F3D2218F136 (balance = 10000000ng ; last_trans_lt = 28000000..28000002)\n' +
            '[ 4][t 0][2024-10-30 23:27:19.984000][transaction.cpp:3655]\tblock random seed set to 0000000000000000000000000000000000000000000000000000000000000000\n' +
            '[ 4][t 0][2024-10-30 23:27:19.984000][transaction.cpp:1236]\tgas limits: max=191044, limit=168804, credit=0\n' +
            '[ 4][t 0][2024-10-30 23:27:19.984000][transaction.cpp:1575]\tin_msg_state is null\n' +
            '[ 4][t 0][2024-10-30 23:27:19.984000][transaction.cpp:1645]\tcreating VM\n' +
            '[ 4][t 0][2024-10-30 23:27:19.984000][transaction.cpp:1351]\tSmartContractInfo initialized with [ 124711402 0 0 1732922839 39000000 39000000 17158678860825839941702393232993838109470607978381324670400578166443069604636 [ 76417698 (null) ] CS{Cell{026dc007ccf2780e0d3e1b0b68059b4084b04a68c874235745c6d0201d62f3d2218f13623c8c9bc3391606b80000000006acfc08e625a01340} bits: 1..268; refs: 0..0} C{A7EC01478F770EF8F8B037CC7E42F0ABF0D85A50E1828C2394DAD1411691F2DE} C{33BB148A451AD17F938AA7C476E48F2B79933715F13F1D58F9234A90730321A8} [ 67521600 (null) ] 1103902 (null) [ CS{Cell{004dd06600000000000000000000000080000000000000fa00000000000001f4000000000003d09040} bits: 9..305; refs: 0..0} (null) CS{Cell{0094d1000000000000006400000000000f4240de000000002710000000000000000f42400000000002160ec0000000000000271000000000002625a00000000005f5e100000000003b9aca00} bits: 0..592; refs: 0..0} CS{Cell{0094d100000000000000640000000000009c40de000000000190000000000000000f424000000000000f4240000000000000271000000000009896800000000005f5e100000000003b9aca00} bits: 0..592; refs: 0..0} CS{Cell{0042ea000000000098968000000000271000000000000f424000000001800055555555} bits: 0..264; refs: 0..0} CS{Cell{0042ea0000000000061a800000000001900000000000009c4000000001800055555555} bits: 0..264; refs: 0..0} (null) ] 0 (null) ]\n' +
            '[ 4][t 0][2024-10-30 23:27:19.984000][transaction.cpp:1675]\tstarting VM\n' +
            '[ 4][t 0][2024-10-30 23:27:19.984000][transaction.cpp:1680]\tVM terminated with exit code 0\n' +
            '[ 3][t 0][2024-10-30 23:27:19.984000][transaction.cpp:1702]\tsteps: 317 gas: used=10004, max=191044, limit=168804, credit=0\n' +
            '[ 3][t 0][2024-10-30 23:27:19.984000][transaction.cpp:1704]\tout_of_gas=false, accepted=true, success=true, time=0.000293s\n' +
            '[ 4][t 0][2024-10-30 23:27:19.984000][transaction.cpp:1737]\tgas fees: 4001600 = 26214400 * 10004 /2^16 ; price=26214400; flat rate=[40000 for 100]; remaining balance=72416098ng\n' +
            '[ 4][t 0][2024-10-30 23:27:19.984000][transaction.cpp:2448]\tstorage paid for a message: 1 cells, 620 bits\n' +
            '[ 4][t 0][2024-10-30 23:27:19.984000][transaction.cpp:2452]\tcomputed fwd fees = 688000 + 0\n',
          vmLogs: 'e implicit RET\n' +
            'execute OVER\n' +
            'execute ISNULL\n' +
            'execute NOT\n' +
            'execute PUSHCONT x7F01CA00CC\n' +
            'execute PUSHCONT x7032CA00\n' +
            'execute IFELSE\n' +
            'execute PUSHINT -1\n' +
            'execute SWAP\n' +
            'execute STI 1\n' +
            'execute STREF\n' +
            'execute implicit RET\n' +
            'execute ENDC\n' +
            'execute POP c4\n' +
            'execute implicit RET\n',
          debugLogs: '',
          events: [Array],
          parent: [Object],
          children: [Array],
          externals: []
        },
        children: [ [Object], [Object] ],
        externals: []
      },
      {
        address: 37254810366437813475271750514734067285117962570475561289538093995582013161784n,
        lt: 43000000n,
        prevTransactionHash: 19217265519330177291440797402534392153265055697743605302787784025668135440787n,
        prevTransactionLt: 42000000n,
        now: 1732922839,
        outMessagesCount: 2,
        oldStatus: 'active',
        endStatus: 'active',
        inMessage: {
          info: [Object],
          init: null,
          body: x{2A004A0500000000000000010000000000000000000000000000000000000000000000000000000000000000400B75A3E1A6460F415CE3721F308920C4B456F3B977F39EB26CED9155308A976CC}
        },
        outMessages: Dictionary { _key: [Object], _value: [Object], _map: [Map] },
        totalFees: { coins: 11033062n },
        stateUpdate: {
          oldHash: <Buffer 09 34 93 11 8d f1 d6 5b 5f 97 84 44 7b b4 8b b6 2c 15 9b 07 47 e4 ee 6c 56 03 33 5e c4 03 d7 29>,
          newHash: <Buffer 36 0b 97 4f 42 9c 9d 05 fb a2 26 cb 34 06 2a 2e 29 17 cd 14 c6 f7 cb 5a 32 36 88 e4 fa f9 c5 a1>
        },
        description: {
          type: 'generic',
          creditFirst: false,
          storagePhase: [Object],
          creditPhase: [Object],
          computePhase: [Object],
          actionPhase: [Object],
          bouncePhase: undefined,
          aborted: false,
          destroyed: false
        },
        raw: x{7525D79B589F1D73B879432CD1A596C0F9C42CF460467BBB795DA5A20C021C13800000000029020C02A7C963AA30DB617BFD94E238A703F1CDA0ACA6EDEBD125D0C741F42422C5193000000000280DE80674A4DD700054750B3CC}
         x{E_}
          x{6801C25D36B535BEF92116226484A49D03E01E5050FFC3053F6C298C080280A4EEF90014975E6D627C75CEE1E50CB346965B03E710B3D18119EEEDE57696883008704E101119EF88060DFF5E0000000004C4B402CE949BAEC_}
           x{2A004A0500000000000000010000000000000000000000000000000000000000000000000000000000000000400B75A3E1A6460F415CE3721F308920C4B456F3B977F39EB26CED9155308A976CC}
          x{DD_}
           x{2_}
            x{6800A4BAF36B13E3AE770F28659A34B2D81F38859E8C08CF776F2BB4B44180438271002DD68F8699183D05738DC87CC2248312D15BCEE5DFCE7AC9B3B64554C22A5DB310E27F66000608235A0000000005204182CE949BAE4_}
           x{2_}
            x{6800A4BAF36B13E3AE770F28659A34B2D81F38859E8C08CF776F2BB4B44180438271003A7CBC3612E1CA557A9D4C735DAA85C231FC67A5E07FC0E4E6F4D6E951FB858D100E57FA880608235A0000000005204184CE949BAE4_}
         x{72093493118DF1D65B5F9784447BB48BB62C159B0747E4EE6C5603335EC403D729360B974F429C9D05FBA226CB34062A2E2917CD14C6F7CB5A323688E4FAF9C5A1}
         x{040901119EF89874890811_}
          x{4D248C0AF1E00000000000000002E500000000000000000000000000000000000000000000000000000000000000000000000000000000000000000000000000000000000000000000000000000000}
          x{C9861A804C10469800000000000600020000000450AF9D9EE3726931F26D844A6FCC649C60C9C4AD99D34E111DD9BC6BD3DB3ADC40902C14_},
        hash: [Function: hash],
        blockchainLogs: '[ 4][t 0][2024-10-30 23:27:19.997000][transaction.cpp:443]\tunpacking account 525D79B589F1D73B879432CD1A596C0F9C42CF460467BBB795DA5A20C021C138\n' +
          '[ 4][t 0][2024-10-30 23:27:19.997000][transaction.cpp:274]\tlast_paid=1732922839; cells=231 bits=83982 public_cells=0\n' +
          '[ 4][t 0][2024-10-30 23:27:19.997000][transaction.cpp:504]\tend of Account.unpack() for 0:525D79B589F1D73B879432CD1A596C0F9C42CF460467BBB795DA5A20C021C138 (balance = 1051000000ng ; last_trans_lt = 42000000..42000003)\n' +
          '[ 4][t 0][2024-10-30 23:27:19.997000][transaction.cpp:3655]\tblock random seed set to 0000000000000000000000000000000000000000000000000000000000000000\n' +
          '[ 4][t 0][2024-10-30 23:27:19.997000][transaction.cpp:1236]\tgas limits: max=1000000, limit=179320, credit=0\n' +
          '[ 4][t 0][2024-10-30 23:27:19.997000][transaction.cpp:1575]\tin_msg_state is null\n' +
          '[ 4][t 0][2024-10-30 23:27:19.997000][transaction.cpp:1645]\tcreating VM\n' +
          '[ 4][t 0][2024-10-30 23:27:19.997000][transaction.cpp:1351]\tSmartContractInfo initialized with [ 124711402 0 0 1732922839 43000000 43000000 14068792954309835536948273256715513127174070948738620016199408580766834334284 [ 1122728098 (null) ] CS{Cell{0271c00525d79b589f1d73b879432cd1a596c0f9c42cf460467bbb795da5a20c021c1383cec05203833a526eb8000000000a037a0d0fa93f301340} bits: 1..268; refs: 0..0} C{A7EC01478F770EF8F8B037CC7E42F0ABF0D85A50E1828C2394DAD1411691F2DE} C{42B6F0E46484EFC57B9508F6BA7EF42E7512023D5CB4ED5628DD1C7755D16E9D} [ 71728098 (null) ] 0 (null) [ CS{Cell{004dd06600000000000000000000000080000000000000fa00000000000001f4000000000003d09040} bits: 9..305; refs: 0..0} (null) CS{Cell{0094d1000000000000006400000000000f4240de000000002710000000000000000f42400000000002160ec0000000000000271000000000002625a00000000005f5e100000000003b9aca00} bits: 0..592; refs: 0..0} CS{Cell{0094d100000000000000640000000000009c40de000000000190000000000000000f424000000000000f4240000000000000271000000000009896800000000005f5e100000000003b9aca00} bits: 0..592; refs: 0..0} CS{Cell{0042ea000000000098968000000000271000000000000f424000000001800055555555} bits: 0..264; refs: 0..0} CS{Cell{0042ea0000000000061a800000000001900000000000009c4000000001800055555555} bits: 0..264; refs: 0..0} (null) ] 0 (null) ]\n' +
          '[ 4][t 0][2024-10-30 23:27:19.998000][transaction.cpp:1675]\tstarting VM\n' +
          '[ 4][t 0][2024-10-30 23:27:19.999000][transaction.cpp:1680]\tVM terminated with exit code 0\n' +
          '[ 3][t 0][2024-10-30 23:27:19.999000][transaction.cpp:1702]\tsteps: 741 gas: used=26916, max=1000000, limit=179320, credit=0\n' +
          '[ 3][t 0][2024-10-30 23:27:19.999000][transaction.cpp:1704]\tout_of_gas=false, accepted=true, success=true, time=0.000936s\n' +
          '[ 4][t 0][2024-10-30 23:27:19.999000][transaction.cpp:1737]\tgas fees: 10766400 = 26214400 * 26916 /2^16 ; price=26214400; flat rate=[40000 for 100]; remaining balance=1111961698ng\n' +
          '[ 3][t 0][2024-10-30 23:27:19.999000][transaction.cpp:2678]\tin try_action_reserve_currency(0)\n' +
          '[ 4][t 0][2024-10-30 23:27:19.999000][transaction.cpp:2684]\taction_reserve_currency: mode=0, reserve=101000000ng, balance=1111961698ng, original balance=1051000000ng\n' +
          '[ 3][t 0][2024-10-30 23:27:19.999000][transaction.cpp:2729]\tchanged remaining balance to 1010961698ng, reserved balance to 101000000ng\n' +
          '[ 4][t 0][2024-10-30 23:27:19.999000][transaction.cpp:2448]\tstorage paid for a message: 0 cells, 0 bits\n' +
          '[ 4][t 0][2024-10-30 23:27:19.999000][transaction.cpp:2452]\tcomputed fwd fees = 400000 + 0\n' +
          '[ 4][t 0][2024-10-30 23:27:19.999000][transaction.cpp:2448]\tstorage paid for a message: 0 cells, 0 bits\n' +
          '[ 4][t 0][2024-10-30 23:27:19.999000][transaction.cpp:2452]\tcomputed fwd fees = 400000 + 0\n',
        vmLogs: 'xecute EQUAL\n' +
          'execute THROWIF 137\n' +
          'execute PUSHPOW2 10\n' +
          'execute EQUAL\n' +
          'execute THROWIFNOT 136\n' +
          'execute STSLICER\n' +
          'execute ENDC\n' +
          'execute ROT\n' +
          'execute STREF\n' +
          'execute ENDC\n' +
          'execute SWAP\n' +
          'execute STREF\n' +
          'execute implicit RET\n' +
          'execute ENDC\n' +
          'execute POP c4\n' +
          'execute implicit RET\n',
        debugLogs: '',
        events: [ [Object], [Object] ],
        parent: {
          address: 101852738109603725607761920797369865272772728943991090530178890834824226043772n,
          lt: 40000000n,
          prevTransactionHash: 4682091288296202738053170890718539877427384883363927100988792108788933860175n,
          prevTransactionLt: 27000000n,
          now: 1732922839,
          outMessagesCount: 1,
          oldStatus: 'active',
          endStatus: 'active',
          inMessage: [Object],
          outMessages: [Dictionary],
          totalFees: [Object],
          stateUpdate: [Object],
          description: [Object],
          raw: x{7E12E9B5A9ADF7C908B113242524E81F00F28287FE1829FB614C604014052777C0000000002625A000A59F8420BD92E80A3DA267AC92043131179E8D0BD64EF5B5653A665DF4E1B4F00000000019BFCC0674A4DD7000346A2CE5E}
           x{E_}
            x{6800A4BAF36B13E3AE770F28659A34B2D81F38859E8C08CF776F2BB4B4418043827100384BA6D6A6B7DF2422C44C909493A07C03CA0A1FF860A7ED8531810050149DDF10101931000609BBB0000000000487AB04CE949BAE5E137A640000000000000000C_}
            x{DF_}
             x{6801C25D36B535BEF92116226484A49D03E01E5050FFC3053F6C298C080280A4EEF90014975E6D627C75CEE1E50CB346965B03E710B3D18119EEEDE57696883008704E101119EF88060DFF5E0000000004C4B402CE949BAEC_}
              x{2A004A0500000000000000010000000000000000000000000000000000000000000000000000000000000000400B75A3E1A6460F415CE3721F308920C4B456F3B977F39EB26CED9155308A976CC}
           x{7295296A75BAE881933B01086ED30EDF760BD8A35289790617AFA4826C6ABE16BC6BBEAAC0D2165A74175871B09FADA241C548DD32BDCA4764E52B71AB4F53478D}
           x{04C4360789010193101867A1E811_}
            x{44E28C0A4D9000000000000000013D00000000000000000000000000000000000000000000000000000000000000000000000000000000000000000000000000000000000000000000000000000000}
            x{C9853FC04C0DFF44000000000002000000000003FFB2652E35979066CAC0633284C4E8042DB1FCB29F76FDFE1F06536CEE4DA4744090296C_},
          hash: [Function: hash],
          blockchainLogs: '[ 4][t 0][2024-10-30 23:27:19.986000][transaction.cpp:443]\tunpacking account E12E9B5A9ADF7C908B113242524E81F00F28287FE1829FB614C604014052777C\n' +
            '[ 4][t 0][2024-10-30 23:27:19.986000][transaction.cpp:274]\tlast_paid=1730330839; cells=30 bits=12911 public_cells=0\n' +
            '[ 4][t 0][2024-10-30 23:27:19.986000][transaction.cpp:504]\tend of Account.unpack() for 0:E12E9B5A9ADF7C908B113242524E81F00F28287FE1829FB614C604014052777C (balance = 10000000ng ; last_trans_lt = 27000000..27000002)\n' +
            '[ 4][t 0][2024-10-30 23:27:19.986000][transaction.cpp:3655]\tblock random seed set to 0000000000000000000000000000000000000000000000000000000000000000\n' +
            '[ 4][t 0][2024-10-30 23:27:19.986000][transaction.cpp:1236]\tgas limits: max=191044, limit=168804, credit=0\n' +
            '[ 4][t 0][2024-10-30 23:27:19.986000][transaction.cpp:1575]\tin_msg_state is null\n' +
            '[ 4][t 0][2024-10-30 23:27:19.986000][transaction.cpp:1645]\tcreating VM\n' +
            '[ 4][t 0][2024-10-30 23:27:19.986000][transaction.cpp:1351]\tSmartContractInfo initialized with [ 124711402 0 0 1732922839 40000000 40000000 43870772645377937883531240781324653013999287705787709612543318804107744319189 [ 76417698 (null) ] CS{Cell{026dc00e12e9b5a9adf7c908b113242524e81f00f28287fe1829fb614c604014052777c23c8c9bc3391606b800000000066ff308e625a01340} bits: 1..268; refs: 0..0} C{A7EC01478F770EF8F8B037CC7E42F0ABF0D85A50E1828C2394DAD1411691F2DE} C{33BB148A451AD17F938AA7C476E48F2B79933715F13F1D58F9234A90730321A8} [ 67521600 (null) ] 1103902 (null) [ CS{Cell{004dd06600000000000000000000000080000000000000fa00000000000001f4000000000003d09040} bits: 9..305; refs: 0..0} (null) CS{Cell{0094d1000000000000006400000000000f4240de000000002710000000000000000f42400000000002160ec0000000000000271000000000002625a00000000005f5e100000000003b9aca00} bits: 0..592; refs: 0..0} CS{Cell{0094d100000000000000640000000000009c40de000000000190000000000000000f424000000000000f4240000000000000271000000000009896800000000005f5e100000000003b9aca00} bits: 0..592; refs: 0..0} CS{Cell{0042ea000000000098968000000000271000000000000f424000000001800055555555} bits: 0..264; refs: 0..0} CS{Cell{0042ea0000000000061a800000000001900000000000009c4000000001800055555555} bits: 0..264; refs: 0..0} (null) ] 0 (null) ]\n' +
            '[ 4][t 0][2024-10-30 23:27:19.986000][transaction.cpp:1675]\tstarting VM\n' +
            '[ 4][t 0][2024-10-30 23:27:19.987000][transaction.cpp:1680]\tVM terminated with exit code 0\n' +
            '[ 3][t 0][2024-10-30 23:27:19.987000][transaction.cpp:1702]\tsteps: 317 gas: used=10004, max=191044, limit=168804, credit=0\n' +
            '[ 3][t 0][2024-10-30 23:27:19.987000][transaction.cpp:1704]\tout_of_gas=false, accepted=true, success=true, time=0.000468s\n' +
            '[ 4][t 0][2024-10-30 23:27:19.987000][transaction.cpp:1737]\tgas fees: 4001600 = 26214400 * 10004 /2^16 ; price=26214400; flat rate=[40000 for 100]; remaining balance=72416098ng\n' +
            '[ 4][t 0][2024-10-30 23:27:19.987000][transaction.cpp:2448]\tstorage paid for a message: 1 cells, 620 bits\n' +
            '[ 4][t 0][2024-10-30 23:27:19.987000][transaction.cpp:2452]\tcomputed fwd fees = 688000 + 0\n',
          vmLogs: 'e implicit RET\n' +
            'execute OVER\n' +
            'execute ISNULL\n' +
            'execute NOT\n' +
            'execute PUSHCONT x7F01CA00CC\n' +
            'execute PUSHCONT x7032CA00\n' +
            'execute IFELSE\n' +
            'execute PUSHINT -1\n' +
            'execute SWAP\n' +
            'execute STI 1\n' +
            'execute STREF\n' +
            'execute implicit RET\n' +
            'execute ENDC\n' +
            'execute POP c4\n' +
            'execute implicit RET\n',
          debugLogs: '',
          events: [Array],
          parent: [Object],
          children: [Array],
          externals: []
        },
        children: [ [Object], [Object] ],
        externals: []
      },
      {
        address: 105818132960003171416304597453717637701794574747475969910003481004036112389684n,
        lt: 44000000n,
        prevTransactionHash: 77062713660168228128070917099382018605688488604751142167807390666858939198133n,
        prevTransactionLt: 33000000n,
        now: 1732922839,
        outMessagesCount: 0,
        oldStatus: 'active',
        endStatus: 'active',
        inMessage: { info: [Object], init: null, body: x{} },
        outMessages: Dictionary { _key: [Object], _value: [Object], _map: Map(0) {} },
        totalFees: { coins: 123600n },
        stateUpdate: {
          oldHash: <Buffer 5c 77 11 f5 07 60 a5 9e 26 2d d1 6c 0c 91 cf b7 2a 0d 32 02 05 98 5e 34 20 85 d1 eb 53 67 91 c6>,
          newHash: <Buffer 22 46 60 8a f0 6a ed 91 a4 c5 c3 5f 63 98 7c 1a 7f 81 0d 13 95 38 ee 54 53 a8 69 60 d1 01 85 b0>
        },
        description: {
          type: 'generic',
          creditFirst: true,
          storagePhase: [Object],
          creditPhase: [Object],
          computePhase: [Object],
          actionPhase: [Object],
          bouncePhase: undefined,
          aborted: false,
          destroyed: false
        },
        raw: x{7E9F2F0D84B872955EA7531CD76AA1708C7F19E9781FF03939BD35BA547EE163400000000029F6300AA5FF342F8376AAED5AA8F636F086A1FFFA523DE9E56CD81E591A7940532AAB50000000001F78A40674A4DD700014603C5A0}
         x{A_}
          x{480173A49878148A4F6041C04B952AC2638BD6A1025222AF84BFAF2C3BE5A07436D5003A7CBC3612E1CA557A9D4C735DAA85C231FC67A5E07FC0E4E6F4D6E951FB858D10BE1E264C0608235A0000000004E33882CE949BAE4_}
         x{725C7711F50760A59E262DD16C0C91CFB72A0D320205985E342085D1EB536791C62246608AF06AED91A4C5C35F63987C1A7F810D139538EE5453A86960D10185B0}
         x{0C090BE1E264D8603C5A11_}
          x{4026AC3D090000000000000000000500000000000000000000000000000000000000000000000000000000000000000000000000000000000000000000000000000000000000000000000000000000}
          x{C00000000000000000000000012D452DA449E50B8CF7DD27861F146122AFE1B546BB8B70FC8216F0C614139F8E04_},
        hash: [Function: hash],
        blockchainLogs: '[ 4][t 0][2024-10-30 23:27:20.001000][transaction.cpp:443]\tunpacking account E9F2F0D84B872955EA7531CD76AA1708C7F19E9781FF03939BD35BA547EE1634\n' +
          '[ 4][t 0][2024-10-30 23:27:20.001000][transaction.cpp:274]\tlast_paid=1732922839; cells=6 bits=821 public_cells=0\n' +
          '[ 4][t 0][2024-10-30 23:27:20.001000][transaction.cpp:504]\tend of Account.unpack() for 0:E9F2F0D84B872955EA7531CD76AA1708C7F19E9781FF03939BD35BA547EE1634 (balance = 999998997584476ng ; last_trans_lt = 33000000..33000002)\n' +
          '[ 4][t 0][2024-10-30 23:27:20.001000][transaction.cpp:3655]\tblock random seed set to 0000000000000000000000000000000000000000000000000000000000000000\n' +
          '[ 4][t 0][2024-10-30 23:27:20.001000][transaction.cpp:1236]\tgas limits: max=1000000, limit=1000000, credit=0\n' +
          '[ 4][t 0][2024-10-30 23:27:20.001000][transaction.cpp:1575]\tin_msg_state is null\n' +
          '[ 4][t 0][2024-10-30 23:27:20.001000][transaction.cpp:1645]\tcreating VM\n' +
          '[ 4][t 0][2024-10-30 23:27:20.001000][transaction.cpp:1351]\tSmartContractInfo initialized with [ 124711402 0 0 1732922839 44000000 44000000 60210483465141978598827679003117970236339845468170532052053411751718225576024 [ 999999794996207 (null) ] CS{Cell{0275c00e9f2f0d84b872955ea7531cd76aa1708c7f19e9781ff03939bd35ba547ee163420c80cd433a526eb80000000007de2909c0e35f9a41b6971340} bits: 1..268; refs: 0..0} C{A7EC01478F770EF8F8B037CC7E42F0ABF0D85A50E1828C2394DAD1411691F2DE} C{D992502B94EA96E7B34E5D62FFB0C6FC73D78B3E61F11F0848FB3A1EB1AFC912} [ 797411731 (null) ] 0 (null) [ CS{Cell{004dd06600000000000000000000000080000000000000fa00000000000001f4000000000003d09040} bits: 9..305; refs: 0..0} (null) CS{Cell{0094d1000000000000006400000000000f4240de000000002710000000000000000f42400000000002160ec0000000000000271000000000002625a00000000005f5e100000000003b9aca00} bits: 0..592; refs: 0..0} CS{Cell{0094d100000000000000640000000000009c40de000000000190000000000000000f424000000000000f4240000000000000271000000000009896800000000005f5e100000000003b9aca00} bits: 0..592; refs: 0..0} CS{Cell{0042ea000000000098968000000000271000000000000f424000000001800055555555} bits: 0..264; refs: 0..0} CS{Cell{0042ea0000000000061a800000000001900000000000009c4000000001800055555555} bits: 0..264; refs: 0..0} (null) ] 0 (null) ]\n' +
          '[ 4][t 0][2024-10-30 23:27:20.001000][transaction.cpp:1675]\tstarting VM\n' +
          '[ 4][t 0][2024-10-30 23:27:20.001000][transaction.cpp:1680]\tVM terminated with exit code 0\n' +
          '[ 3][t 0][2024-10-30 23:27:20.001000][transaction.cpp:1702]\tsteps: 5 gas: used=309, max=1000000, limit=1000000, credit=0\n' +
          '[ 3][t 0][2024-10-30 23:27:20.001000][transaction.cpp:1704]\tout_of_gas=false, accepted=true, success=true, time=0.000017s\n' +
          '[ 4][t 0][2024-10-30 23:27:20.002000][transaction.cpp:1737]\tgas fees: 123600 = 26214400 * 309 /2^16 ; price=26214400; flat rate=[40000 for 100]; remaining balance=999999794872607ng\n',
        vmLogs: 'execute SETCP 0\n' +
          'execute DICTPUSHCONST 19 (xC_,1)\n' +
          'execute DICTIGETJMPZ\n' +
          'execute DROP\n' +
          'execute implicit RET\n',
        debugLogs: '',
        events: [],
        parent: {
          address: 84049441022908470316622795825605090351520748406577698494615284512509455375210n,
          lt: 41000000n,
          prevTransactionHash: 50003257720310831509104384366310614157247818439259972292818793714220457436569n,
          prevTransactionLt: 37000000n,
          now: 1732922839,
          outMessagesCount: 1,
          oldStatus: 'active',
          endStatus: 'non-existing',
          inMessage: [Object],
          outMessages: [Dictionary],
          totalFees: [Object],
          stateUpdate: [Object],
          description: [Object],
          raw: x{7B9D24C3C0A4527B020E025CA956131C5EB5081291157C25FD7961DF2D03A1B6A0000000002719C406E8CD746E7E5EED6ACEF13DBC094B811D36784F36C24E4126D23AA156392A5990000000002349340674A4DD70003666BCAC6}
           x{E_}
            x{4800A4BAF36B13E3AE770F28659A34B2D81F38859E8C08CF776F2BB4B44180438271002E74930F029149EC08380972A5584C717AD4204A4455F097F5E5877CB40E86DA90BCA3A88C0656E1D8000000000487AB08CE949BAFE_}
             x{34_}
              x{FF00F4A413F4BCF2C80B}
               x{62_}
                x{D001D0D3030171B0A301FA400120D74981010BBAF2E08820D70B0A208104FFBAF2D0898309BAF2E088545053036F04F86102F862DB3C5512DB3CF2E082}
                 x{ED44D0D401F863D200018E2FD31FFA400120D74981010BBAF2E08820D70B0A208104FFBAF2D0898309BAF2E08801D2000191D4926D01E255206C13E0F828D70B0A8309BAF2E089810101D700FA400120D74981010BBAF2E08820D70B0A208104FFBAF2D0898309BAF2E0881202D101DB3C}
                  x{6D}
                 x{0192307FE07021D749C21F953020D70B1FDE208210AFE93535BA8F5130D31F018210AFE93535BAF2E081D33FFA400120D74981010BBAF2E08820D70B0A208104FFBAF2D0898309BAF2E08801D455206C1332820898968070FB024434DB3C30037083067055206D6D6DDB3C597FE0208210B8A3AA14BAE302}
                  x{F8425220C705F2E084}
                  x{C87101CA01500701CA007001CA02500520D74981010BBAF2E08820D70B0A208104FFBAF2D0898309BAF2E088CF165003FA027001CA68236EB3917F93246EB3E2973333017001CA00E30D216EB39C7F01CA0001206EF2D08001CC95317001CA00E2C901FB00}
                   x{7F01CA00C87001CA007001CA00246EB39D7F01CA0004206EF2D0805004CC9634037001CA00E2246EB39D7F01CA0004206EF2D0805004CC9634037001CA00E27001CA00027F01CA0002C958CC}
                  x{30D31F018210B8A3AA14BAF2E081D33FFA400120D74981010BBAF2E08820D70B0A208104FFBAF2D0898309BAF2E088126C12317020FB025520DB3C03708100A07055206D6D6DDB3C587F}
                   x{F8425220C705F2E084}
                   x{C87101CA01500701CA007001CA02500520D74981010BBAF2E08820D70B0A208104FFBAF2D0898309BAF2E088CF165003FA027001CA68236EB3917F93246EB3E2973333017001CA00E30D216EB39C7F01CA0001206EF2D08001CC95317001CA00E2C901FB00}
                    x{7F01CA00C87001CA007001CA00246EB39D7F01CA0004206EF2D0805004CC9634037001CA00E2246EB39D7F01CA0004206EF2D0805004CC9634037001CA00E27001CA00027F01CA0002C958CC}
                  x{8210E601F8E5BA8ECED31F018210E601F8E5BAF2E081D33F0131820898968070FB02F8416F2410235F037083067F25206EF2D080542580C855208210B687AB175004CB1F12CB3FCB1FCCC9103441301443306D6DDB3C7FE03070}
                   x{C87101CA01500701CA007001CA02500520D74981010BBAF2E08820D70B0A208104FFBAF2D0898309BAF2E088CF165003FA027001CA68236EB3917F93246EB3E2973333017001CA00E30D216EB39C7F01CA0001206EF2D08001CC95317001CA00E2C901FB00}
                    x{7F01CA00C87001CA007001CA00246EB39D7F01CA0004206EF2D0805004CC9634037001CA00E2246EB39D7F01CA0004206EF2D0805004CC9634037001CA00E27001CA00027F01CA0002C958CC}
                 x{C8F84301CC7F01CA0055205023CB1F0120D74981010BBAF2E08820D70B0A208104FFBAF2D0898309BAF2E088CF16216EB3957F01CA00CC947032CA00E2C9ED54}
                x{2_}
                 x{BE28EED9E6D9E3618C_}
                  x{ED44D0D401F863D200018E2FD31FFA400120D74981010BBAF2E08820D70B0A208104FFBAF2D0898309BAF2E08801D2000191D4926D01E255206C13E0F828D70B0A8309BAF2E089810101D700FA400120D74981010BBAF2E08820D70B0A208104FFBAF2D0898309BAF2E0881202D101DB3C}
                   x{6D}
                  x{21}
                 x{2_}
                  x{4}
                   x{B1D8B6CF36CF1B0C6_}
                    x{ED44D0D401F863D200018E2FD31FFA400120D74981010BBAF2E08820D70B0A208104FFBAF2D0898309BAF2E08801D2000191D4926D01E255206C13E0F828D70B0A8309BAF2E089810101D700FA400120D74981010BBAF2E08820D70B0A208104FFBAF2D0898309BAF2E0881202D101DB3C}
                     x{6D}
                    x{20}
                   x{B36436CF36CF1B0C6_}
                    x{ED44D0D401F863D200018E2FD31FFA400120D74981010BBAF2E08820D70B0A208104FFBAF2D0898309BAF2E08801D2000191D4926D01E255206C13E0F828D70B0A8309BAF2E089810101D700FA400120D74981010BBAF2E08820D70B0A208104FFBAF2D0898309BAF2E0881202D101DB3C}
                     x{6D}
                    x{22}
                  x{B82BEED44D0D20001}
              x{0000000000000000000000000000000000000000000000000000000000000000200292EBCDAC4F8EB9DC3CA19668D2CB607CE2167A30233DDDBCAED2D106010E09C4_}
               x{C_}
                x{A0838F_}
                 x{FF00F4A413F4BCF2C80B}
                  x{62_}
                   x{D001D0D3030171B0A301FA400120D74981010BBAF2E08820D70B0A208104FFBAF2D0898309BAF2E088545053036F04F86102F862DB3C5512DB3CF2E082}
                    x{ED44D0D401F863D200018E2FD31FFA400120D74981010BBAF2E08820D70B0A208104FFBAF2D0898309BAF2E08801D2000191D4926D01E255206C13E0F828D70B0A8309BAF2E089810101D700FA400120D74981010BBAF2E08820D70B0A208104FFBAF2D0898309BAF2E0881202D101DB3C}
                     x{6D}
                    x{0192307FE07021D749C21F953020D70B1FDE208210AFE93535BA8F5130D31F018210AFE93535BAF2E081D33FFA400120D74981010BBAF2E08820D70B0A208104FFBAF2D0898309BAF2E08801D455206C1332820898968070FB024434DB3C30037083067055206D6D6DDB3C597FE0208210B8A3AA14BAE302}
                     x{F8425220C705F2E084}
                     x{C87101CA01500701CA007001CA02500520D74981010BBAF2E08820D70B0A208104FFBAF2D0898309BAF2E088CF165003FA027001CA68236EB3917F93246EB3E2973333017001CA00E30D216EB39C7F01CA0001206EF2D08001CC95317001CA00E2C901FB00}
                      x{7F01CA00C87001CA007001CA00246EB39D7F01CA0004206EF2D0805004CC9634037001CA00E2246EB39D7F01CA0004206EF2D0805004CC9634037001CA00E27001CA00027F01CA0002C958CC}
                     x{30D31F018210B8A3AA14BAF2E081D33FFA400120D74981010BBAF2E08820D70B0A208104FFBAF2D0898309BAF2E088126C12317020FB025520DB3C03708100A07055206D6D6DDB3C587F}
                      x{F8425220C705F2E084}
                      x{C87101CA01500701CA007001CA02500520D74981010BBAF2E08820D70B0A208104FFBAF2D0898309BAF2E088CF165003FA027001CA68236EB3917F93246EB3E2973333017001CA00E30D216EB39C7F01CA0001206EF2D08001CC95317001CA00E2C901FB00}
                       x{7F01CA00C87001CA007001CA00246EB39D7F01CA0004206EF2D0805004CC9634037001CA00E2246EB39D7F01CA0004206EF2D0805004CC9634037001CA00E27001CA00027F01CA0002C958CC}
                     x{8210E601F8E5BA8ECED31F018210E601F8E5BAF2E081D33F0131820898968070FB02F8416F2410235F037083067F25206EF2D080542580C855208210B687AB175004CB1F12CB3FCB1FCCC9103441301443306D6DDB3C7FE03070}
                      x{C87101CA01500701CA007001CA02500520D74981010BBAF2E08820D70B0A208104FFBAF2D0898309BAF2E088CF165003FA027001CA68236EB3917F93246EB3E2973333017001CA00E30D216EB39C7F01CA0001206EF2D08001CC95317001CA00E2C901FB00}
                       x{7F01CA00C87001CA007001CA00246EB39D7F01CA0004206EF2D0805004CC9634037001CA00E2246EB39D7F01CA0004206EF2D0805004CC9634037001CA00E27001CA00027F01CA0002C958CC}
                    x{C8F84301CC7F01CA0055205023CB1F0120D74981010BBAF2E08820D70B0A208104FFBAF2D0898309BAF2E088CF16216EB3957F01CA00CC947032CA00E2C9ED54}
                   x{2_}
                    x{BE28EED9E6D9E3618C_}
                     x{ED44D0D401F863D200018E2FD31FFA400120D74981010BBAF2E08820D70B0A208104FFBAF2D0898309BAF2E08801D2000191D4926D01E255206C13E0F828D70B0A8309BAF2E089810101D700FA400120D74981010BBAF2E08820D70B0A208104FFBAF2D0898309BAF2E0881202D101DB3C}
                      x{6D}
                     x{21}
                    x{2_}
                     x{4}
                      x{B1D8B6CF36CF1B0C6_}
                       x{ED44D0D401F863D200018E2FD31FFA400120D74981010BBAF2E08820D70B0A208104FFBAF2D0898309BAF2E08801D2000191D4926D01E255206C13E0F828D70B0A8309BAF2E089810101D700FA400120D74981010BBAF2E08820D70B0A208104FFBAF2D0898309BAF2E0881202D101DB3C}
                        x{6D}
                       x{20}
                      x{B36436CF36CF1B0C6_}
                       x{ED44D0D401F863D200018E2FD31FFA400120D74981010BBAF2E08820D70B0A208104FFBAF2D0898309BAF2E08801D2000191D4926D01E255206C13E0F828D70B0A8309BAF2E089810101D700FA400120D74981010BBAF2E08820D70B0A208104FFBAF2D0898309BAF2E0881202D101DB3C}
                        x{6D}
                       x{22}
                     x{B82BEED44D0D20001}
             x{B8A3AA140000000000000000801D3E5E1B0970E52ABD4EA639AED542E118FE33D2F03FE072737A6B74A8FDC2C69_}
            x{DF_}
             x{480173A49878148A4F6041C04B952AC2638BD6A1025222AF84BFAF2C3BE5A07436D5003A7CBC3612E1CA557A9D4C735DAA85C231FC67A5E07FC0E4E6F4D6E951FB858D10BE1E264C0608235A0000000004E33882CE949BAE4_}
           x{72FC502E36E9B41D0034AA5613BE78B1E86A5CC366C104006C08A57E26F83EFB1D90AEC8965AFABB16EBC3CB9B408EBAE71B618D78788BC80D09843593CAC98DA4}
           x{0C090BCA3A88D8667B9213_}
            x{44262C3D09000000000000000000FA00000000000000000000000000000000000000000000000000000000000000000000000000000000000000000000000000000000000000000000000000000000}
            x{DCC186A0260411A6000000000002000100000001F01808E7C65384854FD0A4F77793F95695733B675EB306C4FAC3CFF546A3D22720280B06_},
          hash: [Function: hash],
          blockchainLogs: '[ 4][t 0][2024-10-30 23:27:19.989000][transaction.cpp:443]\tunpacking account B9D24C3C0A4527B020E025CA956131C5EB5081291157C25FD7961DF2D03A1B6A\n' +
            '[ 4][t 0][2024-10-30 23:27:19.989000][transaction.cpp:274]\tlast_paid=1732922839; cells=28 bits=7123 public_cells=0\n' +
            '[ 4][t 0][2024-10-30 23:27:19.989000][transaction.cpp:504]\tend of Account.unpack() for 0:B9D24C3C0A4527B020E025CA956131C5EB5081291157C25FD7961DF2D03A1B6A (balance = 10000000ng ; last_trans_lt = 37000000..37000002)\n' +
            '[ 4][t 0][2024-10-30 23:27:19.989000][transaction.cpp:3655]\tblock random seed set to 0000000000000000000000000000000000000000000000000000000000000000\n' +
            '[ 4][t 0][2024-10-30 23:27:19.989000][transaction.cpp:1236]\tgas limits: max=1000000, limit=1000000, credit=0\n' +
            '[ 4][t 0][2024-10-30 23:27:19.989000][transaction.cpp:1571]\tHASH(in_msg_state) = B9D24C3C0A4527B020E025CA956131C5EB5081291157C25FD7961DF2D03A1B6A, account_state_hash = 0000000000000000000000000000000000000000000000000000000000000000\n' +
            '[ 4][t 0][2024-10-30 23:27:19.989000][transaction.cpp:1645]\tcreating VM\n' +
            '[ 4][t 0][2024-10-30 23:27:19.989000][transaction.cpp:1351]\tSmartContractInfo initialized with [ 124711402 0 0 1732922839 41000000 41000000 84630195367514639409622924175749312199831056191303332875639359062248049886761 [ 801210531 (null) ] CS{Cell{026dc00b9d24c3c0a4527b020e025ca956131c5eb5081291157c25fd7961df2d03a1b6a23886f4c33a526eb80000000008d24d08e625a01340} bits: 1..268; refs: 0..0} C{A7EC01478F770EF8F8B037CC7E42F0ABF0D85A50E1828C2394DAD1411691F2DE} C{F2179DCD5CFD8A1E113288591FFB7A5E10E107D0D2C36DF69E40398023DAA7B1} [ 791210531 (null) ] 0 (null) [ CS{Cell{004dd06600000000000000000000000080000000000000fa00000000000001f4000000000003d09040} bits: 9..305; refs: 0..0} (null) CS{Cell{0094d1000000000000006400000000000f4240de000000002710000000000000000f42400000000002160ec0000000000000271000000000002625a00000000005f5e100000000003b9aca00} bits: 0..592; refs: 0..0} CS{Cell{0094d100000000000000640000000000009c40de000000000190000000000000000f424000000000000f4240000000000000271000000000009896800000000005f5e100000000003b9aca00} bits: 0..592; refs: 0..0} CS{Cell{0042ea000000000098968000000000271000000000000f424000000001800055555555} bits: 0..264; refs: 0..0} CS{Cell{0042ea0000000000061a800000000001900000000000009c4000000001800055555555} bits: 0..264; refs: 0..0} (null) ] 0 (null) ]\n' +
            '[ 4][t 0][2024-10-30 23:27:19.989000][transaction.cpp:1675]\tstarting VM\n' +
            '[ 4][t 0][2024-10-30 23:27:19.990000][transaction.cpp:1680]\tVM terminated with exit code 0\n' +
            '[ 3][t 0][2024-10-30 23:27:19.990000][transaction.cpp:1702]\tsteps: 250 gas: used=8497, max=1000000, limit=1000000, credit=0\n' +
            '[ 3][t 0][2024-10-30 23:27:19.990000][transaction.cpp:1704]\tout_of_gas=false, accepted=true, success=true, time=0.000405s\n' +
            '[ 4][t 0][2024-10-30 23:27:19.990000][transaction.cpp:1737]\tgas fees: 3398800 = 26214400 * 8497 /2^16 ; price=26214400; flat rate=[40000 for 100]; remaining balance=797811731ng\n' +
            '[ 3][t 0][2024-10-30 23:27:19.990000][transaction.cpp:2678]\tin try_action_reserve_currency(0)\n' +
            '[ 4][t 0][2024-10-30 23:27:19.990000][transaction.cpp:2684]\taction_reserve_currency: mode=0, reserve=0ng, balance=797811731ng, original balance=10000000ng\n' +
            '[ 3][t 0][2024-10-30 23:27:19.990000][transaction.cpp:2729]\tchanged remaining balance to 797811731ng, reserved balance to 0ng\n' +
            '[ 4][t 0][2024-10-30 23:27:19.990000][transaction.cpp:2448]\tstorage paid for a message: 0 cells, 0 bits\n' +
            '[ 4][t 0][2024-10-30 23:27:19.990000][transaction.cpp:2452]\tcomputed fwd fees = 400000 + 0\n',
          vmLogs: 'ecute STSLICER\n' +
            'execute OVER\n' +
            'execute ISNULL\n' +
            'execute NOT\n' +
            'execute PUSHCONT x7F01CA00CC\n' +
            'execute PUSHCONT x7032CA00\n' +
            'execute IFELSE\n' +
            'execute PUSHINT -1\n' +
            'execute SWAP\n' +
            'execute STI 1\n' +
            'execute STREF\n' +
            'execute implicit RET\n' +
            'execute ENDC\n' +
            'execute POP c4\n' +
            'execute implicit RET\n',
          debugLogs: '',
          events: [Array],
          parent: [Object],
          children: [Array],
          externals: []
        },
        children: [],
        externals: []
      },
      {
        address: 58472766802306075836644181314469769209867032629105944563722669090714916911778n,
        lt: 45000000n,
        prevTransactionHash: 11223348095556292982373836165027496039351257881229897416324593811601477327787n,
        prevTransactionLt: 26000000n,
        now: 1732922839,
        outMessagesCount: 0,
        oldStatus: 'active',
        endStatus: 'active',
        inMessage: { info: [Object], init: null, body: x{} },
        outMessages: Dictionary { _key: [Object], _value: [Object], _map: Map(0) {} },
        totalFees: { coins: 274724n },
        stateUpdate: {
          oldHash: <Buffer 4c d5 65 ba 06 83 68 81 7c 79 c2 3e b0 2f c5 98 9a 03 0c 69 4f 1d 0a 00 0e f2 8d 0d 8a ab 05 cc>,
          newHash: <Buffer a2 d2 de cb 97 75 6a 2b 77 f8 61 ef 15 1f e3 f0 7e 1f 43 64 e3 c9 1a d1 9e 61 d4 bc bb cc d8 0b>
        },
        description: {
          type: 'generic',
          creditFirst: false,
          storagePhase: [Object],
          creditPhase: [Object],
          computePhase: [Object],
          actionPhase: [Object],
          bouncePhase: undefined,
          aborted: false,
          destroyed: false
        },
        raw: x{7814669C6B54FD8B2DD8E93AAA6E5DE45BD032703F7A61C194AB414089B0A7AA20000000002AEA54018D0309DDF995804A6A7F52E58D99ADEAA044C83C84C8B3899B61127E91FDBAB00000000018CBA80674A4DD7000146086248}
         x{A_}
          x{6800A4BAF36B13E3AE770F28659A34B2D81F38859E8C08CF776F2BB4B441804382710020519A71AD53F62CB763A4EAA9B977916F40C9C0FDE9870652AD050226C29EA890FA19E1000608235A000000000501BD02CE949BAE4_}
         x{724CD565BA068368817C79C23EB02FC5989A030C694F1D0A000EF28D0D8AAB05CCA2D2DECB97756A2B77F861EF151FE3F07E1F4364E3C91AD19E61D4BCBBCCD80B}
         x{04C09395090FA19E1018603C5A11_}
          x{4026AC3D090000000000000000000500000000000000000000000000000000000000000000000000000000000000000000000000000000000000000000000000000000000000000000000000000000}
          x{C00000000000000000000000012D452DA449E50B8CF7DD27861F146122AFE1B546BB8B70FC8216F0C614139F8E04_},
        hash: [Function: hash],
        blockchainLogs: '[ 4][t 0][2024-10-30 23:27:20.003000][transaction.cpp:443]\tunpacking account 814669C6B54FD8B2DD8E93AAA6E5DE45BD032703F7A61C194AB414089B0A7AA2\n' +
          '[ 4][t 0][2024-10-30 23:27:20.003000][transaction.cpp:274]\tlast_paid=1730330839; cells=6 bits=821 public_cells=0\n' +
          '[ 4][t 0][2024-10-30 23:27:20.003000][transaction.cpp:504]\tend of Account.unpack() for 0:814669C6B54FD8B2DD8E93AAA6E5DE45BD032703F7A61C194AB414089B0A7AA2 (balance = 999998964250400ng ; last_trans_lt = 26000000..26000001)\n' +
          '[ 4][t 0][2024-10-30 23:27:20.003000][transaction.cpp:3655]\tblock random seed set to 0000000000000000000000000000000000000000000000000000000000000000\n' +
          '[ 4][t 0][2024-10-30 23:27:20.003000][transaction.cpp:1236]\tgas limits: max=1000000, limit=1000000, credit=0\n' +
          '[ 4][t 0][2024-10-30 23:27:20.003000][transaction.cpp:1575]\tin_msg_state is null\n' +
          '[ 4][t 0][2024-10-30 23:27:20.003000][transaction.cpp:1645]\tcreating VM\n' +
          '[ 4][t 0][2024-10-30 23:27:20.003000][transaction.cpp:1351]\tSmartContractInfo initialized with [ 124711402 0 0 1732922839 45000000 45000000 115447700146533501994236152434741364412838807905984067774762833459387322310298 [ 1000000013099276 (null) ] CS{Cell{0275c00814669c6b54fd8b2dd8e93aaa6e5de45bd032703f7a61c194ab414089b0a7aa220c80cd43391606b8000000000632ea05c0e35f99c28dc81340} bits: 1..268; refs: 0..0} C{A7EC01478F770EF8F8B037CC7E42F0ABF0D85A50E1828C2394DAD1411691F2DE} C{D992502B94EA96E7B34E5D62FFB0C6FC73D78B3E61F11F0848FB3A1EB1AFC912} [ 1049000000 (null) ] 151124 (null) [ CS{Cell{004dd06600000000000000000000000080000000000000fa00000000000001f4000000000003d09040} bits: 9..305; refs: 0..0} (null) CS{Cell{0094d1000000000000006400000000000f4240de000000002710000000000000000f42400000000002160ec0000000000000271000000000002625a00000000005f5e100000000003b9aca00} bits: 0..592; refs: 0..0} CS{Cell{0094d100000000000000640000000000009c40de000000000190000000000000000f424000000000000f4240000000000000271000000000009896800000000005f5e100000000003b9aca00} bits: 0..592; refs: 0..0} CS{Cell{0042ea000000000098968000000000271000000000000f424000000001800055555555} bits: 0..264; refs: 0..0} CS{Cell{0042ea0000000000061a800000000001900000000000009c4000000001800055555555} bits: 0..264; refs: 0..0} (null) ] 0 (null) ]\n' +
          '[ 4][t 0][2024-10-30 23:27:20.003000][transaction.cpp:1675]\tstarting VM\n' +
          '[ 4][t 0][2024-10-30 23:27:20.003000][transaction.cpp:1680]\tVM terminated with exit code 0\n' +
          '[ 3][t 0][2024-10-30 23:27:20.003000][transaction.cpp:1702]\tsteps: 5 gas: used=309, max=1000000, limit=1000000, credit=0\n' +
          '[ 3][t 0][2024-10-30 23:27:20.003000][transaction.cpp:1704]\tout_of_gas=false, accepted=true, success=true, time=0.000017s\n' +
          '[ 4][t 0][2024-10-30 23:27:20.003000][transaction.cpp:1737]\tgas fees: 123600 = 26214400 * 309 /2^16 ; price=26214400; flat rate=[40000 for 100]; remaining balance=1000000012975676ng\n',
        vmLogs: 'execute SETCP 0\n' +
          'execute DICTPUSHCONST 19 (xC_,1)\n' +
          'execute DICTIGETJMPZ\n' +
          'execute DROP\n' +
          'execute implicit RET\n',
        debugLogs: '',
        events: [],
        parent: {
          address: 37254810366437813475271750514734067285117962570475561289538093995582013161784n,
          lt: 42000000n,
          prevTransactionHash: 31226657111623281711241440935143333495409562856915633096406453425287813545208n,
          prevTransactionLt: 38000000n,
          now: 1732922839,
          outMessagesCount: 2,
          oldStatus: 'active',
          endStatus: 'active',
          inMessage: [Object],
          outMessages: [Dictionary],
          totalFees: [Object],
          stateUpdate: [Object],
          description: [Object],
          raw: x{7525D79B589F1D73B879432CD1A596C0F9C42CF460467BBB795DA5A20C021C138000000000280DE804509A95E3D07E75130525442283F4A816F2944178B1FBFD251459992E1E63CF8000000000243D580674A4DD7000547598D6C}
           x{E_}
            x{6800F99E4F01C1A7C3616D00B3681096094D190E846AE8B8DA0403AC5E7A4431E26D0014975E6D627C75CEE1E50CB346965B03E710B3D18119EEEDE57696883008704E101119EF88060DFF5E0000000004A62F82CE949BAEC_}
             x{2A004A0500000000000000000000000000000000000000000000000000000000000000000000000000000000C00814669C6B54FD8B2DD8E93AAA6E5DE45BD032703F7A61C194AB414089B0A7AA2}
            x{DD_}
             x{2_}
              x{6800A4BAF36B13E3AE770F28659A34B2D81F38859E8C08CF776F2BB4B441804382710020519A71AD53F62CB763A4EAA9B977916F40C9C0FDE9870652AD050226C29EA890FA19E1000608235A000000000501BD02CE949BAE4_}
             x{2_}
              x{6800A4BAF36B13E3AE770F28659A34B2D81F38859E8C08CF776F2BB4B44180438271003A7CBC3612E1CA557A9D4C735DAA85C231FC67A5E07FC0E4E6F4D6E951FB858D100E4647480608235A000000000501BD04CE949BAE4_}
           x{72B147BF15109820EFD8168BE4EEDDD9FD059151BB2F4AAA2584DA793443424BA5093493118DF1D65B5F9784447BB48BB62C159B0747E4EE6C5603335EC403D729}
           x{040901119EF8987516A211_}
            x{4D7F2C0AF1E00000000000000002E500000000000000000000000000000000000000000000000000000000000000000000000000000000000000000000000000000000000000000000000000000000}
            x{C9861A804C104698000000000006000200000004520F5BFAE2DB811E659CF17FB03F2335C3023F4A4B88DDB137FBD366D6D178EA40902C14_},
          hash: [Function: hash],
          blockchainLogs: '[ 4][t 0][2024-10-30 23:27:19.993000][transaction.cpp:443]\tunpacking account 525D79B589F1D73B879432CD1A596C0F9C42CF460467BBB795DA5A20C021C138\n' +
            '[ 4][t 0][2024-10-30 23:27:19.993000][transaction.cpp:274]\tlast_paid=1732922839; cells=234 bits=84033 public_cells=0\n' +
            '[ 4][t 0][2024-10-30 23:27:19.993000][transaction.cpp:504]\tend of Account.unpack() for 0:525D79B589F1D73B879432CD1A596C0F9C42CF460467BBB795DA5A20C021C138 (balance = 2100000000ng ; last_trans_lt = 38000000..38000005)\n' +
            '[ 4][t 0][2024-10-30 23:27:19.993000][transaction.cpp:3655]\tblock random seed set to 0000000000000000000000000000000000000000000000000000000000000000\n' +
            '[ 4][t 0][2024-10-30 23:27:19.993000][transaction.cpp:1236]\tgas limits: max=1000000, limit=179320, credit=0\n' +
            '[ 4][t 0][2024-10-30 23:27:19.993000][transaction.cpp:1575]\tin_msg_state is null\n' +
            '[ 4][t 0][2024-10-30 23:27:19.993000][transaction.cpp:1645]\tcreating VM\n' +
            '[ 4][t 0][2024-10-30 23:27:19.993000][transaction.cpp:1351]\tSmartContractInfo initialized with [ 124711402 0 0 1732922839 42000000 42000000 14068792954309835536948273256715513127174070948738620016199408580766834334284 [ 2171728098 (null) ] CS{Cell{0271c00525d79b589f1d73b879432cd1a596c0f9c42cf460467bbb795da5a20c021c1383d4c05210433a526eb800000000090f56151f4add401340} bits: 1..268; refs: 0..0} C{A7EC01478F770EF8F8B037CC7E42F0ABF0D85A50E1828C2394DAD1411691F2DE} C{42B6F0E46484EFC57B9508F6BA7EF42E7512023D5CB4ED5628DD1C7755D16E9D} [ 71728098 (null) ] 0 (null) [ CS{Cell{004dd06600000000000000000000000080000000000000fa00000000000001f4000000000003d09040} bits: 9..305; refs: 0..0} (null) CS{Cell{0094d1000000000000006400000000000f4240de000000002710000000000000000f42400000000002160ec0000000000000271000000000002625a00000000005f5e100000000003b9aca00} bits: 0..592; refs: 0..0} CS{Cell{0094d100000000000000640000000000009c40de000000000190000000000000000f424000000000000f4240000000000000271000000000009896800000000005f5e100000000003b9aca00} bits: 0..592; refs: 0..0} CS{Cell{0042ea000000000098968000000000271000000000000f424000000001800055555555} bits: 0..264; refs: 0..0} CS{Cell{0042ea0000000000061a800000000001900000000000009c4000000001800055555555} bits: 0..264; refs: 0..0} (null) ] 0 (null) ]\n' +
            '[ 4][t 0][2024-10-30 23:27:19.993000][transaction.cpp:1675]\tstarting VM\n' +
            '[ 4][t 0][2024-10-30 23:27:19.994000][transaction.cpp:1680]\tVM terminated with exit code 0\n' +
            '[ 3][t 0][2024-10-30 23:27:19.994000][transaction.cpp:1702]\tsteps: 741 gas: used=27641, max=1000000, limit=179320, credit=0\n' +
            '[ 3][t 0][2024-10-30 23:27:19.994000][transaction.cpp:1704]\tout_of_gas=false, accepted=true, success=true, time=0.000775s\n' +
            '[ 4][t 0][2024-10-30 23:27:19.994000][transaction.cpp:1737]\tgas fees: 11056400 = 26214400 * 27641 /2^16 ; price=26214400; flat rate=[40000 for 100]; remaining balance=2160671698ng\n' +
            '[ 3][t 0][2024-10-30 23:27:19.994000][transaction.cpp:2678]\tin try_action_reserve_currency(0)\n' +
            '[ 4][t 0][2024-10-30 23:27:19.994000][transaction.cpp:2684]\taction_reserve_currency: mode=0, reserve=1051000000ng, balance=2160671698ng, original balance=2100000000ng\n' +
            '[ 3][t 0][2024-10-30 23:27:19.994000][transaction.cpp:2729]\tchanged remaining balance to 1109671698ng, reserved balance to 1051000000ng\n' +
            '[ 4][t 0][2024-10-30 23:27:19.994000][transaction.cpp:2448]\tstorage paid for a message: 0 cells, 0 bits\n' +
            '[ 4][t 0][2024-10-30 23:27:19.994000][transaction.cpp:2452]\tcomputed fwd fees = 400000 + 0\n' +
            '[ 4][t 0][2024-10-30 23:27:19.994000][transaction.cpp:2448]\tstorage paid for a message: 0 cells, 0 bits\n' +
            '[ 4][t 0][2024-10-30 23:27:19.994000][transaction.cpp:2452]\tcomputed fwd fees = 400000 + 0\n',
          vmLogs: 'xecute EQUAL\n' +
            'execute THROWIF 137\n' +
            'execute PUSHPOW2 10\n' +
            'execute EQUAL\n' +
            'execute THROWIFNOT 136\n' +
            'execute STSLICER\n' +
            'execute ENDC\n' +
            'execute ROT\n' +
            'execute STREF\n' +
            'execute ENDC\n' +
            'execute SWAP\n' +
            'execute STREF\n' +
            'execute implicit RET\n' +
            'execute ENDC\n' +
            'execute POP c4\n' +
            'execute implicit RET\n',
          debugLogs: '',
          events: [Array],
          parent: [Object],
          children: [Array],
          externals: []
        },
        children: [],
        externals: []
      },
      {
        address: 105818132960003171416304597453717637701794574747475969910003481004036112389684n,
        lt: 46000000n,
        prevTransactionHash: 21364737457954694105280052430379761758806551515120574426692499177231217833466n,
        prevTransactionLt: 44000000n,
        now: 1732922839,
        outMessagesCount: 0,
        oldStatus: 'active',
        endStatus: 'active',
        inMessage: { info: [Object], init: null, body: x{} },
        outMessages: Dictionary { _key: [Object], _value: [Object], _map: Map(0) {} },
        totalFees: { coins: 123600n },
        stateUpdate: {
          oldHash: <Buffer 22 46 60 8a f0 6a ed 91 a4 c5 c3 5f 63 98 7c 1a 7f 81 0d 13 95 38 ee 54 53 a8 69 60 d1 01 85 b0>,
          newHash: <Buffer df 05 a0 ae c6 00 62 c3 d1 3b 2f 17 10 8d f5 8f 36 b8 2f ef d1 44 c1 e5 e1 25 f8 a2 23 e4 0a d3>
        },
        description: {
          type: 'generic',
          creditFirst: false,
          storagePhase: [Object],
          creditPhase: [Object],
          computePhase: [Object],
          actionPhase: [Object],
          bouncePhase: undefined,
          aborted: false,
          destroyed: false
        },
        raw: x{7E9F2F0D84B872955EA7531CD76AA1708C7F19E9781FF03939BD35BA547EE16340000000002BDE7802F3C034BDE617B4ECD9A3C637B1D57399593F3C34DF75E159C3431717943B5FA00000000029F6300674A4DD700014603C5A0}
         x{A_}
          x{6800A4BAF36B13E3AE770F28659A34B2D81F38859E8C08CF776F2BB4B44180438271003A7CBC3612E1CA557A9D4C735DAA85C231FC67A5E07FC0E4E6F4D6E951FB858D100E4647480608235A000000000501BD04CE949BAE4_}
         x{722246608AF06AED91A4C5C35F63987C1A7F810D139538EE5453A86960D10185B0DF05A0AEC60062C3D13B2F17108DF58F36B82FEFD144C1E5E125F8A223E40AD3}
         x{040900E4647498603C5A11_}
          x{4026AC0922BC00000000000000000500000000000000000000000000000000000000000000000000000000000000000000000000000000000000000000000000000000000000000000000000000000}
          x{C00000000000000000000000012D452DA449E50B8CF7DD27861F146122AFE1B546BB8B70FC8216F0C614139F8E04_},
        hash: [Function: hash],
        blockchainLogs: '[ 4][t 0][2024-10-30 23:27:20.004000][transaction.cpp:443]\tunpacking account E9F2F0D84B872955EA7531CD76AA1708C7F19E9781FF03939BD35BA547EE1634\n' +
          '[ 4][t 0][2024-10-30 23:27:20.005000][transaction.cpp:274]\tlast_paid=1732922839; cells=6 bits=821 public_cells=0\n' +
          '[ 4][t 0][2024-10-30 23:27:20.005000][transaction.cpp:504]\tend of Account.unpack() for 0:E9F2F0D84B872955EA7531CD76AA1708C7F19E9781FF03939BD35BA547EE1634 (balance = 999999794872607ng ; last_trans_lt = 44000000..44000001)\n' +
          '[ 4][t 0][2024-10-30 23:27:20.005000][transaction.cpp:3655]\tblock random seed set to 0000000000000000000000000000000000000000000000000000000000000000\n' +
          '[ 4][t 0][2024-10-30 23:27:20.005000][transaction.cpp:1236]\tgas limits: max=1000000, limit=149679, credit=0\n' +
          '[ 4][t 0][2024-10-30 23:27:20.005000][transaction.cpp:1575]\tin_msg_state is null\n' +
          '[ 4][t 0][2024-10-30 23:27:20.005000][transaction.cpp:1645]\tcreating VM\n' +
          '[ 4][t 0][2024-10-30 23:27:20.005000][transaction.cpp:1351]\tSmartContractInfo initialized with [ 124711402 0 0 1732922839 46000000 46000000 60210483465141978598827679003117970236339845468170532052053411751718225576024 [ 999999854744305 (null) ] CS{Cell{0275c00e9f2f0d84b872955ea7531cd76aa1708c7f19e9781ff03939bd35ba547ee163420c80cd433a526eb8000000000a7d8c05c0e35fa6232047d340} bits: 1..268; refs: 0..0} C{A7EC01478F770EF8F8B037CC7E42F0ABF0D85A50E1828C2394DAD1411691F2DE} C{D992502B94EA96E7B34E5D62FFB0C6FC73D78B3E61F11F0848FB3A1EB1AFC912} [ 59871698 (null) ] 0 (null) [ CS{Cell{004dd06600000000000000000000000080000000000000fa00000000000001f4000000000003d09040} bits: 9..305; refs: 0..0} (null) CS{Cell{0094d1000000000000006400000000000f4240de000000002710000000000000000f42400000000002160ec0000000000000271000000000002625a00000000005f5e100000000003b9aca00} bits: 0..592; refs: 0..0} CS{Cell{0094d100000000000000640000000000009c40de000000000190000000000000000f424000000000000f4240000000000000271000000000009896800000000005f5e100000000003b9aca00} bits: 0..592; refs: 0..0} CS{Cell{0042ea000000000098968000000000271000000000000f424000000001800055555555} bits: 0..264; refs: 0..0} CS{Cell{0042ea0000000000061a800000000001900000000000009c4000000001800055555555} bits: 0..264; refs: 0..0} (null) ] 0 (null) ]\n' +
          '[ 4][t 0][2024-10-30 23:27:20.005000][transaction.cpp:1675]\tstarting VM\n' +
          '[ 4][t 0][2024-10-30 23:27:20.005000][transaction.cpp:1680]\tVM terminated with exit code 0\n' +
          '[ 3][t 0][2024-10-30 23:27:20.005000][transaction.cpp:1702]\tsteps: 5 gas: used=309, max=1000000, limit=149679, credit=0\n' +
          '[ 3][t 0][2024-10-30 23:27:20.005000][transaction.cpp:1704]\tout_of_gas=false, accepted=true, success=true, time=0.000016s\n' +
          '[ 4][t 0][2024-10-30 23:27:20.005000][transaction.cpp:1737]\tgas fees: 123600 = 26214400 * 309 /2^16 ; price=26214400; flat rate=[40000 for 100]; remaining balance=999999854620705ng\n',
        vmLogs: 'execute SETCP 0\n' +
          'execute DICTPUSHCONST 19 (xC_,1)\n' +
          'execute DICTIGETJMPZ\n' +
          'execute DROP\n' +
          'execute implicit RET\n',
        debugLogs: '',
        events: [],
        parent: {
          address: 37254810366437813475271750514734067285117962570475561289538093995582013161784n,
          lt: 42000000n,
          prevTransactionHash: 31226657111623281711241440935143333495409562856915633096406453425287813545208n,
          prevTransactionLt: 38000000n,
          now: 1732922839,
          outMessagesCount: 2,
          oldStatus: 'active',
          endStatus: 'active',
          inMessage: [Object],
          outMessages: [Dictionary],
          totalFees: [Object],
          stateUpdate: [Object],
          description: [Object],
          raw: x{7525D79B589F1D73B879432CD1A596C0F9C42CF460467BBB795DA5A20C021C138000000000280DE804509A95E3D07E75130525442283F4A816F2944178B1FBFD251459992E1E63CF8000000000243D580674A4DD7000547598D6C}
           x{E_}
            x{6800F99E4F01C1A7C3616D00B3681096094D190E846AE8B8DA0403AC5E7A4431E26D0014975E6D627C75CEE1E50CB346965B03E710B3D18119EEEDE57696883008704E101119EF88060DFF5E0000000004A62F82CE949BAEC_}
             x{2A004A0500000000000000000000000000000000000000000000000000000000000000000000000000000000C00814669C6B54FD8B2DD8E93AAA6E5DE45BD032703F7A61C194AB414089B0A7AA2}
            x{DD_}
             x{2_}
              x{6800A4BAF36B13E3AE770F28659A34B2D81F38859E8C08CF776F2BB4B441804382710020519A71AD53F62CB763A4EAA9B977916F40C9C0FDE9870652AD050226C29EA890FA19E1000608235A000000000501BD02CE949BAE4_}
             x{2_}
              x{6800A4BAF36B13E3AE770F28659A34B2D81F38859E8C08CF776F2BB4B44180438271003A7CBC3612E1CA557A9D4C735DAA85C231FC67A5E07FC0E4E6F4D6E951FB858D100E4647480608235A000000000501BD04CE949BAE4_}
           x{72B147BF15109820EFD8168BE4EEDDD9FD059151BB2F4AAA2584DA793443424BA5093493118DF1D65B5F9784447BB48BB62C159B0747E4EE6C5603335EC403D729}
           x{040901119EF8987516A211_}
            x{4D7F2C0AF1E00000000000000002E500000000000000000000000000000000000000000000000000000000000000000000000000000000000000000000000000000000000000000000000000000000}
            x{C9861A804C104698000000000006000200000004520F5BFAE2DB811E659CF17FB03F2335C3023F4A4B88DDB137FBD366D6D178EA40902C14_},
          hash: [Function: hash],
          blockchainLogs: '[ 4][t 0][2024-10-30 23:27:19.993000][transaction.cpp:443]\tunpacking account 525D79B589F1D73B879432CD1A596C0F9C42CF460467BBB795DA5A20C021C138\n' +
            '[ 4][t 0][2024-10-30 23:27:19.993000][transaction.cpp:274]\tlast_paid=1732922839; cells=234 bits=84033 public_cells=0\n' +
            '[ 4][t 0][2024-10-30 23:27:19.993000][transaction.cpp:504]\tend of Account.unpack() for 0:525D79B589F1D73B879432CD1A596C0F9C42CF460467BBB795DA5A20C021C138 (balance = 2100000000ng ; last_trans_lt = 38000000..38000005)\n' +
            '[ 4][t 0][2024-10-30 23:27:19.993000][transaction.cpp:3655]\tblock random seed set to 0000000000000000000000000000000000000000000000000000000000000000\n' +
            '[ 4][t 0][2024-10-30 23:27:19.993000][transaction.cpp:1236]\tgas limits: max=1000000, limit=179320, credit=0\n' +
            '[ 4][t 0][2024-10-30 23:27:19.993000][transaction.cpp:1575]\tin_msg_state is null\n' +
            '[ 4][t 0][2024-10-30 23:27:19.993000][transaction.cpp:1645]\tcreating VM\n' +
            '[ 4][t 0][2024-10-30 23:27:19.993000][transaction.cpp:1351]\tSmartContractInfo initialized with [ 124711402 0 0 1732922839 42000000 42000000 14068792954309835536948273256715513127174070948738620016199408580766834334284 [ 2171728098 (null) ] CS{Cell{0271c00525d79b589f1d73b879432cd1a596c0f9c42cf460467bbb795da5a20c021c1383d4c05210433a526eb800000000090f56151f4add401340} bits: 1..268; refs: 0..0} C{A7EC01478F770EF8F8B037CC7E42F0ABF0D85A50E1828C2394DAD1411691F2DE} C{42B6F0E46484EFC57B9508F6BA7EF42E7512023D5CB4ED5628DD1C7755D16E9D} [ 71728098 (null) ] 0 (null) [ CS{Cell{004dd06600000000000000000000000080000000000000fa00000000000001f4000000000003d09040} bits: 9..305; refs: 0..0} (null) CS{Cell{0094d1000000000000006400000000000f4240de000000002710000000000000000f42400000000002160ec0000000000000271000000000002625a00000000005f5e100000000003b9aca00} bits: 0..592; refs: 0..0} CS{Cell{0094d100000000000000640000000000009c40de000000000190000000000000000f424000000000000f4240000000000000271000000000009896800000000005f5e100000000003b9aca00} bits: 0..592; refs: 0..0} CS{Cell{0042ea000000000098968000000000271000000000000f424000000001800055555555} bits: 0..264; refs: 0..0} CS{Cell{0042ea0000000000061a800000000001900000000000009c4000000001800055555555} bits: 0..264; refs: 0..0} (null) ] 0 (null) ]\n' +
            '[ 4][t 0][2024-10-30 23:27:19.993000][transaction.cpp:1675]\tstarting VM\n' +
            '[ 4][t 0][2024-10-30 23:27:19.994000][transaction.cpp:1680]\tVM terminated with exit code 0\n' +
            '[ 3][t 0][2024-10-30 23:27:19.994000][transaction.cpp:1702]\tsteps: 741 gas: used=27641, max=1000000, limit=179320, credit=0\n' +
            '[ 3][t 0][2024-10-30 23:27:19.994000][transaction.cpp:1704]\tout_of_gas=false, accepted=true, success=true, time=0.000775s\n' +
            '[ 4][t 0][2024-10-30 23:27:19.994000][transaction.cpp:1737]\tgas fees: 11056400 = 26214400 * 27641 /2^16 ; price=26214400; flat rate=[40000 for 100]; remaining balance=2160671698ng\n' +
            '[ 3][t 0][2024-10-30 23:27:19.994000][transaction.cpp:2678]\tin try_action_reserve_currency(0)\n' +
            '[ 4][t 0][2024-10-30 23:27:19.994000][transaction.cpp:2684]\taction_reserve_currency: mode=0, reserve=1051000000ng, balance=2160671698ng, original balance=2100000000ng\n' +
            '[ 3][t 0][2024-10-30 23:27:19.994000][transaction.cpp:2729]\tchanged remaining balance to 1109671698ng, reserved balance to 1051000000ng\n' +
            '[ 4][t 0][2024-10-30 23:27:19.994000][transaction.cpp:2448]\tstorage paid for a message: 0 cells, 0 bits\n' +
            '[ 4][t 0][2024-10-30 23:27:19.994000][transaction.cpp:2452]\tcomputed fwd fees = 400000 + 0\n' +
            '[ 4][t 0][2024-10-30 23:27:19.994000][transaction.cpp:2448]\tstorage paid for a message: 0 cells, 0 bits\n' +
            '[ 4][t 0][2024-10-30 23:27:19.994000][transaction.cpp:2452]\tcomputed fwd fees = 400000 + 0\n',
          vmLogs: 'xecute EQUAL\n' +
            'execute THROWIF 137\n' +
            'execute PUSHPOW2 10\n' +
            'execute EQUAL\n' +
            'execute THROWIFNOT 136\n' +
            'execute STSLICER\n' +
            'execute ENDC\n' +
            'execute ROT\n' +
            'execute STREF\n' +
            'execute ENDC\n' +
            'execute SWAP\n' +
            'execute STREF\n' +
            'execute implicit RET\n' +
            'execute ENDC\n' +
            'execute POP c4\n' +
            'execute implicit RET\n',
          debugLogs: '',
          events: [Array],
          parent: [Object],
          children: [Array],
          externals: []
        },
        children: [],
        externals: []
      },
      {
        address: 82932696146371031528842022915703368160952877310224391173905811460306378520268n,
        lt: 47000000n,
        prevTransactionHash: 95684777014281517041516368659956073637478992055879721699557388119199129640994n,
        prevTransactionLt: 32000000n,
        now: 1732922839,
        outMessagesCount: 0,
        oldStatus: 'active',
        endStatus: 'active',
        inMessage: { info: [Object], init: null, body: x{} },
        outMessages: Dictionary { _key: [Object], _value: [Object], _map: Map(0) {} },
        totalFees: { coins: 274724n },
        stateUpdate: {
          oldHash: <Buffer 52 89 6d 3c 79 ab fd 0c b1 20 6a b9 ff ff 55 56 c1 bd a2 b4 22 e1 63 7c e2 64 07 43 c4 f6 e6 89>,
          newHash: <Buffer db 3e 67 46 6d c3 d0 bf 2d 02 3d 31 54 c0 36 11 d3 02 e5 1d 3e 7e 6c 9c f4 45 e6 6a 35 fc 87 8c>
        },
        description: {
          type: 'generic',
          creditFirst: false,
          storagePhase: [Object],
          creditPhase: [Object],
          computePhase: [Object],
          actionPhase: [Object],
          bouncePhase: undefined,
          aborted: false,
          destroyed: false
        },
        raw: x{7B75A3E1A6460F415CE3721F308920C4B456F3B977F39EB26CED9155308A976CC0000000002CD29C0D38BAA224907B7FED1AE2F40C12D2443406783BF3AA6A68B2D52FF5BCF15A0220000000001E84800674A4DD7000146086248}
         x{A_}
          x{6800A4BAF36B13E3AE770F28659A34B2D81F38859E8C08CF776F2BB4B44180438271002DD68F8699183D05738DC87CC2248312D15BCEE5DFCE7AC9B3B64554C22A5DB310E27F66000608235A0000000005204182CE949BAE4_}
         x{7252896D3C79ABFD0CB1206AB9FFFF5556C1BDA2B422E1637CE2640743C4F6E689DB3E67466DC3D0BF2D023D3154C03611D302E51D3E7E6C9CF445E66A35FC878C}
         x{04C09395090E27F66018603C5A11_}
          x{4026AC3D090000000000000000000500000000000000000000000000000000000000000000000000000000000000000000000000000000000000000000000000000000000000000000000000000000}
          x{C00000000000000000000000012D452DA449E50B8CF7DD27861F146122AFE1B546BB8B70FC8216F0C614139F8E04_},
        hash: [Function: hash],
        blockchainLogs: '[ 4][t 0][2024-10-30 23:27:20.006000][transaction.cpp:443]\tunpacking account B75A3E1A6460F415CE3721F308920C4B456F3B977F39EB26CED9155308A976CC\n' +
          '[ 4][t 0][2024-10-30 23:27:20.006000][transaction.cpp:274]\tlast_paid=1730330839; cells=6 bits=821 public_cells=0\n' +
          '[ 4][t 0][2024-10-30 23:27:20.006000][transaction.cpp:504]\tend of Account.unpack() for 0:B75A3E1A6460F415CE3721F308920C4B456F3B977F39EB26CED9155308A976CC (balance = 999998880613600ng ; last_trans_lt = 32000000..32000001)\n' +
          '[ 4][t 0][2024-10-30 23:27:20.006000][transaction.cpp:3655]\tblock random seed set to 0000000000000000000000000000000000000000000000000000000000000000\n' +
          '[ 4][t 0][2024-10-30 23:27:20.006000][transaction.cpp:1236]\tgas limits: max=1000000, limit=1000000, credit=0\n' +
          '[ 4][t 0][2024-10-30 23:27:20.006000][transaction.cpp:1575]\tin_msg_state is null\n' +
          '[ 4][t 0][2024-10-30 23:27:20.006000][transaction.cpp:1645]\tcreating VM\n' +
          '[ 4][t 0][2024-10-30 23:27:20.006000][transaction.cpp:1351]\tSmartContractInfo initialized with [ 124711402 0 0 1732922839 47000000 47000000 21122878255675644108446800642276849919927819785129319861439300423341550034363 [ 999999830462476 (null) ] CS{Cell{0275c00b75a3e1a6460f415ce3721f308920c4b456f3b977f39eb26ced9155308a976cc20c80cd43391606b80000000007a12005c0e35f988381381340} bits: 1..268; refs: 0..0} C{A7EC01478F770EF8F8B037CC7E42F0ABF0D85A50E1828C2394DAD1411691F2DE} C{D992502B94EA96E7B34E5D62FFB0C6FC73D78B3E61F11F0848FB3A1EB1AFC912} [ 950000000 (null) ] 151124 (null) [ CS{Cell{004dd06600000000000000000000000080000000000000fa00000000000001f4000000000003d09040} bits: 9..305; refs: 0..0} (null) CS{Cell{0094d1000000000000006400000000000f4240de000000002710000000000000000f42400000000002160ec0000000000000271000000000002625a00000000005f5e100000000003b9aca00} bits: 0..592; refs: 0..0} CS{Cell{0094d100000000000000640000000000009c40de000000000190000000000000000f424000000000000f4240000000000000271000000000009896800000000005f5e100000000003b9aca00} bits: 0..592; refs: 0..0} CS{Cell{0042ea000000000098968000000000271000000000000f424000000001800055555555} bits: 0..264; refs: 0..0} CS{Cell{0042ea0000000000061a800000000001900000000000009c4000000001800055555555} bits: 0..264; refs: 0..0} (null) ] 0 (null) ]\n' +
          '[ 4][t 0][2024-10-30 23:27:20.006000][transaction.cpp:1675]\tstarting VM\n' +
          '[ 4][t 0][2024-10-30 23:27:20.006000][transaction.cpp:1680]\tVM terminated with exit code 0\n' +
          '[ 3][t 0][2024-10-30 23:27:20.007000][transaction.cpp:1702]\tsteps: 5 gas: used=309, max=1000000, limit=1000000, credit=0\n' +
          '[ 3][t 0][2024-10-30 23:27:20.007000][transaction.cpp:1704]\tout_of_gas=false, accepted=true, success=true, time=0.000016s\n' +
          '[ 4][t 0][2024-10-30 23:27:20.007000][transaction.cpp:1737]\tgas fees: 123600 = 26214400 * 309 /2^16 ; price=26214400; flat rate=[40000 for 100]; remaining balance=999999830338876ng\n',
        vmLogs: 'execute SETCP 0\n' +
          'execute DICTPUSHCONST 19 (xC_,1)\n' +
          'execute DICTIGETJMPZ\n' +
          'execute DROP\n' +
          'execute implicit RET\n',
        debugLogs: '',
        events: [],
        parent: {
          address: 37254810366437813475271750514734067285117962570475561289538093995582013161784n,
          lt: 43000000n,
          prevTransactionHash: 19217265519330177291440797402534392153265055697743605302787784025668135440787n,
          prevTransactionLt: 42000000n,
          now: 1732922839,
          outMessagesCount: 2,
          oldStatus: 'active',
          endStatus: 'active',
          inMessage: [Object],
          outMessages: [Dictionary],
          totalFees: [Object],
          stateUpdate: [Object],
          description: [Object],
          raw: x{7525D79B589F1D73B879432CD1A596C0F9C42CF460467BBB795DA5A20C021C13800000000029020C02A7C963AA30DB617BFD94E238A703F1CDA0ACA6EDEBD125D0C741F42422C5193000000000280DE80674A4DD700054750B3CC}
           x{E_}
            x{6801C25D36B535BEF92116226484A49D03E01E5050FFC3053F6C298C080280A4EEF90014975E6D627C75CEE1E50CB346965B03E710B3D18119EEEDE57696883008704E101119EF88060DFF5E0000000004C4B402CE949BAEC_}
             x{2A004A0500000000000000010000000000000000000000000000000000000000000000000000000000000000400B75A3E1A6460F415CE3721F308920C4B456F3B977F39EB26CED9155308A976CC}
            x{DD_}
             x{2_}
              x{6800A4BAF36B13E3AE770F28659A34B2D81F38859E8C08CF776F2BB4B44180438271002DD68F8699183D05738DC87CC2248312D15BCEE5DFCE7AC9B3B64554C22A5DB310E27F66000608235A0000000005204182CE949BAE4_}
             x{2_}
              x{6800A4BAF36B13E3AE770F28659A34B2D81F38859E8C08CF776F2BB4B44180438271003A7CBC3612E1CA557A9D4C735DAA85C231FC67A5E07FC0E4E6F4D6E951FB858D100E57FA880608235A0000000005204184CE949BAE4_}
           x{72093493118DF1D65B5F9784447BB48BB62C159B0747E4EE6C5603335EC403D729360B974F429C9D05FBA226CB34062A2E2917CD14C6F7CB5A323688E4FAF9C5A1}
           x{040901119EF89874890811_}
            x{4D248C0AF1E00000000000000002E500000000000000000000000000000000000000000000000000000000000000000000000000000000000000000000000000000000000000000000000000000000}
            x{C9861A804C10469800000000000600020000000450AF9D9EE3726931F26D844A6FCC649C60C9C4AD99D34E111DD9BC6BD3DB3ADC40902C14_},
          hash: [Function: hash],
          blockchainLogs: '[ 4][t 0][2024-10-30 23:27:19.997000][transaction.cpp:443]\tunpacking account 525D79B589F1D73B879432CD1A596C0F9C42CF460467BBB795DA5A20C021C138\n' +
            '[ 4][t 0][2024-10-30 23:27:19.997000][transaction.cpp:274]\tlast_paid=1732922839; cells=231 bits=83982 public_cells=0\n' +
            '[ 4][t 0][2024-10-30 23:27:19.997000][transaction.cpp:504]\tend of Account.unpack() for 0:525D79B589F1D73B879432CD1A596C0F9C42CF460467BBB795DA5A20C021C138 (balance = 1051000000ng ; last_trans_lt = 42000000..42000003)\n' +
            '[ 4][t 0][2024-10-30 23:27:19.997000][transaction.cpp:3655]\tblock random seed set to 0000000000000000000000000000000000000000000000000000000000000000\n' +
            '[ 4][t 0][2024-10-30 23:27:19.997000][transaction.cpp:1236]\tgas limits: max=1000000, limit=179320, credit=0\n' +
            '[ 4][t 0][2024-10-30 23:27:19.997000][transaction.cpp:1575]\tin_msg_state is null\n' +
            '[ 4][t 0][2024-10-30 23:27:19.997000][transaction.cpp:1645]\tcreating VM\n' +
            '[ 4][t 0][2024-10-30 23:27:19.997000][transaction.cpp:1351]\tSmartContractInfo initialized with [ 124711402 0 0 1732922839 43000000 43000000 14068792954309835536948273256715513127174070948738620016199408580766834334284 [ 1122728098 (null) ] CS{Cell{0271c00525d79b589f1d73b879432cd1a596c0f9c42cf460467bbb795da5a20c021c1383cec05203833a526eb8000000000a037a0d0fa93f301340} bits: 1..268; refs: 0..0} C{A7EC01478F770EF8F8B037CC7E42F0ABF0D85A50E1828C2394DAD1411691F2DE} C{42B6F0E46484EFC57B9508F6BA7EF42E7512023D5CB4ED5628DD1C7755D16E9D} [ 71728098 (null) ] 0 (null) [ CS{Cell{004dd06600000000000000000000000080000000000000fa00000000000001f4000000000003d09040} bits: 9..305; refs: 0..0} (null) CS{Cell{0094d1000000000000006400000000000f4240de000000002710000000000000000f42400000000002160ec0000000000000271000000000002625a00000000005f5e100000000003b9aca00} bits: 0..592; refs: 0..0} CS{Cell{0094d100000000000000640000000000009c40de000000000190000000000000000f424000000000000f4240000000000000271000000000009896800000000005f5e100000000003b9aca00} bits: 0..592; refs: 0..0} CS{Cell{0042ea000000000098968000000000271000000000000f424000000001800055555555} bits: 0..264; refs: 0..0} CS{Cell{0042ea0000000000061a800000000001900000000000009c4000000001800055555555} bits: 0..264; refs: 0..0} (null) ] 0 (null) ]\n' +
            '[ 4][t 0][2024-10-30 23:27:19.998000][transaction.cpp:1675]\tstarting VM\n' +
            '[ 4][t 0][2024-10-30 23:27:19.999000][transaction.cpp:1680]\tVM terminated with exit code 0\n' +
            '[ 3][t 0][2024-10-30 23:27:19.999000][transaction.cpp:1702]\tsteps: 741 gas: used=26916, max=1000000, limit=179320, credit=0\n' +
            '[ 3][t 0][2024-10-30 23:27:19.999000][transaction.cpp:1704]\tout_of_gas=false, accepted=true, success=true, time=0.000936s\n' +
            '[ 4][t 0][2024-10-30 23:27:19.999000][transaction.cpp:1737]\tgas fees: 10766400 = 26214400 * 26916 /2^16 ; price=26214400; flat rate=[40000 for 100]; remaining balance=1111961698ng\n' +
            '[ 3][t 0][2024-10-30 23:27:19.999000][transaction.cpp:2678]\tin try_action_reserve_currency(0)\n' +
            '[ 4][t 0][2024-10-30 23:27:19.999000][transaction.cpp:2684]\taction_reserve_currency: mode=0, reserve=101000000ng, balance=1111961698ng, original balance=1051000000ng\n' +
            '[ 3][t 0][2024-10-30 23:27:19.999000][transaction.cpp:2729]\tchanged remaining balance to 1010961698ng, reserved balance to 101000000ng\n' +
            '[ 4][t 0][2024-10-30 23:27:19.999000][transaction.cpp:2448]\tstorage paid for a message: 0 cells, 0 bits\n' +
            '[ 4][t 0][2024-10-30 23:27:19.999000][transaction.cpp:2452]\tcomputed fwd fees = 400000 + 0\n' +
            '[ 4][t 0][2024-10-30 23:27:19.999000][transaction.cpp:2448]\tstorage paid for a message: 0 cells, 0 bits\n' +
            '[ 4][t 0][2024-10-30 23:27:19.999000][transaction.cpp:2452]\tcomputed fwd fees = 400000 + 0\n',
          vmLogs: 'xecute EQUAL\n' +
            'execute THROWIF 137\n' +
            'execute PUSHPOW2 10\n' +
            'execute EQUAL\n' +
            'execute THROWIFNOT 136\n' +
            'execute STSLICER\n' +
            'execute ENDC\n' +
            'execute ROT\n' +
            'execute STREF\n' +
            'execute ENDC\n' +
            'execute SWAP\n' +
            'execute STREF\n' +
            'execute implicit RET\n' +
            'execute ENDC\n' +
            'execute POP c4\n' +
            'execute implicit RET\n',
          debugLogs: '',
          events: [Array],
          parent: [Object],
          children: [Array],
          externals: []
        },
        children: [],
        externals: []
      },
      {
        address: 105818132960003171416304597453717637701794574747475969910003481004036112389684n,
        lt: 48000000n,
        prevTransactionHash: 95181738740751871078942994237790107481164642341388622080815929492284333386666n,
        prevTransactionLt: 46000000n,
        now: 1732922839,
        outMessagesCount: 0,
        oldStatus: 'active',
        endStatus: 'active',
        inMessage: { info: [Object], init: null, body: x{} },
        outMessages: Dictionary { _key: [Object], _value: [Object], _map: Map(0) {} },
        totalFees: { coins: 123600n },
        stateUpdate: {
          oldHash: <Buffer df 05 a0 ae c6 00 62 c3 d1 3b 2f 17 10 8d f5 8f 36 b8 2f ef d1 44 c1 e5 e1 25 f8 a2 23 e4 0a d3>,
          newHash: <Buffer 2a 4e 47 de a4 15 96 18 c3 3f db 85 9e 85 ce 21 dd f2 24 bc fc 0b c9 1a ed 40 2d 82 28 75 83 12>
        },
        description: {
          type: 'generic',
          creditFirst: false,
          storagePhase: [Object],
          creditPhase: [Object],
          computePhase: [Object],
          actionPhase: [Object],
          bouncePhase: undefined,
          aborted: false,
          destroyed: false
        },
        raw: x{7E9F2F0D84B872955EA7531CD76AA1708C7F19E9781FF03939BD35BA547EE16340000000002DC6C00D26EF47BB404F41E2D0B21AE2790BB8F7B6296B8FF5CCB0575B4229E5C846BAA0000000002BDE780674A4DD700014603C5A0}
         x{A_}
          x{6800A4BAF36B13E3AE770F28659A34B2D81F38859E8C08CF776F2BB4B44180438271003A7CBC3612E1CA557A9D4C735DAA85C231FC67A5E07FC0E4E6F4D6E951FB858D100E57FA880608235A0000000005204184CE949BAE4_}
         x{72DF05A0AEC60062C3D13B2F17108DF58F36B82FEFD144C1E5E125F8A223E40AD32A4E47DEA4159618C33FDB859E85CE21DDF224BCFC0BC91AED402D8228758312}
         x{040900E57FA898603C5A11_}
          x{4026AC092E1000000000000000000500000000000000000000000000000000000000000000000000000000000000000000000000000000000000000000000000000000000000000000000000000000}
          x{C00000000000000000000000012D452DA449E50B8CF7DD27861F146122AFE1B546BB8B70FC8216F0C614139F8E04_},
        hash: [Function: hash],
        blockchainLogs: '[ 4][t 0][2024-10-30 23:27:20.008000][transaction.cpp:443]\tunpacking account E9F2F0D84B872955EA7531CD76AA1708C7F19E9781FF03939BD35BA547EE1634\n' +
          '[ 4][t 0][2024-10-30 23:27:20.008000][transaction.cpp:274]\tlast_paid=1732922839; cells=6 bits=821 public_cells=0\n' +
          '[ 4][t 0][2024-10-30 23:27:20.008000][transaction.cpp:504]\tend of Account.unpack() for 0:E9F2F0D84B872955EA7531CD76AA1708C7F19E9781FF03939BD35BA547EE1634 (balance = 999999854620705ng ; last_trans_lt = 46000000..46000001)\n' +
          '[ 4][t 0][2024-10-30 23:27:20.008000][transaction.cpp:3655]\tblock random seed set to 0000000000000000000000000000000000000000000000000000000000000000\n' +
          '[ 4][t 0][2024-10-30 23:27:20.008000][transaction.cpp:1236]\tgas limits: max=1000000, limit=150404, credit=0\n' +
          '[ 4][t 0][2024-10-30 23:27:20.008000][transaction.cpp:1575]\tin_msg_state is null\n' +
          '[ 4][t 0][2024-10-30 23:27:20.008000][transaction.cpp:1645]\tcreating VM\n' +
          '[ 4][t 0][2024-10-30 23:27:20.008000][transaction.cpp:1351]\tSmartContractInfo initialized with [ 124711402 0 0 1732922839 48000000 48000000 60210483465141978598827679003117970236339845468170532052053411751718225576024 [ 999999914782403 (null) ] CS{Cell{0275c00e9f2f0d84b872955ea7531cd76aa1708c7f19e9781ff03939bd35ba547ee163420c80cd433a526eb8000000000af79e05c0e35fa7070c085340} bits: 1..268; refs: 0..0} C{A7EC01478F770EF8F8B037CC7E42F0ABF0D85A50E1828C2394DAD1411691F2DE} C{D992502B94EA96E7B34E5D62FFB0C6FC73D78B3E61F11F0848FB3A1EB1AFC912} [ 60161698 (null) ] 0 (null) [ CS{Cell{004dd06600000000000000000000000080000000000000fa00000000000001f4000000000003d09040} bits: 9..305; refs: 0..0} (null) CS{Cell{0094d1000000000000006400000000000f4240de000000002710000000000000000f42400000000002160ec0000000000000271000000000002625a00000000005f5e100000000003b9aca00} bits: 0..592; refs: 0..0} CS{Cell{0094d100000000000000640000000000009c40de000000000190000000000000000f424000000000000f4240000000000000271000000000009896800000000005f5e100000000003b9aca00} bits: 0..592; refs: 0..0} CS{Cell{0042ea000000000098968000000000271000000000000f424000000001800055555555} bits: 0..264; refs: 0..0} CS{Cell{0042ea0000000000061a800000000001900000000000009c4000000001800055555555} bits: 0..264; refs: 0..0} (null) ] 0 (null) ]\n' +
          '[ 4][t 0][2024-10-30 23:27:20.008000][transaction.cpp:1675]\tstarting VM\n' +
          '[ 4][t 0][2024-10-30 23:27:20.008000][transaction.cpp:1680]\tVM terminated with exit code 0\n' +
          '[ 3][t 0][2024-10-30 23:27:20.008000][transaction.cpp:1702]\tsteps: 5 gas: used=309, max=1000000, limit=150404, credit=0\n' +
          '[ 3][t 0][2024-10-30 23:27:20.008000][transaction.cpp:1704]\tout_of_gas=false, accepted=true, success=true, time=0.000016s\n' +
          '[ 4][t 0][2024-10-30 23:27:20.008000][transaction.cpp:1737]\tgas fees: 123600 = 26214400 * 309 /2^16 ; price=26214400; flat rate=[40000 for 100]; remaining balance=999999914658803ng\n',
        vmLogs: 'execute SETCP 0\n' +
          'execute DICTPUSHCONST 19 (xC_,1)\n' +
          'execute DICTIGETJMPZ\n' +
          'execute DROP\n' +
          'execute implicit RET\n',
        debugLogs: '',
        events: [],
        parent: {
          address: 37254810366437813475271750514734067285117962570475561289538093995582013161784n,
          lt: 43000000n,
          prevTransactionHash: 19217265519330177291440797402534392153265055697743605302787784025668135440787n,
          prevTransactionLt: 42000000n,
          now: 1732922839,
          outMessagesCount: 2,
          oldStatus: 'active',
          endStatus: 'active',
          inMessage: [Object],
          outMessages: [Dictionary],
          totalFees: [Object],
          stateUpdate: [Object],
          description: [Object],
          raw: x{7525D79B589F1D73B879432CD1A596C0F9C42CF460467BBB795DA5A20C021C13800000000029020C02A7C963AA30DB617BFD94E238A703F1CDA0ACA6EDEBD125D0C741F42422C5193000000000280DE80674A4DD700054750B3CC}
           x{E_}
            x{6801C25D36B535BEF92116226484A49D03E01E5050FFC3053F6C298C080280A4EEF90014975E6D627C75CEE1E50CB346965B03E710B3D18119EEEDE57696883008704E101119EF88060DFF5E0000000004C4B402CE949BAEC_}
             x{2A004A0500000000000000010000000000000000000000000000000000000000000000000000000000000000400B75A3E1A6460F415CE3721F308920C4B456F3B977F39EB26CED9155308A976CC}
            x{DD_}
             x{2_}
              x{6800A4BAF36B13E3AE770F28659A34B2D81F38859E8C08CF776F2BB4B44180438271002DD68F8699183D05738DC87CC2248312D15BCEE5DFCE7AC9B3B64554C22A5DB310E27F66000608235A0000000005204182CE949BAE4_}
             x{2_}
              x{6800A4BAF36B13E3AE770F28659A34B2D81F38859E8C08CF776F2BB4B44180438271003A7CBC3612E1CA557A9D4C735DAA85C231FC67A5E07FC0E4E6F4D6E951FB858D100E57FA880608235A0000000005204184CE949BAE4_}
           x{72093493118DF1D65B5F9784447BB48BB62C159B0747E4EE6C5603335EC403D729360B974F429C9D05FBA226CB34062A2E2917CD14C6F7CB5A323688E4FAF9C5A1}
           x{040901119EF89874890811_}
            x{4D248C0AF1E00000000000000002E500000000000000000000000000000000000000000000000000000000000000000000000000000000000000000000000000000000000000000000000000000000}
            x{C9861A804C10469800000000000600020000000450AF9D9EE3726931F26D844A6FCC649C60C9C4AD99D34E111DD9BC6BD3DB3ADC40902C14_},
          hash: [Function: hash],
          blockchainLogs: '[ 4][t 0][2024-10-30 23:27:19.997000][transaction.cpp:443]\tunpacking account 525D79B589F1D73B879432CD1A596C0F9C42CF460467BBB795DA5A20C021C138\n' +
            '[ 4][t 0][2024-10-30 23:27:19.997000][transaction.cpp:274]\tlast_paid=1732922839; cells=231 bits=83982 public_cells=0\n' +
            '[ 4][t 0][2024-10-30 23:27:19.997000][transaction.cpp:504]\tend of Account.unpack() for 0:525D79B589F1D73B879432CD1A596C0F9C42CF460467BBB795DA5A20C021C138 (balance = 1051000000ng ; last_trans_lt = 42000000..42000003)\n' +
            '[ 4][t 0][2024-10-30 23:27:19.997000][transaction.cpp:3655]\tblock random seed set to 0000000000000000000000000000000000000000000000000000000000000000\n' +
            '[ 4][t 0][2024-10-30 23:27:19.997000][transaction.cpp:1236]\tgas limits: max=1000000, limit=179320, credit=0\n' +
            '[ 4][t 0][2024-10-30 23:27:19.997000][transaction.cpp:1575]\tin_msg_state is null\n' +
            '[ 4][t 0][2024-10-30 23:27:19.997000][transaction.cpp:1645]\tcreating VM\n' +
            '[ 4][t 0][2024-10-30 23:27:19.997000][transaction.cpp:1351]\tSmartContractInfo initialized with [ 124711402 0 0 1732922839 43000000 43000000 14068792954309835536948273256715513127174070948738620016199408580766834334284 [ 1122728098 (null) ] CS{Cell{0271c00525d79b589f1d73b879432cd1a596c0f9c42cf460467bbb795da5a20c021c1383cec05203833a526eb8000000000a037a0d0fa93f301340} bits: 1..268; refs: 0..0} C{A7EC01478F770EF8F8B037CC7E42F0ABF0D85A50E1828C2394DAD1411691F2DE} C{42B6F0E46484EFC57B9508F6BA7EF42E7512023D5CB4ED5628DD1C7755D16E9D} [ 71728098 (null) ] 0 (null) [ CS{Cell{004dd06600000000000000000000000080000000000000fa00000000000001f4000000000003d09040} bits: 9..305; refs: 0..0} (null) CS{Cell{0094d1000000000000006400000000000f4240de000000002710000000000000000f42400000000002160ec0000000000000271000000000002625a00000000005f5e100000000003b9aca00} bits: 0..592; refs: 0..0} CS{Cell{0094d100000000000000640000000000009c40de000000000190000000000000000f424000000000000f4240000000000000271000000000009896800000000005f5e100000000003b9aca00} bits: 0..592; refs: 0..0} CS{Cell{0042ea000000000098968000000000271000000000000f424000000001800055555555} bits: 0..264; refs: 0..0} CS{Cell{0042ea0000000000061a800000000001900000000000009c4000000001800055555555} bits: 0..264; refs: 0..0} (null) ] 0 (null) ]\n' +
            '[ 4][t 0][2024-10-30 23:27:19.998000][transaction.cpp:1675]\tstarting VM\n' +
            '[ 4][t 0][2024-10-30 23:27:19.999000][transaction.cpp:1680]\tVM terminated with exit code 0\n' +
            '[ 3][t 0][2024-10-30 23:27:19.999000][transaction.cpp:1702]\tsteps: 741 gas: used=26916, max=1000000, limit=179320, credit=0\n' +
            '[ 3][t 0][2024-10-30 23:27:19.999000][transaction.cpp:1704]\tout_of_gas=false, accepted=true, success=true, time=0.000936s\n' +
            '[ 4][t 0][2024-10-30 23:27:19.999000][transaction.cpp:1737]\tgas fees: 10766400 = 26214400 * 26916 /2^16 ; price=26214400; flat rate=[40000 for 100]; remaining balance=1111961698ng\n' +
            '[ 3][t 0][2024-10-30 23:27:19.999000][transaction.cpp:2678]\tin try_action_reserve_currency(0)\n' +
            '[ 4][t 0][2024-10-30 23:27:19.999000][transaction.cpp:2684]\taction_reserve_currency: mode=0, reserve=101000000ng, balance=1111961698ng, original balance=1051000000ng\n' +
            '[ 3][t 0][2024-10-30 23:27:19.999000][transaction.cpp:2729]\tchanged remaining balance to 1010961698ng, reserved balance to 101000000ng\n' +
            '[ 4][t 0][2024-10-30 23:27:19.999000][transaction.cpp:2448]\tstorage paid for a message: 0 cells, 0 bits\n' +
            '[ 4][t 0][2024-10-30 23:27:19.999000][transaction.cpp:2452]\tcomputed fwd fees = 400000 + 0\n' +
            '[ 4][t 0][2024-10-30 23:27:19.999000][transaction.cpp:2448]\tstorage paid for a message: 0 cells, 0 bits\n' +
            '[ 4][t 0][2024-10-30 23:27:19.999000][transaction.cpp:2452]\tcomputed fwd fees = 400000 + 0\n',
          vmLogs: 'xecute EQUAL\n' +
            'execute THROWIF 137\n' +
            'execute PUSHPOW2 10\n' +
            'execute EQUAL\n' +
            'execute THROWIFNOT 136\n' +
            'execute STSLICER\n' +
            'execute ENDC\n' +
            'execute ROT\n' +
            'execute STREF\n' +
            'execute ENDC\n' +
            'execute SWAP\n' +
            'execute STREF\n' +
            'execute implicit RET\n' +
            'execute ENDC\n' +
            'execute POP c4\n' +
            'execute implicit RET\n',
          debugLogs: '',
          events: [Array],
          parent: [Object],
          children: [Array],
          externals: []
        },
        children: [],
        externals: []
      }
    ]

      at proceedDeal (tests/MarketTon.spec.ts:2082:17)

  console.log
    [
      {
        type: 'message_sent',
        from: EQDp8vDYS4cpVep1Mc12qhcIx_Gel4H_A5Ob01ulR-4WNMml,
        to: EQBSXXm1ifHXO4eUMs0aWWwPnELPRgRnu7eV2logwCHBOBBt,
        value: 1000000000n,
        body: x{E9626FBA000000000000000000000000}
         x{03DF94AA22408F0D180000001937A400FD84_}
         x{03DF94AA23405F5E100000001937A400FD84_},
        bounced: false
      },
      {
        type: 'message_sent',
        from: EQBSXXm1ifHXO4eUMs0aWWwPnELPRgRnu7eV2logwCHBOBBt,
        to: EQASWIYDJyUJTnnETBq5ZC_hy_G_TXfbJcNF3b56jIC81Pj2,
        value: 982832763n,
        body: x{03DF94AA000000000000000022408F0D180000001937A400FD811A02FAF080000000C9BD2007EC2_}
         x{},
        bounced: false
      },
      {
        type: 'message_sent',
        from: EQASWIYDJyUJTnnETBq5ZC_hy_G_TXfbJcNF3b56jIC81Pj2,
        to: EQBSXXm1ifHXO4eUMs0aWWwPnELPRgRnu7eV2logwCHBOBBt,
        value: 978464763n,
        body: x{935FA9D10000000000000000}
         x{00000000000000000000000000000000000000000000000000000000000000220000000000000000000000000000000000000000000000000000000008F0D18001937A400FD8}
         x{00000000000000000000000000000000000000000000000000000000000000230000000000000000000000000000000000000000000000000000000005F5E10001937A400FD8},
        bounced: false
      },
      {
        type: 'message_sent',
        from: EQBSXXm1ifHXO4eUMs0aWWwPnELPRgRnu7eV2logwCHBOBBt,
        to: EQC50kw8CkUnsCDgJcqVYTHF61CBKRFXwl_Xlh3y0DobarlX,
        value: 966133163n,
        body: x{E601F8E50000000000000000},
        bounced: false
      },
      {
        type: 'message_sent',
        from: EQC50kw8CkUnsCDgJcqVYTHF61CBKRFXwl_Xlh3y0DobarlX,
        to: EQBSXXm1ifHXO4eUMs0aWWwPnELPRgRnu7eV2logwCHBOBBt,
        value: 960892531n,
        body: x{B687AB17000000000000000000000000}
         x{02202FAF080202FAF08021DCD65001CC4B4021DCD65003391606BB397F7EBB391606BB3A526EB80000000800000004_}
          x{801028CD38D6A9FB165BB1D27554DCBBC8B7A064E07EF4C3832956828113614F545_},
        bounced: false
      },
      {
        type: 'message_sent',
        from: EQBSXXm1ifHXO4eUMs0aWWwPnELPRgRnu7eV2logwCHBOBBt,
        to: EQB8zyeA4NPhsLaAWbQISwSmjIdCNXRcbQIB1i89IhjxNhei,
        value: 67521600n,
        body: x{BC26F4C80000000000000000},
        bounced: false
      },
      {
        type: 'message_sent',
        from: EQBSXXm1ifHXO4eUMs0aWWwPnELPRgRnu7eV2logwCHBOBBt,
        to: EQDhLptamt98kIsRMkJSToHwDygof-GCn7YUxgQBQFJ3fLZb,
        value: 67521600n,
        body: x{BC26F4C80000000000000001},
        bounced: false
      },
      {
        type: 'message_sent',
        from: EQBSXXm1ifHXO4eUMs0aWWwPnELPRgRnu7eV2logwCHBOBBt,
        to: EQC50kw8CkUnsCDgJcqVYTHF61CBKRFXwl_Xlh3y0DobarlX,
        value: 791210531n,
        body: x{B8A3AA140000000000000000801D3E5E1B0970E52ABD4EA639AED542E118FE33D2F03FE072737A6B74A8FDC2C69_},
        bounced: false
      },
      {
        type: 'message_sent',
        from: EQB8zyeA4NPhsLaAWbQISwSmjIdCNXRcbQIB1i89IhjxNhei,
        to: EQBSXXm1ifHXO4eUMs0aWWwPnELPRgRnu7eV2logwCHBOBBt,
        value: 71728098n,
        body: x{2A004A0500000000000000000000000000000000000000000000000000000000000000000000000000000000C00814669C6B54FD8B2DD8E93AAA6E5DE45BD032703F7A61C194AB414089B0A7AA2},
        bounced: false
      },
      {
        type: 'message_sent',
        from: EQDhLptamt98kIsRMkJSToHwDygof-GCn7YUxgQBQFJ3fLZb,
        to: EQBSXXm1ifHXO4eUMs0aWWwPnELPRgRnu7eV2logwCHBOBBt,
        value: 71728098n,
        body: x{2A004A0500000000000000010000000000000000000000000000000000000000000000000000000000000000400B75A3E1A6460F415CE3721F308920C4B456F3B977F39EB26CED9155308A976CC},
        bounced: false
      },
      {
        type: 'message_sent',
        from: EQC50kw8CkUnsCDgJcqVYTHF61CBKRFXwl_Xlh3y0DobarlX,
        to: EQDp8vDYS4cpVep1Mc12qhcIx_Gel4H_A5Ob01ulR-4WNMml,
        value: 797411731n,
        body: x{},
        bounced: false
      },
      {
        type: 'account_destroyed',
        account: EQC50kw8CkUnsCDgJcqVYTHF61CBKRFXwl_Xlh3y0DobarlX
      },
      {
        type: 'message_sent',
        from: EQBSXXm1ifHXO4eUMs0aWWwPnELPRgRnu7eV2logwCHBOBBt,
        to: EQCBRmnGtU_Yst2Ok6qm5d5FvQMnA_emHBlKtBQImwp6oicf,
        value: 1049000000n,
        body: x{},
        bounced: false
      },
      {
        type: 'message_sent',
        from: EQBSXXm1ifHXO4eUMs0aWWwPnELPRgRnu7eV2logwCHBOBBt,
        to: EQDp8vDYS4cpVep1Mc12qhcIx_Gel4H_A5Ob01ulR-4WNMml,
        value: 59871698n,
        body: x{},
        bounced: false
      },
      {
        type: 'message_sent',
        from: EQBSXXm1ifHXO4eUMs0aWWwPnELPRgRnu7eV2logwCHBOBBt,
        to: EQC3Wj4aZGD0Fc43IfMIkgxLRW87l3856ybO2RVTCKl2zDIR,
        value: 950000000n,
        body: x{},
        bounced: false
      },
      {
        type: 'message_sent',
        from: EQBSXXm1ifHXO4eUMs0aWWwPnELPRgRnu7eV2logwCHBOBBt,
        to: EQDp8vDYS4cpVep1Mc12qhcIx_Gel4H_A5Ob01ulR-4WNMml,
        value: 60161698n,
        body: x{},
        bounced: false
      }
    ]

      at proceedDeal (tests/MarketTon.spec.ts:2083:17)

  console.log
    User fee :-0.085341197

      at proceedDeal (tests/MarketTon.spec.ts:2086:17)

